#                                                                                     --- full sequence --- -------------- this domain -------------   hmm coord   ali coord   env coord
# target name                 accession   tlen query name           accession   qlen   E-value  score  bias   #  of  c-Evalue  i-Evalue  score  bias  from    to  from    to  from    to  acc description of target
#         ------------------- ---------- ----- -------------------- ---------- ----- --------- ------ ----- --- --- --------- --------- ------ ----- ----- ----- ----- ----- ----- ----- ---- ---------------------
NC_011149.1:985819-987567|+   -            583 10523at91347         -            514  1.3e-295  978.6  23.6   1   2  1.2e-183  7.3e-182  603.4  13.7     1   309     4   326     4   334 0.97 NC_011149.1_893 # 985819 # 987567 # 1 # ID=1_893;partial=00;start_type=ATG;rbs_motif=None;rbs_spacer=None;gc_cont=0.517
NC_011149.1:985819-987567|+   -            583 10523at91347         -            514  1.3e-295  978.6  23.6   2   2  3.1e-116  1.9e-114  381.0   2.3   315   514   368   580   342   580 0.95 NC_011149.1_893 # 985819 # 987567 # 1 # ID=1_893;partial=00;start_type=ATG;rbs_motif=None;rbs_spacer=None;gc_cont=0.517
NC_011149.1:2826045-2829701|+ -           1219 10523at91347         -            514    1e-107  358.7  25.5   1   4     2e-06   0.00012   18.7   5.6    18   308    28   324    15   342 0.72 NC_011149.1_2629 # 2826045 # 2829701 # 1 # ID=1_2629;partial=00;start_type=ATG;rbs_motif=AGGAGG;rbs_spacer=3-4bp;gc_cont=0.589
NC_011149.1:2826045-2829701|+ -           1219 10523at91347         -            514    1e-107  358.7  25.5   2   4   9.4e-51   5.8e-49  164.9   0.4   309   503   359   564   355   569 0.90 NC_011149.1_2629 # 2826045 # 2829701 # 1 # ID=1_2629;partial=00;start_type=ATG;rbs_motif=AGGAGG;rbs_spacer=3-4bp;gc_cont=0.589
NC_011149.1:2826045-2829701|+ -           1219 10523at91347         -            514    1e-107  358.7  25.5   3   4   6.1e-15   3.8e-13   46.7   2.5    35   309   669   950   639   959 0.80 NC_011149.1_2629 # 2826045 # 2829701 # 1 # ID=1_2629;partial=00;start_type=ATG;rbs_motif=AGGAGG;rbs_spacer=3-4bp;gc_cont=0.589
NC_011149.1:2826045-2829701|+ -           1219 10523at91347         -            514    1e-107  358.7  25.5   4   4     3e-43   1.8e-41  140.2   0.1   315   509   993  1201   981  1206 0.86 NC_011149.1_2629 # 2826045 # 2829701 # 1 # ID=1_2629;partial=00;start_type=ATG;rbs_motif=AGGAGG;rbs_spacer=3-4bp;gc_cont=0.589
NC_011149.1:498310-500082|+   -            591 10523at91347         -            514   2.3e-73  245.4   2.3   1   2   1.7e-19   1.1e-17   61.8   2.7    48   306    54   316    10   323 0.88 NC_011149.1_444 # 498310 # 500082 # 1 # ID=1_444;partial=00;start_type=GTG;rbs_motif=AGGA;rbs_spacer=5-10bp;gc_cont=0.560
NC_011149.1:498310-500082|+   -            591 10523at91347         -            514   2.3e-73  245.4   2.3   2   2   1.1e-55   6.6e-54  181.2   0.0   307   508   352   559   343   569 0.94 NC_011149.1_444 # 498310 # 500082 # 1 # ID=1_444;partial=00;start_type=GTG;rbs_motif=AGGA;rbs_spacer=5-10bp;gc_cont=0.560
NC_011149.1:500075-501856|+   -            594 10523at91347         -            514   1.6e-67  226.2  10.5   1   2   2.5e-22   1.6e-20   71.1   2.6    76   307    93   324     3   333 0.87 NC_011149.1_445 # 500075 # 501856 # 1 # ID=1_445;partial=00;start_type=ATG;rbs_motif=AGGAG;rbs_spacer=5-10bp;gc_cont=0.577
NC_011149.1:500075-501856|+   -            594 10523at91347         -            514   1.6e-67  226.2  10.5   2   2   2.8e-49   1.7e-47  160.0   1.1   309   513   359   575   352   576 0.90 NC_011149.1_445 # 500075 # 501856 # 1 # ID=1_445;partial=00;start_type=ATG;rbs_motif=AGGAG;rbs_spacer=5-10bp;gc_cont=0.577
NC_011149.1:946968-948689|-   -            574 10523at91347         -            514   3.5e-50  168.9   0.2   1   2   7.9e-07   4.9e-05   20.0   0.4    58   291    66   301     6   330 0.65 NC_011149.1_867 # 946968 # 948689 # -1 # ID=1_867;partial=00;start_type=ATG;rbs_motif=AGGAG;rbs_spacer=5-10bp;gc_cont=0.573
NC_011149.1:946968-948689|-   -            574 10523at91347         -            514   3.5e-50  168.9   0.2   2   2   2.9e-45   1.8e-43  146.8   0.0   315   504   365   557   357   569 0.95 NC_011149.1_867 # 946968 # 948689 # -1 # ID=1_867;partial=00;start_type=ATG;rbs_motif=AGGAG;rbs_spacer=5-10bp;gc_cont=0.573
NC_011149.1:948690-950456|-   -            589 10523at91347         -            514     8e-50  167.7   0.0   1   2   3.5e-11   2.2e-09   34.3   0.4    22   252    32   267    11   328 0.84 NC_011149.1_868 # 948690 # 950456 # -1 # ID=1_868;partial=00;start_type=ATG;rbs_motif=None;rbs_spacer=None;gc_cont=0.567
NC_011149.1:948690-950456|-   -            589 10523at91347         -            514     8e-50  167.7   0.0   2   2   1.9e-40   1.2e-38  130.9   0.0   315   504   375   568   368   574 0.94 NC_011149.1_868 # 948690 # 950456 # -1 # ID=1_868;partial=00;start_type=ATG;rbs_motif=None;rbs_spacer=None;gc_cont=0.567
NC_011149.1:2285746-2287335|+ -            530 10523at91347         -            514   3.4e-41  139.3   2.5   1   2   1.7e-18     1e-16   58.5   0.3   314   500    33   238    14   244 0.75 NC_011149.1_2152 # 2285746 # 2287335 # 1 # ID=1_2152;partial=00;start_type=ATG;rbs_motif=AGxAGG/AGGxGG;rbs_spacer=5-10bp;gc_cont=0.570
NC_011149.1:2285746-2287335|+ -            530 10523at91347         -            514   3.4e-41  139.3   2.5   2   2     2e-24   1.2e-22   78.0   0.1   307   502   302   509   289   516 0.77 NC_011149.1_2152 # 2285746 # 2287335 # 1 # ID=1_2152;partial=00;start_type=ATG;rbs_motif=AGxAGG/AGGxGG;rbs_spacer=5-10bp;gc_cont=0.570
NC_011149.1:882759-884630|+   -            624 10523at91347         -            514   4.3e-33  112.5   5.7   1   2     5e-15   3.1e-13   47.0   2.0   315   502    41   252    28   259 0.70 NC_011149.1_804 # 882759 # 884630 # 1 # ID=1_804;partial=00;start_type=GTG;rbs_motif=AGGAG;rbs_spacer=5-10bp;gc_cont=0.574
NC_011149.1:882759-884630|+   -            624 10523at91347         -            514   4.3e-33  112.5   5.7   2   2   8.4e-20   5.2e-18   62.8   0.1   307   502   340   547   332   554 0.82 NC_011149.1_804 # 882759 # 884630 # 1 # ID=1_804;partial=00;start_type=GTG;rbs_motif=AGGAG;rbs_spacer=5-10bp;gc_cont=0.574
NC_011149.1:2783278-2785458|+ -            727 10523at91347         -            514   4.9e-32  109.1   8.4   1   2      0.14       8.7    2.7   7.3    57   306   215   462   170   469 0.64 NC_011149.1_2581 # 2783278 # 2785458 # 1 # ID=1_2581;partial=00;start_type=ATG;rbs_motif=GGAG/GAGG;rbs_spacer=5-10bp;gc_cont=0.566
NC_011149.1:2783278-2785458|+ -            727 10523at91347         -            514   4.9e-32  109.1   8.4   2   2   1.2e-32   7.1e-31  105.2   0.0   315   501   510   701   504   714 0.91 NC_011149.1_2581 # 2783278 # 2785458 # 1 # ID=1_2581;partial=00;start_type=ATG;rbs_motif=GGAG/GAGG;rbs_spacer=5-10bp;gc_cont=0.566
NC_011149.1:4009773-4011278|+ -            502 10523at91347         -            514   3.6e-29   99.6   0.2   1   2   1.4e-18   8.5e-17   58.8   0.0   313   499    27   221    21   230 0.80 NC_011149.1_3744 # 4009773 # 4011278 # 1 # ID=1_3744;partial=00;start_type=ATG;rbs_motif=GGAG/GAGG;rbs_spacer=5-10bp;gc_cont=0.534
NC_011149.1:4009773-4011278|+ -            502 10523at91347         -            514   3.6e-29   99.6   0.2   2   2   1.6e-12   9.9e-11   38.8   0.0   316   497   278   473   267   484 0.63 NC_011149.1_3744 # 4009773 # 4011278 # 1 # ID=1_3744;partial=00;start_type=ATG;rbs_motif=GGAG/GAGG;rbs_spacer=5-10bp;gc_cont=0.534
NC_011149.1:4418829-4420895|+ -            689 10523at91347         -            514   4.5e-27   92.7   8.3   1   2      0.04       2.5    4.5  10.6   136   274   276   416   264   449 0.83 NC_011149.1_4094 # 4418829 # 4420895 # 1 # ID=1_4094;partial=00;start_type=ATG;rbs_motif=GGAG/GAGG;rbs_spacer=5-10bp;gc_cont=0.354
NC_011149.1:4418829-4420895|+ -            689 10523at91347         -            514   4.5e-27   92.7   8.3   2   2   4.8e-26     3e-24   83.4   0.0   315   499   492   679   481   683 0.92 NC_011149.1_4094 # 4418829 # 4420895 # 1 # ID=1_4094;partial=00;start_type=ATG;rbs_motif=GGAG/GAGG;rbs_spacer=5-10bp;gc_cont=0.354
NC_011149.1:2864612-2865814|+ -            401 10523at91347         -            514     5e-25   85.9   0.4   1   1   1.1e-26   6.9e-25   85.5   0.4   315   502    53   248    37   252 0.88 NC_011149.1_2665 # 2864612 # 2865814 # 1 # ID=1_2665;partial=00;start_type=ATG;rbs_motif=4Base/6BMM;rbs_spacer=13-15bp;gc_cont=0.504
NC_011149.1:701881-702606|-   -            242 10523at91347         -            514   1.1e-24   84.8   0.0   1   1   2.2e-26   1.4e-24   84.5   0.0   313   500    24   217    13   225 0.87 NC_011149.1_640 # 701881 # 702606 # -1 # ID=1_640;partial=00;start_type=ATG;rbs_motif=AGGA;rbs_spacer=5-10bp;gc_cont=0.526
NC_011149.1:2250554-2252074|- -            507 10523at91347         -            514     3e-24   83.4   0.4   1   2   1.7e-15     1e-13   48.6   0.0   308   498    30   228    17   235 0.78 NC_011149.1_2121 # 2250554 # 2252074 # -1 # ID=1_2121;partial=00;start_type=ATG;rbs_motif=GGA/GAG/AGG;rbs_spacer=5-10bp;gc_cont=0.460
NC_011149.1:2250554-2252074|- -            507 10523at91347         -            514     3e-24   83.4   0.4   2   2     1e-10   6.2e-09   32.9   0.1   310   497   282   484   276   495 0.70 NC_011149.1_2121 # 2250554 # 2252074 # -1 # ID=1_2121;partial=00;start_type=ATG;rbs_motif=GGA/GAG/AGG;rbs_spacer=5-10bp;gc_cont=0.460
NC_011149.1:3670229-3672970|- -            914 10523at91347         -            514   6.3e-24   82.3   0.0   1   2   2.7e-12   1.7e-10   38.0   0.0   308   502    29   231    19   240 0.81 NC_011149.1_3443 # 3670229 # 3672970 # -1 # ID=1_3443;partial=00;start_type=ATG;rbs_motif=GGAG/GAGG;rbs_spacer=5-10bp;gc_cont=0.575
NC_011149.1:3670229-3672970|- -            914 10523at91347         -            514   6.3e-24   82.3   0.0   2   2   2.3e-13   1.4e-11   41.6   0.0   307   502   292   490   284   497 0.84 NC_011149.1_3443 # 3670229 # 3672970 # -1 # ID=1_3443;partial=00;start_type=ATG;rbs_motif=GGAG/GAGG;rbs_spacer=5-10bp;gc_cont=0.575
NC_011149.1:554852-555868|+   -            339 10523at91347         -            514   9.1e-24   81.8   0.2   1   1     2e-25   1.3e-23   81.3   0.2   314   502    30   225    21   235 0.84 NC_011149.1_497 # 554852 # 555868 # 1 # ID=1_497;partial=00;start_type=ATG;rbs_motif=GGAG/GAGG;rbs_spacer=5-10bp;gc_cont=0.560
NC_011149.1:933748-935694|+   -            649 10523at91347         -            514   1.2e-23   81.4   0.3   1   2   1.7e-24     1e-22   78.3   0.0   313   499    31   223    10   229 0.90 NC_011149.1_853 # 933748 # 935694 # 1 # ID=1_853;partial=00;start_type=ATG;rbs_motif=AGGAG;rbs_spacer=5-10bp;gc_cont=0.543
NC_011149.1:933748-935694|+   -            649 10523at91347         -            514   1.2e-23   81.4   0.3   2   2      0.64        40    0.5   0.2   201   249   533   581   506   595 0.84 NC_011149.1_853 # 933748 # 935694 # 1 # ID=1_853;partial=00;start_type=ATG;rbs_motif=AGGAG;rbs_spacer=5-10bp;gc_cont=0.543
NC_011149.1:3727587-3728600|- -            338 10523at91347         -            514   1.4e-23   81.1   0.0   1   1   3.7e-25   2.3e-23   80.5   0.0   292   503    25   246     6   252 0.80 NC_011149.1_3485 # 3727587 # 3728600 # -1 # ID=1_3485;partial=00;start_type=ATG;rbs_motif=GGAGG;rbs_spacer=5-10bp;gc_cont=0.573
NC_011149.1:4209888-4211423|+ -            512 10523at91347         -            514   2.8e-23   80.2   0.0   1   2   1.6e-14     1e-12   45.3   0.0   310   501    30   222    18   229 0.77 NC_011149.1_3925 # 4209888 # 4211423 # 1 # ID=1_3925;partial=00;start_type=ATG;rbs_motif=GGAGG;rbs_spacer=3-4bp;gc_cont=0.516
NC_011149.1:4209888-4211423|+ -            512 10523at91347         -            514   2.8e-23   80.2   0.0   2   2   1.6e-10   9.9e-09   32.2   0.1   315   497   288   481   279   488 0.78 NC_011149.1_3925 # 4209888 # 4211423 # 1 # ID=1_3925;partial=00;start_type=ATG;rbs_motif=GGAGG;rbs_spacer=3-4bp;gc_cont=0.516
NC_011149.1:859609-860331|-   -            241 10523at91347         -            514   3.2e-23   80.0   0.0   1   1   6.8e-25   4.2e-23   79.6   0.0   315   502    26   219    15   224 0.84 NC_011149.1_783 # 859609 # 860331 # -1 # ID=1_783;partial=00;start_type=GTG;rbs_motif=AGGA;rbs_spacer=5-10bp;gc_cont=0.521
NC_011149.1:1900976-1902112|+ -            379 10523at91347         -            514     4e-23   79.7   0.0   1   1   8.8e-25   5.4e-23   79.2   0.0   315   502    42   231    31   242 0.86 NC_011149.1_1782 # 1900976 # 1902112 # 1 # ID=1_1782;partial=00;start_type=ATG;rbs_motif=None;rbs_spacer=None;gc_cont=0.496
NC_011149.1:1163236-1163988|+ -            251 10523at91347         -            514   4.2e-23   79.6   0.0   1   1   8.6e-25   5.3e-23   79.3   0.0   315   502    28   227    15   234 0.81 NC_011149.1_1061 # 1163236 # 1163988 # 1 # ID=1_1061;partial=00;start_type=ATG;rbs_motif=AGGAG/GGAGG;rbs_spacer=11-12bp;gc_cont=0.551
NC_011149.1:917788-918516|-   -            243 10523at91347         -            514   4.3e-23   79.6   0.0   1   1   8.6e-25   5.3e-23   79.3   0.0   315   508    27   230    14   236 0.84 NC_011149.1_839 # 917788 # 918516 # -1 # ID=1_839;partial=00;start_type=ATG;rbs_motif=GGA/GAG/AGG;rbs_spacer=5-10bp;gc_cont=0.536
NC_011149.1:296762-297793|-   -            344 10523at91347         -            514   4.5e-23   79.5   0.1   1   1   9.3e-25   5.8e-23   79.1   0.1   284   502     4   224     1   231 0.82 NC_011149.1_258 # 296762 # 297793 # -1 # ID=1_258;partial=00;start_type=ATG;rbs_motif=None;rbs_spacer=None;gc_cont=0.525
NC_011149.1:845617-847353|-   -            579 10523at91347         -            514   9.6e-23   78.4   0.0   1   2   1.7e-09   1.1e-07   28.8   0.0   314   505    31   223    15   229 0.84 NC_011149.1_772 # 845617 # 847353 # -1 # ID=1_772;partial=00;start_type=ATG;rbs_motif=GGAG/GAGG;rbs_spacer=5-10bp;gc_cont=0.560
NC_011149.1:845617-847353|-   -            579 10523at91347         -            514   9.6e-23   78.4   0.0   2   2   3.9e-15   2.4e-13   47.4   0.0   307   502   345   542   295   550 0.89 NC_011149.1_772 # 845617 # 847353 # -1 # ID=1_772;partial=00;start_type=ATG;rbs_motif=GGAG/GAGG;rbs_spacer=5-10bp;gc_cont=0.560
NC_011149.1:2513986-2515083|- -            366 10523at91347         -            514     1e-21   75.0   0.0   1   1   2.3e-23   1.4e-21   74.5   0.0   315   497    27   215    18   221 0.86 NC_011149.1_2354 # 2513986 # 2515083 # -1 # ID=1_2354;partial=00;start_type=ATG;rbs_motif=AGGAG;rbs_spacer=5-10bp;gc_cont=0.579
NC_011149.1:124985-125692|-   -            236 10523at91347         -            514   1.7e-21   74.3   0.0   1   1   3.4e-23   2.1e-21   74.0   0.0   315   502    24   213     8   218 0.84 NC_011149.1_107 # 124985 # 125692 # -1 # ID=1_107;partial=00;start_type=ATG;rbs_motif=None;rbs_spacer=None;gc_cont=0.575
NC_011149.1:2223551-2224498|- -            316 10523at91347         -            514   2.1e-21   74.0   0.0   1   1   5.3e-23   3.3e-21   73.4   0.0   315   502    26   218    14   221 0.86 NC_011149.1_2096 # 2223551 # 2224498 # -1 # ID=1_2096;partial=00;start_type=ATG;rbs_motif=GGAG/GAGG;rbs_spacer=5-10bp;gc_cont=0.579
NC_011149.1:3978408-3979181|- -            258 10523at91347         -            514   3.8e-21   73.2   0.0   1   1   7.8e-23   4.8e-21   72.8   0.0   315   499    35   232    22   240 0.78 NC_011149.1_3715 # 3978408 # 3979181 # -1 # ID=1_3715;partial=00;start_type=ATG;rbs_motif=AGGA;rbs_spacer=5-10bp;gc_cont=0.521
NC_011149.1:906321-907454|+   -            378 10523at91347         -            514   4.8e-21   72.8   0.0   1   1   1.1e-22   6.6e-21   72.3   0.0   313   502    42   233    31   240 0.85 NC_011149.1_827 # 906321 # 907454 # 1 # ID=1_827;partial=00;start_type=GTG;rbs_motif=GGAG/GAGG;rbs_spacer=5-10bp;gc_cont=0.544
NC_011149.1:545359-546036|+   -            226 10523at91347         -            514   8.5e-21   72.0   0.0   1   1   1.7e-22   1.1e-20   71.6   0.0   308   492    24   210    17   220 0.84 NC_011149.1_487 # 545359 # 546036 # 1 # ID=1_487;partial=00;start_type=ATG;rbs_motif=GGA/GAG/AGG;rbs_spacer=5-10bp;gc_cont=0.476
NC_011149.1:1645717-1646865|+ -            383 10523at91347         -            514   1.1e-20   71.6   0.0   1   1   2.5e-22   1.5e-20   71.2   0.0   309   499    24   221    13   226 0.89 NC_011149.1_1524 # 1645717 # 1646865 # 1 # ID=1_1524;partial=00;start_type=ATG;rbs_motif=GGA/GAG/AGG;rbs_spacer=5-10bp;gc_cont=0.532
NC_011149.1:462558-463667|-   -            370 10523at91347         -            514   1.6e-20   71.0   0.0   1   1   3.6e-22   2.2e-20   70.6   0.0   316   504    44   235    34   241 0.85 NC_011149.1_412 # 462558 # 463667 # -1 # ID=1_412;partial=00;start_type=ATG;rbs_motif=GGA/GAG/AGG;rbs_spacer=5-10bp;gc_cont=0.586
NC_011149.1:2423812-2424585|- -            258 10523at91347         -            514   1.8e-19   67.6   0.0   1   1   5.7e-21   3.5e-19   66.7   0.0   315   502    30   235    21   241 0.82 NC_011149.1_2269 # 2423812 # 2424585 # -1 # ID=1_2269;partial=00;start_type=ATG;rbs_motif=GGA/GAG/AGG;rbs_spacer=5-10bp;gc_cont=0.534
NC_011149.1:1021555-1023462|+ -            636 10523at91347         -            514   3.2e-19   66.8   0.0   1   2   9.2e-11   5.7e-09   33.0   0.0   315   500    28   234    16   243 0.74 NC_011149.1_919 # 1021555 # 1023462 # 1 # ID=1_919;partial=00;start_type=ATG;rbs_motif=AGGA;rbs_spacer=5-10bp;gc_cont=0.529
NC_011149.1:1021555-1023462|+ -            636 10523at91347         -            514   3.2e-19   66.8   0.0   2   2   8.1e-09     5e-07   26.5   0.0   315   495   344   513   334   532 0.74 NC_011149.1_919 # 1021555 # 1023462 # 1 # ID=1_919;partial=00;start_type=ATG;rbs_motif=AGGA;rbs_spacer=5-10bp;gc_cont=0.529
NC_011149.1:1909570-1910271|- -            234 10523at91347         -            514   1.6e-18   64.5   0.0   1   1   3.2e-20     2e-18   64.2   0.0   308   497    26   223     5   228 0.85 NC_011149.1_1790 # 1909570 # 1910271 # -1 # ID=1_1790;partial=00;start_type=ATG;rbs_motif=GGAG/GAGG;rbs_spacer=5-10bp;gc_cont=0.550
NC_011149.1:799166-799945|+   -            260 10523at91347         -            514   4.7e-18   62.9   0.0   1   1   1.4e-19   8.6e-18   62.1   0.0   309   502    23   220     6   230 0.79 NC_011149.1_727 # 799166 # 799945 # 1 # ID=1_727;partial=00;start_type=ATG;rbs_motif=GGAG/GAGG;rbs_spacer=5-10bp;gc_cont=0.568
NC_011149.1:1366383-1367387|+ -            335 10523at91347         -            514   5.8e-18   62.6   0.0   1   1   2.1e-19   1.3e-17   61.5   0.0   310   504    43   250    35   258 0.77 NC_011149.1_1259 # 1366383 # 1367387 # 1 # ID=1_1259;partial=00;start_type=ATG;rbs_motif=GGAGG;rbs_spacer=5-10bp;gc_cont=0.541
NC_011149.1:4370512-4371621|+ -            370 10523at91347         -            514   9.4e-18   61.9   0.0   1   1   2.2e-19   1.3e-17   61.4   0.0   314   502    27   217    14   223 0.86 NC_011149.1_4063 # 4370512 # 4371621 # 1 # ID=1_4063;partial=00;start_type=ATG;rbs_motif=GGAG/GAGG;rbs_spacer=5-10bp;gc_cont=0.577
NC_011149.1:626077-626871|-   -            265 10523at91347         -            514   1.2e-17   61.6   0.0   1   1   2.6e-19   1.6e-17   61.2   0.0   315   502    32   227    20   237 0.82 NC_011149.1_567 # 626077 # 626871 # -1 # ID=1_567;partial=00;start_type=ATG;rbs_motif=AGGAG/GGAGG;rbs_spacer=11-12bp;gc_cont=0.564
NC_011149.1:3655341-3656009|- -            223 10523at91347         -            514   1.5e-17   61.2   0.0   1   1   3.4e-19   2.1e-17   60.8   0.0   309   497    20   215    16   218 0.79 NC_011149.1_3427 # 3655341 # 3656009 # -1 # ID=1_3427;partial=00;start_type=ATG;rbs_motif=GGAG/GAGG;rbs_spacer=5-10bp;gc_cont=0.565
NC_011149.1:210684-211610|+   -            309 10523at91347         -            514   1.8e-17   61.0   0.0   1   1   4.1e-19   2.5e-17   60.5   0.0   315   501    30   218    24   229 0.86 NC_011149.1_181 # 210684 # 211610 # 1 # ID=1_181;partial=00;start_type=ATG;rbs_motif=GGA/GAG/AGG;rbs_spacer=5-10bp;gc_cont=0.501
NC_011149.1:3641095-3642165|- -            357 10523at91347         -            514   1.9e-17   60.9   0.0   1   1   4.1e-19   2.5e-17   60.5   0.0   315   499    29   215    21   225 0.86 NC_011149.1_3413 # 3641095 # 3642165 # -1 # ID=1_3413;partial=00;start_type=ATG;rbs_motif=GGA/GAG/AGG;rbs_spacer=5-10bp;gc_cont=0.585
NC_011149.1:1414167-1414973|- -            269 10523at91347         -            514   3.9e-17   59.9   0.1   1   1   3.1e-18   1.9e-16   57.6   0.1   311   503    34   235    22   246 0.79 NC_011149.1_1306 # 1414167 # 1414973 # -1 # ID=1_1306;partial=00;start_type=ATG;rbs_motif=GGAG/GAGG;rbs_spacer=5-10bp;gc_cont=0.537
NC_011149.1:1481090-1481821|- -            244 10523at91347         -            514   9.6e-17   58.6   0.0   1   1     2e-18   1.3e-16   58.2   0.0   315   502    28   221    16   227 0.81 NC_011149.1_1368 # 1481090 # 1481821 # -1 # ID=1_1368;partial=00;start_type=ATG;rbs_motif=GGAG/GAGG;rbs_spacer=5-10bp;gc_cont=0.440
NC_011149.1:1365379-1366386|+ -            336 10523at91347         -            514   1.9e-15   54.4   0.1   1   1   1.3e-16   7.9e-15   52.3   0.1   308   502    38   250    33   260 0.69 NC_011149.1_1258 # 1365379 # 1366386 # 1 # ID=1_1258;partial=00;start_type=ATG;rbs_motif=AGGAG;rbs_spacer=5-10bp;gc_cont=0.525
NC_011149.1:3728597-3729580|- -            328 10523at91347         -            514   3.7e-15   53.4   0.5   1   1     1e-16   6.5e-15   52.6   0.5   314   502    31   237    18   243 0.70 NC_011149.1_3486 # 3728597 # 3729580 # -1 # ID=1_3486;partial=00;start_type=ATG;rbs_motif=GGAG/GAGG;rbs_spacer=5-10bp;gc_cont=0.558
NC_011149.1:2059040-2059855|- -            272 10523at91347         -            514   3.8e-15   53.3   0.0   1   1   8.3e-17   5.2e-15   52.9   0.0   318   504    29   221    16   231 0.79 NC_011149.1_1941 # 2059040 # 2059855 # -1 # ID=1_1941;partial=00;start_type=ATG;rbs_motif=AGGA;rbs_spacer=5-10bp;gc_cont=0.528
NC_011149.1:2915799-2916620|+ -            274 10523at91347         -            514   6.1e-15   52.7   0.1   1   1   5.2e-16   3.2e-14   50.3   0.1   309   501    24   222    19   231 0.74 NC_011149.1_2714 # 2915799 # 2916620 # 1 # ID=1_2714;partial=00;start_type=ATG;rbs_motif=AGGAG;rbs_spacer=5-10bp;gc_cont=0.540
NC_011149.1:234516-235313|+   -            266 10523at91347         -            514   8.6e-15   52.2   0.0   1   1   1.3e-15   7.9e-14   49.0   0.0   315   502    36   231    25   238 0.76 NC_011149.1_201 # 234516 # 235313 # 1 # ID=1_201;partial=00;start_type=ATG;rbs_motif=None;rbs_spacer=None;gc_cont=0.591
NC_011149.1:3525848-3527755|+ -            636 10523at91347         -            514   2.8e-14   50.5   0.0   1   4    0.0016     0.096    9.1   0.0   305   337    17    48     9    61 0.81 NC_011149.1_3316 # 3525848 # 3527755 # 1 # ID=1_3316;partial=00;start_type=ATG;rbs_motif=None;rbs_spacer=None;gc_cont=0.579
NC_011149.1:3525848-3527755|+ -            636 10523at91347         -            514   2.8e-14   50.5   0.0   2   4   2.2e-05    0.0014   15.2   0.0   422   500   150   227   146   238 0.84 NC_011149.1_3316 # 3525848 # 3527755 # 1 # ID=1_3316;partial=00;start_type=ATG;rbs_motif=None;rbs_spacer=None;gc_cont=0.579
NC_011149.1:3525848-3527755|+ -            636 10523at91347         -            514   2.8e-14   50.5   0.0   3   4    0.0027      0.17    8.3   0.0   315   346   337   369   326   386 0.77 NC_011149.1_3316 # 3525848 # 3527755 # 1 # ID=1_3316;partial=00;start_type=ATG;rbs_motif=None;rbs_spacer=None;gc_cont=0.579
NC_011149.1:3525848-3527755|+ -            636 10523at91347         -            514   2.8e-14   50.5   0.0   4   4   0.00017     0.011   12.3   0.0   417   495   426   503   418   517 0.82 NC_011149.1_3316 # 3525848 # 3527755 # 1 # ID=1_3316;partial=00;start_type=ATG;rbs_motif=None;rbs_spacer=None;gc_cont=0.579
NC_011149.1:4778387-4780054|- -            556 10523at91347         -            514   5.9e-14   49.4   0.0   1   4      0.19        12    2.2   0.0   313   344    29    61    20    64 0.76 NC_011149.1_4437 # 4778387 # 4780054 # -1 # ID=1_4437;partial=00;start_type=GTG;rbs_motif=AGGA/GGAG/GAGG;rbs_spacer=11-12bp;gc_cont=0.577
NC_011149.1:4778387-4780054|- -            556 10523at91347         -            514   5.9e-14   49.4   0.0   2   4   1.7e-07   1.1e-05   22.2   0.0   422   477   163   216   158   244 0.84 NC_011149.1_4437 # 4778387 # 4780054 # -1 # ID=1_4437;partial=00;start_type=GTG;rbs_motif=AGGA/GGAG/GAGG;rbs_spacer=11-12bp;gc_cont=0.577
NC_011149.1:4778387-4780054|- -            556 10523at91347         -            514   5.9e-14   49.4   0.0   3   4      0.16       9.7    2.5   0.0   315   337   348   370   337   399 0.79 NC_011149.1_4437 # 4778387 # 4780054 # -1 # ID=1_4437;partial=00;start_type=GTG;rbs_motif=AGGA/GGAG/GAGG;rbs_spacer=11-12bp;gc_cont=0.577
NC_011149.1:4778387-4780054|- -            556 10523at91347         -            514   5.9e-14   49.4   0.0   4   4   6.4e-06    0.0004   17.0   0.0   422   479   445   500   432   535 0.82 NC_011149.1_4437 # 4778387 # 4780054 # -1 # ID=1_4437;partial=00;start_type=GTG;rbs_motif=AGGA/GGAG/GAGG;rbs_spacer=11-12bp;gc_cont=0.577
NC_011149.1:3646707-3647474|- -            256 10523at91347         -            514   1.1e-13   48.5   0.0   1   1   1.1e-14   6.7e-13   45.9   0.0   305   501    19   236    13   240 0.72 NC_011149.1_3419 # 3646707 # 3647474 # -1 # ID=1_3419;partial=00;start_type=ATG;rbs_motif=AGGAG;rbs_spacer=5-10bp;gc_cont=0.577
NC_011149.1:2312245-2313888|- -            548 10523at91347         -            514   1.2e-13   48.4   3.2   1   2     0.039       2.4    4.5   4.6    14   202    13   201     5   247 0.72 NC_011149.1_2182 # 2312245 # 2313888 # -1 # ID=1_2182;partial=00;start_type=ATG;rbs_motif=None;rbs_spacer=None;gc_cont=0.547
NC_011149.1:2312245-2313888|- -            548 10523at91347         -            514   1.2e-13   48.4   3.2   2   2   1.9e-12   1.2e-10   38.6   0.0   314   499   347   529   337   534 0.79 NC_011149.1_2182 # 2312245 # 2313888 # -1 # ID=1_2182;partial=00;start_type=ATG;rbs_motif=None;rbs_spacer=None;gc_cont=0.547
NC_011149.1:549312-549998|+   -            229 10523at91347         -            514   1.7e-13   47.9   0.0   1   1   4.6e-15   2.8e-13   47.2   0.0   314   499    34   226    23   228 0.79 NC_011149.1_492 # 549312 # 549998 # 1 # ID=1_492;partial=00;start_type=ATG;rbs_motif=AGGA;rbs_spacer=5-10bp;gc_cont=0.585
NC_011149.1:810797-811855|+   -            353 10523at91347         -            514   3.5e-13   46.9   0.0   1   1   8.6e-15   5.3e-13   46.3   0.0   318   498    26   208     8   214 0.81 NC_011149.1_739 # 810797 # 811855 # 1 # ID=1_739;partial=00;start_type=ATG;rbs_motif=3Base/5BMM;rbs_spacer=13-15bp;gc_cont=0.559
NC_011149.1:869906-871498|+   -            531 10523at91347         -            514   3.6e-13   46.8   0.0   1   4     0.074       4.5    3.6   0.0   315   337    26    48    16    77 0.74 NC_011149.1_794 # 869906 # 871498 # 1 # ID=1_794;partial=00;start_type=GTG;rbs_motif=AGGA;rbs_spacer=5-10bp;gc_cont=0.532
NC_011149.1:869906-871498|+   -            531 10523at91347         -            514   3.6e-13   46.8   0.0   2   4   5.6e-06   0.00035   17.2   0.0   424   478   158   210   149   219 0.91 NC_011149.1_794 # 869906 # 871498 # 1 # ID=1_794;partial=00;start_type=GTG;rbs_motif=AGGA;rbs_spacer=5-10bp;gc_cont=0.532
NC_011149.1:869906-871498|+   -            531 10523at91347         -            514   3.6e-13   46.8   0.0   3   4      0.37        23    1.3   0.0   315   337   344   366   334   381 0.79 NC_011149.1_794 # 869906 # 871498 # 1 # ID=1_794;partial=00;start_type=GTG;rbs_motif=AGGA;rbs_spacer=5-10bp;gc_cont=0.532
NC_011149.1:869906-871498|+   -            531 10523at91347         -            514   3.6e-13   46.8   0.0   4   4   1.6e-06   9.9e-05   19.0   0.0   420   478   437   493   430   524 0.82 NC_011149.1_794 # 869906 # 871498 # 1 # ID=1_794;partial=00;start_type=GTG;rbs_motif=AGGA;rbs_spacer=5-10bp;gc_cont=0.532
NC_011149.1:3645992-3646705|- -            238 10523at91347         -            514   6.3e-13   46.0   0.0   1   1   1.4e-14   8.4e-13   45.6   0.0   313   498    28   216    13   224 0.79 NC_011149.1_3418 # 3645992 # 3646705 # -1 # ID=1_3418;partial=00;start_type=ATG;rbs_motif=GGAG/GAGG;rbs_spacer=5-10bp;gc_cont=0.598
NC_011149.1:3400848-3401573|+ -            242 10523at91347         -            514   1.5e-12   44.8   0.0   1   1   3.1e-14   1.9e-12   44.4   0.0   309   502    21   220    17   230 0.83 NC_011149.1_3180 # 3400848 # 3401573 # 1 # ID=1_3180;partial=00;start_type=ATG;rbs_motif=3Base/5BMM;rbs_spacer=13-15bp;gc_cont=0.550
NC_011149.1:3396157-3396969|- -            271 10523at91347         -            514   4.4e-12   43.2   0.0   1   1   9.2e-14   5.7e-12   42.9   0.0   314   503    32   229    17   235 0.86 NC_011149.1_3174 # 3396157 # 3396969 # -1 # ID=1_3174;partial=00;start_type=ATG;rbs_motif=AGGA;rbs_spacer=5-10bp;gc_cont=0.581
NC_011149.1:3151915-3152592|+ -            226 10523at91347         -            514   1.6e-11   41.4   0.0   1   1   4.7e-13   2.9e-11   40.5   0.0   312   477    23   198    19   220 0.82 NC_011149.1_2935 # 3151915 # 3152592 # 1 # ID=1_2935;partial=00;start_type=ATG;rbs_motif=GGAG/GAGG;rbs_spacer=5-10bp;gc_cont=0.553
NC_011149.1:1216409-1217164|- -            252 10523at91347         -            514   2.1e-11   41.0   0.1   1   2     0.055       3.4    4.0   0.0   315   336    29    50    19    68 0.86 NC_011149.1_1114 # 1216409 # 1217164 # -1 # ID=1_1114;partial=00;start_type=ATG;rbs_motif=None;rbs_spacer=None;gc_cont=0.533
NC_011149.1:1216409-1217164|- -            252 10523at91347         -            514   2.1e-11   41.0   0.1   2   2   2.1e-11   1.3e-09   35.1   0.0   422   494   121   196   108   207 0.88 NC_011149.1_1114 # 1216409 # 1217164 # -1 # ID=1_1114;partial=00;start_type=ATG;rbs_motif=None;rbs_spacer=None;gc_cont=0.533
NC_011149.1:4392845-4395670|- -            942 10523at91347         -            514   3.5e-11   40.3   2.7   1   4         4   2.4e+02   -2.1   0.0   316   333    24    41    13    44 0.80 NC_011149.1_4087 # 4392845 # 4395670 # -1 # ID=1_4087;partial=00;start_type=ATG;rbs_motif=GGA/GAG/AGG;rbs_spacer=5-10bp;gc_cont=0.570
NC_011149.1:4392845-4395670|- -            942 10523at91347         -            514   3.5e-11   40.3   2.7   2   4    0.0027      0.17    8.3   0.1   418   501   483   569   453   577 0.80 NC_011149.1_4087 # 4392845 # 4395670 # -1 # ID=1_4087;partial=00;start_type=ATG;rbs_motif=GGA/GAG/AGG;rbs_spacer=5-10bp;gc_cont=0.570
NC_011149.1:4392845-4395670|- -            942 10523at91347         -            514   3.5e-11   40.3   2.7   3   4      0.78        48    0.2   0.0   316   334   633   651   622   658 0.75 NC_011149.1_4087 # 4392845 # 4395670 # -1 # ID=1_4087;partial=00;start_type=ATG;rbs_motif=GGA/GAG/AGG;rbs_spacer=5-10bp;gc_cont=0.570
NC_011149.1:4392845-4395670|- -            942 10523at91347         -            514   3.5e-11   40.3   2.7   4   4   1.5e-09   9.1e-08   29.0   0.0   399   490   806   902   790   910 0.84 NC_011149.1_4087 # 4392845 # 4395670 # -1 # ID=1_4087;partial=00;start_type=ATG;rbs_motif=GGA/GAG/AGG;rbs_spacer=5-10bp;gc_cont=0.570
NC_011149.1:806556-808031|-   -            492 10523at91347         -            514   4.6e-11   39.9   0.0   1   3      0.12       7.2    2.9   0.0   314   336    27    49     4    57 0.81 NC_011149.1_734 # 806556 # 808031 # -1 # ID=1_734;partial=00;start_type=ATG;rbs_motif=GGA/GAG/AGG;rbs_spacer=5-10bp;gc_cont=0.554
NC_011149.1:806556-808031|-   -            492 10523at91347         -            514   4.6e-11   39.9   0.0   2   3   0.00029     0.018   11.5   0.0   410   483   124   198   107   225 0.79 NC_011149.1_734 # 806556 # 808031 # -1 # ID=1_734;partial=00;start_type=ATG;rbs_motif=GGA/GAG/AGG;rbs_spacer=5-10bp;gc_cont=0.554
NC_011149.1:806556-808031|-   -            492 10523at91347         -            514   4.6e-11   39.9   0.0   3   3   2.8e-07   1.7e-05   21.5   0.0   317   478   287   460   280   466 0.75 NC_011149.1_734 # 806556 # 808031 # -1 # ID=1_734;partial=00;start_type=ATG;rbs_motif=GGA/GAG/AGG;rbs_spacer=5-10bp;gc_cont=0.554
NC_011149.1:1870140-1870937|- -            266 10523at91347         -            514   4.7e-11   39.8   0.0   1   1   1.1e-12   6.5e-11   39.4   0.0   308   499    27   226    25   231 0.80 NC_011149.1_1751 # 1870140 # 1870937 # -1 # ID=1_1751;partial=00;start_type=ATG;rbs_motif=AGGAG;rbs_spacer=5-10bp;gc_cont=0.550
NC_011149.1:1414975-1415967|- -            331 10523at91347         -            514   3.7e-10   36.9   0.0   1   2     0.001     0.062    9.7   0.0   314   372    31    92    18    98 0.68 NC_011149.1_1307 # 1414975 # 1415967 # -1 # ID=1_1307;partial=00;start_type=ATG;rbs_motif=GGxGG;rbs_spacer=5-10bp;gc_cont=0.524
NC_011149.1:1414975-1415967|- -            331 10523at91347         -            514   3.7e-10   36.9   0.0   2   2   2.3e-08   1.4e-06   25.1   0.0   422   500   159   240   156   245 0.91 NC_011149.1_1307 # 1414975 # 1415967 # -1 # ID=1_1307;partial=00;start_type=ATG;rbs_motif=GGxGG;rbs_spacer=5-10bp;gc_cont=0.524
NC_011149.1:1761040-1761786|- -            249 10523at91347         -            514   3.8e-10   36.9   0.0   1   1   1.7e-11   1.1e-09   35.4   0.0   316   510    27   237    20   241 0.75 NC_011149.1_1641 # 1761040 # 1761786 # -1 # ID=1_1641;partial=00;start_type=ATG;rbs_motif=AGGA;rbs_spacer=5-10bp;gc_cont=0.529
NC_011149.1:1869556-1870146|- -            197 10523at91347         -            514   2.3e-08   31.0   0.0   1   2    0.0056      0.35    7.3   0.0   308   353    18    65     3    77 0.86 NC_011149.1_1750 # 1869556 # 1870146 # -1 # ID=1_1750;partial=00;start_type=ATG;rbs_motif=GGAG/GAGG;rbs_spacer=5-10bp;gc_cont=0.574
NC_011149.1:1869556-1870146|- -            197 10523at91347         -            514   2.3e-08   31.0   0.0   2   2   2.2e-07   1.4e-05   21.8   0.0   421   483   121   185   114   191 0.89 NC_011149.1_1750 # 1869556 # 1870146 # -1 # ID=1_1750;partial=00;start_type=ATG;rbs_motif=GGAG/GAGG;rbs_spacer=5-10bp;gc_cont=0.574
NC_011149.1:1794041-1794790|- -            250 10523at91347         -            514   5.9e-07   26.3   0.0   1   1   3.4e-08   2.1e-06   24.5   0.0   315   502    25   216    21   220 0.79 NC_011149.1_1669 # 1794041 # 1794790 # -1 # ID=1_1669;partial=00;start_type=ATG;rbs_motif=GGA/GAG/AGG;rbs_spacer=5-10bp;gc_cont=0.565
NC_011149.1:3152586-3153242|+ -            219 10523at91347         -            514   2.7e-06   24.1   0.0   1   1   5.8e-08   3.6e-06   23.7   0.0   315   496    28   213    19   217 0.78 NC_011149.1_2936 # 3152586 # 3153242 # 1 # ID=1_2936;partial=00;start_type=ATG;rbs_motif=4Base/6BMM;rbs_spacer=13-15bp;gc_cont=0.589
NC_011149.1:2304528-2305145|- -            206 10523at91347         -            514   1.4e-05   21.8   0.0   1   2     0.021       1.3    5.4   0.0   314   355    25    67    15    81 0.77 NC_011149.1_2172 # 2304528 # 2305145 # -1 # ID=1_2172;partial=00;start_type=ATG;rbs_motif=GGA/GAG/AGG;rbs_spacer=5-10bp;gc_cont=0.720
NC_011149.1:2304528-2305145|- -            206 10523at91347         -            514   1.4e-05   21.8   0.0   2   2   3.4e-05    0.0021   14.6   0.0   421   460   125   164   113   184 0.85 NC_011149.1_2172 # 2304528 # 2305145 # -1 # ID=1_2172;partial=00;start_type=ATG;rbs_motif=GGA/GAG/AGG;rbs_spacer=5-10bp;gc_cont=0.720
NC_011149.1:3942465-3943091|- -            209 10523at91347         -            514   1.8e-05   21.5   0.0   1   2     0.023       1.4    5.3   0.0   315   355    29    70    18    84 0.78 NC_011149.1_3686 # 3942465 # 3943091 # -1 # ID=1_3686;partial=00;start_type=ATG;rbs_motif=None;rbs_spacer=None;gc_cont=0.721
NC_011149.1:3942465-3943091|- -            209 10523at91347         -            514   1.8e-05   21.5   0.0   2   2   4.1e-05    0.0025   14.3   0.0   422   460   129   167   117   187 0.86 NC_011149.1_3686 # 3942465 # 3943091 # -1 # ID=1_3686;partial=00;start_type=ATG;rbs_motif=None;rbs_spacer=None;gc_cont=0.721
NC_011149.1:376690-379857|-   -           1056 10523at91347         -            514      0.37    7.2   6.9   1   2   0.00072     0.045   10.2   0.8   109   162   325   378   315   393 0.87 NC_011149.1_336 # 376690 # 379857 # -1 # ID=1_336;partial=00;start_type=ATG;rbs_motif=AGxAGG/AGGxGG;rbs_spacer=5-10bp;gc_cont=0.568
NC_011149.1:376690-379857|-   -           1056 10523at91347         -            514      0.37    7.2   6.9   2   2         2   1.2e+02   -1.2   0.7   137   162   893   918   872   929 0.71 NC_011149.1_336 # 376690 # 379857 # -1 # ID=1_336;partial=00;start_type=ATG;rbs_motif=AGxAGG/AGGxGG;rbs_spacer=5-10bp;gc_cont=0.568
#
# Program:         hmmsearch
# Version:         3.4 (Aug 2023)
# Pipeline mode:   SEARCH
# Query file:      /Users/dizzler/Projects/School/BIOL4600-Capstone/busco_downloads/lineages/enterobacterales_odb10/hmms/10523at91347.hmm
# Target file:     reports/busco-results/GCF_000020885.1_ASM2088v1_genomic.fna/prodigal_output/predicted_genes/predicted.faa
# Option settings: hmmsearch --domtblout reports/busco-results/GCF_000020885.1_ASM2088v1_genomic.fna/run_enterobacterales_odb10/hmmer_output/10523at91347.out --cpu 1 /Users/dizzler/Projects/School/BIOL4600-Capstone/busco_downloads/lineages/enterobacterales_odb10/hmms/10523at91347.hmm reports/busco-results/GCF_000020885.1_ASM2088v1_genomic.fna/prodigal_output/predicted_genes/predicted.faa 
# Current dir:     /Users/dizzler/Projects/School/BIOL4600-Capstone
# Date:            Sat Feb 21 23:23:26 2026
# [ok]
