#                                                                                     --- full sequence --- -------------- this domain -------------   hmm coord   ali coord   env coord
# target name                 accession   tlen query name           accession   qlen   E-value  score  bias   #  of  c-Evalue  i-Evalue  score  bias  from    to  from    to  from    to  acc description of target
#         ------------------- ---------- ----- -------------------- ---------- ----- --------- ------ ----- --- --- --------- --------- ------ ----- ----- ----- ----- ----- ----- ----- ---- ---------------------
NC_011149.1:3363396-3365285|- -            630 12072at91347         -            455    1e-252  836.6   0.6   1   2  1.4e-229  5.9e-227  751.7   0.2     1   392    17   441    17   446 0.96 NC_011149.1_3142 # 3363396 # 3365285 # -1 # ID=1_3142;partial=00;start_type=ATG;rbs_motif=AGGA/GGAG/GAGG;rbs_spacer=11-12bp;gc_cont=0.581
NC_011149.1:3363396-3365285|- -            630 12072at91347         -            455    1e-252  836.6   0.6   2   2   8.9e-27   3.6e-24   83.2   0.0   386   455   479   559   476   559 0.89 NC_011149.1_3142 # 3363396 # 3365285 # -1 # ID=1_3142;partial=00;start_type=ATG;rbs_motif=AGGA/GGAG/GAGG;rbs_spacer=11-12bp;gc_cont=0.581
NC_011149.1:849245-850606|+   -            454 12072at91347         -            455   3.7e-97  323.8   0.3   1   1   1.2e-99   4.7e-97  323.5   0.3     1   340    12   374    12   379 0.92 NC_011149.1_775 # 849245 # 850606 # 1 # ID=1_775;partial=00;start_type=ATG;rbs_motif=GGAG/GAGG;rbs_spacer=5-10bp;gc_cont=0.584
NC_011149.1:2696165-2697499|+ -            445 12072at91347         -            455   1.7e-92  308.4   0.0   1   1   5.1e-95   2.1e-92  308.1   0.0     1   330    15   366    15   386 0.92 NC_011149.1_2506 # 2696165 # 2697499 # 1 # ID=1_2506;partial=00;start_type=ATG;rbs_motif=GGAG/GAGG;rbs_spacer=5-10bp;gc_cont=0.545
NC_011149.1:1453470-1454843|+ -            458 12072at91347         -            455   8.9e-92  306.1   0.0   1   2     4e-94   1.6e-91  305.2   0.0     2   330    15   362    14   378 0.89 NC_011149.1_1347 # 1453470 # 1454843 # 1 # ID=1_1347;partial=00;start_type=GTG;rbs_motif=GGA/GAG/AGG;rbs_spacer=5-10bp;gc_cont=0.552
NC_011149.1:1453470-1454843|+ -            458 12072at91347         -            455   8.9e-92  306.1   0.0   2   2      0.89   3.6e+02   -2.5   0.0   388   432   377   421   358   427 0.85 NC_011149.1_1347 # 1453470 # 1454843 # 1 # ID=1_1347;partial=00;start_type=GTG;rbs_motif=GGA/GAG/AGG;rbs_spacer=5-10bp;gc_cont=0.552
NC_011149.1:4043174-4044439|- -            422 12072at91347         -            455   2.8e-77  258.3   0.0   1   1   8.7e-80   3.6e-77  257.9   0.0     1   314    20   358    20   380 0.87 NC_011149.1_3769 # 4043174 # 4044439 # -1 # ID=1_3769;partial=00;start_type=ATG;rbs_motif=None;rbs_spacer=None;gc_cont=0.548
NC_011149.1:4082307-4084154|+ -            616 12072at91347         -            455   2.5e-23   80.4   0.1   1   1   1.5e-25   6.2e-23   79.1   0.1     7   327    26   357    21   379 0.79 NC_011149.1_3809 # 4082307 # 4084154 # 1 # ID=1_3809;partial=00;start_type=ATG;rbs_motif=None;rbs_spacer=None;gc_cont=0.549
NC_011149.1:828091-830112|+   -            674 12072at91347         -            455     3e-09   34.0   1.4   1   2    0.0042       1.7    5.1   0.0    30    70    37    74    10    85 0.77 NC_011149.1_754 # 828091 # 830112 # 1 # ID=1_754;partial=00;start_type=ATG;rbs_motif=GGA/GAG/AGG;rbs_spacer=5-10bp;gc_cont=0.552
NC_011149.1:828091-830112|+   -            674 12072at91347         -            455     3e-09   34.0   1.4   2   2   1.3e-09   5.3e-07   26.6   0.9   215   320   449   558   439   576 0.84 NC_011149.1_754 # 828091 # 830112 # 1 # ID=1_754;partial=00;start_type=ATG;rbs_motif=GGA/GAG/AGG;rbs_spacer=5-10bp;gc_cont=0.552
NC_011149.1:3856248-3858329|+ -            694 12072at91347         -            455   1.3e-06   25.3   0.2   1   2    0.0004      0.16    8.5   0.1    35   108   297   381   284   403 0.69 NC_011149.1_3604 # 3856248 # 3858329 # 1 # ID=1_3604;partial=00;start_type=ATG;rbs_motif=GGA/GAG/AGG;rbs_spacer=5-10bp;gc_cont=0.582
NC_011149.1:3856248-3858329|+ -            694 12072at91347         -            455   1.3e-06   25.3   0.2   2   2   6.1e-06    0.0025   14.5   0.0   242   315   523   597   512   612 0.84 NC_011149.1_3604 # 3856248 # 3858329 # 1 # ID=1_3604;partial=00;start_type=ATG;rbs_motif=GGA/GAG/AGG;rbs_spacer=5-10bp;gc_cont=0.582
NC_011149.1:4229751-4231949|- -            733 12072at91347         -            455   4.7e-05   20.2   0.0   1   2   0.00058      0.24    8.0   0.0    35   111   225   309   215   322 0.74 NC_011149.1_3946 # 4229751 # 4231949 # -1 # ID=1_3946;partial=00;start_type=ATG;rbs_motif=AGGA;rbs_spacer=5-10bp;gc_cont=0.596
NC_011149.1:4229751-4231949|- -            733 12072at91347         -            455   4.7e-05   20.2   0.0   2   2   0.00016     0.065    9.8   0.0   252   327   522   609   513   648 0.82 NC_011149.1_3946 # 4229751 # 4231949 # -1 # ID=1_3946;partial=00;start_type=ATG;rbs_motif=AGGA;rbs_spacer=5-10bp;gc_cont=0.596
NC_011149.1:109959-112865|-   -            969 12072at91347         -            455    0.0021   14.8   0.0   1   1   8.2e-06    0.0034   14.1   0.0   201   317   492   611   434   638 0.85 NC_011149.1_95 # 109959 # 112865 # -1 # ID=1_95;partial=00;start_type=ATG;rbs_motif=GGA/GAG/AGG;rbs_spacer=5-10bp;gc_cont=0.571
NC_011149.1:226794-229268|+   -            825 12072at91347         -            455     0.069    9.8   1.1   1   1    0.0011      0.46    7.0   1.1    26   132    34   141    17   344 0.66 NC_011149.1_198 # 226794 # 229268 # 1 # ID=1_198;partial=00;start_type=ATG;rbs_motif=GGA/GAG/AGG;rbs_spacer=5-10bp;gc_cont=0.593
#
# Program:         hmmsearch
# Version:         3.4 (Aug 2023)
# Pipeline mode:   SEARCH
# Query file:      /Users/dizzler/Projects/School/BIOL4600-Capstone/busco_downloads/lineages/enterobacterales_odb10/hmms/12072at91347.hmm
# Target file:     reports/busco-results/GCF_000020885.1_ASM2088v1_genomic.fna/prodigal_output/predicted_genes/predicted.faa
# Option settings: hmmsearch --domtblout reports/busco-results/GCF_000020885.1_ASM2088v1_genomic.fna/run_enterobacterales_odb10/hmmer_output/12072at91347.out --cpu 1 /Users/dizzler/Projects/School/BIOL4600-Capstone/busco_downloads/lineages/enterobacterales_odb10/hmms/12072at91347.hmm reports/busco-results/GCF_000020885.1_ASM2088v1_genomic.fna/prodigal_output/predicted_genes/predicted.faa 
# Current dir:     /Users/dizzler/Projects/School/BIOL4600-Capstone
# Date:            Sat Feb 21 23:23:26 2026
# [ok]
