#                                                                                     --- full sequence --- -------------- this domain -------------   hmm coord   ali coord   env coord
# target name                 accession   tlen query name           accession   qlen   E-value  score  bias   #  of  c-Evalue  i-Evalue  score  bias  from    to  from    to  from    to  acc description of target
#         ------------------- ---------- ----- -------------------- ---------- ----- --------- ------ ----- --- --- --------- --------- ------ ----- ----- ----- ----- ----- ----- ----- ---- ---------------------
NC_011149.1:456165-458027|-   -            621 12374at91347         -            527  1.8e-293  971.7   0.0   1   1  2.6e-296  2.4e-293  971.3   0.0     2   524     7   600     6   603 0.91 NC_011149.1_406 # 456165 # 458027 # -1 # ID=1_406;partial=00;start_type=ATG;rbs_motif=GGA/GAG/AGG;rbs_spacer=5-10bp;gc_cont=0.556
NC_011149.1:2414830-2415783|- -            318 12374at91347         -            527   6.3e-23   78.9   0.8   1   1   9.9e-26   8.9e-23   78.4   0.8   285   521    31   295    12   300 0.81 NC_011149.1_2258 # 2414830 # 2415783 # -1 # ID=1_2258;partial=00;start_type=ATG;rbs_motif=GGAGG;rbs_spacer=5-10bp;gc_cont=0.549
NC_011149.1:3153286-3155277|- -            664 12374at91347         -            527   2.5e-10   37.4   0.1   1   2   0.00044      0.39    7.0   0.1   131   174   149   193     3   207 0.83 NC_011149.1_2937 # 3153286 # 3155277 # -1 # ID=1_2937;partial=00;start_type=ATG;rbs_motif=GGAG/GAGG;rbs_spacer=5-10bp;gc_cont=0.570
NC_011149.1:3153286-3155277|- -            664 12374at91347         -            527   2.5e-10   37.4   0.1   2   2   2.5e-10   2.2e-07   27.6   0.0   299   430   392   525   380   536 0.82 NC_011149.1_2937 # 3153286 # 3155277 # -1 # ID=1_2937;partial=00;start_type=ATG;rbs_motif=GGAG/GAGG;rbs_spacer=5-10bp;gc_cont=0.570
NC_011149.1:2544144-2546144|+ -            667 12374at91347         -            527   8.3e-06   22.4   0.0   1   2     0.047        43    0.3   0.0   131   171   148   189   143   215 0.79 NC_011149.1_2386 # 2544144 # 2546144 # 1 # ID=1_2386;partial=00;start_type=ATG;rbs_motif=GGAG/GAGG;rbs_spacer=5-10bp;gc_cont=0.559
NC_011149.1:2544144-2546144|+ -            667 12374at91347         -            527   8.3e-06   22.4   0.0   2   2   7.4e-08   6.6e-05   19.5   0.0   310   432   402   526   355   538 0.82 NC_011149.1_2386 # 2544144 # 2546144 # 1 # ID=1_2386;partial=00;start_type=ATG;rbs_motif=GGAG/GAGG;rbs_spacer=5-10bp;gc_cont=0.559
NC_011149.1:2415776-2416606|- -            277 12374at91347         -            527    0.0015   15.0   0.0   1   1   2.7e-06    0.0025   14.3   0.0    84   165    87   174     1   190 0.65 NC_011149.1_2259 # 2415776 # 2416606 # -1 # ID=1_2259;partial=00;start_type=ATG;rbs_motif=GGAG/GAGG;rbs_spacer=5-10bp;gc_cont=0.567
#
# Program:         hmmsearch
# Version:         3.4 (Aug 2023)
# Pipeline mode:   SEARCH
# Query file:      /Users/dizzler/Projects/School/BIOL4600-Capstone/databases/lineages/enterobacterales_odb10/hmms/12374at91347.hmm
# Target file:     /Users/dizzler/Projects/School/BIOL4600-Capstone/reports/busco-results/GCF_000020885.1_ASM2088v1_genomic.fna/prodigal_output/predicted_genes/predicted.faa
# Option settings: hmmsearch --domtblout /Users/dizzler/Projects/School/BIOL4600-Capstone/reports/busco-results/GCF_000020885.1_ASM2088v1_genomic.fna/run_enterobacterales_odb10/hmmer_output/12374at91347.out --cpu 1 /Users/dizzler/Projects/School/BIOL4600-Capstone/databases/lineages/enterobacterales_odb10/hmms/12374at91347.hmm /Users/dizzler/Projects/School/BIOL4600-Capstone/reports/busco-results/GCF_000020885.1_ASM2088v1_genomic.fna/prodigal_output/predicted_genes/predicted.faa 
# Current dir:     /Users/dizzler/Projects/School/BIOL4600-Capstone
# Date:            Wed Feb 25 22:54:26 2026
# [ok]
