#                                                                                     --- full sequence --- -------------- this domain -------------   hmm coord   ali coord   env coord
# target name                 accession   tlen query name           accession   qlen   E-value  score  bias   #  of  c-Evalue  i-Evalue  score  bias  from    to  from    to  from    to  acc description of target
#         ------------------- ---------- ----- -------------------- ---------- ----- --------- ------ ----- --- --- --------- --------- ------ ----- ----- ----- ----- ----- ----- ----- ---- ---------------------
NC_011149.1:1382897-1384459|- -            521 13521at91347         -            420  1.5e-224  743.6   1.1   1   3   5.7e-30   6.4e-27   92.6   0.0     1    77    17    95    17   105 0.92 NC_011149.1_1278 # 1382897 # 1384459 # -1 # ID=1_1278;partial=00;start_type=ATG;rbs_motif=GGA/GAG/AGG;rbs_spacer=5-10bp;gc_cont=0.580
NC_011149.1:1382897-1384459|- -            521 13521at91347         -            420  1.5e-224  743.6   1.1   2   3   3.6e-28   4.1e-25   86.7   0.1    73   142   113   201   107   220 0.79 NC_011149.1_1278 # 1382897 # 1384459 # -1 # ID=1_1278;partial=00;start_type=ATG;rbs_motif=GGA/GAG/AGG;rbs_spacer=5-10bp;gc_cont=0.580
NC_011149.1:1382897-1384459|- -            521 13521at91347         -            420  1.5e-224  743.6   1.1   3   3    2e-172  2.2e-169  561.9   0.1   149   420   239   514   233   514 0.98 NC_011149.1_1278 # 1382897 # 1384459 # -1 # ID=1_1278;partial=00;start_type=ATG;rbs_motif=GGA/GAG/AGG;rbs_spacer=5-10bp;gc_cont=0.580
NC_011149.1:1278103-1279467|- -            455 13521at91347         -            420   5.2e-48  162.1   0.0   1   2   0.00062       0.7    6.8   0.0    99   137   109   153   103   166 0.83 NC_011149.1_1179 # 1278103 # 1279467 # -1 # ID=1_1179;partial=00;start_type=ATG;rbs_motif=GGA/GAG/AGG;rbs_spacer=5-10bp;gc_cont=0.553
NC_011149.1:1278103-1279467|- -            455 13521at91347         -            420   5.2e-48  162.1   0.0   2   2   2.2e-48   2.4e-45  153.3   0.0   156   414   196   450   178   454 0.91 NC_011149.1_1179 # 1278103 # 1279467 # -1 # ID=1_1179;partial=00;start_type=ATG;rbs_motif=GGA/GAG/AGG;rbs_spacer=5-10bp;gc_cont=0.553
NC_011149.1:2368877-2370172|- -            432 13521at91347         -            420   7.6e-13   46.2   0.0   1   1   1.5e-15   1.7e-12   45.1   0.0   152   411   169   422   155   429 0.76 NC_011149.1_2228 # 2368877 # 2370172 # -1 # ID=1_2228;partial=00;start_type=GTG;rbs_motif=GGAGG;rbs_spacer=5-10bp;gc_cont=0.566
NC_011149.1:631547-632722|+   -            392 13521at91347         -            420   3.2e-11   40.9   0.0   1   2   1.4e-05     0.015   12.3   0.0   156   261   131   236   104   264 0.73 NC_011149.1_572 # 631547 # 632722 # 1 # ID=1_572;partial=00;start_type=ATG;rbs_motif=GGAGG;rbs_spacer=5-10bp;gc_cont=0.586
NC_011149.1:631547-632722|+   -            392 13521at91347         -            420   3.2e-11   40.9   0.0   2   2     6e-10   6.7e-07   26.7   0.0   334   414   303   386   282   389 0.91 NC_011149.1_572 # 631547 # 632722 # 1 # ID=1_572;partial=00;start_type=ATG;rbs_motif=GGAGG;rbs_spacer=5-10bp;gc_cont=0.586
#
# Program:         hmmsearch
# Version:         3.4 (Aug 2023)
# Pipeline mode:   SEARCH
# Query file:      /Users/dizzler/Projects/School/BIOL4600-Capstone/busco_downloads/lineages/enterobacterales_odb10/hmms/13521at91347.hmm
# Target file:     reports/busco-results/GCF_000020885.1_ASM2088v1_genomic.fna/prodigal_output/predicted_genes/predicted.faa
# Option settings: hmmsearch --domtblout reports/busco-results/GCF_000020885.1_ASM2088v1_genomic.fna/run_enterobacterales_odb10/hmmer_output/13521at91347.out --cpu 1 /Users/dizzler/Projects/School/BIOL4600-Capstone/busco_downloads/lineages/enterobacterales_odb10/hmms/13521at91347.hmm reports/busco-results/GCF_000020885.1_ASM2088v1_genomic.fna/prodigal_output/predicted_genes/predicted.faa 
# Current dir:     /Users/dizzler/Projects/School/BIOL4600-Capstone
# Date:            Sat Feb 21 23:23:26 2026
# [ok]
