#                                                                                     --- full sequence --- -------------- this domain -------------   hmm coord   ali coord   env coord
# target name                 accession   tlen query name           accession   qlen   E-value  score  bias   #  of  c-Evalue  i-Evalue  score  bias  from    to  from    to  from    to  acc description of target
#         ------------------- ---------- ----- -------------------- ---------- ----- --------- ------ ----- --- --- --------- --------- ------ ----- ----- ----- ----- ----- ----- ----- ---- ---------------------
NC_011149.1:684405-686987|-   -            861 1674at91347          -            714         0 1214.6   3.8   1   2         0         0 1201.2   1.1     1   695     1   813     1   820 0.90 NC_011149.1_626 # 684405 # 686987 # -1 # ID=1_626;partial=00;start_type=ATG;rbs_motif=AGGA/GGAG/GAGG;rbs_spacer=11-12bp;gc_cont=0.557
NC_011149.1:684405-686987|-   -            861 1674at91347          -            714         0 1214.6   3.8   2   2   0.00054      0.49    6.3   0.1   697   714   842   859   829   859 0.85 NC_011149.1_626 # 684405 # 686987 # -1 # ID=1_626;partial=00;start_type=ATG;rbs_motif=AGGA/GGAG/GAGG;rbs_spacer=11-12bp;gc_cont=0.557
NC_011149.1:4649729-4652584|- -            952 1674at91347          -            714   2.8e-40  136.1  10.2   1   5   2.8e-29   2.5e-26   89.9   0.6     1   172     1   190     1   202 0.80 NC_011149.1_4311 # 4649729 # 4652584 # -1 # ID=1_4311;partial=00;start_type=ATG;rbs_motif=GGA/GAG/AGG;rbs_spacer=3-4bp;gc_cont=0.571
NC_011149.1:4649729-4652584|- -            952 1674at91347          -            714   2.8e-40  136.1  10.2   2   5   1.1e-05    0.0095   12.0   0.0   232   335   216   312   209   333 0.81 NC_011149.1_4311 # 4649729 # 4652584 # -1 # ID=1_4311;partial=00;start_type=ATG;rbs_motif=GGA/GAG/AGG;rbs_spacer=3-4bp;gc_cont=0.571
NC_011149.1:4649729-4652584|- -            952 1674at91347          -            714   2.8e-40  136.1  10.2   3   5   3.5e-08   3.1e-05   20.2   0.8   354   423   420   485   408   526 0.82 NC_011149.1_4311 # 4649729 # 4652584 # -1 # ID=1_4311;partial=00;start_type=ATG;rbs_motif=GGA/GAG/AGG;rbs_spacer=3-4bp;gc_cont=0.571
NC_011149.1:4649729-4652584|- -            952 1674at91347          -            714   2.8e-40  136.1  10.2   4   5     0.002       1.8    4.4   0.1   532   549   553   570   517   573 0.87 NC_011149.1_4311 # 4649729 # 4652584 # -1 # ID=1_4311;partial=00;start_type=ATG;rbs_motif=GGA/GAG/AGG;rbs_spacer=3-4bp;gc_cont=0.571
NC_011149.1:4649729-4652584|- -            952 1674at91347          -            714   2.8e-40  136.1  10.2   5   5   3.3e-05     0.029   10.4   0.0   548   590   606   648   582   659 0.89 NC_011149.1_4311 # 4649729 # 4652584 # -1 # ID=1_4311;partial=00;start_type=ATG;rbs_motif=GGA/GAG/AGG;rbs_spacer=3-4bp;gc_cont=0.571
NC_011149.1:53852-56686|+     -            945 1674at91347          -            714   2.6e-23   80.0   0.5   1   5   5.4e-10   4.9e-07   26.2   0.0    15   170    30   200    23   225 0.77 NC_011149.1_46 # 53852 # 56686 # 1 # ID=1_46;partial=00;start_type=ATG;rbs_motif=GGA/GAG/AGG;rbs_spacer=5-10bp;gc_cont=0.549
NC_011149.1:53852-56686|+     -            945 1674at91347          -            714   2.6e-23   80.0   0.5   2   5     0.006       5.4    2.9   0.0   275   321   307   354   291   375 0.86 NC_011149.1_46 # 53852 # 56686 # 1 # ID=1_46;partial=00;start_type=ATG;rbs_motif=GGA/GAG/AGG;rbs_spacer=5-10bp;gc_cont=0.549
NC_011149.1:53852-56686|+     -            945 1674at91347          -            714   2.6e-23   80.0   0.5   3   5     2e-05     0.018   11.1   0.2   169   210   400   443   371   453 0.75 NC_011149.1_46 # 53852 # 56686 # 1 # ID=1_46;partial=00;start_type=ATG;rbs_motif=GGA/GAG/AGG;rbs_spacer=5-10bp;gc_cont=0.549
NC_011149.1:53852-56686|+     -            945 1674at91347          -            714   2.6e-23   80.0   0.5   4   5   1.4e-07   0.00013   18.2   0.4   336   410   438   514   433   528 0.74 NC_011149.1_46 # 53852 # 56686 # 1 # ID=1_46;partial=00;start_type=ATG;rbs_motif=GGA/GAG/AGG;rbs_spacer=5-10bp;gc_cont=0.549
NC_011149.1:53852-56686|+     -            945 1674at91347          -            714   2.6e-23   80.0   0.5   5   5   1.1e-06     0.001   15.2   0.0   532   561   603   632   560   648 0.78 NC_011149.1_46 # 53852 # 56686 # 1 # ID=1_46;partial=00;start_type=ATG;rbs_motif=GGA/GAG/AGG;rbs_spacer=5-10bp;gc_cont=0.549
NC_011149.1:2215328-2217361|+ -            678 1674at91347          -            714   2.1e-12   43.9   0.1   1   3   3.2e-13   2.8e-10   36.9   0.0    32   180     6   151     2   157 0.85 NC_011149.1_2087 # 2215328 # 2217361 # 1 # ID=1_2087;partial=00;start_type=ATG;rbs_motif=AGxAG;rbs_spacer=11-12bp;gc_cont=0.549
NC_011149.1:2215328-2217361|+ -            678 1674at91347          -            714   2.1e-12   43.9   0.1   2   3      0.48   4.4e+02   -3.4   0.0   341   370   214   244   210   246 0.76 NC_011149.1_2087 # 2215328 # 2217361 # 1 # ID=1_2087;partial=00;start_type=ATG;rbs_motif=AGxAG;rbs_spacer=11-12bp;gc_cont=0.549
NC_011149.1:2215328-2217361|+ -            678 1674at91347          -            714   2.1e-12   43.9   0.1   3   3     0.002       1.8    4.4   0.0   532   560   332   360   319   456 0.83 NC_011149.1_2087 # 2215328 # 2217361 # 1 # ID=1_2087;partial=00;start_type=ATG;rbs_motif=AGxAG;rbs_spacer=11-12bp;gc_cont=0.549
NC_011149.1:581983-583368|+   -            462 1674at91347          -            714   2.1e-07   27.4   0.9   1   2   0.00044       0.4    6.6   0.2    47    70    36    59    19    65 0.91 NC_011149.1_522 # 581983 # 583368 # 1 # ID=1_522;partial=00;start_type=ATG;rbs_motif=GGA/GAG/AGG;rbs_spacer=5-10bp;gc_cont=0.552
NC_011149.1:581983-583368|+   -            462 1674at91347          -            714   2.1e-07   27.4   0.9   2   2   6.6e-08     6e-05   19.3   0.0   514   589   247   321   235   331 0.87 NC_011149.1_522 # 581983 # 583368 # 1 # ID=1_522;partial=00;start_type=ATG;rbs_motif=GGA/GAG/AGG;rbs_spacer=5-10bp;gc_cont=0.552
#
# Program:         hmmsearch
# Version:         3.4 (Aug 2023)
# Pipeline mode:   SEARCH
# Query file:      /Users/dizzler/Projects/School/BIOL4600-Capstone/databases/lineages/enterobacterales_odb10/hmms/1674at91347.hmm
# Target file:     /Users/dizzler/Projects/School/BIOL4600-Capstone/reports/busco-results/GCF_000020885.1_ASM2088v1_genomic.fna/prodigal_output/predicted_genes/predicted.faa
# Option settings: hmmsearch --domtblout /Users/dizzler/Projects/School/BIOL4600-Capstone/reports/busco-results/GCF_000020885.1_ASM2088v1_genomic.fna/run_enterobacterales_odb10/hmmer_output/1674at91347.out --cpu 1 /Users/dizzler/Projects/School/BIOL4600-Capstone/databases/lineages/enterobacterales_odb10/hmms/1674at91347.hmm /Users/dizzler/Projects/School/BIOL4600-Capstone/reports/busco-results/GCF_000020885.1_ASM2088v1_genomic.fna/prodigal_output/predicted_genes/predicted.faa 
# Current dir:     /Users/dizzler/Projects/School/BIOL4600-Capstone
# Date:            Wed Feb 25 22:54:25 2026
# [ok]
