#                                                                                     --- full sequence --- -------------- this domain -------------   hmm coord   ali coord   env coord
# target name                 accession   tlen query name           accession   qlen   E-value  score  bias   #  of  c-Evalue  i-Evalue  score  bias  from    to  from    to  from    to  acc description of target
#         ------------------- ---------- ----- -------------------- ---------- ----- --------- ------ ----- --- --- --------- --------- ------ ----- ----- ----- ----- ----- ----- ----- ---- ---------------------
NC_011149.1:3994101-3995642|- -            514 16772at91347         -            446  5.5e-261  864.0   7.6   1   1  5.4e-263  4.1e-260  861.1   7.6     1   433     1   476     1   487 0.94 NC_011149.1_3729 # 3994101 # 3995642 # -1 # ID=1_3729;partial=00;start_type=ATG;rbs_motif=GGA/GAG/AGG;rbs_spacer=5-10bp;gc_cont=0.554
NC_011149.1:1718992-1720293|- -            434 16772at91347         -            446     3e-39  133.2   0.0   1   1   5.1e-42   3.8e-39  132.9   0.0    62   403    65   414    22   420 0.87 NC_011149.1_1597 # 1718992 # 1720293 # -1 # ID=1_1597;partial=00;start_type=ATG;rbs_motif=AGGAG;rbs_spacer=5-10bp;gc_cont=0.513
NC_011149.1:2945203-2946498|- -            432 16772at91347         -            446   3.2e-35  119.9   0.0   1   1   5.8e-38   4.3e-35  119.5   0.0    55   376    52   381    38   405 0.92 NC_011149.1_2746 # 2945203 # 2946498 # -1 # ID=1_2746;partial=00;start_type=ATG;rbs_motif=None;rbs_spacer=None;gc_cont=0.543
NC_011149.1:3991778-3993160|- -            461 16772at91347         -            446   3.4e-33  113.3   0.0   1   2   1.7e-34   1.3e-31  108.1   0.0    62   401    50   403    11   412 0.87 NC_011149.1_3727 # 3991778 # 3993160 # -1 # ID=1_3727;partial=00;start_type=ATG;rbs_motif=GGAG/GAGG;rbs_spacer=5-10bp;gc_cont=0.552
NC_011149.1:3991778-3993160|- -            461 16772at91347         -            446   3.4e-33  113.3   0.0   2   2     0.011       8.1    3.2   0.0    24    56   415   447   406   457 0.85 NC_011149.1_3727 # 3991778 # 3993160 # -1 # ID=1_3727;partial=00;start_type=ATG;rbs_motif=GGAG/GAGG;rbs_spacer=5-10bp;gc_cont=0.552
NC_011149.1:1144011-1145381|- -            457 16772at91347         -            446   9.6e-31  105.2   0.0   1   1     2e-33   1.5e-30  104.6   0.0    87   385   109   418   102   441 0.82 NC_011149.1_1041 # 1144011 # 1145381 # -1 # ID=1_1041;partial=00;start_type=ATG;rbs_motif=GGAG/GAGG;rbs_spacer=5-10bp;gc_cont=0.598
NC_011149.1:4045331-4046590|+ -            420 16772at91347         -            446    0.0071   13.3   0.1   1   1   1.5e-05     0.011   12.7   0.0   135   255   161   276   153   326 0.77 NC_011149.1_3771 # 4045331 # 4046590 # 1 # ID=1_3771;partial=00;start_type=ATG;rbs_motif=None;rbs_spacer=None;gc_cont=0.527
#
# Program:         hmmsearch
# Version:         3.4 (Aug 2023)
# Pipeline mode:   SEARCH
# Query file:      /Users/dizzler/Projects/School/BIOL4600-Capstone/busco_downloads/lineages/enterobacterales_odb10/hmms/16772at91347.hmm
# Target file:     reports/busco-results/GCF_000020885.1_ASM2088v1_genomic.fna/prodigal_output/predicted_genes/predicted.faa
# Option settings: hmmsearch --domtblout reports/busco-results/GCF_000020885.1_ASM2088v1_genomic.fna/run_enterobacterales_odb10/hmmer_output/16772at91347.out --cpu 1 /Users/dizzler/Projects/School/BIOL4600-Capstone/busco_downloads/lineages/enterobacterales_odb10/hmms/16772at91347.hmm reports/busco-results/GCF_000020885.1_ASM2088v1_genomic.fna/prodigal_output/predicted_genes/predicted.faa 
# Current dir:     /Users/dizzler/Projects/School/BIOL4600-Capstone
# Date:            Sat Feb 21 23:23:26 2026
# [ok]
