#                                                                                     --- full sequence --- -------------- this domain -------------   hmm coord   ali coord   env coord
# target name                 accession   tlen query name           accession   qlen   E-value  score  bias   #  of  c-Evalue  i-Evalue  score  bias  from    to  from    to  from    to  acc description of target
#         ------------------- ---------- ----- -------------------- ---------- ----- --------- ------ ----- --- --- --------- --------- ------ ----- ----- ----- ----- ----- ----- ----- ---- ---------------------
NC_011149.1:3991778-3993160|- -            461 17649at91347         -            402  2.1e-244  808.7   5.7   1   2     5e-39   3.2e-36  123.1   0.8     1    84     3   102     3   109 0.94 NC_011149.1_3727 # 3991778 # 3993160 # -1 # ID=1_3727;partial=00;start_type=ATG;rbs_motif=GGAG/GAGG;rbs_spacer=5-10bp;gc_cont=0.552
NC_011149.1:3991778-3993160|- -            461 17649at91347         -            402  2.1e-244  808.7   5.7   2   2  1.2e-210  7.6e-208  688.3   0.3    83   399   124   452   119   458 0.97 NC_011149.1_3727 # 3991778 # 3993160 # -1 # ID=1_3727;partial=00;start_type=ATG;rbs_motif=GGAG/GAGG;rbs_spacer=5-10bp;gc_cont=0.552
NC_011149.1:1144011-1145381|- -            457 17649at91347         -            402   5.7e-36  122.3   0.6   1   1   1.8e-37   1.2e-34  117.9   0.6    84   332   157   409    79   439 0.87 NC_011149.1_1041 # 1144011 # 1145381 # -1 # ID=1_1041;partial=00;start_type=ATG;rbs_motif=GGAG/GAGG;rbs_spacer=5-10bp;gc_cont=0.598
NC_011149.1:1718992-1720293|- -            434 17649at91347         -            402   2.7e-35  120.1   0.2   1   1   5.4e-36   3.5e-33  113.1   0.2    59   330    90   385    55   412 0.79 NC_011149.1_1597 # 1718992 # 1720293 # -1 # ID=1_1597;partial=00;start_type=ATG;rbs_motif=AGGAG;rbs_spacer=5-10bp;gc_cont=0.513
NC_011149.1:2945203-2946498|- -            432 17649at91347         -            402   1.1e-34  118.1   0.1   1   2      0.19   1.3e+02   -0.7   0.0    44    85    63   103    44   132 0.73 NC_011149.1_2746 # 2945203 # 2946498 # -1 # ID=1_2746;partial=00;start_type=ATG;rbs_motif=None;rbs_spacer=None;gc_cont=0.543
NC_011149.1:2945203-2946498|- -            432 17649at91347         -            402   1.1e-34  118.1   0.1   2   2     6e-37   3.9e-34  116.3   0.0    86   330   136   382   117   420 0.86 NC_011149.1_2746 # 2945203 # 2946498 # -1 # ID=1_2746;partial=00;start_type=ATG;rbs_motif=None;rbs_spacer=None;gc_cont=0.543
NC_011149.1:3994101-3995642|- -            514 17649at91347         -            402   1.1e-18   65.3   3.4   1   2   4.3e-08   2.8e-05   21.2   0.3    42    84    73   121    61   140 0.68 NC_011149.1_3729 # 3994101 # 3995642 # -1 # ID=1_3729;partial=00;start_type=ATG;rbs_motif=GGA/GAG/AGG;rbs_spacer=5-10bp;gc_cont=0.554
NC_011149.1:3994101-3995642|- -            514 17649at91347         -            402   1.1e-18   65.3   3.4   2   2     5e-15   3.2e-12   44.1   0.2    86   326   146   405   135   437 0.80 NC_011149.1_3729 # 3994101 # 3995642 # -1 # ID=1_3729;partial=00;start_type=ATG;rbs_motif=GGA/GAG/AGG;rbs_spacer=5-10bp;gc_cont=0.554
NC_011149.1:4045331-4046590|+ -            420 17649at91347         -            402   1.7e-08   31.8   0.0   1   1     4e-11   2.6e-08   31.2   0.0    90   312   159   378   152   405 0.87 NC_011149.1_3771 # 4045331 # 4046590 # 1 # ID=1_3771;partial=00;start_type=ATG;rbs_motif=None;rbs_spacer=None;gc_cont=0.527
NC_011149.1:944687-945598|+   -            304 17649at91347         -            402     0.003   14.5   0.0   1   1   7.5e-06    0.0048   13.8   0.0   277   333    34    90    21    95 0.92 NC_011149.1_864 # 944687 # 945598 # 1 # ID=1_864;partial=00;start_type=ATG;rbs_motif=AGGA;rbs_spacer=5-10bp;gc_cont=0.581
#
# Program:         hmmsearch
# Version:         3.4 (Aug 2023)
# Pipeline mode:   SEARCH
# Query file:      /Users/dizzler/Projects/School/BIOL4600-Capstone/databases/lineages/enterobacterales_odb10/hmms/17649at91347.hmm
# Target file:     /Users/dizzler/Projects/School/BIOL4600-Capstone/reports/busco-results/GCF_000020885.1_ASM2088v1_genomic.fna/prodigal_output/predicted_genes/predicted.faa
# Option settings: hmmsearch --domtblout /Users/dizzler/Projects/School/BIOL4600-Capstone/reports/busco-results/GCF_000020885.1_ASM2088v1_genomic.fna/run_enterobacterales_odb10/hmmer_output/17649at91347.out --cpu 1 /Users/dizzler/Projects/School/BIOL4600-Capstone/databases/lineages/enterobacterales_odb10/hmms/17649at91347.hmm /Users/dizzler/Projects/School/BIOL4600-Capstone/reports/busco-results/GCF_000020885.1_ASM2088v1_genomic.fna/prodigal_output/predicted_genes/predicted.faa 
# Current dir:     /Users/dizzler/Projects/School/BIOL4600-Capstone
# Date:            Wed Feb 25 22:54:26 2026
# [ok]
