#                                                                                     --- full sequence --- -------------- this domain -------------   hmm coord   ali coord   env coord
# target name                 accession   tlen query name           accession   qlen   E-value  score  bias   #  of  c-Evalue  i-Evalue  score  bias  from    to  from    to  from    to  acc description of target
#         ------------------- ---------- ----- -------------------- ---------- ----- --------- ------ ----- --- --- --------- --------- ------ ----- ----- ----- ----- ----- ----- ----- ---- ---------------------
NC_011149.1:1390620-1393217|+ -            866 2121at91347          -            705         0 1324.4   6.2   1   4   6.2e-24   6.9e-21   72.0   0.1     1    43     1    43     1    49 0.96 NC_011149.1_1286 # 1390620 # 1393217 # 1 # ID=1_1286;partial=00;start_type=ATG;rbs_motif=GGA/GAG/AGG;rbs_spacer=5-10bp;gc_cont=0.538
NC_011149.1:1390620-1393217|+ -            866 2121at91347          -            705         0 1324.4   6.2   2   4   6.9e-96   7.8e-93  309.8   0.2    41   196    64   227    54   237 0.95 NC_011149.1_1286 # 1390620 # 1393217 # 1 # ID=1_1286;partial=00;start_type=ATG;rbs_motif=GGA/GAG/AGG;rbs_spacer=5-10bp;gc_cont=0.538
NC_011149.1:1390620-1393217|+ -            866 2121at91347          -            705         0 1324.4   6.2   3   4   5.7e-76   6.4e-73  244.0   0.0   192   353   268   457   248   465 0.85 NC_011149.1_1286 # 1390620 # 1393217 # 1 # ID=1_1286;partial=00;start_type=ATG;rbs_motif=GGA/GAG/AGG;rbs_spacer=5-10bp;gc_cont=0.538
NC_011149.1:1390620-1393217|+ -            866 2121at91347          -            705         0 1324.4   6.2   4   4  8.9e-214    1e-210  699.5   0.1   339   705   465   860   457   860 0.95 NC_011149.1_1286 # 1390620 # 1393217 # 1 # ID=1_1286;partial=00;start_type=ATG;rbs_motif=GGA/GAG/AGG;rbs_spacer=5-10bp;gc_cont=0.538
NC_011149.1:1834674-1836623|- -            650 2121at91347          -            705   5.1e-16   55.9   0.2   1   3   9.4e-10   1.1e-06   25.1   0.0    59   194    81   227    68   239 0.77 NC_011149.1_1712 # 1834674 # 1836623 # -1 # ID=1_1712;partial=00;start_type=ATG;rbs_motif=3Base/5BMM;rbs_spacer=13-15bp;gc_cont=0.564
NC_011149.1:1834674-1836623|- -            650 2121at91347          -            705   5.1e-16   55.9   0.2   2   3   3.1e-09   3.4e-06   23.4   0.0   193   317   277   422   272   441 0.71 NC_011149.1_1712 # 1834674 # 1836623 # -1 # ID=1_1712;partial=00;start_type=ATG;rbs_motif=3Base/5BMM;rbs_spacer=13-15bp;gc_cont=0.564
NC_011149.1:1834674-1836623|- -            650 2121at91347          -            705   5.1e-16   55.9   0.2   3   3    0.0051       5.7    2.9   0.0   332   438   479   593   431   607 0.72 NC_011149.1_1712 # 1834674 # 1836623 # -1 # ID=1_1712;partial=00;start_type=ATG;rbs_motif=3Base/5BMM;rbs_spacer=13-15bp;gc_cont=0.564
NC_011148.1:7793-9973|-       -            727 2121at91347          -            705   1.4e-07   28.0   3.0   1   4   3.9e-07   0.00043   16.5   0.0    67   194    92   228    82   247 0.78 NC_011148.1_21 # 7793 # 9973 # -1 # ID=2_21;partial=00;start_type=ATG;rbs_motif=AGxAGG/AGGxGG;rbs_spacer=3-4bp;gc_cont=0.396
NC_011148.1:7793-9973|-       -            727 2121at91347          -            705   1.4e-07   28.0   3.0   2   4    0.0095        11    2.0   0.0   272   324   375   430   272   445 0.70 NC_011148.1_21 # 7793 # 9973 # -1 # ID=2_21;partial=00;start_type=ATG;rbs_motif=AGxAGG/AGGxGG;rbs_spacer=3-4bp;gc_cont=0.396
NC_011148.1:7793-9973|-       -            727 2121at91347          -            705   1.4e-07   28.0   3.0   3   4   0.00025      0.28    7.2   0.0   358   386   530   558   495   573 0.74 NC_011148.1_21 # 7793 # 9973 # -1 # ID=2_21;partial=00;start_type=ATG;rbs_motif=AGxAGG/AGGxGG;rbs_spacer=3-4bp;gc_cont=0.396
NC_011148.1:7793-9973|-       -            727 2121at91347          -            705   1.4e-07   28.0   3.0   4   4      0.29   3.3e+02   -2.9   0.3   553   590   636   671   620   682 0.73 NC_011148.1_21 # 7793 # 9973 # -1 # ID=2_21;partial=00;start_type=ATG;rbs_motif=AGxAGG/AGGxGG;rbs_spacer=3-4bp;gc_cont=0.396
NC_011149.1:3490680-3491222|- -            181 2121at91347          -            705   1.8e-07   27.7   2.5   1   3   1.6e-08   1.8e-05   21.1   0.1   558   640    14    93     4    97 0.83 NC_011149.1_3260 # 3490680 # 3491222 # -1 # ID=1_3260;partial=00;start_type=ATG;rbs_motif=GGA/GAG/AGG;rbs_spacer=5-10bp;gc_cont=0.532
NC_011149.1:3490680-3491222|- -            181 2121at91347          -            705   1.8e-07   27.7   2.5   2   3   3.7e-06    0.0042   13.2   0.5   549   596    54   102    35   135 0.74 NC_011149.1_3260 # 3490680 # 3491222 # -1 # ID=1_3260;partial=00;start_type=ATG;rbs_motif=GGA/GAG/AGG;rbs_spacer=5-10bp;gc_cont=0.532
NC_011149.1:3490680-3491222|- -            181 2121at91347          -            705   1.8e-07   27.7   2.5   3   3     0.043        49   -0.2   0.1   459   497   102   140    97   152 0.68 NC_011149.1_3260 # 3490680 # 3491222 # -1 # ID=1_3260;partial=00;start_type=ATG;rbs_motif=GGA/GAG/AGG;rbs_spacer=5-10bp;gc_cont=0.532
#
# Program:         hmmsearch
# Version:         3.4 (Aug 2023)
# Pipeline mode:   SEARCH
# Query file:      /Users/dizzler/Projects/School/BIOL4600-Capstone/databases/lineages/enterobacterales_odb10/hmms/2121at91347.hmm
# Target file:     /Users/dizzler/Projects/School/BIOL4600-Capstone/reports/busco-results/GCF_000020885.1_ASM2088v1_genomic.fna/prodigal_output/predicted_genes/predicted.faa
# Option settings: hmmsearch --domtblout /Users/dizzler/Projects/School/BIOL4600-Capstone/reports/busco-results/GCF_000020885.1_ASM2088v1_genomic.fna/run_enterobacterales_odb10/hmmer_output/2121at91347.out --cpu 1 /Users/dizzler/Projects/School/BIOL4600-Capstone/databases/lineages/enterobacterales_odb10/hmms/2121at91347.hmm /Users/dizzler/Projects/School/BIOL4600-Capstone/reports/busco-results/GCF_000020885.1_ASM2088v1_genomic.fna/prodigal_output/predicted_genes/predicted.faa 
# Current dir:     /Users/dizzler/Projects/School/BIOL4600-Capstone
# Date:            Wed Feb 25 22:54:26 2026
# [ok]
