#                                                                                     --- full sequence --- -------------- this domain -------------   hmm coord   ali coord   env coord
# target name                 accession   tlen query name           accession   qlen   E-value  score  bias   #  of  c-Evalue  i-Evalue  score  bias  from    to  from    to  from    to  acc description of target
#         ------------------- ---------- ----- -------------------- ---------- ----- --------- ------ ----- --- --- --------- --------- ------ ----- ----- ----- ----- ----- ----- ----- ---- ---------------------
NC_011149.1:2759953-2761314|- -            454 22268at91347         -            406    4e-204  676.0  15.8   1   1  1.8e-206  6.9e-204  675.2  15.8     1   406     1   446     1   446 0.95 NC_011149.1_2568 # 2759953 # 2761314 # -1 # ID=1_2568;partial=00;start_type=ATG;rbs_motif=GGA/GAG/AGG;rbs_spacer=5-10bp;gc_cont=0.550
NC_011149.1:3656012-3657487|- -            492 22268at91347         -            406   6.3e-48  161.6   2.0   1   1   2.4e-50     9e-48  161.1   2.0    21   267   211   477   189   490 0.80 NC_011149.1_3428 # 3656012 # 3657487 # -1 # ID=1_3428;partial=00;start_type=ATG;rbs_motif=4Base/6BMM;rbs_spacer=13-15bp;gc_cont=0.551
NC_011149.1:462558-463667|-   -            370 22268at91347         -            406     0.003   14.5   0.0   1   2   4.3e-05     0.016   12.0   0.0    85   135    33    84    26   112 0.87 NC_011149.1_412 # 462558 # 463667 # -1 # ID=1_412;partial=00;start_type=ATG;rbs_motif=GGA/GAG/AGG;rbs_spacer=5-10bp;gc_cont=0.586
NC_011149.1:462558-463667|-   -            370 22268at91347         -            406     0.003   14.5   0.0   2   2      0.29   1.1e+02   -0.6   0.0   240   283   214   259   169   261 0.66 NC_011149.1_412 # 462558 # 463667 # -1 # ID=1_412;partial=00;start_type=ATG;rbs_motif=GGA/GAG/AGG;rbs_spacer=5-10bp;gc_cont=0.586
NC_011149.1:3645992-3646705|- -            238 22268at91347         -            406    0.0043   13.9   0.0   1   1   1.8e-05    0.0067   13.3   0.0    83   116    18    51     9    68 0.93 NC_011149.1_3418 # 3645992 # 3646705 # -1 # ID=1_3418;partial=00;start_type=ATG;rbs_motif=GGAG/GAGG;rbs_spacer=5-10bp;gc_cont=0.598
NC_011149.1:2826045-2829701|+ -           1219 22268at91347         -            406    0.0093   12.8   0.1   1   2    0.0076       2.9    4.6   0.0    85   119   356   390   351   394 0.92 NC_011149.1_2629 # 2826045 # 2829701 # 1 # ID=1_2629;partial=00;start_type=ATG;rbs_motif=AGGAGG;rbs_spacer=3-4bp;gc_cont=0.589
NC_011149.1:2826045-2829701|+ -           1219 22268at91347         -            406    0.0093   12.8   0.1   2   2    0.0034       1.3    5.8   0.0    85   117   983  1015   978  1019 0.88 NC_011149.1_2629 # 2826045 # 2829701 # 1 # ID=1_2629;partial=00;start_type=ATG;rbs_motif=AGGAGG;rbs_spacer=3-4bp;gc_cont=0.589
NC_011149.1:845617-847353|-   -            579 22268at91347         -            406      0.01   12.7   0.3   1   2    0.0054         2    5.1   0.0    90   122    27    59    21    62 0.83 NC_011149.1_772 # 845617 # 847353 # -1 # ID=1_772;partial=00;start_type=ATG;rbs_motif=GGAG/GAGG;rbs_spacer=5-10bp;gc_cont=0.560
NC_011149.1:845617-847353|-   -            579 22268at91347         -            406      0.01   12.7   0.3   2   2    0.0043       1.6    5.4   0.1    85   134   344   394   323   413 0.78 NC_011149.1_772 # 845617 # 847353 # -1 # ID=1_772;partial=00;start_type=ATG;rbs_motif=GGAG/GAGG;rbs_spacer=5-10bp;gc_cont=0.560
NC_011149.1:2864612-2865814|+ -            401 22268at91347         -            406     0.012   12.5   0.1   1   1   5.2e-05      0.02   11.7   0.1    86   136    44    95    23   114 0.83 NC_011149.1_2665 # 2864612 # 2865814 # 1 # ID=1_2665;partial=00;start_type=ATG;rbs_motif=4Base/6BMM;rbs_spacer=13-15bp;gc_cont=0.504
NC_011149.1:2041456-2043216|- -            587 22268at91347         -            406     0.014   12.2   0.5   1   2    0.0029       1.1    6.0   0.0    93   133     5    46     1    68 0.81 NC_011149.1_1923 # 2041456 # 2043216 # -1 # ID=1_1923;partial=00;start_type=ATG;rbs_motif=AGGAG;rbs_spacer=5-10bp;gc_cont=0.580
NC_011149.1:2041456-2043216|- -            587 22268at91347         -            406     0.014   12.2   0.5   2   2    0.0098       3.7    4.3   0.1    91   118   321   348   314   361 0.86 NC_011149.1_1923 # 2041456 # 2043216 # -1 # ID=1_1923;partial=00;start_type=ATG;rbs_motif=AGGAG;rbs_spacer=5-10bp;gc_cont=0.580
NC_011149.1:1287005-1287817|- -            271 22268at91347         -            406     0.016   12.1   0.6   1   2   5.8e-05     0.022   11.6   0.2    97   133     4    41     1    85 0.87 NC_011149.1_1188 # 1287005 # 1287817 # -1 # ID=1_1188;partial=00;start_type=ATG;rbs_motif=AGGA;rbs_spacer=5-10bp;gc_cont=0.515
NC_011149.1:1287005-1287817|- -            271 22268at91347         -            406     0.016   12.1   0.6   2   2       2.4   9.1e+02   -3.6   0.0   263   283   182   203   170   206 0.72 NC_011149.1_1188 # 1287005 # 1287817 # -1 # ID=1_1188;partial=00;start_type=ATG;rbs_motif=AGGA;rbs_spacer=5-10bp;gc_cont=0.515
NC_011149.1:2059040-2059855|- -            272 22268at91347         -            406     0.033   11.0   0.0   1   2     0.002      0.76    6.5   0.0    86   125    17    56    14    64 0.88 NC_011149.1_1941 # 2059040 # 2059855 # -1 # ID=1_1941;partial=00;start_type=ATG;rbs_motif=AGGA;rbs_spacer=5-10bp;gc_cont=0.528
NC_011149.1:2059040-2059855|- -            272 22268at91347         -            406     0.033   11.0   0.0   2   2      0.04        15    2.2   0.0   101   133   164   196   113   206 0.82 NC_011149.1_1941 # 2059040 # 2059855 # -1 # ID=1_1941;partial=00;start_type=ATG;rbs_motif=AGGA;rbs_spacer=5-10bp;gc_cont=0.528
NC_011149.1:3646707-3647474|- -            256 22268at91347         -            406     0.045   10.6   0.0   1   1   0.00018     0.066   10.0   0.0    85   121    20    56    13    62 0.89 NC_011149.1_3419 # 3646707 # 3647474 # -1 # ID=1_3419;partial=00;start_type=ATG;rbs_motif=AGGAG;rbs_spacer=5-10bp;gc_cont=0.577
NC_011149.1:2223551-2224498|- -            316 22268at91347         -            406     0.054   10.3   0.0   1   1   0.00023     0.085    9.7   0.0    84   122    15    53    12    65 0.91 NC_011149.1_2096 # 2223551 # 2224498 # -1 # ID=1_2096;partial=00;start_type=ATG;rbs_motif=GGAG/GAGG;rbs_spacer=5-10bp;gc_cont=0.579
#
# Program:         hmmsearch
# Version:         3.4 (Aug 2023)
# Pipeline mode:   SEARCH
# Query file:      /Users/dizzler/Projects/School/BIOL4600-Capstone/databases/lineages/enterobacterales_odb10/hmms/22268at91347.hmm
# Target file:     /Users/dizzler/Projects/School/BIOL4600-Capstone/reports/busco-results/GCF_000020885.1_ASM2088v1_genomic.fna/prodigal_output/predicted_genes/predicted.faa
# Option settings: hmmsearch --domtblout /Users/dizzler/Projects/School/BIOL4600-Capstone/reports/busco-results/GCF_000020885.1_ASM2088v1_genomic.fna/run_enterobacterales_odb10/hmmer_output/22268at91347.out --cpu 1 /Users/dizzler/Projects/School/BIOL4600-Capstone/databases/lineages/enterobacterales_odb10/hmms/22268at91347.hmm /Users/dizzler/Projects/School/BIOL4600-Capstone/reports/busco-results/GCF_000020885.1_ASM2088v1_genomic.fna/prodigal_output/predicted_genes/predicted.faa 
# Current dir:     /Users/dizzler/Projects/School/BIOL4600-Capstone
# Date:            Wed Feb 25 22:54:26 2026
# [ok]
