#                                                                                     --- full sequence --- -------------- this domain -------------   hmm coord   ali coord   env coord
# target name                 accession   tlen query name           accession   qlen   E-value  score  bias   #  of  c-Evalue  i-Evalue  score  bias  from    to  from    to  from    to  acc description of target
#         ------------------- ---------- ----- -------------------- ---------- ----- --------- ------ ----- --- --- --------- --------- ------ ----- ----- ----- ----- ----- ----- ----- ---- ---------------------
NC_011149.1:184309-185733|+   -            475 25383at91347         -            399  1.9e-208  690.1   4.6   1   1    8e-210  2.1e-207  686.7   4.6     1   399     5   468     5   468 0.92 NC_011149.1_157 # 184309 # 185733 # 1 # ID=1_157;partial=00;start_type=ATG;rbs_motif=GGAG/GAGG;rbs_spacer=5-10bp;gc_cont=0.540
NC_011149.1:4262814-4264214|- -            467 25383at91347         -            399   7.4e-50  167.9   0.0   1   2   2.6e-26   6.8e-24   82.4   0.0     4   189     8   223     6   243 0.81 NC_011149.1_3971 # 4262814 # 4264214 # -1 # ID=1_3971;partial=00;start_type=ATG;rbs_motif=GGA/GAG/AGG;rbs_spacer=5-10bp;gc_cont=0.527
NC_011149.1:4262814-4264214|- -            467 25383at91347         -            399   7.4e-50  167.9   0.0   2   2   1.5e-26     4e-24   83.2   0.2   222   387   284   458   252   460 0.84 NC_011149.1_3971 # 4262814 # 4264214 # -1 # ID=1_3971;partial=00;start_type=ATG;rbs_motif=GGA/GAG/AGG;rbs_spacer=5-10bp;gc_cont=0.527
NC_011149.1:603201-604526|+   -            442 25383at91347         -            399   4.4e-48  162.1   0.1   1   1   3.9e-50     1e-47  160.8   0.1     3   384     4   434     2   439 0.82 NC_011149.1_548 # 603201 # 604526 # 1 # ID=1_548;partial=00;start_type=ATG;rbs_motif=GGAG/GAGG;rbs_spacer=5-10bp;gc_cont=0.526
NC_011149.1:3685861-3687213|+ -            451 25383at91347         -            399   1.1e-41  141.0   0.9   1   1   3.7e-42   9.7e-40  134.6   0.9     5   382     7   445     3   449 0.76 NC_011149.1_3455 # 3685861 # 3687213 # 1 # ID=1_3455;partial=00;start_type=ATG;rbs_motif=AGGAG;rbs_spacer=5-10bp;gc_cont=0.555
NC_011149.1:950570-951538|-   -            323 25383at91347         -            399   1.5e-06   25.3   0.3   1   3   1.6e-05    0.0043   13.9   0.0     3    36     7    40     5    47 0.87 NC_011149.1_869 # 950570 # 951538 # -1 # ID=1_869;partial=00;start_type=ATG;rbs_motif=GGA/GAG/AGG;rbs_spacer=3-4bp;gc_cont=0.548
NC_011149.1:950570-951538|-   -            323 25383at91347         -            399   1.5e-06   25.3   0.3   2   3      0.25        65    0.1   0.0   146   176   147   177   107   216 0.79 NC_011149.1_869 # 950570 # 951538 # -1 # ID=1_869;partial=00;start_type=ATG;rbs_motif=GGA/GAG/AGG;rbs_spacer=3-4bp;gc_cont=0.548
NC_011149.1:950570-951538|-   -            323 25383at91347         -            399   1.5e-06   25.3   0.3   3   3    0.0014      0.38    7.5   0.0   200   252   226   290   218   300 0.74 NC_011149.1_869 # 950570 # 951538 # -1 # ID=1_869;partial=00;start_type=ATG;rbs_motif=GGA/GAG/AGG;rbs_spacer=3-4bp;gc_cont=0.548
NC_011149.1:3539530-3542073|+ -            848 25383at91347         -            399   1.8e-06   25.0   0.0   1   3   1.3e-05    0.0035   14.2   0.0   107   176    98   176    47   199 0.74 NC_011149.1_3331 # 3539530 # 3542073 # 1 # ID=1_3331;partial=00;start_type=ATG;rbs_motif=GGAG/GAGG;rbs_spacer=5-10bp;gc_cont=0.569
NC_011149.1:3539530-3542073|+ -            848 25383at91347         -            399   1.8e-06   25.0   0.0   2   3    0.0086       2.3    4.9   0.0   221   279   253   315   234   329 0.82 NC_011149.1_3331 # 3539530 # 3542073 # 1 # ID=1_3331;partial=00;start_type=ATG;rbs_motif=GGAG/GAGG;rbs_spacer=5-10bp;gc_cont=0.569
NC_011149.1:3539530-3542073|+ -            848 25383at91347         -            399   1.8e-06   25.0   0.0   3   3     0.075        20    1.8   0.0   328   375   357   406   345   413 0.83 NC_011149.1_3331 # 3539530 # 3542073 # 1 # ID=1_3331;partial=00;start_type=ATG;rbs_motif=GGAG/GAGG;rbs_spacer=5-10bp;gc_cont=0.569
NC_011149.1:3416204-3417622|+ -            473 25383at91347         -            399   6.3e-06   23.2   0.5   1   2   0.00011      0.03   11.1   0.1     4    40   148   184   145   199 0.90 NC_011149.1_3193 # 3416204 # 3417622 # 1 # ID=1_3193;partial=00;start_type=ATG;rbs_motif=AGGA;rbs_spacer=5-10bp;gc_cont=0.565
NC_011149.1:3416204-3417622|+ -            473 25383at91347         -            399   6.3e-06   23.2   0.5   2   2    0.0003      0.08    9.7   0.0   221   271   412   466   383   470 0.79 NC_011149.1_3193 # 3416204 # 3417622 # 1 # ID=1_3193;partial=00;start_type=ATG;rbs_motif=AGGA;rbs_spacer=5-10bp;gc_cont=0.565
NC_011149.1:2246983-2248224|+ -            414 25383at91347         -            399     2e-05   21.6   3.5   1   2   0.00011     0.029   11.2   0.0     4    39   126   161   123   190 0.91 NC_011149.1_2118 # 2246983 # 2248224 # 1 # ID=1_2118;partial=00;start_type=ATG;rbs_motif=AGGA;rbs_spacer=5-10bp;gc_cont=0.506
NC_011149.1:2246983-2248224|+ -            414 25383at91347         -            399     2e-05   21.6   3.5   2   2     0.006       1.6    5.4   2.5   142   271   251   403   243   410 0.54 NC_011149.1_2118 # 2246983 # 2248224 # 1 # ID=1_2118;partial=00;start_type=ATG;rbs_motif=AGGA;rbs_spacer=5-10bp;gc_cont=0.506
NC_011149.1:2895023-2896156|+ -            378 25383at91347         -            399   0.00016   18.6   0.0   1   1     1e-05    0.0027   14.6   0.0   142   250   138   274    96   284 0.64 NC_011149.1_2693 # 2895023 # 2896156 # 1 # ID=1_2693;partial=00;start_type=ATG;rbs_motif=GGAGG;rbs_spacer=3-4bp;gc_cont=0.564
NC_011149.1:646546-648111|+   -            522 25383at91347         -            399   0.00039   17.3   1.2   1   1   0.00019      0.05   10.4   1.2     4   203   214   415   212   498 0.59 NC_011149.1_586 # 646546 # 648111 # 1 # ID=1_586;partial=00;start_type=ATG;rbs_motif=GGAG/GAGG;rbs_spacer=5-10bp;gc_cont=0.551
NC_011149.1:2550259-2552220|- -            654 25383at91347         -            399    0.0007   16.5   0.3   1   2   0.00051      0.14    9.0   0.1     4    40   329   365   326   381 0.90 NC_011149.1_2391 # 2550259 # 2552220 # -1 # ID=1_2391;partial=00;start_type=ATG;rbs_motif=AGxAGG/AGGxGG;rbs_spacer=5-10bp;gc_cont=0.585
NC_011149.1:2550259-2552220|- -            654 25383at91347         -            399    0.0007   16.5   0.3   2   2    0.0074         2    5.1   0.0   220   271   592   647   567   650 0.74 NC_011149.1_2391 # 2550259 # 2552220 # -1 # ID=1_2391;partial=00;start_type=ATG;rbs_motif=AGxAGG/AGGxGG;rbs_spacer=5-10bp;gc_cont=0.585
NC_011149.1:3309185-3311203|+ -            673 25383at91347         -            399    0.0018   15.1   0.0   1   2    0.0004      0.11    9.3   0.0     3    50   375   422   373   428 0.88 NC_011149.1_3087 # 3309185 # 3311203 # 1 # ID=1_3087;partial=00;start_type=ATG;rbs_motif=GGA/GAG/AGG;rbs_spacer=5-10bp;gc_cont=0.587
NC_011149.1:3309185-3311203|+ -            673 25383at91347         -            399    0.0018   15.1   0.0   2   2     0.025       6.5    3.4   0.0   108   164   454   514   427   527 0.79 NC_011149.1_3087 # 3309185 # 3311203 # 1 # ID=1_3087;partial=00;start_type=ATG;rbs_motif=GGA/GAG/AGG;rbs_spacer=5-10bp;gc_cont=0.587
NC_011149.1:2341719-2343347|+ -            543 25383at91347         -            399    0.0028   14.5   0.1   1   1   1.5e-05     0.004   14.0   0.1     3    53     9    60     7    84 0.81 NC_011149.1_2202 # 2341719 # 2343347 # 1 # ID=1_2202;partial=00;start_type=ATG;rbs_motif=GGAG/GAGG;rbs_spacer=5-10bp;gc_cont=0.586
NC_011149.1:1782487-1783773|+ -            429 25383at91347         -            399     0.003   14.4   0.2   1   1   1.8e-05    0.0047   13.8   0.2     4    41     7    44     4    59 0.86 NC_011149.1_1659 # 1782487 # 1783773 # 1 # ID=1_1659;partial=00;start_type=ATG;rbs_motif=AGGAG;rbs_spacer=5-10bp;gc_cont=0.555
NC_011149.1:1227760-1228938|- -            393 25383at91347         -            399     0.012   12.4   0.0   1   1   6.3e-05     0.017   12.0   0.0     3    35    13    45    11    73 0.94 NC_011149.1_1123 # 1227760 # 1228938 # -1 # ID=1_1123;partial=00;start_type=ATG;rbs_motif=GGA/GAG/AGG;rbs_spacer=5-10bp;gc_cont=0.567
NC_011149.1:3203793-3205094|- -            434 25383at91347         -            399     0.043   10.6   0.5   1   1   0.00024     0.064   10.0   0.5     1    45    28    74    28   111 0.84 NC_011149.1_2987 # 3203793 # 3205094 # -1 # ID=1_2987;partial=00;start_type=ATG;rbs_motif=GGA/GAG/AGG;rbs_spacer=5-10bp;gc_cont=0.494
NC_011149.1:3999565-4001454|- -            630 25383at91347         -            399     0.052   10.3   0.1   1   1    0.0003     0.079    9.7   0.1     4    43     8    48     6    76 0.82 NC_011149.1_3736 # 3999565 # 4001454 # -1 # ID=1_3736;partial=00;start_type=ATG;rbs_motif=GGAG/GAGG;rbs_spacer=5-10bp;gc_cont=0.551
#
# Program:         hmmsearch
# Version:         3.4 (Aug 2023)
# Pipeline mode:   SEARCH
# Query file:      /Users/dizzler/Projects/School/BIOL4600-Capstone/databases/lineages/enterobacterales_odb10/hmms/25383at91347.hmm
# Target file:     /Users/dizzler/Projects/School/BIOL4600-Capstone/reports/busco-results/GCF_000020885.1_ASM2088v1_genomic.fna/prodigal_output/predicted_genes/predicted.faa
# Option settings: hmmsearch --domtblout /Users/dizzler/Projects/School/BIOL4600-Capstone/reports/busco-results/GCF_000020885.1_ASM2088v1_genomic.fna/run_enterobacterales_odb10/hmmer_output/25383at91347.out --cpu 1 /Users/dizzler/Projects/School/BIOL4600-Capstone/databases/lineages/enterobacterales_odb10/hmms/25383at91347.hmm /Users/dizzler/Projects/School/BIOL4600-Capstone/reports/busco-results/GCF_000020885.1_ASM2088v1_genomic.fna/prodigal_output/predicted_genes/predicted.faa 
# Current dir:     /Users/dizzler/Projects/School/BIOL4600-Capstone
# Date:            Wed Feb 25 22:54:26 2026
# [ok]
