#                                                                                     --- full sequence --- -------------- this domain -------------   hmm coord   ali coord   env coord
# target name                 accession   tlen query name           accession   qlen   E-value  score  bias   #  of  c-Evalue  i-Evalue  score  bias  from    to  from    to  from    to  acc description of target
#         ------------------- ---------- ----- -------------------- ---------- ----- --------- ------ ----- --- --- --------- --------- ------ ----- ----- ----- ----- ----- ----- ----- ---- ---------------------
NC_011149.1:2705917-2707272|+ -            452 27820at91347         -            386  6.6e-197  652.3   9.3   1   2   3.1e-80   3.5e-77  258.2   0.1     1   161     5   182     5   195 0.90 NC_011149.1_2515 # 2705917 # 2707272 # 1 # ID=1_2515;partial=00;start_type=ATG;rbs_motif=AGxAG;rbs_spacer=11-12bp;gc_cont=0.499
NC_011149.1:2705917-2707272|+ -            452 27820at91347         -            386  6.6e-197  652.3   9.3   2   2  3.8e-122  4.3e-119  396.2   5.1   155   386   199   451   191   451 0.91 NC_011149.1_2515 # 2705917 # 2707272 # 1 # ID=1_2515;partial=00;start_type=ATG;rbs_motif=AGxAG;rbs_spacer=11-12bp;gc_cont=0.499
NC_011149.1:840771-842012|-   -            414 27820at91347         -            386   1.4e-09   35.7   0.6   1   3   0.00012      0.14    9.4   0.2    24    75    19    69     9   136 0.75 NC_011149.1_767 # 840771 # 842012 # -1 # ID=1_767;partial=00;start_type=ATG;rbs_motif=GGAG/GAGG;rbs_spacer=5-10bp;gc_cont=0.543
NC_011149.1:840771-842012|-   -            414 27820at91347         -            386   1.4e-09   35.7   0.6   2   3    0.0045         5    4.2   0.0   196   242   208   254   203   259 0.89 NC_011149.1_767 # 840771 # 842012 # -1 # ID=1_767;partial=00;start_type=ATG;rbs_motif=GGAG/GAGG;rbs_spacer=5-10bp;gc_cont=0.543
NC_011149.1:840771-842012|-   -            414 27820at91347         -            386   1.4e-09   35.7   0.6   3   3     2e-07   0.00023   18.5   0.1   281   337   274   330   267   351 0.84 NC_011149.1_767 # 840771 # 842012 # -1 # ID=1_767;partial=00;start_type=ATG;rbs_motif=GGAG/GAGG;rbs_spacer=5-10bp;gc_cont=0.543
NC_011149.1:1368682-1370142|- -            487 27820at91347         -            386   1.5e-06   25.7   0.1   1   3     0.054        61    0.7   0.0    24   132   129   239   114   251 0.62 NC_011149.1_1262 # 1368682 # 1370142 # -1 # ID=1_1262;partial=00;start_type=ATG;rbs_motif=AGGA/GGAG/GAGG;rbs_spacer=11-12bp;gc_cont=0.539
NC_011149.1:1368682-1370142|- -            487 27820at91347         -            386   1.5e-06   25.7   0.1   2   3     6e-05     0.067   10.4   0.0   196   245   322   371   316   376 0.87 NC_011149.1_1262 # 1368682 # 1370142 # -1 # ID=1_1262;partial=00;start_type=ATG;rbs_motif=AGGA/GGAG/GAGG;rbs_spacer=11-12bp;gc_cont=0.539
NC_011149.1:1368682-1370142|- -            487 27820at91347         -            386   1.5e-06   25.7   0.1   3   3   5.3e-05     0.059   10.6   0.0   286   333   393   440   382   452 0.89 NC_011149.1_1262 # 1368682 # 1370142 # -1 # ID=1_1262;partial=00;start_type=ATG;rbs_motif=AGGA/GGAG/GAGG;rbs_spacer=11-12bp;gc_cont=0.539
NC_011149.1:1979143-1980627|- -            495 27820at91347         -            386   0.00026   18.3   0.0   1   2      0.81   9.1e+02   -3.2   0.0    37    67    64    94    47   102 0.68 NC_011149.1_1859 # 1979143 # 1980627 # -1 # ID=1_1859;partial=00;start_type=ATG;rbs_motif=None;rbs_spacer=None;gc_cont=0.536
NC_011149.1:1979143-1980627|- -            495 27820at91347         -            386   0.00026   18.3   0.0   2   2   6.1e-07   0.00069   16.9   0.0   192   331   284   424   267   435 0.86 NC_011149.1_1859 # 1979143 # 1980627 # -1 # ID=1_1859;partial=00;start_type=ATG;rbs_motif=None;rbs_spacer=None;gc_cont=0.536
#
# Program:         hmmsearch
# Version:         3.4 (Aug 2023)
# Pipeline mode:   SEARCH
# Query file:      /Users/dizzler/Projects/School/BIOL4600-Capstone/busco_downloads/lineages/enterobacterales_odb10/hmms/27820at91347.hmm
# Target file:     reports/busco-results/GCF_000020885.1_ASM2088v1_genomic.fna/prodigal_output/predicted_genes/predicted.faa
# Option settings: hmmsearch --domtblout reports/busco-results/GCF_000020885.1_ASM2088v1_genomic.fna/run_enterobacterales_odb10/hmmer_output/27820at91347.out --cpu 1 /Users/dizzler/Projects/School/BIOL4600-Capstone/busco_downloads/lineages/enterobacterales_odb10/hmms/27820at91347.hmm reports/busco-results/GCF_000020885.1_ASM2088v1_genomic.fna/prodigal_output/predicted_genes/predicted.faa 
# Current dir:     /Users/dizzler/Projects/School/BIOL4600-Capstone
# Date:            Sat Feb 21 23:23:26 2026
# [ok]
