#                                                                                     --- full sequence --- -------------- this domain -------------   hmm coord   ali coord   env coord
# target name                 accession   tlen query name           accession   qlen   E-value  score  bias   #  of  c-Evalue  i-Evalue  score  bias  from    to  from    to  from    to  acc description of target
#         ------------------- ---------- ----- -------------------- ---------- ----- --------- ------ ----- --- --- --------- --------- ------ ----- ----- ----- ----- ----- ----- ----- ---- ---------------------
NC_011149.1:1378737-1379930|- -            398 33224at91347         -            349  4.8e-207  684.7   0.1   1   1  7.1e-210  6.4e-207  684.3   0.1     1   349     3   387     3   387 0.95 NC_011149.1_1275 # 1378737 # 1379930 # -1 # ID=1_1275;partial=00;start_type=ATG;rbs_motif=AGGA;rbs_spacer=5-10bp;gc_cont=0.560
NC_011149.1:2513007-2513918|- -            304 33224at91347         -            349   2.5e-06   24.6   0.1   1   2   5.6e-07    0.0005   17.0   0.0    43   149    10   116     2   133 0.83 NC_011149.1_2353 # 2513007 # 2513918 # -1 # ID=1_2353;partial=00;start_type=GTG;rbs_motif=GGA/GAG/AGG;rbs_spacer=5-10bp;gc_cont=0.569
NC_011149.1:2513007-2513918|- -            304 33224at91347         -            349   2.5e-06   24.6   0.1   2   2    0.0016       1.5    5.6   0.0   306   348   245   289   226   290 0.81 NC_011149.1_2353 # 2513007 # 2513918 # -1 # ID=1_2353;partial=00;start_type=GTG;rbs_motif=GGA/GAG/AGG;rbs_spacer=5-10bp;gc_cont=0.569
NC_011149.1:3334314-3335303|- -            330 33224at91347         -            349   1.3e-05   22.2   1.2   1   2   2.3e-07   0.00021   18.3   0.0    44   122    28   106    12   120 0.87 NC_011149.1_3112 # 3334314 # 3335303 # -1 # ID=1_3112;partial=00;start_type=ATG;rbs_motif=GGAG/GAGG;rbs_spacer=5-10bp;gc_cont=0.460
NC_011149.1:3334314-3335303|- -            330 33224at91347         -            349   1.3e-05   22.2   1.2   2   2     0.012        10    2.8   0.3   189   233   162   211   129   237 0.74 NC_011149.1_3112 # 3334314 # 3335303 # -1 # ID=1_3112;partial=00;start_type=ATG;rbs_motif=GGAG/GAGG;rbs_spacer=5-10bp;gc_cont=0.460
NC_011149.1:2504585-2505556|+ -            324 33224at91347         -            349    0.0058   13.5   0.0   1   2     0.036        32    1.2   0.0    95   173    66   141    58   192 0.71 NC_011149.1_2343 # 2504585 # 2505556 # 1 # ID=1_2343;partial=00;start_type=ATG;rbs_motif=AGGA;rbs_spacer=5-10bp;gc_cont=0.538
NC_011149.1:2504585-2505556|+ -            324 33224at91347         -            349    0.0058   13.5   0.0   2   2   6.6e-05      0.06   10.2   0.0   294   343   246   304   236   310 0.73 NC_011149.1_2343 # 2504585 # 2505556 # 1 # ID=1_2343;partial=00;start_type=ATG;rbs_motif=AGGA;rbs_spacer=5-10bp;gc_cont=0.538
NC_011149.1:4031630-4033174|+ -            515 33224at91347         -            349     0.024   11.5   0.2   1   1     5e-05     0.045   10.6   0.2    40   126    28   114    14   218 0.78 NC_011149.1_3759 # 4031630 # 4033174 # 1 # ID=1_3759;partial=00;start_type=ATG;rbs_motif=GGAGG;rbs_spacer=5-10bp;gc_cont=0.572
#
# Program:         hmmsearch
# Version:         3.4 (Aug 2023)
# Pipeline mode:   SEARCH
# Query file:      /Users/dizzler/Projects/School/BIOL4600-Capstone/databases/lineages/enterobacterales_odb10/hmms/33224at91347.hmm
# Target file:     /Users/dizzler/Projects/School/BIOL4600-Capstone/reports/busco-results/GCF_000020885.1_ASM2088v1_genomic.fna/prodigal_output/predicted_genes/predicted.faa
# Option settings: hmmsearch --domtblout /Users/dizzler/Projects/School/BIOL4600-Capstone/reports/busco-results/GCF_000020885.1_ASM2088v1_genomic.fna/run_enterobacterales_odb10/hmmer_output/33224at91347.out --cpu 1 /Users/dizzler/Projects/School/BIOL4600-Capstone/databases/lineages/enterobacterales_odb10/hmms/33224at91347.hmm /Users/dizzler/Projects/School/BIOL4600-Capstone/reports/busco-results/GCF_000020885.1_ASM2088v1_genomic.fna/prodigal_output/predicted_genes/predicted.faa 
# Current dir:     /Users/dizzler/Projects/School/BIOL4600-Capstone
# Date:            Wed Feb 25 22:54:25 2026
# [ok]
