#                                                                                     --- full sequence --- -------------- this domain -------------   hmm coord   ali coord   env coord
# target name                 accession   tlen query name           accession   qlen   E-value  score  bias   #  of  c-Evalue  i-Evalue  score  bias  from    to  from    to  from    to  acc description of target
#         ------------------- ---------- ----- -------------------- ---------- ----- --------- ------ ----- --- --- --------- --------- ------ ----- ----- ----- ----- ----- ----- ----- ---- ---------------------
NC_011149.1:275149-276174|+   -            342 34836at91347         -            291  6.7e-156  515.8  25.1   1   1  6.3e-156  3.2e-153  507.0  25.1     1   291     1   336     1   336 0.92 NC_011149.1_237 # 275149 # 276174 # 1 # ID=1_237;partial=00;start_type=ATG;rbs_motif=GGA/GAG/AGG;rbs_spacer=11-12bp;gc_cont=0.520
NC_011149.1:276739-277527|+   -            263 34836at91347         -            291   4.9e-13   46.9  11.6   1   1   1.5e-15   7.6e-13   46.3  11.6    81   254     9   181     4   192 0.90 NC_011149.1_239 # 276739 # 277527 # 1 # ID=1_239;partial=00;start_type=GTG;rbs_motif=GGAGG;rbs_spacer=5-10bp;gc_cont=0.535
NC_011149.1:3988720-3990090|- -            457 34836at91347         -            291   4.7e-07   27.2  10.8   1   1     5e-09   2.5e-06   24.9  10.8    77   214   271   427   264   434 0.70 NC_011149.1_3724 # 3988720 # 3990090 # -1 # ID=1_3724;partial=00;start_type=ATG;rbs_motif=AGGA;rbs_spacer=5-10bp;gc_cont=0.534
NC_011149.1:1510829-1511809|- -            327 34836at91347         -            291   1.1e-06   26.1   7.6   1   2   3.5e-05     0.017   12.3   1.5    73   133    67   128    60   219 0.80 NC_011149.1_1397 # 1510829 # 1511809 # -1 # ID=1_1397;partial=00;start_type=ATG;rbs_motif=GGA/GAG/AGG;rbs_spacer=5-10bp;gc_cont=0.517
NC_011149.1:1510829-1511809|- -            327 34836at91347         -            291   1.1e-06   26.1   7.6   2   2   4.6e-06    0.0023   15.2   2.8   181   244   231   295   160   310 0.65 NC_011149.1_1397 # 1510829 # 1511809 # -1 # ID=1_1397;partial=00;start_type=ATG;rbs_motif=GGA/GAG/AGG;rbs_spacer=5-10bp;gc_cont=0.517
NC_011149.1:2155347-2155835|- -            163 34836at91347         -            291   3.7e-05   21.0  11.8   1   2   6.5e-07   0.00033   17.9   3.2    57   137    47   141    22   144 0.71 NC_011149.1_2035 # 2155347 # 2155835 # -1 # ID=1_2035;partial=00;start_type=ATG;rbs_motif=GGxGG;rbs_spacer=5-10bp;gc_cont=0.566
NC_011149.1:2155347-2155835|- -            163 34836at91347         -            291   3.7e-05   21.0  11.8   2   2     6e-06     0.003   14.8   1.4   180   234    88   143    86   159 0.78 NC_011149.1_2035 # 2155347 # 2155835 # -1 # ID=1_2035;partial=00;start_type=ATG;rbs_motif=GGxGG;rbs_spacer=5-10bp;gc_cont=0.566
NC_011149.1:508947-509498|-   -            184 34836at91347         -            291    0.0014   15.9   3.1   1   2      0.21   1.1e+02   -0.2   0.0   216   229    92   105    61   118 0.58 NC_011149.1_455 # 508947 # 509498 # -1 # ID=1_455;partial=00;start_type=ATG;rbs_motif=GGAG/GAGG;rbs_spacer=5-10bp;gc_cont=0.496
NC_011149.1:508947-509498|-   -            184 34836at91347         -            291    0.0014   15.9   3.1   2   2   3.7e-06    0.0019   15.4   1.0    72   106   130   164   110   173 0.76 NC_011149.1_455 # 508947 # 509498 # -1 # ID=1_455;partial=00;start_type=ATG;rbs_motif=GGAG/GAGG;rbs_spacer=5-10bp;gc_cont=0.496
NC_011149.1:3488496-3489050|+ -            185 34836at91347         -            291    0.0063   13.7   7.5   1   1   0.00011     0.056   10.6   7.5   124   235    14   133     8   138 0.76 NC_011149.1_3256 # 3488496 # 3489050 # 1 # ID=1_3256;partial=00;start_type=ATG;rbs_motif=GGAG/GAGG;rbs_spacer=5-10bp;gc_cont=0.505
NC_011149.1:3813677-3814498|- -            274 34836at91347         -            291     0.019   12.2   2.1   1   1     6e-05      0.03   11.5   2.1   159   265   135   240   121   245 0.59 NC_011149.1_3559 # 3813677 # 3814498 # -1 # ID=1_3559;partial=00;start_type=ATG;rbs_motif=GGAG/GAGG;rbs_spacer=5-10bp;gc_cont=0.560
NC_011149.1:80832-81428|-     -            199 34836at91347         -            291      0.13    9.4   9.8   1   1   0.00058      0.29    8.3   9.9   157   251    26   122    16   130 0.82 NC_011149.1_69 # 80832 # 81428 # -1 # ID=1_69;partial=00;start_type=ATG;rbs_motif=GGAG/GAGG;rbs_spacer=5-10bp;gc_cont=0.559
#
# Program:         hmmsearch
# Version:         3.4 (Aug 2023)
# Pipeline mode:   SEARCH
# Query file:      /Users/dizzler/Projects/School/BIOL4600-Capstone/databases/lineages/enterobacterales_odb10/hmms/34836at91347.hmm
# Target file:     /Users/dizzler/Projects/School/BIOL4600-Capstone/reports/busco-results/GCF_000020885.1_ASM2088v1_genomic.fna/prodigal_output/predicted_genes/predicted.faa
# Option settings: hmmsearch --domtblout /Users/dizzler/Projects/School/BIOL4600-Capstone/reports/busco-results/GCF_000020885.1_ASM2088v1_genomic.fna/run_enterobacterales_odb10/hmmer_output/34836at91347.out --cpu 1 /Users/dizzler/Projects/School/BIOL4600-Capstone/databases/lineages/enterobacterales_odb10/hmms/34836at91347.hmm /Users/dizzler/Projects/School/BIOL4600-Capstone/reports/busco-results/GCF_000020885.1_ASM2088v1_genomic.fna/prodigal_output/predicted_genes/predicted.faa 
# Current dir:     /Users/dizzler/Projects/School/BIOL4600-Capstone
# Date:            Wed Feb 25 22:54:25 2026
# [ok]
