#                                                                                     --- full sequence --- -------------- this domain -------------   hmm coord   ali coord   env coord
# target name                 accession   tlen query name           accession   qlen   E-value  score  bias   #  of  c-Evalue  i-Evalue  score  bias  from    to  from    to  from    to  acc description of target
#         ------------------- ---------- ----- -------------------- ---------- ----- --------- ------ ----- --- --- --------- --------- ------ ----- ----- ----- ----- ----- ----- ----- ---- ---------------------
NC_011149.1:4546259-4546990|+ -            244 50332at91347         -            220  2.9e-112  371.3   0.0   1   1  4.4e-115  3.3e-112  371.2   0.0     1   220     1   242     1   242 0.95 NC_011149.1_4208 # 4546259 # 4546990 # 1 # ID=1_4208;partial=00;start_type=ATG;rbs_motif=GGA/GAG/AGG;rbs_spacer=5-10bp;gc_cont=0.574
NC_011149.1:2700675-2701712|- -            346 50332at91347         -            220   2.5e-21   74.0   0.0   1   1     4e-24     3e-21   73.8   0.0    77   219   198   342   110   343 0.89 NC_011149.1_2511 # 2700675 # 2701712 # -1 # ID=1_2511;partial=00;start_type=ATG;rbs_motif=GGAG/GAGG;rbs_spacer=5-10bp;gc_cont=0.569
NC_011149.1:3855553-3856242|+ -            230 50332at91347         -            220     5e-19   66.5   0.2   1   1   8.7e-22   6.5e-19   66.1   0.2    78   220    21   165    11   165 0.86 NC_011149.1_3603 # 3855553 # 3856242 # 1 # ID=1_3603;partial=00;start_type=ATG;rbs_motif=None;rbs_spacer=None;gc_cont=0.546
NC_011149.1:2644004-2644735|- -            244 50332at91347         -            220   4.2e-05   21.0   0.3   1   3      0.34   2.6e+02   -1.2   0.1    86   105    14    33     2    79 0.62 NC_011149.1_2460 # 2644004 # 2644735 # -1 # ID=1_2460;partial=00;start_type=ATG;rbs_motif=None;rbs_spacer=None;gc_cont=0.571
NC_011149.1:2644004-2644735|- -            244 50332at91347         -            220   4.2e-05   21.0   0.3   2   3     3e-07   0.00023   18.6   0.0   166   216   106   156    99   159 0.94 NC_011149.1_2460 # 2644004 # 2644735 # -1 # ID=1_2460;partial=00;start_type=ATG;rbs_motif=None;rbs_spacer=None;gc_cont=0.571
NC_011149.1:2644004-2644735|- -            244 50332at91347         -            220   4.2e-05   21.0   0.3   3   3      0.56   4.2e+02   -1.9   0.0    52    69   223   240   209   242 0.84 NC_011149.1_2460 # 2644004 # 2644735 # -1 # ID=1_2460;partial=00;start_type=ATG;rbs_motif=None;rbs_spacer=None;gc_cont=0.571
NC_011149.1:4797950-4798636|+ -            229 50332at91347         -            220   4.9e-05   20.8   0.0   1   1   1.6e-06    0.0012   16.2   0.0    87   214    13   153     2   157 0.69 NC_011149.1_4456 # 4797950 # 4798636 # 1 # ID=1_4456;partial=00;start_type=ATG;rbs_motif=GGA/GAG/AGG;rbs_spacer=5-10bp;gc_cont=0.524
NC_011149.1:3809150-3809623|+ -            158 50332at91347         -            220    0.0067   13.8   0.0   1   1   1.2e-05    0.0092   13.3   0.0   171   219    97   147    86   148 0.84 NC_011149.1_3555 # 3809150 # 3809623 # 1 # ID=1_3555;partial=00;start_type=ATG;rbs_motif=AGxAGG/AGGxGG;rbs_spacer=3-4bp;gc_cont=0.561
#
# Program:         hmmsearch
# Version:         3.4 (Aug 2023)
# Pipeline mode:   SEARCH
# Query file:      /Users/dizzler/Projects/School/BIOL4600-Capstone/busco_downloads/lineages/enterobacterales_odb10/hmms/50332at91347.hmm
# Target file:     reports/busco-results/GCF_000020885.1_ASM2088v1_genomic.fna/prodigal_output/predicted_genes/predicted.faa
# Option settings: hmmsearch --domtblout reports/busco-results/GCF_000020885.1_ASM2088v1_genomic.fna/run_enterobacterales_odb10/hmmer_output/50332at91347.out --cpu 1 /Users/dizzler/Projects/School/BIOL4600-Capstone/busco_downloads/lineages/enterobacterales_odb10/hmms/50332at91347.hmm reports/busco-results/GCF_000020885.1_ASM2088v1_genomic.fna/prodigal_output/predicted_genes/predicted.faa 
# Current dir:     /Users/dizzler/Projects/School/BIOL4600-Capstone
# Date:            Sat Feb 21 23:23:27 2026
# [ok]
