#                                                                                     --- full sequence --- -------------- this domain -------------   hmm coord   ali coord   env coord
# target name                 accession   tlen query name           accession   qlen   E-value  score  bias   #  of  c-Evalue  i-Evalue  score  bias  from    to  from    to  from    to  acc description of target
#         ------------------- ---------- ----- -------------------- ---------- ----- --------- ------ ----- --- --- --------- --------- ------ ----- ----- ----- ----- ----- ----- ----- ---- ---------------------
NC_011149.1:3554630-3555307|- -            226 58196at91347         -            205  5.7e-111  366.8   0.1   1   1    1e-113  6.4e-111  366.6   0.1     1   205     1   217     1   217 0.96 NC_011149.1_3342 # 3554630 # 3555307 # -1 # ID=1_3342;partial=00;start_type=ATG;rbs_motif=AGGAG;rbs_spacer=5-10bp;gc_cont=0.540
NC_011149.1:4495031-4495708|+ -            226 58196at91347         -            205   9.4e-47  157.1   0.1   1   1   1.7e-49   1.1e-46  156.8   0.1     1   198     1   207     1   213 0.90 NC_011149.1_4163 # 4495031 # 4495708 # 1 # ID=1_4163;partial=00;start_type=ATG;rbs_motif=AGGAG;rbs_spacer=5-10bp;gc_cont=0.459
NC_011149.1:1505323-1505955|- -            211 58196at91347         -            205   4.9e-28   95.9   0.0   1   1   8.5e-31   5.4e-28   95.8   0.0     5   196     2   197     1   209 0.86 NC_011149.1_1390 # 1505323 # 1505955 # -1 # ID=1_1390;partial=00;start_type=ATG;rbs_motif=GGAGG;rbs_spacer=5-10bp;gc_cont=0.569
NC_011149.1:4215796-4216560|+ -            255 58196at91347         -            205   1.4e-23   81.4   0.0   1   1   2.8e-26   1.8e-23   81.0   0.0    27   204    46   235    18   236 0.85 NC_011149.1_3931 # 4215796 # 4216560 # 1 # ID=1_3931;partial=00;start_type=ATG;rbs_motif=AGGAG;rbs_spacer=5-10bp;gc_cont=0.514
NC_011149.1:171674-172567|-   -            298 58196at91347         -            205    0.0055   14.1   0.2   1   2      0.23   1.5e+02   -0.3   0.0    20    33   223   236   213   242 0.78 NC_011149.1_148 # 171674 # 172567 # -1 # ID=1_148;partial=00;start_type=ATG;rbs_motif=GGAG/GAGG;rbs_spacer=5-10bp;gc_cont=0.577
NC_011149.1:171674-172567|-   -            298 58196at91347         -            205    0.0055   14.1   0.2   2   2   5.4e-05     0.035   11.5   0.1   150   191   241   282   229   292 0.90 NC_011149.1_148 # 171674 # 172567 # -1 # ID=1_148;partial=00;start_type=ATG;rbs_motif=GGAG/GAGG;rbs_spacer=5-10bp;gc_cont=0.577
NC_011149.1:2112518-2113255|+ -            246 58196at91347         -            205     0.012   13.1   0.4   1   2   0.00015     0.096   10.1   0.1   160   200    71   112    59   115 0.84 NC_011149.1_1997 # 2112518 # 2113255 # 1 # ID=1_1997;partial=00;start_type=ATG;rbs_motif=GGAG/GAGG;rbs_spacer=5-10bp;gc_cont=0.581
NC_011149.1:2112518-2113255|+ -            246 58196at91347         -            205     0.012   13.1   0.4   2   2       0.1        64    0.9   0.0   161   202   195   237   185   240 0.82 NC_011149.1_1997 # 2112518 # 2113255 # 1 # ID=1_1997;partial=00;start_type=ATG;rbs_motif=GGAG/GAGG;rbs_spacer=5-10bp;gc_cont=0.581
NC_011149.1:2591936-2593402|- -            489 58196at91347         -            205     0.049   11.1   0.3   1   2       0.1        67    0.8   0.0   172   204   230   262   201   263 0.82 NC_011149.1_2425 # 2591936 # 2593402 # -1 # ID=1_2425;partial=00;start_type=ATG;rbs_motif=GGA/GAG/AGG;rbs_spacer=5-10bp;gc_cont=0.579
NC_011149.1:2591936-2593402|- -            489 58196at91347         -            205     0.049   11.1   0.3   2   2     0.001      0.67    7.3   0.2   151   193   320   364   305   370 0.80 NC_011149.1_2425 # 2591936 # 2593402 # -1 # ID=1_2425;partial=00;start_type=ATG;rbs_motif=GGA/GAG/AGG;rbs_spacer=5-10bp;gc_cont=0.579
#
# Program:         hmmsearch
# Version:         3.4 (Aug 2023)
# Pipeline mode:   SEARCH
# Query file:      /Users/dizzler/Projects/School/BIOL4600-Capstone/databases/lineages/enterobacterales_odb10/hmms/58196at91347.hmm
# Target file:     /Users/dizzler/Projects/School/BIOL4600-Capstone/reports/busco-results/GCF_000020885.1_ASM2088v1_genomic.fna/prodigal_output/predicted_genes/predicted.faa
# Option settings: hmmsearch --domtblout /Users/dizzler/Projects/School/BIOL4600-Capstone/reports/busco-results/GCF_000020885.1_ASM2088v1_genomic.fna/run_enterobacterales_odb10/hmmer_output/58196at91347.out --cpu 1 /Users/dizzler/Projects/School/BIOL4600-Capstone/databases/lineages/enterobacterales_odb10/hmms/58196at91347.hmm /Users/dizzler/Projects/School/BIOL4600-Capstone/reports/busco-results/GCF_000020885.1_ASM2088v1_genomic.fna/prodigal_output/predicted_genes/predicted.faa 
# Current dir:     /Users/dizzler/Projects/School/BIOL4600-Capstone
# Date:            Wed Feb 25 22:54:27 2026
# [ok]
