#                                                                                     --- full sequence --- -------------- this domain -------------   hmm coord   ali coord   env coord
# target name                 accession   tlen query name           accession   qlen   E-value  score  bias   #  of  c-Evalue  i-Evalue  score  bias  from    to  from    to  from    to  acc description of target
#         ------------------- ---------- ----- -------------------- ---------- ----- --------- ------ ----- --- --- --------- --------- ------ ----- ----- ----- ----- ----- ----- ----- ---- ---------------------
NC_011149.1:146538-147896|+   -            453 58706at91347         -            371    8e-164  542.8   1.9   1   1  1.7e-165  1.6e-162  538.6   1.9    12   371    25   443     1   443 0.89 NC_011149.1_125 # 146538 # 147896 # 1 # ID=1_125;partial=00;start_type=ATG;rbs_motif=GGxGG;rbs_spacer=5-10bp;gc_cont=0.566
NC_011149.1:148975-150291|+   -            439 58706at91347         -            371   2.6e-15   54.2   0.5   1   2   1.2e-10     1e-07   29.1   0.0    72   192   101   215    87   221 0.85 NC_011149.1_127 # 148975 # 150291 # 1 # ID=1_127;partial=00;start_type=ATG;rbs_motif=GGA/GAG/AGG;rbs_spacer=5-10bp;gc_cont=0.586
NC_011149.1:148975-150291|+   -            439 58706at91347         -            371   2.6e-15   54.2   0.5   2   2   6.9e-09   6.2e-06   23.3   0.1   215   293   262   343   254   351 0.83 NC_011149.1_127 # 148975 # 150291 # 1 # ID=1_127;partial=00;start_type=ATG;rbs_motif=GGA/GAG/AGG;rbs_spacer=5-10bp;gc_cont=0.586
NC_011149.1:145054-146541|+   -            496 58706at91347         -            371   2.9e-07   27.6   1.7   1   2   9.8e-06    0.0088   12.9   0.9    14   192    25   243    21   254 0.65 NC_011149.1_124 # 145054 # 146541 # 1 # ID=1_124;partial=00;start_type=GTG;rbs_motif=GGAG/GAGG;rbs_spacer=5-10bp;gc_cont=0.591
NC_011149.1:145054-146541|+   -            496 58706at91347         -            371   2.9e-07   27.6   1.7   2   2     9e-05     0.081    9.7   0.0   213   258   299   344   294   348 0.93 NC_011149.1_124 # 145054 # 146541 # 1 # ID=1_124;partial=00;start_type=GTG;rbs_motif=GGAG/GAGG;rbs_spacer=5-10bp;gc_cont=0.591
NC_011149.1:152718-154193|+   -            492 58706at91347         -            371     5e-06   23.6   0.0   1   2   0.00036      0.32    7.8   0.0    79   166   121   203    69   224 0.72 NC_011149.1_130 # 152718 # 154193 # 1 # ID=1_130;partial=00;start_type=ATG;rbs_motif=4Base/6BMM;rbs_spacer=13-15bp;gc_cont=0.566
NC_011149.1:152718-154193|+   -            492 58706at91347         -            371     5e-06   23.6   0.0   2   2   7.1e-06    0.0064   13.4   0.0   212   256   283   327   275   331 0.90 NC_011149.1_130 # 152718 # 154193 # 1 # ID=1_130;partial=00;start_type=ATG;rbs_motif=4Base/6BMM;rbs_spacer=13-15bp;gc_cont=0.566
NC_011149.1:4589003-4590382|+ -            460 58706at91347         -            371     0.002   15.0   1.0   1   2    0.0011      0.99    6.2   0.1    79   104   105   130    92   214 0.70 NC_011149.1_4255 # 4589003 # 4590382 # 1 # ID=1_4255;partial=00;start_type=ATG;rbs_motif=AGGA;rbs_spacer=5-10bp;gc_cont=0.585
NC_011149.1:4589003-4590382|+ -            460 58706at91347         -            371     0.002   15.0   1.0   2   2    0.0012       1.1    6.0   0.1   213   257   271   315   267   318 0.87 NC_011149.1_4255 # 4589003 # 4590382 # 1 # ID=1_4255;partial=00;start_type=ATG;rbs_motif=AGGA;rbs_spacer=5-10bp;gc_cont=0.585
#
# Program:         hmmsearch
# Version:         3.4 (Aug 2023)
# Pipeline mode:   SEARCH
# Query file:      /Users/dizzler/Projects/School/BIOL4600-Capstone/databases/lineages/enterobacterales_odb10/hmms/58706at91347.hmm
# Target file:     /Users/dizzler/Projects/School/BIOL4600-Capstone/reports/busco-results/GCF_000020885.1_ASM2088v1_genomic.fna/prodigal_output/predicted_genes/predicted.faa
# Option settings: hmmsearch --domtblout /Users/dizzler/Projects/School/BIOL4600-Capstone/reports/busco-results/GCF_000020885.1_ASM2088v1_genomic.fna/run_enterobacterales_odb10/hmmer_output/58706at91347.out --cpu 1 /Users/dizzler/Projects/School/BIOL4600-Capstone/databases/lineages/enterobacterales_odb10/hmms/58706at91347.hmm /Users/dizzler/Projects/School/BIOL4600-Capstone/reports/busco-results/GCF_000020885.1_ASM2088v1_genomic.fna/prodigal_output/predicted_genes/predicted.faa 
# Current dir:     /Users/dizzler/Projects/School/BIOL4600-Capstone
# Date:            Wed Feb 25 22:54:27 2026
# [ok]
