#                                                                                     --- full sequence --- -------------- this domain -------------   hmm coord   ali coord   env coord
# target name                 accession   tlen query name           accession   qlen   E-value  score  bias   #  of  c-Evalue  i-Evalue  score  bias  from    to  from    to  from    to  acc description of target
#         ------------------- ---------- ----- -------------------- ---------- ----- --------- ------ ----- --- --- --------- --------- ------ ----- ----- ----- ----- ----- ----- ----- ---- ---------------------
NC_011149.1:259034-259858|-   -            275 60900at91347         -            223  6.3e-120  396.7   6.6   1   2     0.047        30    2.0   0.0     1    21     3    23     3    31 0.85 NC_011149.1_224 # 259034 # 259858 # -1 # ID=1_224;partial=00;start_type=ATG;rbs_motif=GGA/GAG/AGG;rbs_spacer=5-10bp;gc_cont=0.537
NC_011149.1:259034-259858|-   -            275 60900at91347         -            223  6.3e-120  396.7   6.6   2   2  2.6e-121  1.7e-118  392.0   5.4    13   223    32   271    22   271 0.94 NC_011149.1_224 # 259034 # 259858 # -1 # ID=1_224;partial=00;start_type=ATG;rbs_motif=GGA/GAG/AGG;rbs_spacer=5-10bp;gc_cont=0.537
NC_011149.1:276739-277527|+   -            263 60900at91347         -            223    0.0011   16.6   1.3   1   2   1.6e-06    0.0011   16.6   1.3    64   164     8   107     2   116 0.86 NC_011149.1_239 # 276739 # 277527 # 1 # ID=1_239;partial=00;start_type=GTG;rbs_motif=GGAGG;rbs_spacer=5-10bp;gc_cont=0.535
NC_011149.1:276739-277527|+   -            263 60900at91347         -            223    0.0011   16.6   1.3   2   2      0.12        80    0.7   1.0   109   147   133   169   113   191 0.45 NC_011149.1_239 # 276739 # 277527 # 1 # ID=1_239;partial=00;start_type=GTG;rbs_motif=GGAGG;rbs_spacer=5-10bp;gc_cont=0.535
NC_011149.1:3988720-3990090|- -            457 60900at91347         -            223    0.0012   16.4   4.8   1   2     0.094        61    1.0   0.3   134   161   277   303   264   322 0.70 NC_011149.1_3724 # 3988720 # 3990090 # -1 # ID=1_3724;partial=00;start_type=ATG;rbs_motif=AGGA;rbs_spacer=5-10bp;gc_cont=0.534
NC_011149.1:3988720-3990090|- -            457 60900at91347         -            223    0.0012   16.4   4.8   2   2   1.9e-06    0.0012   16.4   0.6   103   169   365   429   312   444 0.80 NC_011149.1_3724 # 3988720 # 3990090 # -1 # ID=1_3724;partial=00;start_type=ATG;rbs_motif=AGGA;rbs_spacer=5-10bp;gc_cont=0.534
NC_011149.1:508947-509498|-   -            184 60900at91347         -            223     0.014   12.9   0.4   1   1   3.4e-05     0.022   12.3   0.4   110   169    95   164    85   167 0.80 NC_011149.1_455 # 508947 # 509498 # -1 # ID=1_455;partial=00;start_type=ATG;rbs_motif=GGAG/GAGG;rbs_spacer=5-10bp;gc_cont=0.496
NC_011149.1:2151615-2152169|- -            185 60900at91347         -            223     0.025   12.1   0.1   1   1   5.5e-05     0.036   11.6   0.1    73   163    51   153    40   166 0.79 NC_011149.1_2031 # 2151615 # 2152169 # -1 # ID=1_2031;partial=00;start_type=ATG;rbs_motif=GGAG/GAGG;rbs_spacer=5-10bp;gc_cont=0.503
NC_011149.1:3813677-3814498|- -            274 60900at91347         -            223     0.026   12.1   0.7   1   1   6.3e-05     0.041   11.4   0.7    79   167   134   226   122   233 0.82 NC_011149.1_3559 # 3813677 # 3814498 # -1 # ID=1_3559;partial=00;start_type=ATG;rbs_motif=GGAG/GAGG;rbs_spacer=5-10bp;gc_cont=0.560
NC_011149.1:275149-276174|+   -            342 60900at91347         -            223       0.7    7.4  19.5   1   2   0.00017      0.11   10.0   4.3    94   170   101   169    85   207 0.70 NC_011149.1_237 # 275149 # 276174 # 1 # ID=1_237;partial=00;start_type=ATG;rbs_motif=GGA/GAG/AGG;rbs_spacer=11-12bp;gc_cont=0.520
NC_011149.1:275149-276174|+   -            342 60900at91347         -            223       0.7    7.4  19.5   2   2     0.054        34    1.8   8.2    92   165   224   290   200   302 0.59 NC_011149.1_237 # 275149 # 276174 # 1 # ID=1_237;partial=00;start_type=ATG;rbs_motif=GGA/GAG/AGG;rbs_spacer=11-12bp;gc_cont=0.520
#
# Program:         hmmsearch
# Version:         3.4 (Aug 2023)
# Pipeline mode:   SEARCH
# Query file:      /Users/dizzler/Projects/School/BIOL4600-Capstone/databases/lineages/enterobacterales_odb10/hmms/60900at91347.hmm
# Target file:     /Users/dizzler/Projects/School/BIOL4600-Capstone/reports/busco-results/GCF_000020885.1_ASM2088v1_genomic.fna/prodigal_output/predicted_genes/predicted.faa
# Option settings: hmmsearch --domtblout /Users/dizzler/Projects/School/BIOL4600-Capstone/reports/busco-results/GCF_000020885.1_ASM2088v1_genomic.fna/run_enterobacterales_odb10/hmmer_output/60900at91347.out --cpu 1 /Users/dizzler/Projects/School/BIOL4600-Capstone/databases/lineages/enterobacterales_odb10/hmms/60900at91347.hmm /Users/dizzler/Projects/School/BIOL4600-Capstone/reports/busco-results/GCF_000020885.1_ASM2088v1_genomic.fna/prodigal_output/predicted_genes/predicted.faa 
# Current dir:     /Users/dizzler/Projects/School/BIOL4600-Capstone
# Date:            Wed Feb 25 22:54:27 2026
# [ok]
