#                                                                                     --- full sequence --- -------------- this domain -------------   hmm coord   ali coord   env coord
# target name                 accession   tlen query name           accession   qlen   E-value  score  bias   #  of  c-Evalue  i-Evalue  score  bias  from    to  from    to  from    to  acc description of target
#         ------------------- ---------- ----- -------------------- ---------- ----- --------- ------ ----- --- --- --------- --------- ------ ----- ----- ----- ----- ----- ----- ----- ---- ---------------------
NC_011149.1:2113237-2114013|+ -            259 62379at91347         -            235  4.7e-129  426.8   2.6   1   1  6.4e-132  5.7e-129  426.5   2.6     1   235     1   258     1   258 0.94 NC_011149.1_1998 # 2113237 # 2114013 # 1 # ID=1_1998;partial=00;start_type=ATG;rbs_motif=AGGAG;rbs_spacer=5-10bp;gc_cont=0.546
NC_011149.1:2112518-2113255|+ -            246 62379at91347         -            235   3.5e-16   57.4   0.1   1   1   4.7e-19   4.3e-16   57.1   0.1     6   202     2   211     1   236 0.83 NC_011149.1_1997 # 2112518 # 2113255 # 1 # ID=1_1997;partial=00;start_type=ATG;rbs_motif=GGAG/GAGG;rbs_spacer=5-10bp;gc_cont=0.581
NC_011149.1:4296341-4297111|- -            257 62379at91347         -            235    0.0031   15.0   0.0   1   2      0.13   1.1e+02    0.1   0.0   129   173     6    49     2    85 0.76 NC_011149.1_3994 # 4296341 # 4297111 # -1 # ID=1_3994;partial=00;start_type=ATG;rbs_motif=AGGAG;rbs_spacer=5-10bp;gc_cont=0.604
NC_011149.1:4296341-4297111|- -            257 62379at91347         -            235    0.0031   15.0   0.0   2   2   1.9e-05     0.017   12.6   0.1    61   121   163   224   135   234 0.78 NC_011149.1_3994 # 4296341 # 4297111 # -1 # ID=1_3994;partial=00;start_type=ATG;rbs_motif=AGGAG;rbs_spacer=5-10bp;gc_cont=0.604
NC_011149.1:2236314-2237252|- -            313 62379at91347         -            235     0.013   12.9   0.0   1   1     2e-05     0.018   12.5   0.0    33   112   152   234   113   277 0.78 NC_011149.1_2106 # 2236314 # 2237252 # -1 # ID=1_2106;partial=00;start_type=ATG;rbs_motif=GGA/GAG/AGG;rbs_spacer=5-10bp;gc_cont=0.574
NC_011149.1:4762661-4763440|+ -            260 62379at91347         -            235     0.016   12.7   0.2   1   2    0.0031       2.8    5.3   0.1   200   234   119   153   106   154 0.85 NC_011149.1_4423 # 4762661 # 4763440 # 1 # ID=1_4423;partial=00;start_type=ATG;rbs_motif=GGAG/GAGG;rbs_spacer=5-10bp;gc_cont=0.546
NC_011149.1:4762661-4763440|+ -            260 62379at91347         -            235     0.016   12.7   0.2   2   2    0.0039       3.5    5.0   0.0    70    95   194   219   173   237 0.77 NC_011149.1_4423 # 4762661 # 4763440 # 1 # ID=1_4423;partial=00;start_type=ATG;rbs_motif=GGAG/GAGG;rbs_spacer=5-10bp;gc_cont=0.546
#
# Program:         hmmsearch
# Version:         3.4 (Aug 2023)
# Pipeline mode:   SEARCH
# Query file:      /Users/dizzler/Projects/School/BIOL4600-Capstone/databases/lineages/enterobacterales_odb10/hmms/62379at91347.hmm
# Target file:     /Users/dizzler/Projects/School/BIOL4600-Capstone/reports/busco-results/GCF_000020885.1_ASM2088v1_genomic.fna/prodigal_output/predicted_genes/predicted.faa
# Option settings: hmmsearch --domtblout /Users/dizzler/Projects/School/BIOL4600-Capstone/reports/busco-results/GCF_000020885.1_ASM2088v1_genomic.fna/run_enterobacterales_odb10/hmmer_output/62379at91347.out --cpu 1 /Users/dizzler/Projects/School/BIOL4600-Capstone/databases/lineages/enterobacterales_odb10/hmms/62379at91347.hmm /Users/dizzler/Projects/School/BIOL4600-Capstone/reports/busco-results/GCF_000020885.1_ASM2088v1_genomic.fna/prodigal_output/predicted_genes/predicted.faa 
# Current dir:     /Users/dizzler/Projects/School/BIOL4600-Capstone
# Date:            Wed Feb 25 22:54:27 2026
# [ok]
