#                                                                                     --- full sequence --- -------------- this domain -------------   hmm coord   ali coord   env coord
# target name                 accession   tlen query name           accession   qlen   E-value  score  bias   #  of  c-Evalue  i-Evalue  score  bias  from    to  from    to  from    to  acc description of target
#         ------------------- ---------- ----- -------------------- ---------- ----- --------- ------ ----- --- --- --------- --------- ------ ----- ----- ----- ----- ----- ----- ----- ---- ---------------------
NC_011149.1:4752368-4753396|- -            343 63025at91347         -            277  1.4e-124  412.8   0.0   1   2   3.9e-42   1.3e-39  134.2   0.0     1   114     1   145     1   151 0.82 NC_011149.1_4412 # 4752368 # 4753396 # -1 # ID=1_4412;partial=00;start_type=ATG;rbs_motif=AGGAG;rbs_spacer=5-10bp;gc_cont=0.573
NC_011149.1:4752368-4753396|- -            343 63025at91347         -            277  1.4e-124  412.8   0.0   2   2   2.4e-84   7.7e-82  272.6   0.0   113   277   165   334   160   334 0.97 NC_011149.1_4412 # 4752368 # 4753396 # -1 # ID=1_4412;partial=00;start_type=ATG;rbs_motif=AGGAG;rbs_spacer=5-10bp;gc_cont=0.573
NC_011149.1:3311284-3312420|- -            379 63025at91347         -            277   6.8e-31  105.5   0.0   1   1   3.9e-33   1.2e-30  104.6   0.0   114   277   198   371   195   371 0.91 NC_011149.1_3088 # 3311284 # 3312420 # -1 # ID=1_3088;partial=00;start_type=ATG;rbs_motif=AGGAGG;rbs_spacer=3-4bp;gc_cont=0.530
NC_011149.1:1329493-1330326|+ -            278 63025at91347         -            277   1.3e-10   39.0   0.0   1   1   5.8e-13   1.9e-10   38.4   0.0   142   217   111   188   104   195 0.86 NC_011149.1_1230 # 1329493 # 1330326 # 1 # ID=1_1230;partial=00;start_type=ATG;rbs_motif=AGxAGG/AGGxGG;rbs_spacer=3-4bp;gc_cont=0.582
NC_011149.1:2456949-2457881|- -            311 63025at91347         -            277   1.7e-10   38.6   0.0   1   1     8e-13   2.6e-10   38.0   0.0   136   217   128   212   123   218 0.91 NC_011149.1_2302 # 2456949 # 2457881 # -1 # ID=1_2302;partial=00;start_type=GTG;rbs_motif=GGAGG;rbs_spacer=5-10bp;gc_cont=0.533
NC_011149.1:2695297-2696034|- -            246 63025at91347         -            277   1.7e-06   25.5   0.0   1   1   8.4e-09   2.7e-06   24.8   0.0   142   217    46   127    36   160 0.83 NC_011149.1_2505 # 2695297 # 2696034 # -1 # ID=1_2505;partial=00;start_type=ATG;rbs_motif=GGA/GAG/AGG;rbs_spacer=5-10bp;gc_cont=0.534
NC_011149.1:3470035-3470916|+ -            294 63025at91347         -            277   0.00017   18.9   0.0   1   1     8e-07   0.00026   18.3   0.0   142   190   160   207   155   213 0.85 NC_011149.1_3245 # 3470035 # 3470916 # 1 # ID=1_3245;partial=00;start_type=ATG;rbs_motif=GGA/GAG/AGG;rbs_spacer=5-10bp;gc_cont=0.562
NC_011149.1:856345-857271|+   -            309 63025at91347         -            277   0.00017   18.9   0.0   1   1   9.2e-07    0.0003   18.1   0.0   141   219   104   192    83   198 0.83 NC_011149.1_781 # 856345 # 857271 # 1 # ID=1_781;partial=00;start_type=ATG;rbs_motif=AGGAG;rbs_spacer=5-10bp;gc_cont=0.546
NC_011149.1:1267116-1267925|+ -            270 63025at91347         -            277    0.0015   15.8   0.0   1   1   6.8e-06    0.0022   15.3   0.0   142   185    87   130    76   138 0.89 NC_011149.1_1169 # 1267116 # 1267925 # 1 # ID=1_1169;partial=00;start_type=ATG;rbs_motif=GGAG/GAGG;rbs_spacer=5-10bp;gc_cont=0.565
NC_011149.1:2331798-2332526|+ -            243 63025at91347         -            277     0.002   15.4   0.0   1   1   8.3e-06    0.0027   15.0   0.0   140   165    56    81    54   125 0.82 NC_011149.1_2194 # 2331798 # 2332526 # 1 # ID=1_2194;partial=00;start_type=ATG;rbs_motif=3Base/5BMM;rbs_spacer=13-15bp;gc_cont=0.547
NC_011149.1:4710823-4712448|- -            542 63025at91347         -            277    0.0054   14.0   0.0   1   2   5.1e-05     0.016   12.4   0.0   143   246    68   169    65   177 0.84 NC_011149.1_4371 # 4710823 # 4712448 # -1 # ID=1_4371;partial=00;start_type=ATG;rbs_motif=AGGAG;rbs_spacer=5-10bp;gc_cont=0.551
NC_011149.1:4710823-4712448|- -            542 63025at91347         -            277    0.0054   14.0   0.0   2   2       1.3   4.1e+02   -2.0   0.0   143   154   332   343   329   351 0.81 NC_011149.1_4371 # 4710823 # 4712448 # -1 # ID=1_4371;partial=00;start_type=ATG;rbs_motif=AGGAG;rbs_spacer=5-10bp;gc_cont=0.551
NC_011149.1:1710601-1711749|+ -            383 63025at91347         -            277    0.0056   13.9   0.0   1   1   2.8e-05    0.0092   13.2   0.0   143   215   170   238   162   258 0.81 NC_011149.1_1587 # 1710601 # 1711749 # 1 # ID=1_1587;partial=00;start_type=ATG;rbs_motif=GGAG/GAGG;rbs_spacer=5-10bp;gc_cont=0.487
NC_011149.1:4097027-4097782|+ -            252 63025at91347         -            277     0.011   12.9   0.0   1   1   5.4e-05     0.017   12.3   0.0   143   193    66   117    61   167 0.91 NC_011149.1_3821 # 4097027 # 4097782 # 1 # ID=1_3821;partial=00;start_type=ATG;rbs_motif=AGxAGG/AGGxGG;rbs_spacer=5-10bp;gc_cont=0.481
NC_011149.1:308730-309500|+   -            257 63025at91347         -            277     0.022   12.0   0.0   1   1   0.00011     0.036   11.3   0.0   141   167    45    71    34   136 0.80 NC_011149.1_265 # 308730 # 309500 # 1 # ID=1_265;partial=00;start_type=ATG;rbs_motif=AGxAGG/AGGxGG;rbs_spacer=5-10bp;gc_cont=0.524
NC_011149.1:4265470-4266570|- -            367 63025at91347         -            277     0.025   11.8   0.0   1   1   0.00015     0.049   10.8   0.0   141   191   211   259   205   267 0.89 NC_011149.1_3974 # 4265470 # 4266570 # -1 # ID=1_3974;partial=00;start_type=ATG;rbs_motif=AGGA;rbs_spacer=5-10bp;gc_cont=0.520
#
# Program:         hmmsearch
# Version:         3.4 (Aug 2023)
# Pipeline mode:   SEARCH
# Query file:      /Users/dizzler/Projects/School/BIOL4600-Capstone/databases/lineages/enterobacterales_odb10/hmms/63025at91347.hmm
# Target file:     /Users/dizzler/Projects/School/BIOL4600-Capstone/reports/busco-results/GCF_000020885.1_ASM2088v1_genomic.fna/prodigal_output/predicted_genes/predicted.faa
# Option settings: hmmsearch --domtblout /Users/dizzler/Projects/School/BIOL4600-Capstone/reports/busco-results/GCF_000020885.1_ASM2088v1_genomic.fna/run_enterobacterales_odb10/hmmer_output/63025at91347.out --cpu 1 /Users/dizzler/Projects/School/BIOL4600-Capstone/databases/lineages/enterobacterales_odb10/hmms/63025at91347.hmm /Users/dizzler/Projects/School/BIOL4600-Capstone/reports/busco-results/GCF_000020885.1_ASM2088v1_genomic.fna/prodigal_output/predicted_genes/predicted.faa 
# Current dir:     /Users/dizzler/Projects/School/BIOL4600-Capstone
# Date:            Wed Feb 25 22:54:27 2026
# [ok]
