#                                                                                     --- full sequence --- -------------- this domain -------------   hmm coord   ali coord   env coord
# target name                 accession   tlen query name           accession   qlen   E-value  score  bias   #  of  c-Evalue  i-Evalue  score  bias  from    to  from    to  from    to  acc description of target
#         ------------------- ---------- ----- -------------------- ---------- ----- --------- ------ ----- --- --- --------- --------- ------ ----- ----- ----- ----- ----- ----- ----- ---- ---------------------
NC_011149.1:3813677-3814498|- -            274 64323at91347         -            236  7.1e-124  410.0   0.0   1   1  1.4e-126    8e-124  409.8   0.0     6   236    23   273    15   273 0.94 NC_011149.1_3559 # 3813677 # 3814498 # -1 # ID=1_3559;partial=00;start_type=ATG;rbs_motif=GGAG/GAGG;rbs_spacer=5-10bp;gc_cont=0.560
NC_011149.1:2155347-2155835|- -            163 64323at91347         -            236   3.9e-22   76.9   6.7   1   1   1.2e-24   6.9e-22   76.1   6.7    94   216    35   158    14   162 0.86 NC_011149.1_2035 # 2155347 # 2155835 # -1 # ID=1_2035;partial=00;start_type=ATG;rbs_motif=GGxGG;rbs_spacer=5-10bp;gc_cont=0.566
NC_011149.1:508947-509498|-   -            184 64323at91347         -            236   1.7e-08   32.3   0.8   1   1   3.7e-11   2.1e-08   32.0   0.8   129   219    87   182    78   183 0.74 NC_011149.1_455 # 508947 # 509498 # -1 # ID=1_455;partial=00;start_type=ATG;rbs_motif=GGAG/GAGG;rbs_spacer=5-10bp;gc_cont=0.496
NC_011149.1:3988720-3990090|- -            457 64323at91347         -            236   2.2e-07   28.7   4.1   1   3   7.7e-05     0.043   11.3   0.0   171   203   270   302   244   319 0.85 NC_011149.1_3724 # 3988720 # 3990090 # -1 # ID=1_3724;partial=00;start_type=ATG;rbs_motif=AGGA;rbs_spacer=5-10bp;gc_cont=0.534
NC_011149.1:3988720-3990090|- -            457 64323at91347         -            236   2.2e-07   28.7   4.1   2   3     0.042        23    2.4   0.1   181   199   366   384   349   392 0.86 NC_011149.1_3724 # 3988720 # 3990090 # -1 # ID=1_3724;partial=00;start_type=ATG;rbs_motif=AGGA;rbs_spacer=5-10bp;gc_cont=0.534
NC_011149.1:3988720-3990090|- -            457 64323at91347         -            236   2.2e-07   28.7   4.1   3   3   6.9e-06    0.0039   14.8   1.9   145   212   372   440   367   451 0.82 NC_011149.1_3724 # 3988720 # 3990090 # -1 # ID=1_3724;partial=00;start_type=ATG;rbs_motif=AGGA;rbs_spacer=5-10bp;gc_cont=0.534
NC_011149.1:275149-276174|+   -            342 64323at91347         -            236   5.2e-05   20.9  15.5   1   2   1.1e-05    0.0064   14.1   0.8   121   199    96   178    80   181 0.73 NC_011149.1_237 # 275149 # 276174 # 1 # ID=1_237;partial=00;start_type=ATG;rbs_motif=GGA/GAG/AGG;rbs_spacer=11-12bp;gc_cont=0.520
NC_011149.1:275149-276174|+   -            342 64323at91347         -            236   5.2e-05   20.9  15.5   2   2   0.00011     0.059   10.9   8.0   118   206   208   298   199   325 0.71 NC_011149.1_237 # 275149 # 276174 # 1 # ID=1_237;partial=00;start_type=ATG;rbs_motif=GGA/GAG/AGG;rbs_spacer=11-12bp;gc_cont=0.520
NC_011149.1:2151615-2152169|- -            185 64323at91347         -            236    0.0018   15.9   1.9   1   2      0.18     1e+02    0.3   0.1   180   191    87    98    45   104 0.52 NC_011149.1_2031 # 2151615 # 2152169 # -1 # ID=1_2031;partial=00;start_type=ATG;rbs_motif=GGAG/GAGG;rbs_spacer=5-10bp;gc_cont=0.503
NC_011149.1:2151615-2152169|- -            185 64323at91347         -            236    0.0018   15.9   1.9   2   2   9.3e-06    0.0052   14.4   1.3   164   220   121   178    63   183 0.70 NC_011149.1_2031 # 2151615 # 2152169 # -1 # ID=1_2031;partial=00;start_type=ATG;rbs_motif=GGAG/GAGG;rbs_spacer=5-10bp;gc_cont=0.503
NC_011149.1:3488496-3489050|+ -            185 64323at91347         -            236     0.014   12.9   4.9   1   3    0.0062       3.5    5.1   0.1   164   189    10    35     6    56 0.81 NC_011149.1_3256 # 3488496 # 3489050 # 1 # ID=1_3256;partial=00;start_type=ATG;rbs_motif=GGAG/GAGG;rbs_spacer=5-10bp;gc_cont=0.505
NC_011149.1:3488496-3489050|+ -            185 64323at91347         -            236     0.014   12.9   4.9   2   3       0.7   3.9e+02   -1.6   0.0   185   199    52    66    37    76 0.77 NC_011149.1_3256 # 3488496 # 3489050 # 1 # ID=1_3256;partial=00;start_type=ATG;rbs_motif=GGAG/GAGG;rbs_spacer=5-10bp;gc_cont=0.505
NC_011149.1:3488496-3489050|+ -            185 64323at91347         -            236     0.014   12.9   4.9   3   3   0.00067      0.38    8.3   1.4   143   201    81   132    76   164 0.79 NC_011149.1_3256 # 3488496 # 3489050 # 1 # ID=1_3256;partial=00;start_type=ATG;rbs_motif=GGAG/GAGG;rbs_spacer=5-10bp;gc_cont=0.505
NC_011149.1:276739-277527|+   -            263 64323at91347         -            236     0.034   11.7   9.0   1   2    0.0061       3.5    5.1   1.0   169   203    14    48     6    74 0.79 NC_011149.1_239 # 276739 # 277527 # 1 # ID=1_239;partial=00;start_type=GTG;rbs_motif=GGAGG;rbs_spacer=5-10bp;gc_cont=0.535
NC_011149.1:276739-277527|+   -            263 64323at91347         -            236     0.034   11.7   9.0   2   2   0.00018       0.1   10.1   1.6   145   214   123   192    95   198 0.88 NC_011149.1_239 # 276739 # 277527 # 1 # ID=1_239;partial=00;start_type=GTG;rbs_motif=GGAGG;rbs_spacer=5-10bp;gc_cont=0.535
#
# Program:         hmmsearch
# Version:         3.4 (Aug 2023)
# Pipeline mode:   SEARCH
# Query file:      /Users/dizzler/Projects/School/BIOL4600-Capstone/databases/lineages/enterobacterales_odb10/hmms/64323at91347.hmm
# Target file:     /Users/dizzler/Projects/School/BIOL4600-Capstone/reports/busco-results/GCF_000020885.1_ASM2088v1_genomic.fna/prodigal_output/predicted_genes/predicted.faa
# Option settings: hmmsearch --domtblout /Users/dizzler/Projects/School/BIOL4600-Capstone/reports/busco-results/GCF_000020885.1_ASM2088v1_genomic.fna/run_enterobacterales_odb10/hmmer_output/64323at91347.out --cpu 1 /Users/dizzler/Projects/School/BIOL4600-Capstone/databases/lineages/enterobacterales_odb10/hmms/64323at91347.hmm /Users/dizzler/Projects/School/BIOL4600-Capstone/reports/busco-results/GCF_000020885.1_ASM2088v1_genomic.fna/prodigal_output/predicted_genes/predicted.faa 
# Current dir:     /Users/dizzler/Projects/School/BIOL4600-Capstone
# Date:            Wed Feb 25 22:54:27 2026
# [ok]
