#                                                                                     --- full sequence --- -------------- this domain -------------   hmm coord   ali coord   env coord
# target name                 accession   tlen query name           accession   qlen   E-value  score  bias   #  of  c-Evalue  i-Evalue  score  bias  from    to  from    to  from    to  acc description of target
#         ------------------- ---------- ----- -------------------- ---------- ----- --------- ------ ----- --- --- --------- --------- ------ ----- ----- ----- ----- ----- ----- ----- ---- ---------------------
NC_004631.1:3763847-3765676|+ -            610 15960at91347         -            495  1.6e-257  853.2   1.0   1   2   2.7e-79   3.1e-76  255.3   0.1     1   172     1   222     1   231 0.86 NC_004631.1_3640 # 3763847 # 3765676 # 1 # ID=1_3640;partial=00;start_type=ATG;rbs_motif=AGGA;rbs_spacer=5-10bp;gc_cont=0.546
NC_004631.1:3763847-3765676|+ -            610 15960at91347         -            495  1.6e-257  853.2   1.0   2   2  2.5e-182  2.9e-179  595.1   0.1   164   495   234   609   228   609 0.92 NC_004631.1_3640 # 3763847 # 3765676 # 1 # ID=1_3640;partial=00;start_type=ATG;rbs_motif=AGGA;rbs_spacer=5-10bp;gc_cont=0.546
NC_004631.1:573839-575356|+   -            506 15960at91347         -            495   3.3e-09   34.2   0.6   1   3   2.1e-10   2.5e-07   28.0   0.5     1    90     1   112     1   131 0.79 NC_004631.1_508 # 573839 # 575356 # 1 # ID=1_508;partial=00;start_type=ATG;rbs_motif=GGAG/GAGG;rbs_spacer=5-10bp;gc_cont=0.534
NC_004631.1:573839-575356|+   -            506 15960at91347         -            495   3.3e-09   34.2   0.6   2   3     0.037        43    0.8   0.0   102   155   157   222   143   243 0.69 NC_004631.1_508 # 573839 # 575356 # 1 # ID=1_508;partial=00;start_type=ATG;rbs_motif=GGAG/GAGG;rbs_spacer=5-10bp;gc_cont=0.534
NC_004631.1:573839-575356|+   -            506 15960at91347         -            495   3.3e-09   34.2   0.6   3   3      0.27   3.2e+02   -2.0   0.0    85   120   404   440   402   455 0.71 NC_004631.1_508 # 573839 # 575356 # 1 # ID=1_508;partial=00;start_type=ATG;rbs_motif=GGAG/GAGG;rbs_spacer=5-10bp;gc_cont=0.534
NC_004631.1:4053710-4054564|+ -            285 15960at91347         -            495   1.2e-08   32.3   0.0   1   1   2.4e-11   2.8e-08   31.1   0.0   210   413    20   243     2   254 0.76 NC_004631.1_3907 # 4053710 # 4054564 # 1 # ID=1_3907;partial=00;start_type=ATG;rbs_motif=GGAG/GAGG;rbs_spacer=5-10bp;gc_cont=0.509
NC_004631.1:323290-324183|+   -            298 15960at91347         -            495    0.0019   15.2   0.0   1   1   2.2e-06    0.0025   14.8   0.0   254   332   131   210   126   247 0.81 NC_004631.1_288 # 323290 # 324183 # 1 # ID=1_288;partial=00;start_type=ATG;rbs_motif=GGAG/GAGG;rbs_spacer=5-10bp;gc_cont=0.573
#
# Program:         hmmsearch
# Version:         3.4 (Aug 2023)
# Pipeline mode:   SEARCH
# Query file:      /Users/dizzler/Projects/School/BIOL4600-Capstone/busco_downloads/lineages/enterobacterales_odb10/hmms/15960at91347.hmm
# Target file:     reports/busco-results/data/00-reads/GCF_000007545.1_ASM754v1_genomic.fna/prodigal_output/predicted_genes/predicted.faa
# Option settings: hmmsearch --domtblout reports/busco-results/data/00-reads/GCF_000007545.1_ASM754v1_genomic.fna/run_enterobacterales_odb10/hmmer_output/15960at91347.out --cpu 1 /Users/dizzler/Projects/School/BIOL4600-Capstone/busco_downloads/lineages/enterobacterales_odb10/hmms/15960at91347.hmm reports/busco-results/data/00-reads/GCF_000007545.1_ASM754v1_genomic.fna/prodigal_output/predicted_genes/predicted.faa 
# Current dir:     /Users/dizzler/Projects/School/BIOL4600-Capstone
# Date:            Sat Feb 21 21:47:59 2026
# [ok]
