#                                                                                     --- full sequence --- -------------- this domain -------------   hmm coord   ali coord   env coord
# target name                 accession   tlen query name           accession   qlen   E-value  score  bias   #  of  c-Evalue  i-Evalue  score  bias  from    to  from    to  from    to  acc description of target
#         ------------------- ---------- ----- -------------------- ---------- ----- --------- ------ ----- --- --- --------- --------- ------ ----- ----- ----- ----- ----- ----- ----- ---- ---------------------
NC_004631.1:3756737-3758278|+ -            514 16772at91347         -            446  5.6e-261  864.0   7.6   1   1  5.4e-263  4.2e-260  861.1   7.6     1   433     1   476     1   487 0.94 NC_004631.1_3634 # 3756737 # 3758278 # 1 # ID=1_3634;partial=00;start_type=ATG;rbs_motif=GGA/GAG/AGG;rbs_spacer=5-10bp;gc_cont=0.550
NC_004631.1:1350097-1351398|+ -            434 16772at91347         -            446   1.2e-38  131.2   0.0   1   1     2e-41   1.5e-38  130.9   0.0    62   403    65   414    22   420 0.87 NC_004631.1_1281 # 1350097 # 1351398 # 1 # ID=1_1281;partial=00;start_type=ATG;rbs_motif=AGGAG;rbs_spacer=5-10bp;gc_cont=0.512
NC_004631.1:2874534-2875829|- -            432 16772at91347         -            446   3.3e-35  119.9   0.0   1   1   5.8e-38   4.4e-35  119.5   0.0    55   376    52   381    38   405 0.92 NC_004631.1_2788 # 2874534 # 2875829 # -1 # ID=1_2788;partial=00;start_type=ATG;rbs_motif=None;rbs_spacer=None;gc_cont=0.544
NC_004631.1:3759219-3760601|+ -            461 16772at91347         -            446   3.5e-33  113.3   0.0   1   2   1.7e-34   1.3e-31  108.1   0.0    62   401    50   403    11   412 0.87 NC_004631.1_3636 # 3759219 # 3760601 # 1 # ID=1_3636;partial=00;start_type=ATG;rbs_motif=GGAG/GAGG;rbs_spacer=5-10bp;gc_cont=0.551
NC_004631.1:3759219-3760601|+ -            461 16772at91347         -            446   3.5e-33  113.3   0.0   2   2     0.011       8.4    3.2   0.0    24    56   415   447   406   457 0.85 NC_004631.1_3636 # 3759219 # 3760601 # 1 # ID=1_3636;partial=00;start_type=ATG;rbs_motif=GGAG/GAGG;rbs_spacer=5-10bp;gc_cont=0.551
NC_004631.1:1001603-1002973|- -            457 16772at91347         -            446   9.6e-31  105.2   0.0   1   1   1.9e-33   1.5e-30  104.6   0.0    87   383   109   416   102   441 0.82 NC_004631.1_915 # 1001603 # 1002973 # -1 # ID=1_915;partial=00;start_type=ATG;rbs_motif=GGAG/GAGG;rbs_spacer=5-10bp;gc_cont=0.599
NC_004631.1:3480444-3481703|- -            420 16772at91347         -            446    0.0073   13.3   0.1   1   1   1.5e-05     0.011   12.7   0.0   135   255   161   276   153   326 0.77 NC_004631.1_3370 # 3480444 # 3481703 # -1 # ID=1_3370;partial=00;start_type=ATG;rbs_motif=None;rbs_spacer=None;gc_cont=0.529
#
# Program:         hmmsearch
# Version:         3.4 (Aug 2023)
# Pipeline mode:   SEARCH
# Query file:      /Users/dizzler/Projects/School/BIOL4600-Capstone/busco_downloads/lineages/enterobacterales_odb10/hmms/16772at91347.hmm
# Target file:     reports/busco-results/data/00-reads/GCF_000007545.1_ASM754v1_genomic.fna/prodigal_output/predicted_genes/predicted.faa
# Option settings: hmmsearch --domtblout reports/busco-results/data/00-reads/GCF_000007545.1_ASM754v1_genomic.fna/run_enterobacterales_odb10/hmmer_output/16772at91347.out --cpu 1 /Users/dizzler/Projects/School/BIOL4600-Capstone/busco_downloads/lineages/enterobacterales_odb10/hmms/16772at91347.hmm reports/busco-results/data/00-reads/GCF_000007545.1_ASM754v1_genomic.fna/prodigal_output/predicted_genes/predicted.faa 
# Current dir:     /Users/dizzler/Projects/School/BIOL4600-Capstone
# Date:            Sat Feb 21 21:47:59 2026
# [ok]
