#                                                                                     --- full sequence --- -------------- this domain -------------   hmm coord   ali coord   env coord
# target name                 accession   tlen query name           accession   qlen   E-value  score  bias   #  of  c-Evalue  i-Evalue  score  bias  from    to  from    to  from    to  acc description of target
#         ------------------- ---------- ----- -------------------- ---------- ----- --------- ------ ----- --- --- --------- --------- ------ ----- ----- ----- ----- ----- ----- ----- ---- ---------------------
NC_004631.1:2708336-2709697|- -            454 22268at91347         -            406  4.1e-204  676.0  15.8   1   1  1.8e-206  7.1e-204  675.2  15.8     1   406     1   446     1   446 0.95 NC_004631.1_2631 # 2708336 # 2709697 # -1 # ID=1_2631;partial=00;start_type=ATG;rbs_motif=GGA/GAG/AGG;rbs_spacer=5-10bp;gc_cont=0.548
NC_004631.1:4090423-4091898|+ -            492 22268at91347         -            406   6.6e-48  161.6   2.0   1   1   2.4e-50   9.2e-48  161.1   2.0    21   267   211   477   189   490 0.80 NC_004631.1_3943 # 4090423 # 4091898 # 1 # ID=1_3943;partial=00;start_type=ATG;rbs_motif=4Base/6BMM;rbs_spacer=13-15bp;gc_cont=0.551
NC_004631.1:2506760-2507869|+ -            370 22268at91347         -            406    0.0025   14.7   0.0   1   2   4.3e-05     0.017   12.0   0.0    85   135    33    84    26   112 0.87 NC_004631.1_2438 # 2506760 # 2507869 # 1 # ID=1_2438;partial=00;start_type=ATG;rbs_motif=GGA/GAG/AGG;rbs_spacer=5-10bp;gc_cont=0.583
NC_004631.1:2506760-2507869|+ -            370 22268at91347         -            406    0.0025   14.7   0.0   2   2       0.2        78   -0.1   0.0   237   283   211   259   165   263 0.68 NC_004631.1_2438 # 2506760 # 2507869 # 1 # ID=1_2438;partial=00;start_type=ATG;rbs_motif=GGA/GAG/AGG;rbs_spacer=5-10bp;gc_cont=0.583
NC_004631.1:751873-752346|+   -            158 22268at91347         -            406    0.0035   14.3   0.0   1   1   9.6e-06    0.0037   14.2   0.0    83   144    26    88    19   144 0.71 NC_004631.1_669 # 751873 # 752346 # 1 # ID=1_669;partial=00;start_type=ATG;rbs_motif=GGA/GAG/AGG;rbs_spacer=5-10bp;gc_cont=0.454
NC_004631.1:2794704-2795264|+ -            187 22268at91347         -            406    0.0042   14.0   0.1   1   1   1.3e-05    0.0051   13.7   0.1    86   136    44    95    23   115 0.83 NC_004631.1_2707 # 2794704 # 2795264 # 1 # ID=1_2707;partial=00;start_type=ATG;rbs_motif=4Base/6BMM;rbs_spacer=13-15bp;gc_cont=0.501
NC_004631.1:4101278-4101991|+ -            238 22268at91347         -            406    0.0045   13.9   0.0   1   1   1.8e-05    0.0068   13.3   0.0    83   116    18    51     9    68 0.93 NC_004631.1_3954 # 4101278 # 4101991 # 1 # ID=1_3954;partial=00;start_type=ATG;rbs_motif=GGAG/GAGG;rbs_spacer=5-10bp;gc_cont=0.599
NC_004631.1:2756502-2760158|+ -           1219 22268at91347         -            406    0.0095   12.8   0.1   1   2    0.0076       2.9    4.6   0.0    85   119   356   390   351   394 0.92 NC_004631.1_2669 # 2756502 # 2760158 # 1 # ID=1_2669;partial=00;start_type=ATG;rbs_motif=AGGAG;rbs_spacer=5-10bp;gc_cont=0.589
NC_004631.1:2756502-2760158|+ -           1219 22268at91347         -            406    0.0095   12.8   0.1   2   2    0.0034       1.3    5.8   0.0    85   117   983  1015   978  1019 0.88 NC_004631.1_2669 # 2756502 # 2760158 # 1 # ID=1_2669;partial=00;start_type=ATG;rbs_motif=AGGAG;rbs_spacer=5-10bp;gc_cont=0.589
NC_004631.1:1145901-1146713|- -            271 22268at91347         -            406     0.018   11.9   0.6   1   2   5.8e-05     0.022   11.6   0.2    97   133     4    41     1    84 0.87 NC_004631.1_1063 # 1145901 # 1146713 # -1 # ID=1_1063;partial=00;start_type=ATG;rbs_motif=AGGA;rbs_spacer=5-10bp;gc_cont=0.513
NC_004631.1:1145901-1146713|- -            271 22268at91347         -            406     0.018   11.9   0.6   2   2       3.4   1.3e+03   -4.1   0.0   264   283   183   203   179   205 0.65 NC_004631.1_1063 # 1145901 # 1146713 # -1 # ID=1_1063;partial=00;start_type=ATG;rbs_motif=AGGA;rbs_spacer=5-10bp;gc_cont=0.513
NC_004631.1:945183-945998|+   -            272 22268at91347         -            406     0.018   11.9   0.0   1   2     0.002      0.78    6.5   0.0    86   125    17    56    14    64 0.88 NC_004631.1_859 # 945183 # 945998 # 1 # ID=1_859;partial=00;start_type=ATG;rbs_motif=AGGA;rbs_spacer=5-10bp;gc_cont=0.523
NC_004631.1:945183-945998|+   -            272 22268at91347         -            406     0.018   11.9   0.0   2   2      0.02       7.8    3.2   0.0   101   133   164   196   113   209 0.83 NC_004631.1_859 # 945183 # 945998 # 1 # ID=1_859;partial=00;start_type=ATG;rbs_motif=AGGA;rbs_spacer=5-10bp;gc_cont=0.523
NC_004631.1:2133584-2135320|+ -            579 22268at91347         -            406     0.025   11.5   0.3   1   2     0.012       4.8    3.9   0.0    90   122    27    59    21    62 0.81 NC_004631.1_2076 # 2133584 # 2135320 # 1 # ID=1_2076;partial=00;start_type=ATG;rbs_motif=GGAG/GAGG;rbs_spacer=5-10bp;gc_cont=0.560
NC_004631.1:2133584-2135320|+ -            579 22268at91347         -            406     0.025   11.5   0.3   2   2    0.0043       1.7    5.4   0.1    85   134   344   394   323   413 0.78 NC_004631.1_2076 # 2133584 # 2135320 # 1 # ID=1_2076;partial=00;start_type=ATG;rbs_motif=GGAG/GAGG;rbs_spacer=5-10bp;gc_cont=0.560
NC_004631.1:4100509-4101276|+ -            256 22268at91347         -            406     0.046   10.6   0.0   1   1   0.00018     0.068   10.0   0.0    85   121    20    56    13    62 0.89 NC_004631.1_3953 # 4100509 # 4101276 # 1 # ID=1_3953;partial=00;start_type=ATG;rbs_motif=AGGAG;rbs_spacer=5-10bp;gc_cont=0.578
NC_004631.1:779446-780393|+   -            316 22268at91347         -            406     0.056   10.3   0.0   1   1   0.00023     0.088    9.7   0.0    84   122    15    53    12    65 0.91 NC_004631.1_696 # 779446 # 780393 # 1 # ID=1_696;partial=00;start_type=ATG;rbs_motif=GGAG/GAGG;rbs_spacer=5-10bp;gc_cont=0.577
#
# Program:         hmmsearch
# Version:         3.4 (Aug 2023)
# Pipeline mode:   SEARCH
# Query file:      /Users/dizzler/Projects/School/BIOL4600-Capstone/busco_downloads/lineages/enterobacterales_odb10/hmms/22268at91347.hmm
# Target file:     reports/busco-results/data/00-reads/GCF_000007545.1_ASM754v1_genomic.fna/prodigal_output/predicted_genes/predicted.faa
# Option settings: hmmsearch --domtblout reports/busco-results/data/00-reads/GCF_000007545.1_ASM754v1_genomic.fna/run_enterobacterales_odb10/hmmer_output/22268at91347.out --cpu 1 /Users/dizzler/Projects/School/BIOL4600-Capstone/busco_downloads/lineages/enterobacterales_odb10/hmms/22268at91347.hmm reports/busco-results/data/00-reads/GCF_000007545.1_ASM754v1_genomic.fna/prodigal_output/predicted_genes/predicted.faa 
# Current dir:     /Users/dizzler/Projects/School/BIOL4600-Capstone
# Date:            Sat Feb 21 21:47:59 2026
# [ok]
