#                                                                                     --- full sequence --- -------------- this domain -------------   hmm coord   ali coord   env coord
# target name                 accession   tlen query name           accession   qlen   E-value  score  bias   #  of  c-Evalue  i-Evalue  score  bias  from    to  from    to  from    to  acc description of target
#         ------------------- ---------- ----- -------------------- ---------- ----- --------- ------ ----- --- --- --------- --------- ------ ----- ----- ----- ----- ----- ----- ----- ---- ---------------------
NC_004631.1:3310236-3311408|- -            391 31545at91347         -            292  2.4e-148  491.1   0.2   1   2  7.6e-148  4.4e-145  480.4   0.0     1   273     1   289     1   303 0.95 NC_004631.1_3211 # 3310236 # 3311408 # -1 # ID=1_3211;partial=00;start_type=ATG;rbs_motif=GGAG/GAGG;rbs_spacer=5-10bp;gc_cont=0.549
NC_004631.1:3310236-3311408|- -            391 31545at91347         -            292  2.4e-148  491.1   0.2   2   2   0.00031      0.18    9.1   0.0   273   292   309   332   307   332 0.88 NC_004631.1_3211 # 3310236 # 3311408 # -1 # ID=1_3211;partial=00;start_type=ATG;rbs_motif=GGAG/GAGG;rbs_spacer=5-10bp;gc_cont=0.549
NC_004631.1:1176621-1177712|- -            364 31545at91347         -            292     3e-14   51.0   0.3   1   2   1.7e-15   9.6e-13   46.1   0.2   151   239     5   110     3   142 0.76 NC_004631.1_1097 # 1176621 # 1177712 # -1 # ID=1_1097;partial=00;start_type=ATG;rbs_motif=GGA/GAG/AGG;rbs_spacer=5-10bp;gc_cont=0.527
NC_004631.1:1176621-1177712|- -            364 31545at91347         -            292     3e-14   51.0   0.3   2   2      0.55   3.2e+02   -1.6   0.0   156   197   172   213   129   215 0.67 NC_004631.1_1097 # 1176621 # 1177712 # -1 # ID=1_1097;partial=00;start_type=ATG;rbs_motif=GGA/GAG/AGG;rbs_spacer=5-10bp;gc_cont=0.527
NC_004631.1:4564206-4565486|+ -            427 31545at91347         -            292   4.4e-14   50.5   0.0   1   1   1.3e-16   7.7e-14   49.7   0.0   141   273   193   323   167   327 0.78 NC_004631.1_4405 # 4564206 # 4565486 # 1 # ID=1_4405;partial=00;start_type=TTG;rbs_motif=GGAG/GAGG;rbs_spacer=5-10bp;gc_cont=0.539
NC_004631.1:387670-389142|+   -            491 31545at91347         -            292   1.2e-13   49.0   0.0   1   2   6.9e-11     4e-08   30.9   0.0   151   271     5   122     1   132 0.85 NC_004631.1_343 # 387670 # 389142 # 1 # ID=1_343;partial=00;start_type=ATG;rbs_motif=GGAG/GAGG;rbs_spacer=5-10bp;gc_cont=0.544
NC_004631.1:387670-389142|+   -            491 31545at91347         -            292   1.2e-13   49.0   0.0   2   2   2.4e-06    0.0014   16.0   0.0   151   238   205   297   198   327 0.80 NC_004631.1_343 # 387670 # 389142 # 1 # ID=1_343;partial=00;start_type=ATG;rbs_motif=GGAG/GAGG;rbs_spacer=5-10bp;gc_cont=0.544
NC_004631.1:4148784-4151102|- -            773 31545at91347         -            292     4e-05   21.0   0.0   1   1   1.1e-07   6.2e-05   20.4   0.0   151   206     6    61     3   139 0.85 NC_004631.1_3994 # 4148784 # 4151102 # -1 # ID=1_3994;partial=00;start_type=ATG;rbs_motif=GGA/GAG/AGG;rbs_spacer=5-10bp;gc_cont=0.564
NC_004631.1:3786065-3787429|- -            455 31545at91347         -            292   0.00086   16.7   0.0   1   1   2.2e-06    0.0013   16.1   0.0   151   272   219   340   212   350 0.88 NC_004631.1_3660 # 3786065 # 3787429 # -1 # ID=1_3660;partial=00;start_type=ATG;rbs_motif=GGA/GAG/AGG;rbs_spacer=5-10bp;gc_cont=0.598
NC_004631.1:4771877-4773544|- -            556 31545at91347         -            292    0.0028   15.0   0.1   1   2   0.00017       0.1    9.9   0.0   140   169    24    53    10    60 0.88 NC_004631.1_4613 # 4771877 # 4773544 # -1 # ID=1_4613;partial=00;start_type=GTG;rbs_motif=AGGA/GGAG/GAGG;rbs_spacer=11-12bp;gc_cont=0.578
NC_004631.1:4771877-4773544|- -            556 31545at91347         -            292    0.0028   15.0   0.1   2   2     0.027        16    2.7   0.0   149   170   350   371   327   377 0.85 NC_004631.1_4613 # 4771877 # 4773544 # -1 # ID=1_4613;partial=00;start_type=GTG;rbs_motif=AGGA/GGAG/GAGG;rbs_spacer=11-12bp;gc_cont=0.578
NC_004631.1:315932-316837|+   -            302 31545at91347         -            292     0.011   13.1   0.2   1   2   3.9e-05     0.022   12.0   0.0   151   212    11    73     6   132 0.83 NC_004631.1_279 # 315932 # 316837 # 1 # ID=1_279;partial=00;start_type=ATG;rbs_motif=GGAG/GAGG;rbs_spacer=5-10bp;gc_cont=0.519
NC_004631.1:315932-316837|+   -            302 31545at91347         -            292     0.011   13.1   0.2   2   2       1.8     1e+03   -3.3   0.0    72   136   241   268   230   282 0.50 NC_004631.1_279 # 315932 # 316837 # 1 # ID=1_279;partial=00;start_type=ATG;rbs_motif=GGAG/GAGG;rbs_spacer=5-10bp;gc_cont=0.519
#
# Program:         hmmsearch
# Version:         3.4 (Aug 2023)
# Pipeline mode:   SEARCH
# Query file:      /Users/dizzler/Projects/School/BIOL4600-Capstone/busco_downloads/lineages/enterobacterales_odb10/hmms/31545at91347.hmm
# Target file:     reports/busco-results/data/00-reads/GCF_000007545.1_ASM754v1_genomic.fna/prodigal_output/predicted_genes/predicted.faa
# Option settings: hmmsearch --domtblout reports/busco-results/data/00-reads/GCF_000007545.1_ASM754v1_genomic.fna/run_enterobacterales_odb10/hmmer_output/31545at91347.out --cpu 1 /Users/dizzler/Projects/School/BIOL4600-Capstone/busco_downloads/lineages/enterobacterales_odb10/hmms/31545at91347.hmm reports/busco-results/data/00-reads/GCF_000007545.1_ASM754v1_genomic.fna/prodigal_output/predicted_genes/predicted.faa 
# Current dir:     /Users/dizzler/Projects/School/BIOL4600-Capstone
# Date:            Sat Feb 21 21:47:59 2026
# [ok]
