#                                                                                     --- full sequence --- -------------- this domain -------------   hmm coord   ali coord   env coord
# target name                 accession   tlen query name           accession   qlen   E-value  score  bias   #  of  c-Evalue  i-Evalue  score  bias  from    to  from    to  from    to  acc description of target
#         ------------------- ---------- ----- -------------------- ---------- ----- --------- ------ ----- --- --- --------- --------- ------ ----- ----- ----- ----- ----- ----- ----- ---- ---------------------
NC_004631.1:2481057-2483411|- -            785 4210at91347          -            683         0 1323.6  17.2   1   2   8.8e-55   8.1e-52  174.3   0.2     1    96     1   101     1   105 0.96 NC_004631.1_2413 # 2481057 # 2483411 # -1 # ID=1_2413;partial=00;start_type=ATG;rbs_motif=GGA/GAG/AGG;rbs_spacer=5-10bp;gc_cont=0.539
NC_004631.1:2481057-2483411|- -            785 4210at91347          -            683         0 1323.6  17.2   2   2         0         0 1151.5  12.0    96   683   126   771   121   771 0.95 NC_004631.1_2413 # 2481057 # 2483411 # -1 # ID=1_2413;partial=00;start_type=ATG;rbs_motif=GGA/GAG/AGG;rbs_spacer=5-10bp;gc_cont=0.539
NC_004631.1:1911520-1913280|+ -            587 4210at91347          -            683   0.00017   17.9   0.0   1   1   2.5e-07   0.00023   17.5   0.0   594   659   434   510   424   541 0.74 NC_004631.1_1857 # 1911520 # 1913280 # 1 # ID=1_1857;partial=00;start_type=TTG;rbs_motif=None;rbs_spacer=None;gc_cont=0.537
NC_004631.1:4768994-4770376|+ -            461 4210at91347          -            683   0.00058   16.2   0.0   1   1     1e-06   0.00096   15.5   0.0   580   680   355   455   347   457 0.86 NC_004631.1_4611 # 4768994 # 4770376 # 1 # ID=1_4611;partial=00;start_type=GTG;rbs_motif=GGAG/GAGG;rbs_spacer=5-10bp;gc_cont=0.597
NC_004631.1:2548222-2548767|- -            182 4210at91347          -            683     0.007   12.6   0.0   1   1     1e-05    0.0096   12.2   0.0   300   325     5    30     2    35 0.91 NC_004631.1_2481 # 2548222 # 2548767 # -1 # ID=1_2481;partial=00;start_type=ATG;rbs_motif=GGA/GAG/AGG;rbs_spacer=5-10bp;gc_cont=0.582
NC_004631.1:3304708-3306651|- -            648 4210at91347          -            683      0.02   11.1   0.3   1   2     4e-05     0.037   10.2   0.0   272   319   156   210   138   232 0.77 NC_004631.1_3205 # 3304708 # 3306651 # -1 # ID=1_3205;partial=00;start_type=TTG;rbs_motif=GGAG/GAGG;rbs_spacer=5-10bp;gc_cont=0.559
NC_004631.1:3304708-3306651|- -            648 4210at91347          -            683      0.02   11.1   0.3   2   2      0.51   4.7e+02   -3.3   0.1   254   289   552   587   548   589 0.86 NC_004631.1_3205 # 3304708 # 3306651 # -1 # ID=1_3205;partial=00;start_type=TTG;rbs_motif=GGAG/GAGG;rbs_spacer=5-10bp;gc_cont=0.559
#
# Program:         hmmsearch
# Version:         3.4 (Aug 2023)
# Pipeline mode:   SEARCH
# Query file:      /Users/dizzler/Projects/School/BIOL4600-Capstone/busco_downloads/lineages/enterobacterales_odb10/hmms/4210at91347.hmm
# Target file:     reports/busco-results/data/00-reads/GCF_000007545.1_ASM754v1_genomic.fna/prodigal_output/predicted_genes/predicted.faa
# Option settings: hmmsearch --domtblout reports/busco-results/data/00-reads/GCF_000007545.1_ASM754v1_genomic.fna/run_enterobacterales_odb10/hmmer_output/4210at91347.out --cpu 1 /Users/dizzler/Projects/School/BIOL4600-Capstone/busco_downloads/lineages/enterobacterales_odb10/hmms/4210at91347.hmm reports/busco-results/data/00-reads/GCF_000007545.1_ASM754v1_genomic.fna/prodigal_output/predicted_genes/predicted.faa 
# Current dir:     /Users/dizzler/Projects/School/BIOL4600-Capstone
# Date:            Sat Feb 21 21:48:00 2026
# [ok]
