#                                                                                     --- full sequence --- -------------- this domain -------------   hmm coord   ali coord   env coord
# target name                 accession   tlen query name           accession   qlen   E-value  score  bias   #  of  c-Evalue  i-Evalue  score  bias  from    to  from    to  from    to  acc description of target
#         ------------------- ---------- ----- -------------------- ---------- ----- --------- ------ ----- --- --- --------- --------- ------ ----- ----- ----- ----- ----- ----- ----- ---- ---------------------
NC_004631.1:1797105-1798148|- -            348 49349at91347         -            278  6.9e-145  479.4   0.4   1   1  6.4e-147  4.3e-144  476.8   0.4     1   278    44   344    44   344 0.92 NC_004631.1_1737 # 1797105 # 1798148 # -1 # ID=1_1737;partial=00;start_type=ATG;rbs_motif=None;rbs_spacer=None;gc_cont=0.537
NC_004631.1:2696651-2697631|- -            327 49349at91347         -            278   3.6e-43  145.7   0.0   1   1   6.4e-46   4.3e-43  145.5   0.0     2   277    15   312    14   313 0.82 NC_004631.1_2618 # 2696651 # 2697631 # -1 # ID=1_2618;partial=00;start_type=ATG;rbs_motif=AGxAG;rbs_spacer=5-10bp;gc_cont=0.534
NC_004631.1:109120-109779|-   -            220 49349at91347         -            278   2.1e-38  130.1   0.0   1   1     4e-41   2.6e-38  129.8   0.0    61   267    14   218     6   219 0.86 NC_004631.1_97 # 109120 # 109779 # -1 # ID=1_97;partial=00;start_type=ATG;rbs_motif=GGAG/GAGG;rbs_spacer=5-10bp;gc_cont=0.577
NC_004631.1:2956978-2957760|- -            261 49349at91347         -            278     1e-35  121.3   0.1   1   1   7.2e-38   4.8e-35  119.1   0.1    63   276     4   233     1   235 0.80 NC_004631.1_2865 # 2956978 # 2957760 # -1 # ID=1_2865;partial=00;start_type=ATG;rbs_motif=None;rbs_spacer=None;gc_cont=0.582
NC_004631.1:4262523-4263392|+ -            290 49349at91347         -            278   0.00084   16.6   0.2   1   1   3.9e-06    0.0026   15.0   0.2    21   149    25   142     8   207 0.81 NC_004631.1_4115 # 4262523 # 4263392 # 1 # ID=1_4115;partial=00;start_type=ATG;rbs_motif=GGA/GAG/AGG;rbs_spacer=5-10bp;gc_cont=0.510
NC_004631.1:1747413-1748150|+ -            246 49349at91347         -            278   0.00097   16.4   0.1   1   2     0.048        32    1.6   0.0   110   126   101   117    94   149 0.75 NC_004631.1_1686 # 1747413 # 1748150 # 1 # ID=1_1686;partial=00;start_type=ATG;rbs_motif=3Base/5BMM;rbs_spacer=13-15bp;gc_cont=0.514
NC_004631.1:1747413-1748150|+ -            246 49349at91347         -            278   0.00097   16.4   0.1   2   2   2.5e-05     0.017   12.3   0.0   195   226   191   222   181   233 0.85 NC_004631.1_1686 # 1747413 # 1748150 # 1 # ID=1_1686;partial=00;start_type=ATG;rbs_motif=3Base/5BMM;rbs_spacer=13-15bp;gc_cont=0.514
NC_004631.1:1062933-1063751|- -            273 49349at91347         -            278     0.012   12.8   0.0   1   1   2.7e-05     0.018   12.2   0.0   214   258   130   174   126   180 0.93 NC_004631.1_978 # 1062933 # 1063751 # -1 # ID=1_978;partial=00;start_type=ATG;rbs_motif=4Base/6BMM;rbs_spacer=13-15bp;gc_cont=0.563
#
# Program:         hmmsearch
# Version:         3.4 (Aug 2023)
# Pipeline mode:   SEARCH
# Query file:      /Users/dizzler/Projects/School/BIOL4600-Capstone/busco_downloads/lineages/enterobacterales_odb10/hmms/49349at91347.hmm
# Target file:     reports/busco-results/data/00-reads/GCF_000007545.1_ASM754v1_genomic.fna/prodigal_output/predicted_genes/predicted.faa
# Option settings: hmmsearch --domtblout reports/busco-results/data/00-reads/GCF_000007545.1_ASM754v1_genomic.fna/run_enterobacterales_odb10/hmmer_output/49349at91347.out --cpu 1 /Users/dizzler/Projects/School/BIOL4600-Capstone/busco_downloads/lineages/enterobacterales_odb10/hmms/49349at91347.hmm reports/busco-results/data/00-reads/GCF_000007545.1_ASM754v1_genomic.fna/prodigal_output/predicted_genes/predicted.faa 
# Current dir:     /Users/dizzler/Projects/School/BIOL4600-Capstone
# Date:            Sat Feb 21 21:48:00 2026
# [ok]
