#                                                                                     --- full sequence --- -------------- this domain -------------   hmm coord   ali coord   env coord
# target name                 accession   tlen query name           accession   qlen   E-value  score  bias   #  of  c-Evalue  i-Evalue  score  bias  from    to  from    to  from    to  acc description of target
#         ------------------- ---------- ----- -------------------- ---------- ----- --------- ------ ----- --- --- --------- --------- ------ ----- ----- ----- ----- ----- ----- ----- ---- ---------------------
NC_004631.1:3786065-3787429|- -            455 52476at91347         -            371  3.2e-171  567.2   0.0   1   1  8.1e-171  4.2e-168  557.0   0.0     1   371     5   454     5   454 0.88 NC_004631.1_3660 # 3786065 # 3787429 # -1 # ID=1_3660;partial=00;start_type=ATG;rbs_motif=GGA/GAG/AGG;rbs_spacer=5-10bp;gc_cont=0.598
NC_004631.1:387670-389142|+   -            491 52476at91347         -            371   3.1e-36  123.0   0.2   1   2   3.2e-18   1.6e-15   54.9   0.0   187   273     5    92     2    98 0.94 NC_004631.1_343 # 387670 # 389142 # 1 # ID=1_343;partial=00;start_type=ATG;rbs_motif=GGAG/GAGG;rbs_spacer=5-10bp;gc_cont=0.544
NC_004631.1:387670-389142|+   -            491 52476at91347         -            371   3.1e-36  123.0   0.2   2   2   1.5e-21   7.9e-19   65.8   0.2   185   273   203   295   199   300 0.94 NC_004631.1_343 # 387670 # 389142 # 1 # ID=1_343;partial=00;start_type=ATG;rbs_motif=GGAG/GAGG;rbs_spacer=5-10bp;gc_cont=0.544
NC_004631.1:315932-316837|+   -            302 52476at91347         -            371   2.2e-12   44.6   0.1   1   1   6.6e-15   3.4e-12   44.0   0.1   187   309    11   140     8   174 0.81 NC_004631.1_279 # 315932 # 316837 # 1 # ID=1_279;partial=00;start_type=ATG;rbs_motif=GGAG/GAGG;rbs_spacer=5-10bp;gc_cont=0.519
NC_004631.1:4564206-4565486|+ -            427 52476at91347         -            371   6.5e-06   23.3   0.2   1   2   5.2e-08   2.7e-05   21.3   0.2   176   283   189   297   173   322 0.81 NC_004631.1_4405 # 4564206 # 4565486 # 1 # ID=1_4405;partial=00;start_type=TTG;rbs_motif=GGAG/GAGG;rbs_spacer=5-10bp;gc_cont=0.539
NC_004631.1:4564206-4565486|+ -            427 52476at91347         -            371   6.5e-06   23.3   0.2   2   2     0.042        22    1.8   0.1   256   289   291   326   289   359 0.77 NC_004631.1_4405 # 4564206 # 4565486 # 1 # ID=1_4405;partial=00;start_type=TTG;rbs_motif=GGAG/GAGG;rbs_spacer=5-10bp;gc_cont=0.539
NC_004631.1:3721105-3721737|+ -            211 52476at91347         -            371   0.00014   18.9   0.0   1   2     7e-07   0.00036   17.5   0.0   184   219    26    62     3    77 0.77 NC_004631.1_3603 # 3721105 # 3721737 # 1 # ID=1_3603;partial=00;start_type=TTG;rbs_motif=GGAG/GAGG;rbs_spacer=5-10bp;gc_cont=0.517
NC_004631.1:3721105-3721737|+ -            211 52476at91347         -            371   0.00014   18.9   0.0   2   2      0.53   2.7e+02   -1.8   0.0   284   306   173   194   145   199 0.75 NC_004631.1_3603 # 3721105 # 3721737 # 1 # ID=1_3603;partial=00;start_type=TTG;rbs_motif=GGAG/GAGG;rbs_spacer=5-10bp;gc_cont=0.517
NC_004631.1:1176621-1177712|- -            364 52476at91347         -            371    0.0066   13.4   0.2   1   1   2.7e-05     0.014   12.3   0.2   184   207     2    25     1   139 0.82 NC_004631.1_1097 # 1176621 # 1177712 # -1 # ID=1_1097;partial=00;start_type=ATG;rbs_motif=GGA/GAG/AGG;rbs_spacer=5-10bp;gc_cont=0.527
NC_004631.1:4553122-4554174|- -            351 52476at91347         -            371    0.0072   13.3   0.0   1   1   2.4e-05     0.012   12.5   0.0   188   214   211   237   157   250 0.88 NC_004631.1_4395 # 4553122 # 4554174 # -1 # ID=1_4395;partial=00;start_type=TTG;rbs_motif=AGGAG;rbs_spacer=5-10bp;gc_cont=0.533
NC_004631.1:2035426-2037192|+ -            589 52476at91347         -            371     0.028   11.3   0.0   1   1   0.00011     0.058   10.3   0.0   180   206   372   398   357   402 0.90 NC_004631.1_1981 # 2035426 # 2037192 # 1 # ID=1_1981;partial=00;start_type=ATG;rbs_motif=None;rbs_spacer=None;gc_cont=0.566
NC_004631.1:4148784-4151102|- -            773 52476at91347         -            371     0.041   10.8   0.0   1   1   0.00011     0.059   10.3   0.0   186   241     5    59     1   101 0.75 NC_004631.1_3994 # 4148784 # 4151102 # -1 # ID=1_3994;partial=00;start_type=ATG;rbs_motif=GGA/GAG/AGG;rbs_spacer=5-10bp;gc_cont=0.564
#
# Program:         hmmsearch
# Version:         3.4 (Aug 2023)
# Pipeline mode:   SEARCH
# Query file:      /Users/dizzler/Projects/School/BIOL4600-Capstone/busco_downloads/lineages/enterobacterales_odb10/hmms/52476at91347.hmm
# Target file:     reports/busco-results/data/00-reads/GCF_000007545.1_ASM754v1_genomic.fna/prodigal_output/predicted_genes/predicted.faa
# Option settings: hmmsearch --domtblout reports/busco-results/data/00-reads/GCF_000007545.1_ASM754v1_genomic.fna/run_enterobacterales_odb10/hmmer_output/52476at91347.out --cpu 1 /Users/dizzler/Projects/School/BIOL4600-Capstone/busco_downloads/lineages/enterobacterales_odb10/hmms/52476at91347.hmm reports/busco-results/data/00-reads/GCF_000007545.1_ASM754v1_genomic.fna/prodigal_output/predicted_genes/predicted.faa 
# Current dir:     /Users/dizzler/Projects/School/BIOL4600-Capstone
# Date:            Sat Feb 21 21:48:00 2026
# [ok]
