#                                                                                     --- full sequence --- -------------- this domain -------------   hmm coord   ali coord   env coord
# target name                 accession   tlen query name           accession   qlen   E-value  score  bias   #  of  c-Evalue  i-Evalue  score  bias  from    to  from    to  from    to  acc description of target
#         ------------------- ---------- ----- -------------------- ---------- ----- --------- ------ ----- --- --- --------- --------- ------ ----- ----- ----- ----- ----- ----- ----- ---- ---------------------
NC_004631.1:2200538-2201746|- -            403 57147at91347         -            335  1.3e-178  591.1   2.1   1   3   3.1e-36   7.3e-33  112.0   0.7     1   125     1   129     1   135 0.78 NC_004631.1_2143 # 2200538 # 2201746 # -1 # ID=1_2143;partial=00;start_type=ATG;rbs_motif=AGGA;rbs_spacer=5-10bp;gc_cont=0.563
NC_004631.1:2200538-2201746|- -            403 57147at91347         -            335  1.3e-178  591.1   2.1   2   3     0.018        41    1.1   0.0    74   105   106   148    87   151 0.60 NC_004631.1_2143 # 2200538 # 2201746 # -1 # ID=1_2143;partial=00;start_type=ATG;rbs_motif=AGGA;rbs_spacer=5-10bp;gc_cont=0.563
NC_004631.1:2200538-2201746|- -            403 57147at91347         -            335  1.3e-178  591.1   2.1   3   3  1.6e-147  3.7e-144  477.9   0.0   104   335   171   402   163   402 0.99 NC_004631.1_2143 # 2200538 # 2201746 # -1 # ID=1_2143;partial=00;start_type=ATG;rbs_motif=AGGA;rbs_spacer=5-10bp;gc_cont=0.563
NC_004631.1:182056-183945|+   -            630 57147at91347         -            335   5.7e-57  191.2  15.5   1   4   5.2e-07    0.0012   16.0   1.3     4    73     3    73     1    94 0.82 NC_004631.1_159 # 182056 # 183945 # 1 # ID=1_159;partial=00;start_type=ATG;rbs_motif=GGAG/GAGG;rbs_spacer=5-10bp;gc_cont=0.556
NC_004631.1:182056-183945|+   -            630 57147at91347         -            335   5.7e-57  191.2  15.5   2   4   4.8e-08   0.00011   19.3   0.5     4    74   106   177   103   192 0.83 NC_004631.1_159 # 182056 # 183945 # 1 # ID=1_159;partial=00;start_type=ATG;rbs_motif=GGAG/GAGG;rbs_spacer=5-10bp;gc_cont=0.556
NC_004631.1:182056-183945|+   -            630 57147at91347         -            335   5.7e-57  191.2  15.5   3   4   8.6e-08    0.0002   18.5   0.3     5    74   208   278   205   298 0.81 NC_004631.1_159 # 182056 # 183945 # 1 # ID=1_159;partial=00;start_type=ATG;rbs_motif=GGAG/GAGG;rbs_spacer=5-10bp;gc_cont=0.556
NC_004631.1:182056-183945|+   -            630 57147at91347         -            335   5.7e-57  191.2  15.5   4   4   2.3e-46   5.3e-43  145.3   0.0   106   333   399   629   388   629 0.92 NC_004631.1_159 # 182056 # 183945 # 1 # ID=1_159;partial=00;start_type=ATG;rbs_motif=GGAG/GAGG;rbs_spacer=5-10bp;gc_cont=0.556
#
# Program:         hmmsearch
# Version:         3.4 (Aug 2023)
# Pipeline mode:   SEARCH
# Query file:      /Users/dizzler/Projects/School/BIOL4600-Capstone/busco_downloads/lineages/enterobacterales_odb10/hmms/57147at91347.hmm
# Target file:     reports/busco-results/data/00-reads/GCF_000007545.1_ASM754v1_genomic.fna/prodigal_output/predicted_genes/predicted.faa
# Option settings: hmmsearch --domtblout reports/busco-results/data/00-reads/GCF_000007545.1_ASM754v1_genomic.fna/run_enterobacterales_odb10/hmmer_output/57147at91347.out --cpu 1 /Users/dizzler/Projects/School/BIOL4600-Capstone/busco_downloads/lineages/enterobacterales_odb10/hmms/57147at91347.hmm reports/busco-results/data/00-reads/GCF_000007545.1_ASM754v1_genomic.fna/prodigal_output/predicted_genes/predicted.faa 
# Current dir:     /Users/dizzler/Projects/School/BIOL4600-Capstone
# Date:            Sat Feb 21 21:48:00 2026
# [ok]
