#                                                                                     --- full sequence --- -------------- this domain -------------   hmm coord   ali coord   env coord
# target name                 accession   tlen query name           accession   qlen   E-value  score  bias   #  of  c-Evalue  i-Evalue  score  bias  from    to  from    to  from    to  acc description of target
#         ------------------- ---------- ----- -------------------- ---------- ----- --------- ------ ----- --- --- --------- --------- ------ ----- ----- ----- ----- ----- ----- ----- ---- ---------------------
NC_004631.1:415601-417178|+   -            526 9375at91347          -            437  2.1e-236  782.6   0.0   1   2   7.6e-43   5.9e-40  135.3   0.0     1    91     9   116     9   121 0.91 NC_004631.1_357 # 415601 # 417178 # 1 # ID=1_357;partial=00;start_type=ATG;rbs_motif=GGA/GAG/AGG;rbs_spacer=5-10bp;gc_cont=0.563
NC_004631.1:415601-417178|+   -            526 9375at91347          -            437  2.1e-236  782.6   0.0   2   2  3.5e-197  2.7e-194  643.9   0.0    90   437   136   525   120   525 0.93 NC_004631.1_357 # 415601 # 417178 # 1 # ID=1_357;partial=00;start_type=ATG;rbs_motif=GGA/GAG/AGG;rbs_spacer=5-10bp;gc_cont=0.563
NC_004631.1:4193927-4194490|+ -            188 9375at91347          -            437   2.7e-07   27.7   0.0   1   2   5.8e-07   0.00045   17.1   0.0     2    81     2    94     1   132 0.77 NC_004631.1_4031 # 4193927 # 4194490 # 1 # ID=1_4031;partial=00;start_type=ATG;rbs_motif=GGAG/GAGG;rbs_spacer=5-10bp;gc_cont=0.555
NC_004631.1:4193927-4194490|+ -            188 9375at91347          -            437   2.7e-07   27.7   0.0   2   2   0.00012     0.096    9.4   0.0   107   142   143   178   122   187 0.81 NC_004631.1_4031 # 4193927 # 4194490 # 1 # ID=1_4031;partial=00;start_type=ATG;rbs_motif=GGAG/GAGG;rbs_spacer=5-10bp;gc_cont=0.555
NC_004631.1:892496-893086|-   -            197 9375at91347          -            437   0.00011   19.1   0.0   1   2    0.0013      0.98    6.0   0.0    58    73    69    84    62    97 0.83 NC_004631.1_800 # 892496 # 893086 # -1 # ID=1_800;partial=00;start_type=ATG;rbs_motif=AGGAG;rbs_spacer=5-10bp;gc_cont=0.560
NC_004631.1:892496-893086|-   -            197 9375at91347          -            437   0.00011   19.1   0.0   2   2   3.9e-05      0.03   11.0   0.0    97   136   143   182   137   195 0.77 NC_004631.1_800 # 892496 # 893086 # -1 # ID=1_800;partial=00;start_type=ATG;rbs_motif=AGGAG;rbs_spacer=5-10bp;gc_cont=0.560
NC_004631.1:75687-76835|+     -            383 9375at91347          -            437   0.00027   17.8   0.0   1   1   4.8e-07   0.00037   17.3   0.0     6    81   198   284   193   319 0.71 NC_004631.1_67 # 75687 # 76835 # 1 # ID=1_67;partial=00;start_type=TTG;rbs_motif=GGAGG;rbs_spacer=5-10bp;gc_cont=0.556
NC_004631.1:1749003-1750109|+ -            369 9375at91347          -            437   0.00096   15.9   0.0   1   2   4.9e-06    0.0038   14.0   0.0   161   182     6    27     3    40 0.85 NC_004631.1_1689 # 1749003 # 1750109 # 1 # ID=1_1689;partial=00;start_type=ATG;rbs_motif=GGA/GAG/AGG;rbs_spacer=5-10bp;gc_cont=0.542
NC_004631.1:1749003-1750109|+ -            369 9375at91347          -            437   0.00096   15.9   0.0   2   2      0.19   1.5e+02   -1.1   0.0   286   306   168   188   161   192 0.87 NC_004631.1_1689 # 1749003 # 1750109 # 1 # ID=1_1689;partial=00;start_type=ATG;rbs_motif=GGA/GAG/AGG;rbs_spacer=5-10bp;gc_cont=0.542
NC_004631.1:1695587-1697182|+ -            532 9375at91347          -            437     0.001   15.9   0.1   1   2   0.00049      0.38    7.4   0.1    50    84    68   102    46   112 0.89 NC_004631.1_1638 # 1695587 # 1697182 # 1 # ID=1_1638;partial=00;start_type=ATG;rbs_motif=AGGAG;rbs_spacer=5-10bp;gc_cont=0.570
NC_004631.1:1695587-1697182|+ -            532 9375at91347          -            437     0.001   15.9   0.1   2   2     0.001      0.79    6.3   0.0   115   143   153   181   126   194 0.75 NC_004631.1_1638 # 1695587 # 1697182 # 1 # ID=1_1638;partial=00;start_type=ATG;rbs_motif=AGGAG;rbs_spacer=5-10bp;gc_cont=0.570
#
# Program:         hmmsearch
# Version:         3.4 (Aug 2023)
# Pipeline mode:   SEARCH
# Query file:      /Users/dizzler/Projects/School/BIOL4600-Capstone/busco_downloads/lineages/enterobacterales_odb10/hmms/9375at91347.hmm
# Target file:     reports/busco-results/data/00-reads/GCF_000007545.1_ASM754v1_genomic.fna/prodigal_output/predicted_genes/predicted.faa
# Option settings: hmmsearch --domtblout reports/busco-results/data/00-reads/GCF_000007545.1_ASM754v1_genomic.fna/run_enterobacterales_odb10/hmmer_output/9375at91347.out --cpu 1 /Users/dizzler/Projects/School/BIOL4600-Capstone/busco_downloads/lineages/enterobacterales_odb10/hmms/9375at91347.hmm reports/busco-results/data/00-reads/GCF_000007545.1_ASM754v1_genomic.fna/prodigal_output/predicted_genes/predicted.faa 
# Current dir:     /Users/dizzler/Projects/School/BIOL4600-Capstone
# Date:            Sat Feb 21 21:48:00 2026
# [ok]
