#                                                                                     --- full sequence --- -------------- this domain -------------   hmm coord   ali coord   env coord
# target name                 accession   tlen query name           accession   qlen   E-value  score  bias   #  of  c-Evalue  i-Evalue  score  bias  from    to  from    to  from    to  acc description of target
#         ------------------- ---------- ----- -------------------- ---------- ----- --------- ------ ----- --- --- --------- --------- ------ ----- ----- ----- ----- ----- ----- ----- ---- ---------------------
NC_004631.1:3711782-3713605|- -            608 9913at91347          -            518  2.9e-291  964.3   2.9   1   1  1.1e-293  5.2e-291  963.4   2.9     1   518     5   602     5   602 0.91 NC_004631.1_3595 # 3711782 # 3713605 # -1 # ID=1_3595;partial=00;start_type=GTG;rbs_motif=GGAG/GAGG;rbs_spacer=5-10bp;gc_cont=0.539
NC_004631.1:4212478-4214592|+ -            705 9913at91347          -            518   2.5e-38  129.7   0.2   1   3   4.7e-27   2.2e-24   83.7   0.1     2   147    11   173    10   189 0.86 NC_004631.1_4056 # 4212478 # 4214592 # 1 # ID=1_4056;partial=00;start_type=ATG;rbs_motif=GGAG/GAGG;rbs_spacer=5-10bp;gc_cont=0.518
NC_004631.1:4212478-4214592|+ -            705 9913at91347          -            518   2.5e-38  129.7   0.2   2   3   1.6e-14   7.3e-12   42.4   0.0   180   357   327   508   306   526 0.75 NC_004631.1_4056 # 4212478 # 4214592 # 1 # ID=1_4056;partial=00;start_type=ATG;rbs_motif=GGAG/GAGG;rbs_spacer=5-10bp;gc_cont=0.518
NC_004631.1:4212478-4214592|+ -            705 9913at91347          -            518   2.5e-38  129.7   0.2   3   3       0.2        91   -0.8   0.0   366   405   652   692   610   703 0.68 NC_004631.1_4056 # 4212478 # 4214592 # 1 # ID=1_4056;partial=00;start_type=ATG;rbs_motif=GGAG/GAGG;rbs_spacer=5-10bp;gc_cont=0.518
NC_004631.1:312191-313990|+   -            600 9913at91347          -            518   1.4e-32  110.8   1.7   1   3   1.7e-34   7.7e-32  108.3   0.1     1   209     4   230     4   249 0.81 NC_004631.1_276 # 312191 # 313990 # 1 # ID=1_276;partial=00;start_type=ATG;rbs_motif=None;rbs_spacer=None;gc_cont=0.529
NC_004631.1:312191-313990|+   -            600 9913at91347          -            518   1.4e-32  110.8   1.7   2   3      0.69   3.2e+02   -2.6   0.0   306   341   340   376   337   386 0.75 NC_004631.1_276 # 312191 # 313990 # 1 # ID=1_276;partial=00;start_type=ATG;rbs_motif=None;rbs_spacer=None;gc_cont=0.529
NC_004631.1:312191-313990|+   -            600 9913at91347          -            518   1.4e-32  110.8   1.7   3   3     0.097        45    0.2   0.1   347   444   420   521   408   560 0.75 NC_004631.1_276 # 312191 # 313990 # 1 # ID=1_276;partial=00;start_type=ATG;rbs_motif=None;rbs_spacer=None;gc_cont=0.529
NC_004631.1:3575081-3576265|- -            395 9913at91347          -            518   1.3e-17   61.4   1.6   1   2   3.3e-19   1.6e-16   57.8   0.0     3   159    14   182    12   191 0.74 NC_004631.1_3466 # 3575081 # 3576265 # -1 # ID=1_3466;partial=00;start_type=ATG;rbs_motif=GGAG/GAGG;rbs_spacer=5-10bp;gc_cont=0.538
NC_004631.1:3575081-3576265|- -            395 9913at91347          -            518   1.3e-17   61.4   1.6   2   2     0.017         8    2.7   0.4   184   212   225   253   217   284 0.85 NC_004631.1_3466 # 3575081 # 3576265 # -1 # ID=1_3466;partial=00;start_type=ATG;rbs_motif=GGAG/GAGG;rbs_spacer=5-10bp;gc_cont=0.538
NC_004631.1:4214664-4215848|+ -            395 9913at91347          -            518   1.3e-17   61.4   1.6   1   2   3.3e-19   1.6e-16   57.8   0.0     3   159    14   182    12   191 0.74 NC_004631.1_4057 # 4214664 # 4215848 # 1 # ID=1_4057;partial=00;start_type=GTG;rbs_motif=AGGA;rbs_spacer=5-10bp;gc_cont=0.539
NC_004631.1:4214664-4215848|+ -            395 9913at91347          -            518   1.3e-17   61.4   1.6   2   2     0.017         8    2.7   0.4   184   212   225   253   217   284 0.85 NC_004631.1_4057 # 4214664 # 4215848 # 1 # ID=1_4057;partial=00;start_type=GTG;rbs_motif=AGGA;rbs_spacer=5-10bp;gc_cont=0.539
NC_004631.1:4753377-4754966|+ -            530 9913at91347          -            518   3.6e-15   53.4   0.3   1   2     2e-17   9.1e-15   52.0   0.0     2   121    14   147    13   165 0.80 NC_004631.1_4596 # 4753377 # 4754966 # 1 # ID=1_4596;partial=00;start_type=ATG;rbs_motif=AGxAG;rbs_spacer=5-10bp;gc_cont=0.543
NC_004631.1:4753377-4754966|+ -            530 9913at91347          -            518   3.6e-15   53.4   0.3   2   2      0.42   1.9e+02   -1.9   0.0   437   452   355   370   351   385 0.80 NC_004631.1_4596 # 4753377 # 4754966 # 1 # ID=1_4596;partial=00;start_type=ATG;rbs_motif=AGxAG;rbs_spacer=5-10bp;gc_cont=0.543
NC_004631.1:3294916-3297594|- -            893 9913at91347          -            518   1.3e-12   44.9   0.6   1   1   6.5e-15     3e-12   43.7   0.6     4   121   396   505   394   560 0.78 NC_004631.1_3198 # 3294916 # 3297594 # -1 # ID=1_3198;partial=00;start_type=ATG;rbs_motif=AGGA;rbs_spacer=5-10bp;gc_cont=0.554
NC_004631.1:3960899-3962749|+ -            617 9913at91347          -            518   2.8e-08   30.6   0.0   1   1     8e-11   3.7e-08   30.2   0.0     4   134     3   130     1   214 0.75 NC_004631.1_3828 # 3960899 # 3962749 # 1 # ID=1_3828;partial=00;start_type=ATG;rbs_motif=AGGA/GGAG/GAGG;rbs_spacer=11-12bp;gc_cont=0.569
NC_004631.1:2908372-2909811|- -            480 9913at91347          -            518   3.1e-08   30.5   0.4   1   3      0.23   1.1e+02   -1.0   0.0     9    25    35    51    32    76 0.77 NC_004631.1_2824 # 2908372 # 2909811 # -1 # ID=1_2824;partial=00;start_type=ATG;rbs_motif=AGGAG;rbs_spacer=5-10bp;gc_cont=0.549
NC_004631.1:2908372-2909811|- -            480 9913at91347          -            518   3.1e-08   30.5   0.4   2   3   3.2e-10   1.5e-07   28.2   0.0    31   120    81   172    71   217 0.81 NC_004631.1_2824 # 2908372 # 2909811 # -1 # ID=1_2824;partial=00;start_type=ATG;rbs_motif=AGGAG;rbs_spacer=5-10bp;gc_cont=0.549
NC_004631.1:2908372-2909811|- -            480 9913at91347          -            518   3.1e-08   30.5   0.4   3   3      0.63   2.9e+02   -2.4   0.0   189   240   265   319   262   331 0.80 NC_004631.1_2824 # 2908372 # 2909811 # -1 # ID=1_2824;partial=00;start_type=ATG;rbs_motif=AGGAG;rbs_spacer=5-10bp;gc_cont=0.549
NC_004631.1:387670-389142|+   -            491 9913at91347          -            518     0.011   12.1   0.1   1   2    0.0048       2.2    4.5   0.0    80   124    82   127    52   137 0.80 NC_004631.1_343 # 387670 # 389142 # 1 # ID=1_343;partial=00;start_type=ATG;rbs_motif=GGAG/GAGG;rbs_spacer=5-10bp;gc_cont=0.544
NC_004631.1:387670-389142|+   -            491 9913at91347          -            518     0.011   12.1   0.1   2   2    0.0029       1.4    5.2   0.0    81   158   286   361   254   384 0.84 NC_004631.1_343 # 387670 # 389142 # 1 # ID=1_343;partial=00;start_type=ATG;rbs_motif=GGAG/GAGG;rbs_spacer=5-10bp;gc_cont=0.544
#
# Program:         hmmsearch
# Version:         3.4 (Aug 2023)
# Pipeline mode:   SEARCH
# Query file:      /Users/dizzler/Projects/School/BIOL4600-Capstone/busco_downloads/lineages/enterobacterales_odb10/hmms/9913at91347.hmm
# Target file:     reports/busco-results/data/00-reads/GCF_000007545.1_ASM754v1_genomic.fna/prodigal_output/predicted_genes/predicted.faa
# Option settings: hmmsearch --domtblout reports/busco-results/data/00-reads/GCF_000007545.1_ASM754v1_genomic.fna/run_enterobacterales_odb10/hmmer_output/9913at91347.out --cpu 1 /Users/dizzler/Projects/School/BIOL4600-Capstone/busco_downloads/lineages/enterobacterales_odb10/hmms/9913at91347.hmm reports/busco-results/data/00-reads/GCF_000007545.1_ASM754v1_genomic.fna/prodigal_output/predicted_genes/predicted.faa 
# Current dir:     /Users/dizzler/Projects/School/BIOL4600-Capstone
# Date:            Sat Feb 21 21:48:01 2026
# [ok]
