#                                                                                         --- full sequence --- -------------- this domain -------------   hmm coord   ali coord   env coord
# target name                     accession   tlen query name           accession   qlen   E-value  score  bias   #  of  c-Evalue  i-Evalue  score  bias  from    to  from    to  from    to  acc description of target
#             ------------------- ---------- ----- -------------------- ---------- ----- --------- ------ ----- --- --- --------- --------- ------ ----- ----- ----- ----- ----- ----- ----- ---- ---------------------
NZ_ABEH02000002.1:456443-458377|+ -            645 11564at91347         -            534  5.9e-266  881.0   0.0   1   2    1e-184  1.5e-181  602.5   0.0     1   375     1   430     1   439 0.91 NZ_ABEH02000002.1_443 # 456443 # 458377 # 1 # ID=18_443;partial=00;start_type=ATG;rbs_motif=None;rbs_spacer=None;gc_cont=0.557
NZ_ABEH02000002.1:456443-458377|+ -            645 11564at91347         -            534  5.9e-266  881.0   0.0   2   2     1e-85   1.4e-82  275.8   0.0   365   534   442   642   433   642 0.94 NZ_ABEH02000002.1_443 # 456443 # 458377 # 1 # ID=18_443;partial=00;start_type=ATG;rbs_motif=None;rbs_spacer=None;gc_cont=0.557
NZ_ABEH02000001.1:201608-204046|+ -            813 11564at91347         -            534   2.8e-50  169.2   0.0   1   4     7e-08   9.8e-05   18.9   0.0    20    90    83   160    68   211 0.74 NZ_ABEH02000001.1_164 # 201608 # 204046 # 1 # ID=19_164;partial=00;start_type=ATG;rbs_motif=GGAGG;rbs_spacer=5-10bp;gc_cont=0.550
NZ_ABEH02000001.1:201608-204046|+ -            813 11564at91347         -            534   2.8e-50  169.2   0.0   2   4   2.4e-36   3.4e-33  112.9   0.0   157   374   255   499   246   507 0.84 NZ_ABEH02000001.1_164 # 201608 # 204046 # 1 # ID=19_164;partial=00;start_type=ATG;rbs_motif=GGAGG;rbs_spacer=5-10bp;gc_cont=0.550
NZ_ABEH02000001.1:201608-204046|+ -            813 11564at91347         -            534   2.8e-50  169.2   0.0   3   4     3e-11   4.3e-08   30.0   0.0   384   443   532   591   518   605 0.82 NZ_ABEH02000001.1_164 # 201608 # 204046 # 1 # ID=19_164;partial=00;start_type=ATG;rbs_motif=GGAGG;rbs_spacer=5-10bp;gc_cont=0.550
NZ_ABEH02000001.1:201608-204046|+ -            813 11564at91347         -            534   2.8e-50  169.2   0.0   4   4     0.011        15    1.8   0.0   441   467   620   643   612   673 0.66 NZ_ABEH02000001.1_164 # 201608 # 204046 # 1 # ID=19_164;partial=00;start_type=ATG;rbs_motif=GGAGG;rbs_spacer=5-10bp;gc_cont=0.550
NZ_ABEH02000006.1:176875-177324|+ -            150 11564at91347         -            534     0.006   13.0   0.0   1   1   5.2e-06    0.0073   12.7   0.0   276   321    78   124    57   134 0.88 NZ_ABEH02000006.1_173 # 176875 # 177324 # 1 # ID=14_173;partial=00;start_type=ATG;rbs_motif=AGxAGG/AGGxGG;rbs_spacer=5-10bp;gc_cont=0.473
#
# Program:         hmmsearch
# Version:         3.4 (Aug 2023)
# Pipeline mode:   SEARCH
# Query file:      /Users/dizzler/Projects/School/BIOL4600-Capstone/busco_downloads/lineages/enterobacterales_odb10/hmms/11564at91347.hmm
# Target file:     reports/busco-results/GCF_000171255.1_ASM17125v1_genomic.fna/prodigal_output/predicted_genes/predicted.faa
# Option settings: hmmsearch --domtblout reports/busco-results/GCF_000171255.1_ASM17125v1_genomic.fna/run_enterobacterales_odb10/hmmer_output/11564at91347.out --cpu 1 /Users/dizzler/Projects/School/BIOL4600-Capstone/busco_downloads/lineages/enterobacterales_odb10/hmms/11564at91347.hmm reports/busco-results/GCF_000171255.1_ASM17125v1_genomic.fna/prodigal_output/predicted_genes/predicted.faa 
# Current dir:     /Users/dizzler/Projects/School/BIOL4600-Capstone
# Date:            Sat Feb 21 23:25:33 2026
# [ok]
