#                                                                                         --- full sequence --- -------------- this domain -------------   hmm coord   ali coord   env coord
# target name                     accession   tlen query name           accession   qlen   E-value  score  bias   #  of  c-Evalue  i-Evalue  score  bias  from    to  from    to  from    to  acc description of target
#             ------------------- ---------- ----- -------------------- ---------- ----- --------- ------ ----- --- --- --------- --------- ------ ----- ----- ----- ----- ----- ----- ----- ---- ---------------------
NZ_ABEH02000001.1:826904-828766|- -            621 12374at91347         -            527  6.5e-293  969.7   0.0   1   1    1e-295  8.7e-293  969.3   0.0     2   524     7   600     6   603 0.91 NZ_ABEH02000001.1_737 # 826904 # 828766 # -1 # ID=19_737;partial=00;start_type=ATG;rbs_motif=GGA/GAG/AGG;rbs_spacer=5-10bp;gc_cont=0.556
NZ_ABEH02000005.1:359262-360215|- -            318 12374at91347         -            527   4.2e-23   79.4   0.7   1   1     7e-26   5.9e-23   78.9   0.7   285   521    31   295    12   300 0.80 NZ_ABEH02000005.1_327 # 359262 # 360215 # -1 # ID=15_327;partial=00;start_type=ATG;rbs_motif=GGAGG;rbs_spacer=5-10bp;gc_cont=0.545
NZ_ABEH02000003.1:258820-260811|- -            664 12374at91347         -            527   2.2e-10   37.4   0.1   1   2   0.00044      0.37    7.0   0.1   131   174   149   193     3   207 0.83 NZ_ABEH02000003.1_244 # 258820 # 260811 # -1 # ID=17_244;partial=00;start_type=ATG;rbs_motif=GGAG/GAGG;rbs_spacer=5-10bp;gc_cont=0.577
NZ_ABEH02000003.1:258820-260811|- -            664 12374at91347         -            527   2.2e-10   37.4   0.1   2   2   2.3e-10     2e-07   27.7   0.0   299   430   392   525   362   536 0.84 NZ_ABEH02000003.1_244 # 258820 # 260811 # -1 # ID=17_244;partial=00;start_type=ATG;rbs_motif=GGAG/GAGG;rbs_spacer=5-10bp;gc_cont=0.577
NZ_ABEH02000006.1:338397-340397|- -            667 12374at91347         -            527   1.5e-05   21.5   0.0   1   2     0.047        40    0.3   0.0   131   171   148   189   143   215 0.79 NZ_ABEH02000006.1_294 # 338397 # 340397 # -1 # ID=14_294;partial=00;start_type=ATG;rbs_motif=GGAG/GAGG;rbs_spacer=5-10bp;gc_cont=0.561
NZ_ABEH02000006.1:338397-340397|- -            667 12374at91347         -            527   1.5e-05   21.5   0.0   2   2   1.4e-07   0.00012   18.5   0.0   310   432   402   526   355   538 0.82 NZ_ABEH02000006.1_294 # 338397 # 340397 # -1 # ID=14_294;partial=00;start_type=ATG;rbs_motif=GGAG/GAGG;rbs_spacer=5-10bp;gc_cont=0.561
NZ_ABEH02000005.1:360208-361038|- -            277 12374at91347         -            527   0.00046   16.6   0.0   1   1     8e-07   0.00067   16.0   0.0    18   165     6   174     1   192 0.64 NZ_ABEH02000005.1_328 # 360208 # 361038 # -1 # ID=15_328;partial=00;start_type=ATG;rbs_motif=GGAG/GAGG;rbs_spacer=5-10bp;gc_cont=0.556
#
# Program:         hmmsearch
# Version:         3.4 (Aug 2023)
# Pipeline mode:   SEARCH
# Query file:      /Users/dizzler/Projects/School/BIOL4600-Capstone/databases/lineages/enterobacterales_odb10/hmms/12374at91347.hmm
# Target file:     /Users/dizzler/Projects/School/BIOL4600-Capstone/reports/busco-results/GCF_000171255.1_ASM17125v1_genomic.fna/prodigal_output/predicted_genes/predicted.faa
# Option settings: hmmsearch --domtblout /Users/dizzler/Projects/School/BIOL4600-Capstone/reports/busco-results/GCF_000171255.1_ASM17125v1_genomic.fna/run_enterobacterales_odb10/hmmer_output/12374at91347.out --cpu 1 /Users/dizzler/Projects/School/BIOL4600-Capstone/databases/lineages/enterobacterales_odb10/hmms/12374at91347.hmm /Users/dizzler/Projects/School/BIOL4600-Capstone/reports/busco-results/GCF_000171255.1_ASM17125v1_genomic.fna/prodigal_output/predicted_genes/predicted.faa 
# Current dir:     /Users/dizzler/Projects/School/BIOL4600-Capstone
# Date:            Wed Feb 25 22:54:46 2026
# [ok]
