#                                                                                         --- full sequence --- -------------- this domain -------------   hmm coord   ali coord   env coord
# target name                     accession   tlen query name           accession   qlen   E-value  score  bias   #  of  c-Evalue  i-Evalue  score  bias  from    to  from    to  from    to  acc description of target
#             ------------------- ---------- ----- -------------------- ---------- ----- --------- ------ ----- --- --- --------- --------- ------ ----- ----- ----- ----- ----- ----- ----- ---- ---------------------
NZ_ABEH02000004.1:26206-27588|+   -            461 17649at91347         -            402  1.9e-244  808.7   5.7   1   2     5e-39     3e-36  123.1   0.8     1    84     3   102     3   109 0.94 NZ_ABEH02000004.1_25 # 26206 # 27588 # 1 # ID=16_25;partial=00;start_type=ATG;rbs_motif=GGAG/GAGG;rbs_spacer=5-10bp;gc_cont=0.553
NZ_ABEH02000004.1:26206-27588|+   -            461 17649at91347         -            402  1.9e-244  808.7   5.7   2   2  1.2e-210  7.1e-208  688.3   0.3    83   399   124   452   119   458 0.97 NZ_ABEH02000004.1_25 # 26206 # 27588 # 1 # ID=16_25;partial=00;start_type=ATG;rbs_motif=GGAG/GAGG;rbs_spacer=5-10bp;gc_cont=0.553
NZ_ABEH02000011.1:124440-125810|+ -            457 17649at91347         -            402   5.4e-36  122.3   0.6   1   1   1.8e-37   1.1e-34  117.9   0.6    84   332   157   409    79   439 0.87 NZ_ABEH02000011.1_131 # 124440 # 125810 # 1 # ID=9_131;partial=00;start_type=ATG;rbs_motif=GGAG/GAGG;rbs_spacer=5-10bp;gc_cont=0.597
NZ_ABEH02000002.1:146365-147666|+ -            434 17649at91347         -            402   1.5e-35  120.8   0.2   1   2   0.00044      0.26    8.0   0.0    57    81    88   112    56   133 0.77 NZ_ABEH02000002.1_148 # 146365 # 147666 # 1 # ID=18_148;partial=00;start_type=ATG;rbs_motif=AGGAG;rbs_spacer=5-10bp;gc_cont=0.510
NZ_ABEH02000002.1:146365-147666|+ -            434 17649at91347         -            402   1.5e-35  120.8   0.2   2   2   2.3e-35   1.4e-32  111.0   0.1    86   330   139   385   130   412 0.85 NZ_ABEH02000002.1_148 # 146365 # 147666 # 1 # ID=18_148;partial=00;start_type=ATG;rbs_motif=AGGAG;rbs_spacer=5-10bp;gc_cont=0.510
NZ_ABEH02000003.1:65842-67137|-   -            432 17649at91347         -            402     1e-34  118.1   0.1   1   2      0.19   1.2e+02   -0.7   0.0    44    85    63   103    44   132 0.73 NZ_ABEH02000003.1_71 # 65842 # 67137 # -1 # ID=17_71;partial=00;start_type=ATG;rbs_motif=None;rbs_spacer=None;gc_cont=0.543
NZ_ABEH02000003.1:65842-67137|-   -            432 17649at91347         -            402     1e-34  118.1   0.1   2   2     6e-37   3.6e-34  116.3   0.0    86   330   136   382   117   420 0.86 NZ_ABEH02000003.1_71 # 65842 # 67137 # -1 # ID=17_71;partial=00;start_type=ATG;rbs_motif=None;rbs_spacer=None;gc_cont=0.543
NZ_ABEH02000004.1:23724-25265|+   -            514 17649at91347         -            402     1e-18   65.3   3.4   1   2   4.3e-08   2.6e-05   21.2   0.3    42    84    73   121    61   140 0.68 NZ_ABEH02000004.1_23 # 23724 # 25265 # 1 # ID=16_23;partial=00;start_type=ATG;rbs_motif=GGA/GAG/AGG;rbs_spacer=5-10bp;gc_cont=0.554
NZ_ABEH02000004.1:23724-25265|+   -            514 17649at91347         -            402     1e-18   65.3   3.4   2   2     5e-15     3e-12   44.1   0.2    86   326   146   405   135   437 0.80 NZ_ABEH02000004.1_23 # 23724 # 25265 # 1 # ID=16_23;partial=00;start_type=ATG;rbs_motif=GGA/GAG/AGG;rbs_spacer=5-10bp;gc_cont=0.554
NZ_ABEH02000008.1:26969-28228|+   -            420 17649at91347         -            402   1.6e-08   31.8   0.0   1   1     4e-11   2.4e-08   31.2   0.0    90   312   159   378   152   405 0.87 NZ_ABEH02000008.1_23 # 26969 # 28228 # 1 # ID=12_23;partial=00;start_type=ATG;rbs_motif=None;rbs_spacer=None;gc_cont=0.528
NZ_ABEH02000007.1:215392-216303|+ -            304 17649at91347         -            402    0.0028   14.5   0.0   1   1   7.5e-06    0.0045   13.8   0.0   277   333    34    90    21    95 0.92 NZ_ABEH02000007.1_204 # 215392 # 216303 # 1 # ID=13_204;partial=00;start_type=ATG;rbs_motif=AGGA;rbs_spacer=5-10bp;gc_cont=0.576
#
# Program:         hmmsearch
# Version:         3.4 (Aug 2023)
# Pipeline mode:   SEARCH
# Query file:      /Users/dizzler/Projects/School/BIOL4600-Capstone/databases/lineages/enterobacterales_odb10/hmms/17649at91347.hmm
# Target file:     /Users/dizzler/Projects/School/BIOL4600-Capstone/reports/busco-results/GCF_000171255.1_ASM17125v1_genomic.fna/prodigal_output/predicted_genes/predicted.faa
# Option settings: hmmsearch --domtblout /Users/dizzler/Projects/School/BIOL4600-Capstone/reports/busco-results/GCF_000171255.1_ASM17125v1_genomic.fna/run_enterobacterales_odb10/hmmer_output/17649at91347.out --cpu 1 /Users/dizzler/Projects/School/BIOL4600-Capstone/databases/lineages/enterobacterales_odb10/hmms/17649at91347.hmm /Users/dizzler/Projects/School/BIOL4600-Capstone/reports/busco-results/GCF_000171255.1_ASM17125v1_genomic.fna/prodigal_output/predicted_genes/predicted.faa 
# Current dir:     /Users/dizzler/Projects/School/BIOL4600-Capstone
# Date:            Wed Feb 25 22:54:46 2026
# [ok]
