#                                                                                         --- full sequence --- -------------- this domain -------------   hmm coord   ali coord   env coord
# target name                     accession   tlen query name           accession   qlen   E-value  score  bias   #  of  c-Evalue  i-Evalue  score  bias  from    to  from    to  from    to  acc description of target
#             ------------------- ---------- ----- -------------------- ---------- ----- --------- ------ ----- --- --- --------- --------- ------ ----- ----- ----- ----- ----- ----- ----- ---- ---------------------
NZ_ABEH02000007.1:92641-93930|-   -            430 23619at91347         -            365  1.1e-200  664.0   0.6   1   2  2.4e-101   1.7e-98  327.8   0.1     1   173     1   179     1   183 0.95 NZ_ABEH02000007.1_89 # 92641 # 93930 # -1 # ID=13_89;partial=00;start_type=ATG;rbs_motif=None;rbs_spacer=None;gc_cont=0.586
NZ_ABEH02000007.1:92641-93930|-   -            430 23619at91347         -            365  1.1e-200  664.0   0.6   2   2  2.4e-103  1.7e-100  334.4   0.0   167   365   197   421   193   421 0.94 NZ_ABEH02000007.1_89 # 92641 # 93930 # -1 # ID=13_89;partial=00;start_type=ATG;rbs_motif=None;rbs_spacer=None;gc_cont=0.586
NZ_ABEH02000003.1:405330-406709|+ -            460 23619at91347         -            365   5.3e-45  151.8   0.0   1   1   4.2e-47     3e-44  149.4   0.0    38   299    79   356    67   367 0.78 NZ_ABEH02000003.1_380 # 405330 # 406709 # 1 # ID=17_380;partial=00;start_type=TTG;rbs_motif=GGAG/GAGG;rbs_spacer=5-10bp;gc_cont=0.543
NZ_ABEH02000002.1:32761-33987|+   -            409 23619at91347         -            365   4.1e-36  122.6   0.0   1   1   8.9e-39   6.3e-36  122.0   0.0    32   298    30   304    12   324 0.81 NZ_ABEH02000002.1_36 # 32761 # 33987 # 1 # ID=18_36;partial=00;start_type=ATG;rbs_motif=GGAG/GAGG;rbs_spacer=5-10bp;gc_cont=0.560
NZ_ABEH02000004.1:457456-458673|+ -            406 23619at91347         -            365   8.2e-36  121.6   0.0   1   1   1.7e-38   1.2e-35  121.0   0.0    38   303    39   313    17   329 0.78 NZ_ABEH02000004.1_407 # 457456 # 458673 # 1 # ID=16_407;partial=00;start_type=ATG;rbs_motif=GGxGG;rbs_spacer=5-10bp;gc_cont=0.557
NZ_ABEH02000006.1:28021-29304|-   -            428 23619at91347         -            365   8.8e-33  111.6   0.5   1   2   2.3e-10   1.6e-07   28.5   0.0    56   149    56   149    22   171 0.85 NZ_ABEH02000006.1_30 # 28021 # 29304 # -1 # ID=14_30;partial=00;start_type=ATG;rbs_motif=AGGAG;rbs_spacer=5-10bp;gc_cont=0.575
NZ_ABEH02000006.1:28021-29304|-   -            428 23619at91347         -            365   8.8e-33  111.6   0.5   2   2   1.8e-26   1.3e-23   81.5   0.2   170   306   195   328   175   341 0.89 NZ_ABEH02000006.1_30 # 28021 # 29304 # -1 # ID=14_30;partial=00;start_type=ATG;rbs_motif=AGGAG;rbs_spacer=5-10bp;gc_cont=0.575
NZ_ABEH02000001.1:631897-633177|- -            427 23619at91347         -            365   2.4e-21   74.0   0.0   1   1   7.9e-24   5.6e-21   72.8   0.0    32   297    39   319    31   343 0.77 NZ_ABEH02000001.1_562 # 631897 # 633177 # -1 # ID=19_562;partial=00;start_type=ATG;rbs_motif=AGGA;rbs_spacer=5-10bp;gc_cont=0.593
#
# Program:         hmmsearch
# Version:         3.4 (Aug 2023)
# Pipeline mode:   SEARCH
# Query file:      /Users/dizzler/Projects/School/BIOL4600-Capstone/busco_downloads/lineages/enterobacterales_odb10/hmms/23619at91347.hmm
# Target file:     reports/busco-results/GCF_000171255.1_ASM17125v1_genomic.fna/prodigal_output/predicted_genes/predicted.faa
# Option settings: hmmsearch --domtblout reports/busco-results/GCF_000171255.1_ASM17125v1_genomic.fna/run_enterobacterales_odb10/hmmer_output/23619at91347.out --cpu 1 /Users/dizzler/Projects/School/BIOL4600-Capstone/busco_downloads/lineages/enterobacterales_odb10/hmms/23619at91347.hmm reports/busco-results/GCF_000171255.1_ASM17125v1_genomic.fna/prodigal_output/predicted_genes/predicted.faa 
# Current dir:     /Users/dizzler/Projects/School/BIOL4600-Capstone
# Date:            Sat Feb 21 23:25:32 2026
# [ok]
