#                                                                                         --- full sequence --- -------------- this domain -------------   hmm coord   ali coord   env coord
# target name                     accession   tlen query name           accession   qlen   E-value  score  bias   #  of  c-Evalue  i-Evalue  score  bias  from    to  from    to  from    to  acc description of target
#             ------------------- ---------- ----- -------------------- ---------- ----- --------- ------ ----- --- --- --------- --------- ------ ----- ----- ----- ----- ----- ----- ----- ---- ---------------------
NZ_ABEH02000012.1:100625-101797|+ -            391 31545at91347         -            292  2.1e-148  491.2   0.2   1   2  7.5e-148  3.9e-145  480.5   0.1     1   273     1   289     1   303 0.95 NZ_ABEH02000012.1_93 # 100625 # 101797 # 1 # ID=8_93;partial=00;start_type=ATG;rbs_motif=GGAG/GAGG;rbs_spacer=5-10bp;gc_cont=0.554
NZ_ABEH02000012.1:100625-101797|+ -            391 31545at91347         -            292  2.1e-148  491.2   0.2   2   2   0.00031      0.16    9.1   0.0   273   292   309   332   307   332 0.88 NZ_ABEH02000012.1_93 # 100625 # 101797 # 1 # ID=8_93;partial=00;start_type=ATG;rbs_motif=GGAG/GAGG;rbs_spacer=5-10bp;gc_cont=0.554
NZ_ABEH02000001.1:195487-196767|+ -            427 31545at91347         -            292   2.3e-14   51.2   0.0   1   1   7.6e-17     4e-14   50.5   0.0   141   273   193   323   167   327 0.78 NZ_ABEH02000001.1_158 # 195487 # 196767 # 1 # ID=19_158;partial=00;start_type=TTG;rbs_motif=GGAG/GAGG;rbs_spacer=5-10bp;gc_cont=0.541
NZ_ABEH02000002.1:541737-542828|+ -            364 31545at91347         -            292   2.7e-14   51.0   0.3   1   2   1.7e-15   8.7e-13   46.1   0.2   151   239     5   110     3   142 0.76 NZ_ABEH02000002.1_522 # 541737 # 542828 # 1 # ID=18_522;partial=00;start_type=ATG;rbs_motif=GGA/GAG/AGG;rbs_spacer=5-10bp;gc_cont=0.528
NZ_ABEH02000002.1:541737-542828|+ -            364 31545at91347         -            292   2.7e-14   51.0   0.3   2   2      0.55   2.9e+02   -1.6   0.0   156   197   172   213   129   215 0.67 NZ_ABEH02000002.1_522 # 541737 # 542828 # 1 # ID=18_522;partial=00;start_type=ATG;rbs_motif=GGA/GAG/AGG;rbs_spacer=5-10bp;gc_cont=0.528
NZ_ABEH02000006.1:262683-264155|+ -            491 31545at91347         -            292   1.1e-13   49.0   0.0   1   2   6.9e-11   3.7e-08   30.9   0.0   151   271     5   122     1   132 0.85 NZ_ABEH02000006.1_245 # 262683 # 264155 # 1 # ID=14_245;partial=00;start_type=ATG;rbs_motif=GGAG/GAGG;rbs_spacer=5-10bp;gc_cont=0.547
NZ_ABEH02000006.1:262683-264155|+ -            491 31545at91347         -            292   1.1e-13   49.0   0.0   2   2   2.4e-06    0.0013   16.0   0.0   151   238   205   297   198   327 0.80 NZ_ABEH02000006.1_245 # 262683 # 264155 # 1 # ID=14_245;partial=00;start_type=ATG;rbs_motif=GGAG/GAGG;rbs_spacer=5-10bp;gc_cont=0.547
NZ_ABEH02000004.1:411387-413705|- -            773 31545at91347         -            292   3.7e-05   21.0   0.0   1   1   1.1e-07   5.6e-05   20.4   0.0   151   206     6    61     3   139 0.85 NZ_ABEH02000004.1_370 # 411387 # 413705 # -1 # ID=16_370;partial=00;start_type=ATG;rbs_motif=GGA/GAG/AGG;rbs_spacer=5-10bp;gc_cont=0.562
NZ_ABEH02000004.1:47829-49193|-   -            455 31545at91347         -            292    0.0007   16.8   0.0   1   1     2e-06    0.0011   16.3   0.0   151   272   219   340   212   350 0.88 NZ_ABEH02000004.1_45 # 47829 # 49193 # -1 # ID=16_45;partial=00;start_type=ATG;rbs_motif=GGA/GAG/AGG;rbs_spacer=5-10bp;gc_cont=0.596
NZ_ABEH02000001.1:378786-380453|- -            556 31545at91347         -            292   0.00088   16.5   0.1   1   2   0.00017     0.092    9.9   0.0   140   169    24    53    10    60 0.88 NZ_ABEH02000001.1_344 # 378786 # 380453 # -1 # ID=19_344;partial=00;start_type=GTG;rbs_motif=AGGA/GGAG/GAGG;rbs_spacer=11-12bp;gc_cont=0.577
NZ_ABEH02000001.1:378786-380453|- -            556 31545at91347         -            292   0.00088   16.5   0.1   2   2    0.0091       4.8    4.2   0.0   149   170   350   371   327   377 0.85 NZ_ABEH02000001.1_344 # 378786 # 380453 # -1 # ID=19_344;partial=00;start_type=GTG;rbs_motif=AGGA/GGAG/GAGG;rbs_spacer=11-12bp;gc_cont=0.577
NZ_ABEH02000006.1:190974-191879|+ -            302 31545at91347         -            292    0.0099   13.1   0.1   1   2   3.9e-05     0.021   12.0   0.0   151   212    11    73     6   131 0.83 NZ_ABEH02000006.1_183 # 190974 # 191879 # 1 # ID=14_183;partial=00;start_type=ATG;rbs_motif=GGAG/GAGG;rbs_spacer=5-10bp;gc_cont=0.521
NZ_ABEH02000006.1:190974-191879|+ -            302 31545at91347         -            292    0.0099   13.1   0.1   2   2       1.8   9.3e+02   -3.3   0.0    72   136   241   268   230   282 0.50 NZ_ABEH02000006.1_183 # 190974 # 191879 # 1 # ID=14_183;partial=00;start_type=ATG;rbs_motif=GGAG/GAGG;rbs_spacer=5-10bp;gc_cont=0.521
#
# Program:         hmmsearch
# Version:         3.4 (Aug 2023)
# Pipeline mode:   SEARCH
# Query file:      /Users/dizzler/Projects/School/BIOL4600-Capstone/databases/lineages/enterobacterales_odb10/hmms/31545at91347.hmm
# Target file:     /Users/dizzler/Projects/School/BIOL4600-Capstone/reports/busco-results/GCF_000171255.1_ASM17125v1_genomic.fna/prodigal_output/predicted_genes/predicted.faa
# Option settings: hmmsearch --domtblout /Users/dizzler/Projects/School/BIOL4600-Capstone/reports/busco-results/GCF_000171255.1_ASM17125v1_genomic.fna/run_enterobacterales_odb10/hmmer_output/31545at91347.out --cpu 1 /Users/dizzler/Projects/School/BIOL4600-Capstone/databases/lineages/enterobacterales_odb10/hmms/31545at91347.hmm /Users/dizzler/Projects/School/BIOL4600-Capstone/reports/busco-results/GCF_000171255.1_ASM17125v1_genomic.fna/prodigal_output/predicted_genes/predicted.faa 
# Current dir:     /Users/dizzler/Projects/School/BIOL4600-Capstone
# Date:            Wed Feb 25 22:54:46 2026
# [ok]
