#                                                                                         --- full sequence --- -------------- this domain -------------   hmm coord   ali coord   env coord
# target name                     accession   tlen query name           accession   qlen   E-value  score  bias   #  of  c-Evalue  i-Evalue  score  bias  from    to  from    to  from    to  acc description of target
#             ------------------- ---------- ----- -------------------- ---------- ----- --------- ------ ----- --- --- --------- --------- ------ ----- ----- ----- ----- ----- ----- ----- ---- ---------------------
NZ_ABEH02000002.1:485167-486360|+ -            398 33224at91347         -            349  4.5e-207  684.7   0.1   1   1  7.1e-210    6e-207  684.3   0.1     1   349     3   387     3   387 0.95 NZ_ABEH02000002.1_468 # 485167 # 486360 # 1 # ID=18_468;partial=00;start_type=ATG;rbs_motif=AGGA;rbs_spacer=5-10bp;gc_cont=0.565
NZ_ABEH02000006.1:368817-369728|+ -            304 33224at91347         -            349   2.4e-06   24.6   0.1   1   2   5.6e-07   0.00047   17.0   0.0    43   149    10   116     2   133 0.83 NZ_ABEH02000006.1_325 # 368817 # 369728 # 1 # ID=14_325;partial=00;start_type=GTG;rbs_motif=GGA/GAG/AGG;rbs_spacer=5-10bp;gc_cont=0.569
NZ_ABEH02000006.1:368817-369728|+ -            304 33224at91347         -            349   2.4e-06   24.6   0.1   2   2    0.0016       1.4    5.6   0.0   306   348   245   289   226   290 0.81 NZ_ABEH02000006.1_325 # 368817 # 369728 # 1 # ID=14_325;partial=00;start_type=GTG;rbs_motif=GGA/GAG/AGG;rbs_spacer=5-10bp;gc_cont=0.569
NZ_ABEH02000003.1:432020-433009|- -            330 33224at91347         -            349   1.7e-05   21.8   1.6   1   2   2.4e-07    0.0002   18.3   0.0    44   122    28   106    12   118 0.87 NZ_ABEH02000003.1_406 # 432020 # 433009 # -1 # ID=17_406;partial=00;start_type=ATG;rbs_motif=GGAG/GAGG;rbs_spacer=5-10bp;gc_cont=0.464
NZ_ABEH02000003.1:432020-433009|- -            330 33224at91347         -            349   1.7e-05   21.8   1.6   2   2     0.013        11    2.7   0.3   189   233   162   211   140   237 0.72 NZ_ABEH02000003.1_406 # 432020 # 433009 # -1 # ID=17_406;partial=00;start_type=ATG;rbs_motif=GGAG/GAGG;rbs_spacer=5-10bp;gc_cont=0.464
NZ_ABEH02000006.1:376539-377510|- -            324 33224at91347         -            349    0.0054   13.5   0.0   1   2     0.036        30    1.2   0.0    95   173    66   141    58   192 0.71 NZ_ABEH02000006.1_334 # 376539 # 377510 # -1 # ID=14_334;partial=00;start_type=ATG;rbs_motif=AGGA;rbs_spacer=5-10bp;gc_cont=0.541
NZ_ABEH02000006.1:376539-377510|- -            324 33224at91347         -            349    0.0054   13.5   0.0   2   2   6.6e-05     0.056   10.2   0.0   294   343   246   304   236   310 0.73 NZ_ABEH02000006.1_334 # 376539 # 377510 # -1 # ID=14_334;partial=00;start_type=ATG;rbs_motif=AGGA;rbs_spacer=5-10bp;gc_cont=0.541
NZ_ABEH02000008.1:12602-14146|+   -            515 33224at91347         -            349     0.022   11.5   0.2   1   1     5e-05     0.042   10.6   0.2    40   126    28   114    14   218 0.78 NZ_ABEH02000008.1_9 # 12602 # 14146 # 1 # ID=12_9;partial=00;start_type=ATG;rbs_motif=GGAGG;rbs_spacer=5-10bp;gc_cont=0.572
#
# Program:         hmmsearch
# Version:         3.4 (Aug 2023)
# Pipeline mode:   SEARCH
# Query file:      /Users/dizzler/Projects/School/BIOL4600-Capstone/busco_downloads/lineages/enterobacterales_odb10/hmms/33224at91347.hmm
# Target file:     reports/busco-results/GCF_000171255.1_ASM17125v1_genomic.fna/prodigal_output/predicted_genes/predicted.faa
# Option settings: hmmsearch --domtblout reports/busco-results/GCF_000171255.1_ASM17125v1_genomic.fna/run_enterobacterales_odb10/hmmer_output/33224at91347.out --cpu 1 /Users/dizzler/Projects/School/BIOL4600-Capstone/busco_downloads/lineages/enterobacterales_odb10/hmms/33224at91347.hmm reports/busco-results/GCF_000171255.1_ASM17125v1_genomic.fna/prodigal_output/predicted_genes/predicted.faa 
# Current dir:     /Users/dizzler/Projects/School/BIOL4600-Capstone
# Date:            Sat Feb 21 23:25:32 2026
# [ok]
