#                                                                                         --- full sequence --- -------------- this domain -------------   hmm coord   ali coord   env coord
# target name                     accession   tlen query name           accession   qlen   E-value  score  bias   #  of  c-Evalue  i-Evalue  score  bias  from    to  from    to  from    to  acc description of target
#             ------------------- ---------- ----- -------------------- ---------- ----- --------- ------ ----- --- --- --------- --------- ------ ----- ----- ----- ----- ----- ----- ----- ---- ---------------------
NZ_ABEH02000003.1:479835-481172|- -            446 33787at91347         -            385  7.1e-212  700.9   1.8   1   2  3.4e-206  3.6e-203  672.2   0.4     1   357     1   376     1   380 0.97 NZ_ABEH02000003.1_451 # 479835 # 481172 # -1 # ID=17_451;partial=00;start_type=ATG;rbs_motif=GGA/GAG/AGG;rbs_spacer=5-10bp;gc_cont=0.573
NZ_ABEH02000003.1:479835-481172|- -            446 33787at91347         -            385  7.1e-212  700.9   1.8   2   2   1.6e-10   1.6e-07   28.2   0.0   354   382   402   430   394   433 0.88 NZ_ABEH02000003.1_451 # 479835 # 481172 # -1 # ID=17_451;partial=00;start_type=ATG;rbs_motif=GGA/GAG/AGG;rbs_spacer=5-10bp;gc_cont=0.573
NZ_ABEH02000005.1:107900-109270|- -            457 33787at91347         -            385     5e-31  105.6   0.0   1   2   7.1e-33   7.5e-30  101.7   0.0     2   350     2   373     1   377 0.82 NZ_ABEH02000005.1_106 # 107900 # 109270 # -1 # ID=15_106;partial=00;start_type=ATG;rbs_motif=AGxAGG/AGGxGG;rbs_spacer=5-10bp;gc_cont=0.623
NZ_ABEH02000005.1:107900-109270|- -            457 33787at91347         -            385     5e-31  105.6   0.0   2   2      0.04        42    0.5   0.0   360   377   419   436   416   440 0.88 NZ_ABEH02000005.1_106 # 107900 # 109270 # -1 # ID=15_106;partial=00;start_type=ATG;rbs_motif=AGxAGG/AGGxGG;rbs_spacer=5-10bp;gc_cont=0.623
NZ_ABEH02000005.1:82105-83538|-   -            478 33787at91347         -            385   3.6e-18   63.2   0.0   1   1   5.4e-21   5.7e-18   62.6   0.0     6   244    17   266    13   316 0.82 NZ_ABEH02000005.1_84 # 82105 # 83538 # -1 # ID=15_84;partial=00;start_type=ATG;rbs_motif=AGGAG;rbs_spacer=5-10bp;gc_cont=0.409
NZ_ABEH02000007.1:1400-3040|+     -            547 33787at91347         -            385   7.2e-10   35.9   0.0   1   2   5.9e-11   6.2e-08   29.5   0.0     6   129    41   174    36   186 0.77 NZ_ABEH02000007.1_3 # 1400 # 3040 # 1 # ID=13_3;partial=00;start_type=ATG;rbs_motif=AGGA;rbs_spacer=5-10bp;gc_cont=0.565
NZ_ABEH02000007.1:1400-3040|+     -            547 33787at91347         -            385   7.2e-10   35.9   0.0   2   2     0.003       3.1    4.2   0.0   211   327   292   416   277   433 0.74 NZ_ABEH02000007.1_3 # 1400 # 3040 # 1 # ID=13_3;partial=00;start_type=ATG;rbs_motif=AGGA;rbs_spacer=5-10bp;gc_cont=0.565
#
# Program:         hmmsearch
# Version:         3.4 (Aug 2023)
# Pipeline mode:   SEARCH
# Query file:      /Users/dizzler/Projects/School/BIOL4600-Capstone/busco_downloads/lineages/enterobacterales_odb10/hmms/33787at91347.hmm
# Target file:     reports/busco-results/GCF_000171255.1_ASM17125v1_genomic.fna/prodigal_output/predicted_genes/predicted.faa
# Option settings: hmmsearch --domtblout reports/busco-results/GCF_000171255.1_ASM17125v1_genomic.fna/run_enterobacterales_odb10/hmmer_output/33787at91347.out --cpu 1 /Users/dizzler/Projects/School/BIOL4600-Capstone/busco_downloads/lineages/enterobacterales_odb10/hmms/33787at91347.hmm reports/busco-results/GCF_000171255.1_ASM17125v1_genomic.fna/prodigal_output/predicted_genes/predicted.faa 
# Current dir:     /Users/dizzler/Projects/School/BIOL4600-Capstone
# Date:            Sat Feb 21 23:25:33 2026
# [ok]
