#                                                                                         --- full sequence --- -------------- this domain -------------   hmm coord   ali coord   env coord
# target name                     accession   tlen query name           accession   qlen   E-value  score  bias   #  of  c-Evalue  i-Evalue  score  bias  from    to  from    to  from    to  acc description of target
#             ------------------- ---------- ----- -------------------- ---------- ----- --------- ------ ----- --- --- --------- --------- ------ ----- ----- ----- ----- ----- ----- ----- ---- ---------------------
NZ_ABEH02000006.1:190974-191879|+ -            302 35495at91347         -            238    4e-100  331.9   0.1   1   1  4.3e-102   2.3e-99  329.4   0.1     1   238     7   300     7   300 0.88 NZ_ABEH02000006.1_183 # 190974 # 191879 # 1 # ID=14_183;partial=00;start_type=ATG;rbs_motif=GGAG/GAGG;rbs_spacer=5-10bp;gc_cont=0.521
NZ_ABEH02000006.1:262683-264155|+ -            491 35495at91347         -            238   2.4e-22   77.3   0.0   1   2   4.2e-11   2.2e-08   31.6   0.0     4   105     4   122     1   125 0.76 NZ_ABEH02000006.1_245 # 262683 # 264155 # 1 # ID=14_245;partial=00;start_type=ATG;rbs_motif=GGAG/GAGG;rbs_spacer=5-10bp;gc_cont=0.547
NZ_ABEH02000006.1:262683-264155|+ -            491 35495at91347         -            238   2.4e-22   77.3   0.0   2   2   2.7e-14   1.4e-11   42.0   0.2     5   105   205   325   203   328 0.76 NZ_ABEH02000006.1_245 # 262683 # 264155 # 1 # ID=14_245;partial=00;start_type=ATG;rbs_motif=GGAG/GAGG;rbs_spacer=5-10bp;gc_cont=0.547
NZ_ABEH02000004.1:47829-49193|-   -            455 35495at91347         -            238   9.2e-08   29.5   0.0   1   1   3.3e-10   1.7e-07   28.7   0.0     5    80   219   306   216   314 0.71 NZ_ABEH02000004.1_45 # 47829 # 49193 # -1 # ID=16_45;partial=00;start_type=ATG;rbs_motif=GGA/GAG/AGG;rbs_spacer=5-10bp;gc_cont=0.596
NZ_ABEH02000001.1:195487-196767|+ -            427 35495at91347         -            238   5.6e-06   23.7   0.0   1   1   1.8e-08   9.3e-06   23.0   0.0     4   106   199   322   197   328 0.74 NZ_ABEH02000001.1_158 # 195487 # 196767 # 1 # ID=19_158;partial=00;start_type=TTG;rbs_motif=GGAG/GAGG;rbs_spacer=5-10bp;gc_cont=0.541
NZ_ABEH02000008.1:112075-112707|- -            211 35495at91347         -            238    0.0002   18.6   0.0   1   1   6.7e-07   0.00035   17.8   0.0     2    57    25    82    24    94 0.87 NZ_ABEH02000008.1_97 # 112075 # 112707 # -1 # ID=12_97;partial=00;start_type=TTG;rbs_motif=GGAG/GAGG;rbs_spacer=5-10bp;gc_cont=0.523
NZ_ABEH02000003.1:472326-475004|- -            893 35495at91347         -            238   0.00048   17.4   0.0   1   1   1.9e-06     0.001   16.3   0.0     4   105   395   504   393   507 0.72 NZ_ABEH02000003.1_446 # 472326 # 475004 # -1 # ID=17_446;partial=00;start_type=ATG;rbs_motif=AGGA;rbs_spacer=5-10bp;gc_cont=0.555
NZ_ABEH02000002.1:541737-542828|+ -            364 35495at91347         -            238     0.001   16.3   0.0   1   1   3.2e-06    0.0017   15.6   0.0     6    27     6    27     2    33 0.87 NZ_ABEH02000002.1_522 # 541737 # 542828 # 1 # ID=18_522;partial=00;start_type=ATG;rbs_motif=GGA/GAG/AGG;rbs_spacer=5-10bp;gc_cont=0.528
NZ_ABEH02000004.1:411387-413705|- -            773 35495at91347         -            238    0.0027   14.9   0.0   1   1   8.3e-06    0.0044   14.2   0.0     5    59     6    62     4   123 0.84 NZ_ABEH02000004.1_370 # 411387 # 413705 # -1 # ID=16_370;partial=00;start_type=ATG;rbs_motif=GGA/GAG/AGG;rbs_spacer=5-10bp;gc_cont=0.562
#
# Program:         hmmsearch
# Version:         3.4 (Aug 2023)
# Pipeline mode:   SEARCH
# Query file:      /Users/dizzler/Projects/School/BIOL4600-Capstone/databases/lineages/enterobacterales_odb10/hmms/35495at91347.hmm
# Target file:     /Users/dizzler/Projects/School/BIOL4600-Capstone/reports/busco-results/GCF_000171255.1_ASM17125v1_genomic.fna/prodigal_output/predicted_genes/predicted.faa
# Option settings: hmmsearch --domtblout /Users/dizzler/Projects/School/BIOL4600-Capstone/reports/busco-results/GCF_000171255.1_ASM17125v1_genomic.fna/run_enterobacterales_odb10/hmmer_output/35495at91347.out --cpu 1 /Users/dizzler/Projects/School/BIOL4600-Capstone/databases/lineages/enterobacterales_odb10/hmms/35495at91347.hmm /Users/dizzler/Projects/School/BIOL4600-Capstone/reports/busco-results/GCF_000171255.1_ASM17125v1_genomic.fna/prodigal_output/predicted_genes/predicted.faa 
# Current dir:     /Users/dizzler/Projects/School/BIOL4600-Capstone
# Date:            Wed Feb 25 22:54:46 2026
# [ok]
