#                                                                                         --- full sequence --- -------------- this domain -------------   hmm coord   ali coord   env coord
# target name                     accession   tlen query name           accession   qlen   E-value  score  bias   #  of  c-Evalue  i-Evalue  score  bias  from    to  from    to  from    to  acc description of target
#             ------------------- ---------- ----- -------------------- ---------- ----- --------- ------ ----- --- --- --------- --------- ------ ----- ----- ----- ----- ----- ----- ----- ---- ---------------------
NZ_ABEH02000005.1:71576-72655|+   -            360 44171at91347         -            296  7.2e-149  492.7   0.2   1   2  5.2e-126    2e-123  409.2   0.0     2   237    12   273    11   281 0.93 NZ_ABEH02000005.1_74 # 71576 # 72655 # 1 # ID=15_74;partial=00;start_type=ATG;rbs_motif=AGGAG;rbs_spacer=5-10bp;gc_cont=0.554
NZ_ABEH02000005.1:71576-72655|+   -            360 44171at91347         -            296  7.2e-149  492.7   0.2   2   2   2.1e-26   8.1e-24   82.2   0.1   228   296   282   354   273   354 0.87 NZ_ABEH02000005.1_74 # 71576 # 72655 # 1 # ID=15_74;partial=00;start_type=ATG;rbs_motif=AGGAG;rbs_spacer=5-10bp;gc_cont=0.554
NZ_ABEH02000009.1:175490-176584|+ -            365 44171at91347         -            296   3.1e-19   67.1   0.0   1   1   2.7e-21     1e-18   65.4   0.0    35   294    52   351    46   353 0.70 NZ_ABEH02000009.1_171 # 175490 # 176584 # 1 # ID=11_171;partial=00;start_type=ATG;rbs_motif=GGAGG;rbs_spacer=3-4bp;gc_cont=0.568
NZ_ABEH02000005.1:420823-422061|- -            413 44171at91347         -            296   3.7e-09   34.1   0.0   1   1   2.6e-11   9.9e-09   32.6   0.0    61   224   100   289    81   309 0.65 NZ_ABEH02000005.1_387 # 420823 # 422061 # -1 # ID=15_387;partial=00;start_type=ATG;rbs_motif=GGAG/GAGG;rbs_spacer=5-10bp;gc_cont=0.545
NZ_ABEH02000004.1:239925-241175|- -            417 44171at91347         -            296   2.4e-07   28.1   0.0   1   1   8.8e-10   3.4e-07   27.6   0.0   118   205   179   272   164   327 0.78 NZ_ABEH02000004.1_225 # 239925 # 241175 # -1 # ID=16_225;partial=00;start_type=ATG;rbs_motif=None;rbs_spacer=None;gc_cont=0.530
NZ_ABEH02000009.1:134613-135773|+ -            387 44171at91347         -            296   4.5e-07   27.2   0.0   1   1   2.5e-09   9.5e-07   26.1   0.0    59   208    91   263    60   285 0.73 NZ_ABEH02000009.1_129 # 134613 # 135773 # 1 # ID=11_129;partial=00;start_type=ATG;rbs_motif=None;rbs_spacer=None;gc_cont=0.545
NZ_ABEH02000005.1:348094-349308|+ -            405 44171at91347         -            296   9.1e-07   26.2   0.0   1   1   6.1e-09   2.3e-06   24.9   0.0    46   195    80   254    74   258 0.63 NZ_ABEH02000005.1_318 # 348094 # 349308 # 1 # ID=15_318;partial=00;start_type=ATG;rbs_motif=GGA/GAG/AGG;rbs_spacer=5-10bp;gc_cont=0.517
NZ_ABEH02000004.1:191713-192909|+ -            399 44171at91347         -            296   0.00057   17.0   0.0   1   2     0.014       5.4    4.0   0.0   138   191    25    84    18    99 0.77 NZ_ABEH02000004.1_182 # 191713 # 192909 # 1 # ID=16_182;partial=00;start_type=ATG;rbs_motif=GGAG/GAGG;rbs_spacer=5-10bp;gc_cont=0.560
NZ_ABEH02000004.1:191713-192909|+ -            399 44171at91347         -            296   0.00057   17.0   0.0   2   2   0.00012     0.045   10.8   0.0   134   218   190   279   185   301 0.75 NZ_ABEH02000004.1_182 # 191713 # 192909 # 1 # ID=16_182;partial=00;start_type=ATG;rbs_motif=GGAG/GAGG;rbs_spacer=5-10bp;gc_cont=0.560
NZ_ABEH02000002.1:290297-291499|+ -            401 44171at91347         -            296    0.0026   14.9   0.0   1   2      0.39   1.5e+02   -0.8   0.0    56    98    84   125    67   141 0.77 NZ_ABEH02000002.1_292 # 290297 # 291499 # 1 # ID=18_292;partial=00;start_type=ATG;rbs_motif=AGGA;rbs_spacer=5-10bp;gc_cont=0.512
NZ_ABEH02000002.1:290297-291499|+ -            401 44171at91347         -            296    0.0026   14.9   0.0   2   2   2.7e-05      0.01   12.9   0.0   121   191   166   247   151   264 0.72 NZ_ABEH02000002.1_292 # 290297 # 291499 # 1 # ID=18_292;partial=00;start_type=ATG;rbs_motif=AGGA;rbs_spacer=5-10bp;gc_cont=0.512
NZ_ABEH02000002.1:189382-190554|- -            391 44171at91347         -            296     0.015   12.3   0.0   1   1   6.3e-05     0.024   11.7   0.0   118   161   162   209   148   250 0.68 NZ_ABEH02000002.1_196 # 189382 # 190554 # -1 # ID=18_196;partial=00;start_type=ATG;rbs_motif=AGGA;rbs_spacer=5-10bp;gc_cont=0.558
NZ_ABEH02000002.1:346142-347566|- -            475 44171at91347         -            296      0.04   10.9   0.0   1   1   0.00017     0.065   10.3   0.0    47    97   154   205   145   323 0.83 NZ_ABEH02000002.1_337 # 346142 # 347566 # -1 # ID=18_337;partial=00;start_type=ATG;rbs_motif=GGA/GAG/AGG;rbs_spacer=5-10bp;gc_cont=0.526
NZ_ABEH02000008.1:211239-212399|+ -            387 44171at91347         -            296     0.051   10.6   0.0   1   1    0.0002     0.076   10.0   0.0    94   161   114   181    91   208 0.79 NZ_ABEH02000008.1_198 # 211239 # 212399 # 1 # ID=12_198;partial=00;start_type=ATG;rbs_motif=AGGA;rbs_spacer=5-10bp;gc_cont=0.561
#
# Program:         hmmsearch
# Version:         3.4 (Aug 2023)
# Pipeline mode:   SEARCH
# Query file:      /Users/dizzler/Projects/School/BIOL4600-Capstone/busco_downloads/lineages/enterobacterales_odb10/hmms/44171at91347.hmm
# Target file:     reports/busco-results/GCF_000171255.1_ASM17125v1_genomic.fna/prodigal_output/predicted_genes/predicted.faa
# Option settings: hmmsearch --domtblout reports/busco-results/GCF_000171255.1_ASM17125v1_genomic.fna/run_enterobacterales_odb10/hmmer_output/44171at91347.out --cpu 1 /Users/dizzler/Projects/School/BIOL4600-Capstone/busco_downloads/lineages/enterobacterales_odb10/hmms/44171at91347.hmm reports/busco-results/GCF_000171255.1_ASM17125v1_genomic.fna/prodigal_output/predicted_genes/predicted.faa 
# Current dir:     /Users/dizzler/Projects/School/BIOL4600-Capstone
# Date:            Sat Feb 21 23:25:34 2026
# [ok]
