#                                                                                         --- full sequence --- -------------- this domain -------------   hmm coord   ali coord   env coord
# target name                     accession   tlen query name           accession   qlen   E-value  score  bias   #  of  c-Evalue  i-Evalue  score  bias  from    to  from    to  from    to  acc description of target
#             ------------------- ---------- ----- -------------------- ---------- ----- --------- ------ ----- --- --- --------- --------- ------ ----- ----- ----- ----- ----- ----- ----- ---- ---------------------
NZ_ABEH02000010.1:110246-111289|+ -            348 49349at91347         -            278  3.3e-145  480.3   0.3   1   1  3.4e-147    2e-144  477.7   0.3     1   278    44   344    44   344 0.92 NZ_ABEH02000010.1_112 # 110246 # 111289 # 1 # ID=10_112;partial=00;start_type=ATG;rbs_motif=None;rbs_spacer=None;gc_cont=0.543
NZ_ABEH02000006.1:137802-138782|+ -            327 49349at91347         -            278   3.3e-43  145.7   0.0   1   1   6.4e-46   3.9e-43  145.5   0.0     2   277    15   312    14   313 0.82 NZ_ABEH02000006.1_134 # 137802 # 138782 # 1 # ID=14_134;partial=00;start_type=ATG;rbs_motif=AGxAG;rbs_spacer=5-10bp;gc_cont=0.535
NZ_ABEH02000001.1:502823-503482|- -            220 49349at91347         -            278   2.8e-38  129.5   0.0   1   1   5.8e-41   3.5e-38  129.2   0.0    61   267    14   218     6   219 0.86 NZ_ABEH02000001.1_455 # 502823 # 503482 # -1 # ID=19_455;partial=00;start_type=ATG;rbs_motif=GGAG/GAGG;rbs_spacer=5-10bp;gc_cont=0.574
NZ_ABEH02000003.1:134017-134799|- -            261 49349at91347         -            278   5.4e-36  122.0   0.1   1   1   4.2e-38   2.5e-35  119.9   0.1    63   276     4   233     1   235 0.80 NZ_ABEH02000003.1_131 # 134017 # 134799 # -1 # ID=17_131;partial=00;start_type=ATG;rbs_motif=None;rbs_spacer=None;gc_cont=0.585
NZ_ABEH02000001.1:19609-20478|+   -            290 49349at91347         -            278   0.00075   16.6   0.2   1   1   3.9e-06    0.0024   15.0   0.2    21   149    25   142     8   207 0.81 NZ_ABEH02000001.1_13 # 19609 # 20478 # 1 # ID=19_13;partial=00;start_type=ATG;rbs_motif=GGA/GAG/AGG;rbs_spacer=5-10bp;gc_cont=0.506
NZ_ABEH02000011.1:62989-63807|+   -            273 49349at91347         -            278     0.011   12.8   0.0   1   1   2.7e-05     0.017   12.2   0.0   214   258   130   174   126   180 0.93 NZ_ABEH02000011.1_68 # 62989 # 63807 # 1 # ID=9_68;partial=00;start_type=ATG;rbs_motif=4Base/6BMM;rbs_spacer=13-15bp;gc_cont=0.564
NZ_ABEH02000010.1:167142-167879|- -            246 49349at91347         -            278     0.021   11.9   0.0   1   2     0.045        27    1.7   0.0   110   127   101   118    94   151 0.74 NZ_ABEH02000010.1_169 # 167142 # 167879 # -1 # ID=10_169;partial=00;start_type=ATG;rbs_motif=3Base/5BMM;rbs_spacer=13-15bp;gc_cont=0.511
NZ_ABEH02000010.1:167142-167879|- -            246 49349at91347         -            278     0.021   11.9   0.0   2   2   0.00062      0.38    7.8   0.0   195   226   191   222   181   236 0.85 NZ_ABEH02000010.1_169 # 167142 # 167879 # -1 # ID=10_169;partial=00;start_type=ATG;rbs_motif=3Base/5BMM;rbs_spacer=13-15bp;gc_cont=0.511
#
# Program:         hmmsearch
# Version:         3.4 (Aug 2023)
# Pipeline mode:   SEARCH
# Query file:      /Users/dizzler/Projects/School/BIOL4600-Capstone/databases/lineages/enterobacterales_odb10/hmms/49349at91347.hmm
# Target file:     /Users/dizzler/Projects/School/BIOL4600-Capstone/reports/busco-results/GCF_000171255.1_ASM17125v1_genomic.fna/prodigal_output/predicted_genes/predicted.faa
# Option settings: hmmsearch --domtblout /Users/dizzler/Projects/School/BIOL4600-Capstone/reports/busco-results/GCF_000171255.1_ASM17125v1_genomic.fna/run_enterobacterales_odb10/hmmer_output/49349at91347.out --cpu 1 /Users/dizzler/Projects/School/BIOL4600-Capstone/databases/lineages/enterobacterales_odb10/hmms/49349at91347.hmm /Users/dizzler/Projects/School/BIOL4600-Capstone/reports/busco-results/GCF_000171255.1_ASM17125v1_genomic.fna/prodigal_output/predicted_genes/predicted.faa 
# Current dir:     /Users/dizzler/Projects/School/BIOL4600-Capstone
# Date:            Wed Feb 25 22:54:47 2026
# [ok]
