#                                                                                         --- full sequence --- -------------- this domain -------------   hmm coord   ali coord   env coord
# target name                     accession   tlen query name           accession   qlen   E-value  score  bias   #  of  c-Evalue  i-Evalue  score  bias  from    to  from    to  from    to  acc description of target
#             ------------------- ---------- ----- -------------------- ---------- ----- --------- ------ ----- --- --- --------- --------- ------ ----- ----- ----- ----- ----- ----- ----- ---- ---------------------
NZ_ABEH02000011.1:50824-52143|-   -            440 52475at91347         -            327  5.9e-162  536.4   0.2   1   3     7e-10   4.9e-07   27.2   0.0     1    42     1    44     1    67 0.78 NZ_ABEH02000011.1_55 # 50824 # 52143 # -1 # ID=9_55;partial=00;start_type=GTG;rbs_motif=GGAG/GAGG;rbs_spacer=5-10bp;gc_cont=0.548
NZ_ABEH02000011.1:50824-52143|-   -            440 52475at91347         -            327  5.9e-162  536.4   0.2   2   3   3.5e-18   2.4e-15   54.5   0.1    35    96    96   168    91   186 0.83 NZ_ABEH02000011.1_55 # 50824 # 52143 # -1 # ID=9_55;partial=00;start_type=GTG;rbs_motif=GGAG/GAGG;rbs_spacer=5-10bp;gc_cont=0.548
NZ_ABEH02000011.1:50824-52143|-   -            440 52475at91347         -            327  5.9e-162  536.4   0.2   3   3    5e-139  3.5e-136  451.7   0.0    90   327   189   430   168   430 0.95 NZ_ABEH02000011.1_55 # 50824 # 52143 # -1 # ID=9_55;partial=00;start_type=GTG;rbs_motif=GGAG/GAGG;rbs_spacer=5-10bp;gc_cont=0.548
NZ_ABEH02000003.1:214272-215030|- -            253 52475at91347         -            327   1.5e-20   71.7   0.2   1   1     4e-23   2.8e-20   70.8   0.2   213   307   147   241   136   248 0.92 NZ_ABEH02000003.1_200 # 214272 # 215030 # -1 # ID=17_200;partial=00;start_type=ATG;rbs_motif=GGA/GAG/AGG;rbs_spacer=5-10bp;gc_cont=0.540
NZ_ABEH02000003.1:93982-95115|-   -            378 52475at91347         -            327   1.5e-20   71.6   0.2   1   1   3.7e-23   2.6e-20   70.9   0.2   213   307   278   372   275   376 0.94 NZ_ABEH02000003.1_98 # 93982 # 95115 # -1 # ID=17_98;partial=00;start_type=ATG;rbs_motif=GGxGG;rbs_spacer=3-4bp;gc_cont=0.521
NZ_ABEH02000004.1:196224-197507|- -            428 52475at91347         -            327   6.6e-13   46.5   0.1   1   2      0.77   5.4e+02   -2.5   1.8    66   153   152   239   120   263 0.63 NZ_ABEH02000004.1_186 # 196224 # 197507 # -1 # ID=16_186;partial=00;start_type=ATG;rbs_motif=3Base/5BMM;rbs_spacer=13-15bp;gc_cont=0.593
NZ_ABEH02000004.1:196224-197507|- -            428 52475at91347         -            327   6.6e-13   46.5   0.1   2   2   9.4e-16   6.6e-13   46.5   0.1   214   306   330   422   326   424 0.94 NZ_ABEH02000004.1_186 # 196224 # 197507 # -1 # ID=16_186;partial=00;start_type=ATG;rbs_motif=3Base/5BMM;rbs_spacer=13-15bp;gc_cont=0.593
NZ_ABEH02000002.1:39124-39609|+   -            162 52475at91347         -            327     0.039   11.1   2.2   1   1     7e-05     0.049   10.8   2.2    95   178    50   134    38   144 0.85 NZ_ABEH02000002.1_42 # 39124 # 39609 # 1 # ID=18_42;partial=00;start_type=ATG;rbs_motif=AGGA;rbs_spacer=5-10bp;gc_cont=0.494
NZ_ABEH02000004.1:309321-310220|- -            300 52475at91347         -            327     0.052   10.7   0.0   1   1   0.00011     0.075   10.2   0.0    93   141    16    64     6    79 0.85 NZ_ABEH02000004.1_281 # 309321 # 310220 # -1 # ID=16_281;partial=00;start_type=ATG;rbs_motif=GGA/GAG/AGG;rbs_spacer=5-10bp;gc_cont=0.534
#
# Program:         hmmsearch
# Version:         3.4 (Aug 2023)
# Pipeline mode:   SEARCH
# Query file:      /Users/dizzler/Projects/School/BIOL4600-Capstone/databases/lineages/enterobacterales_odb10/hmms/52475at91347.hmm
# Target file:     /Users/dizzler/Projects/School/BIOL4600-Capstone/reports/busco-results/GCF_000171255.1_ASM17125v1_genomic.fna/prodigal_output/predicted_genes/predicted.faa
# Option settings: hmmsearch --domtblout /Users/dizzler/Projects/School/BIOL4600-Capstone/reports/busco-results/GCF_000171255.1_ASM17125v1_genomic.fna/run_enterobacterales_odb10/hmmer_output/52475at91347.out --cpu 1 /Users/dizzler/Projects/School/BIOL4600-Capstone/databases/lineages/enterobacterales_odb10/hmms/52475at91347.hmm /Users/dizzler/Projects/School/BIOL4600-Capstone/reports/busco-results/GCF_000171255.1_ASM17125v1_genomic.fna/prodigal_output/predicted_genes/predicted.faa 
# Current dir:     /Users/dizzler/Projects/School/BIOL4600-Capstone
# Date:            Wed Feb 25 22:54:47 2026
# [ok]
