#                                                                                         --- full sequence --- -------------- this domain -------------   hmm coord   ali coord   env coord
# target name                     accession   tlen query name           accession   qlen   E-value  score  bias   #  of  c-Evalue  i-Evalue  score  bias  from    to  from    to  from    to  acc description of target
#             ------------------- ---------- ----- -------------------- ---------- ----- --------- ------ ----- --- --- --------- --------- ------ ----- ----- ----- ----- ----- ----- ----- ---- ---------------------
NZ_ABEH02000002.1:541737-542828|+ -            364 62655at91347         -            286  1.8e-137  455.1   0.4   1   2   7.9e-90   5.6e-87  289.5   0.1     1   186     1   221     1   241 0.85 NZ_ABEH02000002.1_522 # 541737 # 542828 # 1 # ID=18_522;partial=00;start_type=ATG;rbs_motif=GGA/GAG/AGG;rbs_spacer=5-10bp;gc_cont=0.528
NZ_ABEH02000002.1:541737-542828|+ -            364 62655at91347         -            286  1.8e-137  455.1   0.4   2   2   2.6e-50   1.8e-47  159.8   0.0   191   286   265   363   242   363 0.92 NZ_ABEH02000002.1_522 # 541737 # 542828 # 1 # ID=18_522;partial=00;start_type=ATG;rbs_motif=GGA/GAG/AGG;rbs_spacer=5-10bp;gc_cont=0.528
NZ_ABEH02000012.1:100625-101797|+ -            391 62655at91347         -            286   7.7e-15   52.8   0.1   1   1   1.6e-15   1.1e-12   45.7   0.1     4   124   161   266   158   296 0.83 NZ_ABEH02000012.1_93 # 100625 # 101797 # 1 # ID=8_93;partial=00;start_type=ATG;rbs_motif=GGAG/GAGG;rbs_spacer=5-10bp;gc_cont=0.554
NZ_ABEH02000006.1:262683-264155|+ -            491 62655at91347         -            286   2.9e-10   37.8   0.0   1   3   4.5e-08   3.2e-05   21.2   0.0     5    37     5    39     1    56 0.78 NZ_ABEH02000006.1_245 # 262683 # 264155 # 1 # ID=14_245;partial=00;start_type=ATG;rbs_motif=GGAG/GAGG;rbs_spacer=5-10bp;gc_cont=0.547
NZ_ABEH02000006.1:262683-264155|+ -            491 62655at91347         -            286   2.9e-10   37.8   0.0   2   3   1.5e-05     0.011   12.9   0.0     3    23   203   223   201   256 0.85 NZ_ABEH02000006.1_245 # 262683 # 264155 # 1 # ID=14_245;partial=00;start_type=ATG;rbs_motif=GGAG/GAGG;rbs_spacer=5-10bp;gc_cont=0.547
NZ_ABEH02000006.1:262683-264155|+ -            491 62655at91347         -            286   2.9e-10   37.8   0.0   3   3      0.25   1.8e+02   -0.9   0.0    53    92   326   367   310   373 0.68 NZ_ABEH02000006.1_245 # 262683 # 264155 # 1 # ID=14_245;partial=00;start_type=ATG;rbs_motif=GGAG/GAGG;rbs_spacer=5-10bp;gc_cont=0.547
NZ_ABEH02000001.1:195487-196767|+ -            427 62655at91347         -            286   1.7e-05   22.1   0.0   1   1   8.1e-08   5.7e-05   20.4   0.0     5    57   200   253   198   321 0.91 NZ_ABEH02000001.1_158 # 195487 # 196767 # 1 # ID=19_158;partial=00;start_type=TTG;rbs_motif=GGAG/GAGG;rbs_spacer=5-10bp;gc_cont=0.541
NZ_ABEH02000004.1:411387-413705|- -            773 62655at91347         -            286   0.00021   18.5   0.0   1   1   5.2e-07   0.00036   17.7   0.0     3    50     4    52     2    60 0.85 NZ_ABEH02000004.1_370 # 411387 # 413705 # -1 # ID=16_370;partial=00;start_type=ATG;rbs_motif=GGA/GAG/AGG;rbs_spacer=5-10bp;gc_cont=0.562
NZ_ABEH02000006.1:190974-191879|+ -            302 62655at91347         -            286    0.0033   14.6   0.2   1   2   9.8e-06    0.0069   13.5   0.1     5    23    11    29     8    39 0.84 NZ_ABEH02000006.1_183 # 190974 # 191879 # 1 # ID=14_183;partial=00;start_type=ATG;rbs_motif=GGAG/GAGG;rbs_spacer=5-10bp;gc_cont=0.521
NZ_ABEH02000006.1:190974-191879|+ -            302 62655at91347         -            286    0.0033   14.6   0.2   2   2       1.3     9e+02   -3.3   0.0   148   168   133   153   106   164 0.61 NZ_ABEH02000006.1_183 # 190974 # 191879 # 1 # ID=14_183;partial=00;start_type=ATG;rbs_motif=GGAG/GAGG;rbs_spacer=5-10bp;gc_cont=0.521
#
# Program:         hmmsearch
# Version:         3.4 (Aug 2023)
# Pipeline mode:   SEARCH
# Query file:      /Users/dizzler/Projects/School/BIOL4600-Capstone/busco_downloads/lineages/enterobacterales_odb10/hmms/62655at91347.hmm
# Target file:     reports/busco-results/GCF_000171255.1_ASM17125v1_genomic.fna/prodigal_output/predicted_genes/predicted.faa
# Option settings: hmmsearch --domtblout reports/busco-results/GCF_000171255.1_ASM17125v1_genomic.fna/run_enterobacterales_odb10/hmmer_output/62655at91347.out --cpu 1 /Users/dizzler/Projects/School/BIOL4600-Capstone/busco_downloads/lineages/enterobacterales_odb10/hmms/62655at91347.hmm reports/busco-results/GCF_000171255.1_ASM17125v1_genomic.fna/prodigal_output/predicted_genes/predicted.faa 
# Current dir:     /Users/dizzler/Projects/School/BIOL4600-Capstone
# Date:            Sat Feb 21 23:25:34 2026
# [ok]
