#                                                                                         --- full sequence --- -------------- this domain -------------   hmm coord   ali coord   env coord
# target name                     accession   tlen query name           accession   qlen   E-value  score  bias   #  of  c-Evalue  i-Evalue  score  bias  from    to  from    to  from    to  acc description of target
#             ------------------- ---------- ----- -------------------- ---------- ----- --------- ------ ----- --- --- --------- --------- ------ ----- ----- ----- ----- ----- ----- ----- ---- ---------------------
NZ_ABEH02000002.1:532417-533250|- -            278 70738at91347         -            220   2.3e-88  293.1   0.0   1   1   8.2e-91   4.9e-88  292.0   0.0     6   220    18   274    13   274 0.91 NZ_ABEH02000002.1_513 # 532417 # 533250 # -1 # ID=18_513;partial=00;start_type=ATG;rbs_motif=AGxAGG/AGGxGG;rbs_spacer=3-4bp;gc_cont=0.584
NZ_ABEH02000005.1:400480-401412|- -            311 70738at91347         -            220   2.5e-22   77.2   0.0   1   1   6.5e-25   3.9e-22   76.6   0.0    36   184    75   244    58   248 0.82 NZ_ABEH02000005.1_369 # 400480 # 401412 # -1 # ID=15_369;partial=00;start_type=GTG;rbs_motif=GGAGG;rbs_spacer=5-10bp;gc_cont=0.533
NZ_ABEH02000001.1:352775-353803|- -            343 70738at91347         -            220   9.4e-08   29.5   0.0   1   1   2.7e-10   1.6e-07   28.8   0.0    87   153   200   273   195   287 0.77 NZ_ABEH02000001.1_319 # 352775 # 353803 # -1 # ID=19_319;partial=00;start_type=ATG;rbs_motif=AGGAG;rbs_spacer=5-10bp;gc_cont=0.573
NZ_ABEH02000006.1:161450-162187|+ -            246 70738at91347         -            220     1e-07   29.4   0.0   1   1   3.2e-10   1.9e-07   28.5   0.0    86   154    47   128    42   154 0.71 NZ_ABEH02000006.1_151 # 161450 # 162187 # 1 # ID=14_151;partial=00;start_type=ATG;rbs_motif=GGA/GAG/AGG;rbs_spacer=5-10bp;gc_cont=0.530
NZ_ABEH02000003.1:408979-410115|- -            379 70738at91347         -            220   3.6e-05   21.1   0.0   1   1   1.3e-07   7.7e-05   20.0   0.0    87   165   232   320   228   326 0.73 NZ_ABEH02000003.1_382 # 408979 # 410115 # -1 # ID=17_382;partial=00;start_type=ATG;rbs_motif=AGGAGG;rbs_spacer=3-4bp;gc_cont=0.533
NZ_ABEH02000005.1:28157-28735|-   -            193 70738at91347         -            220      0.02   12.1   0.0   1   1   4.6e-05     0.028   11.7   0.0    86   115    34    63    27    88 0.81 NZ_ABEH02000005.1_31 # 28157 # 28735 # -1 # ID=15_31;partial=00;start_type=ATG;rbs_motif=None;rbs_spacer=None;gc_cont=0.560
NZ_ABEH02000010.1:8761-9972|-     -            404 70738at91347         -            220     0.023   12.0   0.0   1   1   7.5e-05     0.045   11.0   0.0    77   183   221   330   218   337 0.70 NZ_ABEH02000010.1_10 # 8761 # 9972 # -1 # ID=10_10;partial=00;start_type=ATG;rbs_motif=GGAG/GAGG;rbs_spacer=5-10bp;gc_cont=0.540
#
# Program:         hmmsearch
# Version:         3.4 (Aug 2023)
# Pipeline mode:   SEARCH
# Query file:      /Users/dizzler/Projects/School/BIOL4600-Capstone/databases/lineages/enterobacterales_odb10/hmms/70738at91347.hmm
# Target file:     /Users/dizzler/Projects/School/BIOL4600-Capstone/reports/busco-results/GCF_000171255.1_ASM17125v1_genomic.fna/prodigal_output/predicted_genes/predicted.faa
# Option settings: hmmsearch --domtblout /Users/dizzler/Projects/School/BIOL4600-Capstone/reports/busco-results/GCF_000171255.1_ASM17125v1_genomic.fna/run_enterobacterales_odb10/hmmer_output/70738at91347.out --cpu 1 /Users/dizzler/Projects/School/BIOL4600-Capstone/databases/lineages/enterobacterales_odb10/hmms/70738at91347.hmm /Users/dizzler/Projects/School/BIOL4600-Capstone/reports/busco-results/GCF_000171255.1_ASM17125v1_genomic.fna/prodigal_output/predicted_genes/predicted.faa 
# Current dir:     /Users/dizzler/Projects/School/BIOL4600-Capstone
# Date:            Wed Feb 25 22:54:47 2026
# [ok]
