#                                                                                           --- full sequence --- -------------- this domain -------------   hmm coord   ali coord   env coord
# target name                       accession   tlen query name           accession   qlen   E-value  score  bias   #  of  c-Evalue  i-Evalue  score  bias  from    to  from    to  from    to  acc description of target
#               ------------------- ---------- ----- -------------------- ---------- ----- --------- ------ ----- --- --- --------- --------- ------ ----- ----- ----- ----- ----- ----- ----- ---- ---------------------
NZ_ABFH02000002.1:1591536-1593464|- -            643 12745at91347         -            500  2.3e-243  806.7  10.6   1   3  1.2e-194  1.1e-191  636.2   0.1     1   332     1   362     1   375 0.94 NZ_ABFH02000002.1_1582 # 1591536 # 1593464 # -1 # ID=4_1582;partial=00;start_type=ATG;rbs_motif=GGA/GAG/AGG;rbs_spacer=5-10bp;gc_cont=0.592
NZ_ABFH02000002.1:1591536-1593464|- -            643 12745at91347         -            500  2.3e-243  806.7  10.6   2   3      0.13   1.2e+02   -0.5   0.2   332   354   408   430   404   481 0.59 NZ_ABFH02000002.1_1582 # 1591536 # 1593464 # -1 # ID=4_1582;partial=00;start_type=ATG;rbs_motif=GGA/GAG/AGG;rbs_spacer=5-10bp;gc_cont=0.592
NZ_ABFH02000002.1:1591536-1593464|- -            643 12745at91347         -            500  2.3e-243  806.7  10.6   3   3   6.1e-54   5.6e-51  172.0   5.1   340   500   463   642   426   642 0.82 NZ_ABFH02000002.1_1582 # 1591536 # 1593464 # -1 # ID=4_1582;partial=00;start_type=ATG;rbs_motif=GGA/GAG/AGG;rbs_spacer=5-10bp;gc_cont=0.592
NZ_ABFH02000002.1:862461-863465|-   -            335 12745at91347         -            500   9.6e-21   72.3   0.0   1   1   1.3e-23   1.2e-20   72.0   0.0    27   213    13   204    10   254 0.87 NZ_ABFH02000002.1_875 # 862461 # 863465 # -1 # ID=4_875;partial=00;start_type=ATG;rbs_motif=AGGAG;rbs_spacer=5-10bp;gc_cont=0.594
NZ_ABFH02000002.1:1105412-1106755|- -            448 12745at91347         -            500   1.4e-14   52.0   0.0   1   2   1.9e-09   1.7e-06   25.3   0.0     3    61    13    73    11    82 0.89 NZ_ABFH02000002.1_1113 # 1105412 # 1106755 # -1 # ID=4_1113;partial=00;start_type=GTG;rbs_motif=GGAG/GAGG;rbs_spacer=5-10bp;gc_cont=0.569
NZ_ABFH02000002.1:1105412-1106755|- -            448 12745at91347         -            500   1.4e-14   52.0   0.0   2   2   2.4e-09   2.2e-06   24.9   0.0    96   194    83   181    74   185 0.90 NZ_ABFH02000002.1_1113 # 1105412 # 1106755 # -1 # ID=4_1113;partial=00;start_type=GTG;rbs_motif=GGAG/GAGG;rbs_spacer=5-10bp;gc_cont=0.569
NZ_ABFH02000002.1:1124182-1126458|- -            759 12745at91347         -            500    0.0013   15.7   0.0   1   2    0.0095       8.7    3.2   0.0    38    59   207   228   185   235 0.76 NZ_ABFH02000002.1_1128 # 1124182 # 1126458 # -1 # ID=4_1128;partial=00;start_type=ATG;rbs_motif=GGAGG;rbs_spacer=5-10bp;gc_cont=0.540
NZ_ABFH02000002.1:1124182-1126458|- -            759 12745at91347         -            500    0.0013   15.7   0.0   2   2   9.8e-05      0.09    9.7   0.0    18    63   460   513   456   517 0.81 NZ_ABFH02000002.1_1128 # 1124182 # 1126458 # -1 # ID=4_1128;partial=00;start_type=ATG;rbs_motif=GGAGG;rbs_spacer=5-10bp;gc_cont=0.540
NZ_ABFH02000002.1:101957-102967|+   -            337 12745at91347         -            500    0.0022   15.0   0.0   1   2   4.9e-06    0.0045   14.0   0.0     5    70    18    87    14    93 0.78 NZ_ABFH02000002.1_105 # 101957 # 102967 # 1 # ID=4_105;partial=00;start_type=ATG;rbs_motif=GGAG/GAGG;rbs_spacer=5-10bp;gc_cont=0.577
NZ_ABFH02000002.1:101957-102967|+   -            337 12745at91347         -            500    0.0022   15.0   0.0   2   2      0.68   6.2e+02   -3.0   0.1   122   133   109   120   107   131 0.82 NZ_ABFH02000002.1_105 # 101957 # 102967 # 1 # ID=4_105;partial=00;start_type=ATG;rbs_motif=GGAG/GAGG;rbs_spacer=5-10bp;gc_cont=0.577
#
# Program:         hmmsearch
# Version:         3.4 (Aug 2023)
# Pipeline mode:   SEARCH
# Query file:      /Users/dizzler/Projects/School/BIOL4600-Capstone/databases/lineages/enterobacterales_odb10/hmms/12745at91347.hmm
# Target file:     /Users/dizzler/Projects/School/BIOL4600-Capstone/reports/busco-results/GCF_000171535.2_ASM17153v2_genomic.fna/prodigal_output/predicted_genes/predicted.faa
# Option settings: hmmsearch --domtblout /Users/dizzler/Projects/School/BIOL4600-Capstone/reports/busco-results/GCF_000171535.2_ASM17153v2_genomic.fna/run_enterobacterales_odb10/hmmer_output/12745at91347.out --cpu 1 /Users/dizzler/Projects/School/BIOL4600-Capstone/databases/lineages/enterobacterales_odb10/hmms/12745at91347.hmm /Users/dizzler/Projects/School/BIOL4600-Capstone/reports/busco-results/GCF_000171535.2_ASM17153v2_genomic.fna/prodigal_output/predicted_genes/predicted.faa 
# Current dir:     /Users/dizzler/Projects/School/BIOL4600-Capstone
# Date:            Wed Feb 25 22:55:06 2026
# [ok]
