#                                                                                           --- full sequence --- -------------- this domain -------------   hmm coord   ali coord   env coord
# target name                       accession   tlen query name           accession   qlen   E-value  score  bias   #  of  c-Evalue  i-Evalue  score  bias  from    to  from    to  from    to  acc description of target
#               ------------------- ---------- ----- -------------------- ---------- ----- --------- ------ ----- --- --- --------- --------- ------ ----- ----- ----- ----- ----- ----- ----- ---- ---------------------
NZ_ABFH02000002.1:1425679-1428261|+ -            861 1674at91347          -            714         0 1214.6   3.8   1   2         0         0 1201.2   1.1     1   695     1   813     1   820 0.90 NZ_ABFH02000002.1_1421 # 1425679 # 1428261 # 1 # ID=4_1421;partial=00;start_type=ATG;rbs_motif=AGGA/GGAG/GAGG;rbs_spacer=11-12bp;gc_cont=0.558
NZ_ABFH02000002.1:1425679-1428261|+ -            861 1674at91347          -            714         0 1214.6   3.8   2   2   0.00054       0.5    6.3   0.1   697   714   842   859   829   859 0.85 NZ_ABFH02000002.1_1421 # 1425679 # 1428261 # 1 # ID=4_1421;partial=00;start_type=ATG;rbs_motif=AGGA/GGAG/GAGG;rbs_spacer=11-12bp;gc_cont=0.558
NZ_ABFH02000001.1:423132-425987|+   -            952 1674at91347          -            714   4.5e-41  138.7  10.1   1   5   2.8e-29   2.5e-26   89.9   0.6     1   172     1   190     1   202 0.80 NZ_ABFH02000001.1_384 # 423132 # 425987 # 1 # ID=5_384;partial=00;start_type=ATG;rbs_motif=GGA/GAG/AGG;rbs_spacer=3-4bp;gc_cont=0.567
NZ_ABFH02000001.1:423132-425987|+   -            952 1674at91347          -            714   4.5e-41  138.7  10.1   2   5   6.2e-06    0.0057   12.7   0.0   232   335   216   312   209   333 0.83 NZ_ABFH02000001.1_384 # 423132 # 425987 # 1 # ID=5_384;partial=00;start_type=ATG;rbs_motif=GGA/GAG/AGG;rbs_spacer=3-4bp;gc_cont=0.567
NZ_ABFH02000001.1:423132-425987|+   -            952 1674at91347          -            714   4.5e-41  138.7  10.1   3   5     1e-08   9.2e-06   22.0   0.8   354   423   420   485   407   526 0.82 NZ_ABFH02000001.1_384 # 423132 # 425987 # 1 # ID=5_384;partial=00;start_type=ATG;rbs_motif=GGA/GAG/AGG;rbs_spacer=3-4bp;gc_cont=0.567
NZ_ABFH02000001.1:423132-425987|+   -            952 1674at91347          -            714   4.5e-41  138.7  10.1   4   5    0.0025       2.3    4.2   0.1   532   549   553   570   540   573 0.89 NZ_ABFH02000001.1_384 # 423132 # 425987 # 1 # ID=5_384;partial=00;start_type=ATG;rbs_motif=GGA/GAG/AGG;rbs_spacer=3-4bp;gc_cont=0.567
NZ_ABFH02000001.1:423132-425987|+   -            952 1674at91347          -            714   4.5e-41  138.7  10.1   5   5   3.3e-05      0.03   10.4   0.0   548   590   606   648   582   659 0.89 NZ_ABFH02000001.1_384 # 423132 # 425987 # 1 # ID=5_384;partial=00;start_type=ATG;rbs_motif=GGA/GAG/AGG;rbs_spacer=3-4bp;gc_cont=0.567
NZ_ABFH02000001.1:242386-245220|-   -            945 1674at91347          -            714   2.6e-23   80.0   0.5   1   5   5.4e-10     5e-07   26.2   0.0    15   170    30   200    23   225 0.77 NZ_ABFH02000001.1_212 # 242386 # 245220 # -1 # ID=5_212;partial=00;start_type=ATG;rbs_motif=GGA/GAG/AGG;rbs_spacer=5-10bp;gc_cont=0.547
NZ_ABFH02000001.1:242386-245220|-   -            945 1674at91347          -            714   2.6e-23   80.0   0.5   2   5     0.006       5.5    2.9   0.0   275   321   307   354   291   375 0.86 NZ_ABFH02000001.1_212 # 242386 # 245220 # -1 # ID=5_212;partial=00;start_type=ATG;rbs_motif=GGA/GAG/AGG;rbs_spacer=5-10bp;gc_cont=0.547
NZ_ABFH02000001.1:242386-245220|-   -            945 1674at91347          -            714   2.6e-23   80.0   0.5   3   5     2e-05     0.018   11.1   0.2   169   210   400   443   371   453 0.75 NZ_ABFH02000001.1_212 # 242386 # 245220 # -1 # ID=5_212;partial=00;start_type=ATG;rbs_motif=GGA/GAG/AGG;rbs_spacer=5-10bp;gc_cont=0.547
NZ_ABFH02000001.1:242386-245220|-   -            945 1674at91347          -            714   2.6e-23   80.0   0.5   4   5   1.4e-07   0.00013   18.2   0.4   336   410   438   514   433   528 0.74 NZ_ABFH02000001.1_212 # 242386 # 245220 # -1 # ID=5_212;partial=00;start_type=ATG;rbs_motif=GGA/GAG/AGG;rbs_spacer=5-10bp;gc_cont=0.547
NZ_ABFH02000001.1:242386-245220|-   -            945 1674at91347          -            714   2.6e-23   80.0   0.5   5   5   1.1e-06     0.001   15.2   0.0   532   561   603   632   560   648 0.78 NZ_ABFH02000001.1_212 # 242386 # 245220 # -1 # ID=5_212;partial=00;start_type=ATG;rbs_motif=GGA/GAG/AGG;rbs_spacer=5-10bp;gc_cont=0.547
NZ_ABFH02000001.1:2869379-2871412|- -            678 1674at91347          -            714   2.1e-12   43.9   0.1   1   3   3.2e-13   2.9e-10   36.9   0.0    32   180     6   151     2   157 0.85 NZ_ABFH02000001.1_2622 # 2869379 # 2871412 # -1 # ID=5_2622;partial=00;start_type=ATG;rbs_motif=AGxAG;rbs_spacer=11-12bp;gc_cont=0.550
NZ_ABFH02000001.1:2869379-2871412|- -            678 1674at91347          -            714   2.1e-12   43.9   0.1   2   3      0.48   4.4e+02   -3.4   0.0   341   370   214   244   210   246 0.76 NZ_ABFH02000001.1_2622 # 2869379 # 2871412 # -1 # ID=5_2622;partial=00;start_type=ATG;rbs_motif=AGxAG;rbs_spacer=11-12bp;gc_cont=0.550
NZ_ABFH02000001.1:2869379-2871412|- -            678 1674at91347          -            714   2.1e-12   43.9   0.1   3   3     0.002       1.8    4.5   0.0   532   560   332   360   319   458 0.83 NZ_ABFH02000001.1_2622 # 2869379 # 2871412 # -1 # ID=5_2622;partial=00;start_type=ATG;rbs_motif=AGxAG;rbs_spacer=11-12bp;gc_cont=0.550
NZ_ABFH02000002.1:1533750-1535135|- -            462 1674at91347          -            714   2.1e-07   27.4   0.9   1   2   0.00044      0.41    6.6   0.2    47    70    36    59    19    65 0.91 NZ_ABFH02000002.1_1528 # 1533750 # 1535135 # -1 # ID=4_1528;partial=00;start_type=ATG;rbs_motif=GGA/GAG/AGG;rbs_spacer=5-10bp;gc_cont=0.551
NZ_ABFH02000002.1:1533750-1535135|- -            462 1674at91347          -            714   2.1e-07   27.4   0.9   2   2   6.6e-08   6.1e-05   19.3   0.0   514   589   247   321   235   331 0.87 NZ_ABFH02000002.1_1528 # 1533750 # 1535135 # -1 # ID=4_1528;partial=00;start_type=ATG;rbs_motif=GGA/GAG/AGG;rbs_spacer=5-10bp;gc_cont=0.551
#
# Program:         hmmsearch
# Version:         3.4 (Aug 2023)
# Pipeline mode:   SEARCH
# Query file:      /Users/dizzler/Projects/School/BIOL4600-Capstone/databases/lineages/enterobacterales_odb10/hmms/1674at91347.hmm
# Target file:     /Users/dizzler/Projects/School/BIOL4600-Capstone/reports/busco-results/GCF_000171535.2_ASM17153v2_genomic.fna/prodigal_output/predicted_genes/predicted.faa
# Option settings: hmmsearch --domtblout /Users/dizzler/Projects/School/BIOL4600-Capstone/reports/busco-results/GCF_000171535.2_ASM17153v2_genomic.fna/run_enterobacterales_odb10/hmmer_output/1674at91347.out --cpu 1 /Users/dizzler/Projects/School/BIOL4600-Capstone/databases/lineages/enterobacterales_odb10/hmms/1674at91347.hmm /Users/dizzler/Projects/School/BIOL4600-Capstone/reports/busco-results/GCF_000171535.2_ASM17153v2_genomic.fna/prodigal_output/predicted_genes/predicted.faa 
# Current dir:     /Users/dizzler/Projects/School/BIOL4600-Capstone
# Date:            Wed Feb 25 22:55:06 2026
# [ok]
