#                                                                                           --- full sequence --- -------------- this domain -------------   hmm coord   ali coord   env coord
# target name                       accession   tlen query name           accession   qlen   E-value  score  bias   #  of  c-Evalue  i-Evalue  score  bias  from    to  from    to  from    to  acc description of target
#               ------------------- ---------- ----- -------------------- ---------- ----- --------- ------ ----- --- --- --------- --------- ------ ----- ----- ----- ----- ----- ----- ----- ---- ---------------------
NZ_ABFH02000002.1:94198-95970|+     -            591 19976at91347         -            505  1.2e-250  830.2   0.0   1   1  2.8e-252  3.2e-249  825.5   0.0     1   505     1   586     1   586 0.89 NZ_ABFH02000002.1_97 # 94198 # 95970 # 1 # ID=4_97;partial=00;start_type=ATG;rbs_motif=GGA/GAG/AGG;rbs_spacer=5-10bp;gc_cont=0.569
NZ_ABFH02000001.1:1980831-1982348|+ -            506 19976at91347         -            505   1.2e-38  130.9   0.1   1   2   3.4e-28   3.9e-25   86.3   0.0    13   239    63   306    56   359 0.72 NZ_ABFH02000001.1_1800 # 1980831 # 1982348 # 1 # ID=5_1800;partial=00;start_type=ATG;rbs_motif=GGAG/GAGG;rbs_spacer=5-10bp;gc_cont=0.542
NZ_ABFH02000001.1:1980831-1982348|+ -            506 19976at91347         -            505   1.2e-38  130.9   0.1   2   2   8.1e-15   9.3e-12   42.1   0.0   395   478   410   500   403   503 0.72 NZ_ABFH02000001.1_1800 # 1980831 # 1982348 # 1 # ID=5_1800;partial=00;start_type=ATG;rbs_motif=GGAG/GAGG;rbs_spacer=5-10bp;gc_cont=0.542
NZ_ABFH02000001.1:555283-556260|-   -            326 19976at91347         -            505   2.3e-22   77.1   0.1   1   2   8.8e-16     1e-12   45.3   0.0   114   276    13   183     9   204 0.81 NZ_ABFH02000001.1_508 # 555283 # 556260 # -1 # ID=5_508;partial=00;start_type=ATG;rbs_motif=GGAG/GAGG;rbs_spacer=5-10bp;gc_cont=0.536
NZ_ABFH02000001.1:555283-556260|-   -            326 19976at91347         -            505   2.3e-22   77.1   0.1   2   2   3.5e-11   4.1e-08   30.1   0.0   437   477   281   321   209   325 0.86 NZ_ABFH02000001.1_508 # 555283 # 556260 # -1 # ID=5_508;partial=00;start_type=ATG;rbs_motif=GGAG/GAGG;rbs_spacer=5-10bp;gc_cont=0.536
NZ_ABFH02000002.1:1056063-1057463|+ -            467 19976at91347         -            505   5.8e-20   69.2   0.0   1   2   6.4e-11   7.4e-08   29.3   0.0    13   246    15   285    10   296 0.65 NZ_ABFH02000002.1_1076 # 1056063 # 1057463 # 1 # ID=4_1076;partial=00;start_type=ATG;rbs_motif=GGA/GAG/AGG;rbs_spacer=5-10bp;gc_cont=0.552
NZ_ABFH02000002.1:1056063-1057463|+ -            467 19976at91347         -            505   5.8e-20   69.2   0.0   2   2   9.8e-13   1.1e-09   35.3   0.0   398   481   379   462   354   466 0.83 NZ_ABFH02000002.1_1076 # 1056063 # 1057463 # 1 # ID=4_1076;partial=00;start_type=ATG;rbs_motif=GGA/GAG/AGG;rbs_spacer=5-10bp;gc_cont=0.552
#
# Program:         hmmsearch
# Version:         3.4 (Aug 2023)
# Pipeline mode:   SEARCH
# Query file:      /Users/dizzler/Projects/School/BIOL4600-Capstone/databases/lineages/enterobacterales_odb10/hmms/19976at91347.hmm
# Target file:     /Users/dizzler/Projects/School/BIOL4600-Capstone/reports/busco-results/GCF_000171535.2_ASM17153v2_genomic.fna/prodigal_output/predicted_genes/predicted.faa
# Option settings: hmmsearch --domtblout /Users/dizzler/Projects/School/BIOL4600-Capstone/reports/busco-results/GCF_000171535.2_ASM17153v2_genomic.fna/run_enterobacterales_odb10/hmmer_output/19976at91347.out --cpu 1 /Users/dizzler/Projects/School/BIOL4600-Capstone/databases/lineages/enterobacterales_odb10/hmms/19976at91347.hmm /Users/dizzler/Projects/School/BIOL4600-Capstone/reports/busco-results/GCF_000171535.2_ASM17153v2_genomic.fna/prodigal_output/predicted_genes/predicted.faa 
# Current dir:     /Users/dizzler/Projects/School/BIOL4600-Capstone
# Date:            Wed Feb 25 22:55:06 2026
# [ok]
