#                                                                                           --- full sequence --- -------------- this domain -------------   hmm coord   ali coord   env coord
# target name                       accession   tlen query name           accession   qlen   E-value  score  bias   #  of  c-Evalue  i-Evalue  score  bias  from    to  from    to  from    to  acc description of target
#               ------------------- ---------- ----- -------------------- ---------- ----- --------- ------ ----- --- --- --------- --------- ------ ----- ----- ----- ----- ----- ----- ----- ---- ---------------------
NZ_ABFH02000001.1:2368359-2369720|+ -            454 22268at91347         -            406  4.1e-204  676.0  15.8   1   1  1.7e-206  7.1e-204  675.2  15.8     1   406     1   446     1   446 0.95 NZ_ABFH02000001.1_2174 # 2368359 # 2369720 # 1 # ID=5_2174;partial=00;start_type=ATG;rbs_motif=GGA/GAG/AGG;rbs_spacer=5-10bp;gc_cont=0.553
NZ_ABFH02000001.1:1438184-1439659|+ -            492 22268at91347         -            406   6.5e-48  161.6   2.0   1   1   2.2e-50   9.2e-48  161.1   2.0    21   267   211   477   189   490 0.80 NZ_ABFH02000001.1_1283 # 1438184 # 1439659 # 1 # ID=5_1283;partial=00;start_type=ATG;rbs_motif=4Base/6BMM;rbs_spacer=13-15bp;gc_cont=0.549
NZ_ABFH02000002.1:1652228-1653337|+ -            370 22268at91347         -            406    0.0031   14.4   0.0   1   2   3.9e-05     0.016   12.0   0.0    85   135    33    84    26   112 0.87 NZ_ABFH02000002.1_1636 # 1652228 # 1653337 # 1 # ID=4_1636;partial=00;start_type=ATG;rbs_motif=GGA/GAG/AGG;rbs_spacer=5-10bp;gc_cont=0.588
NZ_ABFH02000002.1:1652228-1653337|+ -            370 22268at91347         -            406    0.0031   14.4   0.0   2   2      0.26   1.1e+02   -0.6   0.0   240   283   214   259   169   261 0.66 NZ_ABFH02000002.1_1636 # 1652228 # 1653337 # 1 # ID=4_1636;partial=00;start_type=ATG;rbs_motif=GGA/GAG/AGG;rbs_spacer=5-10bp;gc_cont=0.588
NZ_ABFH02000001.1:1449039-1449752|+ -            238 22268at91347         -            406    0.0044   13.9   0.0   1   1   1.6e-05    0.0068   13.3   0.0    83   116    18    51     9    68 0.93 NZ_ABFH02000001.1_1293 # 1449039 # 1449752 # 1 # ID=5_1293;partial=00;start_type=ATG;rbs_motif=GGAG/GAGG;rbs_spacer=5-10bp;gc_cont=0.598
NZ_ABFH02000001.1:2265562-2269218|- -           1219 22268at91347         -            406    0.0094   12.8   0.1   1   2     0.007       2.9    4.6   0.0    85   119   356   390   351   394 0.92 NZ_ABFH02000001.1_2069 # 2265562 # 2269218 # -1 # ID=5_2069;partial=00;start_type=ATG;rbs_motif=AGGAGG;rbs_spacer=3-4bp;gc_cont=0.588
NZ_ABFH02000001.1:2265562-2269218|- -           1219 22268at91347         -            406    0.0094   12.8   0.1   2   2    0.0031       1.3    5.8   0.0    85   117   983  1015   978  1019 0.88 NZ_ABFH02000001.1_2069 # 2265562 # 2269218 # -1 # ID=5_2069;partial=00;start_type=ATG;rbs_motif=AGGAGG;rbs_spacer=3-4bp;gc_cont=0.588
NZ_ABFH02000002.1:1222710-1224446|+ -            579 22268at91347         -            406     0.011   12.7   0.3   1   2    0.0049       2.1    5.1   0.0    90   122    27    59    21    62 0.83 NZ_ABFH02000002.1_1223 # 1222710 # 1224446 # 1 # ID=4_1223;partial=00;start_type=ATG;rbs_motif=GGAG/GAGG;rbs_spacer=5-10bp;gc_cont=0.558
NZ_ABFH02000002.1:1222710-1224446|+ -            579 22268at91347         -            406     0.011   12.7   0.3   2   2    0.0039       1.6    5.4   0.1    85   134   344   394   323   413 0.78 NZ_ABFH02000002.1_1223 # 1222710 # 1224446 # 1 # ID=4_1223;partial=00;start_type=ATG;rbs_motif=GGAG/GAGG;rbs_spacer=5-10bp;gc_cont=0.558
NZ_ABFH02000001.1:2229633-2230835|- -            401 22268at91347         -            406     0.012   12.5   0.1   1   1   4.8e-05      0.02   11.7   0.1    86   136    44    95    23   114 0.83 NZ_ABFH02000001.1_2033 # 2229633 # 2230835 # -1 # ID=5_2033;partial=00;start_type=ATG;rbs_motif=4Base/6BMM;rbs_spacer=13-15bp;gc_cont=0.503
NZ_ABFH02000002.1:180176-180988|-   -            271 22268at91347         -            406     0.016   12.1   0.6   1   2   5.3e-05     0.022   11.6   0.2    97   133     4    41     1    85 0.87 NZ_ABFH02000002.1_188 # 180176 # 180988 # -1 # ID=4_188;partial=00;start_type=ATG;rbs_motif=AGGA;rbs_spacer=5-10bp;gc_cont=0.512
NZ_ABFH02000002.1:180176-180988|-   -            271 22268at91347         -            406     0.016   12.1   0.6   2   2       2.2   9.3e+02   -3.6   0.0   263   283   182   203   170   206 0.72 NZ_ABFH02000002.1_188 # 180176 # 180988 # -1 # ID=4_188;partial=00;start_type=ATG;rbs_motif=AGGA;rbs_spacer=5-10bp;gc_cont=0.512
NZ_ABFH02000001.1:3015433-3016248|+ -            272 22268at91347         -            406     0.033   11.0   0.0   1   2    0.0018      0.77    6.5   0.0    86   125    17    56    14    64 0.88 NZ_ABFH02000001.1_2756 # 3015433 # 3016248 # 1 # ID=5_2756;partial=00;start_type=ATG;rbs_motif=AGGA;rbs_spacer=5-10bp;gc_cont=0.529
NZ_ABFH02000001.1:3015433-3016248|+ -            272 22268at91347         -            406     0.033   11.0   0.0   2   2     0.035        15    2.3   0.0   101   133   164   196   113   209 0.83 NZ_ABFH02000001.1_2756 # 3015433 # 3016248 # 1 # ID=5_2756;partial=00;start_type=ATG;rbs_motif=AGGA;rbs_spacer=5-10bp;gc_cont=0.529
NZ_ABFH02000001.1:1448270-1449037|+ -            256 22268at91347         -            406     0.043   10.7   0.0   1   1   0.00015     0.062   10.1   0.0    85   121    20    56    13    64 0.89 NZ_ABFH02000001.1_1292 # 1448270 # 1449037 # 1 # ID=5_1292;partial=00;start_type=ATG;rbs_motif=AGGAG;rbs_spacer=5-10bp;gc_cont=0.574
NZ_ABFH02000001.1:2862242-2863189|+ -            316 22268at91347         -            406     0.055   10.3   0.0   1   1   0.00021     0.087    9.7   0.0    84   122    15    53    12    65 0.91 NZ_ABFH02000001.1_2613 # 2862242 # 2863189 # 1 # ID=5_2613;partial=00;start_type=ATG;rbs_motif=GGAG/GAGG;rbs_spacer=5-10bp;gc_cont=0.576
#
# Program:         hmmsearch
# Version:         3.4 (Aug 2023)
# Pipeline mode:   SEARCH
# Query file:      /Users/dizzler/Projects/School/BIOL4600-Capstone/busco_downloads/lineages/enterobacterales_odb10/hmms/22268at91347.hmm
# Target file:     reports/busco-results/GCF_000171535.2_ASM17153v2_genomic.fna/prodigal_output/predicted_genes/predicted.faa
# Option settings: hmmsearch --domtblout reports/busco-results/GCF_000171535.2_ASM17153v2_genomic.fna/run_enterobacterales_odb10/hmmer_output/22268at91347.out --cpu 1 /Users/dizzler/Projects/School/BIOL4600-Capstone/busco_downloads/lineages/enterobacterales_odb10/hmms/22268at91347.hmm reports/busco-results/GCF_000171535.2_ASM17153v2_genomic.fna/prodigal_output/predicted_genes/predicted.faa 
# Current dir:     /Users/dizzler/Projects/School/BIOL4600-Capstone
# Date:            Sat Feb 21 23:27:35 2026
# [ok]
