#                                                                                           --- full sequence --- -------------- this domain -------------   hmm coord   ali coord   env coord
# target name                       accession   tlen query name           accession   qlen   E-value  score  bias   #  of  c-Evalue  i-Evalue  score  bias  from    to  from    to  from    to  acc description of target
#               ------------------- ---------- ----- -------------------- ---------- ----- --------- ------ ----- --- --- --------- --------- ------ ----- ----- ----- ----- ----- ----- ----- ---- ---------------------
NZ_ABFH02000001.1:137737-140442|-   -            902 3734at91347          -            766         0 1441.5  14.7   1   3         0         0 1260.1   2.5     1   641     1   685     1   692 0.95 NZ_ABFH02000001.1_124 # 137737 # 140442 # -1 # ID=5_124;partial=00;start_type=ATG;rbs_motif=GGA/GAG/AGG;rbs_spacer=5-10bp;gc_cont=0.536
NZ_ABFH02000001.1:137737-140442|-   -            902 3734at91347          -            766         0 1441.5  14.7   2   3   9.9e-50   9.1e-47  157.7   2.8   621   740   692   833   671   844 0.82 NZ_ABFH02000001.1_124 # 137737 # 140442 # -1 # ID=5_124;partial=00;start_type=ATG;rbs_motif=GGA/GAG/AGG;rbs_spacer=5-10bp;gc_cont=0.536
NZ_ABFH02000001.1:137737-140442|-   -            902 3734at91347          -            766         0 1441.5  14.7   3   3   4.6e-11   4.2e-08   29.9   0.1   732   766   866   900   838   900 0.78 NZ_ABFH02000001.1_124 # 137737 # 140442 # -1 # ID=5_124;partial=00;start_type=ATG;rbs_motif=GGA/GAG/AGG;rbs_spacer=5-10bp;gc_cont=0.536
NZ_ABFH02000002.1:58722-59387|+     -            222 3734at91347          -            766   1.8e-05   21.2   0.2   1   1   2.6e-08   2.4e-05   20.8   0.2   741   763   197   219   189   221 0.88 NZ_ABFH02000002.1_61 # 58722 # 59387 # 1 # ID=4_61;partial=00;start_type=ATG;rbs_motif=GGAG/GAGG;rbs_spacer=5-10bp;gc_cont=0.533
NZ_ABFH02000002.1:242429-242887|-   -            153 3734at91347          -            766   2.4e-05   20.8   4.4   1   2    0.0069       6.3    2.8   0.4   749   766     3    20     1    20 0.91 NZ_ABFH02000002.1_245 # 242429 # 242887 # -1 # ID=4_245;partial=00;start_type=GTG;rbs_motif=GGAG/GAGG;rbs_spacer=5-10bp;gc_cont=0.488
NZ_ABFH02000002.1:242429-242887|-   -            153 3734at91347          -            766   2.4e-05   20.8   4.4   2   2   5.3e-08   4.9e-05   19.8   0.4   743   765   130   152   121   152 0.89 NZ_ABFH02000002.1_245 # 242429 # 242887 # -1 # ID=4_245;partial=00;start_type=GTG;rbs_motif=GGAG/GAGG;rbs_spacer=5-10bp;gc_cont=0.488
NZ_ABFH02000001.1:958805-960100|-   -            432 3734at91347          -            766   0.00021   17.7   0.2   1   1     3e-07   0.00028   17.3   0.2   741   765   406   430   386   431 0.83 NZ_ABFH02000001.1_855 # 958805 # 960100 # -1 # ID=5_855;partial=00;start_type=ATG;rbs_motif=GGAG/GAGG;rbs_spacer=5-10bp;gc_cont=0.544
NZ_ABFH02000001.1:1234880-1236961|- -            694 3734at91347          -            766   0.00023   17.5   0.0   1   1   3.9e-07   0.00036   16.9   0.0    94   158   298   362   288   372 0.88 NZ_ABFH02000001.1_1107 # 1234880 # 1236961 # -1 # ID=5_1107;partial=00;start_type=ATG;rbs_motif=GGA/GAG/AGG;rbs_spacer=5-10bp;gc_cont=0.581
#
# Program:         hmmsearch
# Version:         3.4 (Aug 2023)
# Pipeline mode:   SEARCH
# Query file:      /Users/dizzler/Projects/School/BIOL4600-Capstone/databases/lineages/enterobacterales_odb10/hmms/3734at91347.hmm
# Target file:     /Users/dizzler/Projects/School/BIOL4600-Capstone/reports/busco-results/GCF_000171535.2_ASM17153v2_genomic.fna/prodigal_output/predicted_genes/predicted.faa
# Option settings: hmmsearch --domtblout /Users/dizzler/Projects/School/BIOL4600-Capstone/reports/busco-results/GCF_000171535.2_ASM17153v2_genomic.fna/run_enterobacterales_odb10/hmmer_output/3734at91347.out --cpu 1 /Users/dizzler/Projects/School/BIOL4600-Capstone/databases/lineages/enterobacterales_odb10/hmms/3734at91347.hmm /Users/dizzler/Projects/School/BIOL4600-Capstone/reports/busco-results/GCF_000171535.2_ASM17153v2_genomic.fna/prodigal_output/predicted_genes/predicted.faa 
# Current dir:     /Users/dizzler/Projects/School/BIOL4600-Capstone
# Date:            Wed Feb 25 22:55:07 2026
# [ok]
