#                                                                                           --- full sequence --- -------------- this domain -------------   hmm coord   ali coord   env coord
# target name                       accession   tlen query name           accession   qlen   E-value  score  bias   #  of  c-Evalue  i-Evalue  score  bias  from    to  from    to  from    to  acc description of target
#               ------------------- ---------- ----- -------------------- ---------- ----- --------- ------ ----- --- --- --------- --------- ------ ----- ----- ----- ----- ----- ----- ----- ---- ---------------------
NZ_ABFH02000001.1:242386-245220|-   -            945 5062at91347          -            785         0 1254.0   0.0   1   3  1.5e-113  1.3e-110  368.5   0.0     1   203     1   213     1   219 0.97 NZ_ABFH02000001.1_212 # 242386 # 245220 # -1 # ID=5_212;partial=00;start_type=ATG;rbs_motif=GGA/GAG/AGG;rbs_spacer=5-10bp;gc_cont=0.547
NZ_ABFH02000001.1:242386-245220|-   -            945 5062at91347          -            785         0 1254.0   0.0   2   3  1.1e-261  9.9e-259  858.4   0.0   203   750   235   857   231   876 0.89 NZ_ABFH02000001.1_212 # 242386 # 245220 # -1 # ID=5_212;partial=00;start_type=ATG;rbs_motif=GGA/GAG/AGG;rbs_spacer=5-10bp;gc_cont=0.547
NZ_ABFH02000001.1:242386-245220|-   -            945 5062at91347          -            785         0 1254.0   0.0   3   3   4.9e-09   4.5e-06   22.8   0.2   753   785   903   943   886   943 0.80 NZ_ABFH02000001.1_212 # 242386 # 245220 # -1 # ID=5_212;partial=00;start_type=ATG;rbs_motif=GGA/GAG/AGG;rbs_spacer=5-10bp;gc_cont=0.547
NZ_ABFH02000001.1:423132-425987|+   -            952 5062at91347          -            785   9.1e-50  167.4   1.7   1   2   7.2e-44   6.6e-41  138.0   1.9    41   537    29   570     8   574 0.73 NZ_ABFH02000001.1_384 # 423132 # 425987 # 1 # ID=5_384;partial=00;start_type=ATG;rbs_motif=GGA/GAG/AGG;rbs_spacer=3-4bp;gc_cont=0.567
NZ_ABFH02000001.1:423132-425987|+   -            952 5062at91347          -            785   9.1e-50  167.4   1.7   2   2   8.2e-09   7.6e-06   22.1   0.0   536   679   606   766   582   779 0.77 NZ_ABFH02000001.1_384 # 423132 # 425987 # 1 # ID=5_384;partial=00;start_type=ATG;rbs_motif=GGA/GAG/AGG;rbs_spacer=3-4bp;gc_cont=0.567
NZ_ABFH02000002.1:1425679-1428261|+ -            861 5062at91347          -            785   3.2e-34  115.9   4.6   1   6   1.1e-18     1e-15   54.7   0.0    42   190    30   171    10   174 0.87 NZ_ABFH02000002.1_1421 # 1425679 # 1428261 # 1 # ID=4_1421;partial=00;start_type=ATG;rbs_motif=AGGA/GGAG/GAGG;rbs_spacer=11-12bp;gc_cont=0.558
NZ_ABFH02000002.1:1425679-1428261|+ -            861 5062at91347          -            785   3.2e-34  115.9   4.6   2   6   0.00027      0.25    7.2   1.0   345   367   175   197   172   226 0.80 NZ_ABFH02000002.1_1421 # 1425679 # 1428261 # 1 # ID=4_1421;partial=00;start_type=ATG;rbs_motif=AGGA/GGAG/GAGG;rbs_spacer=11-12bp;gc_cont=0.558
NZ_ABFH02000002.1:1425679-1428261|+ -            861 5062at91347          -            785   3.2e-34  115.9   4.6   3   6   1.5e-07   0.00013   18.0   0.0   255   301   310   359   267   373 0.87 NZ_ABFH02000002.1_1421 # 1425679 # 1428261 # 1 # ID=4_1421;partial=00;start_type=ATG;rbs_motif=AGGA/GGAG/GAGG;rbs_spacer=11-12bp;gc_cont=0.558
NZ_ABFH02000002.1:1425679-1428261|+ -            861 5062at91347          -            785   3.2e-34  115.9   4.6   4   6   4.1e-06    0.0037   13.2   0.0   397   417   417   437   406   505 0.79 NZ_ABFH02000002.1_1421 # 1425679 # 1428261 # 1 # ID=4_1421;partial=00;start_type=ATG;rbs_motif=AGGA/GGAG/GAGG;rbs_spacer=11-12bp;gc_cont=0.558
NZ_ABFH02000002.1:1425679-1428261|+ -            861 5062at91347          -            785   3.2e-34  115.9   4.6   5   6   6.7e-08   6.1e-05   19.1   0.0   519   550   617   648   574   676 0.85 NZ_ABFH02000002.1_1421 # 1425679 # 1428261 # 1 # ID=4_1421;partial=00;start_type=ATG;rbs_motif=AGGA/GGAG/GAGG;rbs_spacer=11-12bp;gc_cont=0.558
NZ_ABFH02000002.1:1425679-1428261|+ -            861 5062at91347          -            785   3.2e-34  115.9   4.6   6   6      0.56   5.1e+02   -3.8   0.0   654   680   752   778   741   782 0.84 NZ_ABFH02000002.1_1421 # 1425679 # 1428261 # 1 # ID=4_1421;partial=00;start_type=ATG;rbs_motif=AGGA/GGAG/GAGG;rbs_spacer=11-12bp;gc_cont=0.558
NZ_ABFH02000001.1:2869379-2871412|- -            678 5062at91347          -            785   2.2e-15   53.7   0.1   1   2   2.6e-14   2.4e-11   40.3   0.0    51   108    12    69     2    85 0.88 NZ_ABFH02000001.1_2622 # 2869379 # 2871412 # -1 # ID=5_2622;partial=00;start_type=ATG;rbs_motif=AGxAG;rbs_spacer=11-12bp;gc_cont=0.550
NZ_ABFH02000001.1:2869379-2871412|- -            678 5062at91347          -            785   2.2e-15   53.7   0.1   2   2   1.6e-05     0.015   11.2   0.0   507   551   320   363   300   403 0.73 NZ_ABFH02000001.1_2622 # 2869379 # 2871412 # -1 # ID=5_2622;partial=00;start_type=ATG;rbs_motif=AGxAG;rbs_spacer=11-12bp;gc_cont=0.550
NZ_ABFH02000002.1:1533750-1535135|- -            462 5062at91347          -            785   2.5e-09   33.6   0.1   1   2     0.013        12    1.6   0.1    60   146    36   115    22   144 0.66 NZ_ABFH02000002.1_1528 # 1533750 # 1535135 # -1 # ID=4_1528;partial=00;start_type=ATG;rbs_motif=GGA/GAG/AGG;rbs_spacer=5-10bp;gc_cont=0.551
NZ_ABFH02000002.1:1533750-1535135|- -            462 5062at91347          -            785   2.5e-09   33.6   0.1   2   2   3.6e-11   3.3e-08   29.9   0.0   505   578   250   323   219   326 0.84 NZ_ABFH02000002.1_1528 # 1533750 # 1535135 # -1 # ID=4_1528;partial=00;start_type=ATG;rbs_motif=GGA/GAG/AGG;rbs_spacer=5-10bp;gc_cont=0.551
#
# Program:         hmmsearch
# Version:         3.4 (Aug 2023)
# Pipeline mode:   SEARCH
# Query file:      /Users/dizzler/Projects/School/BIOL4600-Capstone/databases/lineages/enterobacterales_odb10/hmms/5062at91347.hmm
# Target file:     /Users/dizzler/Projects/School/BIOL4600-Capstone/reports/busco-results/GCF_000171535.2_ASM17153v2_genomic.fna/prodigal_output/predicted_genes/predicted.faa
# Option settings: hmmsearch --domtblout /Users/dizzler/Projects/School/BIOL4600-Capstone/reports/busco-results/GCF_000171535.2_ASM17153v2_genomic.fna/run_enterobacterales_odb10/hmmer_output/5062at91347.out --cpu 1 /Users/dizzler/Projects/School/BIOL4600-Capstone/databases/lineages/enterobacterales_odb10/hmms/5062at91347.hmm /Users/dizzler/Projects/School/BIOL4600-Capstone/reports/busco-results/GCF_000171535.2_ASM17153v2_genomic.fna/prodigal_output/predicted_genes/predicted.faa 
# Current dir:     /Users/dizzler/Projects/School/BIOL4600-Capstone
# Date:            Wed Feb 25 22:55:07 2026
# [ok]
