#                                                                                           --- full sequence --- -------------- this domain -------------   hmm coord   ali coord   env coord
# target name                       accession   tlen query name           accession   qlen   E-value  score  bias   #  of  c-Evalue  i-Evalue  score  bias  from    to  from    to  from    to  acc description of target
#               ------------------- ---------- ----- -------------------- ---------- ----- --------- ------ ----- --- --- --------- --------- ------ ----- ----- ----- ----- ----- ----- ----- ---- ---------------------
NZ_ABFH02000002.1:105622-106941|+   -            440 52475at91347         -            327  6.4e-162  536.4   0.2   1   3   8.1e-10   5.3e-07   27.2   0.0     1    42     1    44     1    67 0.78 NZ_ABFH02000002.1_109 # 105622 # 106941 # 1 # ID=4_109;partial=00;start_type=GTG;rbs_motif=GGAG/GAGG;rbs_spacer=5-10bp;gc_cont=0.548
NZ_ABFH02000002.1:105622-106941|+   -            440 52475at91347         -            327  6.4e-162  536.4   0.2   2   3     4e-18   2.7e-15   54.5   0.1    35    96    96   168    91   186 0.83 NZ_ABFH02000002.1_109 # 105622 # 106941 # 1 # ID=4_109;partial=00;start_type=GTG;rbs_motif=GGAG/GAGG;rbs_spacer=5-10bp;gc_cont=0.548
NZ_ABFH02000002.1:105622-106941|+   -            440 52475at91347         -            327  6.4e-162  536.4   0.2   3   3  5.8e-139  3.8e-136  451.7   0.0    90   327   189   430   168   430 0.95 NZ_ABFH02000002.1_109 # 105622 # 106941 # 1 # ID=4_109;partial=00;start_type=GTG;rbs_motif=GGAG/GAGG;rbs_spacer=5-10bp;gc_cont=0.548
NZ_ABFH02000001.1:2119243-2120376|+ -            378 52475at91347         -            327   1.6e-20   71.7   0.2   1   1   4.3e-23   2.8e-20   70.9   0.2   213   307   278   372   275   376 0.94 NZ_ABFH02000001.1_1920 # 2119243 # 2120376 # 1 # ID=5_1920;partial=00;start_type=ATG;rbs_motif=GGxGG;rbs_spacer=3-4bp;gc_cont=0.520
NZ_ABFH02000001.1:1983234-1983992|+ -            253 52475at91347         -            327   1.6e-20   71.7   0.2   1   1   4.7e-23   3.1e-20   70.8   0.2   213   307   147   241   136   248 0.92 NZ_ABFH02000001.1_1802 # 1983234 # 1983992 # 1 # ID=5_1802;partial=00;start_type=ATG;rbs_motif=GGA/GAG/AGG;rbs_spacer=5-10bp;gc_cont=0.538
NZ_ABFH02000001.1:1273443-1274726|- -            428 52475at91347         -            327   7.2e-13   46.5   0.1   1   2       0.9   5.9e+02   -2.5   1.8    66   153   152   239   120   263 0.63 NZ_ABFH02000001.1_1146 # 1273443 # 1274726 # -1 # ID=5_1146;partial=00;start_type=ATG;rbs_motif=3Base/5BMM;rbs_spacer=13-15bp;gc_cont=0.591
NZ_ABFH02000001.1:1273443-1274726|- -            428 52475at91347         -            327   7.2e-13   46.5   0.1   2   2   1.1e-15   7.2e-13   46.5   0.1   214   306   330   422   326   424 0.94 NZ_ABFH02000001.1_1146 # 1273443 # 1274726 # -1 # ID=5_1146;partial=00;start_type=ATG;rbs_motif=3Base/5BMM;rbs_spacer=13-15bp;gc_cont=0.591
NZ_ABFH02000002.1:1826974-1828194|+ -            407 52475at91347         -            327    0.0031   14.9   0.0   1   1     8e-06    0.0053   14.1   0.0    35   139   295   401   284   405 0.74 NZ_ABFH02000002.1_1808 # 1826974 # 1828194 # 1 # ID=4_1808;partial=00;start_type=ATG;rbs_motif=GGA/GAG/AGG;rbs_spacer=5-10bp;gc_cont=0.518
NZ_ABFH02000002.1:758696-759181|-   -            162 52475at91347         -            327     0.035   11.4   1.6   1   1   6.6e-05     0.044   11.1   1.6    95   178    50   134    38   144 0.85 NZ_ABFH02000002.1_771 # 758696 # 759181 # -1 # ID=4_771;partial=00;start_type=ATG;rbs_motif=AGGA;rbs_spacer=5-10bp;gc_cont=0.496
NZ_ABFH02000001.1:1396789-1397688|- -            300 52475at91347         -            327     0.057   10.7   0.0   1   1   0.00012     0.081   10.2   0.0    93   141    16    64     6    79 0.85 NZ_ABFH02000001.1_1247 # 1396789 # 1397688 # -1 # ID=5_1247;partial=00;start_type=ATG;rbs_motif=GGA/GAG/AGG;rbs_spacer=5-10bp;gc_cont=0.539
#
# Program:         hmmsearch
# Version:         3.4 (Aug 2023)
# Pipeline mode:   SEARCH
# Query file:      /Users/dizzler/Projects/School/BIOL4600-Capstone/databases/lineages/enterobacterales_odb10/hmms/52475at91347.hmm
# Target file:     /Users/dizzler/Projects/School/BIOL4600-Capstone/reports/busco-results/GCF_000171535.2_ASM17153v2_genomic.fna/prodigal_output/predicted_genes/predicted.faa
# Option settings: hmmsearch --domtblout /Users/dizzler/Projects/School/BIOL4600-Capstone/reports/busco-results/GCF_000171535.2_ASM17153v2_genomic.fna/run_enterobacterales_odb10/hmmer_output/52475at91347.out --cpu 1 /Users/dizzler/Projects/School/BIOL4600-Capstone/databases/lineages/enterobacterales_odb10/hmms/52475at91347.hmm /Users/dizzler/Projects/School/BIOL4600-Capstone/reports/busco-results/GCF_000171535.2_ASM17153v2_genomic.fna/prodigal_output/predicted_genes/predicted.faa 
# Current dir:     /Users/dizzler/Projects/School/BIOL4600-Capstone
# Date:            Wed Feb 25 22:55:07 2026
# [ok]
