#                                                                                           --- full sequence --- -------------- this domain -------------   hmm coord   ali coord   env coord
# target name                       accession   tlen query name           accession   qlen   E-value  score  bias   #  of  c-Evalue  i-Evalue  score  bias  from    to  from    to  from    to  acc description of target
#               ------------------- ---------- ----- -------------------- ---------- ----- --------- ------ ----- --- --- --------- --------- ------ ----- ----- ----- ----- ----- ----- ----- ---- ---------------------
NZ_ABFH02000001.1:22005-22793|-     -            263 53337at91347         -            235  2.4e-135  447.3   5.2   1   1  3.7e-138  2.8e-135  447.0   5.2     1   225     6   240     6   255 0.97 NZ_ABFH02000001.1_22 # 22005 # 22793 # -1 # ID=5_22;partial=00;start_type=GTG;rbs_motif=GGAGG;rbs_spacer=5-10bp;gc_cont=0.534
NZ_ABFH02000001.1:23358-24383|-     -            342 53337at91347         -            235   1.6e-14   51.8  17.5   1   2     0.033        25    2.1   0.1    14    38   104   128    96   134 0.65 NZ_ABFH02000001.1_24 # 23358 # 24383 # -1 # ID=5_24;partial=00;start_type=ATG;rbs_motif=GGA/GAG/AGG;rbs_spacer=11-12bp;gc_cont=0.518
NZ_ABFH02000001.1:23358-24383|-     -            342 53337at91347         -            235   1.6e-14   51.8  17.5   2   2   7.8e-17     6e-14   49.9  16.6    12   171   132   295   116   313 0.84 NZ_ABFH02000001.1_24 # 23358 # 24383 # -1 # ID=5_24;partial=00;start_type=ATG;rbs_motif=GGA/GAG/AGG;rbs_spacer=11-12bp;gc_cont=0.518
NZ_ABFH02000002.1:1606407-1606958|+ -            184 53337at91347         -            235   2.8e-05   21.6   2.2   1   1   6.1e-08   4.7e-05   20.8   2.2   102   183    97   178    85   181 0.80 NZ_ABFH02000002.1_1594 # 1606407 # 1606958 # 1 # ID=4_1594;partial=00;start_type=ATG;rbs_motif=GGAG/GAGG;rbs_spacer=5-10bp;gc_cont=0.489
NZ_ABFH02000001.1:39695-40519|+     -            275 53337at91347         -            235    0.0046   14.3   2.4   1   2   0.00025      0.19    9.0   2.3     2    95   110   203   104   206 0.74 NZ_ABFH02000001.1_37 # 39695 # 40519 # 1 # ID=5_37;partial=00;start_type=ATG;rbs_motif=GGA/GAG/AGG;rbs_spacer=5-10bp;gc_cont=0.536
NZ_ABFH02000001.1:39695-40519|+     -            275 53337at91347         -            235    0.0046   14.3   2.4   2   2   0.00036      0.27    8.5   0.2    12    55   174   217   166   227 0.88 NZ_ABFH02000001.1_37 # 39695 # 40519 # 1 # ID=5_37;partial=00;start_type=ATG;rbs_motif=GGA/GAG/AGG;rbs_spacer=5-10bp;gc_cont=0.536
NZ_ABFH02000001.1:1597896-1598450|- -            185 53337at91347         -            235    0.0092   13.3   3.6   1   1   3.2e-05     0.025   11.9   3.6    27   153    14   134    13   149 0.67 NZ_ABFH02000001.1_1445 # 1597896 # 1598450 # -1 # ID=5_1445;partial=00;start_type=ATG;rbs_motif=GGAG/GAGG;rbs_spacer=5-10bp;gc_cont=0.510
NZ_ABFH02000001.1:1278904-1279725|+ -            274 53337at91347         -            235     0.071   10.4   2.5   1   1   0.00022      0.17    9.2   2.5   112   186   169   245   127   248 0.71 NZ_ABFH02000001.1_1152 # 1278904 # 1279725 # 1 # ID=5_1152;partial=00;start_type=ATG;rbs_motif=GGAG/GAGG;rbs_spacer=5-10bp;gc_cont=0.557
#
# Program:         hmmsearch
# Version:         3.4 (Aug 2023)
# Pipeline mode:   SEARCH
# Query file:      /Users/dizzler/Projects/School/BIOL4600-Capstone/databases/lineages/enterobacterales_odb10/hmms/53337at91347.hmm
# Target file:     /Users/dizzler/Projects/School/BIOL4600-Capstone/reports/busco-results/GCF_000171535.2_ASM17153v2_genomic.fna/prodigal_output/predicted_genes/predicted.faa
# Option settings: hmmsearch --domtblout /Users/dizzler/Projects/School/BIOL4600-Capstone/reports/busco-results/GCF_000171535.2_ASM17153v2_genomic.fna/run_enterobacterales_odb10/hmmer_output/53337at91347.out --cpu 1 /Users/dizzler/Projects/School/BIOL4600-Capstone/databases/lineages/enterobacterales_odb10/hmms/53337at91347.hmm /Users/dizzler/Projects/School/BIOL4600-Capstone/reports/busco-results/GCF_000171535.2_ASM17153v2_genomic.fna/prodigal_output/predicted_genes/predicted.faa 
# Current dir:     /Users/dizzler/Projects/School/BIOL4600-Capstone
# Date:            Wed Feb 25 22:55:07 2026
# [ok]
