#                                                                                           --- full sequence --- -------------- this domain -------------   hmm coord   ali coord   env coord
# target name                       accession   tlen query name           accession   qlen   E-value  score  bias   #  of  c-Evalue  i-Evalue  score  bias  from    to  from    to  from    to  acc description of target
#               ------------------- ---------- ----- -------------------- ---------- ----- --------- ------ ----- --- --- --------- --------- ------ ----- ----- ----- ----- ----- ----- ----- ---- ---------------------
NZ_ABFH02000001.1:1532992-1533669|+ -            226 58196at91347         -            205  4.7e-111  367.1   0.1   1   1    7e-114  5.4e-111  366.9   0.1     1   205     1   217     1   217 0.96 NZ_ABFH02000001.1_1362 # 1532992 # 1533669 # 1 # ID=5_1362;partial=00;start_type=ATG;rbs_motif=AGGAG;rbs_spacer=5-10bp;gc_cont=0.538
NZ_ABFH02000002.1:392121-392753|-   -            211 58196at91347         -            205   3.1e-28   96.7   0.0   1   1   4.4e-31   3.4e-28   96.5   0.0     5   196     2   197     1   209 0.86 NZ_ABFH02000002.1_388 # 392121 # 392753 # -1 # ID=4_388;partial=00;start_type=ATG;rbs_motif=GGAGG;rbs_spacer=5-10bp;gc_cont=0.570
NZ_ABFH02000001.1:846730-847494|-   -            255 58196at91347         -            205   1.8e-24   84.3   0.0   1   1   3.1e-27   2.4e-24   83.9   0.0    27   205    46   236    18   236 0.86 NZ_ABFH02000001.1_749 # 846730 # 847494 # -1 # ID=5_749;partial=00;start_type=ATG;rbs_motif=AGGAG;rbs_spacer=5-10bp;gc_cont=0.512
NZ_ABFH02000001.1:2962017-2962754|- -            246 58196at91347         -            205    0.0052   14.2   0.4   1   2   0.00013     0.097   10.1   0.1   160   200    71   112    59   115 0.84 NZ_ABFH02000001.1_2698 # 2962017 # 2962754 # -1 # ID=5_2698;partial=00;start_type=ATG;rbs_motif=GGAG/GAGG;rbs_spacer=5-10bp;gc_cont=0.585
NZ_ABFH02000001.1:2962017-2962754|- -            246 58196at91347         -            205    0.0052   14.2   0.4   2   2     0.034        26    2.2   0.0   162   202   196   237   186   240 0.85 NZ_ABFH02000001.1_2698 # 2962017 # 2962754 # -1 # ID=5_2698;partial=00;start_type=ATG;rbs_motif=GGAG/GAGG;rbs_spacer=5-10bp;gc_cont=0.585
NZ_ABFH02000001.1:128140-129033|+   -            298 58196at91347         -            205    0.0059   14.1   0.2   1   2      0.16   1.2e+02   -0.0   0.0    20    33   223   236   201   242 0.77 NZ_ABFH02000001.1_113 # 128140 # 129033 # 1 # ID=5_113;partial=00;start_type=ATG;rbs_motif=GGAG/GAGG;rbs_spacer=5-10bp;gc_cont=0.579
NZ_ABFH02000001.1:128140-129033|+   -            298 58196at91347         -            205    0.0059   14.1   0.2   2   2   5.5e-05     0.042   11.3   0.1   150   191   241   282   234   290 0.91 NZ_ABFH02000001.1_113 # 128140 # 129033 # 1 # ID=5_113;partial=00;start_type=ATG;rbs_motif=GGAG/GAGG;rbs_spacer=5-10bp;gc_cont=0.579
NZ_ABFH02000001.1:2505274-2506740|+ -            489 58196at91347         -            205      0.05   11.1   0.3   1   2      0.09        69    0.8   0.0   172   204   230   262   201   263 0.82 NZ_ABFH02000001.1_2284 # 2505274 # 2506740 # 1 # ID=5_2284;partial=00;start_type=ATG;rbs_motif=GGA/GAG/AGG;rbs_spacer=5-10bp;gc_cont=0.573
NZ_ABFH02000001.1:2505274-2506740|+ -            489 58196at91347         -            205      0.05   11.1   0.3   2   2    0.0009      0.69    7.3   0.2   151   193   320   364   305   370 0.80 NZ_ABFH02000001.1_2284 # 2505274 # 2506740 # 1 # ID=5_2284;partial=00;start_type=ATG;rbs_motif=GGA/GAG/AGG;rbs_spacer=5-10bp;gc_cont=0.573
#
# Program:         hmmsearch
# Version:         3.4 (Aug 2023)
# Pipeline mode:   SEARCH
# Query file:      /Users/dizzler/Projects/School/BIOL4600-Capstone/databases/lineages/enterobacterales_odb10/hmms/58196at91347.hmm
# Target file:     /Users/dizzler/Projects/School/BIOL4600-Capstone/reports/busco-results/GCF_000171535.2_ASM17153v2_genomic.fna/prodigal_output/predicted_genes/predicted.faa
# Option settings: hmmsearch --domtblout /Users/dizzler/Projects/School/BIOL4600-Capstone/reports/busco-results/GCF_000171535.2_ASM17153v2_genomic.fna/run_enterobacterales_odb10/hmmer_output/58196at91347.out --cpu 1 /Users/dizzler/Projects/School/BIOL4600-Capstone/databases/lineages/enterobacterales_odb10/hmms/58196at91347.hmm /Users/dizzler/Projects/School/BIOL4600-Capstone/reports/busco-results/GCF_000171535.2_ASM17153v2_genomic.fna/prodigal_output/predicted_genes/predicted.faa 
# Current dir:     /Users/dizzler/Projects/School/BIOL4600-Capstone
# Date:            Wed Feb 25 22:55:07 2026
# [ok]
