#                                                                                           --- full sequence --- -------------- this domain -------------   hmm coord   ali coord   env coord
# target name                       accession   tlen query name           accession   qlen   E-value  score  bias   #  of  c-Evalue  i-Evalue  score  bias  from    to  from    to  from    to  acc description of target
#               ------------------- ---------- ----- -------------------- ---------- ----- --------- ------ ----- --- --- --------- --------- ------ ----- ----- ----- ----- ----- ----- ----- ---- ---------------------
NZ_ABFH02000001.1:2702222-2702764|+ -            181 64963at91347         -            149   1.3e-85  282.3   0.5   1   1   1.9e-86   3.4e-84  277.7   0.5     7   144    12   158     1   180 0.92 NZ_ABFH02000001.1_2467 # 2702222 # 2702764 # 1 # ID=5_2467;partial=00;start_type=ATG;rbs_motif=GGA/GAG/AGG;rbs_spacer=5-10bp;gc_cont=0.538
NZ_ABFH02000001.1:2193043-2193585|+ -            181 64963at91347         -            149   5.5e-16   56.4   4.8   1   2     3e-18   5.5e-16   56.4   4.8    21   119    15   109     4   136 0.82 NZ_ABFH02000001.1_1998 # 2193043 # 2193585 # 1 # ID=5_1998;partial=00;start_type=ATG;rbs_motif=AGGA;rbs_spacer=5-10bp;gc_cont=0.560
NZ_ABFH02000001.1:2193043-2193585|+ -            181 64963at91347         -            149   5.5e-16   56.4   4.8   2   2       5.5     1e+03   -2.9   0.0    44    63   153   172   139   177 0.54 NZ_ABFH02000001.1_1998 # 2193043 # 2193585 # 1 # ID=5_1998;partial=00;start_type=ATG;rbs_motif=AGGA;rbs_spacer=5-10bp;gc_cont=0.560
NZ_ABFH02000001.1:2476800-2477663|+ -            288 64963at91347         -            149   1.1e-05   22.9  21.0   1   3    0.0056         1    6.8   8.5    45   101    22    68    12    73 0.76 NZ_ABFH02000001.1_2268 # 2476800 # 2477663 # 1 # ID=5_2268;partial=00;start_type=ATG;rbs_motif=None;rbs_spacer=None;gc_cont=0.601
NZ_ABFH02000001.1:2476800-2477663|+ -            288 64963at91347         -            149   1.1e-05   22.9  21.0   2   3    0.0059       1.1    6.7   0.8    83   103   191   211   180   215 0.85 NZ_ABFH02000001.1_2268 # 2476800 # 2477663 # 1 # ID=5_2268;partial=00;start_type=ATG;rbs_motif=None;rbs_spacer=None;gc_cont=0.601
NZ_ABFH02000001.1:2476800-2477663|+ -            288 64963at91347         -            149   1.1e-05   22.9  21.0   3   3   5.3e-05    0.0097   13.4   0.1    78   111   215   248   211   255 0.84 NZ_ABFH02000001.1_2268 # 2476800 # 2477663 # 1 # ID=5_2268;partial=00;start_type=ATG;rbs_motif=None;rbs_spacer=None;gc_cont=0.601
NZ_ABFH02000001.1:2837260-2838495|- -            412 64963at91347         -            149   2.9e-05   21.5   9.6   1   2    0.0048      0.89    7.0   0.5    71    97   330   356   324   370 0.78 NZ_ABFH02000001.1_2589 # 2837260 # 2838495 # -1 # ID=5_2589;partial=00;start_type=ATG;rbs_motif=AGGAG;rbs_spacer=5-10bp;gc_cont=0.515
NZ_ABFH02000001.1:2837260-2838495|- -            412 64963at91347         -            149   2.9e-05   21.5   9.6   2   2   1.7e-06   0.00032   18.2   2.9    42    71   374   403   367   408 0.83 NZ_ABFH02000001.1_2589 # 2837260 # 2838495 # -1 # ID=5_2589;partial=00;start_type=ATG;rbs_motif=AGGAG;rbs_spacer=5-10bp;gc_cont=0.515
NZ_ABFH02000002.1:566678-568885|+   -            736 64963at91347         -            149   5.7e-05   20.6   2.7   1   1   5.5e-07    0.0001   19.8   2.7    40   103   371   433   365   451 0.88 NZ_ABFH02000002.1_549 # 566678 # 568885 # 1 # ID=4_549;partial=00;start_type=ATG;rbs_motif=GGA/GAG/AGG;rbs_spacer=5-10bp;gc_cont=0.601
NZ_ABFH02000002.1:566107-566685|+   -            193 64963at91347         -            149   6.2e-05   20.5  10.1   1   2    0.0032      0.59    7.6   2.7    43    61   114   132   106   141 0.79 NZ_ABFH02000002.1_548 # 566107 # 566685 # 1 # ID=4_548;partial=00;start_type=ATG;rbs_motif=None;rbs_spacer=None;gc_cont=0.560
NZ_ABFH02000002.1:566107-566685|+   -            193 64963at91347         -            149   6.2e-05   20.5  10.1   2   2   2.9e-06   0.00052   17.5   0.8    43    74   144   175   135   185 0.84 NZ_ABFH02000002.1_548 # 566107 # 566685 # 1 # ID=4_548;partial=00;start_type=ATG;rbs_motif=None;rbs_spacer=None;gc_cont=0.560
NZ_ABFH02000001.1:2187946-2188554|+ -            203 64963at91347         -            149   0.00013   19.4  18.6   1   3     0.041       7.5    4.0   1.4    82    99     9    26     1    34 0.76 NZ_ABFH02000001.1_1994 # 2187946 # 2188554 # 1 # ID=5_1994;partial=00;start_type=GTG;rbs_motif=GGAG/GAGG;rbs_spacer=5-10bp;gc_cont=0.578
NZ_ABFH02000001.1:2187946-2188554|+ -            203 64963at91347         -            149   0.00013   19.4  18.6   2   3    0.0007      0.13    9.7   7.1    33   101    38    98    27    99 0.73 NZ_ABFH02000001.1_1994 # 2187946 # 2188554 # 1 # ID=5_1994;partial=00;start_type=GTG;rbs_motif=GGAG/GAGG;rbs_spacer=5-10bp;gc_cont=0.578
NZ_ABFH02000001.1:2187946-2188554|+ -            203 64963at91347         -            149   0.00013   19.4  18.6   3   3    0.0062       1.1    6.7   0.0    90   118   154   184   131   196 0.71 NZ_ABFH02000001.1_1994 # 2187946 # 2188554 # 1 # ID=5_1994;partial=00;start_type=GTG;rbs_motif=GGAG/GAGG;rbs_spacer=5-10bp;gc_cont=0.578
NZ_ABFH02000001.1:2450868-2451911|- -            348 64963at91347         -            149   0.00033   18.1   3.0   1   2   5.2e-05    0.0095   13.4   0.6    43   104   227   249   191   276 0.62 NZ_ABFH02000001.1_2245 # 2450868 # 2451911 # -1 # ID=5_2245;partial=00;start_type=ATG;rbs_motif=GGAG/GAGG;rbs_spacer=5-10bp;gc_cont=0.528
NZ_ABFH02000001.1:2450868-2451911|- -            348 64963at91347         -            149   0.00033   18.1   3.0   2   2     0.031       5.8    4.4   0.1    84    97   311   324   288   344 0.73 NZ_ABFH02000001.1_2245 # 2450868 # 2451911 # -1 # ID=5_2245;partial=00;start_type=ATG;rbs_motif=GGAG/GAGG;rbs_spacer=5-10bp;gc_cont=0.528
NZ_ABFH02000001.1:2449022-2450035|- -            338 64963at91347         -            149    0.0004   17.9   9.5   1   2   0.00082      0.15    9.5   2.9    54   100   151   195   146   203 0.71 NZ_ABFH02000001.1_2243 # 2449022 # 2450035 # -1 # ID=5_2243;partial=00;start_type=ATG;rbs_motif=AGGAG;rbs_spacer=5-10bp;gc_cont=0.555
NZ_ABFH02000001.1:2449022-2450035|- -            338 64963at91347         -            149    0.0004   17.9   9.5   2   2     2e-05    0.0037   14.7   7.5    42   105   176   232   167   236 0.82 NZ_ABFH02000001.1_2243 # 2449022 # 2450035 # -1 # ID=5_2243;partial=00;start_type=ATG;rbs_motif=AGGAG;rbs_spacer=5-10bp;gc_cont=0.555
NZ_ABFH02000001.1:2543263-2545224|+ -            654 64963at91347         -            149    0.0007   17.1   3.7   1   3       0.1        19    2.7   6.3    43   105     9    78     2    86 0.63 NZ_ABFH02000001.1_2316 # 2543263 # 2545224 # 1 # ID=5_2316;partial=00;start_type=ATG;rbs_motif=AGxAGG/AGGxGG;rbs_spacer=5-10bp;gc_cont=0.587
NZ_ABFH02000001.1:2543263-2545224|+ -            654 64963at91347         -            149    0.0007   17.1   3.7   2   3   3.8e-06    0.0007   17.1   3.7    43   111    84   153    76   165 0.85 NZ_ABFH02000001.1_2316 # 2543263 # 2545224 # 1 # ID=5_2316;partial=00;start_type=ATG;rbs_motif=AGxAGG/AGGxGG;rbs_spacer=5-10bp;gc_cont=0.587
NZ_ABFH02000001.1:2543263-2545224|+ -            654 64963at91347         -            149    0.0007   17.1   3.7   3   3      0.28        51    1.3   0.1    83    97   225   242   215   263 0.79 NZ_ABFH02000001.1_2316 # 2543263 # 2545224 # 1 # ID=5_2316;partial=00;start_type=ATG;rbs_motif=AGxAGG/AGGxGG;rbs_spacer=5-10bp;gc_cont=0.587
NZ_ABFH02000001.1:558366-559100|+   -            245 64963at91347         -            149   0.00077   16.9   4.9   1   3       4.8   8.9e+02   -2.7   0.2    83   100    61    78    55    88 0.70 NZ_ABFH02000001.1_510 # 558366 # 559100 # 1 # ID=5_510;partial=00;start_type=ATG;rbs_motif=AGGAG;rbs_spacer=5-10bp;gc_cont=0.536
NZ_ABFH02000001.1:558366-559100|+   -            245 64963at91347         -            149   0.00077   16.9   4.9   2   3   7.8e-05     0.014   12.8   0.4    81    98   145   162   137   169 0.87 NZ_ABFH02000001.1_510 # 558366 # 559100 # 1 # ID=5_510;partial=00;start_type=ATG;rbs_motif=AGGAG;rbs_spacer=5-10bp;gc_cont=0.536
NZ_ABFH02000001.1:558366-559100|+   -            245 64963at91347         -            149   0.00077   16.9   4.9   3   3     0.011         2    5.9   0.0    84    97   204   217   173   236 0.78 NZ_ABFH02000001.1_510 # 558366 # 559100 # 1 # ID=5_510;partial=00;start_type=ATG;rbs_motif=AGGAG;rbs_spacer=5-10bp;gc_cont=0.536
NZ_ABFH02000002.1:448240-449124|+   -            295 64963at91347         -            149    0.0014   16.1   2.5   1   2     0.041       7.5    4.0   0.2    44    56    37    49     8    55 0.74 NZ_ABFH02000002.1_437 # 448240 # 449124 # 1 # ID=4_437;partial=00;start_type=ATG;rbs_motif=GGAGG;rbs_spacer=5-10bp;gc_cont=0.537
NZ_ABFH02000002.1:448240-449124|+   -            295 64963at91347         -            149    0.0014   16.1   2.5   2   2   7.4e-06    0.0014   16.1   2.5    43   114   130   198   115   207 0.83 NZ_ABFH02000002.1_437 # 448240 # 449124 # 1 # ID=4_437;partial=00;start_type=ATG;rbs_motif=GGAGG;rbs_spacer=5-10bp;gc_cont=0.537
NZ_ABFH02000002.1:526030-526647|+   -            206 64963at91347         -            149    0.0025   15.3  13.4   1   3    0.0016      0.29    8.6   0.2    78   107     7    35     3    43 0.82 NZ_ABFH02000002.1_512 # 526030 # 526647 # 1 # ID=4_512;partial=00;start_type=ATG;rbs_motif=AGGAG;rbs_spacer=5-10bp;gc_cont=0.568
NZ_ABFH02000002.1:526030-526647|+   -            206 64963at91347         -            149    0.0025   15.3  13.4   2   3     0.042       7.8    3.9   0.2    68   101    49    85    45    93 0.73 NZ_ABFH02000002.1_512 # 526030 # 526647 # 1 # ID=4_512;partial=00;start_type=ATG;rbs_motif=AGGAG;rbs_spacer=5-10bp;gc_cont=0.568
NZ_ABFH02000002.1:526030-526647|+   -            206 64963at91347         -            149    0.0025   15.3  13.4   3   3    0.0016       0.3    8.5   3.1    43   104    96   154    92   164 0.81 NZ_ABFH02000002.1_512 # 526030 # 526647 # 1 # ID=4_512;partial=00;start_type=ATG;rbs_motif=AGGAG;rbs_spacer=5-10bp;gc_cont=0.568
NZ_ABFH02000002.1:1100551-1101168|- -            206 64963at91347         -            149    0.0025   15.3  13.4   1   3    0.0016      0.29    8.6   0.2    78   107     7    35     3    43 0.82 NZ_ABFH02000002.1_1110 # 1100551 # 1101168 # -1 # ID=4_1110;partial=00;start_type=ATG;rbs_motif=AGGAG;rbs_spacer=5-10bp;gc_cont=0.566
NZ_ABFH02000002.1:1100551-1101168|- -            206 64963at91347         -            149    0.0025   15.3  13.4   2   3     0.042       7.8    3.9   0.2    68   101    49    85    45    93 0.73 NZ_ABFH02000002.1_1110 # 1100551 # 1101168 # -1 # ID=4_1110;partial=00;start_type=ATG;rbs_motif=AGGAG;rbs_spacer=5-10bp;gc_cont=0.566
NZ_ABFH02000002.1:1100551-1101168|- -            206 64963at91347         -            149    0.0025   15.3  13.4   3   3    0.0016       0.3    8.5   3.1    43   104    96   154    92   164 0.81 NZ_ABFH02000002.1_1110 # 1100551 # 1101168 # -1 # ID=4_1110;partial=00;start_type=ATG;rbs_motif=AGGAG;rbs_spacer=5-10bp;gc_cont=0.566
NZ_ABFH02000001.1:2196259-2196804|+ -            182 64963at91347         -            149    0.0094   13.4  24.3   1   2     0.007       1.3    6.5   8.4    43    99     9    74     2    81 0.74 NZ_ABFH02000001.1_2003 # 2196259 # 2196804 # 1 # ID=5_2003;partial=00;start_type=ATG;rbs_motif=GGAG/GAGG;rbs_spacer=5-10bp;gc_cont=0.564
NZ_ABFH02000001.1:2196259-2196804|+ -            182 64963at91347         -            149    0.0094   13.4  24.3   2   2   0.00019     0.035   11.5   7.5    43   107    86   159    77   171 0.69 NZ_ABFH02000001.1_2003 # 2196259 # 2196804 # 1 # ID=5_2003;partial=00;start_type=ATG;rbs_motif=GGAG/GAGG;rbs_spacer=5-10bp;gc_cont=0.564
NZ_ABFH02000001.1:2416398-2416658|- -             87 64963at91347         -            149     0.011   13.2   5.3   1   2   8.1e-05     0.015   12.8   2.7    83   105     7    29     3    46 0.79 NZ_ABFH02000001.1_2218 # 2416398 # 2416658 # -1 # ID=5_2218;partial=00;start_type=ATG;rbs_motif=GGA/GAG/AGG;rbs_spacer=5-10bp;gc_cont=0.475
NZ_ABFH02000001.1:2416398-2416658|- -             87 64963at91347         -            149     0.011   13.2   5.3   2   2      0.16        30    2.0   0.2    50    66    48    64    27    83 0.53 NZ_ABFH02000001.1_2218 # 2416398 # 2416658 # -1 # ID=5_2218;partial=00;start_type=ATG;rbs_motif=GGA/GAG/AGG;rbs_spacer=5-10bp;gc_cont=0.475
NZ_ABFH02000001.1:1320979-1321452|+ -            158 64963at91347         -            149     0.015   12.8  24.9   1   3      0.04       7.3    4.0   9.3    44   100    10    75     2    78 0.72 NZ_ABFH02000001.1_1187 # 1320979 # 1321452 # 1 # ID=5_1187;partial=00;start_type=ATG;rbs_motif=AGxAGG/AGGxGG;rbs_spacer=5-10bp;gc_cont=0.610
NZ_ABFH02000001.1:1320979-1321452|+ -            158 64963at91347         -            149     0.015   12.8  24.9   2   3    0.0071       1.3    6.5   9.4    33   119    45   123    34   128 0.71 NZ_ABFH02000001.1_1187 # 1320979 # 1321452 # 1 # ID=5_1187;partial=00;start_type=ATG;rbs_motif=AGxAGG/AGGxGG;rbs_spacer=5-10bp;gc_cont=0.610
NZ_ABFH02000001.1:1320979-1321452|+ -            158 64963at91347         -            149     0.015   12.8  24.9   3   3   0.00035     0.065   10.7   7.5    44   105    87   144    77   154 0.72 NZ_ABFH02000001.1_1187 # 1320979 # 1321452 # 1 # ID=5_1187;partial=00;start_type=ATG;rbs_motif=AGxAGG/AGGxGG;rbs_spacer=5-10bp;gc_cont=0.610
NZ_ABFH02000001.1:2475369-2475998|+ -            210 64963at91347         -            149     0.016   12.7  14.2   1   4     0.025       4.6    4.7   0.3    43    56    21    34    14    52 0.68 NZ_ABFH02000001.1_2266 # 2475369 # 2475998 # 1 # ID=5_2266;partial=00;start_type=ATG;rbs_motif=GGAGG;rbs_spacer=5-10bp;gc_cont=0.541
NZ_ABFH02000001.1:2475369-2475998|+ -            210 64963at91347         -            149     0.016   12.7  14.2   2   4     0.064        12    3.4   0.4    84   101    77    96    60   100 0.71 NZ_ABFH02000001.1_2266 # 2475369 # 2475998 # 1 # ID=5_2266;partial=00;start_type=ATG;rbs_motif=GGAGG;rbs_spacer=5-10bp;gc_cont=0.541
NZ_ABFH02000001.1:2475369-2475998|+ -            210 64963at91347         -            149     0.016   12.7  14.2   3   4   0.00018     0.033   11.6   4.7    47   105    76   131    74   150 0.77 NZ_ABFH02000001.1_2266 # 2475369 # 2475998 # 1 # ID=5_2266;partial=00;start_type=ATG;rbs_motif=GGAGG;rbs_spacer=5-10bp;gc_cont=0.541
NZ_ABFH02000001.1:2475369-2475998|+ -            210 64963at91347         -            149     0.016   12.7  14.2   4   4   0.00091      0.17    9.4   2.5    44   104   109   130   105   174 0.64 NZ_ABFH02000001.1_2266 # 2475369 # 2475998 # 1 # ID=5_2266;partial=00;start_type=ATG;rbs_motif=GGAGG;rbs_spacer=5-10bp;gc_cont=0.541
NZ_ABFH02000001.1:2978770-2979348|+ -            193 64963at91347         -            149      0.04   11.4  19.1   1   3     0.063        12    3.4   8.4    42    59    13    30     7    86 0.52 NZ_ABFH02000001.1_2711 # 2978770 # 2979348 # 1 # ID=5_2711;partial=00;start_type=ATG;rbs_motif=GGAGG;rbs_spacer=5-10bp;gc_cont=0.539
NZ_ABFH02000001.1:2978770-2979348|+ -            193 64963at91347         -            149      0.04   11.4  19.1   2   3    0.0029      0.53    7.7   6.2    74   106    85   117    58   124 0.65 NZ_ABFH02000001.1_2711 # 2978770 # 2979348 # 1 # ID=5_2711;partial=00;start_type=ATG;rbs_motif=GGAGG;rbs_spacer=5-10bp;gc_cont=0.539
NZ_ABFH02000001.1:2978770-2979348|+ -            193 64963at91347         -            149      0.04   11.4  19.1   3   3   0.00024     0.044   11.2   2.8    43   101    93   149    83   186 0.59 NZ_ABFH02000001.1_2711 # 2978770 # 2979348 # 1 # ID=5_2711;partial=00;start_type=ATG;rbs_motif=GGAGG;rbs_spacer=5-10bp;gc_cont=0.539
NZ_ABFH02000001.1:2736259-2737449|- -            397 64963at91347         -            149     0.072   10.5   9.1   1   2    0.0029      0.53    7.7   9.1    44    97     7    68     2    77 0.68 NZ_ABFH02000001.1_2501 # 2736259 # 2737449 # -1 # ID=5_2501;partial=00;start_type=ATG;rbs_motif=AGGAG;rbs_spacer=5-10bp;gc_cont=0.538
NZ_ABFH02000001.1:2736259-2737449|- -            397 64963at91347         -            149     0.072   10.5   9.1   2   2    0.0072       1.3    6.4   0.8    44    59    54    69    37    89 0.70 NZ_ABFH02000001.1_2501 # 2736259 # 2737449 # -1 # ID=5_2501;partial=00;start_type=ATG;rbs_motif=AGGAG;rbs_spacer=5-10bp;gc_cont=0.538
NZ_ABFH02000001.1:2774148-2774843|+ -            232 64963at91347         -            149       0.1   10.1  16.2   1   2      0.01       1.9    5.9   5.8    45    93    60   104    52   129 0.60 NZ_ABFH02000001.1_2529 # 2774148 # 2774843 # 1 # ID=5_2529;partial=00;start_type=ATG;rbs_motif=GGA/GAG/AGG;rbs_spacer=11-12bp;gc_cont=0.609
NZ_ABFH02000001.1:2774148-2774843|+ -            232 64963at91347         -            149       0.1   10.1  16.2   2   2    0.0016      0.29    8.6   2.5    34    97   132   198   121   217 0.73 NZ_ABFH02000001.1_2529 # 2774148 # 2774843 # 1 # ID=5_2529;partial=00;start_type=ATG;rbs_motif=GGA/GAG/AGG;rbs_spacer=11-12bp;gc_cont=0.609
NZ_ABFH02000001.1:587551-588177|-   -            209 64963at91347         -            149      0.37    8.2  11.2   1   4     0.056        10    3.5   0.1    43    57    10    24     4    37 0.73 NZ_ABFH02000001.1_541 # 587551 # 588177 # -1 # ID=5_541;partial=00;start_type=ATG;rbs_motif=AGGAG;rbs_spacer=5-10bp;gc_cont=0.541
NZ_ABFH02000001.1:587551-588177|-   -            209 64963at91347         -            149      0.37    8.2  11.2   2   4     0.062        11    3.4   0.2    71   101    51    84    44    91 0.69 NZ_ABFH02000001.1_541 # 587551 # 588177 # -1 # ID=5_541;partial=00;start_type=ATG;rbs_motif=AGGAG;rbs_spacer=5-10bp;gc_cont=0.541
NZ_ABFH02000001.1:587551-588177|-   -            209 64963at91347         -            149      0.37    8.2  11.2   3   4    0.0074       1.4    6.4   4.5    47   104    64   118    56   126 0.73 NZ_ABFH02000001.1_541 # 587551 # 588177 # -1 # ID=5_541;partial=00;start_type=ATG;rbs_motif=AGGAG;rbs_spacer=5-10bp;gc_cont=0.541
NZ_ABFH02000001.1:587551-588177|-   -            209 64963at91347         -            149      0.37    8.2  11.2   4   4     0.015       2.8    5.4   1.7    83   102    97   116    90   166 0.70 NZ_ABFH02000001.1_541 # 587551 # 588177 # -1 # ID=5_541;partial=00;start_type=ATG;rbs_motif=AGGAG;rbs_spacer=5-10bp;gc_cont=0.541
NZ_ABFH02000002.1:348291-351815|-   -           1175 64963at91347         -            149         1    6.8   9.9   1   1      0.49        90    0.5   9.9    42    99   685   759   668   781 0.61 NZ_ABFH02000002.1_350 # 348291 # 351815 # -1 # ID=4_350;partial=00;start_type=ATG;rbs_motif=GGA/GAG/AGG;rbs_spacer=5-10bp;gc_cont=0.551
NZ_ABFH02000001.1:892123-893025|+   -            301 64963at91347         -            149       1.1    6.8  13.2   1   2      0.11        19    2.7   0.2    83    95    37    49    22    57 0.69 NZ_ABFH02000001.1_794 # 892123 # 893025 # 1 # ID=5_794;partial=00;start_type=ATG;rbs_motif=GGAG/GAGG;rbs_spacer=5-10bp;gc_cont=0.581
NZ_ABFH02000001.1:892123-893025|+   -            301 64963at91347         -            149       1.1    6.8  13.2   2   2   0.00049     0.091   10.2   3.6    43   108   130   192   119   204 0.81 NZ_ABFH02000001.1_794 # 892123 # 893025 # 1 # ID=5_794;partial=00;start_type=ATG;rbs_motif=GGAG/GAGG;rbs_spacer=5-10bp;gc_cont=0.581
NZ_ABFH02000002.1:629288-630022|+   -            245 64963at91347         -            149       4.8    4.6  16.6   1   3      0.15        28    2.1   5.3    44    61    51    68    39   116 0.84 NZ_ABFH02000002.1_620 # 629288 # 630022 # 1 # ID=4_620;partial=00;start_type=ATG;rbs_motif=GGAG/GAGG;rbs_spacer=5-10bp;gc_cont=0.567
NZ_ABFH02000002.1:629288-630022|+   -            245 64963at91347         -            149       4.8    4.6  16.6   2   3    0.0094       1.7    6.1   4.7    43    60   129   146    97   157 0.81 NZ_ABFH02000002.1_620 # 629288 # 630022 # 1 # ID=4_620;partial=00;start_type=ATG;rbs_motif=GGAG/GAGG;rbs_spacer=5-10bp;gc_cont=0.567
NZ_ABFH02000002.1:629288-630022|+   -            245 64963at91347         -            149       4.8    4.6  16.6   3   3    0.0028      0.51    7.8   3.6    43    66   129   152   123   188 0.79 NZ_ABFH02000002.1_620 # 629288 # 630022 # 1 # ID=4_620;partial=00;start_type=ATG;rbs_motif=GGAG/GAGG;rbs_spacer=5-10bp;gc_cont=0.567
#
# Program:         hmmsearch
# Version:         3.4 (Aug 2023)
# Pipeline mode:   SEARCH
# Query file:      /Users/dizzler/Projects/School/BIOL4600-Capstone/databases/lineages/enterobacterales_odb10/hmms/64963at91347.hmm
# Target file:     /Users/dizzler/Projects/School/BIOL4600-Capstone/reports/busco-results/GCF_000171535.2_ASM17153v2_genomic.fna/prodigal_output/predicted_genes/predicted.faa
# Option settings: hmmsearch --domtblout /Users/dizzler/Projects/School/BIOL4600-Capstone/reports/busco-results/GCF_000171535.2_ASM17153v2_genomic.fna/run_enterobacterales_odb10/hmmer_output/64963at91347.out --cpu 1 /Users/dizzler/Projects/School/BIOL4600-Capstone/databases/lineages/enterobacterales_odb10/hmms/64963at91347.hmm /Users/dizzler/Projects/School/BIOL4600-Capstone/reports/busco-results/GCF_000171535.2_ASM17153v2_genomic.fna/prodigal_output/predicted_genes/predicted.faa 
# Current dir:     /Users/dizzler/Projects/School/BIOL4600-Capstone
# Date:            Wed Feb 25 22:55:08 2026
# [ok]
