#                                                                                           --- full sequence --- -------------- this domain -------------   hmm coord   ali coord   env coord
# target name                       accession   tlen query name           accession   qlen   E-value  score  bias   #  of  c-Evalue  i-Evalue  score  bias  from    to  from    to  from    to  acc description of target
#               ------------------- ---------- ----- -------------------- ---------- ----- --------- ------ ----- --- --- --------- --------- ------ ----- ----- ----- ----- ----- ----- ----- ---- ---------------------
NZ_ABFH02000002.1:867770-868504|-   -            245 67620at91347         -            204  4.8e-100  331.4   9.3   1   1  7.9e-100   2.4e-97  322.6   9.3     1   204     6   243     6   243 0.90 NZ_ABFH02000002.1_881 # 867770 # 868504 # -1 # ID=4_881;partial=00;start_type=ATG;rbs_motif=GGAG/GAGG;rbs_spacer=5-10bp;gc_cont=0.506
NZ_ABFH02000001.1:2575705-2576496|+ -            264 67620at91347         -            204   3.9e-47  158.6   0.4   1   2   0.00042      0.13   10.0   0.0     1    21     7    27     7    49 0.89 NZ_ABFH02000001.1_2348 # 2575705 # 2576496 # 1 # ID=5_2348;partial=00;start_type=ATG;rbs_motif=AGGAG;rbs_spacer=5-10bp;gc_cont=0.535
NZ_ABFH02000001.1:2575705-2576496|+ -            264 67620at91347         -            204   3.9e-47  158.6   0.4   2   2   5.1e-44   1.6e-41  140.3   0.1    42   202    75   253    56   255 0.86 NZ_ABFH02000001.1_2348 # 2575705 # 2576496 # 1 # ID=5_2348;partial=00;start_type=ATG;rbs_motif=AGGAG;rbs_spacer=5-10bp;gc_cont=0.535
NZ_ABFH02000001.1:415040-415804|+   -            255 67620at91347         -            204   1.2e-43  147.3   1.2   1   2     0.012       3.7    5.2   0.3     2    23    11    32    10    61 0.68 NZ_ABFH02000001.1_377 # 415040 # 415804 # 1 # ID=5_377;partial=00;start_type=ATG;rbs_motif=GGA/GAG/AGG;rbs_spacer=5-10bp;gc_cont=0.529
NZ_ABFH02000001.1:415040-415804|+   -            255 67620at91347         -            204   1.2e-43  147.3   1.2   2   2   3.6e-44   1.1e-41  140.8   0.1    21   203    57   251    46   252 0.88 NZ_ABFH02000001.1_377 # 415040 # 415804 # 1 # ID=5_377;partial=00;start_type=ATG;rbs_motif=GGA/GAG/AGG;rbs_spacer=5-10bp;gc_cont=0.529
NZ_ABFH02000001.1:2001314-2002075|+ -            254 67620at91347         -            204     1e-40  137.7   2.6   1   1     1e-41   3.2e-39  132.8   2.6    28   202    63   250    11   252 0.88 NZ_ABFH02000001.1_1822 # 2001314 # 2002075 # 1 # ID=5_1822;partial=00;start_type=ATG;rbs_motif=AGGA;rbs_spacer=5-10bp;gc_cont=0.524
NZ_ABFH02000002.1:388377-389144|-   -            256 67620at91347         -            204   2.7e-39  133.0   1.0   1   1   1.7e-39   5.3e-37  125.5   1.0    41   202    78   251    10   253 0.88 NZ_ABFH02000002.1_384 # 388377 # 389144 # -1 # ID=4_384;partial=00;start_type=ATG;rbs_motif=GGAG/GAGG;rbs_spacer=5-10bp;gc_cont=0.531
NZ_ABFH02000001.1:2852388-2853149|+ -            254 67620at91347         -            204   7.6e-39  131.6   0.1   1   2     0.015       4.5    4.9   0.1     1    22     3    24     3    57 0.81 NZ_ABFH02000001.1_2605 # 2852388 # 2853149 # 1 # ID=5_2605;partial=00;start_type=ATG;rbs_motif=GGAG/GAGG;rbs_spacer=5-10bp;gc_cont=0.550
NZ_ABFH02000001.1:2852388-2853149|+ -            254 67620at91347         -            204   7.6e-39  131.6   0.1   2   2   3.1e-39   9.6e-37  124.7   0.0    42   203    73   244    60   245 0.89 NZ_ABFH02000001.1_2605 # 2852388 # 2853149 # 1 # ID=5_2605;partial=00;start_type=ATG;rbs_motif=GGAG/GAGG;rbs_spacer=5-10bp;gc_cont=0.550
NZ_ABFH02000002.1:325247-325960|-   -            238 67620at91347         -            204   1.5e-31  107.8   0.0   1   1   5.7e-32   1.7e-29  101.0   0.0    14   200    41   233     7   236 0.79 NZ_ABFH02000002.1_326 # 325247 # 325960 # -1 # ID=4_326;partial=00;start_type=ATG;rbs_motif=AGGA;rbs_spacer=5-10bp;gc_cont=0.566
NZ_ABFH02000002.1:1476688-1477443|- -            252 67620at91347         -            204   1.4e-30  104.6   0.2   1   2   3.9e-24   1.2e-21   75.4   0.1     1   162     9   188     9   197 0.83 NZ_ABFH02000002.1_1471 # 1476688 # 1477443 # -1 # ID=4_1471;partial=00;start_type=ATG;rbs_motif=None;rbs_spacer=None;gc_cont=0.581
NZ_ABFH02000002.1:1476688-1477443|- -            252 67620at91347         -            204   1.4e-30  104.6   0.2   2   2   5.3e-09   1.6e-06   26.0   0.0   164   202   209   247   199   249 0.92 NZ_ABFH02000002.1_1471 # 1476688 # 1477443 # -1 # ID=4_1471;partial=00;start_type=ATG;rbs_motif=None;rbs_spacer=None;gc_cont=0.581
NZ_ABFH02000001.1:2205923-2206702|- -            260 67620at91347         -            204   1.7e-28   97.8   0.0   1   2   3.3e-22     1e-19   69.1   0.0    39   171    71   205    39   215 0.83 NZ_ABFH02000001.1_2011 # 2205923 # 2206702 # -1 # ID=5_2011;partial=00;start_type=ATG;rbs_motif=AGGAG;rbs_spacer=5-10bp;gc_cont=0.550
NZ_ABFH02000001.1:2205923-2206702|- -            260 67620at91347         -            204   1.7e-28   97.8   0.0   2   2   2.6e-09     8e-07   27.0   0.0   161   204   215   258   205   258 0.92 NZ_ABFH02000001.1_2011 # 2205923 # 2206702 # -1 # ID=5_2011;partial=00;start_type=ATG;rbs_motif=AGGAG;rbs_spacer=5-10bp;gc_cont=0.550
NZ_ABFH02000001.1:1842303-1843187|- -            295 67620at91347         -            204   3.3e-25   87.0   0.0   1   2     0.024       7.5    4.2   0.1     3    19    52    68    50   106 0.77 NZ_ABFH02000001.1_1671 # 1842303 # 1843187 # -1 # ID=5_1671;partial=00;start_type=ATG;rbs_motif=GGAG/GAGG;rbs_spacer=5-10bp;gc_cont=0.563
NZ_ABFH02000001.1:1842303-1843187|- -            295 67620at91347         -            204   3.3e-25   87.0   0.0   2   2   1.1e-25   3.5e-23   80.4   0.0    45   203   124   292    93   293 0.84 NZ_ABFH02000001.1_1671 # 1842303 # 1843187 # -1 # ID=5_1671;partial=00;start_type=ATG;rbs_motif=GGAG/GAGG;rbs_spacer=5-10bp;gc_cont=0.563
NZ_ABFH02000002.1:278829-279590|-   -            254 67620at91347         -            204   3.7e-23   80.3   0.0   1   2   0.00025     0.075   10.7   0.1     1    38    13    53    13    72 0.76 NZ_ABFH02000002.1_282 # 278829 # 279590 # -1 # ID=4_282;partial=00;start_type=ATG;rbs_motif=AGGAG;rbs_spacer=5-10bp;gc_cont=0.571
NZ_ABFH02000002.1:278829-279590|-   -            254 67620at91347         -            204   3.7e-23   80.3   0.0   2   2   7.7e-22   2.4e-19   67.9   0.0    41   199    84   244    70   248 0.87 NZ_ABFH02000002.1_282 # 278829 # 279590 # -1 # ID=4_282;partial=00;start_type=ATG;rbs_motif=AGGAG;rbs_spacer=5-10bp;gc_cont=0.571
NZ_ABFH02000002.1:510890-511636|+   -            249 67620at91347         -            204   7.8e-23   79.3   0.1   1   2    0.0002      0.06   11.1   0.0     2    37     2    40     1    44 0.87 NZ_ABFH02000002.1_498 # 510890 # 511636 # 1 # ID=4_498;partial=00;start_type=ATG;rbs_motif=GGAG/GAGG;rbs_spacer=5-10bp;gc_cont=0.535
NZ_ABFH02000002.1:510890-511636|+   -            249 67620at91347         -            204   7.8e-23   79.3   0.1   2   2   1.3e-21     4e-19   67.2   0.0    16   155    40   181    38   221 0.87 NZ_ABFH02000002.1_498 # 510890 # 511636 # 1 # ID=4_498;partial=00;start_type=ATG;rbs_motif=GGAG/GAGG;rbs_spacer=5-10bp;gc_cont=0.535
NZ_ABFH02000002.1:1568555-1569325|+ -            257 67620at91347         -            204     1e-17   62.6   0.0   1   1   8.5e-19   2.6e-16   58.0   0.0    53   165    78   190     3   205 0.87 NZ_ABFH02000002.1_1560 # 1568555 # 1569325 # 1 # ID=4_1560;partial=00;start_type=ATG;rbs_motif=GGA/GAG/AGG;rbs_spacer=5-10bp;gc_cont=0.550
NZ_ABFH02000002.1:301035-301823|-   -            263 67620at91347         -            204   6.7e-08   30.5   0.1   1   1   3.5e-10   1.1e-07   29.8   0.1   123   202   161   251   118   253 0.84 NZ_ABFH02000002.1_302 # 301035 # 301823 # -1 # ID=4_302;partial=00;start_type=ATG;rbs_motif=AGGA;rbs_spacer=5-10bp;gc_cont=0.541
NZ_ABFH02000002.1:1530702-1531568|+ -            289 67620at91347         -            204     0.021   12.5   0.0   1   1   0.00017     0.051   11.3   0.0   130   192   191   257   182   263 0.87 NZ_ABFH02000002.1_1523 # 1530702 # 1531568 # 1 # ID=4_1523;partial=00;start_type=ATG;rbs_motif=GGA/GAG/AGG;rbs_spacer=11-12bp;gc_cont=0.547
#
# Program:         hmmsearch
# Version:         3.4 (Aug 2023)
# Pipeline mode:   SEARCH
# Query file:      /Users/dizzler/Projects/School/BIOL4600-Capstone/databases/lineages/enterobacterales_odb10/hmms/67620at91347.hmm
# Target file:     /Users/dizzler/Projects/School/BIOL4600-Capstone/reports/busco-results/GCF_000171535.2_ASM17153v2_genomic.fna/prodigal_output/predicted_genes/predicted.faa
# Option settings: hmmsearch --domtblout /Users/dizzler/Projects/School/BIOL4600-Capstone/reports/busco-results/GCF_000171535.2_ASM17153v2_genomic.fna/run_enterobacterales_odb10/hmmer_output/67620at91347.out --cpu 1 /Users/dizzler/Projects/School/BIOL4600-Capstone/databases/lineages/enterobacterales_odb10/hmms/67620at91347.hmm /Users/dizzler/Projects/School/BIOL4600-Capstone/reports/busco-results/GCF_000171535.2_ASM17153v2_genomic.fna/prodigal_output/predicted_genes/predicted.faa 
# Current dir:     /Users/dizzler/Projects/School/BIOL4600-Capstone
# Date:            Wed Feb 25 22:55:08 2026
# [ok]
