#                                                                                           --- full sequence --- -------------- this domain -------------   hmm coord   ali coord   env coord
# target name                       accession   tlen query name           accession   qlen   E-value  score  bias   #  of  c-Evalue  i-Evalue  score  bias  from    to  from    to  from    to  acc description of target
#               ------------------- ---------- ----- -------------------- ---------- ----- --------- ------ ----- --- --- --------- --------- ------ ----- ----- ----- ----- ----- ----- ----- ---- ---------------------
NZ_ABFH02000002.1:220414-221247|+   -            278 70738at91347         -            220   3.8e-88  292.5   0.0   1   1   1.3e-90   8.2e-88  291.4   0.0     6   220    18   274    13   274 0.91 NZ_ABFH02000002.1_228 # 220414 # 221247 # 1 # ID=4_228;partial=00;start_type=ATG;rbs_motif=AGxAGG/AGGxGG;rbs_spacer=3-4bp;gc_cont=0.588
NZ_ABFH02000001.1:2636535-2637467|+ -            311 70738at91347         -            220   2.6e-22   77.3   0.0   1   1   6.4e-25   4.2e-22   76.6   0.0    36   184    75   244    58   248 0.82 NZ_ABFH02000001.1_2404 # 2636535 # 2637467 # 1 # ID=5_2404;partial=00;start_type=GTG;rbs_motif=GGAGG;rbs_spacer=5-10bp;gc_cont=0.535
NZ_ABFH02000001.1:2404067-2404804|+ -            246 70738at91347         -            220   9.7e-08   29.6   0.0   1   1   2.6e-10   1.7e-07   28.8   0.0    86   155    47   129    42   156 0.71 NZ_ABFH02000001.1_2205 # 2404067 # 2404804 # 1 # ID=5_2205;partial=00;start_type=ATG;rbs_motif=GGA/GAG/AGG;rbs_spacer=5-10bp;gc_cont=0.537
NZ_ABFH02000001.1:338613-339641|+   -            343 70738at91347         -            220     1e-07   29.5   0.0   1   1   2.7e-10   1.7e-07   28.8   0.0    87   153   200   273   195   287 0.77 NZ_ABFH02000001.1_300 # 338613 # 339641 # 1 # ID=5_300;partial=00;start_type=ATG;rbs_motif=AGGAG;rbs_spacer=5-10bp;gc_cont=0.572
NZ_ABFH02000001.1:1772276-1773412|+ -            379 70738at91347         -            220     4e-05   21.1   0.0   1   1   1.3e-07   8.4e-05   20.0   0.0    87   165   232   320   228   326 0.73 NZ_ABFH02000001.1_1608 # 1772276 # 1773412 # 1 # ID=5_1608;partial=00;start_type=ATG;rbs_motif=AGGAGG;rbs_spacer=3-4bp;gc_cont=0.536
NZ_ABFH02000001.1:3008340-3008918|+ -            193 70738at91347         -            220     0.022   12.1   0.0   1   1   4.6e-05      0.03   11.7   0.0    86   115    34    63    27    88 0.81 NZ_ABFH02000001.1_2746 # 3008340 # 3008918 # 1 # ID=5_2746;partial=00;start_type=ATG;rbs_motif=None;rbs_spacer=None;gc_cont=0.561
NZ_ABFH02000002.1:975407-976618|+   -            404 70738at91347         -            220     0.025   12.0   0.0   1   1   7.5e-05     0.049   11.0   0.0    77   183   221   330   218   337 0.70 NZ_ABFH02000002.1_992 # 975407 # 976618 # 1 # ID=4_992;partial=00;start_type=ATG;rbs_motif=GGAG/GAGG;rbs_spacer=5-10bp;gc_cont=0.541
#
# Program:         hmmsearch
# Version:         3.4 (Aug 2023)
# Pipeline mode:   SEARCH
# Query file:      /Users/dizzler/Projects/School/BIOL4600-Capstone/databases/lineages/enterobacterales_odb10/hmms/70738at91347.hmm
# Target file:     /Users/dizzler/Projects/School/BIOL4600-Capstone/reports/busco-results/GCF_000171535.2_ASM17153v2_genomic.fna/prodigal_output/predicted_genes/predicted.faa
# Option settings: hmmsearch --domtblout /Users/dizzler/Projects/School/BIOL4600-Capstone/reports/busco-results/GCF_000171535.2_ASM17153v2_genomic.fna/run_enterobacterales_odb10/hmmer_output/70738at91347.out --cpu 1 /Users/dizzler/Projects/School/BIOL4600-Capstone/databases/lineages/enterobacterales_odb10/hmms/70738at91347.hmm /Users/dizzler/Projects/School/BIOL4600-Capstone/reports/busco-results/GCF_000171535.2_ASM17153v2_genomic.fna/prodigal_output/predicted_genes/predicted.faa 
# Current dir:     /Users/dizzler/Projects/School/BIOL4600-Capstone
# Date:            Wed Feb 25 22:55:08 2026
# [ok]
