#                                                                                           --- full sequence --- -------------- this domain -------------   hmm coord   ali coord   env coord
# target name                       accession   tlen query name           accession   qlen   E-value  score  bias   #  of  c-Evalue  i-Evalue  score  bias  from    to  from    to  from    to  acc description of target
#               ------------------- ---------- ----- -------------------- ---------- ----- --------- ------ ----- --- --- --------- --------- ------ ----- ----- ----- ----- ----- ----- ----- ---- ---------------------
NZ_ABFH02000001.1:1528916-1529437|+ -            174 72355at91347         -            140     1e-79  263.4   0.3   1   1   3.7e-82   1.5e-79  262.8   0.3     1   140     1   150     1   150 0.96 NZ_ABFH02000001.1_1358 # 1528916 # 1529437 # 1 # ID=5_1358;partial=00;start_type=ATG;rbs_motif=AGxAG;rbs_spacer=5-10bp;gc_cont=0.504
NZ_ABFH02000002.1:1692970-1693515|- -            182 72355at91347         -            140   5.4e-20   69.8   0.0   1   1   2.3e-22   9.6e-20   69.0   0.0     7   136     5   145     2   149 0.76 NZ_ABFH02000002.1_1677 # 1692970 # 1693515 # -1 # ID=4_1677;partial=00;start_type=ATG;rbs_motif=GGA/GAG/AGG;rbs_spacer=5-10bp;gc_cont=0.582
NZ_ABFH02000002.1:1629004-1630275|- -            424 72355at91347         -            140   0.00023   19.2   0.0   1   1   1.1e-06   0.00047   18.2   0.0     4    44   112   152   109   168 0.84 NZ_ABFH02000002.1_1615 # 1629004 # 1630275 # -1 # ID=4_1615;partial=00;start_type=ATG;rbs_motif=GGAG/GAGG;rbs_spacer=5-10bp;gc_cont=0.531
NZ_ABFH02000001.1:836422-837753|+   -            444 72355at91347         -            140   0.00068   17.6   0.0   1   2   4.7e-06     0.002   16.1   0.0     5    35    51    81    47   129 0.90 NZ_ABFH02000001.1_738 # 836422 # 837753 # 1 # ID=5_738;partial=00;start_type=ATG;rbs_motif=AGGA;rbs_spacer=5-10bp;gc_cont=0.531
NZ_ABFH02000001.1:836422-837753|+   -            444 72355at91347         -            140   0.00068   17.6   0.0   2   2       3.1   1.3e+03   -2.7   0.0    82   103   348   369   336   406 0.63 NZ_ABFH02000001.1_738 # 836422 # 837753 # 1 # ID=5_738;partial=00;start_type=ATG;rbs_motif=AGGA;rbs_spacer=5-10bp;gc_cont=0.531
NZ_ABFH02000002.1:1222710-1224446|+ -            579 72355at91347         -            140    0.0036   15.3   1.0   1   2    0.0016      0.66    8.0   0.1     9    29    38    58    34    61 0.90 NZ_ABFH02000002.1_1223 # 1222710 # 1224446 # 1 # ID=4_1223;partial=00;start_type=ATG;rbs_motif=GGAG/GAGG;rbs_spacer=5-10bp;gc_cont=0.558
NZ_ABFH02000002.1:1222710-1224446|+ -            579 72355at91347         -            140    0.0036   15.3   1.0   2   2     0.009       3.8    5.5   0.1     4    24   354   375   351   381 0.79 NZ_ABFH02000002.1_1223 # 1222710 # 1224446 # 1 # ID=4_1223;partial=00;start_type=ATG;rbs_motif=GGAG/GAGG;rbs_spacer=5-10bp;gc_cont=0.558
NZ_ABFH02000001.1:413237-413767|-   -            177 72355at91347         -            140    0.0052   14.8   0.1   1   1   2.5e-05      0.01   13.8   0.1     8    37     7    36     1    50 0.89 NZ_ABFH02000001.1_375 # 413237 # 413767 # -1 # ID=5_375;partial=00;start_type=ATG;rbs_motif=GGAG/GAGG;rbs_spacer=5-10bp;gc_cont=0.461
NZ_ABFH02000001.1:1466403-1466936|+ -            178 72355at91347         -            140    0.0059   14.6   0.0   1   1   2.7e-05     0.011   13.7   0.0     7    36    11    40     5    53 0.87 NZ_ABFH02000001.1_1311 # 1466403 # 1466936 # 1 # ID=5_1311;partial=00;start_type=TTG;rbs_motif=GGA/GAG/AGG;rbs_spacer=11-12bp;gc_cont=0.532
NZ_ABFH02000002.1:993452-995359|-   -            636 72355at91347         -            140    0.0072   14.3   0.0   1   2    0.0071         3    5.8   0.0     4    26    29    51    26    64 0.85 NZ_ABFH02000002.1_1010 # 993452 # 995359 # -1 # ID=4_1010;partial=00;start_type=ATG;rbs_motif=AGGA;rbs_spacer=5-10bp;gc_cont=0.527
NZ_ABFH02000002.1:993452-995359|-   -            636 72355at91347         -            140    0.0072   14.3   0.0   2   2     0.008       3.4    5.7   0.0     6    29   347   370   342   416 0.83 NZ_ABFH02000002.1_1010 # 993452 # 995359 # -1 # ID=4_1010;partial=00;start_type=ATG;rbs_motif=AGGA;rbs_spacer=5-10bp;gc_cont=0.527
NZ_ABFH02000002.1:1124182-1126458|- -            759 72355at91347         -            140      0.01   13.8   0.1   1   3      0.15        62    1.6   0.0     3    26   206   229   204   235 0.86 NZ_ABFH02000002.1_1128 # 1124182 # 1126458 # -1 # ID=4_1128;partial=00;start_type=ATG;rbs_motif=GGAGG;rbs_spacer=5-10bp;gc_cont=0.540
NZ_ABFH02000002.1:1124182-1126458|- -            759 72355at91347         -            140      0.01   13.8   0.1   2   3       2.2   9.3e+02   -2.2   0.0    22    43   450   471   446   474 0.86 NZ_ABFH02000002.1_1128 # 1124182 # 1126458 # -1 # ID=4_1128;partial=00;start_type=ATG;rbs_motif=GGAGG;rbs_spacer=5-10bp;gc_cont=0.540
NZ_ABFH02000002.1:1124182-1126458|- -            759 72355at91347         -            140      0.01   13.8   0.1   3   3    0.0012       0.5    8.4   0.0     9    43   493   529   486   535 0.84 NZ_ABFH02000002.1_1128 # 1124182 # 1126458 # -1 # ID=4_1128;partial=00;start_type=ATG;rbs_motif=GGAGG;rbs_spacer=5-10bp;gc_cont=0.540
NZ_ABFH02000002.1:1083271-1083954|- -            228 72355at91347         -            140     0.014   13.3   0.0   1   3   0.00012     0.052   11.5   0.0     9    37    10    38     5    61 0.83 NZ_ABFH02000002.1_1096 # 1083271 # 1083954 # -1 # ID=4_1096;partial=00;start_type=ATG;rbs_motif=AGGAG;rbs_spacer=5-10bp;gc_cont=0.553
NZ_ABFH02000002.1:1083271-1083954|- -            228 72355at91347         -            140     0.014   13.3   0.0   2   3       3.8   1.6e+03   -3.0   0.0    24    41    63    80    60    88 0.79 NZ_ABFH02000002.1_1096 # 1083271 # 1083954 # -1 # ID=4_1096;partial=00;start_type=ATG;rbs_motif=AGGAG;rbs_spacer=5-10bp;gc_cont=0.553
NZ_ABFH02000002.1:1083271-1083954|- -            228 72355at91347         -            140     0.014   13.3   0.0   3   3       2.2   9.2e+02   -2.2   0.0    98   117   167   186   148   217 0.63 NZ_ABFH02000002.1_1096 # 1083271 # 1083954 # -1 # ID=4_1096;partial=00;start_type=ATG;rbs_motif=AGGAG;rbs_spacer=5-10bp;gc_cont=0.553
NZ_ABFH02000001.1:537774-538724|-   -            317 72355at91347         -            140     0.031   12.3   0.0   1   1   0.00016     0.066   11.2   0.0     5    41    11    47     8    55 0.86 NZ_ABFH02000001.1_495 # 537774 # 538724 # -1 # ID=5_495;partial=00;start_type=ATG;rbs_motif=None;rbs_spacer=None;gc_cont=0.545
#
# Program:         hmmsearch
# Version:         3.4 (Aug 2023)
# Pipeline mode:   SEARCH
# Query file:      /Users/dizzler/Projects/School/BIOL4600-Capstone/databases/lineages/enterobacterales_odb10/hmms/72355at91347.hmm
# Target file:     /Users/dizzler/Projects/School/BIOL4600-Capstone/reports/busco-results/GCF_000171535.2_ASM17153v2_genomic.fna/prodigal_output/predicted_genes/predicted.faa
# Option settings: hmmsearch --domtblout /Users/dizzler/Projects/School/BIOL4600-Capstone/reports/busco-results/GCF_000171535.2_ASM17153v2_genomic.fna/run_enterobacterales_odb10/hmmer_output/72355at91347.out --cpu 1 /Users/dizzler/Projects/School/BIOL4600-Capstone/databases/lineages/enterobacterales_odb10/hmms/72355at91347.hmm /Users/dizzler/Projects/School/BIOL4600-Capstone/reports/busco-results/GCF_000171535.2_ASM17153v2_genomic.fna/prodigal_output/predicted_genes/predicted.faa 
# Current dir:     /Users/dizzler/Projects/School/BIOL4600-Capstone
# Date:            Wed Feb 25 22:55:08 2026
# [ok]
