#                                                                                           --- full sequence --- -------------- this domain -------------   hmm coord   ali coord   env coord
# target name                       accession   tlen query name           accession   qlen   E-value  score  bias   #  of  c-Evalue  i-Evalue  score  bias  from    to  from    to  from    to  acc description of target
#               ------------------- ---------- ----- -------------------- ---------- ----- --------- ------ ----- --- --- --------- --------- ------ ----- ----- ----- ----- ----- ----- ----- ---- ---------------------
NZ_ABFH02000001.1:1620558-1621028|- -            157 86613at91347         -            110   3.1e-58  192.5   1.0   1   2     1e-17   9.3e-15   52.6   0.0     1    56     1    57     1    63 0.87 NZ_ABFH02000001.1_1460 # 1620558 # 1621028 # -1 # ID=5_1460;partial=00;start_type=ATG;rbs_motif=GGA/GAG/AGG;rbs_spacer=5-10bp;gc_cont=0.527
NZ_ABFH02000001.1:1620558-1621028|- -            157 86613at91347         -            110   3.1e-58  192.5   1.0   2   2   1.4e-44   1.3e-41  139.0   0.2    34   110    79   156    71   156 0.97 NZ_ABFH02000001.1_1460 # 1620558 # 1621028 # -1 # ID=5_1460;partial=00;start_type=ATG;rbs_motif=GGA/GAG/AGG;rbs_spacer=5-10bp;gc_cont=0.527
NZ_ABFH02000001.1:232441-234210|+   -            590 86613at91347         -            110   4.2e-09   34.4   0.4   1   2       1.4   1.3e+03   -2.6   0.0    72    92   209   229   162   234 0.69 NZ_ABFH02000001.1_203 # 232441 # 234210 # 1 # ID=5_203;partial=00;start_type=ATG;rbs_motif=GGAGG;rbs_spacer=5-10bp;gc_cont=0.642
NZ_ABFH02000001.1:232441-234210|+   -            590 86613at91347         -            110   4.2e-09   34.4   0.4   2   2   1.2e-11   1.1e-08   33.0   0.1    61   109   539   588   521   589 0.88 NZ_ABFH02000001.1_203 # 232441 # 234210 # 1 # ID=5_203;partial=00;start_type=ATG;rbs_motif=GGAGG;rbs_spacer=5-10bp;gc_cont=0.642
NZ_ABFH02000002.1:1306528-1308297|- -            590 86613at91347         -            110   4.3e-09   34.4   0.4   1   2       1.4   1.3e+03   -2.6   0.0    72    92   209   229   161   234 0.69 NZ_ABFH02000002.1_1315 # 1306528 # 1308297 # -1 # ID=4_1315;partial=00;start_type=ATG;rbs_motif=GGAGG;rbs_spacer=5-10bp;gc_cont=0.640
NZ_ABFH02000002.1:1306528-1308297|- -            590 86613at91347         -            110   4.3e-09   34.4   0.4   2   2   1.3e-11   1.2e-08   33.0   0.1    61   109   539   588   521   589 0.88 NZ_ABFH02000002.1_1315 # 1306528 # 1308297 # -1 # ID=4_1315;partial=00;start_type=ATG;rbs_motif=GGAGG;rbs_spacer=5-10bp;gc_cont=0.640
NZ_ABFH02000001.1:1649295-1651064|+ -            590 86613at91347         -            110   8.3e-09   33.4   0.6   1   2       1.4   1.3e+03   -2.6   0.0    72    92   209   229   161   234 0.69 NZ_ABFH02000001.1_1487 # 1649295 # 1651064 # 1 # ID=5_1487;partial=00;start_type=ATG;rbs_motif=GGAGG;rbs_spacer=5-10bp;gc_cont=0.632
NZ_ABFH02000001.1:1649295-1651064|+ -            590 86613at91347         -            110   8.3e-09   33.4   0.6   2   2   2.1e-11   1.9e-08   32.3   0.1    61   109   539   588   521   589 0.88 NZ_ABFH02000001.1_1487 # 1649295 # 1651064 # 1 # ID=5_1487;partial=00;start_type=ATG;rbs_motif=GGAGG;rbs_spacer=5-10bp;gc_cont=0.632
NZ_ABFH02000001.1:116599-118488|-   -            630 86613at91347         -            110   1.5e-08   32.7  13.5   1   3   1.9e-05     0.017   13.1   0.7    56   108    20    73    11    75 0.87 NZ_ABFH02000001.1_105 # 116599 # 118488 # -1 # ID=5_105;partial=00;start_type=ATG;rbs_motif=GGAG/GAGG;rbs_spacer=5-10bp;gc_cont=0.554
NZ_ABFH02000001.1:116599-118488|-   -            630 86613at91347         -            110   1.5e-08   32.7  13.5   2   3   1.8e-05     0.017   13.1   0.5    55   109   122   177   115   178 0.88 NZ_ABFH02000001.1_105 # 116599 # 118488 # -1 # ID=5_105;partial=00;start_type=ATG;rbs_motif=GGAG/GAGG;rbs_spacer=5-10bp;gc_cont=0.554
NZ_ABFH02000001.1:116599-118488|-   -            630 86613at91347         -            110   1.5e-08   32.7  13.5   3   3   1.2e-05     0.011   13.7   0.7    55   109   223   278   218   279 0.88 NZ_ABFH02000001.1_105 # 116599 # 118488 # -1 # ID=5_105;partial=00;start_type=ATG;rbs_motif=GGAG/GAGG;rbs_spacer=5-10bp;gc_cont=0.554
#
# Program:         hmmsearch
# Version:         3.4 (Aug 2023)
# Pipeline mode:   SEARCH
# Query file:      /Users/dizzler/Projects/School/BIOL4600-Capstone/databases/lineages/enterobacterales_odb10/hmms/86613at91347.hmm
# Target file:     /Users/dizzler/Projects/School/BIOL4600-Capstone/reports/busco-results/GCF_000171535.2_ASM17153v2_genomic.fna/prodigal_output/predicted_genes/predicted.faa
# Option settings: hmmsearch --domtblout /Users/dizzler/Projects/School/BIOL4600-Capstone/reports/busco-results/GCF_000171535.2_ASM17153v2_genomic.fna/run_enterobacterales_odb10/hmmer_output/86613at91347.out --cpu 1 /Users/dizzler/Projects/School/BIOL4600-Capstone/databases/lineages/enterobacterales_odb10/hmms/86613at91347.hmm /Users/dizzler/Projects/School/BIOL4600-Capstone/reports/busco-results/GCF_000171535.2_ASM17153v2_genomic.fna/prodigal_output/predicted_genes/predicted.faa 
# Current dir:     /Users/dizzler/Projects/School/BIOL4600-Capstone
# Date:            Wed Feb 25 22:55:09 2026
# [ok]
