#                                                                                     --- full sequence --- -------------- this domain -------------   hmm coord   ali coord   env coord
# target name                 accession   tlen query name           accession   qlen   E-value  score  bias   #  of  c-Evalue  i-Evalue  score  bias  from    to  from    to  from    to  acc description of target
#         ------------------- ---------- ----- -------------------- ---------- ----- --------- ------ ----- --- --- --------- --------- ------ ----- ----- ----- ----- ----- ----- ----- ---- ---------------------
NC_011205.1:3487312-3489201|- -            630 12072at91347         -            455  8.8e-252  833.6   0.5   1   2  1.2e-228  5.1e-226  748.6   0.2     1   392    17   441    17   446 0.96 NC_011205.1_3348 # 3487312 # 3489201 # -1 # ID=1_3348;partial=00;start_type=ATG;rbs_motif=AGGA/GGAG/GAGG;rbs_spacer=11-12bp;gc_cont=0.582
NC_011205.1:3487312-3489201|- -            630 12072at91347         -            455  8.8e-252  833.6   0.5   2   2   8.9e-27   3.8e-24   83.2   0.0   386   455   479   559   476   559 0.89 NC_011205.1_3348 # 3487312 # 3489201 # -1 # ID=1_3348;partial=00;start_type=ATG;rbs_motif=AGGA/GGAG/GAGG;rbs_spacer=11-12bp;gc_cont=0.582
NC_011205.1:909734-911095|+   -            454 12072at91347         -            455   3.8e-97  323.8   0.3   1   1   1.2e-99   4.9e-97  323.5   0.3     1   340    12   374    12   379 0.92 NC_011205.1_858 # 909734 # 911095 # 1 # ID=1_858;partial=00;start_type=ATG;rbs_motif=GGAG/GAGG;rbs_spacer=5-10bp;gc_cont=0.585
NC_011205.1:2861952-2863286|+ -            445 12072at91347         -            455   1.8e-92  308.4   0.0   1   1   5.1e-95   2.2e-92  308.1   0.0     1   330    15   366    15   386 0.92 NC_011205.1_2751 # 2861952 # 2863286 # 1 # ID=1_2751;partial=00;start_type=ATG;rbs_motif=GGAG/GAGG;rbs_spacer=5-10bp;gc_cont=0.547
NC_011205.1:1618946-1620319|+ -            458 12072at91347         -            455   1.4e-91  305.5   0.0   1   2   6.5e-94   2.8e-91  304.5   0.0     2   331    15   363    14   376 0.89 NC_011205.1_1558 # 1618946 # 1620319 # 1 # ID=1_1558;partial=00;start_type=GTG;rbs_motif=GGA/GAG/AGG;rbs_spacer=5-10bp;gc_cont=0.555
NC_011205.1:1618946-1620319|+ -            458 12072at91347         -            455   1.4e-91  305.5   0.0   2   2      0.81   3.4e+02   -2.4   0.0   387   432   376   421   367   428 0.86 NC_011205.1_1558 # 1618946 # 1620319 # 1 # ID=1_1558;partial=00;start_type=GTG;rbs_motif=GGA/GAG/AGG;rbs_spacer=5-10bp;gc_cont=0.555
NC_011205.1:4152038-4153303|- -            422 12072at91347         -            455   2.6e-76  255.2   0.0   1   1   7.7e-79   3.3e-76  254.8   0.0     1   314    20   358    20   380 0.87 NC_011205.1_3967 # 4152038 # 4153303 # -1 # ID=1_3967;partial=00;start_type=ATG;rbs_motif=None;rbs_spacer=None;gc_cont=0.547
NC_011205.1:4189615-4191462|+ -            616 12072at91347         -            455   2.6e-23   80.4   0.1   1   1   1.5e-25   6.5e-23   79.1   0.1     7   327    26   357    21   379 0.79 NC_011205.1_4004 # 4189615 # 4191462 # 1 # ID=1_4004;partial=00;start_type=ATG;rbs_motif=None;rbs_spacer=None;gc_cont=0.551
NC_011205.1:888614-890635|+   -            674 12072at91347         -            455   3.1e-09   34.0   1.4   1   2    0.0042       1.8    5.1   0.0    30    70    37    74    10    85 0.77 NC_011205.1_836 # 888614 # 890635 # 1 # ID=1_836;partial=00;start_type=ATG;rbs_motif=GGA/GAG/AGG;rbs_spacer=5-10bp;gc_cont=0.554
NC_011205.1:888614-890635|+   -            674 12072at91347         -            455   3.1e-09   34.0   1.4   2   2   1.3e-09   5.5e-07   26.6   0.9   215   320   449   558   439   576 0.84 NC_011205.1_836 # 888614 # 890635 # 1 # ID=1_836;partial=00;start_type=ATG;rbs_motif=GGA/GAG/AGG;rbs_spacer=5-10bp;gc_cont=0.554
NC_011205.1:3976582-3978663|+ -            694 12072at91347         -            455   7.6e-07   26.1   0.2   1   2   0.00035      0.15    8.7   0.1    35   108   297   381   268   403 0.71 NC_011205.1_3810 # 3976582 # 3978663 # 1 # ID=1_3810;partial=00;start_type=ATG;rbs_motif=GGA/GAG/AGG;rbs_spacer=5-10bp;gc_cont=0.584
NC_011205.1:3976582-3978663|+ -            694 12072at91347         -            455   7.6e-07   26.1   0.2   2   2   3.8e-06    0.0016   15.2   0.0   242   315   523   597   512   612 0.84 NC_011205.1_3810 # 3976582 # 3978663 # 1 # ID=1_3810;partial=00;start_type=ATG;rbs_motif=GGA/GAG/AGG;rbs_spacer=5-10bp;gc_cont=0.584
NC_011205.1:4330319-4332517|- -            733 12072at91347         -            455   4.8e-05   20.2   0.0   1   2   0.00058      0.25    8.0   0.0    35   111   225   309   215   322 0.74 NC_011205.1_4137 # 4330319 # 4332517 # -1 # ID=1_4137;partial=00;start_type=ATG;rbs_motif=AGGA;rbs_spacer=5-10bp;gc_cont=0.593
NC_011205.1:4330319-4332517|- -            733 12072at91347         -            455   4.8e-05   20.2   0.0   2   2   0.00016     0.067    9.9   0.0   252   327   522   609   512   648 0.82 NC_011205.1_4137 # 4330319 # 4332517 # -1 # ID=1_4137;partial=00;start_type=ATG;rbs_motif=AGGA;rbs_spacer=5-10bp;gc_cont=0.593
NC_011205.1:105501-108407|-   -            969 12072at91347         -            455    0.0021   14.8   0.0   1   1   8.2e-06    0.0035   14.1   0.0   201   317   492   611   434   638 0.85 NC_011205.1_92 # 105501 # 108407 # -1 # ID=1_92;partial=00;start_type=ATG;rbs_motif=GGA/GAG/AGG;rbs_spacer=5-10bp;gc_cont=0.570
NC_011205.1:215961-218435|+   -            825 12072at91347         -            455     0.073    9.7   0.6   1   2    0.0011      0.47    7.1   0.1    26    78    34    88    16   176 0.80 NC_011205.1_189 # 215961 # 218435 # 1 # ID=1_189;partial=00;start_type=ATG;rbs_motif=GGA/GAG/AGG;rbs_spacer=5-10bp;gc_cont=0.593
NC_011205.1:215961-218435|+   -            825 12072at91347         -            455     0.073    9.7   0.6   2   2     0.098        42    0.6   0.0   261   287   279   305   258   353 0.66 NC_011205.1_189 # 215961 # 218435 # 1 # ID=1_189;partial=00;start_type=ATG;rbs_motif=GGA/GAG/AGG;rbs_spacer=5-10bp;gc_cont=0.593
#
# Program:         hmmsearch
# Version:         3.4 (Aug 2023)
# Pipeline mode:   SEARCH
# Query file:      /Users/dizzler/Projects/School/BIOL4600-Capstone/busco_downloads/lineages/enterobacterales_odb10/hmms/12072at91347.hmm
# Target file:     reports/busco-results/GCF_000020925.1_ASM2092v1_genomic.fna/prodigal_output/predicted_genes/predicted.faa
# Option settings: hmmsearch --domtblout reports/busco-results/GCF_000020925.1_ASM2092v1_genomic.fna/run_enterobacterales_odb10/hmmer_output/12072at91347.out --cpu 1 /Users/dizzler/Projects/School/BIOL4600-Capstone/busco_downloads/lineages/enterobacterales_odb10/hmms/12072at91347.hmm reports/busco-results/GCF_000020925.1_ASM2092v1_genomic.fna/prodigal_output/predicted_genes/predicted.faa 
# Current dir:     /Users/dizzler/Projects/School/BIOL4600-Capstone
# Date:            Sat Feb 21 23:24:01 2026
# [ok]
