#                                                                                     --- full sequence --- -------------- this domain -------------   hmm coord   ali coord   env coord
# target name                 accession   tlen query name           accession   qlen   E-value  score  bias   #  of  c-Evalue  i-Evalue  score  bias  from    to  from    to  from    to  acc description of target
#         ------------------- ---------- ----- -------------------- ---------- ----- --------- ------ ----- --- --- --------- --------- ------ ----- ----- ----- ----- ----- ----- ----- ---- ---------------------
NC_011205.1:146759-148234|+   -            492 19201at91347         -            411  1.2e-208  691.2   0.0   1   2  1.9e-134  1.8e-131  437.0   0.0     6   248    11   264     4   274 0.95 NC_011205.1_126 # 146759 # 148234 # 1 # ID=1_126;partial=00;start_type=ATG;rbs_motif=4Base/6BMM;rbs_spacer=13-15bp;gc_cont=0.565
NC_011205.1:146759-148234|+   -            492 19201at91347         -            411  1.2e-208  691.2   0.0   2   2   5.7e-77   5.4e-74  247.6   0.0   245   410   284   479   279   480 0.89 NC_011205.1_126 # 146759 # 148234 # 1 # ID=1_126;partial=00;start_type=ATG;rbs_motif=4Base/6BMM;rbs_spacer=13-15bp;gc_cont=0.565
NC_011205.1:4672048-4673421|+ -            458 19201at91347         -            411   3.6e-43  146.1   0.0   1   2   2.1e-35     2e-32  110.7   0.0    16   221     2   224     1   231 0.84 NC_011205.1_4418 # 4672048 # 4673421 # 1 # ID=1_4418;partial=00;start_type=ATG;rbs_motif=AGGA;rbs_spacer=5-10bp;gc_cont=0.583
NC_011205.1:4672048-4673421|+ -            458 19201at91347         -            411   3.6e-43  146.1   0.0   2   2   6.7e-12   6.2e-09   33.3   0.0   248   356   274   387   266   442 0.87 NC_011205.1_4418 # 4672048 # 4673421 # 1 # ID=1_4418;partial=00;start_type=ATG;rbs_motif=AGGA;rbs_spacer=5-10bp;gc_cont=0.583
NC_011205.1:143016-144332|+   -            439 19201at91347         -            411   4.8e-12   43.6   0.0   1   2   4.1e-09   3.8e-06   24.1   0.0    65   203    65   201    45   217 0.81 NC_011205.1_123 # 143016 # 144332 # 1 # ID=1_123;partial=00;start_type=ATG;rbs_motif=GGA/GAG/AGG;rbs_spacer=5-10bp;gc_cont=0.582
NC_011205.1:143016-144332|+   -            439 19201at91347         -            411   4.8e-12   43.6   0.0   2   2   5.1e-07   0.00048   17.2   0.0   242   291   257   307   251   318 0.87 NC_011205.1_123 # 143016 # 144332 # 1 # ID=1_123;partial=00;start_type=ATG;rbs_motif=GGA/GAG/AGG;rbs_spacer=5-10bp;gc_cont=0.582
NC_011205.1:139095-140582|+   -            496 19201at91347         -            411   5.4e-06   23.7   0.2   1   2   3.2e-05      0.03   11.3   0.7   109   226   112   249   106   265 0.59 NC_011205.1_120 # 139095 # 140582 # 1 # ID=1_120;partial=00;start_type=GTG;rbs_motif=GGAG/GAGG;rbs_spacer=5-10bp;gc_cont=0.590
NC_011205.1:139095-140582|+   -            496 19201at91347         -            411   5.4e-06   23.7   0.2   2   2    0.0017       1.6    5.6   0.0   251   318   305   375   299   385 0.69 NC_011205.1_120 # 139095 # 140582 # 1 # ID=1_120;partial=00;start_type=GTG;rbs_motif=GGAG/GAGG;rbs_spacer=5-10bp;gc_cont=0.590
NC_011205.1:140579-141937|+   -            453 19201at91347         -            411    0.0019   15.2   0.0   1   2    0.0022       2.1    5.2   0.0   108   221   102   222    88   236 0.76 NC_011205.1_121 # 140579 # 141937 # 1 # ID=1_121;partial=00;start_type=ATG;rbs_motif=GGxGG;rbs_spacer=5-10bp;gc_cont=0.564
NC_011205.1:140579-141937|+   -            453 19201at91347         -            411    0.0019   15.2   0.0   2   2   0.00038      0.35    7.8   0.1   245   287   273   316   267   349 0.73 NC_011205.1_121 # 140579 # 141937 # 1 # ID=1_121;partial=00;start_type=ATG;rbs_motif=GGxGG;rbs_spacer=5-10bp;gc_cont=0.564
#
# Program:         hmmsearch
# Version:         3.4 (Aug 2023)
# Pipeline mode:   SEARCH
# Query file:      /Users/dizzler/Projects/School/BIOL4600-Capstone/busco_downloads/lineages/enterobacterales_odb10/hmms/19201at91347.hmm
# Target file:     reports/busco-results/GCF_000020925.1_ASM2092v1_genomic.fna/prodigal_output/predicted_genes/predicted.faa
# Option settings: hmmsearch --domtblout reports/busco-results/GCF_000020925.1_ASM2092v1_genomic.fna/run_enterobacterales_odb10/hmmer_output/19201at91347.out --cpu 1 /Users/dizzler/Projects/School/BIOL4600-Capstone/busco_downloads/lineages/enterobacterales_odb10/hmms/19201at91347.hmm reports/busco-results/GCF_000020925.1_ASM2092v1_genomic.fna/prodigal_output/predicted_genes/predicted.faa 
# Current dir:     /Users/dizzler/Projects/School/BIOL4600-Capstone
# Date:            Sat Feb 21 23:24:01 2026
# [ok]
