#                                                                                     --- full sequence --- -------------- this domain -------------   hmm coord   ali coord   env coord
# target name                 accession   tlen query name           accession   qlen   E-value  score  bias   #  of  c-Evalue  i-Evalue  score  bias  from    to  from    to  from    to  acc description of target
#         ------------------- ---------- ----- -------------------- ---------- ----- --------- ------ ----- --- --- --------- --------- ------ ----- ----- ----- ----- ----- ----- ----- ---- ---------------------
NC_011205.1:491679-493043|-   -            455 26452at91347         -            382  1.6e-173  574.9  30.3   1   1  2.3e-172  3.1e-170  564.1  30.3     1   382     1   449     1   449 0.89 NC_011205.1_438 # 491679 # 493043 # -1 # ID=1_438;partial=00;start_type=ATG;rbs_motif=GGAG/GAGG;rbs_spacer=5-10bp;gc_cont=0.547
NC_011205.1:2453057-2454247|- -            397 26452at91347         -            382   4.5e-16   56.6  16.4   1   1   3.3e-18   4.5e-16   56.6  16.4    10   190     9   190     1   221 0.83 NC_011205.1_2386 # 2453057 # 2454247 # -1 # ID=1_2386;partial=00;start_type=GTG;rbs_motif=AGGAG;rbs_spacer=5-10bp;gc_cont=0.537
NC_011205.1:1851170-1852375|+ -            402 26452at91347         -            382   1.1e-15   55.3   3.5   1   2   8.1e-18   1.1e-15   55.3   3.5    22   192    17   188     1   221 0.87 NC_011205.1_1782 # 1851170 # 1852375 # 1 # ID=1_1782;partial=00;start_type=ATG;rbs_motif=GGA/GAG/AGG;rbs_spacer=5-10bp;gc_cont=0.547
NC_011205.1:1851170-1852375|+ -            402 26452at91347         -            382   1.1e-15   55.3   3.5   2   2       1.4   1.9e+02   -1.4   0.4   203   224   339   360   291   379 0.56 NC_011205.1_1782 # 1851170 # 1852375 # 1 # ID=1_1782;partial=00;start_type=ATG;rbs_motif=GGA/GAG/AGG;rbs_spacer=5-10bp;gc_cont=0.547
NC_011205.1:4032716-4033900|+ -            395 26452at91347         -            382   2.5e-13   47.6   4.9   1   2   1.8e-15   2.5e-13   47.6   4.9    12   173     9   171     1   189 0.76 NC_011205.1_3864 # 4032716 # 4033900 # 1 # ID=1_3864;partial=00;start_type=ATG;rbs_motif=None;rbs_spacer=None;gc_cont=0.585
NC_011205.1:4032716-4033900|+ -            395 26452at91347         -            382   2.5e-13   47.6   4.9   2   2       7.9   1.1e+03   -3.9   0.3   316   336   231   246   221   256 0.47 NC_011205.1_3864 # 4032716 # 4033900 # 1 # ID=1_3864;partial=00;start_type=ATG;rbs_motif=None;rbs_spacer=None;gc_cont=0.585
NC_011205.1:4082805-4083992|+ -            396 26452at91347         -            382   3.5e-13   47.1  12.7   1   2   2.5e-15   3.5e-13   47.1  12.7    26   219    18   224     3   305 0.77 NC_011205.1_3908 # 4082805 # 4083992 # 1 # ID=1_3908;partial=00;start_type=ATG;rbs_motif=GGAG/GAGG;rbs_spacer=5-10bp;gc_cont=0.550
NC_011205.1:4082805-4083992|+ -            396 26452at91347         -            382   3.5e-13   47.1  12.7   2   2      0.33        45    0.7   0.5   159   190   349   383   327   390 0.64 NC_011205.1_3908 # 4082805 # 4083992 # 1 # ID=1_3908;partial=00;start_type=ATG;rbs_motif=GGAG/GAGG;rbs_spacer=5-10bp;gc_cont=0.550
NC_011205.1:584515-585762|+   -            416 26452at91347         -            382   4.2e-12   43.6  28.3   1   2   1.1e-13   1.5e-11   41.8  13.8    29   184    32   192     8   209 0.81 NC_011205.1_523 # 584515 # 585762 # 1 # ID=1_523;partial=00;start_type=ATG;rbs_motif=GGA/GAG/AGG;rbs_spacer=5-10bp;gc_cont=0.464
NC_011205.1:584515-585762|+   -            416 26452at91347         -            382   4.2e-12   43.6  28.3   2   2    0.0024      0.33    7.7   6.5    17   190   228   407   214   414 0.71 NC_011205.1_523 # 584515 # 585762 # 1 # ID=1_523;partial=00;start_type=ATG;rbs_motif=GGA/GAG/AGG;rbs_spacer=5-10bp;gc_cont=0.464
NC_011205.1:4756929-4758170|- -            414 26452at91347         -            382     1e-11   42.3  11.6   1   1   1.3e-13   1.8e-11   41.5  11.6    52   191    56   197    46   276 0.92 NC_011205.1_4509 # 4756929 # 4758170 # -1 # ID=1_4509;partial=00;start_type=ATG;rbs_motif=GGAG/GAGG;rbs_spacer=5-10bp;gc_cont=0.572
NC_011205.1:1794145-1795398|+ -            418 26452at91347         -            382   1.6e-11   41.7  18.1   1   2   1.1e-10   1.5e-08   31.9   8.3    30   205    58   231    34   261 0.80 NC_011205.1_1723 # 1794145 # 1795398 # 1 # ID=1_1723;partial=00;start_type=GTG;rbs_motif=AGGA;rbs_spacer=5-10bp;gc_cont=0.550
NC_011205.1:1794145-1795398|+ -            418 26452at91347         -            382   1.6e-11   41.7  18.1   2   2   1.3e-05    0.0017   15.2   2.2   259   328   317   385   294   399 0.86 NC_011205.1_1723 # 1794145 # 1795398 # 1 # ID=1_1723;partial=00;start_type=GTG;rbs_motif=AGGA;rbs_spacer=5-10bp;gc_cont=0.550
NC_011205.1:2114729-2115937|+ -            403 26452at91347         -            382   1.9e-10   38.2  16.9   1   1   1.4e-11   1.9e-09   34.8  16.9    22   330    21   359    12   368 0.72 NC_011205.1_2047 # 2114729 # 2115937 # 1 # ID=1_2047;partial=00;start_type=ATG;rbs_motif=GGAGG;rbs_spacer=3-4bp;gc_cont=0.564
NC_011205.1:962631-963863|+   -            411 26452at91347         -            382   3.3e-10   37.4   3.9   1   2   2.4e-12   3.3e-10   37.4   3.9    60   200    65   207    48   255 0.83 NC_011205.1_908 # 962631 # 963863 # 1 # ID=1_908;partial=00;start_type=ATG;rbs_motif=GGA/GAG/AGG;rbs_spacer=5-10bp;gc_cont=0.555
NC_011205.1:962631-963863|+   -            411 26452at91347         -            382   3.3e-10   37.4   3.9   2   2       1.2   1.7e+02   -1.2   0.7    87    98   295   306   257   398 0.67 NC_011205.1_908 # 962631 # 963863 # 1 # ID=1_908;partial=00;start_type=ATG;rbs_motif=GGA/GAG/AGG;rbs_spacer=5-10bp;gc_cont=0.555
NC_011205.1:1200135-1200926|+ -            264 26452at91347         -            382   3.4e-10   37.3   0.3   1   1     4e-12   5.5e-10   36.6   0.3    67   189    73   196    68   240 0.86 NC_011205.1_1131 # 1200135 # 1200926 # 1 # ID=1_1131;partial=00;start_type=GTG;rbs_motif=GGA/GAG/AGG;rbs_spacer=5-10bp;gc_cont=0.456
NC_011205.1:2353348-2354760|+ -            471 26452at91347         -            382   8.8e-10   35.9  10.0   1   1   6.4e-12   8.8e-10   35.9  10.0    49   211    47   211     7   216 0.83 NC_011205.1_2295 # 2353348 # 2354760 # 1 # ID=1_2295;partial=00;start_type=ATG;rbs_motif=AGxAG;rbs_spacer=3-4bp;gc_cont=0.542
NC_011205.1:3733693-3735027|+ -            445 26452at91347         -            382   2.4e-09   34.5   1.4   1   2   1.8e-11   2.4e-09   34.5   1.4    46   185    52   193    45   206 0.89 NC_011205.1_3594 # 3733693 # 3735027 # 1 # ID=1_3594;partial=00;start_type=ATG;rbs_motif=GGA/GAG/AGG;rbs_spacer=5-10bp;gc_cont=0.542
NC_011205.1:3733693-3735027|+ -            445 26452at91347         -            382   2.4e-09   34.5   1.4   2   2       1.2   1.7e+02   -1.2   0.6   318   354   374   410   363   416 0.81 NC_011205.1_3594 # 3733693 # 3735027 # 1 # ID=1_3594;partial=00;start_type=ATG;rbs_motif=GGA/GAG/AGG;rbs_spacer=5-10bp;gc_cont=0.542
NC_011205.1:3300397-3301791|+ -            465 26452at91347         -            382   2.9e-09   34.2  24.1   1   2   7.2e-08     1e-05   22.6   6.3    65   160    70   167    58   197 0.73 NC_011205.1_3165 # 3300397 # 3301791 # 1 # ID=1_3165;partial=00;start_type=ATG;rbs_motif=GGAGG;rbs_spacer=5-10bp;gc_cont=0.553
NC_011205.1:3300397-3301791|+ -            465 26452at91347         -            382   2.9e-09   34.2  24.1   2   2   1.5e-05     0.002   15.0   9.8    55   202   295   453   249   456 0.71 NC_011205.1_3165 # 3300397 # 3301791 # 1 # ID=1_3165;partial=00;start_type=ATG;rbs_motif=GGAGG;rbs_spacer=5-10bp;gc_cont=0.553
NC_011205.1:3223549-3224967|- -            473 26452at91347         -            382   1.6e-08   31.8  21.2   1   2   8.9e-09   1.2e-06   25.6   6.3    61   184    73   198    35   220 0.87 NC_011205.1_3090 # 3223549 # 3224967 # -1 # ID=1_3090;partial=00;start_type=ATG;rbs_motif=GGA/GAG/AGG;rbs_spacer=5-10bp;gc_cont=0.527
NC_011205.1:3223549-3224967|- -            473 26452at91347         -            382   1.6e-08   31.8  21.2   2   2   0.00022     0.031   11.1   5.4    69   201   316   462   290   467 0.69 NC_011205.1_3090 # 3223549 # 3224967 # -1 # ID=1_3090;partial=00;start_type=ATG;rbs_motif=GGA/GAG/AGG;rbs_spacer=5-10bp;gc_cont=0.527
NC_011205.1:438904-439803|+   -            300 26452at91347         -            382   2.7e-08   31.0  19.5   1   2   4.4e-10     6e-08   29.9  12.3    26   187    21   187     5   200 0.84 NC_011205.1_382 # 438904 # 439803 # 1 # ID=1_382;partial=00;start_type=ATG;rbs_motif=GGA/GAG/AGG;rbs_spacer=3-4bp;gc_cont=0.519
NC_011205.1:438904-439803|+   -            300 26452at91347         -            382   2.7e-08   31.0  19.5   2   2      0.01       1.4    5.6   0.6    30    88   231   292   211   296 0.77 NC_011205.1_382 # 438904 # 439803 # 1 # ID=1_382;partial=00;start_type=ATG;rbs_motif=GGA/GAG/AGG;rbs_spacer=3-4bp;gc_cont=0.519
NC_011205.1:2124538-2125752|+ -            405 26452at91347         -            382   4.3e-08   30.4  25.5   1   2   3.4e-07   4.7e-05   20.4  11.1    29   197    30   200    10   230 0.78 NC_011205.1_2059 # 2124538 # 2125752 # 1 # ID=1_2059;partial=00;start_type=ATG;rbs_motif=GGA/GAG/AGG;rbs_spacer=5-10bp;gc_cont=0.547
NC_011205.1:2124538-2125752|+ -            405 26452at91347         -            382   4.3e-08   30.4  25.5   2   2     3e-05    0.0041   14.0   8.8    12   174   218   385   211   393 0.73 NC_011205.1_2059 # 2124538 # 2125752 # 1 # ID=1_2059;partial=00;start_type=ATG;rbs_motif=GGA/GAG/AGG;rbs_spacer=5-10bp;gc_cont=0.547
NC_011205.1:4126083-4127510|- -            476 26452at91347         -            382     7e-08   29.7  10.8   1   2     5e-10     7e-08   29.7  10.8    52   249    51   246     5   268 0.75 NC_011205.1_3949 # 4126083 # 4127510 # -1 # ID=1_3949;partial=00;start_type=ATG;rbs_motif=AGGA;rbs_spacer=5-10bp;gc_cont=0.519
NC_011205.1:4126083-4127510|- -            476 26452at91347         -            382     7e-08   29.7  10.8   2   2       5.2   7.2e+02   -3.3   4.5    84   152   334   414   309   462 0.47 NC_011205.1_3949 # 4126083 # 4127510 # -1 # ID=1_3949;partial=00;start_type=ATG;rbs_motif=AGGA;rbs_spacer=5-10bp;gc_cont=0.519
NC_011205.1:1759161-1760351|+ -            397 26452at91347         -            382   2.7e-07   27.7  14.5   1   3     2e-09   2.7e-07   27.7  14.5    45   229    46   230    16   237 0.86 NC_011205.1_1684 # 1759161 # 1760351 # 1 # ID=1_1684;partial=00;start_type=ATG;rbs_motif=None;rbs_spacer=None;gc_cont=0.533
NC_011205.1:1759161-1760351|+ -            397 26452at91347         -            382   2.7e-07   27.7  14.5   2   3         8   1.1e+03   -3.9   4.4   154   215   233   291   215   326 0.55 NC_011205.1_1684 # 1759161 # 1760351 # 1 # ID=1_1684;partial=00;start_type=ATG;rbs_motif=None;rbs_spacer=None;gc_cont=0.533
NC_011205.1:1759161-1760351|+ -            397 26452at91347         -            382   2.7e-07   27.7  14.5   3   3       6.2   8.5e+02   -3.5   4.3   253   322   277   351   248   368 0.52 NC_011205.1_1684 # 1759161 # 1760351 # 1 # ID=1_1684;partial=00;start_type=ATG;rbs_motif=None;rbs_spacer=None;gc_cont=0.533
NC_011205.1:1710234-1711721|+ -            496 26452at91347         -            382   8.7e-07   26.1  19.7   1   2   6.3e-09   8.7e-07   26.1  19.7    37   285    32   281     9   329 0.67 NC_011205.1_1641 # 1710234 # 1711721 # 1 # ID=1_1641;partial=00;start_type=ATG;rbs_motif=GGA/GAG/AGG;rbs_spacer=5-10bp;gc_cont=0.581
NC_011205.1:1710234-1711721|+ -            496 26452at91347         -            382   8.7e-07   26.1  19.7   2   2       1.8   2.5e+02   -1.8   0.1   279   329   360   412   336   421 0.74 NC_011205.1_1641 # 1710234 # 1711721 # 1 # ID=1_1641;partial=00;start_type=ATG;rbs_motif=GGA/GAG/AGG;rbs_spacer=5-10bp;gc_cont=0.581
NC_011205.1:3004101-3005285|+ -            395 26452at91347         -            382   1.6e-06   25.2  10.2   1   3   1.2e-08   1.6e-06   25.2  10.2    44   214    46   213    11   249 0.78 NC_011205.1_2885 # 3004101 # 3005285 # 1 # ID=1_2885;partial=00;start_type=ATG;rbs_motif=None;rbs_spacer=None;gc_cont=0.592
NC_011205.1:3004101-3005285|+ -            395 26452at91347         -            382   1.6e-06   25.2  10.2   2   3       1.4     2e+02   -1.4   0.5    54   106   254   307   233   326 0.71 NC_011205.1_2885 # 3004101 # 3005285 # 1 # ID=1_2885;partial=00;start_type=ATG;rbs_motif=None;rbs_spacer=None;gc_cont=0.592
NC_011205.1:3004101-3005285|+ -            395 26452at91347         -            382   1.6e-06   25.2  10.2   3   3      0.92   1.3e+02   -0.8   0.6   285   324   318   356   270   366 0.59 NC_011205.1_2885 # 3004101 # 3005285 # 1 # ID=1_2885;partial=00;start_type=ATG;rbs_motif=None;rbs_spacer=None;gc_cont=0.592
NC_011205.1:1427692-1429065|- -            458 26452at91347         -            382   1.8e-06   25.0  12.2   1   2   1.3e-08   1.8e-06   25.0  12.2    53   194    57   200    15   223 0.76 NC_011205.1_1372 # 1427692 # 1429065 # -1 # ID=1_1372;partial=00;start_type=ATG;rbs_motif=None;rbs_spacer=None;gc_cont=0.549
NC_011205.1:1427692-1429065|- -            458 26452at91347         -            382   1.8e-06   25.0  12.2   2   2       2.6   3.6e+02   -2.3   0.1   291   328   383   420   361   423 0.81 NC_011205.1_1372 # 1427692 # 1429065 # -1 # ID=1_1372;partial=00;start_type=ATG;rbs_motif=None;rbs_spacer=None;gc_cont=0.549
NC_011205.1:1763652-1764389|+ -            246 26452at91347         -            382   2.7e-06   24.5   8.4   1   1   2.2e-08     3e-06   24.3   8.4    13   188     9   185     1   233 0.83 NC_011205.1_1690 # 1763652 # 1764389 # 1 # ID=1_1690;partial=00;start_type=ATG;rbs_motif=GGA/GAG/AGG;rbs_spacer=5-10bp;gc_cont=0.519
NC_011205.1:2405943-2407301|- -            453 26452at91347         -            382   6.1e-06   23.3   0.6   1   1   4.4e-08   6.1e-06   23.3   0.6    67   188    77   200    65   213 0.88 NC_011205.1_2343 # 2405943 # 2407301 # -1 # ID=1_2343;partial=00;start_type=ATG;rbs_motif=GGAG/GAGG;rbs_spacer=5-10bp;gc_cont=0.588
NC_011205.1:405282-406535|+   -            418 26452at91347         -            382   7.3e-06   23.0  17.5   1   2   3.9e-06   0.00053   16.9   8.9    12   219    14   226     6   241 0.78 NC_011205.1_355 # 405282 # 406535 # 1 # ID=1_355;partial=00;start_type=ATG;rbs_motif=AGGA;rbs_spacer=5-10bp;gc_cont=0.542
NC_011205.1:405282-406535|+   -            418 26452at91347         -            382   7.3e-06   23.0  17.5   2   2   0.00022      0.03   11.1   1.4    47    86   250   289   237   320 0.82 NC_011205.1_355 # 405282 # 406535 # 1 # ID=1_355;partial=00;start_type=ATG;rbs_motif=AGGA;rbs_spacer=5-10bp;gc_cont=0.542
NC_011205.1:297748-298923|+   -            392 26452at91347         -            382   1.2e-05   22.4  13.3   1   1   8.5e-08   1.2e-05   22.4  13.3    28   189    20   182     6   206 0.85 NC_011205.1_254 # 297748 # 298923 # 1 # ID=1_254;partial=00;start_type=ATG;rbs_motif=GGAG/GAGG;rbs_spacer=5-10bp;gc_cont=0.560
NC_011205.1:2605756-2606625|- -            290 26452at91347         -            382   2.7e-05   21.2   7.6   1   3         2   2.8e+02   -1.9   0.3   104   176    13    87     9   100 0.64 NC_011205.1_2526 # 2605756 # 2606625 # -1 # ID=1_2526;partial=00;start_type=TTG;rbs_motif=None;rbs_spacer=None;gc_cont=0.617
NC_011205.1:2605756-2606625|- -            290 26452at91347         -            382   2.7e-05   21.2   7.6   2   3       2.5   3.5e+02   -2.2   0.0   100   115   115   131   110   143 0.63 NC_011205.1_2526 # 2605756 # 2606625 # -1 # ID=1_2526;partial=00;start_type=TTG;rbs_motif=None;rbs_spacer=None;gc_cont=0.617
NC_011205.1:2605756-2606625|- -            290 26452at91347         -            382   2.7e-05   21.2   7.6   3   3     2e-07   2.7e-05   21.2   7.6    47   183   146   284   129   286 0.79 NC_011205.1_2526 # 2605756 # 2606625 # -1 # ID=1_2526;partial=00;start_type=TTG;rbs_motif=None;rbs_spacer=None;gc_cont=0.617
NC_011205.1:374799-376031|+   -            411 26452at91347         -            382   8.2e-05   19.6  27.5   1   1   3.2e-06   0.00044   17.2  27.5    65   338    67   376    51   407 0.70 NC_011205.1_327 # 374799 # 376031 # 1 # ID=1_327;partial=00;start_type=ATG;rbs_motif=GGA/GAG/AGG;rbs_spacer=5-10bp;gc_cont=0.431
NC_011205.1:2606641-2606934|- -             98 26452at91347         -            382   0.00038   17.4   0.2   1   1     3e-06   0.00042   17.3   0.2    21    86    25    90     5    96 0.83 NC_011205.1_2527 # 2606641 # 2606934 # -1 # ID=1_2527;partial=00;start_type=ATG;rbs_motif=GGAG/GAGG;rbs_spacer=5-10bp;gc_cont=0.561
NC_011205.1:2506336-2507553|- -            406 26452at91347         -            382   0.00065   16.6  14.6   1   2   4.7e-06   0.00065   16.6  14.6    11   190    17   199     8   231 0.80 NC_011205.1_2434 # 2506336 # 2507553 # -1 # ID=1_2434;partial=00;start_type=GTG;rbs_motif=GGA/GAG/AGG;rbs_spacer=5-10bp;gc_cont=0.503
NC_011205.1:2506336-2507553|- -            406 26452at91347         -            382   0.00065   16.6  14.6   2   2     0.033       4.6    3.9  11.9    55   177   258   382   216   393 0.79 NC_011205.1_2434 # 2506336 # 2507553 # -1 # ID=1_2434;partial=00;start_type=GTG;rbs_motif=GGA/GAG/AGG;rbs_spacer=5-10bp;gc_cont=0.503
NC_011205.1:3547347-3548837|- -            497 26452at91347         -            382    0.0069   13.2  16.5   1   2   1.1e-05    0.0015   15.5  10.8    66   338    74   349    66   369 0.74 NC_011205.1_3406 # 3547347 # 3548837 # -1 # ID=1_3406;partial=00;start_type=ATG;rbs_motif=GGAG/GAGG;rbs_spacer=5-10bp;gc_cont=0.553
NC_011205.1:3547347-3548837|- -            497 26452at91347         -            382    0.0069   13.2  16.5   2   2       0.8   1.1e+02   -0.6   0.1   148   190   416   459   395   463 0.72 NC_011205.1_3406 # 3547347 # 3548837 # -1 # ID=1_3406;partial=00;start_type=ATG;rbs_motif=GGAG/GAGG;rbs_spacer=5-10bp;gc_cont=0.553
NC_011205.1:3007628-3009166|+ -            513 26452at91347         -            382    0.0085   12.9  15.7   1   2   0.00022     0.031   11.1  13.1    53   238    55   245    43   298 0.68 NC_011205.1_2888 # 3007628 # 3009166 # 1 # ID=1_2888;partial=00;start_type=ATG;rbs_motif=GGAG/GAGG;rbs_spacer=5-10bp;gc_cont=0.569
NC_011205.1:3007628-3009166|+ -            513 26452at91347         -            382    0.0085   12.9  15.7   2   2      0.89   1.2e+02   -0.7   4.9   170   253   234   324   226   355 0.66 NC_011205.1_2888 # 3007628 # 3009166 # 1 # ID=1_2888;partial=00;start_type=ATG;rbs_motif=GGAG/GAGG;rbs_spacer=5-10bp;gc_cont=0.569
NC_011205.1:3097770-3098978|- -            403 26452at91347         -            382     0.022   11.6  21.0   1   2   1.2e-05    0.0017   15.3  10.7    64   223    57   216     1   226 0.79 NC_011205.1_2979 # 3097770 # 3098978 # -1 # ID=1_2979;partial=00;start_type=ATG;rbs_motif=GGAGG;rbs_spacer=5-10bp;gc_cont=0.541
NC_011205.1:3097770-3098978|- -            403 26452at91347         -            382     0.022   11.6  21.0   2   2       1.2   1.6e+02   -1.1   7.8    14   105   204   301   199   393 0.73 NC_011205.1_2979 # 3097770 # 3098978 # -1 # ID=1_2979;partial=00;start_type=ATG;rbs_motif=GGAGG;rbs_spacer=5-10bp;gc_cont=0.541
NC_011205.1:448221-449393|-   -            391 26452at91347         -            382      0.11    9.3  32.1   1   1     0.016       2.1    5.0  32.1    28   200    20   193     2   372 0.90 NC_011205.1_395 # 448221 # 449393 # -1 # ID=1_395;partial=00;start_type=ATG;rbs_motif=GGA/GAG/AGG;rbs_spacer=3-4bp;gc_cont=0.558
#
# Program:         hmmsearch
# Version:         3.4 (Aug 2023)
# Pipeline mode:   SEARCH
# Query file:      /Users/dizzler/Projects/School/BIOL4600-Capstone/databases/lineages/enterobacterales_odb10/hmms/26452at91347.hmm
# Target file:     /Users/dizzler/Projects/School/BIOL4600-Capstone/reports/busco-results/GCF_000020925.1_ASM2092v1_genomic.fna/prodigal_output/predicted_genes/predicted.faa
# Option settings: hmmsearch --domtblout /Users/dizzler/Projects/School/BIOL4600-Capstone/reports/busco-results/GCF_000020925.1_ASM2092v1_genomic.fna/run_enterobacterales_odb10/hmmer_output/26452at91347.out --cpu 1 /Users/dizzler/Projects/School/BIOL4600-Capstone/databases/lineages/enterobacterales_odb10/hmms/26452at91347.hmm /Users/dizzler/Projects/School/BIOL4600-Capstone/reports/busco-results/GCF_000020925.1_ASM2092v1_genomic.fna/prodigal_output/predicted_genes/predicted.faa 
# Current dir:     /Users/dizzler/Projects/School/BIOL4600-Capstone
# Date:            Wed Feb 25 22:55:17 2026
# [ok]
