#                                                                                     --- full sequence --- -------------- this domain -------------   hmm coord   ali coord   env coord
# target name                 accession   tlen query name           accession   qlen   E-value  score  bias   #  of  c-Evalue  i-Evalue  score  bias  from    to  from    to  from    to  acc description of target
#         ------------------- ---------- ----- -------------------- ---------- ----- --------- ------ ----- --- --- --------- --------- ------ ----- ----- ----- ----- ----- ----- ----- ---- ---------------------
NC_011205.1:3511061-3512233|- -            391 31545at91347         -            292  2.4e-148  491.2   0.2   1   2  7.5e-148  4.4e-145  480.5   0.1     1   273     1   289     1   303 0.95 NC_011205.1_3368 # 3511061 # 3512233 # -1 # ID=1_3368;partial=00;start_type=ATG;rbs_motif=GGAG/GAGG;rbs_spacer=5-10bp;gc_cont=0.552
NC_011205.1:3511061-3512233|- -            391 31545at91347         -            292  2.4e-148  491.2   0.2   2   2   0.00031      0.18    9.1   0.0   273   292   309   332   307   332 0.88 NC_011205.1_3368 # 3511061 # 3512233 # -1 # ID=1_3368;partial=00;start_type=ATG;rbs_motif=GGAG/GAGG;rbs_spacer=5-10bp;gc_cont=0.552
NC_011205.1:4617471-4618751|+ -            427 31545at91347         -            292   2.6e-14   51.2   0.0   1   1   7.6e-17   4.5e-14   50.5   0.0   141   273   193   323   167   327 0.78 NC_011205.1_4363 # 4617471 # 4618751 # 1 # ID=1_4363;partial=00;start_type=TTG;rbs_motif=GGAG/GAGG;rbs_spacer=5-10bp;gc_cont=0.540
NC_011205.1:1485664-1486755|- -            364 31545at91347         -            292     3e-14   51.0   0.3   1   2   1.7e-15   9.7e-13   46.1   0.2   151   239     5   110     3   142 0.76 NC_011205.1_1431 # 1485664 # 1486755 # -1 # ID=1_1431;partial=00;start_type=ATG;rbs_motif=GGA/GAG/AGG;rbs_spacer=5-10bp;gc_cont=0.528
NC_011205.1:1485664-1486755|- -            364 31545at91347         -            292     3e-14   51.0   0.3   2   2      0.55   3.2e+02   -1.6   0.0   156   197   172   213   129   215 0.67 NC_011205.1_1431 # 1485664 # 1486755 # -1 # ID=1_1431;partial=00;start_type=ATG;rbs_motif=GGA/GAG/AGG;rbs_spacer=5-10bp;gc_cont=0.528
NC_011205.1:2779135-2780607|- -            491 31545at91347         -            292   1.2e-13   49.0   0.0   1   2   6.9e-11   4.1e-08   30.9   0.0   151   271     5   122     1   132 0.85 NC_011205.1_2678 # 2779135 # 2780607 # -1 # ID=1_2678;partial=00;start_type=ATG;rbs_motif=GGAG/GAGG;rbs_spacer=5-10bp;gc_cont=0.546
NC_011205.1:2779135-2780607|- -            491 31545at91347         -            292   1.2e-13   49.0   0.0   2   2   2.4e-06    0.0014   16.0   0.0   151   238   205   297   198   327 0.80 NC_011205.1_2678 # 2779135 # 2780607 # -1 # ID=1_2678;partial=00;start_type=ATG;rbs_motif=GGAG/GAGG;rbs_spacer=5-10bp;gc_cont=0.546
NC_011205.1:3704080-3706398|+ -            773 31545at91347         -            292   4.1e-05   21.0   0.0   1   1   1.1e-07   6.3e-05   20.4   0.0   151   206     6    61     3   139 0.85 NC_011205.1_3570 # 3704080 # 3706398 # 1 # ID=1_3570;partial=00;start_type=ATG;rbs_motif=GGA/GAG/AGG;rbs_spacer=5-10bp;gc_cont=0.563
NC_011205.1:4081219-4082622|+ -            468 31545at91347         -            292   0.00082   16.8   0.0   1   1   2.1e-06    0.0012   16.2   0.0   151   272   232   353   225   363 0.88 NC_011205.1_3907 # 4081219 # 4082622 # 1 # ID=1_3907;partial=00;start_type=ATG;rbs_motif=AGxAGG/AGGxGG;rbs_spacer=3-4bp;gc_cont=0.591
NC_011205.1:4822646-4824313|- -            556 31545at91347         -            292   0.00098   16.5   0.1   1   2   0.00017       0.1    9.9   0.0   140   169    24    53    10    60 0.88 NC_011205.1_4574 # 4822646 # 4824313 # -1 # ID=1_4574;partial=00;start_type=GTG;rbs_motif=AGGA/GGAG/GAGG;rbs_spacer=11-12bp;gc_cont=0.577
NC_011205.1:4822646-4824313|- -            556 31545at91347         -            292   0.00098   16.5   0.1   2   2    0.0091       5.3    4.2   0.0   149   170   350   371   327   377 0.85 NC_011205.1_4574 # 4822646 # 4824313 # -1 # ID=1_4574;partial=00;start_type=GTG;rbs_motif=AGGA/GGAG/GAGG;rbs_spacer=11-12bp;gc_cont=0.577
NC_011205.1:2851466-2852371|- -            302 31545at91347         -            292     0.011   13.1   0.1   1   2   3.9e-05     0.023   12.0   0.0   151   212    11    73     6   131 0.83 NC_011205.1_2741 # 2851466 # 2852371 # -1 # ID=1_2741;partial=00;start_type=ATG;rbs_motif=GGAG/GAGG;rbs_spacer=5-10bp;gc_cont=0.518
NC_011205.1:2851466-2852371|- -            302 31545at91347         -            292     0.011   13.1   0.1   2   2       1.8     1e+03   -3.3   0.0    72   136   241   268   230   282 0.50 NC_011205.1_2741 # 2851466 # 2852371 # -1 # ID=1_2741;partial=00;start_type=ATG;rbs_motif=GGAG/GAGG;rbs_spacer=5-10bp;gc_cont=0.518
#
# Program:         hmmsearch
# Version:         3.4 (Aug 2023)
# Pipeline mode:   SEARCH
# Query file:      /Users/dizzler/Projects/School/BIOL4600-Capstone/databases/lineages/enterobacterales_odb10/hmms/31545at91347.hmm
# Target file:     /Users/dizzler/Projects/School/BIOL4600-Capstone/reports/busco-results/GCF_000020925.1_ASM2092v1_genomic.fna/prodigal_output/predicted_genes/predicted.faa
# Option settings: hmmsearch --domtblout /Users/dizzler/Projects/School/BIOL4600-Capstone/reports/busco-results/GCF_000020925.1_ASM2092v1_genomic.fna/run_enterobacterales_odb10/hmmer_output/31545at91347.out --cpu 1 /Users/dizzler/Projects/School/BIOL4600-Capstone/databases/lineages/enterobacterales_odb10/hmms/31545at91347.hmm /Users/dizzler/Projects/School/BIOL4600-Capstone/reports/busco-results/GCF_000020925.1_ASM2092v1_genomic.fna/prodigal_output/predicted_genes/predicted.faa 
# Current dir:     /Users/dizzler/Projects/School/BIOL4600-Capstone
# Date:            Wed Feb 25 22:55:16 2026
# [ok]
