#                                                                                     --- full sequence --- -------------- this domain -------------   hmm coord   ali coord   env coord
# target name                 accession   tlen query name           accession   qlen   E-value  score  bias   #  of  c-Evalue  i-Evalue  score  bias  from    to  from    to  from    to  acc description of target
#         ------------------- ---------- ----- -------------------- ---------- ----- --------- ------ ----- --- --- --------- --------- ------ ----- ----- ----- ----- ----- ----- ----- ---- ---------------------
NC_011205.1:3503250-3504587|- -            446 33787at91347         -            385  6.4e-212  701.2   1.5   1   2  3.4e-206    4e-203  672.2   0.4     1   357     1   376     1   380 0.97 NC_011205.1_3360 # 3503250 # 3504587 # -1 # ID=1_3360;partial=00;start_type=ATG;rbs_motif=GGA/GAG/AGG;rbs_spacer=5-10bp;gc_cont=0.572
NC_011205.1:3503250-3504587|- -            446 33787at91347         -            385  6.4e-212  701.2   1.5   2   2   1.6e-10   1.8e-07   28.1   0.0   354   382   402   430   395   433 0.88 NC_011205.1_3360 # 3503250 # 3504587 # -1 # ID=1_3360;partial=00;start_type=ATG;rbs_motif=GGA/GAG/AGG;rbs_spacer=5-10bp;gc_cont=0.572
NC_011205.1:2318642-2320012|- -            457 33787at91347         -            385   1.7e-30  104.0   0.0   1   2   2.2e-32   2.6e-29  100.1   0.0     2   351     2   374     1   377 0.82 NC_011205.1_2267 # 2318642 # 2320012 # -1 # ID=1_2267;partial=00;start_type=ATG;rbs_motif=AGxAGG/AGGxGG;rbs_spacer=5-10bp;gc_cont=0.619
NC_011205.1:2318642-2320012|- -            457 33787at91347         -            385   1.7e-30  104.0   0.0   2   2      0.04        47    0.5   0.0   360   377   419   436   416   440 0.88 NC_011205.1_2267 # 2318642 # 2320012 # -1 # ID=1_2267;partial=00;start_type=ATG;rbs_motif=AGxAGG/AGGxGG;rbs_spacer=5-10bp;gc_cont=0.619
NC_011205.1:2292877-2294310|- -            478 33787at91347         -            385   8.7e-17   58.8   0.0   1   1   1.2e-19   1.3e-16   58.2   0.0     6   245    17   266    13   333 0.81 NC_011205.1_2245 # 2292877 # 2294310 # -1 # ID=1_2245;partial=00;start_type=ATG;rbs_motif=AGGAG;rbs_spacer=5-10bp;gc_cont=0.407
NC_011205.1:797377-799017|+   -            547 33787at91347         -            385   8.3e-10   35.9   0.0   1   2   6.2e-11   7.2e-08   29.5   0.0     6   114    41   158    36   183 0.77 NC_011205.1_755 # 797377 # 799017 # 1 # ID=1_755;partial=00;start_type=ATG;rbs_motif=AGGA;rbs_spacer=5-10bp;gc_cont=0.562
NC_011205.1:797377-799017|+   -            547 33787at91347         -            385   8.3e-10   35.9   0.0   2   2     0.003       3.5    4.2   0.0   211   327   292   416   277   433 0.74 NC_011205.1_755 # 797377 # 799017 # 1 # ID=1_755;partial=00;start_type=ATG;rbs_motif=AGGA;rbs_spacer=5-10bp;gc_cont=0.562
#
# Program:         hmmsearch
# Version:         3.4 (Aug 2023)
# Pipeline mode:   SEARCH
# Query file:      /Users/dizzler/Projects/School/BIOL4600-Capstone/databases/lineages/enterobacterales_odb10/hmms/33787at91347.hmm
# Target file:     /Users/dizzler/Projects/School/BIOL4600-Capstone/reports/busco-results/GCF_000020925.1_ASM2092v1_genomic.fna/prodigal_output/predicted_genes/predicted.faa
# Option settings: hmmsearch --domtblout /Users/dizzler/Projects/School/BIOL4600-Capstone/reports/busco-results/GCF_000020925.1_ASM2092v1_genomic.fna/run_enterobacterales_odb10/hmmer_output/33787at91347.out --cpu 1 /Users/dizzler/Projects/School/BIOL4600-Capstone/databases/lineages/enterobacterales_odb10/hmms/33787at91347.hmm /Users/dizzler/Projects/School/BIOL4600-Capstone/reports/busco-results/GCF_000020925.1_ASM2092v1_genomic.fna/prodigal_output/predicted_genes/predicted.faa 
# Current dir:     /Users/dizzler/Projects/School/BIOL4600-Capstone
# Date:            Wed Feb 25 22:55:16 2026
# [ok]
