#                                                                                     --- full sequence --- -------------- this domain -------------   hmm coord   ali coord   env coord
# target name                 accession   tlen query name           accession   qlen   E-value  score  bias   #  of  c-Evalue  i-Evalue  score  bias  from    to  from    to  from    to  acc description of target
#         ------------------- ---------- ----- -------------------- ---------- ----- --------- ------ ----- --- --- --------- --------- ------ ----- ----- ----- ----- ----- ----- ----- ---- ---------------------
NC_011205.1:266244-267269|+   -            342 34836at91347         -            291  6.9e-156  515.8  25.1   1   1  6.3e-156  3.3e-153  507.0  25.1     1   291     1   336     1   336 0.92 NC_011205.1_228 # 266244 # 267269 # 1 # ID=1_228;partial=00;start_type=ATG;rbs_motif=GGA/GAG/AGG;rbs_spacer=11-12bp;gc_cont=0.519
NC_011205.1:267834-268622|+   -            263 34836at91347         -            291   3.3e-13   47.5  11.2   1   1   9.9e-16   5.1e-13   46.9  11.2    81   254     9   181     4   192 0.90 NC_011205.1_230 # 267834 # 268622 # 1 # ID=1_230;partial=00;start_type=GTG;rbs_motif=GGAGG;rbs_spacer=5-10bp;gc_cont=0.536
NC_011205.1:4099611-4100981|- -            457 34836at91347         -            291   4.9e-07   27.2  10.8   1   1     5e-09   2.6e-06   24.9  10.8    77   214   271   427   264   434 0.70 NC_011205.1_3924 # 4099611 # 4100981 # -1 # ID=1_3924;partial=00;start_type=ATG;rbs_motif=AGGA;rbs_spacer=5-10bp;gc_cont=0.531
NC_011205.1:1667495-1668475|- -            327 34836at91347         -            291   5.8e-07   27.0   6.7   1   2   2.1e-05     0.011   13.0   0.2    74   132    68   127    61   166 0.83 NC_011205.1_1605 # 1667495 # 1668475 # -1 # ID=1_1605;partial=00;start_type=ATG;rbs_motif=GGA/GAG/AGG;rbs_spacer=5-10bp;gc_cont=0.517
NC_011205.1:1667495-1668475|- -            327 34836at91347         -            291   5.8e-07   27.0   6.7   2   2   2.3e-06    0.0012   16.1   2.3   181   250   231   295   154   311 0.63 NC_011205.1_1605 # 1667495 # 1668475 # -1 # ID=1_1605;partial=00;start_type=ATG;rbs_motif=GGA/GAG/AGG;rbs_spacer=5-10bp;gc_cont=0.517
NC_011205.1:2329103-2329591|- -            163 34836at91347         -            291   3.8e-05   21.0  11.8   1   2   6.5e-07   0.00034   17.9   3.2    57   137    47   141    22   144 0.71 NC_011205.1_2277 # 2329103 # 2329591 # -1 # ID=1_2277;partial=00;start_type=ATG;rbs_motif=GGxGG;rbs_spacer=5-10bp;gc_cont=0.560
NC_011205.1:2329103-2329591|- -            163 34836at91347         -            291   3.8e-05   21.0  11.8   2   2     6e-06    0.0031   14.8   1.4   180   234    88   143    86   159 0.78 NC_011205.1_2277 # 2329103 # 2329591 # -1 # ID=1_2277;partial=00;start_type=ATG;rbs_motif=GGxGG;rbs_spacer=5-10bp;gc_cont=0.560
NC_011205.1:530717-531268|-   -            184 34836at91347         -            291    0.0004   17.7   1.0   1   2      0.24   1.2e+02   -0.3   0.0   194   228    68   104    61   119 0.60 NC_011205.1_473 # 530717 # 531268 # -1 # ID=1_473;partial=00;start_type=ATG;rbs_motif=GGAG/GAGG;rbs_spacer=5-10bp;gc_cont=0.496
NC_011205.1:530717-531268|-   -            184 34836at91347         -            291    0.0004   17.7   1.0   2   2   2.3e-06    0.0012   16.2   0.5    73   106   131   164   121   181 0.65 NC_011205.1_473 # 530717 # 531268 # -1 # ID=1_473;partial=00;start_type=ATG;rbs_motif=GGAG/GAGG;rbs_spacer=5-10bp;gc_cont=0.496
NC_011205.1:3613281-3613835|+ -            185 34836at91347         -            291     0.004   14.4   7.3   1   1   8.2e-05     0.043   11.0   7.2   124   235    14   133     8   137 0.76 NC_011205.1_3464 # 3613281 # 3613835 # 1 # ID=1_3464;partial=00;start_type=ATG;rbs_motif=GGAG/GAGG;rbs_spacer=5-10bp;gc_cont=0.505
NC_011205.1:3934017-3934838|- -            274 34836at91347         -            291     0.019   12.2   2.1   1   1     6e-05     0.031   11.5   2.1   159   265   135   240   121   245 0.59 NC_011205.1_3764 # 3934017 # 3934838 # -1 # ID=1_3764;partial=00;start_type=ATG;rbs_motif=GGAG/GAGG;rbs_spacer=5-10bp;gc_cont=0.556
NC_011205.1:80836-81432|-     -            199 34836at91347         -            291      0.21    8.8   9.9   1   1   0.00092      0.48    7.6  10.1   157   251    26   122    16   130 0.82 NC_011205.1_69 # 80836 # 81432 # -1 # ID=1_69;partial=00;start_type=ATG;rbs_motif=GGAG/GAGG;rbs_spacer=5-10bp;gc_cont=0.563
#
# Program:         hmmsearch
# Version:         3.4 (Aug 2023)
# Pipeline mode:   SEARCH
# Query file:      /Users/dizzler/Projects/School/BIOL4600-Capstone/busco_downloads/lineages/enterobacterales_odb10/hmms/34836at91347.hmm
# Target file:     reports/busco-results/GCF_000020925.1_ASM2092v1_genomic.fna/prodigal_output/predicted_genes/predicted.faa
# Option settings: hmmsearch --domtblout reports/busco-results/GCF_000020925.1_ASM2092v1_genomic.fna/run_enterobacterales_odb10/hmmer_output/34836at91347.out --cpu 1 /Users/dizzler/Projects/School/BIOL4600-Capstone/busco_downloads/lineages/enterobacterales_odb10/hmms/34836at91347.hmm reports/busco-results/GCF_000020925.1_ASM2092v1_genomic.fna/prodigal_output/predicted_genes/predicted.faa 
# Current dir:     /Users/dizzler/Projects/School/BIOL4600-Capstone
# Date:            Sat Feb 21 23:24:01 2026
# [ok]
