#                                                                                     --- full sequence --- -------------- this domain -------------   hmm coord   ali coord   env coord
# target name                 accession   tlen query name           accession   qlen   E-value  score  bias   #  of  c-Evalue  i-Evalue  score  bias  from    to  from    to  from    to  acc description of target
#         ------------------- ---------- ----- -------------------- ---------- ----- --------- ------ ----- --- --- --------- --------- ------ ----- ----- ----- ----- ----- ----- ----- ---- ---------------------
NC_011205.1:3192023-3193858|- -            612 36271at91347         -            421  2.4e-150  499.1   0.0   1   4   1.2e-12   1.4e-09   35.3   0.0     3    51     7    59     5    61 0.92 NC_011205.1_3067 # 3192023 # 3193858 # -1 # ID=1_3067;partial=00;start_type=ATG;rbs_motif=AGGAGG;rbs_spacer=3-4bp;gc_cont=0.583
NC_011205.1:3192023-3193858|- -            612 36271at91347         -            421  2.4e-150  499.1   0.0   2   4     5e-73   5.8e-70  234.2   0.0    52   242    99   324    95   330 0.86 NC_011205.1_3067 # 3192023 # 3193858 # -1 # ID=1_3067;partial=00;start_type=ATG;rbs_motif=AGGAGG;rbs_spacer=3-4bp;gc_cont=0.583
NC_011205.1:3192023-3193858|- -            612 36271at91347         -            421  2.4e-150  499.1   0.0   3   4   2.1e-09   2.4e-06   24.6   0.0   237   273   343   380   335   397 0.84 NC_011205.1_3067 # 3192023 # 3193858 # -1 # ID=1_3067;partial=00;start_type=ATG;rbs_motif=AGGAGG;rbs_spacer=3-4bp;gc_cont=0.583
NC_011205.1:3192023-3193858|- -            612 36271at91347         -            421  2.4e-150  499.1   0.0   4   4   1.8e-62   2.1e-59  199.4   0.0   279   420   429   594   423   595 0.89 NC_011205.1_3067 # 3192023 # 3193858 # -1 # ID=1_3067;partial=00;start_type=ATG;rbs_motif=AGGAGG;rbs_spacer=3-4bp;gc_cont=0.583
NC_011205.1:4182594-4184756|+ -            721 36271at91347         -            421    0.0021   15.0   0.2   1   2   2.4e-05     0.028   11.3   0.0    80   147     8    79     2   132 0.69 NC_011205.1_3997 # 4182594 # 4184756 # 1 # ID=1_3997;partial=00;start_type=ATG;rbs_motif=GGxGG;rbs_spacer=5-10bp;gc_cont=0.577
NC_011205.1:4182594-4184756|+ -            721 36271at91347         -            421    0.0021   15.0   0.2   2   2     0.036        42    0.8   0.1   391   408   595   612   549   620 0.60 NC_011205.1_3997 # 4182594 # 4184756 # 1 # ID=1_3997;partial=00;start_type=ATG;rbs_motif=GGxGG;rbs_spacer=5-10bp;gc_cont=0.577
NC_011205.1:4148356-4150380|+ -            675 36271at91347         -            421    0.0025   14.7   0.4   1   2   3.9e-05     0.046   10.6   0.1    92   150    11    75     6    96 0.82 NC_011205.1_3965 # 4148356 # 4150380 # 1 # ID=1_3965;partial=00;start_type=ATG;rbs_motif=GGA/GAG/AGG;rbs_spacer=5-10bp;gc_cont=0.533
NC_011205.1:4148356-4150380|+ -            675 36271at91347         -            421    0.0025   14.7   0.4   2   2     0.021        24    1.6   0.0   391   407   592   608   546   614 0.58 NC_011205.1_3965 # 4148356 # 4150380 # 1 # ID=1_3965;partial=00;start_type=ATG;rbs_motif=GGA/GAG/AGG;rbs_spacer=5-10bp;gc_cont=0.533
NC_011205.1:1788428-1789576|+ -            383 36271at91347         -            421      0.02   11.7   0.0   1   1   2.6e-05     0.031   11.1   0.0    97   189    33   129    20   133 0.82 NC_011205.1_1718 # 1788428 # 1789576 # 1 # ID=1_1718;partial=00;start_type=ATG;rbs_motif=GGA/GAG/AGG;rbs_spacer=5-10bp;gc_cont=0.529
#
# Program:         hmmsearch
# Version:         3.4 (Aug 2023)
# Pipeline mode:   SEARCH
# Query file:      /Users/dizzler/Projects/School/BIOL4600-Capstone/busco_downloads/lineages/enterobacterales_odb10/hmms/36271at91347.hmm
# Target file:     reports/busco-results/GCF_000020925.1_ASM2092v1_genomic.fna/prodigal_output/predicted_genes/predicted.faa
# Option settings: hmmsearch --domtblout reports/busco-results/GCF_000020925.1_ASM2092v1_genomic.fna/run_enterobacterales_odb10/hmmer_output/36271at91347.out --cpu 1 /Users/dizzler/Projects/School/BIOL4600-Capstone/busco_downloads/lineages/enterobacterales_odb10/hmms/36271at91347.hmm reports/busco-results/GCF_000020925.1_ASM2092v1_genomic.fna/prodigal_output/predicted_genes/predicted.faa 
# Current dir:     /Users/dizzler/Projects/School/BIOL4600-Capstone
# Date:            Sat Feb 21 23:24:01 2026
# [ok]
