#                                                                                     --- full sequence --- -------------- this domain -------------   hmm coord   ali coord   env coord
# target name                 accession   tlen query name           accession   qlen   E-value  score  bias   #  of  c-Evalue  i-Evalue  score  bias  from    to  from    to  from    to  acc description of target
#         ------------------- ---------- ----- -------------------- ---------- ----- --------- ------ ----- --- --- --------- --------- ------ ----- ----- ----- ----- ----- ----- ----- ---- ---------------------
NC_011205.1:508855-511209|+   -            785 4210at91347          -            683         0 1323.4  17.3   1   2   8.8e-55   8.2e-52  174.3   0.2     1    96     1   101     1   105 0.96 NC_011205.1_452 # 508855 # 511209 # 1 # ID=1_452;partial=00;start_type=ATG;rbs_motif=GGA/GAG/AGG;rbs_spacer=5-10bp;gc_cont=0.539
NC_011205.1:508855-511209|+   -            785 4210at91347          -            683         0 1323.4  17.3   2   2         0         0 1151.2  12.0    96   683   126   771   121   771 0.95 NC_011205.1_452 # 508855 # 511209 # 1 # ID=1_452;partial=00;start_type=ATG;rbs_motif=GGA/GAG/AGG;rbs_spacer=5-10bp;gc_cont=0.539
NC_011205.1:1136974-1138734|- -            587 4210at91347          -            683   0.00017   18.0   0.0   1   1   2.5e-07   0.00023   17.5   0.0   594   659   434   510   424   541 0.74 NC_011205.1_1070 # 1136974 # 1138734 # -1 # ID=1_1070;partial=00;start_type=TTG;rbs_motif=None;rbs_spacer=None;gc_cont=0.539
NC_011205.1:4819763-4821145|+ -            461 4210at91347          -            683   0.00058   16.2   0.0   1   1     1e-06   0.00097   15.5   0.0   580   680   355   455   347   457 0.86 NC_011205.1_4572 # 4819763 # 4821145 # 1 # ID=1_4572;partial=00;start_type=GTG;rbs_motif=GGAG/GAGG;rbs_spacer=5-10bp;gc_cont=0.596
NC_011205.1:444170-444715|+   -            182 4210at91347          -            683     0.007   12.6   0.0   1   1     1e-05    0.0097   12.2   0.0   300   325     5    30     2    35 0.91 NC_011205.1_389 # 444170 # 444715 # 1 # ID=1_389;partial=00;start_type=ATG;rbs_motif=GGA/GAG/AGG;rbs_spacer=5-10bp;gc_cont=0.579
NC_011205.1:3505533-3507476|- -            648 4210at91347          -            683      0.02   11.1   0.3   1   2     4e-05     0.038   10.2   0.0   272   319   156   210   138   232 0.77 NC_011205.1_3362 # 3505533 # 3507476 # -1 # ID=1_3362;partial=00;start_type=TTG;rbs_motif=GGAG/GAGG;rbs_spacer=5-10bp;gc_cont=0.559
NC_011205.1:3505533-3507476|- -            648 4210at91347          -            683      0.02   11.1   0.3   2   2      0.51   4.8e+02   -3.3   0.1   254   289   552   587   548   589 0.86 NC_011205.1_3362 # 3505533 # 3507476 # -1 # ID=1_3362;partial=00;start_type=TTG;rbs_motif=GGAG/GAGG;rbs_spacer=5-10bp;gc_cont=0.559
#
# Program:         hmmsearch
# Version:         3.4 (Aug 2023)
# Pipeline mode:   SEARCH
# Query file:      /Users/dizzler/Projects/School/BIOL4600-Capstone/busco_downloads/lineages/enterobacterales_odb10/hmms/4210at91347.hmm
# Target file:     reports/busco-results/GCF_000020925.1_ASM2092v1_genomic.fna/prodigal_output/predicted_genes/predicted.faa
# Option settings: hmmsearch --domtblout reports/busco-results/GCF_000020925.1_ASM2092v1_genomic.fna/run_enterobacterales_odb10/hmmer_output/4210at91347.out --cpu 1 /Users/dizzler/Projects/School/BIOL4600-Capstone/busco_downloads/lineages/enterobacterales_odb10/hmms/4210at91347.hmm reports/busco-results/GCF_000020925.1_ASM2092v1_genomic.fna/prodigal_output/predicted_genes/predicted.faa 
# Current dir:     /Users/dizzler/Projects/School/BIOL4600-Capstone
# Date:            Sat Feb 21 23:24:01 2026
# [ok]
