#                                                                                     --- full sequence --- -------------- this domain -------------   hmm coord   ali coord   env coord
# target name                 accession   tlen query name           accession   qlen   E-value  score  bias   #  of  c-Evalue  i-Evalue  score  bias  from    to  from    to  from    to  acc description of target
#         ------------------- ---------- ----- -------------------- ---------- ----- --------- ------ ----- --- --- --------- --------- ------ ----- ----- ----- ----- ----- ----- ----- ---- ---------------------
NC_011205.1:2380283-2382316|+ -            678 4673at91347          -            557  1.3e-302 1002.6   1.9   1   3  4.8e-225  5.7e-222  736.4   0.3     1   368     6   404     6   415 0.95 NC_011205.1_2319 # 2380283 # 2382316 # 1 # ID=1_2319;partial=00;start_type=ATG;rbs_motif=AGxAG;rbs_spacer=11-12bp;gc_cont=0.547
NC_011205.1:2380283-2382316|+ -            678 4673at91347          -            557  1.3e-302 1002.6   1.9   2   3   2.9e-26   3.4e-23   80.2   0.0   369   430   437   509   424   538 0.84 NC_011205.1_2319 # 2380283 # 2382316 # 1 # ID=1_2319;partial=00;start_type=ATG;rbs_motif=AGxAG;rbs_spacer=11-12bp;gc_cont=0.547
NC_011205.1:2380283-2382316|+ -            678 4673at91347          -            557  1.3e-302 1002.6   1.9   3   3     1e-57   1.2e-54  184.0   0.0   434   557   552   677   518   677 0.90 NC_011205.1_2319 # 2380283 # 2382316 # 1 # ID=1_2319;partial=00;start_type=ATG;rbs_motif=AGxAG;rbs_spacer=11-12bp;gc_cont=0.547
NC_011205.1:53853-56687|+     -            945 4673at91347          -            557   3.4e-08   30.7   0.0   1   2     1e-09   1.2e-06   25.6   0.0    10    64    58   113    49   132 0.83 NC_011205.1_47 # 53853 # 56687 # 1 # ID=1_47;partial=00;start_type=ATG;rbs_motif=GGA/GAG/AGG;rbs_spacer=5-10bp;gc_cont=0.547
NC_011205.1:53853-56687|+     -            945 4673at91347          -            557   3.4e-08   30.7   0.0   2   2    0.0095        11    2.6   0.0   288   323   589   630   525   646 0.76 NC_011205.1_47 # 53853 # 56687 # 1 # ID=1_47;partial=00;start_type=ATG;rbs_motif=GGA/GAG/AGG;rbs_spacer=5-10bp;gc_cont=0.547
NC_011205.1:746527-749109|-   -            861 4673at91347          -            557   1.7e-06   25.1   0.0   1   1   3.7e-09   4.3e-06   23.7   0.0     7   136    39   181    33   186 0.70 NC_011205.1_709 # 746527 # 749109 # -1 # ID=1_709;partial=00;start_type=ATG;rbs_motif=AGGA/GGAG/GAGG;rbs_spacer=11-12bp;gc_cont=0.559
NC_011205.1:4709459-4712314|- -            952 4673at91347          -            557    0.0014   15.4   0.1   1   3   1.2e-06    0.0014   15.4   0.1    10    57    42    91    35   114 0.77 NC_011205.1_4457 # 4709459 # 4712314 # -1 # ID=1_4457;partial=00;start_type=ATG;rbs_motif=GGA/GAG/AGG;rbs_spacer=3-4bp;gc_cont=0.568
NC_011205.1:4709459-4712314|- -            952 4673at91347          -            557    0.0014   15.4   0.1   2   3      0.09   1.1e+02   -0.6   1.3   199   231   410   440   395   531 0.60 NC_011205.1_4457 # 4709459 # 4712314 # -1 # ID=1_4457;partial=00;start_type=ATG;rbs_motif=GGA/GAG/AGG;rbs_spacer=3-4bp;gc_cont=0.568
NC_011205.1:4709459-4712314|- -            952 4673at91347          -            557    0.0014   15.4   0.1   3   3     0.031        36    0.9   0.1   291   312   542   564   505   572 0.71 NC_011205.1_4457 # 4709459 # 4712314 # -1 # ID=1_4457;partial=00;start_type=ATG;rbs_motif=GGA/GAG/AGG;rbs_spacer=3-4bp;gc_cont=0.568
#
# Program:         hmmsearch
# Version:         3.4 (Aug 2023)
# Pipeline mode:   SEARCH
# Query file:      /Users/dizzler/Projects/School/BIOL4600-Capstone/databases/lineages/enterobacterales_odb10/hmms/4673at91347.hmm
# Target file:     /Users/dizzler/Projects/School/BIOL4600-Capstone/reports/busco-results/GCF_000020925.1_ASM2092v1_genomic.fna/prodigal_output/predicted_genes/predicted.faa
# Option settings: hmmsearch --domtblout /Users/dizzler/Projects/School/BIOL4600-Capstone/reports/busco-results/GCF_000020925.1_ASM2092v1_genomic.fna/run_enterobacterales_odb10/hmmer_output/4673at91347.out --cpu 1 /Users/dizzler/Projects/School/BIOL4600-Capstone/databases/lineages/enterobacterales_odb10/hmms/4673at91347.hmm /Users/dizzler/Projects/School/BIOL4600-Capstone/reports/busco-results/GCF_000020925.1_ASM2092v1_genomic.fna/prodigal_output/predicted_genes/predicted.faa 
# Current dir:     /Users/dizzler/Projects/School/BIOL4600-Capstone
# Date:            Wed Feb 25 22:55:17 2026
# [ok]
