#                                                                                     --- full sequence --- -------------- this domain -------------   hmm coord   ali coord   env coord
# target name                 accession   tlen query name           accession   qlen   E-value  score  bias   #  of  c-Evalue  i-Evalue  score  bias  from    to  from    to  from    to  acc description of target
#         ------------------- ---------- ----- -------------------- ---------- ----- --------- ------ ----- --- --- --------- --------- ------ ----- ----- ----- ----- ----- ----- ----- ---- ---------------------
NC_011205.1:2093905-2094948|- -            348 49349at91347         -            278  3.7e-145  480.3   0.3   1   1  3.4e-147  2.3e-144  477.7   0.3     1   278    44   344    44   344 0.92 NC_011205.1_2027 # 2093905 # 2094948 # -1 # ID=1_2027;partial=00;start_type=ATG;rbs_motif=None;rbs_spacer=None;gc_cont=0.546
NC_011205.1:2884495-2885475|- -            327 49349at91347         -            278   3.6e-43  145.7   0.0   1   1   6.4e-46   4.3e-43  145.5   0.0     2   277    15   312    14   313 0.82 NC_011205.1_2768 # 2884495 # 2885475 # -1 # ID=1_2768;partial=00;start_type=ATG;rbs_motif=AGxAG;rbs_spacer=5-10bp;gc_cont=0.534
NC_011205.1:104830-105489|-   -            220 49349at91347         -            278   2.9e-38  129.6   0.0   1   1   5.4e-41   3.6e-38  129.3   0.0    61   267    14   218     6   219 0.86 NC_011205.1_91 # 104830 # 105489 # -1 # ID=1_91;partial=00;start_type=ATG;rbs_motif=GGAG/GAGG;rbs_spacer=5-10bp;gc_cont=0.576
NC_011205.1:3163294-3164076|- -            261 49349at91347         -            278     6e-36  122.0   0.1   1   1   4.2e-38   2.8e-35  119.9   0.1    63   276     4   233     1   235 0.80 NC_011205.1_3040 # 3163294 # 3164076 # -1 # ID=1_3040;partial=00;start_type=ATG;rbs_motif=None;rbs_spacer=None;gc_cont=0.580
NC_011205.1:4445526-4446395|+ -            290 49349at91347         -            278   0.00088   16.5   0.2   1   1   4.1e-06    0.0027   14.9   0.2    21   149    25   142     9   208 0.81 NC_011205.1_4223 # 4445526 # 4446395 # 1 # ID=1_4223;partial=00;start_type=ATG;rbs_motif=GGA/GAG/AGG;rbs_spacer=5-10bp;gc_cont=0.501
NC_011205.1:1319838-1320656|- -            273 49349at91347         -            278     0.012   12.8   0.0   1   1   2.7e-05     0.018   12.2   0.0   214   258   130   174   126   180 0.93 NC_011205.1_1253 # 1319838 # 1320656 # -1 # ID=1_1253;partial=00;start_type=ATG;rbs_motif=4Base/6BMM;rbs_spacer=13-15bp;gc_cont=0.567
NC_011205.1:2042716-2043453|+ -            246 49349at91347         -            278     0.026   11.7   0.0   1   2     0.048        32    1.6   0.0   110   126   101   117    94   149 0.75 NC_011205.1_1975 # 2042716 # 2043453 # 1 # ID=1_1975;partial=00;start_type=ATG;rbs_motif=3Base/5BMM;rbs_spacer=13-15bp;gc_cont=0.515
NC_011205.1:2042716-2043453|+ -            246 49349at91347         -            278     0.026   11.7   0.0   2   2   0.00067      0.45    7.7   0.0   195   226   191   222   181   233 0.85 NC_011205.1_1975 # 2042716 # 2043453 # 1 # ID=1_1975;partial=00;start_type=ATG;rbs_motif=3Base/5BMM;rbs_spacer=13-15bp;gc_cont=0.515
#
# Program:         hmmsearch
# Version:         3.4 (Aug 2023)
# Pipeline mode:   SEARCH
# Query file:      /Users/dizzler/Projects/School/BIOL4600-Capstone/databases/lineages/enterobacterales_odb10/hmms/49349at91347.hmm
# Target file:     /Users/dizzler/Projects/School/BIOL4600-Capstone/reports/busco-results/GCF_000020925.1_ASM2092v1_genomic.fna/prodigal_output/predicted_genes/predicted.faa
# Option settings: hmmsearch --domtblout /Users/dizzler/Projects/School/BIOL4600-Capstone/reports/busco-results/GCF_000020925.1_ASM2092v1_genomic.fna/run_enterobacterales_odb10/hmmer_output/49349at91347.out --cpu 1 /Users/dizzler/Projects/School/BIOL4600-Capstone/databases/lineages/enterobacterales_odb10/hmms/49349at91347.hmm /Users/dizzler/Projects/School/BIOL4600-Capstone/reports/busco-results/GCF_000020925.1_ASM2092v1_genomic.fna/prodigal_output/predicted_genes/predicted.faa 
# Current dir:     /Users/dizzler/Projects/School/BIOL4600-Capstone
# Date:            Wed Feb 25 22:55:18 2026
# [ok]
