#                                                                                     --- full sequence --- -------------- this domain -------------   hmm coord   ali coord   env coord
# target name                 accession   tlen query name           accession   qlen   E-value  score  bias   #  of  c-Evalue  i-Evalue  score  bias  from    to  from    to  from    to  acc description of target
#         ------------------- ---------- ----- -------------------- ---------- ----- --------- ------ ----- --- --- --------- --------- ------ ----- ----- ----- ----- ----- ----- ----- ---- ---------------------
NC_011205.1:4626108-4626839|+ -            244 50332at91347         -            220  1.2e-112  372.7   0.0   1   1  1.7e-115  1.3e-112  372.5   0.0     1   220     1   242     1   242 0.95 NC_011205.1_4370 # 4626108 # 4626839 # 1 # ID=1_4370;partial=00;start_type=ATG;rbs_motif=GGA/GAG/AGG;rbs_spacer=5-10bp;gc_cont=0.574
NC_011205.1:2866462-2867499|- -            346 50332at91347         -            220   2.6e-21   74.0   0.0   1   1     4e-24   3.1e-21   73.8   0.0    77   219   198   342   110   343 0.89 NC_011205.1_2756 # 2866462 # 2867499 # -1 # ID=1_2756;partial=00;start_type=ATG;rbs_motif=GGAG/GAGG;rbs_spacer=5-10bp;gc_cont=0.570
NC_011205.1:3975887-3976576|+ -            230 50332at91347         -            220   5.2e-19   66.5   0.2   1   1   8.7e-22   6.8e-19   66.1   0.2    78   220    21   165    11   165 0.86 NC_011205.1_3809 # 3975887 # 3976576 # 1 # ID=1_3809;partial=00;start_type=ATG;rbs_motif=None;rbs_spacer=None;gc_cont=0.545
NC_011205.1:2811192-2811923|- -            244 50332at91347         -            220   4.7e-05   20.9   0.1   1   3      0.51     4e+02   -1.8   0.0    87   104    15    32     2    60 0.61 NC_011205.1_2707 # 2811192 # 2811923 # -1 # ID=1_2707;partial=00;start_type=ATG;rbs_motif=None;rbs_spacer=None;gc_cont=0.571
NC_011205.1:2811192-2811923|- -            244 50332at91347         -            220   4.7e-05   20.9   0.1   2   3     3e-07   0.00024   18.6   0.0   166   216   106   156    99   159 0.94 NC_011205.1_2707 # 2811192 # 2811923 # -1 # ID=1_2707;partial=00;start_type=ATG;rbs_motif=None;rbs_spacer=None;gc_cont=0.571
NC_011205.1:2811192-2811923|- -            244 50332at91347         -            220   4.7e-05   20.9   0.1   3   3      0.56   4.4e+02   -1.9   0.0    52    69   223   240   209   242 0.84 NC_011205.1_2707 # 2811192 # 2811923 # -1 # ID=1_2707;partial=00;start_type=ATG;rbs_motif=None;rbs_spacer=None;gc_cont=0.571
NC_011205.1:4842198-4842884|+ -            229 50332at91347         -            220   4.8e-05   20.9   0.0   1   2    0.0026         2    5.7   0.1    86   136    12    61     2    87 0.79 NC_011205.1_4594 # 4842198 # 4842884 # 1 # ID=1_4594;partial=00;start_type=ATG;rbs_motif=GGA/GAG/AGG;rbs_spacer=5-10bp;gc_cont=0.530
NC_011205.1:4842198-4842884|+ -            229 50332at91347         -            220   4.8e-05   20.9   0.0   2   2   1.6e-05     0.012   13.0   0.0   163   214   102   153    92   158 0.89 NC_011205.1_4594 # 4842198 # 4842884 # 1 # ID=1_4594;partial=00;start_type=ATG;rbs_motif=GGA/GAG/AGG;rbs_spacer=5-10bp;gc_cont=0.530
NC_011205.1:3929490-3929963|+ -            158 50332at91347         -            220    0.0018   15.7   0.0   1   1   3.2e-06    0.0025   15.2   0.0   171   219    97   147    86   148 0.84 NC_011205.1_3760 # 3929490 # 3929963 # 1 # ID=1_3760;partial=00;start_type=ATG;rbs_motif=AGxAGG/AGGxGG;rbs_spacer=3-4bp;gc_cont=0.563
#
# Program:         hmmsearch
# Version:         3.4 (Aug 2023)
# Pipeline mode:   SEARCH
# Query file:      /Users/dizzler/Projects/School/BIOL4600-Capstone/databases/lineages/enterobacterales_odb10/hmms/50332at91347.hmm
# Target file:     /Users/dizzler/Projects/School/BIOL4600-Capstone/reports/busco-results/GCF_000020925.1_ASM2092v1_genomic.fna/prodigal_output/predicted_genes/predicted.faa
# Option settings: hmmsearch --domtblout /Users/dizzler/Projects/School/BIOL4600-Capstone/reports/busco-results/GCF_000020925.1_ASM2092v1_genomic.fna/run_enterobacterales_odb10/hmmer_output/50332at91347.out --cpu 1 /Users/dizzler/Projects/School/BIOL4600-Capstone/databases/lineages/enterobacterales_odb10/hmms/50332at91347.hmm /Users/dizzler/Projects/School/BIOL4600-Capstone/reports/busco-results/GCF_000020925.1_ASM2092v1_genomic.fna/prodigal_output/predicted_genes/predicted.faa 
# Current dir:     /Users/dizzler/Projects/School/BIOL4600-Capstone
# Date:            Wed Feb 25 22:55:17 2026
# [ok]
