#                                                                                     --- full sequence --- -------------- this domain -------------   hmm coord   ali coord   env coord
# target name                 accession   tlen query name           accession   qlen   E-value  score  bias   #  of  c-Evalue  i-Evalue  score  bias  from    to  from    to  from    to  acc description of target
#         ------------------- ---------- ----- -------------------- ---------- ----- --------- ------ ----- --- --- --------- --------- ------ ----- ----- ----- ----- ----- ----- ----- ---- ---------------------
NC_011205.1:2285814-2286590|+ -            259 62379at91347         -            235  8.6e-130  429.2   2.1   1   1  1.1e-132    1e-129  429.0   2.1     1   235     1   258     1   258 0.94 NC_011205.1_2239 # 2285814 # 2286590 # 1 # ID=1_2239;partial=00;start_type=ATG;rbs_motif=AGGAG;rbs_spacer=5-10bp;gc_cont=0.550
NC_011205.1:2285095-2285832|+ -            246 62379at91347         -            235   2.6e-16   57.9   0.1   1   1   3.5e-19   3.2e-16   57.5   0.1     6   202     2   211     1   237 0.83 NC_011205.1_2238 # 2285095 # 2285832 # 1 # ID=1_2238;partial=00;start_type=ATG;rbs_motif=GGAG/GAGG;rbs_spacer=5-10bp;gc_cont=0.584
NC_011205.1:4408588-4409358|- -            257 62379at91347         -            235    0.0013   16.3   0.0   1   2      0.13   1.2e+02    0.1   0.0   129   173     6    49     2    85 0.76 NC_011205.1_4194 # 4408588 # 4409358 # -1 # ID=1_4194;partial=00;start_type=ATG;rbs_motif=AGxAGG/AGGxGG;rbs_spacer=5-10bp;gc_cont=0.607
NC_011205.1:4408588-4409358|- -            257 62379at91347         -            235    0.0013   16.3   0.0   2   2   7.6e-06    0.0071   13.9   0.1    61   123   163   226   135   233 0.81 NC_011205.1_4194 # 4408588 # 4409358 # -1 # ID=1_4194;partial=00;start_type=ATG;rbs_motif=AGxAGG/AGGxGG;rbs_spacer=5-10bp;gc_cont=0.607
NC_011205.1:2401269-2402207|- -            313 62379at91347         -            235     0.014   12.9   0.0   1   1     2e-05     0.019   12.5   0.0    33   112   152   234   113   277 0.78 NC_011205.1_2338 # 2401269 # 2402207 # -1 # ID=1_2338;partial=00;start_type=ATG;rbs_motif=GGA/GAG/AGG;rbs_spacer=5-10bp;gc_cont=0.569
NC_011205.1:4810959-4811738|+ -            260 62379at91347         -            235     0.016   12.7   0.2   1   2    0.0031       2.9    5.3   0.1   200   234   119   153   106   154 0.85 NC_011205.1_4564 # 4810959 # 4811738 # 1 # ID=1_4564;partial=00;start_type=ATG;rbs_motif=GGAG/GAGG;rbs_spacer=5-10bp;gc_cont=0.544
NC_011205.1:4810959-4811738|+ -            260 62379at91347         -            235     0.016   12.7   0.2   2   2    0.0039       3.6    5.0   0.0    70    95   194   219   173   237 0.77 NC_011205.1_4564 # 4810959 # 4811738 # 1 # ID=1_4564;partial=00;start_type=ATG;rbs_motif=GGAG/GAGG;rbs_spacer=5-10bp;gc_cont=0.544
#
# Program:         hmmsearch
# Version:         3.4 (Aug 2023)
# Pipeline mode:   SEARCH
# Query file:      /Users/dizzler/Projects/School/BIOL4600-Capstone/databases/lineages/enterobacterales_odb10/hmms/62379at91347.hmm
# Target file:     /Users/dizzler/Projects/School/BIOL4600-Capstone/reports/busco-results/GCF_000020925.1_ASM2092v1_genomic.fna/prodigal_output/predicted_genes/predicted.faa
# Option settings: hmmsearch --domtblout /Users/dizzler/Projects/School/BIOL4600-Capstone/reports/busco-results/GCF_000020925.1_ASM2092v1_genomic.fna/run_enterobacterales_odb10/hmmer_output/62379at91347.out --cpu 1 /Users/dizzler/Projects/School/BIOL4600-Capstone/databases/lineages/enterobacterales_odb10/hmms/62379at91347.hmm /Users/dizzler/Projects/School/BIOL4600-Capstone/reports/busco-results/GCF_000020925.1_ASM2092v1_genomic.fna/prodigal_output/predicted_genes/predicted.faa 
# Current dir:     /Users/dizzler/Projects/School/BIOL4600-Capstone
# Date:            Wed Feb 25 22:55:18 2026
# [ok]
