#                                                                                     --- full sequence --- -------------- this domain -------------   hmm coord   ali coord   env coord
# target name                 accession   tlen query name           accession   qlen   E-value  score  bias   #  of  c-Evalue  i-Evalue  score  bias  from    to  from    to  from    to  acc description of target
#         ------------------- ---------- ----- -------------------- ---------- ----- --------- ------ ----- --- --- --------- --------- ------ ----- ----- ----- ----- ----- ----- ----- ---- ---------------------
NC_011205.1:1485664-1486755|- -            364 62655at91347         -            286    2e-137  455.1   0.4   1   2   7.9e-90   6.2e-87  289.5   0.1     1   186     1   221     1   241 0.85 NC_011205.1_1431 # 1485664 # 1486755 # -1 # ID=1_1431;partial=00;start_type=ATG;rbs_motif=GGA/GAG/AGG;rbs_spacer=5-10bp;gc_cont=0.528
NC_011205.1:1485664-1486755|- -            364 62655at91347         -            286    2e-137  455.1   0.4   2   2   2.6e-50     2e-47  159.8   0.0   191   286   265   363   242   363 0.92 NC_011205.1_1431 # 1485664 # 1486755 # -1 # ID=1_1431;partial=00;start_type=ATG;rbs_motif=GGA/GAG/AGG;rbs_spacer=5-10bp;gc_cont=0.528
NC_011205.1:3511061-3512233|- -            391 62655at91347         -            286   8.6e-15   52.8   0.1   1   1   1.6e-15   1.2e-12   45.7   0.1     4   124   161   266   158   296 0.83 NC_011205.1_3368 # 3511061 # 3512233 # -1 # ID=1_3368;partial=00;start_type=ATG;rbs_motif=GGAG/GAGG;rbs_spacer=5-10bp;gc_cont=0.552
NC_011205.1:2779135-2780607|- -            491 62655at91347         -            286   3.2e-10   37.8   0.0   1   3   4.5e-08   3.5e-05   21.2   0.0     5    37     5    39     1    56 0.78 NC_011205.1_2678 # 2779135 # 2780607 # -1 # ID=1_2678;partial=00;start_type=ATG;rbs_motif=GGAG/GAGG;rbs_spacer=5-10bp;gc_cont=0.546
NC_011205.1:2779135-2780607|- -            491 62655at91347         -            286   3.2e-10   37.8   0.0   2   3   1.5e-05     0.012   12.9   0.0     3    23   203   223   201   256 0.85 NC_011205.1_2678 # 2779135 # 2780607 # -1 # ID=1_2678;partial=00;start_type=ATG;rbs_motif=GGAG/GAGG;rbs_spacer=5-10bp;gc_cont=0.546
NC_011205.1:2779135-2780607|- -            491 62655at91347         -            286   3.2e-10   37.8   0.0   3   3      0.25     2e+02   -0.9   0.0    53    92   326   367   310   373 0.68 NC_011205.1_2678 # 2779135 # 2780607 # -1 # ID=1_2678;partial=00;start_type=ATG;rbs_motif=GGAG/GAGG;rbs_spacer=5-10bp;gc_cont=0.546
NC_011205.1:4617471-4618751|+ -            427 62655at91347         -            286   1.9e-05   22.1   0.0   1   1   8.1e-08   6.3e-05   20.4   0.0     5    57   200   253   198   321 0.91 NC_011205.1_4363 # 4617471 # 4618751 # 1 # ID=1_4363;partial=00;start_type=TTG;rbs_motif=GGAG/GAGG;rbs_spacer=5-10bp;gc_cont=0.540
NC_011205.1:3704080-3706398|+ -            773 62655at91347         -            286   0.00023   18.5   0.0   1   1   5.2e-07    0.0004   17.7   0.0     3    50     4    52     2    60 0.85 NC_011205.1_3570 # 3704080 # 3706398 # 1 # ID=1_3570;partial=00;start_type=ATG;rbs_motif=GGA/GAG/AGG;rbs_spacer=5-10bp;gc_cont=0.563
NC_011205.1:2851466-2852371|- -            302 62655at91347         -            286    0.0036   14.6   0.2   1   2   9.8e-06    0.0077   13.5   0.1     5    23    11    29     8    39 0.84 NC_011205.1_2741 # 2851466 # 2852371 # -1 # ID=1_2741;partial=00;start_type=ATG;rbs_motif=GGAG/GAGG;rbs_spacer=5-10bp;gc_cont=0.518
NC_011205.1:2851466-2852371|- -            302 62655at91347         -            286    0.0036   14.6   0.2   2   2       1.3     1e+03   -3.3   0.0   148   168   133   153   106   164 0.61 NC_011205.1_2741 # 2851466 # 2852371 # -1 # ID=1_2741;partial=00;start_type=ATG;rbs_motif=GGAG/GAGG;rbs_spacer=5-10bp;gc_cont=0.518
#
# Program:         hmmsearch
# Version:         3.4 (Aug 2023)
# Pipeline mode:   SEARCH
# Query file:      /Users/dizzler/Projects/School/BIOL4600-Capstone/databases/lineages/enterobacterales_odb10/hmms/62655at91347.hmm
# Target file:     /Users/dizzler/Projects/School/BIOL4600-Capstone/reports/busco-results/GCF_000020925.1_ASM2092v1_genomic.fna/prodigal_output/predicted_genes/predicted.faa
# Option settings: hmmsearch --domtblout /Users/dizzler/Projects/School/BIOL4600-Capstone/reports/busco-results/GCF_000020925.1_ASM2092v1_genomic.fna/run_enterobacterales_odb10/hmmer_output/62655at91347.out --cpu 1 /Users/dizzler/Projects/School/BIOL4600-Capstone/databases/lineages/enterobacterales_odb10/hmms/62655at91347.hmm /Users/dizzler/Projects/School/BIOL4600-Capstone/reports/busco-results/GCF_000020925.1_ASM2092v1_genomic.fna/prodigal_output/predicted_genes/predicted.faa 
# Current dir:     /Users/dizzler/Projects/School/BIOL4600-Capstone
# Date:            Wed Feb 25 22:55:18 2026
# [ok]
