#                                                                                     --- full sequence --- -------------- this domain -------------   hmm coord   ali coord   env coord
# target name                 accession   tlen query name           accession   qlen   E-value  score  bias   #  of  c-Evalue  i-Evalue  score  bias  from    to  from    to  from    to  acc description of target
#         ------------------- ---------- ----- -------------------- ---------- ----- --------- ------ ----- --- --- --------- --------- ------ ----- ----- ----- ----- ----- ----- ----- ---- ---------------------
NC_011205.1:4800666-4801694|- -            343 63025at91347         -            277  1.4e-124  412.9   0.0   1   2   4.1e-42   1.3e-39  134.2   0.0     1   114     1   145     1   151 0.82 NC_011205.1_4553 # 4800666 # 4801694 # -1 # ID=1_4553;partial=00;start_type=ATG;rbs_motif=AGGAG;rbs_spacer=5-10bp;gc_cont=0.577
NC_011205.1:4800666-4801694|- -            343 63025at91347         -            277  1.4e-124  412.9   0.0   2   2   2.6e-84     8e-82  272.6   0.0   113   277   165   334   160   334 0.97 NC_011205.1_4553 # 4800666 # 4801694 # -1 # ID=1_4553;partial=00;start_type=ATG;rbs_motif=AGGAG;rbs_spacer=5-10bp;gc_cont=0.577
NC_011205.1:3435403-3436539|- -            379 63025at91347         -            277   9.9e-31  105.0   0.0   1   1   5.8e-33   1.8e-30  104.1   0.0   114   277   198   371   195   371 0.91 NC_011205.1_3294 # 3435403 # 3436539 # -1 # ID=1_3294;partial=00;start_type=ATG;rbs_motif=AGGAGG;rbs_spacer=3-4bp;gc_cont=0.531
NC_011205.1:1495242-1496075|+ -            278 63025at91347         -            277   1.4e-10   38.9   0.0   1   1   6.7e-13   2.1e-10   38.3   0.0   142   217   111   188   105   195 0.87 NC_011205.1_1440 # 1495242 # 1496075 # 1 # ID=1_1440;partial=00;start_type=ATG;rbs_motif=AGxAGG/AGGxGG;rbs_spacer=3-4bp;gc_cont=0.589
NC_011205.1:2616825-2617757|- -            311 63025at91347         -            277   1.8e-10   38.6   0.0   1   1   8.6e-13   2.7e-10   38.0   0.0   136   217   128   212   123   218 0.91 NC_011205.1_2540 # 2616825 # 2617757 # -1 # ID=1_2540;partial=00;start_type=GTG;rbs_motif=GGAGG;rbs_spacer=5-10bp;gc_cont=0.537
NC_011205.1:2861085-2861822|- -            246 63025at91347         -            277   1.8e-06   25.4   0.0   1   1     9e-09   2.8e-06   24.8   0.0   142   217    46   127    36   160 0.83 NC_011205.1_2750 # 2861085 # 2861822 # -1 # ID=1_2750;partial=00;start_type=ATG;rbs_motif=GGA/GAG/AGG;rbs_spacer=5-10bp;gc_cont=0.538
NC_011205.1:4770860-4771729|- -            290 63025at91347         -            277   1.9e-05   22.1   1.2   1   2      0.17        53    0.9   0.2   190   217    57    85    31   110 0.73 NC_011205.1_4524 # 4770860 # 4771729 # -1 # ID=1_4524;partial=00;start_type=ATG;rbs_motif=None;rbs_spacer=None;gc_cont=0.329
NC_011205.1:4770860-4771729|- -            290 63025at91347         -            277   1.9e-05   22.1   1.2   2   2     3e-07   9.4e-05   19.8   0.0   144   220   155   232   144   242 0.77 NC_011205.1_4524 # 4770860 # 4771729 # -1 # ID=1_4524;partial=00;start_type=ATG;rbs_motif=None;rbs_spacer=None;gc_cont=0.329
NC_011205.1:3594552-3595433|+ -            294 63025at91347         -            277   0.00018   18.9   0.0   1   1   8.6e-07   0.00027   18.3   0.0   142   190   160   207   155   213 0.85 NC_011205.1_3451 # 3594552 # 3595433 # 1 # ID=1_3451;partial=00;start_type=ATG;rbs_motif=GGA/GAG/AGG;rbs_spacer=5-10bp;gc_cont=0.559
NC_011205.1:915623-916549|+   -            309 63025at91347         -            277   0.00018   18.9   0.0   1   1   9.9e-07   0.00031   18.1   0.0   141   219   104   192    83   198 0.83 NC_011205.1_863 # 915623 # 916549 # 1 # ID=1_863;partial=00;start_type=ATG;rbs_motif=AGGAG;rbs_spacer=5-10bp;gc_cont=0.545
NC_011205.1:1434187-1434996|+ -            270 63025at91347         -            277    0.0016   15.8   0.0   1   1   7.3e-06    0.0023   15.3   0.0   142   185    87   130    76   138 0.89 NC_011205.1_1380 # 1434187 # 1434996 # 1 # ID=1_1380;partial=00;start_type=ATG;rbs_motif=GGAG/GAGG;rbs_spacer=5-10bp;gc_cont=0.567
NC_011205.1:2501468-2502196|+ -            243 63025at91347         -            277    0.0021   15.4   0.0   1   1   8.9e-06    0.0028   15.0   0.0   140   165    56    81    54   125 0.82 NC_011205.1_2430 # 2501468 # 2502196 # 1 # ID=1_2430;partial=00;start_type=ATG;rbs_motif=3Base/5BMM;rbs_spacer=13-15bp;gc_cont=0.550
NC_011205.1:1852665-1853813|+ -            383 63025at91347         -            277    0.0058   13.9   0.0   1   1     3e-05    0.0095   13.2   0.0   143   215   170   238   162   258 0.81 NC_011205.1_1783 # 1852665 # 1853813 # 1 # ID=1_1783;partial=00;start_type=ATG;rbs_motif=GGAG/GAGG;rbs_spacer=5-10bp;gc_cont=0.487
NC_011205.1:4204340-4205095|+ -            252 63025at91347         -            277     0.012   12.9   0.0   1   1   5.7e-05     0.018   12.3   0.0   143   193    66   117    61   167 0.91 NC_011205.1_4016 # 4204340 # 4205095 # 1 # ID=1_4016;partial=00;start_type=ATG;rbs_motif=AGxAGG/AGGxGG;rbs_spacer=5-10bp;gc_cont=0.484
NC_011205.1:4739999-4741624|- -            542 63025at91347         -            277     0.019   12.3   0.0   1   1   9.7e-05      0.03   11.6   0.0   143   246    68   169    65   177 0.82 NC_011205.1_4493 # 4739999 # 4741624 # -1 # ID=1_4493;partial=00;start_type=ATG;rbs_motif=AGGAG;rbs_spacer=5-10bp;gc_cont=0.551
NC_011205.1:299933-300703|+   -            257 63025at91347         -            277     0.021   12.1   0.0   1   2   0.00011     0.036   11.3   0.0   141   167    45    71    31   133 0.80 NC_011205.1_256 # 299933 # 300703 # 1 # ID=1_256;partial=00;start_type=ATG;rbs_motif=AGxAGG/AGGxGG;rbs_spacer=5-10bp;gc_cont=0.520
NC_011205.1:299933-300703|+   -            257 63025at91347         -            277     0.021   12.1   0.0   2   2       3.8   1.2e+03   -3.5   0.0   238   256   176   195   148   198 0.57 NC_011205.1_256 # 299933 # 300703 # 1 # ID=1_256;partial=00;start_type=ATG;rbs_motif=AGxAGG/AGGxGG;rbs_spacer=5-10bp;gc_cont=0.520
NC_011205.1:4377708-4378808|- -            367 63025at91347         -            277     0.023   12.0   0.0   1   1   0.00014     0.044   11.0   0.0   141   191   211   259   205   267 0.88 NC_011205.1_4174 # 4377708 # 4378808 # -1 # ID=1_4174;partial=00;start_type=ATG;rbs_motif=AGGA;rbs_spacer=5-10bp;gc_cont=0.519
#
# Program:         hmmsearch
# Version:         3.4 (Aug 2023)
# Pipeline mode:   SEARCH
# Query file:      /Users/dizzler/Projects/School/BIOL4600-Capstone/busco_downloads/lineages/enterobacterales_odb10/hmms/63025at91347.hmm
# Target file:     reports/busco-results/GCF_000020925.1_ASM2092v1_genomic.fna/prodigal_output/predicted_genes/predicted.faa
# Option settings: hmmsearch --domtblout reports/busco-results/GCF_000020925.1_ASM2092v1_genomic.fna/run_enterobacterales_odb10/hmmer_output/63025at91347.out --cpu 1 /Users/dizzler/Projects/School/BIOL4600-Capstone/busco_downloads/lineages/enterobacterales_odb10/hmms/63025at91347.hmm reports/busco-results/GCF_000020925.1_ASM2092v1_genomic.fna/prodigal_output/predicted_genes/predicted.faa 
# Current dir:     /Users/dizzler/Projects/School/BIOL4600-Capstone
# Date:            Sat Feb 21 23:24:02 2026
# [ok]
