#                                                                                     --- full sequence --- -------------- this domain -------------   hmm coord   ali coord   env coord
# target name                 accession   tlen query name           accession   qlen   E-value  score  bias   #  of  c-Evalue  i-Evalue  score  bias  from    to  from    to  from    to  acc description of target
#         ------------------- ---------- ----- -------------------- ---------- ----- --------- ------ ----- --- --- --------- --------- ------ ----- ----- ----- ----- ----- ----- ----- ---- ---------------------
NC_011205.1:2551516-2552058|- -            181 64963at91347         -            149     1e-85  282.7   0.4   1   2   1.8e-86   3.4e-84  277.7   0.2     7   144    12   158     1   162 0.92 NC_011205.1_2475 # 2551516 # 2552058 # -1 # ID=1_2475;partial=00;start_type=ATG;rbs_motif=GGA/GAG/AGG;rbs_spacer=5-10bp;gc_cont=0.543
NC_011205.1:2551516-2552058|- -            181 64963at91347         -            149     1e-85  282.7   0.4   2   2     0.035       6.6    4.2   0.0   129   149   160   180   155   180 0.81 NC_011205.1_2475 # 2551516 # 2552058 # -1 # ID=1_2475;partial=00;start_type=ATG;rbs_motif=GGA/GAG/AGG;rbs_spacer=5-10bp;gc_cont=0.543
NC_011205.1:3037732-3038274|- -            181 64963at91347         -            149   5.6e-16   56.4   4.8   1   2     3e-18   5.6e-16   56.4   4.8    21   119    15   109     4   136 0.82 NC_011205.1_2918 # 3037732 # 3038274 # -1 # ID=1_2918;partial=00;start_type=ATG;rbs_motif=AGGA;rbs_spacer=5-10bp;gc_cont=0.558
NC_011205.1:3037732-3038274|- -            181 64963at91347         -            149   5.6e-16   56.4   4.8   2   2       5.5     1e+03   -2.9   0.0    44    63   153   172   139   177 0.54 NC_011205.1_2918 # 3037732 # 3038274 # -1 # ID=1_2918;partial=00;start_type=ATG;rbs_motif=AGGA;rbs_spacer=5-10bp;gc_cont=0.558
NC_011205.1:2788298-2789161|- -            288 64963at91347         -            149   1.6e-05   22.4  21.3   1   3    0.0056         1    6.8   8.5    45   101    22    68    12    73 0.76 NC_011205.1_2686 # 2788298 # 2789161 # -1 # ID=1_2686;partial=00;start_type=ATG;rbs_motif=None;rbs_spacer=None;gc_cont=0.601
NC_011205.1:2788298-2789161|- -            288 64963at91347         -            149   1.6e-05   22.4  21.3   2   3     0.005      0.94    7.0   0.8    82   103   190   211   173   216 0.85 NC_011205.1_2686 # 2788298 # 2789161 # -1 # ID=1_2686;partial=00;start_type=ATG;rbs_motif=None;rbs_spacer=None;gc_cont=0.601
NC_011205.1:2788298-2789161|- -            288 64963at91347         -            149   1.6e-05   22.4  21.3   3   3   5.8e-05     0.011   13.2   0.2    78   110   215   247   210   254 0.84 NC_011205.1_2686 # 2788298 # 2789161 # -1 # ID=1_2686;partial=00;start_type=ATG;rbs_motif=None;rbs_spacer=None;gc_cont=0.601
NC_011205.1:2413173-2414408|+ -            412 64963at91347         -            149   3.1e-05   21.5   9.5   1   2    0.0048       0.9    7.0   0.5    72    97   331   356   322   369 0.77 NC_011205.1_2351 # 2413173 # 2414408 # 1 # ID=1_2351;partial=00;start_type=ATG;rbs_motif=AGGAG;rbs_spacer=5-10bp;gc_cont=0.513
NC_011205.1:2413173-2414408|+ -            412 64963at91347         -            149   3.1e-05   21.5   9.5   2   2   1.9e-06   0.00036   18.1   3.1    42    71   374   403   367   408 0.83 NC_011205.1_2351 # 2413173 # 2414408 # 1 # ID=1_2351;partial=00;start_type=ATG;rbs_motif=AGGAG;rbs_spacer=5-10bp;gc_cont=0.513
NC_011205.1:1824357-1826471|+ -            705 64963at91347         -            149   6.1e-05   20.5   2.8   1   1   5.7e-07   0.00011   19.8   2.8    40   103   371   433   365   451 0.88 NC_011205.1_1751 # 1824357 # 1826471 # 1 # ID=1_1751;partial=00;start_type=ATG;rbs_motif=GGA/GAG/AGG;rbs_spacer=5-10bp;gc_cont=0.595
NC_011205.1:1823786-1824364|+ -            193 64963at91347         -            149   6.4e-05   20.5  10.1   1   2    0.0032       0.6    7.6   2.7    43    61   114   132   106   141 0.79 NC_011205.1_1750 # 1823786 # 1824364 # 1 # ID=1_1750;partial=00;start_type=ATG;rbs_motif=None;rbs_spacer=None;gc_cont=0.560
NC_011205.1:1823786-1824364|+ -            193 64963at91347         -            149   6.4e-05   20.5  10.1   2   2   2.9e-06   0.00053   17.5   0.8    43    74   144   175   135   185 0.84 NC_011205.1_1750 # 1823786 # 1824364 # 1 # ID=1_1750;partial=00;start_type=ATG;rbs_motif=None;rbs_spacer=None;gc_cont=0.560
NC_011205.1:3042763-3043371|- -            203 64963at91347         -            149   0.00013   19.4  18.6   1   3     0.041       7.7    4.0   1.4    82    99     9    26     1    34 0.76 NC_011205.1_2922 # 3042763 # 3043371 # -1 # ID=1_2922;partial=00;start_type=GTG;rbs_motif=GGAG/GAGG;rbs_spacer=5-10bp;gc_cont=0.583
NC_011205.1:3042763-3043371|- -            203 64963at91347         -            149   0.00013   19.4  18.6   2   3    0.0007      0.13    9.7   7.1    33   101    38    98    27    99 0.73 NC_011205.1_2922 # 3042763 # 3043371 # -1 # ID=1_2922;partial=00;start_type=GTG;rbs_motif=GGAG/GAGG;rbs_spacer=5-10bp;gc_cont=0.583
NC_011205.1:3042763-3043371|- -            203 64963at91347         -            149   0.00013   19.4  18.6   3   3    0.0062       1.2    6.7   0.0    90   118   154   184   131   196 0.71 NC_011205.1_2922 # 3042763 # 3043371 # -1 # ID=1_2922;partial=00;start_type=GTG;rbs_motif=GGAG/GAGG;rbs_spacer=5-10bp;gc_cont=0.583
NC_011205.1:2813984-2815027|+ -            348 64963at91347         -            149   0.00034   18.1   3.0   1   2   5.2e-05    0.0097   13.4   0.6    43   104   227   249   191   276 0.62 NC_011205.1_2710 # 2813984 # 2815027 # 1 # ID=1_2710;partial=00;start_type=ATG;rbs_motif=GGAG/GAGG;rbs_spacer=5-10bp;gc_cont=0.530
NC_011205.1:2813984-2815027|+ -            348 64963at91347         -            149   0.00034   18.1   3.0   2   2     0.031       5.9    4.4   0.1    84    97   311   324   288   344 0.73 NC_011205.1_2710 # 2813984 # 2815027 # 1 # ID=1_2710;partial=00;start_type=ATG;rbs_motif=GGAG/GAGG;rbs_spacer=5-10bp;gc_cont=0.530
NC_011205.1:2815860-2816873|+ -            338 64963at91347         -            149    0.0004   17.9   9.5   1   2   0.00082      0.15    9.5   2.9    54   100   151   195   146   203 0.71 NC_011205.1_2712 # 2815860 # 2816873 # 1 # ID=1_2712;partial=00;start_type=ATG;rbs_motif=AGGAG;rbs_spacer=5-10bp;gc_cont=0.556
NC_011205.1:2815860-2816873|+ -            338 64963at91347         -            149    0.0004   17.9   9.5   2   2     2e-05    0.0038   14.7   7.5    42   105   176   232   167   236 0.82 NC_011205.1_2712 # 2815860 # 2816873 # 1 # ID=1_2712;partial=00;start_type=ATG;rbs_motif=AGGAG;rbs_spacer=5-10bp;gc_cont=0.556
NC_011205.1:2715147-2717108|- -            654 64963at91347         -            149   0.00069   17.1   3.6   1   3      0.66   1.2e+02    0.1   6.9    44    99    10    72     2    82 0.59 NC_011205.1_2635 # 2715147 # 2717108 # -1 # ID=1_2635;partial=00;start_type=ATG;rbs_motif=AGxAGG/AGGxGG;rbs_spacer=5-10bp;gc_cont=0.583
NC_011205.1:2715147-2717108|- -            654 64963at91347         -            149   0.00069   17.1   3.6   2   3   3.7e-06   0.00069   17.1   3.6    43   111    84   153    76   165 0.85 NC_011205.1_2635 # 2715147 # 2717108 # -1 # ID=1_2635;partial=00;start_type=ATG;rbs_motif=AGxAGG/AGGxGG;rbs_spacer=5-10bp;gc_cont=0.583
NC_011205.1:2715147-2717108|- -            654 64963at91347         -            149   0.00069   17.1   3.6   3   3      0.11        21    2.6   0.1    82    98   224   243   215   263 0.82 NC_011205.1_2635 # 2715147 # 2717108 # -1 # ID=1_2635;partial=00;start_type=ATG;rbs_motif=AGxAGG/AGGxGG;rbs_spacer=5-10bp;gc_cont=0.583
NC_011205.1:4595768-4596502|- -            245 64963at91347         -            149   0.00078   16.9   4.9   1   3       4.8   9.1e+02   -2.7   0.2    83   100    61    78    55    88 0.70 NC_011205.1_4346 # 4595768 # 4596502 # -1 # ID=1_4346;partial=00;start_type=ATG;rbs_motif=AGGAG;rbs_spacer=5-10bp;gc_cont=0.531
NC_011205.1:4595768-4596502|- -            245 64963at91347         -            149   0.00078   16.9   4.9   2   3   7.8e-05     0.015   12.8   0.4    81    98   145   162   137   169 0.87 NC_011205.1_4346 # 4595768 # 4596502 # -1 # ID=1_4346;partial=00;start_type=ATG;rbs_motif=AGGAG;rbs_spacer=5-10bp;gc_cont=0.531
NC_011205.1:4595768-4596502|- -            245 64963at91347         -            149   0.00078   16.9   4.9   3   3     0.011         2    5.9   0.0    84    97   204   217   173   236 0.78 NC_011205.1_4346 # 4595768 # 4596502 # -1 # ID=1_4346;partial=00;start_type=ATG;rbs_motif=AGGAG;rbs_spacer=5-10bp;gc_cont=0.531
NC_011205.1:1718101-1718985|+ -            295 64963at91347         -            149    0.0014   16.1   2.5   1   2     0.041       7.7    4.0   0.2    44    56    37    49     8    55 0.74 NC_011205.1_1647 # 1718101 # 1718985 # 1 # ID=1_1647;partial=00;start_type=ATG;rbs_motif=GGAGG;rbs_spacer=5-10bp;gc_cont=0.538
NC_011205.1:1718101-1718985|+ -            295 64963at91347         -            149    0.0014   16.1   2.5   2   2   7.4e-06    0.0014   16.1   2.5    43   114   130   198   115   207 0.83 NC_011205.1_1647 # 1718101 # 1718985 # 1 # ID=1_1647;partial=00;start_type=ATG;rbs_motif=GGAGG;rbs_spacer=5-10bp;gc_cont=0.538
NC_011205.1:1027749-1028366|+ -            206 64963at91347         -            149    0.0026   15.3  13.4   1   3    0.0016      0.29    8.6   0.2    78   107     7    35     3    43 0.82 NC_011205.1_965 # 1027749 # 1028366 # 1 # ID=1_965;partial=00;start_type=ATG;rbs_motif=AGGAG;rbs_spacer=5-10bp;gc_cont=0.568
NC_011205.1:1027749-1028366|+ -            206 64963at91347         -            149    0.0026   15.3  13.4   2   3     0.042       7.9    3.9   0.2    68   101    49    85    45    93 0.73 NC_011205.1_965 # 1027749 # 1028366 # 1 # ID=1_965;partial=00;start_type=ATG;rbs_motif=AGGAG;rbs_spacer=5-10bp;gc_cont=0.568
NC_011205.1:1027749-1028366|+ -            206 64963at91347         -            149    0.0026   15.3  13.4   3   3    0.0016       0.3    8.5   3.1    43   104    96   154    92   164 0.81 NC_011205.1_965 # 1027749 # 1028366 # 1 # ID=1_965;partial=00;start_type=ATG;rbs_motif=AGGAG;rbs_spacer=5-10bp;gc_cont=0.568
NC_011205.1:1783692-1784309|+ -            206 64963at91347         -            149     0.004   14.7  13.2   1   4    0.0016      0.29    8.6   0.2    78   107     7    35     3    43 0.82 NC_011205.1_1712 # 1783692 # 1784309 # 1 # ID=1_1712;partial=00;start_type=ATG;rbs_motif=AGGAG;rbs_spacer=5-10bp;gc_cont=0.568
NC_011205.1:1783692-1784309|+ -            206 64963at91347         -            149     0.004   14.7  13.2   2   4     0.045       8.5    3.8   0.2    68   101    49    85    45    91 0.72 NC_011205.1_1712 # 1783692 # 1784309 # 1 # ID=1_1712;partial=00;start_type=ATG;rbs_motif=AGGAG;rbs_spacer=5-10bp;gc_cont=0.568
NC_011205.1:1783692-1784309|+ -            206 64963at91347         -            149     0.004   14.7  13.2   3   4     0.015       2.8    5.4   5.1    70   101    89   115    64   126 0.61 NC_011205.1_1712 # 1783692 # 1784309 # 1 # ID=1_1712;partial=00;start_type=ATG;rbs_motif=AGGAG;rbs_spacer=5-10bp;gc_cont=0.568
NC_011205.1:1783692-1784309|+ -            206 64963at91347         -            149     0.004   14.7  13.2   4   4     0.003      0.56    7.7   2.9    42   101    95   151    89   164 0.68 NC_011205.1_1712 # 1783692 # 1784309 # 1 # ID=1_1712;partial=00;start_type=ATG;rbs_motif=AGGAG;rbs_spacer=5-10bp;gc_cont=0.568
NC_011205.1:3894267-3894740|- -            158 64963at91347         -            149    0.0055   14.2  25.1   1   3      0.03       5.6    4.4   9.4    44   100    10    75     3    78 0.73 NC_011205.1_3731 # 3894267 # 3894740 # -1 # ID=1_3731;partial=00;start_type=ATG;rbs_motif=AGxAGG/AGGxGG;rbs_spacer=5-10bp;gc_cont=0.603
NC_011205.1:3894267-3894740|- -            158 64963at91347         -            149    0.0055   14.2  25.1   2   3    0.0054         1    6.8   9.7    34   119    46   123    39   127 0.69 NC_011205.1_3731 # 3894267 # 3894740 # -1 # ID=1_3731;partial=00;start_type=ATG;rbs_motif=AGxAGG/AGGxGG;rbs_spacer=5-10bp;gc_cont=0.603
NC_011205.1:3894267-3894740|- -            158 64963at91347         -            149    0.0055   14.2  25.1   3   3   0.00013     0.024   12.1   7.7    43   108    86   147    75   154 0.71 NC_011205.1_3731 # 3894267 # 3894740 # -1 # ID=1_3731;partial=00;start_type=ATG;rbs_motif=AGxAGG/AGGxGG;rbs_spacer=5-10bp;gc_cont=0.603
NC_011205.1:3034513-3035058|- -            182 64963at91347         -            149    0.0057   14.2  23.5   1   2     0.005      0.93    7.0   7.9    43    99     9    74     3    81 0.74 NC_011205.1_2913 # 3034513 # 3035058 # -1 # ID=1_2913;partial=00;start_type=ATG;rbs_motif=GGAG/GAGG;rbs_spacer=5-10bp;gc_cont=0.559
NC_011205.1:3034513-3035058|- -            182 64963at91347         -            149    0.0057   14.2  23.5   2   2   0.00022     0.041   11.4   7.6    43   108    86   160    82   174 0.69 NC_011205.1_2913 # 3034513 # 3035058 # -1 # ID=1_2913;partial=00;start_type=ATG;rbs_motif=GGAG/GAGG;rbs_spacer=5-10bp;gc_cont=0.559
NC_011205.1:2849231-2849491|+ -             87 64963at91347         -            149     0.011   13.2   5.3   1   2   8.1e-05     0.015   12.8   2.7    83   105     7    29     3    46 0.79 NC_011205.1_2737 # 2849231 # 2849491 # 1 # ID=1_2737;partial=00;start_type=ATG;rbs_motif=GGA/GAG/AGG;rbs_spacer=5-10bp;gc_cont=0.475
NC_011205.1:2849231-2849491|+ -             87 64963at91347         -            149     0.011   13.2   5.3   2   2      0.16        31    2.0   0.2    50    66    48    64    27    83 0.53 NC_011205.1_2737 # 2849231 # 2849491 # 1 # ID=1_2737;partial=00;start_type=ATG;rbs_motif=GGA/GAG/AGG;rbs_spacer=5-10bp;gc_cont=0.475
NC_011205.1:2789963-2790592|- -            210 64963at91347         -            149     0.012   13.0  14.4   1   3     0.025       4.7    4.7   0.3    43    56    21    34    14    52 0.68 NC_011205.1_2688 # 2789963 # 2790592 # -1 # ID=1_2688;partial=00;start_type=ATG;rbs_motif=GGAGG;rbs_spacer=5-10bp;gc_cont=0.548
NC_011205.1:2789963-2790592|- -            210 64963at91347         -            149     0.012   13.0  14.4   2   3   0.00016      0.03   11.8   4.8    47   105    76   131    65   143 0.78 NC_011205.1_2688 # 2789963 # 2790592 # -1 # ID=1_2688;partial=00;start_type=ATG;rbs_motif=GGAGG;rbs_spacer=5-10bp;gc_cont=0.548
NC_011205.1:2789963-2790592|- -            210 64963at91347         -            149     0.012   13.0  14.4   3   3   0.00054       0.1   10.1   2.6    81   105   107   131   103   175 0.61 NC_011205.1_2688 # 2789963 # 2790592 # -1 # ID=1_2688;partial=00;start_type=ATG;rbs_motif=GGAGG;rbs_spacer=5-10bp;gc_cont=0.548
NC_011205.1:2268503-2269081|- -            193 64963at91347         -            149     0.021   12.3  18.9   1   3     0.071        13    3.2   8.5    42    59    13    30     7    85 0.52 NC_011205.1_2226 # 2268503 # 2269081 # -1 # ID=1_2226;partial=00;start_type=ATG;rbs_motif=GGAGG;rbs_spacer=5-10bp;gc_cont=0.544
NC_011205.1:2268503-2269081|- -            193 64963at91347         -            149     0.021   12.3  18.9   2   3    0.0032      0.59    7.6   6.2    75   106    86   117    60   124 0.65 NC_011205.1_2226 # 2268503 # 2269081 # -1 # ID=1_2226;partial=00;start_type=ATG;rbs_motif=GGAGG;rbs_spacer=5-10bp;gc_cont=0.544
NC_011205.1:2268503-2269081|- -            193 64963at91347         -            149     0.021   12.3  18.9   3   3   0.00014     0.027   11.9   2.5    43   120    93   170    84   182 0.62 NC_011205.1_2226 # 2268503 # 2269081 # -1 # ID=1_2226;partial=00;start_type=ATG;rbs_motif=GGAGG;rbs_spacer=5-10bp;gc_cont=0.544
NC_011205.1:2514262-2515452|+ -            397 64963at91347         -            149     0.073   10.5   9.1   1   2    0.0029      0.54    7.7   9.1    44    97     7    68     2    77 0.68 NC_011205.1_2440 # 2514262 # 2515452 # 1 # ID=1_2440;partial=00;start_type=ATG;rbs_motif=AGGAG;rbs_spacer=5-10bp;gc_cont=0.539
NC_011205.1:2514262-2515452|+ -            397 64963at91347         -            149     0.073   10.5   9.1   2   2    0.0072       1.3    6.4   0.8    44    59    54    69    37    89 0.70 NC_011205.1_2440 # 2514262 # 2515452 # 1 # ID=1_2440;partial=00;start_type=ATG;rbs_motif=AGGAG;rbs_spacer=5-10bp;gc_cont=0.539
NC_011205.1:2476878-2477573|- -            232 64963at91347         -            149      0.28    8.7  17.5   1   2    0.0011       0.2    9.1   0.7    82   103    58    79    44    84 0.82 NC_011205.1_2412 # 2476878 # 2477573 # -1 # ID=1_2412;partial=00;start_type=ATG;rbs_motif=GGA/GAG/AGG;rbs_spacer=11-12bp;gc_cont=0.602
NC_011205.1:2476878-2477573|- -            232 64963at91347         -            149      0.28    8.7  17.5   2   2    0.0074       1.4    6.4   4.1    34    97   132   198   122   217 0.70 NC_011205.1_2412 # 2476878 # 2477573 # -1 # ID=1_2412;partial=00;start_type=ATG;rbs_motif=GGA/GAG/AGG;rbs_spacer=11-12bp;gc_cont=0.602
NC_011205.1:4569075-4569701|+ -            209 64963at91347         -            149      0.38    8.2  11.2   1   4     0.056        11    3.5   0.1    43    57    10    24     4    37 0.73 NC_011205.1_4317 # 4569075 # 4569701 # 1 # ID=1_4317;partial=00;start_type=ATG;rbs_motif=AGGAG;rbs_spacer=5-10bp;gc_cont=0.541
NC_011205.1:4569075-4569701|+ -            209 64963at91347         -            149      0.38    8.2  11.2   2   4     0.062        12    3.4   0.2    71   101    51    84    44    91 0.69 NC_011205.1_4317 # 4569075 # 4569701 # 1 # ID=1_4317;partial=00;start_type=ATG;rbs_motif=AGGAG;rbs_spacer=5-10bp;gc_cont=0.541
NC_011205.1:4569075-4569701|+ -            209 64963at91347         -            149      0.38    8.2  11.2   3   4    0.0074       1.4    6.4   4.5    47   104    64   118    56   126 0.73 NC_011205.1_4317 # 4569075 # 4569701 # 1 # ID=1_4317;partial=00;start_type=ATG;rbs_motif=AGGAG;rbs_spacer=5-10bp;gc_cont=0.541
NC_011205.1:4569075-4569701|+ -            209 64963at91347         -            149      0.38    8.2  11.2   4   4     0.015       2.9    5.4   1.7    83   102    97   116    90   166 0.70 NC_011205.1_4317 # 4569075 # 4569701 # 1 # ID=1_4317;partial=00;start_type=ATG;rbs_motif=AGGAG;rbs_spacer=5-10bp;gc_cont=0.541
NC_011205.1:1622958-1626482|- -           1175 64963at91347         -            149         1    6.8   9.9   1   1      0.49        92    0.5   9.9    42    99   685   759   668   781 0.61 NC_011205.1_1562 # 1622958 # 1626482 # -1 # ID=1_1562;partial=00;start_type=ATG;rbs_motif=GGA/GAG/AGG;rbs_spacer=5-10bp;gc_cont=0.551
NC_011205.1:4270793-4271695|- -            301 64963at91347         -            149       1.7    6.1  13.0   1   2      0.11        20    2.7   0.2    83    95    37    49    22    57 0.69 NC_011205.1_4077 # 4270793 # 4271695 # -1 # ID=1_4077;partial=00;start_type=ATG;rbs_motif=GGAG/GAGG;rbs_spacer=5-10bp;gc_cont=0.584
NC_011205.1:4270793-4271695|- -            301 64963at91347         -            149       1.7    6.1  13.0   2   2   0.00076      0.14    9.6   3.5    43   108   130   192   116   203 0.81 NC_011205.1_4077 # 4270793 # 4271695 # -1 # ID=1_4077;partial=00;start_type=ATG;rbs_motif=GGAG/GAGG;rbs_spacer=5-10bp;gc_cont=0.584
NC_011205.1:1886844-1887578|+ -            245 64963at91347         -            149       4.9    4.6  16.6   1   3      0.15        29    2.1   5.3    44    61    51    68    39   116 0.84 NC_011205.1_1824 # 1886844 # 1887578 # 1 # ID=1_1824;partial=00;start_type=ATG;rbs_motif=GGAG/GAGG;rbs_spacer=5-10bp;gc_cont=0.569
NC_011205.1:1886844-1887578|+ -            245 64963at91347         -            149       4.9    4.6  16.6   2   3    0.0094       1.8    6.1   4.7    43    60   129   146    97   157 0.81 NC_011205.1_1824 # 1886844 # 1887578 # 1 # ID=1_1824;partial=00;start_type=ATG;rbs_motif=GGAG/GAGG;rbs_spacer=5-10bp;gc_cont=0.569
NC_011205.1:1886844-1887578|+ -            245 64963at91347         -            149       4.9    4.6  16.6   3   3    0.0028      0.52    7.8   3.6    43    66   129   152   123   188 0.79 NC_011205.1_1824 # 1886844 # 1887578 # 1 # ID=1_1824;partial=00;start_type=ATG;rbs_motif=GGAG/GAGG;rbs_spacer=5-10bp;gc_cont=0.569
#
# Program:         hmmsearch
# Version:         3.4 (Aug 2023)
# Pipeline mode:   SEARCH
# Query file:      /Users/dizzler/Projects/School/BIOL4600-Capstone/databases/lineages/enterobacterales_odb10/hmms/64963at91347.hmm
# Target file:     /Users/dizzler/Projects/School/BIOL4600-Capstone/reports/busco-results/GCF_000020925.1_ASM2092v1_genomic.fna/prodigal_output/predicted_genes/predicted.faa
# Option settings: hmmsearch --domtblout /Users/dizzler/Projects/School/BIOL4600-Capstone/reports/busco-results/GCF_000020925.1_ASM2092v1_genomic.fna/run_enterobacterales_odb10/hmmer_output/64963at91347.out --cpu 1 /Users/dizzler/Projects/School/BIOL4600-Capstone/databases/lineages/enterobacterales_odb10/hmms/64963at91347.hmm /Users/dizzler/Projects/School/BIOL4600-Capstone/reports/busco-results/GCF_000020925.1_ASM2092v1_genomic.fna/prodigal_output/predicted_genes/predicted.faa 
# Current dir:     /Users/dizzler/Projects/School/BIOL4600-Capstone
# Date:            Wed Feb 25 22:55:18 2026
# [ok]
