#                                                                                     --- full sequence --- -------------- this domain -------------   hmm coord   ali coord   env coord
# target name                 accession   tlen query name           accession   qlen   E-value  score  bias   #  of  c-Evalue  i-Evalue  score  bias  from    to  from    to  from    to  acc description of target
#         ------------------- ---------- ----- -------------------- ---------- ----- --------- ------ ----- --- --- --------- --------- ------ ----- ----- ----- ----- ----- ----- ----- ---- ---------------------
NC_011205.1:2087043-2087777|- -            245 67620at91347         -            204  4.9e-100  331.4   9.3   1   1  7.4e-100   2.5e-97  322.6   9.3     1   204     6   243     6   243 0.90 NC_011205.1_2017 # 2087043 # 2087777 # -1 # ID=1_2017;partial=00;start_type=ATG;rbs_motif=GGAG/GAGG;rbs_spacer=5-10bp;gc_cont=0.506
NC_011205.1:2682844-2683635|- -            264 67620at91347         -            204     4e-47  158.6   0.4   1   2   0.00039      0.13   10.0   0.0     1    21     7    27     7    49 0.89 NC_011205.1_2602 # 2682844 # 2683635 # -1 # ID=1_2602;partial=00;start_type=ATG;rbs_motif=AGGAG;rbs_spacer=5-10bp;gc_cont=0.537
NC_011205.1:2682844-2683635|- -            264 67620at91347         -            204     4e-47  158.6   0.4   2   2   4.7e-44   1.6e-41  140.3   0.1    42   202    75   253    56   255 0.86 NC_011205.1_2602 # 2682844 # 2683635 # -1 # ID=1_2602;partial=00;start_type=ATG;rbs_motif=AGGAG;rbs_spacer=5-10bp;gc_cont=0.537
NC_011205.1:4719620-4720384|- -            255 67620at91347         -            204     2e-43  146.6   1.1   1   2     0.014       4.7    4.9   0.3     2    22    11    31    10    62 0.72 NC_011205.1_4464 # 4719620 # 4720384 # -1 # ID=1_4464;partial=00;start_type=ATG;rbs_motif=GGA/GAG/AGG;rbs_spacer=5-10bp;gc_cont=0.531
NC_011205.1:4719620-4720384|- -            255 67620at91347         -            204     2e-43  146.6   1.1   2   2   4.7e-44   1.6e-41  140.4   0.1    22   203    58   251    49   252 0.88 NC_011205.1_4464 # 4719620 # 4720384 # -1 # ID=1_4464;partial=00;start_type=ATG;rbs_motif=GGA/GAG/AGG;rbs_spacer=5-10bp;gc_cont=0.531
NC_011205.1:3225321-3226082|- -            254 67620at91347         -            204   3.5e-41  139.2   2.6   1   2     0.097        32    2.2   0.1     1    20    11    30    11    47 0.83 NC_011205.1_3091 # 3225321 # 3226082 # -1 # ID=1_3091;partial=00;start_type=ATG;rbs_motif=AGGA;rbs_spacer=5-10bp;gc_cont=0.522
NC_011205.1:3225321-3226082|- -            254 67620at91347         -            204   3.5e-41  139.2   2.6   2   2   7.5e-43   2.5e-40  136.4   0.3    39   202    75   250    47   252 0.87 NC_011205.1_3091 # 3225321 # 3226082 # -1 # ID=1_3091;partial=00;start_type=ATG;rbs_motif=AGGA;rbs_spacer=5-10bp;gc_cont=0.522
NC_011205.1:2398547-2399308|- -            254 67620at91347         -            204   7.6e-39  131.6   0.1   1   2     0.015         5    4.8   0.1     1    22     3    24     3    49 0.81 NC_011205.1_2336 # 2398547 # 2399308 # -1 # ID=1_2336;partial=00;start_type=ATG;rbs_motif=GGAG/GAGG;rbs_spacer=5-10bp;gc_cont=0.547
NC_011205.1:2398547-2399308|- -            254 67620at91347         -            204   7.6e-39  131.6   0.1   2   2   2.5e-39   8.4e-37  124.9   0.0    41   203    72   244    47   245 0.89 NC_011205.1_2336 # 2398547 # 2399308 # -1 # ID=1_2336;partial=00;start_type=ATG;rbs_motif=GGAG/GAGG;rbs_spacer=5-10bp;gc_cont=0.547
NC_011205.1:1599894-1600607|- -            238 67620at91347         -            204   1.1e-31  108.2   0.0   1   1     4e-32   1.3e-29  101.4   0.0    14   200    41   233     7   236 0.79 NC_011205.1_1538 # 1599894 # 1600607 # -1 # ID=1_1538;partial=00;start_type=ATG;rbs_motif=AGGA;rbs_spacer=5-10bp;gc_cont=0.574
NC_011205.1:697341-698096|+   -            252 67620at91347         -            204   5.1e-30  102.8   0.1   1   2   1.4e-23   4.6e-21   73.5   0.1     1   162     9   188     9   194 0.84 NC_011205.1_655 # 697341 # 698096 # 1 # ID=1_655;partial=00;start_type=ATG;rbs_motif=None;rbs_spacer=None;gc_cont=0.585
NC_011205.1:697341-698096|+   -            252 67620at91347         -            204   5.1e-30  102.8   0.1   2   2   4.9e-09   1.6e-06   26.0   0.0   164   202   209   247   199   249 0.92 NC_011205.1_655 # 697341 # 698096 # 1 # ID=1_655;partial=00;start_type=ATG;rbs_motif=None;rbs_spacer=None;gc_cont=0.585
NC_011205.1:3024614-3025393|+ -            260 67620at91347         -            204   1.3e-28   98.2   0.0   1   2   2.4e-22     8e-20   69.5   0.0    39   171    71   205    39   215 0.83 NC_011205.1_2905 # 3024614 # 3025393 # 1 # ID=1_2905;partial=00;start_type=ATG;rbs_motif=AGGAG;rbs_spacer=5-10bp;gc_cont=0.549
NC_011205.1:3024614-3025393|+ -            260 67620at91347         -            204   1.3e-28   98.2   0.0   2   2   2.4e-09   8.2e-07   27.0   0.0   161   204   215   258   205   258 0.92 NC_011205.1_2905 # 3024614 # 3025393 # 1 # ID=1_2905;partial=00;start_type=ATG;rbs_motif=AGGAG;rbs_spacer=5-10bp;gc_cont=0.549
NC_011205.1:3365631-3366515|+ -            295 67620at91347         -            204   3.4e-25   87.0   0.0   1   2     0.023       7.6    4.2   0.1     3    19    52    68    50   106 0.77 NC_011205.1_3231 # 3365631 # 3366515 # 1 # ID=1_3231;partial=00;start_type=ATG;rbs_motif=GGAG/GAGG;rbs_spacer=5-10bp;gc_cont=0.567
NC_011205.1:3365631-3366515|+ -            295 67620at91347         -            204   3.4e-25   87.0   0.0   2   2   1.1e-25   3.6e-23   80.4   0.0    45   203   124   292    93   293 0.84 NC_011205.1_3231 # 3365631 # 3366515 # 1 # ID=1_3231;partial=00;start_type=ATG;rbs_motif=GGAG/GAGG;rbs_spacer=5-10bp;gc_cont=0.567
NC_011205.1:1553477-1554238|- -            254 67620at91347         -            204   1.5e-23   81.6   0.0   1   2   0.00023     0.077   10.7   0.1     1    38    13    53    13    72 0.76 NC_011205.1_1494 # 1553477 # 1554238 # -1 # ID=1_1494;partial=00;start_type=ATG;rbs_motif=AGGAG;rbs_spacer=5-10bp;gc_cont=0.570
NC_011205.1:1553477-1554238|- -            254 67620at91347         -            204   1.5e-23   81.6   0.0   2   2   2.9e-22   9.8e-20   69.2   0.0    41   199    84   244    70   248 0.87 NC_011205.1_1494 # 1553477 # 1554238 # -1 # ID=1_1494;partial=00;start_type=ATG;rbs_motif=AGGAG;rbs_spacer=5-10bp;gc_cont=0.570
NC_011205.1:1768551-1769297|+ -            249 67620at91347         -            204   7.9e-23   79.3   0.1   1   2   0.00018     0.062   11.1   0.0     2    37     2    40     1    44 0.87 NC_011205.1_1697 # 1768551 # 1769297 # 1 # ID=1_1697;partial=00;start_type=ATG;rbs_motif=GGAG/GAGG;rbs_spacer=5-10bp;gc_cont=0.535
NC_011205.1:1768551-1769297|+ -            249 67620at91347         -            204   7.9e-23   79.3   0.1   2   2   1.2e-21   4.1e-19   67.2   0.0    16   155    40   181    38   221 0.87 NC_011205.1_1697 # 1768551 # 1769297 # 1 # ID=1_1697;partial=00;start_type=ATG;rbs_motif=GGAG/GAGG;rbs_spacer=5-10bp;gc_cont=0.535
NC_011205.1:568362-569132|-   -            257 67620at91347         -            204     1e-17   62.6   0.0   1   1   7.8e-19   2.6e-16   58.0   0.0    53   165    78   190     3   205 0.87 NC_011205.1_507 # 568362 # 569132 # -1 # ID=1_507;partial=00;start_type=ATG;rbs_motif=GGA/GAG/AGG;rbs_spacer=5-10bp;gc_cont=0.547
NC_011205.1:1575683-1576471|- -            263 67620at91347         -            204   6.8e-08   30.5   0.1   1   1   3.3e-10   1.1e-07   29.8   0.1   123   202   161   251   118   253 0.84 NC_011205.1_1514 # 1575683 # 1576471 # -1 # ID=1_1514;partial=00;start_type=ATG;rbs_motif=AGGA;rbs_spacer=5-10bp;gc_cont=0.541
NC_011205.1:606120-606986|-   -            289 67620at91347         -            204     0.021   12.5   0.0   1   1   0.00015     0.052   11.3   0.0   130   192   191   257   182   263 0.87 NC_011205.1_544 # 606120 # 606986 # -1 # ID=1_544;partial=00;start_type=ATG;rbs_motif=GGA/GAG/AGG;rbs_spacer=11-12bp;gc_cont=0.548
#
# Program:         hmmsearch
# Version:         3.4 (Aug 2023)
# Pipeline mode:   SEARCH
# Query file:      /Users/dizzler/Projects/School/BIOL4600-Capstone/databases/lineages/enterobacterales_odb10/hmms/67620at91347.hmm
# Target file:     /Users/dizzler/Projects/School/BIOL4600-Capstone/reports/busco-results/GCF_000020925.1_ASM2092v1_genomic.fna/prodigal_output/predicted_genes/predicted.faa
# Option settings: hmmsearch --domtblout /Users/dizzler/Projects/School/BIOL4600-Capstone/reports/busco-results/GCF_000020925.1_ASM2092v1_genomic.fna/run_enterobacterales_odb10/hmmer_output/67620at91347.out --cpu 1 /Users/dizzler/Projects/School/BIOL4600-Capstone/databases/lineages/enterobacterales_odb10/hmms/67620at91347.hmm /Users/dizzler/Projects/School/BIOL4600-Capstone/reports/busco-results/GCF_000020925.1_ASM2092v1_genomic.fna/prodigal_output/predicted_genes/predicted.faa 
# Current dir:     /Users/dizzler/Projects/School/BIOL4600-Capstone
# Date:            Wed Feb 25 22:55:18 2026
# [ok]
