#                                                                                     --- full sequence --- -------------- this domain -------------   hmm coord   ali coord   env coord
# target name                 accession   tlen query name           accession   qlen   E-value  score  bias   #  of  c-Evalue  i-Evalue  score  bias  from    to  from    to  from    to  acc description of target
#         ------------------- ---------- ----- -------------------- ---------- ----- --------- ------ ----- --- --- --------- --------- ------ ----- ----- ----- ----- ----- ----- ----- ---- ---------------------
NC_011205.1:3682166-3682687|- -            174 72355at91347         -            140     1e-79  263.4   0.3   1   1   3.7e-82   1.6e-79  262.8   0.3     1   140     1   150     1   150 0.96 NC_011205.1_3551 # 3682166 # 3682687 # -1 # ID=1_3551;partial=00;start_type=ATG;rbs_motif=AGxAG;rbs_spacer=5-10bp;gc_cont=0.502
NC_011205.1:444170-444715|+   -            182 72355at91347         -            140     1e-19   69.0   0.0   1   1   4.2e-22   1.8e-19   68.2   0.0     7   136     5   145     2   149 0.76 NC_011205.1_389 # 444170 # 444715 # 1 # ID=1_389;partial=00;start_type=ATG;rbs_motif=GGA/GAG/AGG;rbs_spacer=5-10bp;gc_cont=0.579
NC_011205.1:507398-508669|+   -            424 72355at91347         -            140   0.00024   19.2   0.0   1   1   1.1e-06   0.00048   18.2   0.0     4    44   112   152   109   168 0.84 NC_011205.1_451 # 507398 # 508669 # 1 # ID=1_451;partial=00;start_type=ATG;rbs_motif=GGAG/GAGG;rbs_spacer=5-10bp;gc_cont=0.528
NC_011205.1:4326108-4327439|- -            444 72355at91347         -            140   0.00069   17.6   0.0   1   2   4.7e-06     0.002   16.1   0.0     5    35    51    81    47   129 0.90 NC_011205.1_4133 # 4326108 # 4327439 # -1 # ID=1_4133;partial=00;start_type=ATG;rbs_motif=AGGA;rbs_spacer=5-10bp;gc_cont=0.531
NC_011205.1:4326108-4327439|- -            444 72355at91347         -            140   0.00069   17.6   0.0   2   2       3.1   1.3e+03   -2.7   0.0    82   103   348   369   336   406 0.63 NC_011205.1_4133 # 4326108 # 4327439 # -1 # ID=1_4133;partial=00;start_type=ATG;rbs_motif=AGGA;rbs_spacer=5-10bp;gc_cont=0.531
NC_011205.1:906106-907842|-   -            579 72355at91347         -            140    0.0036   15.3   1.0   1   2    0.0016      0.68    8.0   0.1     9    29    38    58    34    61 0.90 NC_011205.1_855 # 906106 # 907842 # -1 # ID=1_855;partial=00;start_type=ATG;rbs_motif=GGAG/GAGG;rbs_spacer=5-10bp;gc_cont=0.560
NC_011205.1:906106-907842|-   -            579 72355at91347         -            140    0.0036   15.3   1.0   2   2     0.009       3.8    5.5   0.1     4    24   354   375   351   381 0.79 NC_011205.1_855 # 906106 # 907842 # -1 # ID=1_855;partial=00;start_type=ATG;rbs_motif=GGAG/GAGG;rbs_spacer=5-10bp;gc_cont=0.560
NC_011205.1:4721657-4722187|+ -            177 72355at91347         -            140    0.0052   14.8   0.1   1   1   2.5e-05     0.011   13.8   0.1     8    37     7    36     1    50 0.89 NC_011205.1_4466 # 4721657 # 4722187 # 1 # ID=1_4466;partial=00;start_type=ATG;rbs_motif=GGAG/GAGG;rbs_spacer=5-10bp;gc_cont=0.465
NC_011205.1:3751250-3751783|- -            178 72355at91347         -            140    0.0059   14.6   0.0   1   1   2.6e-05     0.011   13.7   0.0     7    36    11    40     5    54 0.86 NC_011205.1_3605 # 3751250 # 3751783 # -1 # ID=1_3605;partial=00;start_type=TTG;rbs_motif=GGxGG;rbs_spacer=5-10bp;gc_cont=0.532
NC_011205.1:1130484-1132391|+ -            636 72355at91347         -            140    0.0073   14.3   0.0   1   2    0.0071         3    5.8   0.0     4    26    29    51    26    64 0.85 NC_011205.1_1065 # 1130484 # 1132391 # 1 # ID=1_1065;partial=00;start_type=ATG;rbs_motif=AGGA;rbs_spacer=5-10bp;gc_cont=0.533
NC_011205.1:1130484-1132391|+ -            636 72355at91347         -            140    0.0073   14.3   0.0   2   2     0.008       3.4    5.7   0.0     6    29   347   370   342   416 0.83 NC_011205.1_1065 # 1130484 # 1132391 # 1 # ID=1_1065;partial=00;start_type=ATG;rbs_motif=AGGA;rbs_spacer=5-10bp;gc_cont=0.533
NC_011205.1:1004109-1006385|+ -            759 72355at91347         -            140      0.01   13.8   0.1   1   3      0.15        63    1.6   0.0     3    26   206   229   204   235 0.86 NC_011205.1_949 # 1004109 # 1006385 # 1 # ID=1_949;partial=00;start_type=ATG;rbs_motif=GGAGG;rbs_spacer=5-10bp;gc_cont=0.542
NC_011205.1:1004109-1006385|+ -            759 72355at91347         -            140      0.01   13.8   0.1   2   3       2.2   9.4e+02   -2.2   0.0    22    43   450   471   446   474 0.86 NC_011205.1_949 # 1004109 # 1006385 # 1 # ID=1_949;partial=00;start_type=ATG;rbs_motif=GGAGG;rbs_spacer=5-10bp;gc_cont=0.542
NC_011205.1:1004109-1006385|+ -            759 72355at91347         -            140      0.01   13.8   0.1   3   3    0.0012      0.51    8.4   0.0     9    43   493   529   486   535 0.84 NC_011205.1_949 # 1004109 # 1006385 # 1 # ID=1_949;partial=00;start_type=ATG;rbs_motif=GGAGG;rbs_spacer=5-10bp;gc_cont=0.542
NC_011205.1:1044967-1045650|+ -            228 72355at91347         -            140     0.015   13.3   0.0   1   3   0.00012     0.053   11.5   0.0     9    37    10    38     5    61 0.83 NC_011205.1_979 # 1044967 # 1045650 # 1 # ID=1_979;partial=00;start_type=ATG;rbs_motif=AGGAG;rbs_spacer=5-10bp;gc_cont=0.554
NC_011205.1:1044967-1045650|+ -            228 72355at91347         -            140     0.015   13.3   0.0   2   3       3.8   1.6e+03   -3.0   0.0    24    41    63    80    60    88 0.79 NC_011205.1_979 # 1044967 # 1045650 # 1 # ID=1_979;partial=00;start_type=ATG;rbs_motif=AGGAG;rbs_spacer=5-10bp;gc_cont=0.554
NC_011205.1:1044967-1045650|+ -            228 72355at91347         -            140     0.015   13.3   0.0   3   3       2.2   9.4e+02   -2.2   0.0    98   117   167   186   148   217 0.63 NC_011205.1_979 # 1044967 # 1045650 # 1 # ID=1_979;partial=00;start_type=ATG;rbs_motif=AGGAG;rbs_spacer=5-10bp;gc_cont=0.554
NC_011205.1:4616058-4617008|+ -            317 72355at91347         -            140     0.033   12.2   0.0   1   1   0.00016     0.067   11.2   0.0     5    41    11    47     8    55 0.86 NC_011205.1_4361 # 4616058 # 4617008 # 1 # ID=1_4361;partial=00;start_type=ATG;rbs_motif=None;rbs_spacer=None;gc_cont=0.546
#
# Program:         hmmsearch
# Version:         3.4 (Aug 2023)
# Pipeline mode:   SEARCH
# Query file:      /Users/dizzler/Projects/School/BIOL4600-Capstone/busco_downloads/lineages/enterobacterales_odb10/hmms/72355at91347.hmm
# Target file:     reports/busco-results/GCF_000020925.1_ASM2092v1_genomic.fna/prodigal_output/predicted_genes/predicted.faa
# Option settings: hmmsearch --domtblout reports/busco-results/GCF_000020925.1_ASM2092v1_genomic.fna/run_enterobacterales_odb10/hmmer_output/72355at91347.out --cpu 1 /Users/dizzler/Projects/School/BIOL4600-Capstone/busco_downloads/lineages/enterobacterales_odb10/hmms/72355at91347.hmm reports/busco-results/GCF_000020925.1_ASM2092v1_genomic.fna/prodigal_output/predicted_genes/predicted.faa 
# Current dir:     /Users/dizzler/Projects/School/BIOL4600-Capstone
# Date:            Sat Feb 21 23:24:02 2026
# [ok]
