#                                                                                     --- full sequence --- -------------- this domain -------------   hmm coord   ali coord   env coord
# target name                 accession   tlen query name           accession   qlen   E-value  score  bias   #  of  c-Evalue  i-Evalue  score  bias  from    to  from    to  from    to  acc description of target
#         ------------------- ---------- ----- -------------------- ---------- ----- --------- ------ ----- --- --- --------- --------- ------ ----- ----- ----- ----- ----- ----- ----- ---- ---------------------
NC_011205.1:2751892-2753469|- -            526 9375at91347          -            437  2.2e-236  782.6   0.0   1   2   7.6e-43     6e-40  135.3   0.0     1    91     9   116     9   121 0.91 NC_011205.1_2667 # 2751892 # 2753469 # -1 # ID=1_2667;partial=00;start_type=ATG;rbs_motif=GGA/GAG/AGG;rbs_spacer=5-10bp;gc_cont=0.565
NC_011205.1:2751892-2753469|- -            526 9375at91347          -            437  2.2e-236  782.6   0.0   2   2  3.5e-197  2.7e-194  643.9   0.0    90   437   136   525   120   525 0.93 NC_011205.1_2667 # 2751892 # 2753469 # -1 # ID=1_2667;partial=00;start_type=ATG;rbs_motif=GGA/GAG/AGG;rbs_spacer=5-10bp;gc_cont=0.565
NC_011205.1:3660557-3661120|- -            188 9375at91347          -            437   2.9e-07   27.6   0.0   1   1   7.5e-08   5.8e-05   20.0   0.0     2   141     2   177     1   187 0.60 NC_011205.1_3533 # 3660557 # 3661120 # -1 # ID=1_3533;partial=00;start_type=ATG;rbs_motif=GGAG/GAGG;rbs_spacer=5-10bp;gc_cont=0.559
NC_011205.1:2284505-2285095|+ -            197 9375at91347          -            437   0.00011   19.1   0.0   1   2    0.0013      0.99    6.0   0.0    58    73    69    84    62    97 0.83 NC_011205.1_2237 # 2284505 # 2285095 # 1 # ID=1_2237;partial=00;start_type=ATG;rbs_motif=AGGAG;rbs_spacer=5-10bp;gc_cont=0.569
NC_011205.1:2284505-2285095|+ -            197 9375at91347          -            437   0.00011   19.1   0.0   2   2   3.9e-05     0.031   11.0   0.0    97   136   143   182   137   195 0.77 NC_011205.1_2237 # 2284505 # 2285095 # 1 # ID=1_2237;partial=00;start_type=ATG;rbs_motif=AGGAG;rbs_spacer=5-10bp;gc_cont=0.569
NC_011205.1:75696-76844|+     -            383 9375at91347          -            437   0.00027   17.8   0.0   1   1   4.8e-07   0.00037   17.3   0.0     6    81   198   284   193   319 0.71 NC_011205.1_66 # 75696 # 76844 # 1 # ID=1_66;partial=00;start_type=TTG;rbs_motif=GGAGG;rbs_spacer=5-10bp;gc_cont=0.553
NC_011205.1:2044306-2045412|+ -            369 9375at91347          -            437   0.00097   15.9   0.0   1   2   4.9e-06    0.0038   14.0   0.0   161   182     6    27     3    40 0.85 NC_011205.1_1978 # 2044306 # 2045412 # 1 # ID=1_1978;partial=00;start_type=ATG;rbs_motif=GGA/GAG/AGG;rbs_spacer=5-10bp;gc_cont=0.545
NC_011205.1:2044306-2045412|+ -            369 9375at91347          -            437   0.00097   15.9   0.0   2   2      0.19   1.5e+02   -1.1   0.0   286   306   168   188   161   192 0.87 NC_011205.1_1978 # 2044306 # 2045412 # 1 # ID=1_1978;partial=00;start_type=ATG;rbs_motif=GGA/GAG/AGG;rbs_spacer=5-10bp;gc_cont=0.545
NC_011205.1:1546900-1548495|- -            532 9375at91347          -            437    0.0011   15.8   0.1   1   2   0.00051       0.4    7.3   0.1    50    84    68   102    47   112 0.89 NC_011205.1_1488 # 1546900 # 1548495 # -1 # ID=1_1488;partial=00;start_type=ATG;rbs_motif=AGGAG;rbs_spacer=5-10bp;gc_cont=0.570
NC_011205.1:1546900-1548495|- -            532 9375at91347          -            437    0.0011   15.8   0.1   2   2     0.001       0.8    6.3   0.0   115   143   153   181   126   194 0.75 NC_011205.1_1488 # 1546900 # 1548495 # -1 # ID=1_1488;partial=00;start_type=ATG;rbs_motif=AGGAG;rbs_spacer=5-10bp;gc_cont=0.570
#
# Program:         hmmsearch
# Version:         3.4 (Aug 2023)
# Pipeline mode:   SEARCH
# Query file:      /Users/dizzler/Projects/School/BIOL4600-Capstone/busco_downloads/lineages/enterobacterales_odb10/hmms/9375at91347.hmm
# Target file:     reports/busco-results/GCF_000020925.1_ASM2092v1_genomic.fna/prodigal_output/predicted_genes/predicted.faa
# Option settings: hmmsearch --domtblout reports/busco-results/GCF_000020925.1_ASM2092v1_genomic.fna/run_enterobacterales_odb10/hmmer_output/9375at91347.out --cpu 1 /Users/dizzler/Projects/School/BIOL4600-Capstone/busco_downloads/lineages/enterobacterales_odb10/hmms/9375at91347.hmm reports/busco-results/GCF_000020925.1_ASM2092v1_genomic.fna/prodigal_output/predicted_genes/predicted.faa 
# Current dir:     /Users/dizzler/Projects/School/BIOL4600-Capstone
# Date:            Sat Feb 21 23:24:03 2026
# [ok]
