#                                                                                     --- full sequence --- -------------- this domain -------------   hmm coord   ali coord   env coord
# target name                 accession   tlen query name           accession   qlen   E-value  score  bias   #  of  c-Evalue  i-Evalue  score  bias  from    to  from    to  from    to  acc description of target
#         ------------------- ---------- ----- -------------------- ---------- ----- --------- ------ ----- --- --- --------- --------- ------ ----- ----- ----- ----- ----- ----- ----- ---- ---------------------
NC_011205.1:4244335-4246158|+ -            608 9913at91347          -            518  1.7e-292  968.4   2.3   1   1  6.4e-295    3e-292  967.6   2.3     1   518     5   602     5   602 0.91 NC_011205.1_4049 # 4244335 # 4246158 # 1 # ID=1_4049;partial=00;start_type=GTG;rbs_motif=GGAG/GAGG;rbs_spacer=5-10bp;gc_cont=0.538
NC_011205.1:3640357-3642471|- -            705 9913at91347          -            518   2.6e-38  129.7   0.2   1   3   4.7e-27   2.2e-24   83.7   0.1     2   147    11   173    10   189 0.86 NC_011205.1_3511 # 3640357 # 3642471 # -1 # ID=1_3511;partial=00;start_type=ATG;rbs_motif=GGAG/GAGG;rbs_spacer=5-10bp;gc_cont=0.517
NC_011205.1:3640357-3642471|- -            705 9913at91347          -            518   2.6e-38  129.7   0.2   2   3   1.6e-14   7.4e-12   42.4   0.0   180   357   327   508   306   526 0.75 NC_011205.1_3511 # 3640357 # 3642471 # -1 # ID=1_3511;partial=00;start_type=ATG;rbs_motif=GGAG/GAGG;rbs_spacer=5-10bp;gc_cont=0.517
NC_011205.1:3640357-3642471|- -            705 9913at91347          -            518   2.6e-38  129.7   0.2   3   3       0.2        92   -0.8   0.0   366   405   652   692   610   703 0.68 NC_011205.1_3511 # 3640357 # 3642471 # -1 # ID=1_3511;partial=00;start_type=ATG;rbs_motif=GGAG/GAGG;rbs_spacer=5-10bp;gc_cont=0.517
NC_011205.1:2854313-2856112|- -            600 9913at91347          -            518   1.4e-32  110.8   1.7   1   3   1.7e-34   7.8e-32  108.3   0.1     1   209     4   230     4   249 0.81 NC_011205.1_2744 # 2854313 # 2856112 # -1 # ID=1_2744;partial=00;start_type=ATG;rbs_motif=None;rbs_spacer=None;gc_cont=0.528
NC_011205.1:2854313-2856112|- -            600 9913at91347          -            518   1.4e-32  110.8   1.7   2   3      0.69   3.3e+02   -2.6   0.0   306   341   340   376   337   386 0.75 NC_011205.1_2744 # 2854313 # 2856112 # -1 # ID=1_2744;partial=00;start_type=ATG;rbs_motif=None;rbs_spacer=None;gc_cont=0.528
NC_011205.1:2854313-2856112|- -            600 9913at91347          -            518   1.4e-32  110.8   1.7   3   3     0.097        46    0.2   0.1   347   444   420   521   408   560 0.75 NC_011205.1_2744 # 2854313 # 2856112 # -1 # ID=1_2744;partial=00;start_type=ATG;rbs_motif=None;rbs_spacer=None;gc_cont=0.528
NC_011205.1:3639101-3640285|- -            395 9913at91347          -            518   1.3e-17   61.4   1.6   1   2   3.3e-19   1.6e-16   57.8   0.0     3   159    14   182    12   191 0.74 NC_011205.1_3510 # 3639101 # 3640285 # -1 # ID=1_3510;partial=00;start_type=GTG;rbs_motif=AGGA;rbs_spacer=5-10bp;gc_cont=0.540
NC_011205.1:3639101-3640285|- -            395 9913at91347          -            518   1.3e-17   61.4   1.6   2   2     0.017       8.1    2.7   0.4   184   212   225   253   217   284 0.85 NC_011205.1_3510 # 3639101 # 3640285 # -1 # ID=1_3510;partial=00;start_type=GTG;rbs_motif=AGGA;rbs_spacer=5-10bp;gc_cont=0.540
NC_011205.1:4391486-4392670|+ -            395 9913at91347          -            518   1.3e-17   61.4   1.6   1   2   3.3e-19   1.6e-16   57.8   0.0     3   159    14   182    12   191 0.74 NC_011205.1_4181 # 4391486 # 4392670 # 1 # ID=1_4181;partial=00;start_type=ATG;rbs_motif=GGAG/GAGG;rbs_spacer=5-10bp;gc_cont=0.539
NC_011205.1:4391486-4392670|+ -            395 9913at91347          -            518   1.3e-17   61.4   1.6   2   2     0.017       8.1    2.7   0.4   184   212   225   253   217   284 0.85 NC_011205.1_4181 # 4391486 # 4392670 # 1 # ID=1_4181;partial=00;start_type=ATG;rbs_motif=GGAG/GAGG;rbs_spacer=5-10bp;gc_cont=0.539
NC_011205.1:4803416-4805005|+ -            530 9913at91347          -            518   3.6e-15   53.4   0.3   1   2     2e-17   9.2e-15   52.0   0.0     2   121    14   147    13   165 0.80 NC_011205.1_4557 # 4803416 # 4805005 # 1 # ID=1_4557;partial=00;start_type=ATG;rbs_motif=AGxAG;rbs_spacer=5-10bp;gc_cont=0.544
NC_011205.1:4803416-4805005|+ -            530 9913at91347          -            518   3.6e-15   53.4   0.3   2   2      0.42   1.9e+02   -1.9   0.0   437   452   355   370   351   385 0.80 NC_011205.1_4557 # 4803416 # 4805005 # 1 # ID=1_4557;partial=00;start_type=ATG;rbs_motif=AGxAG;rbs_spacer=5-10bp;gc_cont=0.544
NC_011205.1:3494737-3497415|- -            893 9913at91347          -            518   1.3e-12   44.9   0.6   1   1   6.5e-15     3e-12   43.7   0.6     4   121   396   505   394   560 0.78 NC_011205.1_3354 # 3494737 # 3497415 # -1 # ID=1_3354;partial=00;start_type=ATG;rbs_motif=AGGA;rbs_spacer=5-10bp;gc_cont=0.554
NC_011205.1:3117432-3118871|- -            480 9913at91347          -            518   8.1e-09   32.4   0.1   1   3      0.22     1e+02   -0.9   0.0     9    25    35    51    31    77 0.78 NC_011205.1_3002 # 3117432 # 3118871 # -1 # ID=1_3002;partial=00;start_type=ATG;rbs_motif=AGGAG;rbs_spacer=5-10bp;gc_cont=0.549
NC_011205.1:3117432-3118871|- -            480 9913at91347          -            518   8.1e-09   32.4   0.1   2   3   3.1e-10   1.4e-07   28.3   0.0    31   120    81   172    71   219 0.81 NC_011205.1_3002 # 3117432 # 3118871 # -1 # ID=1_3002;partial=00;start_type=ATG;rbs_motif=AGGAG;rbs_spacer=5-10bp;gc_cont=0.549
NC_011205.1:3117432-3118871|- -            480 9913at91347          -            518   8.1e-09   32.4   0.1   3   3      0.08        38    0.5   0.0   181   241   262   320   249   342 0.78 NC_011205.1_3002 # 3117432 # 3118871 # -1 # ID=1_3002;partial=00;start_type=ATG;rbs_motif=AGGAG;rbs_spacer=5-10bp;gc_cont=0.549
NC_011205.1:3911094-3912944|- -            617 9913at91347          -            518     5e-08   29.8   0.0   1   1   1.4e-10   6.5e-08   29.4   0.0     4   131     3   127     1   197 0.79 NC_011205.1_3747 # 3911094 # 3912944 # -1 # ID=1_3747;partial=00;start_type=ATG;rbs_motif=AGGA/GGAG/GAGG;rbs_spacer=11-12bp;gc_cont=0.571
NC_011205.1:2779135-2780607|- -            491 9913at91347          -            518     0.011   12.1   0.1   1   2    0.0048       2.3    4.5   0.0    80   124    82   127    52   137 0.80 NC_011205.1_2678 # 2779135 # 2780607 # -1 # ID=1_2678;partial=00;start_type=ATG;rbs_motif=GGAG/GAGG;rbs_spacer=5-10bp;gc_cont=0.546
NC_011205.1:2779135-2780607|- -            491 9913at91347          -            518     0.011   12.1   0.1   2   2    0.0029       1.4    5.3   0.0    81   158   286   361   254   385 0.84 NC_011205.1_2678 # 2779135 # 2780607 # -1 # ID=1_2678;partial=00;start_type=ATG;rbs_motif=GGAG/GAGG;rbs_spacer=5-10bp;gc_cont=0.546
#
# Program:         hmmsearch
# Version:         3.4 (Aug 2023)
# Pipeline mode:   SEARCH
# Query file:      /Users/dizzler/Projects/School/BIOL4600-Capstone/busco_downloads/lineages/enterobacterales_odb10/hmms/9913at91347.hmm
# Target file:     reports/busco-results/GCF_000020925.1_ASM2092v1_genomic.fna/prodigal_output/predicted_genes/predicted.faa
# Option settings: hmmsearch --domtblout reports/busco-results/GCF_000020925.1_ASM2092v1_genomic.fna/run_enterobacterales_odb10/hmmer_output/9913at91347.out --cpu 1 /Users/dizzler/Projects/School/BIOL4600-Capstone/busco_downloads/lineages/enterobacterales_odb10/hmms/9913at91347.hmm reports/busco-results/GCF_000020925.1_ASM2092v1_genomic.fna/prodigal_output/predicted_genes/predicted.faa 
# Current dir:     /Users/dizzler/Projects/School/BIOL4600-Capstone
# Date:            Sat Feb 21 23:24:03 2026
# [ok]
