#                                                                                         --- full sequence --- -------------- this domain -------------   hmm coord   ali coord   env coord
# target name                     accession   tlen query name           accession   qlen   E-value  score  bias   #  of  c-Evalue  i-Evalue  score  bias  from    to  from    to  from    to  acc description of target
#             ------------------- ---------- ----- -------------------- ---------- ----- --------- ------ ----- --- --- --------- --------- ------ ----- ----- ----- ----- ----- ----- ----- ---- ---------------------
NZ_ABEI01000008.1:167480-169369|- -            630 12072at91347         -            455    1e-252  836.6   0.6   1   2  1.4e-229  5.7e-227  751.7   0.2     1   392    17   441    17   446 0.96 NZ_ABEI01000008.1_163 # 167480 # 169369 # -1 # ID=46_163;partial=00;start_type=ATG;rbs_motif=AGGA/GGAG/GAGG;rbs_spacer=11-12bp;gc_cont=0.583
NZ_ABEI01000008.1:167480-169369|- -            630 12072at91347         -            455    1e-252  836.6   0.6   2   2   8.9e-27   3.5e-24   83.2   0.0   386   455   479   559   476   559 0.89 NZ_ABEI01000008.1_163 # 167480 # 169369 # -1 # ID=46_163;partial=00;start_type=ATG;rbs_motif=AGGA/GGAG/GAGG;rbs_spacer=11-12bp;gc_cont=0.583
NZ_ABEI01000004.1:141604-142968|+ -            455 12072at91347         -            455   3.6e-97  323.8   0.3   1   1   1.2e-99   4.6e-97  323.4   0.3     1   340    12   374    12   379 0.92 NZ_ABEI01000004.1_131 # 141604 # 142968 # 1 # ID=50_131;partial=00;start_type=ATG;rbs_motif=GGAG/GAGG;rbs_spacer=5-10bp;gc_cont=0.587
NZ_ABEI01000009.1:206820-208154|+ -            445 12072at91347         -            455   1.7e-92  308.4   0.0   1   1   5.1e-95   2.1e-92  308.1   0.0     1   330    15   366    15   386 0.92 NZ_ABEI01000009.1_185 # 206820 # 208154 # 1 # ID=45_185;partial=00;start_type=ATG;rbs_motif=GGAG/GAGG;rbs_spacer=5-10bp;gc_cont=0.547
NZ_ABEI01000002.1:258474-259847|- -            458 12072at91347         -            455   1.1e-91  305.8   0.0   1   1   4.8e-94   1.9e-91  304.9   0.0     2   331    15   363    14   382 0.89 NZ_ABEI01000002.1_245 # 258474 # 259847 # -1 # ID=52_245;partial=00;start_type=GTG;rbs_motif=GGA/GAG/AGG;rbs_spacer=5-10bp;gc_cont=0.552
NZ_ABEI01000028.1:20192-21457|-   -            422 12072at91347         -            455   2.7e-77  258.3   0.0   1   1   8.7e-80   3.5e-77  257.9   0.0     1   314    20   358    20   380 0.87 NZ_ABEI01000028.1_19 # 20192 # 21457 # -1 # ID=26_19;partial=00;start_type=ATG;rbs_motif=None;rbs_spacer=None;gc_cont=0.546
NZ_ABEI01000022.1:21371-23218|+   -            616 12072at91347         -            455   1.1e-23   81.5   0.0   1   1   5.9e-26   2.3e-23   80.5   0.0     7   326    26   356    21   377 0.79 NZ_ABEI01000022.1_25 # 21371 # 23218 # 1 # ID=32_25;partial=00;start_type=ATG;rbs_motif=None;rbs_spacer=None;gc_cont=0.550
NZ_ABEI01000004.1:112417-114438|+ -            674 12072at91347         -            455   2.9e-09   34.0   1.4   1   2    0.0042       1.7    5.1   0.0    30    70    37    74    10    85 0.77 NZ_ABEI01000004.1_104 # 112417 # 114438 # 1 # ID=50_104;partial=00;start_type=ATG;rbs_motif=GGA/GAG/AGG;rbs_spacer=5-10bp;gc_cont=0.552
NZ_ABEI01000004.1:112417-114438|+ -            674 12072at91347         -            455   2.9e-09   34.0   1.4   2   2   1.3e-09   5.2e-07   26.6   0.9   215   320   449   558   439   576 0.84 NZ_ABEI01000004.1_104 # 112417 # 114438 # 1 # ID=50_104;partial=00;start_type=ATG;rbs_motif=GGA/GAG/AGG;rbs_spacer=5-10bp;gc_cont=0.552
NZ_ABEI01000016.1:14264-16345|+   -            694 12072at91347         -            455   7.1e-07   26.1   0.2   1   2   0.00035      0.14    8.7   0.1    35   108   297   381   268   403 0.71 NZ_ABEI01000016.1_16 # 14264 # 16345 # 1 # ID=38_16;partial=00;start_type=ATG;rbs_motif=GGA/GAG/AGG;rbs_spacer=5-10bp;gc_cont=0.585
NZ_ABEI01000016.1:14264-16345|+   -            694 12072at91347         -            455   7.1e-07   26.1   0.2   2   2   3.8e-06    0.0015   15.2   0.0   242   315   523   597   512   612 0.84 NZ_ABEI01000016.1_16 # 14264 # 16345 # 1 # ID=38_16;partial=00;start_type=ATG;rbs_motif=GGA/GAG/AGG;rbs_spacer=5-10bp;gc_cont=0.585
NZ_ABEI01000014.1:107767-109965|- -            733 12072at91347         -            455   4.5e-05   20.2   0.0   1   2   0.00058      0.23    8.0   0.0    35   111   225   309   215   322 0.74 NZ_ABEI01000014.1_108 # 107767 # 109965 # -1 # ID=40_108;partial=00;start_type=ATG;rbs_motif=AGGA;rbs_spacer=5-10bp;gc_cont=0.595
NZ_ABEI01000014.1:107767-109965|- -            733 12072at91347         -            455   4.5e-05   20.2   0.0   2   2   0.00016     0.063    9.8   0.0   252   327   522   609   513   648 0.82 NZ_ABEI01000014.1_108 # 107767 # 109965 # -1 # ID=40_108;partial=00;start_type=ATG;rbs_motif=AGGA;rbs_spacer=5-10bp;gc_cont=0.595
NZ_ABEI01000003.1:150795-153701|- -            969 12072at91347         -            455     0.002   14.8   0.0   1   1   8.2e-06    0.0033   14.1   0.0   201   317   492   611   434   638 0.85 NZ_ABEI01000003.1_138 # 150795 # 153701 # -1 # ID=51_138;partial=00;start_type=ATG;rbs_motif=GGA/GAG/AGG;rbs_spacer=5-10bp;gc_cont=0.570
NZ_ABEI01000003.1:273105-275579|+ -            825 12072at91347         -            455     0.045   10.3   0.4   1   2    0.0009      0.36    7.4   0.0    26    78    34    88    16   230 0.81 NZ_ABEI01000003.1_245 # 273105 # 275579 # 1 # ID=51_245;partial=00;start_type=ATG;rbs_motif=GGA/GAG/AGG;rbs_spacer=5-10bp;gc_cont=0.591
NZ_ABEI01000003.1:273105-275579|+ -            825 12072at91347         -            455     0.045   10.3   0.4   2   2     0.074        30    1.0   0.0   261   287   279   305   237   354 0.71 NZ_ABEI01000003.1_245 # 273105 # 275579 # 1 # ID=51_245;partial=00;start_type=ATG;rbs_motif=GGA/GAG/AGG;rbs_spacer=5-10bp;gc_cont=0.591
#
# Program:         hmmsearch
# Version:         3.4 (Aug 2023)
# Pipeline mode:   SEARCH
# Query file:      /Users/dizzler/Projects/School/BIOL4600-Capstone/busco_downloads/lineages/enterobacterales_odb10/hmms/12072at91347.hmm
# Target file:     reports/busco-results/GCF_000171275.1_ASM17127v1_genomic.fna/prodigal_output/predicted_genes/predicted.faa
# Option settings: hmmsearch --domtblout reports/busco-results/GCF_000171275.1_ASM17127v1_genomic.fna/run_enterobacterales_odb10/hmmer_output/12072at91347.out --cpu 1 /Users/dizzler/Projects/School/BIOL4600-Capstone/busco_downloads/lineages/enterobacterales_odb10/hmms/12072at91347.hmm reports/busco-results/GCF_000171275.1_ASM17127v1_genomic.fna/prodigal_output/predicted_genes/predicted.faa 
# Current dir:     /Users/dizzler/Projects/School/BIOL4600-Capstone
# Date:            Sat Feb 21 23:25:57 2026
# [ok]
