#                                                                                         --- full sequence --- -------------- this domain -------------   hmm coord   ali coord   env coord
# target name                     accession   tlen query name           accession   qlen   E-value  score  bias   #  of  c-Evalue  i-Evalue  score  bias  from    to  from    to  from    to  acc description of target
#             ------------------- ---------- ----- -------------------- ---------- ----- --------- ------ ----- --- --- --------- --------- ------ ----- ----- ----- ----- ----- ----- ----- ---- ---------------------
NZ_ABEI01000007.1:210607-213189|- -            861 1674at91347          -            714         0 1214.6   3.8   1   2         0         0 1201.2   1.1     1   695     1   813     1   820 0.90 NZ_ABEI01000007.1_202 # 210607 # 213189 # -1 # ID=47_202;partial=00;start_type=ATG;rbs_motif=AGGA/GGAG/GAGG;rbs_spacer=11-12bp;gc_cont=0.558
NZ_ABEI01000007.1:210607-213189|- -            861 1674at91347          -            714         0 1214.6   3.8   2   2   0.00054      0.48    6.3   0.1   697   714   842   859   829   859 0.85 NZ_ABEI01000007.1_202 # 210607 # 213189 # -1 # ID=47_202;partial=00;start_type=ATG;rbs_motif=AGGA/GGAG/GAGG;rbs_spacer=11-12bp;gc_cont=0.558
NZ_ABEI01000013.1:62177-65032|-   -            952 1674at91347          -            714   9.4e-41  137.6  10.2   1   5   2.8e-29   2.4e-26   89.9   0.6     1   172     1   190     1   202 0.80 NZ_ABEI01000013.1_60 # 62177 # 65032 # -1 # ID=41_60;partial=00;start_type=ATG;rbs_motif=GGA/GAG/AGG;rbs_spacer=3-4bp;gc_cont=0.566
NZ_ABEI01000013.1:62177-65032|-   -            952 1674at91347          -            714   9.4e-41  137.6  10.2   2   5   6.2e-06    0.0055   12.7   0.0   232   335   216   312   209   333 0.83 NZ_ABEI01000013.1_60 # 62177 # 65032 # -1 # ID=41_60;partial=00;start_type=ATG;rbs_motif=GGA/GAG/AGG;rbs_spacer=3-4bp;gc_cont=0.566
NZ_ABEI01000013.1:62177-65032|-   -            952 1674at91347          -            714   9.4e-41  137.6  10.2   3   5   2.1e-08   1.8e-05   20.9   0.9   354   423   420   485   408   526 0.80 NZ_ABEI01000013.1_60 # 62177 # 65032 # -1 # ID=41_60;partial=00;start_type=ATG;rbs_motif=GGA/GAG/AGG;rbs_spacer=3-4bp;gc_cont=0.566
NZ_ABEI01000013.1:62177-65032|-   -            952 1674at91347          -            714   9.4e-41  137.6  10.2   4   5     0.002       1.7    4.5   0.1   532   549   553   570   513   573 0.86 NZ_ABEI01000013.1_60 # 62177 # 65032 # -1 # ID=41_60;partial=00;start_type=ATG;rbs_motif=GGA/GAG/AGG;rbs_spacer=3-4bp;gc_cont=0.566
NZ_ABEI01000013.1:62177-65032|-   -            952 1674at91347          -            714   9.4e-41  137.6  10.2   5   5   3.3e-05     0.029   10.4   0.0   548   590   606   648   582   659 0.89 NZ_ABEI01000013.1_60 # 62177 # 65032 # -1 # ID=41_60;partial=00;start_type=ATG;rbs_motif=GGA/GAG/AGG;rbs_spacer=3-4bp;gc_cont=0.566
NZ_ABEI01000003.1:94639-97473|+   -            945 1674at91347          -            714   2.2e-23   80.2   0.4   1   5   5.4e-10   4.7e-07   26.2   0.0    15   170    30   200    23   225 0.77 NZ_ABEI01000003.1_89 # 94639 # 97473 # 1 # ID=51_89;partial=00;start_type=ATG;rbs_motif=GGA/GAG/AGG;rbs_spacer=5-10bp;gc_cont=0.550
NZ_ABEI01000003.1:94639-97473|+   -            945 1674at91347          -            714   2.2e-23   80.2   0.4   2   5    0.0056       4.9    3.0   0.0   275   321   307   354   291   375 0.85 NZ_ABEI01000003.1_89 # 94639 # 97473 # 1 # ID=51_89;partial=00;start_type=ATG;rbs_motif=GGA/GAG/AGG;rbs_spacer=5-10bp;gc_cont=0.550
NZ_ABEI01000003.1:94639-97473|+   -            945 1674at91347          -            714   2.2e-23   80.2   0.4   3   5   2.2e-05     0.019   10.9   0.2   170   210   401   443   372   449 0.75 NZ_ABEI01000003.1_89 # 94639 # 97473 # 1 # ID=51_89;partial=00;start_type=ATG;rbs_motif=GGA/GAG/AGG;rbs_spacer=5-10bp;gc_cont=0.550
NZ_ABEI01000003.1:94639-97473|+   -            945 1674at91347          -            714   2.2e-23   80.2   0.4   4   5   1.5e-07   0.00013   18.1   0.4   336   410   438   514   433   528 0.74 NZ_ABEI01000003.1_89 # 94639 # 97473 # 1 # ID=51_89;partial=00;start_type=ATG;rbs_motif=GGA/GAG/AGG;rbs_spacer=5-10bp;gc_cont=0.550
NZ_ABEI01000003.1:94639-97473|+   -            945 1674at91347          -            714   2.2e-23   80.2   0.4   5   5   1.1e-06   0.00098   15.2   0.0   532   561   603   632   560   648 0.78 NZ_ABEI01000003.1_89 # 94639 # 97473 # 1 # ID=51_89;partial=00;start_type=ATG;rbs_motif=GGA/GAG/AGG;rbs_spacer=5-10bp;gc_cont=0.550
NZ_ABEI01000001.1:173890-175923|+ -            678 1674at91347          -            714     2e-12   44.0   0.1   1   3   3.2e-13   2.8e-10   36.9   0.0    32   180     6   151     2   157 0.85 NZ_ABEI01000001.1_165 # 173890 # 175923 # 1 # ID=53_165;partial=00;start_type=ATG;rbs_motif=AGxAG;rbs_spacer=11-12bp;gc_cont=0.546
NZ_ABEI01000001.1:173890-175923|+ -            678 1674at91347          -            714     2e-12   44.0   0.1   2   3      0.48   4.2e+02   -3.4   0.0   341   370   214   244   210   246 0.76 NZ_ABEI01000001.1_165 # 173890 # 175923 # 1 # ID=53_165;partial=00;start_type=ATG;rbs_motif=AGxAG;rbs_spacer=11-12bp;gc_cont=0.546
NZ_ABEI01000001.1:173890-175923|+ -            678 1674at91347          -            714     2e-12   44.0   0.1   3   3    0.0019       1.7    4.5   0.0   532   561   332   361   319   460 0.81 NZ_ABEI01000001.1_165 # 173890 # 175923 # 1 # ID=53_165;partial=00;start_type=ATG;rbs_motif=AGxAG;rbs_spacer=11-12bp;gc_cont=0.546
NZ_ABEI01000007.1:100402-101787|+ -            462 1674at91347          -            714     2e-07   27.4   0.9   1   2   0.00044      0.39    6.6   0.2    47    70    36    59    19    65 0.91 NZ_ABEI01000007.1_93 # 100402 # 101787 # 1 # ID=47_93;partial=00;start_type=ATG;rbs_motif=GGA/GAG/AGG;rbs_spacer=5-10bp;gc_cont=0.548
NZ_ABEI01000007.1:100402-101787|+ -            462 1674at91347          -            714     2e-07   27.4   0.9   2   2   6.6e-08   5.8e-05   19.3   0.0   514   589   247   321   235   331 0.87 NZ_ABEI01000007.1_93 # 100402 # 101787 # 1 # ID=47_93;partial=00;start_type=ATG;rbs_motif=GGA/GAG/AGG;rbs_spacer=5-10bp;gc_cont=0.548
#
# Program:         hmmsearch
# Version:         3.4 (Aug 2023)
# Pipeline mode:   SEARCH
# Query file:      /Users/dizzler/Projects/School/BIOL4600-Capstone/busco_downloads/lineages/enterobacterales_odb10/hmms/1674at91347.hmm
# Target file:     reports/busco-results/GCF_000171275.1_ASM17127v1_genomic.fna/prodigal_output/predicted_genes/predicted.faa
# Option settings: hmmsearch --domtblout reports/busco-results/GCF_000171275.1_ASM17127v1_genomic.fna/run_enterobacterales_odb10/hmmer_output/1674at91347.out --cpu 1 /Users/dizzler/Projects/School/BIOL4600-Capstone/busco_downloads/lineages/enterobacterales_odb10/hmms/1674at91347.hmm reports/busco-results/GCF_000171275.1_ASM17127v1_genomic.fna/prodigal_output/predicted_genes/predicted.faa 
# Current dir:     /Users/dizzler/Projects/School/BIOL4600-Capstone
# Date:            Sat Feb 21 23:25:56 2026
# [ok]
