#                                                                                         --- full sequence --- -------------- this domain -------------   hmm coord   ali coord   env coord
# target name                     accession   tlen query name           accession   qlen   E-value  score  bias   #  of  c-Evalue  i-Evalue  score  bias  from    to  from    to  from    to  acc description of target
#             ------------------- ---------- ----- -------------------- ---------- ----- --------- ------ ----- --- --- --------- --------- ------ ----- ----- ----- ----- ----- ----- ----- ---- ---------------------
NZ_ABEI01000032.1:3-407|-         -            135 17649at91347         -            402   9.2e-38  128.1   2.2   1   2   4.2e-40     2e-37  127.0   1.0     1    84     3   102     3   110 0.94 NZ_ABEI01000032.1_1 # 3 # 407 # -1 # ID=22_1;partial=10;start_type=ATG;rbs_motif=GGAG/GAGG;rbs_spacer=5-10bp;gc_cont=0.560
NZ_ABEI01000032.1:3-407|-         -            135 17649at91347         -            402   9.2e-38  128.1   2.2   2   2      0.14        67    0.2   0.0    83    94   124   135   120   135 0.86 NZ_ABEI01000032.1_1 # 3 # 407 # -1 # ID=22_1;partial=10;start_type=ATG;rbs_motif=GGAG/GAGG;rbs_spacer=5-10bp;gc_cont=0.560
NZ_ABEI01000026.1:22791-24161|+   -            457 17649at91347         -            402   5.5e-36  122.3   0.6   1   1   2.3e-37   1.1e-34  117.9   0.6    84   332   157   409    79   439 0.87 NZ_ABEI01000026.1_26 # 22791 # 24161 # 1 # ID=28_26;partial=00;start_type=ATG;rbs_motif=GGAG/GAGG;rbs_spacer=5-10bp;gc_cont=0.601
NZ_ABEI01000018.1:81077-82378|+   -            434 17649at91347         -            402   2.9e-35  119.9   0.2   1   1   7.7e-36   3.8e-33  112.9   0.2    59   330    90   385    55   412 0.79 NZ_ABEI01000018.1_80 # 81077 # 82378 # 1 # ID=36_80;partial=00;start_type=ATG;rbs_motif=AGGAG;rbs_spacer=5-10bp;gc_cont=0.515
NZ_ABEI01000005.1:66181-67476|-   -            432 17649at91347         -            402     1e-34  118.1   0.1   1   2      0.25   1.2e+02   -0.7   0.0    44    85    63   103    44   132 0.73 NZ_ABEI01000005.1_70 # 66181 # 67476 # -1 # ID=49_70;partial=00;start_type=ATG;rbs_motif=None;rbs_spacer=None;gc_cont=0.542
NZ_ABEI01000005.1:66181-67476|-   -            432 17649at91347         -            402     1e-34  118.1   0.1   2   2   7.7e-37   3.7e-34  116.3   0.0    86   330   136   382   117   420 0.86 NZ_ABEI01000005.1_70 # 66181 # 67476 # -1 # ID=49_70;partial=00;start_type=ATG;rbs_motif=None;rbs_spacer=None;gc_cont=0.542
NZ_ABEI01000035.1:10534-10779|-   -             82 17649at91347         -            402   3.8e-34  116.2   0.1   1   1   8.3e-37   4.1e-34  116.1   0.1   333   398     1    75     1    79 0.92 NZ_ABEI01000035.1_9 # 10534 # 10779 # -1 # ID=19_9;partial=00;start_type=ATG;rbs_motif=None;rbs_spacer=None;gc_cont=0.512
NZ_ABEI01000035.1:10909-11079|-   -             57 17649at91347         -            402   7.5e-29   98.8   0.4   1   1   1.6e-31   7.9e-29   98.7   0.4   236   289     1    54     1    56 0.97 NZ_ABEI01000035.1_10 # 10909 # 11079 # -1 # ID=19_10;partial=01;start_type=Edge;rbs_motif=None;rbs_spacer=None;gc_cont=0.573
NZ_ABEI01000032.1:1348-2889|-     -            514 17649at91347         -            402   1.1e-18   65.3   3.4   1   2   5.6e-08   2.7e-05   21.2   0.3    42    84    73   121    61   140 0.68 NZ_ABEI01000032.1_3 # 1348 # 2889 # -1 # ID=22_3;partial=00;start_type=ATG;rbs_motif=GGA/GAG/AGG;rbs_spacer=5-10bp;gc_cont=0.553
NZ_ABEI01000032.1:1348-2889|-     -            514 17649at91347         -            402   1.1e-18   65.3   3.4   2   2   6.4e-15   3.1e-12   44.1   0.2    86   326   146   405   135   437 0.80 NZ_ABEI01000032.1_3 # 1348 # 2889 # -1 # ID=22_3;partial=00;start_type=ATG;rbs_motif=GGA/GAG/AGG;rbs_spacer=5-10bp;gc_cont=0.553
NZ_ABEI01000028.1:22349-23608|+   -            420 17649at91347         -            402   1.7e-08   31.8   0.0   1   1   5.2e-11   2.5e-08   31.2   0.0    90   312   159   378   152   405 0.87 NZ_ABEI01000028.1_21 # 22349 # 23608 # 1 # ID=26_21;partial=00;start_type=ATG;rbs_motif=None;rbs_spacer=None;gc_cont=0.528
NZ_ABEI01000004.1:255189-256100|+ -            304 17649at91347         -            402    0.0029   14.5   0.0   1   1   9.7e-06    0.0047   13.8   0.0   277   333    34    90    21    95 0.92 NZ_ABEI01000004.1_241 # 255189 # 256100 # 1 # ID=50_241;partial=00;start_type=ATG;rbs_motif=AGGA;rbs_spacer=5-10bp;gc_cont=0.577
#
# Program:         hmmsearch
# Version:         3.4 (Aug 2023)
# Pipeline mode:   SEARCH
# Query file:      /Users/dizzler/Projects/School/BIOL4600-Capstone/databases/lineages/enterobacterales_odb10/hmms/17649at91347.hmm
# Target file:     /Users/dizzler/Projects/School/BIOL4600-Capstone/reports/busco-results/GCF_000171275.1_ASM17127v1_genomic.fna/prodigal_output/predicted_genes/predicted.faa
# Option settings: hmmsearch --domtblout /Users/dizzler/Projects/School/BIOL4600-Capstone/reports/busco-results/GCF_000171275.1_ASM17127v1_genomic.fna/run_enterobacterales_odb10/hmmer_output/17649at91347.out --cpu 1 /Users/dizzler/Projects/School/BIOL4600-Capstone/databases/lineages/enterobacterales_odb10/hmms/17649at91347.hmm /Users/dizzler/Projects/School/BIOL4600-Capstone/reports/busco-results/GCF_000171275.1_ASM17127v1_genomic.fna/prodigal_output/predicted_genes/predicted.faa 
# Current dir:     /Users/dizzler/Projects/School/BIOL4600-Capstone
# Date:            Wed Feb 25 22:53:55 2026
# [ok]
