#                                                                                         --- full sequence --- -------------- this domain -------------   hmm coord   ali coord   env coord
# target name                     accession   tlen query name           accession   qlen   E-value  score  bias   #  of  c-Evalue  i-Evalue  score  bias  from    to  from    to  from    to  acc description of target
#             ------------------- ---------- ----- -------------------- ---------- ----- --------- ------ ----- --- --- --------- --------- ------ ----- ----- ----- ----- ----- ----- ----- ---- ---------------------
NZ_ABEI01000027.1:15828-17189|-   -            454 22268at91347         -            406  3.9e-204  676.0  15.8   1   1  1.8e-206  6.7e-204  675.2  15.8     1   406     1   446     1   446 0.95 NZ_ABEI01000027.1_17 # 15828 # 17189 # -1 # ID=27_17;partial=00;start_type=ATG;rbs_motif=GGA/GAG/AGG;rbs_spacer=5-10bp;gc_cont=0.556
NZ_ABEI01000012.1:135746-137221|- -            492 22268at91347         -            406   6.2e-48  161.6   2.0   1   1   2.4e-50   8.7e-48  161.1   2.0    21   267   211   477   189   490 0.80 NZ_ABEI01000012.1_120 # 135746 # 137221 # -1 # ID=42_120;partial=00;start_type=ATG;rbs_motif=4Base/6BMM;rbs_spacer=13-15bp;gc_cont=0.551
NZ_ABEI01000010.1:201089-202198|- -            370 22268at91347         -            406    0.0031   14.3   0.0   1   2   4.3e-05     0.016   12.0   0.0    85   135    33    84    26   112 0.87 NZ_ABEI01000010.1_185 # 201089 # 202198 # -1 # ID=44_185;partial=00;start_type=ATG;rbs_motif=GGA/GAG/AGG;rbs_spacer=5-10bp;gc_cont=0.588
NZ_ABEI01000010.1:201089-202198|- -            370 22268at91347         -            406    0.0031   14.3   0.0   2   2      0.29     1e+02   -0.6   0.0   240   283   214   259   169   261 0.66 NZ_ABEI01000010.1_185 # 201089 # 202198 # -1 # ID=44_185;partial=00;start_type=ATG;rbs_motif=GGA/GAG/AGG;rbs_spacer=5-10bp;gc_cont=0.588
NZ_ABEI01000012.1:125653-126366|- -            238 22268at91347         -            406    0.0042   13.9   0.0   1   1   1.8e-05    0.0065   13.3   0.0    83   116    18    51     9    68 0.93 NZ_ABEI01000012.1_110 # 125653 # 126366 # -1 # ID=42_110;partial=00;start_type=ATG;rbs_motif=GGAG/GAGG;rbs_spacer=5-10bp;gc_cont=0.599
NZ_ABEI01000004.1:129911-131647|- -            579 22268at91347         -            406    0.0056   13.5   0.4   1   2    0.0027      0.98    6.1   0.1    88   122    25    59    20    62 0.87 NZ_ABEI01000004.1_122 # 129911 # 131647 # -1 # ID=50_122;partial=00;start_type=ATG;rbs_motif=GGAG/GAGG;rbs_spacer=5-10bp;gc_cont=0.563
NZ_ABEI01000004.1:129911-131647|- -            579 22268at91347         -            406    0.0056   13.5   0.4   2   2    0.0043       1.6    5.4   0.1    85   134   344   394   323   413 0.78 NZ_ABEI01000004.1_122 # 129911 # 131647 # -1 # ID=50_122;partial=00;start_type=ATG;rbs_motif=GGAG/GAGG;rbs_spacer=5-10bp;gc_cont=0.563
NZ_ABEI01000020.1:19353-23009|+   -           1219 22268at91347         -            406     0.009   12.8   0.1   1   2    0.0076       2.8    4.6   0.0    85   119   356   390   351   394 0.92 NZ_ABEI01000020.1_18 # 19353 # 23009 # 1 # ID=34_18;partial=00;start_type=ATG;rbs_motif=AGGAGG;rbs_spacer=3-4bp;gc_cont=0.589
NZ_ABEI01000020.1:19353-23009|+   -           1219 22268at91347         -            406     0.009   12.8   0.1   2   2    0.0034       1.2    5.8   0.0    85   117   983  1015   978  1019 0.88 NZ_ABEI01000020.1_18 # 19353 # 23009 # 1 # ID=34_18;partial=00;start_type=ATG;rbs_motif=AGGAGG;rbs_spacer=3-4bp;gc_cont=0.589
NZ_ABEI01000020.1:57936-59138|+   -            401 22268at91347         -            406     0.011   12.5   0.1   1   1   5.2e-05     0.019   11.7   0.1    86   136    44    95    23   114 0.83 NZ_ABEI01000020.1_55 # 57936 # 59138 # 1 # ID=34_55;partial=00;start_type=ATG;rbs_motif=4Base/6BMM;rbs_spacer=13-15bp;gc_cont=0.505
NZ_ABEI01000001.1:3252-5012|-     -            587 22268at91347         -            406     0.012   12.4   0.2   1   2    0.0031       1.1    5.9   0.0    93   133     5    46     1    60 0.80 NZ_ABEI01000001.1_4 # 3252 # 5012 # -1 # ID=53_4;partial=00;start_type=ATG;rbs_motif=AGGAG;rbs_spacer=5-10bp;gc_cont=0.584
NZ_ABEI01000001.1:3252-5012|-     -            587 22268at91347         -            406     0.012   12.4   0.2   2   2    0.0099       3.6    4.3   0.1    91   118   321   348   314   360 0.86 NZ_ABEI01000001.1_4 # 3252 # 5012 # -1 # ID=53_4;partial=00;start_type=ATG;rbs_motif=AGGAG;rbs_spacer=5-10bp;gc_cont=0.584
NZ_ABEI01000029.1:31351-32163|-   -            271 22268at91347         -            406     0.016   12.1   0.6   1   2   5.8e-05     0.021   11.6   0.2    97   133     4    41     1    85 0.87 NZ_ABEI01000029.1_33 # 31351 # 32163 # -1 # ID=25_33;partial=00;start_type=ATG;rbs_motif=AGGA;rbs_spacer=5-10bp;gc_cont=0.514
NZ_ABEI01000029.1:31351-32163|-   -            271 22268at91347         -            406     0.016   12.1   0.6   2   2       2.4   8.9e+02   -3.6   0.0   263   283   182   203   170   206 0.72 NZ_ABEI01000029.1_33 # 31351 # 32163 # -1 # ID=25_33;partial=00;start_type=ATG;rbs_motif=AGGA;rbs_spacer=5-10bp;gc_cont=0.514
NZ_ABEI01000001.1:11950-12765|-   -            272 22268at91347         -            406     0.032   11.0   0.0   1   2     0.002      0.73    6.5   0.0    86   125    17    56    14    64 0.88 NZ_ABEI01000001.1_14 # 11950 # 12765 # -1 # ID=53_14;partial=00;start_type=ATG;rbs_motif=AGGA;rbs_spacer=5-10bp;gc_cont=0.527
NZ_ABEI01000001.1:11950-12765|-   -            272 22268at91347         -            406     0.032   11.0   0.0   2   2     0.039        14    2.3   0.0   101   133   164   196   113   208 0.82 NZ_ABEI01000001.1_14 # 11950 # 12765 # -1 # ID=53_14;partial=00;start_type=ATG;rbs_motif=AGGA;rbs_spacer=5-10bp;gc_cont=0.527
NZ_ABEI01000012.1:126368-127135|- -            256 22268at91347         -            406     0.044   10.6   0.0   1   1   0.00018     0.065   10.0   0.0    85   121    20    56    13    62 0.89 NZ_ABEI01000012.1_111 # 126368 # 127135 # -1 # ID=42_111;partial=00;start_type=ATG;rbs_motif=AGGAG;rbs_spacer=5-10bp;gc_cont=0.574
NZ_ABEI01000001.1:182113-183060|- -            316 22268at91347         -            406     0.053   10.3   0.0   1   1   0.00023     0.083    9.7   0.0    84   122    15    53    12    65 0.91 NZ_ABEI01000001.1_174 # 182113 # 183060 # -1 # ID=53_174;partial=00;start_type=ATG;rbs_motif=GGAG/GAGG;rbs_spacer=5-10bp;gc_cont=0.578
#
# Program:         hmmsearch
# Version:         3.4 (Aug 2023)
# Pipeline mode:   SEARCH
# Query file:      /Users/dizzler/Projects/School/BIOL4600-Capstone/busco_downloads/lineages/enterobacterales_odb10/hmms/22268at91347.hmm
# Target file:     reports/busco-results/GCF_000171275.1_ASM17127v1_genomic.fna/prodigal_output/predicted_genes/predicted.faa
# Option settings: hmmsearch --domtblout reports/busco-results/GCF_000171275.1_ASM17127v1_genomic.fna/run_enterobacterales_odb10/hmmer_output/22268at91347.out --cpu 1 /Users/dizzler/Projects/School/BIOL4600-Capstone/busco_downloads/lineages/enterobacterales_odb10/hmms/22268at91347.hmm reports/busco-results/GCF_000171275.1_ASM17127v1_genomic.fna/prodigal_output/predicted_genes/predicted.faa 
# Current dir:     /Users/dizzler/Projects/School/BIOL4600-Capstone
# Date:            Sat Feb 21 23:25:57 2026
# [ok]
