#                                                                                         --- full sequence --- -------------- this domain -------------   hmm coord   ali coord   env coord
# target name                     accession   tlen query name           accession   qlen   E-value  score  bias   #  of  c-Evalue  i-Evalue  score  bias  from    to  from    to  from    to  acc description of target
#             ------------------- ---------- ----- -------------------- ---------- ----- --------- ------ ----- --- --- --------- --------- ------ ----- ----- ----- ----- ----- ----- ----- ---- ---------------------
NZ_ABEI01000009.1:216572-217927|+ -            452 27820at91347         -            386  6.4e-197  652.3   9.3   1   2   3.1e-80   3.4e-77  258.2   0.1     1   161     5   182     5   195 0.90 NZ_ABEI01000009.1_194 # 216572 # 217927 # 1 # ID=45_194;partial=00;start_type=ATG;rbs_motif=AGxAG;rbs_spacer=11-12bp;gc_cont=0.497
NZ_ABEI01000009.1:216572-217927|+ -            452 27820at91347         -            386  6.4e-197  652.3   9.3   2   2  3.8e-122  4.1e-119  396.2   5.1   155   386   199   451   191   451 0.91 NZ_ABEI01000009.1_194 # 216572 # 217927 # 1 # ID=45_194;partial=00;start_type=ATG;rbs_motif=AGxAG;rbs_spacer=11-12bp;gc_cont=0.497
NZ_ABEI01000004.1:125065-126306|- -            414 27820at91347         -            386   1.3e-09   35.7   0.6   1   3   0.00012      0.13    9.4   0.2    24    75    19    69     9   136 0.75 NZ_ABEI01000004.1_117 # 125065 # 126306 # -1 # ID=50_117;partial=00;start_type=ATG;rbs_motif=GGAG/GAGG;rbs_spacer=5-10bp;gc_cont=0.547
NZ_ABEI01000004.1:125065-126306|- -            414 27820at91347         -            386   1.3e-09   35.7   0.6   2   3    0.0045       4.9    4.2   0.0   196   242   208   254   203   259 0.89 NZ_ABEI01000004.1_117 # 125065 # 126306 # -1 # ID=50_117;partial=00;start_type=ATG;rbs_motif=GGAG/GAGG;rbs_spacer=5-10bp;gc_cont=0.547
NZ_ABEI01000004.1:125065-126306|- -            414 27820at91347         -            386   1.3e-09   35.7   0.6   3   3     2e-07   0.00022   18.5   0.1   281   337   274   330   267   351 0.84 NZ_ABEI01000004.1_117 # 125065 # 126306 # -1 # ID=50_117;partial=00;start_type=ATG;rbs_motif=GGAG/GAGG;rbs_spacer=5-10bp;gc_cont=0.547
NZ_ABEI01000002.1:343148-344608|+ -            487 27820at91347         -            386   1.4e-06   25.7   0.1   1   3     0.054        59    0.7   0.0    24   132   129   239   114   251 0.62 NZ_ABEI01000002.1_334 # 343148 # 344608 # 1 # ID=52_334;partial=00;start_type=ATG;rbs_motif=AGGA/GGAG/GAGG;rbs_spacer=11-12bp;gc_cont=0.539
NZ_ABEI01000002.1:343148-344608|+ -            487 27820at91347         -            386   1.4e-06   25.7   0.1   2   3     6e-05     0.066   10.4   0.0   196   245   322   371   316   376 0.87 NZ_ABEI01000002.1_334 # 343148 # 344608 # 1 # ID=52_334;partial=00;start_type=ATG;rbs_motif=AGGA/GGAG/GAGG;rbs_spacer=11-12bp;gc_cont=0.539
NZ_ABEI01000002.1:343148-344608|+ -            487 27820at91347         -            386   1.4e-06   25.7   0.1   3   3   5.3e-05     0.058   10.6   0.0   286   333   393   440   382   452 0.89 NZ_ABEI01000002.1_334 # 343148 # 344608 # 1 # ID=52_334;partial=00;start_type=ATG;rbs_motif=AGGA/GGAG/GAGG;rbs_spacer=11-12bp;gc_cont=0.539
NZ_ABEI01000025.1:8426-9910|+     -            495 27820at91347         -            386   0.00026   18.3   0.0   1   2      0.81   8.9e+02   -3.2   0.0    37    67    64    94    47   102 0.68 NZ_ABEI01000025.1_14 # 8426 # 9910 # 1 # ID=29_14;partial=00;start_type=ATG;rbs_motif=None;rbs_spacer=None;gc_cont=0.534
NZ_ABEI01000025.1:8426-9910|+     -            495 27820at91347         -            386   0.00026   18.3   0.0   2   2   6.1e-07   0.00067   17.0   0.0   192   331   284   424   267   436 0.86 NZ_ABEI01000025.1_14 # 8426 # 9910 # 1 # ID=29_14;partial=00;start_type=ATG;rbs_motif=None;rbs_spacer=None;gc_cont=0.534
#
# Program:         hmmsearch
# Version:         3.4 (Aug 2023)
# Pipeline mode:   SEARCH
# Query file:      /Users/dizzler/Projects/School/BIOL4600-Capstone/busco_downloads/lineages/enterobacterales_odb10/hmms/27820at91347.hmm
# Target file:     reports/busco-results/GCF_000171275.1_ASM17127v1_genomic.fna/prodigal_output/predicted_genes/predicted.faa
# Option settings: hmmsearch --domtblout reports/busco-results/GCF_000171275.1_ASM17127v1_genomic.fna/run_enterobacterales_odb10/hmmer_output/27820at91347.out --cpu 1 /Users/dizzler/Projects/School/BIOL4600-Capstone/busco_downloads/lineages/enterobacterales_odb10/hmms/27820at91347.hmm reports/busco-results/GCF_000171275.1_ASM17127v1_genomic.fna/prodigal_output/predicted_genes/predicted.faa 
# Current dir:     /Users/dizzler/Projects/School/BIOL4600-Capstone
# Date:            Sat Feb 21 23:25:57 2026
# [ok]
