#                                                                                         --- full sequence --- -------------- this domain -------------   hmm coord   ali coord   env coord
# target name                     accession   tlen query name           accession   qlen   E-value  score  bias   #  of  c-Evalue  i-Evalue  score  bias  from    to  from    to  from    to  acc description of target
#             ------------------- ---------- ----- -------------------- ---------- ----- --------- ------ ----- --- --- --------- --------- ------ ----- ----- ----- ----- ----- ----- ----- ---- ---------------------
NZ_ABEI01000005.1:182063-183898|- -            612 36271at91347         -            421  2.3e-150  499.0   0.0   1   4   1.2e-12   1.3e-09   35.3   0.0     3    51     7    59     5    61 0.92 NZ_ABEI01000005.1_176 # 182063 # 183898 # -1 # ID=49_176;partial=00;start_type=ATG;rbs_motif=AGGAGG;rbs_spacer=3-4bp;gc_cont=0.586
NZ_ABEI01000005.1:182063-183898|- -            612 36271at91347         -            421  2.3e-150  499.0   0.0   2   4     5e-73   5.5e-70  234.2   0.0    52   242    99   324    95   330 0.86 NZ_ABEI01000005.1_176 # 182063 # 183898 # -1 # ID=49_176;partial=00;start_type=ATG;rbs_motif=AGGAGG;rbs_spacer=3-4bp;gc_cont=0.586
NZ_ABEI01000005.1:182063-183898|- -            612 36271at91347         -            421  2.3e-150  499.0   0.0   3   4   2.1e-09   2.3e-06   24.6   0.0   237   273   343   380   335   397 0.84 NZ_ABEI01000005.1_176 # 182063 # 183898 # -1 # ID=49_176;partial=00;start_type=ATG;rbs_motif=AGGAGG;rbs_spacer=3-4bp;gc_cont=0.586
NZ_ABEI01000005.1:182063-183898|- -            612 36271at91347         -            421  2.3e-150  499.0   0.0   4   4   1.8e-62     2e-59  199.4   0.0   279   420   429   594   423   595 0.89 NZ_ABEI01000005.1_176 # 182063 # 183898 # -1 # ID=49_176;partial=00;start_type=ATG;rbs_motif=AGGAGG;rbs_spacer=3-4bp;gc_cont=0.586
NZ_ABEI01000022.1:14354-16516|+   -            721 36271at91347         -            421    0.0019   15.0   0.2   1   2   2.4e-05     0.026   11.3   0.0    80   147     8    79     2   132 0.69 NZ_ABEI01000022.1_18 # 14354 # 16516 # 1 # ID=32_18;partial=00;start_type=ATG;rbs_motif=GGxGG;rbs_spacer=5-10bp;gc_cont=0.579
NZ_ABEI01000022.1:14354-16516|+   -            721 36271at91347         -            421    0.0019   15.0   0.2   2   2     0.036        39    0.8   0.1   391   408   595   612   549   620 0.60 NZ_ABEI01000022.1_18 # 14354 # 16516 # 1 # ID=32_18;partial=00;start_type=ATG;rbs_motif=GGxGG;rbs_spacer=5-10bp;gc_cont=0.579
NZ_ABEI01000028.1:16528-18552|+   -            675 36271at91347         -            421    0.0023   14.7   0.4   1   2   3.9e-05     0.043   10.6   0.1    92   150    11    75     6    96 0.82 NZ_ABEI01000028.1_17 # 16528 # 18552 # 1 # ID=26_17;partial=00;start_type=ATG;rbs_motif=GGA/GAG/AGG;rbs_spacer=5-10bp;gc_cont=0.532
NZ_ABEI01000028.1:16528-18552|+   -            675 36271at91347         -            421    0.0023   14.7   0.4   2   2     0.021        23    1.6   0.0   391   407   592   608   546   614 0.58 NZ_ABEI01000028.1_17 # 16528 # 18552 # 1 # ID=26_17;partial=00;start_type=ATG;rbs_motif=GGA/GAG/AGG;rbs_spacer=5-10bp;gc_cont=0.532
NZ_ABEI01000002.1:67186-68334|-   -            383 36271at91347         -            421     0.019   11.7   0.0   1   1   2.6e-05     0.029   11.1   0.0    97   189    33   129    20   133 0.82 NZ_ABEI01000002.1_67 # 67186 # 68334 # -1 # ID=52_67;partial=00;start_type=ATG;rbs_motif=GGA/GAG/AGG;rbs_spacer=5-10bp;gc_cont=0.525
#
# Program:         hmmsearch
# Version:         3.4 (Aug 2023)
# Pipeline mode:   SEARCH
# Query file:      /Users/dizzler/Projects/School/BIOL4600-Capstone/busco_downloads/lineages/enterobacterales_odb10/hmms/36271at91347.hmm
# Target file:     reports/busco-results/GCF_000171275.1_ASM17127v1_genomic.fna/prodigal_output/predicted_genes/predicted.faa
# Option settings: hmmsearch --domtblout reports/busco-results/GCF_000171275.1_ASM17127v1_genomic.fna/run_enterobacterales_odb10/hmmer_output/36271at91347.out --cpu 1 /Users/dizzler/Projects/School/BIOL4600-Capstone/busco_downloads/lineages/enterobacterales_odb10/hmms/36271at91347.hmm reports/busco-results/GCF_000171275.1_ASM17127v1_genomic.fna/prodigal_output/predicted_genes/predicted.faa 
# Current dir:     /Users/dizzler/Projects/School/BIOL4600-Capstone
# Date:            Sat Feb 21 23:25:57 2026
# [ok]
