#                                                                                         --- full sequence --- -------------- this domain -------------   hmm coord   ali coord   env coord
# target name                     accession   tlen query name           accession   qlen   E-value  score  bias   #  of  c-Evalue  i-Evalue  score  bias  from    to  from    to  from    to  acc description of target
#             ------------------- ---------- ----- -------------------- ---------- ----- --------- ------ ----- --- --- --------- --------- ------ ----- ----- ----- ----- ----- ----- ----- ---- ---------------------
NZ_ABEI01000003.1:94639-97473|+   -            945 5062at91347          -            785         0 1254.2   0.0   1   3  1.5e-113  1.3e-110  368.5   0.0     1   203     1   213     1   219 0.97 NZ_ABEI01000003.1_89 # 94639 # 97473 # 1 # ID=51_89;partial=00;start_type=ATG;rbs_motif=GGA/GAG/AGG;rbs_spacer=5-10bp;gc_cont=0.550
NZ_ABEI01000003.1:94639-97473|+   -            945 5062at91347          -            785         0 1254.2   0.0   2   3  9.3e-262  8.2e-259  858.6   0.0   203   750   235   857   231   876 0.89 NZ_ABEI01000003.1_89 # 94639 # 97473 # 1 # ID=51_89;partial=00;start_type=ATG;rbs_motif=GGA/GAG/AGG;rbs_spacer=5-10bp;gc_cont=0.550
NZ_ABEI01000003.1:94639-97473|+   -            945 5062at91347          -            785         0 1254.2   0.0   3   3   4.9e-09   4.3e-06   22.8   0.2   753   785   903   943   886   943 0.80 NZ_ABEI01000003.1_89 # 94639 # 97473 # 1 # ID=51_89;partial=00;start_type=ATG;rbs_motif=GGA/GAG/AGG;rbs_spacer=5-10bp;gc_cont=0.550
NZ_ABEI01000013.1:62177-65032|-   -            952 5062at91347          -            785   1.3e-49  166.8   1.6   1   2   1.9e-43   1.7e-40  136.7   1.8    41   537    29   570     8   574 0.72 NZ_ABEI01000013.1_60 # 62177 # 65032 # -1 # ID=41_60;partial=00;start_type=ATG;rbs_motif=GGA/GAG/AGG;rbs_spacer=3-4bp;gc_cont=0.566
NZ_ABEI01000013.1:62177-65032|-   -            952 5062at91347          -            785   1.3e-49  166.8   1.6   2   2   4.8e-09   4.2e-06   22.9   0.0   536   679   606   766   582   779 0.75 NZ_ABEI01000013.1_60 # 62177 # 65032 # -1 # ID=41_60;partial=00;start_type=ATG;rbs_motif=GGA/GAG/AGG;rbs_spacer=3-4bp;gc_cont=0.566
NZ_ABEI01000007.1:210607-213189|- -            861 5062at91347          -            785   3.1e-34  115.9   4.6   1   6   1.1e-18   9.9e-16   54.7   0.0    42   190    30   171    10   174 0.87 NZ_ABEI01000007.1_202 # 210607 # 213189 # -1 # ID=47_202;partial=00;start_type=ATG;rbs_motif=AGGA/GGAG/GAGG;rbs_spacer=11-12bp;gc_cont=0.558
NZ_ABEI01000007.1:210607-213189|- -            861 5062at91347          -            785   3.1e-34  115.9   4.6   2   6   0.00027      0.24    7.2   1.0   345   367   175   197   172   226 0.80 NZ_ABEI01000007.1_202 # 210607 # 213189 # -1 # ID=47_202;partial=00;start_type=ATG;rbs_motif=AGGA/GGAG/GAGG;rbs_spacer=11-12bp;gc_cont=0.558
NZ_ABEI01000007.1:210607-213189|- -            861 5062at91347          -            785   3.1e-34  115.9   4.6   3   6   1.5e-07   0.00013   18.0   0.0   255   301   310   359   267   373 0.87 NZ_ABEI01000007.1_202 # 210607 # 213189 # -1 # ID=47_202;partial=00;start_type=ATG;rbs_motif=AGGA/GGAG/GAGG;rbs_spacer=11-12bp;gc_cont=0.558
NZ_ABEI01000007.1:210607-213189|- -            861 5062at91347          -            785   3.1e-34  115.9   4.6   4   6   4.1e-06    0.0036   13.2   0.0   397   417   417   437   406   505 0.79 NZ_ABEI01000007.1_202 # 210607 # 213189 # -1 # ID=47_202;partial=00;start_type=ATG;rbs_motif=AGGA/GGAG/GAGG;rbs_spacer=11-12bp;gc_cont=0.558
NZ_ABEI01000007.1:210607-213189|- -            861 5062at91347          -            785   3.1e-34  115.9   4.6   5   6   6.7e-08   5.8e-05   19.1   0.0   519   550   617   648   574   676 0.85 NZ_ABEI01000007.1_202 # 210607 # 213189 # -1 # ID=47_202;partial=00;start_type=ATG;rbs_motif=AGGA/GGAG/GAGG;rbs_spacer=11-12bp;gc_cont=0.558
NZ_ABEI01000007.1:210607-213189|- -            861 5062at91347          -            785   3.1e-34  115.9   4.6   6   6      0.56   4.9e+02   -3.8   0.0   654   680   752   778   741   782 0.84 NZ_ABEI01000007.1_202 # 210607 # 213189 # -1 # ID=47_202;partial=00;start_type=ATG;rbs_motif=AGGA/GGAG/GAGG;rbs_spacer=11-12bp;gc_cont=0.558
NZ_ABEI01000001.1:173890-175923|+ -            678 5062at91347          -            785     2e-15   53.7   0.1   1   2   2.6e-14   2.3e-11   40.3   0.0    51   108    12    69     2    85 0.88 NZ_ABEI01000001.1_165 # 173890 # 175923 # 1 # ID=53_165;partial=00;start_type=ATG;rbs_motif=AGxAG;rbs_spacer=11-12bp;gc_cont=0.546
NZ_ABEI01000001.1:173890-175923|+ -            678 5062at91347          -            785     2e-15   53.7   0.1   2   2   1.6e-05     0.014   11.2   0.0   507   551   320   363   300   406 0.73 NZ_ABEI01000001.1_165 # 173890 # 175923 # 1 # ID=53_165;partial=00;start_type=ATG;rbs_motif=AGxAG;rbs_spacer=11-12bp;gc_cont=0.546
NZ_ABEI01000007.1:100402-101787|+ -            462 5062at91347          -            785   2.4e-09   33.6   0.1   1   2     0.013        11    1.6   0.1    60   146    36   115    22   144 0.66 NZ_ABEI01000007.1_93 # 100402 # 101787 # 1 # ID=47_93;partial=00;start_type=ATG;rbs_motif=GGA/GAG/AGG;rbs_spacer=5-10bp;gc_cont=0.548
NZ_ABEI01000007.1:100402-101787|+ -            462 5062at91347          -            785   2.4e-09   33.6   0.1   2   2   3.6e-11   3.1e-08   29.9   0.0   505   578   250   323   219   326 0.84 NZ_ABEI01000007.1_93 # 100402 # 101787 # 1 # ID=47_93;partial=00;start_type=ATG;rbs_motif=GGA/GAG/AGG;rbs_spacer=5-10bp;gc_cont=0.548
#
# Program:         hmmsearch
# Version:         3.4 (Aug 2023)
# Pipeline mode:   SEARCH
# Query file:      /Users/dizzler/Projects/School/BIOL4600-Capstone/busco_downloads/lineages/enterobacterales_odb10/hmms/5062at91347.hmm
# Target file:     reports/busco-results/GCF_000171275.1_ASM17127v1_genomic.fna/prodigal_output/predicted_genes/predicted.faa
# Option settings: hmmsearch --domtblout reports/busco-results/GCF_000171275.1_ASM17127v1_genomic.fna/run_enterobacterales_odb10/hmmer_output/5062at91347.out --cpu 1 /Users/dizzler/Projects/School/BIOL4600-Capstone/busco_downloads/lineages/enterobacterales_odb10/hmms/5062at91347.hmm reports/busco-results/GCF_000171275.1_ASM17127v1_genomic.fna/prodigal_output/predicted_genes/predicted.faa 
# Current dir:     /Users/dizzler/Projects/School/BIOL4600-Capstone
# Date:            Sat Feb 21 23:25:58 2026
# [ok]
