#                                                                                         --- full sequence --- -------------- this domain -------------   hmm coord   ali coord   env coord
# target name                     accession   tlen query name           accession   qlen   E-value  score  bias   #  of  c-Evalue  i-Evalue  score  bias  from    to  from    to  from    to  acc description of target
#             ------------------- ---------- ----- -------------------- ---------- ----- --------- ------ ----- --- --- --------- --------- ------ ----- ----- ----- ----- ----- ----- ----- ---- ---------------------
NZ_ABEI01000034.1:2202-3566|+     -            455 52476at91347         -            371  3.5e-171  567.0   0.0   1   1    1e-170  4.6e-168  556.8   0.0     1   371     5   454     5   454 0.88 NZ_ABEI01000034.1_3 # 2202 # 3566 # 1 # ID=20_3;partial=00;start_type=ATG;rbs_motif=GGA/GAG/AGG;rbs_spacer=5-10bp;gc_cont=0.596
NZ_ABEI01000009.1:124075-125547|- -            491 52476at91347         -            371     3e-36  123.0   0.2   1   2   3.5e-18   1.5e-15   54.9   0.0   187   273     5    92     2    98 0.94 NZ_ABEI01000009.1_113 # 124075 # 125547 # -1 # ID=45_113;partial=00;start_type=ATG;rbs_motif=GGAG/GAGG;rbs_spacer=5-10bp;gc_cont=0.545
NZ_ABEI01000009.1:124075-125547|- -            491 52476at91347         -            371     3e-36  123.0   0.2   2   2   1.7e-21   7.4e-19   65.8   0.2   185   273   203   295   199   300 0.94 NZ_ABEI01000009.1_113 # 124075 # 125547 # -1 # ID=45_113;partial=00;start_type=ATG;rbs_motif=GGAG/GAGG;rbs_spacer=5-10bp;gc_cont=0.545
NZ_ABEI01000009.1:196327-197232|- -            302 52476at91347         -            371   2.2e-12   44.5   0.1   1   1   7.5e-15   3.3e-12   43.9   0.1   187   308    11   139     8   174 0.81 NZ_ABEI01000009.1_175 # 196327 # 197232 # -1 # ID=45_175;partial=00;start_type=ATG;rbs_motif=GGAG/GAGG;rbs_spacer=5-10bp;gc_cont=0.518
NZ_ABEI01000006.1:213809-215089|+ -            427 52476at91347         -            371   8.2e-06   22.9   0.3   1   2   7.5e-08   3.3e-05   20.9   0.1   176   281   189   295   172   305 0.79 NZ_ABEI01000006.1_185 # 213809 # 215089 # 1 # ID=48_185;partial=00;start_type=TTG;rbs_motif=GGAG/GAGG;rbs_spacer=5-10bp;gc_cont=0.543
NZ_ABEI01000006.1:213809-215089|+ -            427 52476at91347         -            371   8.2e-06   22.9   0.3   2   2     0.047        21    1.8   0.1   256   289   291   326   289   358 0.78 NZ_ABEI01000006.1_185 # 213809 # 215089 # 1 # ID=48_185;partial=00;start_type=TTG;rbs_motif=GGAG/GAGG;rbs_spacer=5-10bp;gc_cont=0.543
NZ_ABEI01000020.1:11298-11756|+   -            153 52476at91347         -            371     5e-05   20.3   0.0   1   1   1.5e-07   6.5e-05   19.9   0.0   186   224    38    76    20    83 0.84 NZ_ABEI01000020.1_8 # 11298 # 11756 # 1 # ID=34_8;partial=00;start_type=ATG;rbs_motif=AGGAG;rbs_spacer=5-10bp;gc_cont=0.551
NZ_ABEI01000014.1:7663-8295|-     -            211 52476at91347         -            371   0.00013   18.9   0.0   1   2   7.8e-07   0.00034   17.5   0.0   184   219    26    62     3    77 0.77 NZ_ABEI01000014.1_8 # 7663 # 8295 # -1 # ID=40_8;partial=00;start_type=TTG;rbs_motif=GGAG/GAGG;rbs_spacer=5-10bp;gc_cont=0.521
NZ_ABEI01000014.1:7663-8295|-     -            211 52476at91347         -            371   0.00013   18.9   0.0   2   2      0.59   2.6e+02   -1.8   0.0   284   306   173   194   145   199 0.75 NZ_ABEI01000014.1_8 # 7663 # 8295 # -1 # ID=40_8;partial=00;start_type=TTG;rbs_motif=GGAG/GAGG;rbs_spacer=5-10bp;gc_cont=0.521
NZ_ABEI01000006.1:202844-203896|- -            351 52476at91347         -            371    0.0062   13.4   0.1   1   1   3.1e-05     0.013   12.3   0.1   188   214   211   237   168   247 0.88 NZ_ABEI01000006.1_175 # 202844 # 203896 # -1 # ID=48_175;partial=00;start_type=TTG;rbs_motif=AGGAG;rbs_spacer=5-10bp;gc_cont=0.535
NZ_ABEI01000021.1:28650-29741|+   -            364 52476at91347         -            371    0.0063   13.4   0.2   1   1     3e-05     0.013   12.3   0.2   184   207     2    25     1   139 0.82 NZ_ABEI01000021.1_25 # 28650 # 29741 # 1 # ID=33_25;partial=00;start_type=ATG;rbs_motif=GGA/GAG/AGG;rbs_spacer=5-10bp;gc_cont=0.532
NZ_ABEI01000004.1:259192-260958|- -            589 52476at91347         -            371     0.027   11.3   0.0   1   1   0.00013     0.055   10.3   0.0   180   206   372   398   357   402 0.90 NZ_ABEI01000004.1_245 # 259192 # 260958 # -1 # ID=50_245;partial=00;start_type=ATG;rbs_motif=None;rbs_spacer=None;gc_cont=0.570
NZ_ABEI01000012.1:61372-63690|+   -            773 52476at91347         -            371     0.039   10.8   0.0   1   1   0.00013     0.056   10.3   0.0   186   241     5    59     1   101 0.75 NZ_ABEI01000012.1_59 # 61372 # 63690 # 1 # ID=42_59;partial=00;start_type=ATG;rbs_motif=GGA/GAG/AGG;rbs_spacer=5-10bp;gc_cont=0.564
#
# Program:         hmmsearch
# Version:         3.4 (Aug 2023)
# Pipeline mode:   SEARCH
# Query file:      /Users/dizzler/Projects/School/BIOL4600-Capstone/databases/lineages/enterobacterales_odb10/hmms/52476at91347.hmm
# Target file:     /Users/dizzler/Projects/School/BIOL4600-Capstone/reports/busco-results/GCF_000171275.1_ASM17127v1_genomic.fna/prodigal_output/predicted_genes/predicted.faa
# Option settings: hmmsearch --domtblout /Users/dizzler/Projects/School/BIOL4600-Capstone/reports/busco-results/GCF_000171275.1_ASM17127v1_genomic.fna/run_enterobacterales_odb10/hmmer_output/52476at91347.out --cpu 1 /Users/dizzler/Projects/School/BIOL4600-Capstone/databases/lineages/enterobacterales_odb10/hmms/52476at91347.hmm /Users/dizzler/Projects/School/BIOL4600-Capstone/reports/busco-results/GCF_000171275.1_ASM17127v1_genomic.fna/prodigal_output/predicted_genes/predicted.faa 
# Current dir:     /Users/dizzler/Projects/School/BIOL4600-Capstone
# Date:            Wed Feb 25 22:53:56 2026
# [ok]
