#                                                                                         --- full sequence --- -------------- this domain -------------   hmm coord   ali coord   env coord
# target name                     accession   tlen query name           accession   qlen   E-value  score  bias   #  of  c-Evalue  i-Evalue  score  bias  from    to  from    to  from    to  acc description of target
#             ------------------- ---------- ----- -------------------- ---------- ----- --------- ------ ----- --- --- --------- --------- ------ ----- ----- ----- ----- ----- ----- ----- ---- ---------------------
NZ_ABEI01000004.1:53410-54618|+   -            403 57147at91347         -            335  1.3e-178  591.1   2.1   1   3   3.1e-36   6.9e-33  112.0   0.7     1   125     1   129     1   135 0.78 NZ_ABEI01000004.1_46 # 53410 # 54618 # 1 # ID=50_46;partial=00;start_type=ATG;rbs_motif=AGGA;rbs_spacer=5-10bp;gc_cont=0.564
NZ_ABEI01000004.1:53410-54618|+   -            403 57147at91347         -            335  1.3e-178  591.1   2.1   2   3     0.018        39    1.1   0.0    74   105   106   148    87   151 0.60 NZ_ABEI01000004.1_46 # 53410 # 54618 # 1 # ID=50_46;partial=00;start_type=ATG;rbs_motif=AGGA;rbs_spacer=5-10bp;gc_cont=0.564
NZ_ABEI01000004.1:53410-54618|+   -            403 57147at91347         -            335  1.3e-178  591.1   2.1   3   3  1.6e-147  3.5e-144  477.9   0.0   104   335   171   402   163   402 0.99 NZ_ABEI01000004.1_46 # 53410 # 54618 # 1 # ID=50_46;partial=00;start_type=ATG;rbs_motif=AGGA;rbs_spacer=5-10bp;gc_cont=0.564
NZ_ABEI01000003.1:221239-223128|+ -            630 57147at91347         -            335   4.7e-57  191.4  15.4   1   4   4.6e-07     0.001   16.1   1.4     4    74     3    74     1    95 0.81 NZ_ABEI01000003.1_196 # 221239 # 223128 # 1 # ID=51_196;partial=00;start_type=ATG;rbs_motif=GGAG/GAGG;rbs_spacer=5-10bp;gc_cont=0.559
NZ_ABEI01000003.1:221239-223128|+ -            630 57147at91347         -            335   4.7e-57  191.4  15.4   2   4   4.2e-08   9.2e-05   19.5   0.5     4    74   106   177   103   192 0.82 NZ_ABEI01000003.1_196 # 221239 # 223128 # 1 # ID=51_196;partial=00;start_type=ATG;rbs_motif=GGAG/GAGG;rbs_spacer=5-10bp;gc_cont=0.559
NZ_ABEI01000003.1:221239-223128|+ -            630 57147at91347         -            335   4.7e-57  191.4  15.4   3   4     1e-07   0.00023   18.2   0.3     5    74   208   278   205   298 0.81 NZ_ABEI01000003.1_196 # 221239 # 223128 # 1 # ID=51_196;partial=00;start_type=ATG;rbs_motif=GGAG/GAGG;rbs_spacer=5-10bp;gc_cont=0.559
NZ_ABEI01000003.1:221239-223128|+ -            630 57147at91347         -            335   4.7e-57  191.4  15.4   4   4   2.3e-46     5e-43  145.3   0.0   106   333   399   629   388   629 0.92 NZ_ABEI01000003.1_196 # 221239 # 223128 # 1 # ID=51_196;partial=00;start_type=ATG;rbs_motif=GGAG/GAGG;rbs_spacer=5-10bp;gc_cont=0.559
#
# Program:         hmmsearch
# Version:         3.4 (Aug 2023)
# Pipeline mode:   SEARCH
# Query file:      /Users/dizzler/Projects/School/BIOL4600-Capstone/databases/lineages/enterobacterales_odb10/hmms/57147at91347.hmm
# Target file:     /Users/dizzler/Projects/School/BIOL4600-Capstone/reports/busco-results/GCF_000171275.1_ASM17127v1_genomic.fna/prodigal_output/predicted_genes/predicted.faa
# Option settings: hmmsearch --domtblout /Users/dizzler/Projects/School/BIOL4600-Capstone/reports/busco-results/GCF_000171275.1_ASM17127v1_genomic.fna/run_enterobacterales_odb10/hmmer_output/57147at91347.out --cpu 1 /Users/dizzler/Projects/School/BIOL4600-Capstone/databases/lineages/enterobacterales_odb10/hmms/57147at91347.hmm /Users/dizzler/Projects/School/BIOL4600-Capstone/reports/busco-results/GCF_000171275.1_ASM17127v1_genomic.fna/prodigal_output/predicted_genes/predicted.faa 
# Current dir:     /Users/dizzler/Projects/School/BIOL4600-Capstone
# Date:            Wed Feb 25 22:53:56 2026
# [ok]
