#                                                                                         --- full sequence --- -------------- this domain -------------   hmm coord   ali coord   env coord
# target name                     accession   tlen query name           accession   qlen   E-value  score  bias   #  of  c-Evalue  i-Evalue  score  bias  from    to  from    to  from    to  acc description of target
#             ------------------- ---------- ----- -------------------- ---------- ----- --------- ------ ----- --- --- --------- --------- ------ ----- ----- ----- ----- ----- ----- ----- ---- ---------------------
NZ_ABEI01000003.1:304132-304956|- -            275 60900at91347         -            223  9.4e-120  396.1   6.6   1   1  5.5e-121    3e-118  391.1   6.6    13   223    32   271     3   271 0.94 NZ_ABEI01000003.1_269 # 304132 # 304956 # -1 # ID=51_269;partial=00;start_type=ATG;rbs_motif=GGA/GAG/AGG;rbs_spacer=5-10bp;gc_cont=0.542
NZ_ABEI01000003.1:321858-322646|+ -            263 60900at91347         -            223     0.001   16.6   1.3   1   2   1.9e-06     0.001   16.6   1.3    64   164     8   107     2   116 0.86 NZ_ABEI01000003.1_284 # 321858 # 322646 # 1 # ID=51_284;partial=00;start_type=GTG;rbs_motif=GGAGG;rbs_spacer=5-10bp;gc_cont=0.536
NZ_ABEI01000003.1:321858-322646|+ -            263 60900at91347         -            223     0.001   16.6   1.3   2   2      0.14        77    0.7   1.0   109   147   133   169   113   191 0.45 NZ_ABEI01000003.1_284 # 321858 # 322646 # 1 # ID=51_284;partial=00;start_type=GTG;rbs_motif=GGAGG;rbs_spacer=5-10bp;gc_cont=0.536
NZ_ABEI01000035.1:7476-8846|-     -            457 60900at91347         -            223    0.0012   16.4   4.8   1   2      0.11        59    1.0   0.3   134   161   277   303   264   322 0.70 NZ_ABEI01000035.1_6 # 7476 # 8846 # -1 # ID=19_6;partial=00;start_type=ATG;rbs_motif=AGGA;rbs_spacer=5-10bp;gc_cont=0.532
NZ_ABEI01000035.1:7476-8846|-     -            457 60900at91347         -            223    0.0012   16.4   4.8   2   2   2.1e-06    0.0012   16.4   0.6   103   169   365   429   312   444 0.80 NZ_ABEI01000035.1_6 # 7476 # 8846 # -1 # ID=19_6;partial=00;start_type=ATG;rbs_motif=AGGA;rbs_spacer=5-10bp;gc_cont=0.532
NZ_ABEI01000007.1:28694-29245|-   -            184 60900at91347         -            223     0.014   12.9   0.4   1   1   3.9e-05     0.021   12.3   0.4   110   169    95   164    85   167 0.80 NZ_ABEI01000007.1_28 # 28694 # 29245 # -1 # ID=47_28;partial=00;start_type=ATG;rbs_motif=GGAG/GAGG;rbs_spacer=5-10bp;gc_cont=0.500
NZ_ABEI01000001.1:80587-81201|-   -            205 60900at91347         -            223     0.016   12.7   1.6   1   2     0.031        17    2.8   0.1   111   147    89   125    84   133 0.84 NZ_ABEI01000001.1_83 # 80587 # 81201 # -1 # ID=53_83;partial=00;start_type=ATG;rbs_motif=AGGA;rbs_spacer=5-10bp;gc_cont=0.330
NZ_ABEI01000001.1:80587-81201|-   -            205 60900at91347         -            223     0.016   12.7   1.6   2   2   0.00047      0.26    8.8   0.2   132   161   153   182   144   187 0.84 NZ_ABEI01000001.1_83 # 80587 # 81201 # -1 # ID=53_83;partial=00;start_type=ATG;rbs_motif=AGGA;rbs_spacer=5-10bp;gc_cont=0.330
NZ_ABEI01000001.1:107231-107785|- -            185 60900at91347         -            223     0.024   12.1   0.1   1   1   6.3e-05     0.035   11.6   0.1    73   163    51   153    40   166 0.79 NZ_ABEI01000001.1_107 # 107231 # 107785 # -1 # ID=53_107;partial=00;start_type=ATG;rbs_motif=GGAG/GAGG;rbs_spacer=5-10bp;gc_cont=0.508
NZ_ABEI01000011.1:130815-131636|- -            274 60900at91347         -            223     0.025   12.1   0.7   1   1   7.2e-05      0.04   11.4   0.7    79   167   134   226   122   233 0.82 NZ_ABEI01000011.1_107 # 130815 # 131636 # -1 # ID=43_107;partial=00;start_type=ATG;rbs_motif=GGAG/GAGG;rbs_spacer=5-10bp;gc_cont=0.556
NZ_ABEI01000003.1:320268-321293|+ -            342 60900at91347         -            223      0.68    7.4  19.5   1   2   0.00019      0.11   10.0   4.3    94   170   101   169    85   207 0.70 NZ_ABEI01000003.1_282 # 320268 # 321293 # 1 # ID=51_282;partial=00;start_type=ATG;rbs_motif=GGA/GAG/AGG;rbs_spacer=11-12bp;gc_cont=0.520
NZ_ABEI01000003.1:320268-321293|+ -            342 60900at91347         -            223      0.68    7.4  19.5   2   2     0.061        34    1.8   8.2    92   165   224   290   200   302 0.59 NZ_ABEI01000003.1_282 # 320268 # 321293 # 1 # ID=51_282;partial=00;start_type=ATG;rbs_motif=GGA/GAG/AGG;rbs_spacer=11-12bp;gc_cont=0.520
#
# Program:         hmmsearch
# Version:         3.4 (Aug 2023)
# Pipeline mode:   SEARCH
# Query file:      /Users/dizzler/Projects/School/BIOL4600-Capstone/databases/lineages/enterobacterales_odb10/hmms/60900at91347.hmm
# Target file:     /Users/dizzler/Projects/School/BIOL4600-Capstone/reports/busco-results/GCF_000171275.1_ASM17127v1_genomic.fna/prodigal_output/predicted_genes/predicted.faa
# Option settings: hmmsearch --domtblout /Users/dizzler/Projects/School/BIOL4600-Capstone/reports/busco-results/GCF_000171275.1_ASM17127v1_genomic.fna/run_enterobacterales_odb10/hmmer_output/60900at91347.out --cpu 1 /Users/dizzler/Projects/School/BIOL4600-Capstone/databases/lineages/enterobacterales_odb10/hmms/60900at91347.hmm /Users/dizzler/Projects/School/BIOL4600-Capstone/reports/busco-results/GCF_000171275.1_ASM17127v1_genomic.fna/prodigal_output/predicted_genes/predicted.faa 
# Current dir:     /Users/dizzler/Projects/School/BIOL4600-Capstone
# Date:            Wed Feb 25 22:53:56 2026
# [ok]
