#                                                                                         --- full sequence --- -------------- this domain -------------   hmm coord   ali coord   env coord
# target name                     accession   tlen query name           accession   qlen   E-value  score  bias   #  of  c-Evalue  i-Evalue  score  bias  from    to  from    to  from    to  acc description of target
#             ------------------- ---------- ----- -------------------- ---------- ----- --------- ------ ----- --- --- --------- --------- ------ ----- ----- ----- ----- ----- ----- ----- ---- ---------------------
NZ_ABEI01000001.1:66144-66920|+   -            259 62379at91347         -            235  3.3e-130  430.5   2.1   1   1  4.7e-133  4.1e-130  430.2   2.1     1   235     1   258     1   258 0.94 NZ_ABEI01000001.1_71 # 66144 # 66920 # 1 # ID=53_71;partial=00;start_type=ATG;rbs_motif=AGGAG;rbs_spacer=5-10bp;gc_cont=0.547
NZ_ABEI01000001.1:65425-66162|+   -            246 62379at91347         -            235   2.4e-16   57.9   0.1   1   1   3.4e-19   2.9e-16   57.6   0.1     6   202     2   211     1   237 0.83 NZ_ABEI01000001.1_70 # 65425 # 66162 # 1 # ID=53_70;partial=00;start_type=ATG;rbs_motif=GGAG/GAGG;rbs_spacer=5-10bp;gc_cont=0.583
NZ_ABEI01000001.1:196696-197634|- -            313 62379at91347         -            235    0.0084   13.5   0.0   1   1   1.5e-05     0.013   12.9   0.0    33   112   152   234   138   278 0.82 NZ_ABEI01000001.1_185 # 196696 # 197634 # -1 # ID=53_185;partial=00;start_type=ATG;rbs_motif=GGA/GAG/AGG;rbs_spacer=5-10bp;gc_cont=0.572
NZ_ABEI01000033.1:15353-16123|+   -            257 62379at91347         -            235     0.014   12.8   0.0   1   2      0.13   1.1e+02    0.1   0.0   129   173     6    49     2    85 0.76 NZ_ABEI01000033.1_16 # 15353 # 16123 # 1 # ID=21_16;partial=00;start_type=ATG;rbs_motif=AGxAGG/AGGxGG;rbs_spacer=5-10bp;gc_cont=0.611
NZ_ABEI01000033.1:15353-16123|+   -            257 62379at91347         -            235     0.014   12.8   0.0   2   2   8.7e-05     0.076   10.4   0.1    61   121   163   224   135   234 0.78 NZ_ABEI01000033.1_16 # 15353 # 16123 # 1 # ID=21_16;partial=00;start_type=ATG;rbs_motif=AGxAGG/AGGxGG;rbs_spacer=5-10bp;gc_cont=0.611
NZ_ABEI01000003.1:10529-11308|+   -            260 62379at91347         -            235     0.015   12.7   0.2   1   2    0.0031       2.7    5.3   0.1   200   234   119   153   106   154 0.85 NZ_ABEI01000003.1_12 # 10529 # 11308 # 1 # ID=51_12;partial=00;start_type=ATG;rbs_motif=GGAG/GAGG;rbs_spacer=5-10bp;gc_cont=0.545
NZ_ABEI01000003.1:10529-11308|+   -            260 62379at91347         -            235     0.015   12.7   0.2   2   2    0.0039       3.4    5.0   0.0    70    95   194   219   173   237 0.77 NZ_ABEI01000003.1_12 # 10529 # 11308 # 1 # ID=51_12;partial=00;start_type=ATG;rbs_motif=GGAG/GAGG;rbs_spacer=5-10bp;gc_cont=0.545
#
# Program:         hmmsearch
# Version:         3.4 (Aug 2023)
# Pipeline mode:   SEARCH
# Query file:      /Users/dizzler/Projects/School/BIOL4600-Capstone/busco_downloads/lineages/enterobacterales_odb10/hmms/62379at91347.hmm
# Target file:     reports/busco-results/GCF_000171275.1_ASM17127v1_genomic.fna/prodigal_output/predicted_genes/predicted.faa
# Option settings: hmmsearch --domtblout reports/busco-results/GCF_000171275.1_ASM17127v1_genomic.fna/run_enterobacterales_odb10/hmmer_output/62379at91347.out --cpu 1 /Users/dizzler/Projects/School/BIOL4600-Capstone/busco_downloads/lineages/enterobacterales_odb10/hmms/62379at91347.hmm reports/busco-results/GCF_000171275.1_ASM17127v1_genomic.fna/prodigal_output/predicted_genes/predicted.faa 
# Current dir:     /Users/dizzler/Projects/School/BIOL4600-Capstone
# Date:            Sat Feb 21 23:25:58 2026
# [ok]
