#                                                                                         --- full sequence --- -------------- this domain -------------   hmm coord   ali coord   env coord
# target name                     accession   tlen query name           accession   qlen   E-value  score  bias   #  of  c-Evalue  i-Evalue  score  bias  from    to  from    to  from    to  acc description of target
#             ------------------- ---------- ----- -------------------- ---------- ----- --------- ------ ----- --- --- --------- --------- ------ ----- ----- ----- ----- ----- ----- ----- ---- ---------------------
NZ_ABEI01000008.1:174836-177514|- -            893 6639at91347          -            664         0 1161.2  34.2   1   3   6.3e-32   2.8e-29   99.8   4.1     1   111     3   124     3   159 0.89 NZ_ABEI01000008.1_169 # 174836 # 177514 # -1 # ID=46_169;partial=00;start_type=ATG;rbs_motif=AGGA;rbs_spacer=5-10bp;gc_cont=0.556
NZ_ABEI01000008.1:174836-177514|- -            893 6639at91347          -            664         0 1161.2  34.2   2   3    0.0013      0.56    6.2   0.2    75   101   226   252   211   267 0.86 NZ_ABEI01000008.1_169 # 174836 # 177514 # -1 # ID=46_169;partial=00;start_type=ATG;rbs_motif=AGGA;rbs_spacer=5-10bp;gc_cont=0.556
NZ_ABEI01000008.1:174836-177514|- -            893 6639at91347          -            664         0 1161.2  34.2   3   3         0         0 1066.3  14.8    96   664   285   887   263   887 0.94 NZ_ABEI01000008.1_169 # 174836 # 177514 # -1 # ID=46_169;partial=00;start_type=ATG;rbs_motif=AGGA;rbs_spacer=5-10bp;gc_cont=0.556
NZ_ABEI01000011.1:107501-109351|- -            617 6639at91347          -            664   2.8e-21   73.3   0.2   1   1     8e-24   3.5e-21   73.0   0.2   196   397     2   212     1   228 0.77 NZ_ABEI01000011.1_90 # 107501 # 109351 # -1 # ID=43_90;partial=00;start_type=ATG;rbs_motif=AGGA/GGAG/GAGG;rbs_spacer=11-12bp;gc_cont=0.572
NZ_ABEI01000009.1:199174-200973|- -            600 6639at91347          -            664     1e-17   61.5   0.8   1   1   3.3e-19   1.5e-16   57.7   0.8   198   393     8   223     5   232 0.77 NZ_ABEI01000009.1_178 # 199174 # 200973 # -1 # ID=45_178;partial=00;start_type=ATG;rbs_motif=None;rbs_spacer=None;gc_cont=0.530
NZ_ABEI01000014.1:15795-17618|+   -            608 6639at91347          -            664   2.1e-12   44.0   1.6   1   1   1.6e-14   6.9e-12   42.3   1.6   197   304     8   133     5   175 0.74 NZ_ABEI01000014.1_16 # 15795 # 17618 # 1 # ID=40_16;partial=00;start_type=GTG;rbs_motif=GGAG/GAGG;rbs_spacer=5-10bp;gc_cont=0.538
NZ_ABEI01000005.1:104173-105612|- -            480 6639at91347          -            664   1.9e-09   34.2   0.0   1   2       0.7   3.1e+02   -2.8   0.0   608   625    46    63    36    65 0.86 NZ_ABEI01000005.1_111 # 104173 # 105612 # -1 # ID=49_111;partial=00;start_type=ATG;rbs_motif=AGGAG;rbs_spacer=5-10bp;gc_cont=0.551
NZ_ABEI01000005.1:104173-105612|- -            480 6639at91347          -            664   1.9e-09   34.2   0.0   2   2   1.1e-11   4.8e-09   32.9   0.0   224   340    90   213    77   218 0.79 NZ_ABEI01000005.1_111 # 104173 # 105612 # -1 # ID=49_111;partial=00;start_type=ATG;rbs_motif=AGGAG;rbs_spacer=5-10bp;gc_cont=0.551
NZ_ABEI01000043.1:169-2283|-      -            705 6639at91347          -            664   4.7e-08   29.6   0.0   1   1   2.4e-10   1.1e-07   28.5   0.0   237   307    80   150    71   179 0.91 NZ_ABEI01000043.1_2 # 169 # 2283 # -1 # ID=11_2;partial=00;start_type=ATG;rbs_motif=GGAG/GAGG;rbs_spacer=5-10bp;gc_cont=0.517
NZ_ABEI01000003.1:2986-4575|+     -            530 6639at91347          -            664   1.2e-07   28.3   0.0   1   1   4.9e-10   2.1e-07   27.4   0.0   226   307    69   150    55   166 0.88 NZ_ABEI01000003.1_5 # 2986 # 4575 # 1 # ID=51_5;partial=00;start_type=ATG;rbs_motif=AGxAG;rbs_spacer=5-10bp;gc_cont=0.547
NZ_ABEI01000009.1:124075-125547|- -            491 6639at91347          -            664   1.5e-06   24.6   0.0   1   2     1e-05    0.0045   13.2   0.0   195   349     3   160     1   162 0.77 NZ_ABEI01000009.1_113 # 124075 # 125547 # -1 # ID=45_113;partial=00;start_type=ATG;rbs_motif=GGAG/GAGG;rbs_spacer=5-10bp;gc_cont=0.545
NZ_ABEI01000009.1:124075-125547|- -            491 6639at91347          -            664   1.5e-06   24.6   0.0   2   2   0.00014     0.063    9.4   0.0   260   347   282   368   270   382 0.81 NZ_ABEI01000009.1_113 # 124075 # 125547 # -1 # ID=45_113;partial=00;start_type=ATG;rbs_motif=GGAG/GAGG;rbs_spacer=5-10bp;gc_cont=0.545
NZ_ABEI01000009.1:196327-197232|- -            302 6639at91347          -            664   0.00014   18.2   0.6   1   2   7.2e-07   0.00032   17.0   0.2   194   342     8   164     1   170 0.65 NZ_ABEI01000009.1_175 # 196327 # 197232 # -1 # ID=45_175;partial=00;start_type=ATG;rbs_motif=GGAG/GAGG;rbs_spacer=5-10bp;gc_cont=0.518
NZ_ABEI01000009.1:196327-197232|- -            302 6639at91347          -            664   0.00014   18.2   0.6   2   2      0.23     1e+02   -1.2   0.0    49    78   237   266   229   279 0.76 NZ_ABEI01000009.1_175 # 196327 # 197232 # -1 # ID=45_175;partial=00;start_type=ATG;rbs_motif=GGAG/GAGG;rbs_spacer=5-10bp;gc_cont=0.518
NZ_ABEI01000043.1:2-97|-          -             32 6639at91347          -            664    0.0032   13.6   0.1   1   1   7.3e-06    0.0032   13.6   0.1   197   212    15    30     3    32 0.75 NZ_ABEI01000043.1_1 # 2 # 97 # -1 # ID=11_1;partial=10;start_type=GTG;rbs_motif=AGGA;rbs_spacer=5-10bp;gc_cont=0.500
#
# Program:         hmmsearch
# Version:         3.4 (Aug 2023)
# Pipeline mode:   SEARCH
# Query file:      /Users/dizzler/Projects/School/BIOL4600-Capstone/busco_downloads/lineages/enterobacterales_odb10/hmms/6639at91347.hmm
# Target file:     reports/busco-results/GCF_000171275.1_ASM17127v1_genomic.fna/prodigal_output/predicted_genes/predicted.faa
# Option settings: hmmsearch --domtblout reports/busco-results/GCF_000171275.1_ASM17127v1_genomic.fna/run_enterobacterales_odb10/hmmer_output/6639at91347.out --cpu 1 /Users/dizzler/Projects/School/BIOL4600-Capstone/busco_downloads/lineages/enterobacterales_odb10/hmms/6639at91347.hmm reports/busco-results/GCF_000171275.1_ASM17127v1_genomic.fna/prodigal_output/predicted_genes/predicted.faa 
# Current dir:     /Users/dizzler/Projects/School/BIOL4600-Capstone
# Date:            Sat Feb 21 23:25:59 2026
# [ok]
