#                                                                                         --- full sequence --- -------------- this domain -------------   hmm coord   ali coord   env coord
# target name                     accession   tlen query name           accession   qlen   E-value  score  bias   #  of  c-Evalue  i-Evalue  score  bias  from    to  from    to  from    to  acc description of target
#             ------------------- ---------- ----- -------------------- ---------- ----- --------- ------ ----- --- --- --------- --------- ------ ----- ----- ----- ----- ----- ----- ----- ---- ---------------------
NZ_ABEI01000003.1:221239-223128|+ -            630 67457at91347         -            424  4.8e-233  771.4  24.6   1   4   1.3e-30   7.3e-28   95.4   3.5     1    70     4    75     4    87 0.93 NZ_ABEI01000003.1_196 # 221239 # 223128 # 1 # ID=51_196;partial=00;start_type=ATG;rbs_motif=GGAG/GAGG;rbs_spacer=5-10bp;gc_cont=0.559
NZ_ABEI01000003.1:221239-223128|+ -            630 67457at91347         -            424  4.8e-233  771.4  24.6   2   4   1.1e-32   5.8e-30  102.3   2.3     1    72   107   180   107   190 0.94 NZ_ABEI01000003.1_196 # 221239 # 223128 # 1 # ID=51_196;partial=00;start_type=ATG;rbs_motif=GGAG/GAGG;rbs_spacer=5-10bp;gc_cont=0.559
NZ_ABEI01000003.1:221239-223128|+ -            630 67457at91347         -            424  4.8e-233  771.4  24.6   3   4     4e-33   2.2e-30  103.7   2.3     1    72   208   281   208   290 0.94 NZ_ABEI01000003.1_196 # 221239 # 223128 # 1 # ID=51_196;partial=00;start_type=ATG;rbs_motif=GGAG/GAGG;rbs_spacer=5-10bp;gc_cont=0.559
NZ_ABEI01000003.1:221239-223128|+ -            630 67457at91347         -            424  4.8e-233  771.4  24.6   4   4  1.1e-147  5.9e-145  481.2   0.0   146   424   322   629   315   629 0.92 NZ_ABEI01000003.1_196 # 221239 # 223128 # 1 # ID=51_196;partial=00;start_type=ATG;rbs_motif=GGAG/GAGG;rbs_spacer=5-10bp;gc_cont=0.559
NZ_ABEI01000004.1:53410-54618|+   -            403 67457at91347         -            424     6e-56  187.9   0.0   1   2   5.8e-06    0.0032   14.2   0.4    20    54    26    61     5    87 0.72 NZ_ABEI01000004.1_46 # 53410 # 54618 # 1 # ID=50_46;partial=00;start_type=ATG;rbs_motif=AGGA;rbs_spacer=5-10bp;gc_cont=0.564
NZ_ABEI01000004.1:53410-54618|+   -            403 67457at91347         -            424     6e-56  187.9   0.0   2   2   9.7e-54   5.3e-51  171.6   0.0   152   415   114   388    85   400 0.88 NZ_ABEI01000004.1_46 # 53410 # 54618 # 1 # ID=50_46;partial=00;start_type=ATG;rbs_motif=AGGA;rbs_spacer=5-10bp;gc_cont=0.564
NZ_ABEI01000003.1:105646-107421|- -            592 67457at91347         -            424   0.00017   18.4   0.1   1   1   5.3e-07   0.00029   17.6   0.1    83   140   533   590   526   591 0.78 NZ_ABEI01000003.1_98 # 105646 # 107421 # -1 # ID=51_98;partial=00;start_type=ATG;rbs_motif=GGAGG;rbs_spacer=5-10bp;gc_cont=0.638
NZ_ABEI01000004.1:78115-79890|+   -            592 67457at91347         -            424   0.00017   18.4   0.1   1   1   5.3e-07   0.00029   17.6   0.1    83   140   533   590   526   591 0.78 NZ_ABEI01000004.1_73 # 78115 # 79890 # 1 # ID=50_73;partial=00;start_type=ATG;rbs_motif=GGAGG;rbs_spacer=5-10bp;gc_cont=0.637
NZ_ABEI01000023.1:7090-8865|-     -            592 67457at91347         -            424   0.00022   18.0   0.1   1   1     6e-07   0.00033   17.5   0.1    83   140   533   590   526   591 0.80 NZ_ABEI01000023.1_8 # 7090 # 8865 # -1 # ID=31_8;partial=00;start_type=ATG;rbs_motif=GGAGG;rbs_spacer=5-10bp;gc_cont=0.639
NZ_ABEI01000023.1:37132-37602|+   -            157 67457at91347         -            424   0.00041   17.2   0.1   1   1     1e-06   0.00056   16.7   0.1    86   140   101   155    94   156 0.90 NZ_ABEI01000023.1_35 # 37132 # 37602 # 1 # ID=31_35;partial=00;start_type=ATG;rbs_motif=GGA/GAG/AGG;rbs_spacer=5-10bp;gc_cont=0.527
NZ_ABEI01000004.1:225103-226221|+ -            373 67457at91347         -            424    0.0029   14.3   2.3   1   2   0.00016      0.09    9.4   0.1   109   153    62   108    45   129 0.56 NZ_ABEI01000004.1_212 # 225103 # 226221 # 1 # ID=50_212;partial=00;start_type=ATG;rbs_motif=GGA/GAG/AGG;rbs_spacer=5-10bp;gc_cont=0.525
NZ_ABEI01000004.1:225103-226221|+ -            373 67457at91347         -            424    0.0029   14.3   2.3   2   2    0.0078       4.3    3.9   0.3    79   136   152   211   135   237 0.67 NZ_ABEI01000004.1_212 # 225103 # 226221 # 1 # ID=50_212;partial=00;start_type=ATG;rbs_motif=GGA/GAG/AGG;rbs_spacer=5-10bp;gc_cont=0.525
NZ_ABEI01000002.1:16646-17506|-   -            287 67457at91347         -            424     0.012   12.3   0.0   1   2     0.017       9.3    2.8   0.0   109   152    44    87    30   104 0.83 NZ_ABEI01000002.1_19 # 16646 # 17506 # -1 # ID=52_19;partial=00;start_type=ATG;rbs_motif=None;rbs_spacer=None;gc_cont=0.501
NZ_ABEI01000002.1:16646-17506|-   -            287 67457at91347         -            424     0.012   12.3   0.0   2   2   0.00064      0.35    7.5   0.0    93   141   134   183   108   202 0.68 NZ_ABEI01000002.1_19 # 16646 # 17506 # -1 # ID=52_19;partial=00;start_type=ATG;rbs_motif=None;rbs_spacer=None;gc_cont=0.501
#
# Program:         hmmsearch
# Version:         3.4 (Aug 2023)
# Pipeline mode:   SEARCH
# Query file:      /Users/dizzler/Projects/School/BIOL4600-Capstone/databases/lineages/enterobacterales_odb10/hmms/67457at91347.hmm
# Target file:     /Users/dizzler/Projects/School/BIOL4600-Capstone/reports/busco-results/GCF_000171275.1_ASM17127v1_genomic.fna/prodigal_output/predicted_genes/predicted.faa
# Option settings: hmmsearch --domtblout /Users/dizzler/Projects/School/BIOL4600-Capstone/reports/busco-results/GCF_000171275.1_ASM17127v1_genomic.fna/run_enterobacterales_odb10/hmmer_output/67457at91347.out --cpu 1 /Users/dizzler/Projects/School/BIOL4600-Capstone/databases/lineages/enterobacterales_odb10/hmms/67457at91347.hmm /Users/dizzler/Projects/School/BIOL4600-Capstone/reports/busco-results/GCF_000171275.1_ASM17127v1_genomic.fna/prodigal_output/predicted_genes/predicted.faa 
# Current dir:     /Users/dizzler/Projects/School/BIOL4600-Capstone
# Date:            Wed Feb 25 22:53:57 2026
# [ok]
