#                                                                                         --- full sequence --- -------------- this domain -------------   hmm coord   ali coord   env coord
# target name                     accession   tlen query name           accession   qlen   E-value  score  bias   #  of  c-Evalue  i-Evalue  score  bias  from    to  from    to  from    to  acc description of target
#             ------------------- ---------- ----- -------------------- ---------- ----- --------- ------ ----- --- --- --------- --------- ------ ----- ----- ----- ----- ----- ----- ----- ---- ---------------------
NZ_ABEI01000014.1:15795-17618|+   -            608 9913at91347          -            518  1.8e-292  968.2   2.3   1   1  6.7e-295  3.3e-292  967.3   2.3     1   518     5   602     5   602 0.91 NZ_ABEI01000014.1_16 # 15795 # 17618 # 1 # ID=40_16;partial=00;start_type=GTG;rbs_motif=GGAG/GAGG;rbs_spacer=5-10bp;gc_cont=0.538
NZ_ABEI01000043.1:169-2283|-      -            705 9913at91347          -            518   2.4e-38  129.7   0.2   1   3   4.3e-27   2.1e-24   83.7   0.1     2   147    11   173    10   189 0.86 NZ_ABEI01000043.1_2 # 169 # 2283 # -1 # ID=11_2;partial=00;start_type=ATG;rbs_motif=GGAG/GAGG;rbs_spacer=5-10bp;gc_cont=0.517
NZ_ABEI01000043.1:169-2283|-      -            705 9913at91347          -            518   2.4e-38  129.7   0.2   2   3   1.4e-14     7e-12   42.4   0.0   180   357   327   508   306   526 0.75 NZ_ABEI01000043.1_2 # 169 # 2283 # -1 # ID=11_2;partial=00;start_type=ATG;rbs_motif=GGAG/GAGG;rbs_spacer=5-10bp;gc_cont=0.517
NZ_ABEI01000043.1:169-2283|-      -            705 9913at91347          -            518   2.4e-38  129.7   0.2   3   3      0.18        86   -0.8   0.0   366   405   652   692   610   703 0.68 NZ_ABEI01000043.1_2 # 169 # 2283 # -1 # ID=11_2;partial=00;start_type=ATG;rbs_motif=GGAG/GAGG;rbs_spacer=5-10bp;gc_cont=0.517
NZ_ABEI01000009.1:199174-200973|- -            600 9913at91347          -            518   1.3e-32  110.8   1.7   1   3   1.5e-34   7.3e-32  108.3   0.1     1   209     4   230     4   249 0.81 NZ_ABEI01000009.1_178 # 199174 # 200973 # -1 # ID=45_178;partial=00;start_type=ATG;rbs_motif=None;rbs_spacer=None;gc_cont=0.530
NZ_ABEI01000009.1:199174-200973|- -            600 9913at91347          -            518   1.3e-32  110.8   1.7   2   3      0.62     3e+02   -2.6   0.0   306   341   340   376   337   386 0.75 NZ_ABEI01000009.1_178 # 199174 # 200973 # -1 # ID=45_178;partial=00;start_type=ATG;rbs_motif=None;rbs_spacer=None;gc_cont=0.530
NZ_ABEI01000009.1:199174-200973|- -            600 9913at91347          -            518   1.3e-32  110.8   1.7   3   3     0.088        43    0.2   0.1   347   444   420   521   408   560 0.75 NZ_ABEI01000009.1_178 # 199174 # 200973 # -1 # ID=45_178;partial=00;start_type=ATG;rbs_motif=None;rbs_spacer=None;gc_cont=0.530
NZ_ABEI01000003.1:2986-4575|+     -            530 9913at91347          -            518   3.4e-15   53.4   0.3   1   2   1.8e-17   8.6e-15   52.0   0.0     2   121    14   147    13   165 0.80 NZ_ABEI01000003.1_5 # 2986 # 4575 # 1 # ID=51_5;partial=00;start_type=ATG;rbs_motif=AGxAG;rbs_spacer=5-10bp;gc_cont=0.547
NZ_ABEI01000003.1:2986-4575|+     -            530 9913at91347          -            518   3.4e-15   53.4   0.3   2   2      0.37   1.8e+02   -1.9   0.0   437   452   355   370   351   385 0.80 NZ_ABEI01000003.1_5 # 2986 # 4575 # 1 # ID=51_5;partial=00;start_type=ATG;rbs_motif=AGxAG;rbs_spacer=5-10bp;gc_cont=0.547
NZ_ABEI01000008.1:174836-177514|- -            893 9913at91347          -            518   1.3e-12   44.9   0.6   1   1   5.8e-15   2.8e-12   43.7   0.6     4   121   396   505   394   560 0.78 NZ_ABEI01000008.1_169 # 174836 # 177514 # -1 # ID=46_169;partial=00;start_type=ATG;rbs_motif=AGGA;rbs_spacer=5-10bp;gc_cont=0.556
NZ_ABEI01000005.1:104173-105612|- -            480 9913at91347          -            518   6.7e-09   32.6   0.1   1   2   2.3e-10   1.1e-07   28.5   0.1    31   120    81   172    32   218 0.83 NZ_ABEI01000005.1_111 # 104173 # 105612 # -1 # ID=49_111;partial=00;start_type=ATG;rbs_motif=AGGAG;rbs_spacer=5-10bp;gc_cont=0.551
NZ_ABEI01000005.1:104173-105612|- -            480 9913at91347          -            518   6.7e-09   32.6   0.1   2   2     0.071        35    0.5   0.0   181   241   262   320   249   344 0.78 NZ_ABEI01000005.1_111 # 104173 # 105612 # -1 # ID=49_111;partial=00;start_type=ATG;rbs_motif=AGGAG;rbs_spacer=5-10bp;gc_cont=0.551
NZ_ABEI01000011.1:107501-109351|- -            617 9913at91347          -            518   3.5e-08   30.2   0.0   1   1   9.3e-11   4.5e-08   29.8   0.0     4   132     3   128     1   203 0.77 NZ_ABEI01000011.1_90 # 107501 # 109351 # -1 # ID=43_90;partial=00;start_type=ATG;rbs_motif=AGGA/GGAG/GAGG;rbs_spacer=11-12bp;gc_cont=0.572
NZ_ABEI01000009.1:124075-125547|- -            491 9913at91347          -            518      0.01   12.1   0.1   1   2    0.0043       2.1    4.5   0.0    80   124    82   127    52   137 0.80 NZ_ABEI01000009.1_113 # 124075 # 125547 # -1 # ID=45_113;partial=00;start_type=ATG;rbs_motif=GGAG/GAGG;rbs_spacer=5-10bp;gc_cont=0.545
NZ_ABEI01000009.1:124075-125547|- -            491 9913at91347          -            518      0.01   12.1   0.1   2   2    0.0026       1.3    5.3   0.0    81   158   286   361   254   385 0.84 NZ_ABEI01000009.1_113 # 124075 # 125547 # -1 # ID=45_113;partial=00;start_type=ATG;rbs_motif=GGAG/GAGG;rbs_spacer=5-10bp;gc_cont=0.545
NZ_ABEI01000043.1:2-97|-          -             32 9913at91347          -            518     0.026   10.8   0.5   1   1   5.3e-05     0.026   10.8   0.5     3    18    14    29    12    32 0.87 NZ_ABEI01000043.1_1 # 2 # 97 # -1 # ID=11_1;partial=10;start_type=GTG;rbs_motif=AGGA;rbs_spacer=5-10bp;gc_cont=0.500
#
# Program:         hmmsearch
# Version:         3.4 (Aug 2023)
# Pipeline mode:   SEARCH
# Query file:      /Users/dizzler/Projects/School/BIOL4600-Capstone/busco_downloads/lineages/enterobacterales_odb10/hmms/9913at91347.hmm
# Target file:     reports/busco-results/GCF_000171275.1_ASM17127v1_genomic.fna/prodigal_output/predicted_genes/predicted.faa
# Option settings: hmmsearch --domtblout reports/busco-results/GCF_000171275.1_ASM17127v1_genomic.fna/run_enterobacterales_odb10/hmmer_output/9913at91347.out --cpu 1 /Users/dizzler/Projects/School/BIOL4600-Capstone/busco_downloads/lineages/enterobacterales_odb10/hmms/9913at91347.hmm reports/busco-results/GCF_000171275.1_ASM17127v1_genomic.fna/prodigal_output/predicted_genes/predicted.faa 
# Current dir:     /Users/dizzler/Projects/School/BIOL4600-Capstone
# Date:            Sat Feb 21 23:26:00 2026
# [ok]
