#                                                                                           --- full sequence --- -------------- this domain -------------   hmm coord   ali coord   env coord
# target name                       accession   tlen query name           accession   qlen   E-value  score  bias   #  of  c-Evalue  i-Evalue  score  bias  from    to  from    to  from    to  acc description of target
#               ------------------- ---------- ----- -------------------- ---------- ----- --------- ------ ----- --- --- --------- --------- ------ ----- ----- ----- ----- ----- ----- ----- ---- ---------------------
NZ_ABAM02000001.1:1039842-1041770|+ -            643 12745at91347         -            500  2.1e-243  806.7  10.6   1   3  1.2e-194    1e-191  636.2   0.1     1   332     1   362     1   375 0.94 NZ_ABAM02000001.1_920 # 1039842 # 1041770 # 1 # ID=2_920;partial=00;start_type=ATG;rbs_motif=GGA/GAG/AGG;rbs_spacer=5-10bp;gc_cont=0.591
NZ_ABAM02000001.1:1039842-1041770|+ -            643 12745at91347         -            500  2.1e-243  806.7  10.6   2   3      0.13   1.1e+02   -0.5   0.2   332   354   408   430   404   481 0.59 NZ_ABAM02000001.1_920 # 1039842 # 1041770 # 1 # ID=2_920;partial=00;start_type=ATG;rbs_motif=GGA/GAG/AGG;rbs_spacer=5-10bp;gc_cont=0.591
NZ_ABAM02000001.1:1039842-1041770|+ -            643 12745at91347         -            500  2.1e-243  806.7  10.6   3   3   6.1e-54   5.3e-51  172.0   5.1   340   500   463   642   426   642 0.82 NZ_ABAM02000001.1_920 # 1039842 # 1041770 # 1 # ID=2_920;partial=00;start_type=ATG;rbs_motif=GGA/GAG/AGG;rbs_spacer=5-10bp;gc_cont=0.591
NZ_ABAM02000001.1:1693492-1694496|+ -            335 12745at91347         -            500     1e-20   72.1   0.0   1   1   1.4e-23   1.3e-20   71.8   0.0    27   213    13   204    10   252 0.88 NZ_ABAM02000001.1_1527 # 1693492 # 1694496 # 1 # ID=2_1527;partial=00;start_type=ATG;rbs_motif=AGGAG;rbs_spacer=5-10bp;gc_cont=0.593
NZ_ABAM02000001.1:1497439-1498782|+ -            448 12745at91347         -            500   1.3e-14   52.0   0.0   1   2   1.9e-09   1.6e-06   25.3   0.0     3    61    13    73    11    82 0.89 NZ_ABAM02000001.1_1346 # 1497439 # 1498782 # 1 # ID=2_1346;partial=00;start_type=GTG;rbs_motif=GGAG/GAGG;rbs_spacer=5-10bp;gc_cont=0.571
NZ_ABAM02000001.1:1497439-1498782|+ -            448 12745at91347         -            500   1.3e-14   52.0   0.0   2   2   2.4e-09   2.1e-06   24.9   0.0    96   194    83   181    74   185 0.90 NZ_ABAM02000001.1_1346 # 1497439 # 1498782 # 1 # ID=2_1346;partial=00;start_type=GTG;rbs_motif=GGAG/GAGG;rbs_spacer=5-10bp;gc_cont=0.571
NZ_ABAM02000001.1:1478631-1480907|+ -            759 12745at91347         -            500    0.0013   15.7   0.0   1   2    0.0095       8.2    3.2   0.0    38    59   207   228   185   235 0.76 NZ_ABAM02000001.1_1332 # 1478631 # 1480907 # 1 # ID=2_1332;partial=00;start_type=ATG;rbs_motif=GGAGG;rbs_spacer=5-10bp;gc_cont=0.542
NZ_ABAM02000001.1:1478631-1480907|+ -            759 12745at91347         -            500    0.0013   15.7   0.0   2   2   9.8e-05     0.085    9.7   0.0    18    63   460   513   456   517 0.81 NZ_ABAM02000001.1_1332 # 1478631 # 1480907 # 1 # ID=2_1332;partial=00;start_type=ATG;rbs_motif=GGAGG;rbs_spacer=5-10bp;gc_cont=0.542
NZ_ABAM02000001.1:2448981-2449991|- -            337 12745at91347         -            500    0.0021   15.0   0.0   1   2   4.9e-06    0.0042   14.0   0.0     5    70    18    87    14    93 0.78 NZ_ABAM02000001.1_2276 # 2448981 # 2449991 # -1 # ID=2_2276;partial=00;start_type=ATG;rbs_motif=GGAG/GAGG;rbs_spacer=5-10bp;gc_cont=0.573
NZ_ABAM02000001.1:2448981-2449991|- -            337 12745at91347         -            500    0.0021   15.0   0.0   2   2      0.68   5.9e+02   -3.0   0.1   122   133   109   120   107   131 0.82 NZ_ABAM02000001.1_2276 # 2448981 # 2449991 # -1 # ID=2_2276;partial=00;start_type=ATG;rbs_motif=GGAG/GAGG;rbs_spacer=5-10bp;gc_cont=0.573
#
# Program:         hmmsearch
# Version:         3.4 (Aug 2023)
# Pipeline mode:   SEARCH
# Query file:      /Users/dizzler/Projects/School/BIOL4600-Capstone/databases/lineages/enterobacterales_odb10/hmms/12745at91347.hmm
# Target file:     /Users/dizzler/Projects/School/BIOL4600-Capstone/reports/busco-results/GCF_000170215.1_ASM17021v1_genomic.fna/prodigal_output/predicted_genes/predicted.faa
# Option settings: hmmsearch --domtblout /Users/dizzler/Projects/School/BIOL4600-Capstone/reports/busco-results/GCF_000170215.1_ASM17021v1_genomic.fna/run_enterobacterales_odb10/hmmer_output/12745at91347.out --cpu 1 /Users/dizzler/Projects/School/BIOL4600-Capstone/databases/lineages/enterobacterales_odb10/hmms/12745at91347.hmm /Users/dizzler/Projects/School/BIOL4600-Capstone/reports/busco-results/GCF_000170215.1_ASM17021v1_genomic.fna/prodigal_output/predicted_genes/predicted.faa 
# Current dir:     /Users/dizzler/Projects/School/BIOL4600-Capstone
# Date:            Wed Feb 25 22:53:45 2026
# [ok]
