#                                                                                           --- full sequence --- -------------- this domain -------------   hmm coord   ali coord   env coord
# target name                       accession   tlen query name           accession   qlen   E-value  score  bias   #  of  c-Evalue  i-Evalue  score  bias  from    to  from    to  from    to  acc description of target
#               ------------------- ---------- ----- -------------------- ---------- ----- --------- ------ ----- --- --- --------- --------- ------ ----- ----- ----- ----- ----- ----- ----- ---- ---------------------
NZ_ABAM02000001.1:633461-635032|-   -            524 13089at91347         -            442  2.4e-243  805.5  10.2   1   1  5.7e-246  6.2e-243  804.2  10.2     1   442     1   511     1   511 0.94 NZ_ABAM02000001.1_560 # 633461 # 635032 # -1 # ID=2_560;partial=00;start_type=ATG;rbs_motif=AGGA;rbs_spacer=5-10bp;gc_cont=0.548
NZ_ABAM02000001.1:1328798-1330567|+ -            590 13089at91347         -            442     1e-07   29.0   0.1   1   2    0.0019       2.1    4.8   0.0     5    43     3    42     1    46 0.86 NZ_ABAM02000001.1_1190 # 1328798 # 1330567 # 1 # ID=2_1190;partial=00;start_type=ATG;rbs_motif=GGAGG;rbs_spacer=5-10bp;gc_cont=0.633
NZ_ABAM02000001.1:1328798-1330567|+ -            590 13089at91347         -            442     1e-07   29.0   0.1   2   2   1.3e-08   1.4e-05   21.9   0.1   138   229   157   247   138   255 0.88 NZ_ABAM02000001.1_1190 # 1328798 # 1330567 # 1 # ID=2_1190;partial=00;start_type=ATG;rbs_motif=GGAGG;rbs_spacer=5-10bp;gc_cont=0.633
NZ_ABAM02000001.1:3893392-3895161|- -            590 13089at91347         -            442   1.3e-07   28.6   0.1   1   2    0.0025       2.7    4.5   0.0     5    43     3    42     1    46 0.85 NZ_ABAM02000001.1_3598 # 3893392 # 3895161 # -1 # ID=2_3598;partial=00;start_type=ATG;rbs_motif=GGAGG;rbs_spacer=5-10bp;gc_cont=0.636
NZ_ABAM02000001.1:3893392-3895161|- -            590 13089at91347         -            442   1.3e-07   28.6   0.1   2   2   1.3e-08   1.4e-05   21.9   0.1   138   229   157   247   138   255 0.88 NZ_ABAM02000001.1_3598 # 3893392 # 3895161 # -1 # ID=2_3598;partial=00;start_type=ATG;rbs_motif=GGAGG;rbs_spacer=5-10bp;gc_cont=0.636
NZ_ABAM02000001.1:566157-567932|-   -            592 13089at91347         -            442   1.3e-07   28.6   0.1   1   2    0.0025       2.7    4.5   0.0     5    43     3    42     1    46 0.85 NZ_ABAM02000001.1_503 # 566157 # 567932 # -1 # ID=2_503;partial=00;start_type=ATG;rbs_motif=GGAGG;rbs_spacer=5-10bp;gc_cont=0.637
NZ_ABAM02000001.1:566157-567932|-   -            592 13089at91347         -            442   1.3e-07   28.6   0.1   2   2   1.3e-08   1.4e-05   21.9   0.1   138   229   157   247   138   255 0.88 NZ_ABAM02000001.1_503 # 566157 # 567932 # -1 # ID=2_503;partial=00;start_type=ATG;rbs_motif=GGAGG;rbs_spacer=5-10bp;gc_cont=0.637
#
# Program:         hmmsearch
# Version:         3.4 (Aug 2023)
# Pipeline mode:   SEARCH
# Query file:      /Users/dizzler/Projects/School/BIOL4600-Capstone/busco_downloads/lineages/enterobacterales_odb10/hmms/13089at91347.hmm
# Target file:     reports/busco-results/GCF_000170215.1_ASM17021v1_genomic.fna/prodigal_output/predicted_genes/predicted.faa
# Option settings: hmmsearch --domtblout reports/busco-results/GCF_000170215.1_ASM17021v1_genomic.fna/run_enterobacterales_odb10/hmmer_output/13089at91347.out --cpu 1 /Users/dizzler/Projects/School/BIOL4600-Capstone/busco_downloads/lineages/enterobacterales_odb10/hmms/13089at91347.hmm reports/busco-results/GCF_000170215.1_ASM17021v1_genomic.fna/prodigal_output/predicted_genes/predicted.faa 
# Current dir:     /Users/dizzler/Projects/School/BIOL4600-Capstone
# Date:            Sat Feb 21 23:24:46 2026
# [ok]
