#                                                                                           --- full sequence --- -------------- this domain -------------   hmm coord   ali coord   env coord
# target name                       accession   tlen query name           accession   qlen   E-value  score  bias   #  of  c-Evalue  i-Evalue  score  bias  from    to  from    to  from    to  acc description of target
#               ------------------- ---------- ----- -------------------- ---------- ----- --------- ------ ----- --- --- --------- --------- ------ ----- ----- ----- ----- ----- ----- ----- ---- ---------------------
NZ_ABAM02000001.1:1098044-1099429|+ -            462 19461at91347         -            392  3.7e-196  649.7   0.0   1   1  6.1e-199  6.6e-196  648.8   0.0     1   392     1   461     1   461 0.88 NZ_ABAM02000001.1_974 # 1098044 # 1099429 # 1 # ID=2_974;partial=00;start_type=ATG;rbs_motif=GGA/GAG/AGG;rbs_spacer=5-10bp;gc_cont=0.548
NZ_ABAM02000001.1:2708840-2710873|+ -            678 19461at91347         -            392   7.7e-10   36.2   0.5   1   2   7.7e-06    0.0084   13.0   0.1    35   113    21   105     6   124 0.77 NZ_ABAM02000001.1_2523 # 2708840 # 2710873 # 1 # ID=2_2523;partial=00;start_type=ATG;rbs_motif=AGxAG;rbs_spacer=11-12bp;gc_cont=0.551
NZ_ABAM02000001.1:2708840-2710873|+ -            678 19461at91347         -            392   7.7e-10   36.2   0.5   2   2   2.3e-08   2.6e-05   21.3   0.0   222   274   318   368   291   467 0.65 NZ_ABAM02000001.1_2523 # 2708840 # 2710873 # 1 # ID=2_2523;partial=00;start_type=ATG;rbs_motif=AGxAG;rbs_spacer=11-12bp;gc_cont=0.551
NZ_ABAM02000001.1:1208033-1210615|- -            861 19461at91347         -            392   4.5e-09   33.7   0.1   1   2   0.00014      0.15    8.9   0.0    35    60    48    73    21    75 0.89 NZ_ABAM02000001.1_1083 # 1208033 # 1210615 # -1 # ID=2_1083;partial=00;start_type=ATG;rbs_motif=AGGA/GGAG/GAGG;rbs_spacer=11-12bp;gc_cont=0.558
NZ_ABAM02000001.1:1208033-1210615|- -            861 19461at91347         -            392   4.5e-09   33.7   0.1   2   2     1e-08   1.1e-05   22.5   0.0   231   332   612   715   604   757 0.76 NZ_ABAM02000001.1_1083 # 1208033 # 1210615 # -1 # ID=2_1083;partial=00;start_type=ATG;rbs_motif=AGGA/GGAG/GAGG;rbs_spacer=11-12bp;gc_cont=0.558
NZ_ABAM02000001.1:555150-557984|+   -            945 19461at91347         -            392   1.4e-07   28.8   0.3   1   3      0.25   2.8e+02   -1.8   0.0    36    63    65    92    63    94 0.91 NZ_ABAM02000001.1_494 # 555150 # 557984 # 1 # ID=2_494;partial=00;start_type=ATG;rbs_motif=GGA/GAG/AGG;rbs_spacer=5-10bp;gc_cont=0.548
NZ_ABAM02000001.1:555150-557984|+   -            945 19461at91347         -            392   1.4e-07   28.8   0.3   2   3   4.5e-10   4.9e-07   27.0   0.0   222   296   588   662   553   745 0.82 NZ_ABAM02000001.1_494 # 555150 # 557984 # 1 # ID=2_494;partial=00;start_type=ATG;rbs_motif=GGA/GAG/AGG;rbs_spacer=5-10bp;gc_cont=0.548
NZ_ABAM02000001.1:555150-557984|+   -            945 19461at91347         -            392   1.4e-07   28.8   0.3   3   3       1.1   1.2e+03   -3.9   0.1   304   348   819   863   813   871 0.81 NZ_ABAM02000001.1_494 # 555150 # 557984 # 1 # ID=2_494;partial=00;start_type=ATG;rbs_motif=GGA/GAG/AGG;rbs_spacer=5-10bp;gc_cont=0.548
#
# Program:         hmmsearch
# Version:         3.4 (Aug 2023)
# Pipeline mode:   SEARCH
# Query file:      /Users/dizzler/Projects/School/BIOL4600-Capstone/databases/lineages/enterobacterales_odb10/hmms/19461at91347.hmm
# Target file:     /Users/dizzler/Projects/School/BIOL4600-Capstone/reports/busco-results/GCF_000170215.1_ASM17021v1_genomic.fna/prodigal_output/predicted_genes/predicted.faa
# Option settings: hmmsearch --domtblout /Users/dizzler/Projects/School/BIOL4600-Capstone/reports/busco-results/GCF_000170215.1_ASM17021v1_genomic.fna/run_enterobacterales_odb10/hmmer_output/19461at91347.out --cpu 1 /Users/dizzler/Projects/School/BIOL4600-Capstone/databases/lineages/enterobacterales_odb10/hmms/19461at91347.hmm /Users/dizzler/Projects/School/BIOL4600-Capstone/reports/busco-results/GCF_000170215.1_ASM17021v1_genomic.fna/prodigal_output/predicted_genes/predicted.faa 
# Current dir:     /Users/dizzler/Projects/School/BIOL4600-Capstone
# Date:            Wed Feb 25 22:53:45 2026
# [ok]
