#                                                                                           --- full sequence --- -------------- this domain -------------   hmm coord   ali coord   env coord
# target name                       accession   tlen query name           accession   qlen   E-value  score  bias   #  of  c-Evalue  i-Evalue  score  bias  from    to  from    to  from    to  acc description of target
#               ------------------- ---------- ----- -------------------- ---------- ----- --------- ------ ----- --- --- --------- --------- ------ ----- ----- ----- ----- ----- ----- ----- ---- ---------------------
NZ_ABAM02000001.1:2455038-2456810|- -            591 19976at91347         -            505  1.1e-250  830.3   0.0   1   1    4e-252  4.4e-249  825.0   0.0     1   505     1   586     1   586 0.88 NZ_ABAM02000001.1_2283 # 2455038 # 2456810 # -1 # ID=2_2283;partial=00;start_type=ATG;rbs_motif=GGA/GAG/AGG;rbs_spacer=5-10bp;gc_cont=0.563
NZ_ABAM02000001.1:3572955-3574472|- -            506 19976at91347         -            505   1.1e-38  130.9   0.1   1   2   3.4e-28   3.7e-25   86.3   0.0    13   239    63   306    56   359 0.72 NZ_ABAM02000001.1_3289 # 3572955 # 3574472 # -1 # ID=2_3289;partial=00;start_type=ATG;rbs_motif=GGAG/GAGG;rbs_spacer=5-10bp;gc_cont=0.542
NZ_ABAM02000001.1:3572955-3574472|- -            506 19976at91347         -            505   1.1e-38  130.9   0.1   2   2   8.1e-15   8.8e-12   42.1   0.0   395   478   410   500   403   503 0.72 NZ_ABAM02000001.1_3289 # 3572955 # 3574472 # -1 # ID=2_3289;partial=00;start_type=ATG;rbs_motif=GGAG/GAGG;rbs_spacer=5-10bp;gc_cont=0.542
NZ_ABAM02000001.1:231500-232477|+   -            326 19976at91347         -            505   2.2e-22   77.1   0.1   1   2   8.8e-16   9.6e-13   45.3   0.0   114   276    13   183     9   204 0.81 NZ_ABAM02000001.1_200 # 231500 # 232477 # 1 # ID=2_200;partial=00;start_type=ATG;rbs_motif=GGAG/GAGG;rbs_spacer=5-10bp;gc_cont=0.539
NZ_ABAM02000001.1:231500-232477|+   -            326 19976at91347         -            505   2.2e-22   77.1   0.1   2   2   3.5e-11   3.8e-08   30.1   0.0   437   477   281   321   209   325 0.86 NZ_ABAM02000001.1_200 # 231500 # 232477 # 1 # ID=2_200;partial=00;start_type=ATG;rbs_motif=GGAG/GAGG;rbs_spacer=5-10bp;gc_cont=0.539
NZ_ABAM02000001.1:1546734-1548134|- -            467 19976at91347         -            505   5.6e-20   69.2   0.0   1   2   6.4e-11     7e-08   29.3   0.0    13   246    15   285    10   296 0.65 NZ_ABAM02000001.1_1383 # 1546734 # 1548134 # -1 # ID=2_1383;partial=00;start_type=ATG;rbs_motif=GGA/GAG/AGG;rbs_spacer=5-10bp;gc_cont=0.550
NZ_ABAM02000001.1:1546734-1548134|- -            467 19976at91347         -            505   5.6e-20   69.2   0.0   2   2   9.8e-13   1.1e-09   35.3   0.0   398   481   379   462   354   466 0.83 NZ_ABAM02000001.1_1383 # 1546734 # 1548134 # -1 # ID=2_1383;partial=00;start_type=ATG;rbs_motif=GGA/GAG/AGG;rbs_spacer=5-10bp;gc_cont=0.550
#
# Program:         hmmsearch
# Version:         3.4 (Aug 2023)
# Pipeline mode:   SEARCH
# Query file:      /Users/dizzler/Projects/School/BIOL4600-Capstone/databases/lineages/enterobacterales_odb10/hmms/19976at91347.hmm
# Target file:     /Users/dizzler/Projects/School/BIOL4600-Capstone/reports/busco-results/GCF_000170215.1_ASM17021v1_genomic.fna/prodigal_output/predicted_genes/predicted.faa
# Option settings: hmmsearch --domtblout /Users/dizzler/Projects/School/BIOL4600-Capstone/reports/busco-results/GCF_000170215.1_ASM17021v1_genomic.fna/run_enterobacterales_odb10/hmmer_output/19976at91347.out --cpu 1 /Users/dizzler/Projects/School/BIOL4600-Capstone/databases/lineages/enterobacterales_odb10/hmms/19976at91347.hmm /Users/dizzler/Projects/School/BIOL4600-Capstone/reports/busco-results/GCF_000170215.1_ASM17021v1_genomic.fna/prodigal_output/predicted_genes/predicted.faa 
# Current dir:     /Users/dizzler/Projects/School/BIOL4600-Capstone
# Date:            Wed Feb 25 22:53:45 2026
# [ok]
