#                                                                                           --- full sequence --- -------------- this domain -------------   hmm coord   ali coord   env coord
# target name                       accession   tlen query name           accession   qlen   E-value  score  bias   #  of  c-Evalue  i-Evalue  score  bias  from    to  from    to  from    to  acc description of target
#               ------------------- ---------- ----- -------------------- ---------- ----- --------- ------ ----- --- --- --------- --------- ------ ----- ----- ----- ----- ----- ----- ----- ---- ---------------------
NZ_ABAM02000001.1:4666924-4668255|- -            444 22118at91347         -            397  1.7e-234  776.0   8.1   1   1  1.3e-235    7e-233  770.7   8.1     1   397     1   443     1   443 0.96 NZ_ABAM02000001.1_4308 # 4666924 # 4668255 # -1 # ID=2_4308;partial=00;start_type=ATG;rbs_motif=AGGA;rbs_spacer=5-10bp;gc_cont=0.532
NZ_ABAM02000001.1:1003018-1004289|+ -            424 22118at91347         -            397   9.5e-49  164.4   0.5   1   3   7.9e-24   4.3e-21   73.3   0.0     5    99    66   167    63   175 0.87 NZ_ABAM02000001.1_887 # 1003018 # 1004289 # 1 # ID=2_887;partial=00;start_type=ATG;rbs_motif=GGAG/GAGG;rbs_spacer=5-10bp;gc_cont=0.531
NZ_ABAM02000001.1:1003018-1004289|+ -            424 22118at91347         -            397   9.5e-49  164.4   0.5   2   3     4e-13   2.2e-10   38.0   0.0   217   280   176   255   171   262 0.76 NZ_ABAM02000001.1_887 # 1003018 # 1004289 # 1 # ID=2_887;partial=00;start_type=ATG;rbs_motif=GGAG/GAGG;rbs_spacer=5-10bp;gc_cont=0.531
NZ_ABAM02000001.1:1003018-1004289|+ -            424 22118at91347         -            397   9.5e-49  164.4   0.5   3   3     1e-16   5.7e-14   49.8   0.0   280   372   299   386   271   411 0.81 NZ_ABAM02000001.1_887 # 1003018 # 1004289 # 1 # ID=2_887;partial=00;start_type=ATG;rbs_motif=GGAG/GAGG;rbs_spacer=5-10bp;gc_cont=0.531
NZ_ABAM02000001.1:3838039-3839973|- -            645 22118at91347         -            397   4.4e-08   30.4   0.3   1   3   1.9e-09     1e-06   25.9   0.0    15   103   155   242   142   245 0.79 NZ_ABAM02000001.1_3541 # 3838039 # 3839973 # -1 # ID=2_3541;partial=00;start_type=ATG;rbs_motif=GGA/GAG/AGG;rbs_spacer=3-4bp;gc_cont=0.559
NZ_ABAM02000001.1:3838039-3839973|- -            645 22118at91347         -            397   4.4e-08   30.4   0.3   2   3     0.042        23    1.8   0.0   220   237   246   263   240   281 0.86 NZ_ABAM02000001.1_3541 # 3838039 # 3839973 # -1 # ID=2_3541;partial=00;start_type=ATG;rbs_motif=GGA/GAG/AGG;rbs_spacer=3-4bp;gc_cont=0.559
NZ_ABAM02000001.1:3838039-3839973|- -            645 22118at91347         -            397   4.4e-08   30.4   0.3   3   3       1.6   8.6e+02   -3.4   0.0   293   328   547   585   543   594 0.75 NZ_ABAM02000001.1_3541 # 3838039 # 3839973 # -1 # ID=2_3541;partial=00;start_type=ATG;rbs_motif=GGA/GAG/AGG;rbs_spacer=3-4bp;gc_cont=0.559
NZ_ABAM02000001.1:3211618-3214191|- -            858 22118at91347         -            397   5.3e-07   26.9   0.1   1   2    0.0059       3.2    4.6   0.1    33    66   189   221   172   227 0.80 NZ_ABAM02000001.1_2963 # 3211618 # 3214191 # -1 # ID=2_2963;partial=00;start_type=ATG;rbs_motif=GGAGG;rbs_spacer=3-4bp;gc_cont=0.530
NZ_ABAM02000001.1:3211618-3214191|- -            858 22118at91347         -            397   5.3e-07   26.9   0.1   2   2   2.3e-07   0.00012   19.1   0.0    12    86   568   643   561   649 0.77 NZ_ABAM02000001.1_2963 # 3211618 # 3214191 # -1 # ID=2_2963;partial=00;start_type=ATG;rbs_motif=GGAGG;rbs_spacer=3-4bp;gc_cont=0.530
NZ_ABAM02000001.1:1478631-1480907|+ -            759 22118at91347         -            397   3.7e-06   24.1   0.4   1   4     0.006       3.2    4.5   0.0    44    65   207   228   193   246 0.81 NZ_ABAM02000001.1_1332 # 1478631 # 1480907 # 1 # ID=2_1332;partial=00;start_type=ATG;rbs_motif=GGAGG;rbs_spacer=5-10bp;gc_cont=0.542
NZ_ABAM02000001.1:1478631-1480907|+ -            759 22118at91347         -            397   3.7e-06   24.1   0.4   2   4      0.18        99   -0.3   0.0   215   232   273   292   263   318 0.72 NZ_ABAM02000001.1_1332 # 1478631 # 1480907 # 1 # ID=2_1332;partial=00;start_type=ATG;rbs_motif=GGAGG;rbs_spacer=5-10bp;gc_cont=0.542
NZ_ABAM02000001.1:1478631-1480907|+ -            759 22118at91347         -            397   3.7e-06   24.1   0.4   3   4       1.6   8.6e+02   -3.4   0.0   197   219   383   405   352   407 0.77 NZ_ABAM02000001.1_1332 # 1478631 # 1480907 # 1 # ID=2_1332;partial=00;start_type=ATG;rbs_motif=GGAGG;rbs_spacer=5-10bp;gc_cont=0.542
NZ_ABAM02000001.1:1478631-1480907|+ -            759 22118at91347         -            397   3.7e-06   24.1   0.4   4   4   3.7e-06     0.002   15.1   0.0    11    82   457   526   452   536 0.78 NZ_ABAM02000001.1_1332 # 1478631 # 1480907 # 1 # ID=2_1332;partial=00;start_type=ATG;rbs_motif=GGAGG;rbs_spacer=5-10bp;gc_cont=0.542
NZ_ABAM02000001.1:4014898-4015419|- -            174 22118at91347         -            397   0.00052   17.0   0.2   1   1   1.2e-06   0.00065   16.7   0.2    45   175     5   147     2   171 0.64 NZ_ABAM02000001.1_3729 # 4014898 # 4015419 # -1 # ID=2_3729;partial=00;start_type=ATG;rbs_motif=AGxAG;rbs_spacer=5-10bp;gc_cont=0.502
NZ_ABAM02000001.1:4057318-4058901|+ -            528 22118at91347         -            397      0.03   11.2   0.0   1   1   9.7e-05     0.053   10.4   0.0    26    75   186   245   182   252 0.66 NZ_ABAM02000001.1_3763 # 4057318 # 4058901 # 1 # ID=2_3763;partial=00;start_type=ATG;rbs_motif=AGGA;rbs_spacer=5-10bp;gc_cont=0.598
NZ_ABAM02000001.1:249036-249986|+   -            317 22118at91347         -            397     0.035   11.0   0.0   1   1   0.00011     0.057   10.3   0.0    43    77     9    43     1    55 0.88 NZ_ABAM02000001.1_213 # 249036 # 249986 # 1 # ID=2_213;partial=00;start_type=ATG;rbs_motif=None;rbs_spacer=None;gc_cont=0.545
#
# Program:         hmmsearch
# Version:         3.4 (Aug 2023)
# Pipeline mode:   SEARCH
# Query file:      /Users/dizzler/Projects/School/BIOL4600-Capstone/databases/lineages/enterobacterales_odb10/hmms/22118at91347.hmm
# Target file:     /Users/dizzler/Projects/School/BIOL4600-Capstone/reports/busco-results/GCF_000170215.1_ASM17021v1_genomic.fna/prodigal_output/predicted_genes/predicted.faa
# Option settings: hmmsearch --domtblout /Users/dizzler/Projects/School/BIOL4600-Capstone/reports/busco-results/GCF_000170215.1_ASM17021v1_genomic.fna/run_enterobacterales_odb10/hmmer_output/22118at91347.out --cpu 1 /Users/dizzler/Projects/School/BIOL4600-Capstone/databases/lineages/enterobacterales_odb10/hmms/22118at91347.hmm /Users/dizzler/Projects/School/BIOL4600-Capstone/reports/busco-results/GCF_000170215.1_ASM17021v1_genomic.fna/prodigal_output/predicted_genes/predicted.faa 
# Current dir:     /Users/dizzler/Projects/School/BIOL4600-Capstone
# Date:            Wed Feb 25 22:53:45 2026
# [ok]
