#                                                                                           --- full sequence --- -------------- this domain -------------   hmm coord   ali coord   env coord
# target name                       accession   tlen query name           accession   qlen   E-value  score  bias   #  of  c-Evalue  i-Evalue  score  bias  from    to  from    to  from    to  acc description of target
#               ------------------- ---------- ----- -------------------- ---------- ----- --------- ------ ----- --- --- --------- --------- ------ ----- ----- ----- ----- ----- ----- ----- ---- ---------------------
NZ_ABAM02000001.1:3520632-3524177|- -           1182 2325at91347          -            955         0 1327.7   0.0   1   2         0         0 1019.2   0.0     2   731     7   846     6   850 0.88 NZ_ABAM02000001.1_3245 # 3520632 # 3524177 # -1 # ID=2_3245;partial=00;start_type=ATG;rbs_motif=GGA/GAG/AGG;rbs_spacer=5-10bp;gc_cont=0.559
NZ_ABAM02000001.1:3520632-3524177|- -           1182 2325at91347          -            955         0 1327.7   0.0   2   2     2e-93   2.1e-90  301.9   0.0   731   954   898  1173   880  1174 0.84 NZ_ABAM02000001.1_3245 # 3520632 # 3524177 # -1 # ID=2_3245;partial=00;start_type=ATG;rbs_motif=GGA/GAG/AGG;rbs_spacer=5-10bp;gc_cont=0.559
NZ_ABAM02000001.1:4487767-4489791|+ -            675 2325at91347          -            955   7.9e-26   88.2   0.4   1   3   5.6e-05     0.061    9.2   0.1    11    75    15    71     9    92 0.87 NZ_ABAM02000001.1_4137 # 4487767 # 4489791 # 1 # ID=2_4137;partial=00;start_type=ATG;rbs_motif=GGA/GAG/AGG;rbs_spacer=5-10bp;gc_cont=0.532
NZ_ABAM02000001.1:4487767-4489791|+ -            675 2325at91347          -            955   7.9e-26   88.2   0.4   2   3     3e-17   3.3e-14   49.8   0.0   286   524   178   408   171   431 0.75 NZ_ABAM02000001.1_4137 # 4487767 # 4489791 # 1 # ID=2_4137;partial=00;start_type=ATG;rbs_motif=GGA/GAG/AGG;rbs_spacer=5-10bp;gc_cont=0.532
NZ_ABAM02000001.1:4487767-4489791|+ -            675 2325at91347          -            955   7.9e-26   88.2   0.4   3   3   1.6e-08   1.7e-05   20.9   0.0   627   709   540   612   496   639 0.79 NZ_ABAM02000001.1_4137 # 4487767 # 4489791 # 1 # ID=2_4137;partial=00;start_type=ATG;rbs_motif=GGA/GAG/AGG;rbs_spacer=5-10bp;gc_cont=0.532
NZ_ABAM02000001.1:4523546-4525708|+ -            721 2325at91347          -            955   3.1e-25   86.3   0.1   1   4   2.2e-05     0.023   10.5   0.0    13    74    24    77    17   106 0.81 NZ_ABAM02000001.1_4172 # 4523546 # 4525708 # 1 # ID=2_4172;partial=00;start_type=ATG;rbs_motif=GGxGG;rbs_spacer=5-10bp;gc_cont=0.578
NZ_ABAM02000001.1:4523546-4525708|+ -            721 2325at91347          -            955   3.1e-25   86.3   0.1   2   4   2.8e-17     3e-14   49.9   0.1   273   392   170   297   160   300 0.81 NZ_ABAM02000001.1_4172 # 4523546 # 4525708 # 1 # ID=2_4172;partial=00;start_type=ATG;rbs_motif=GGxGG;rbs_spacer=5-10bp;gc_cont=0.578
NZ_ABAM02000001.1:4523546-4525708|+ -            721 2325at91347          -            955   3.1e-25   86.3   0.1   3   4     0.079        86   -1.3   0.0   461   542   350   431   345   443 0.79 NZ_ABAM02000001.1_4172 # 4523546 # 4525708 # 1 # ID=2_4172;partial=00;start_type=ATG;rbs_motif=GGxGG;rbs_spacer=5-10bp;gc_cont=0.578
NZ_ABAM02000001.1:4523546-4525708|+ -            721 2325at91347          -            955   3.1e-25   86.3   0.1   4   4   1.9e-08   2.1e-05   20.6   0.0   633   709   548   615   483   625 0.76 NZ_ABAM02000001.1_4172 # 4523546 # 4525708 # 1 # ID=2_4172;partial=00;start_type=ATG;rbs_motif=GGxGG;rbs_spacer=5-10bp;gc_cont=0.578
NZ_ABAM02000001.1:1575848-1577902|+ -            685 2325at91347          -            955   5.5e-13   45.7   0.1   1   3   0.00043      0.47    6.2   0.0    14    81   212   271   202   292 0.76 NZ_ABAM02000001.1_1405 # 1575848 # 1577902 # 1 # ID=2_1405;partial=00;start_type=ATG;rbs_motif=GGA/GAG/AGG;rbs_spacer=11-12bp;gc_cont=0.554
NZ_ABAM02000001.1:1575848-1577902|+ -            685 2325at91347          -            955   5.5e-13   45.7   0.1   2   3   1.5e-08   1.7e-05   21.0   0.0   312   389   429   513   298   520 0.80 NZ_ABAM02000001.1_1405 # 1575848 # 1577902 # 1 # ID=2_1405;partial=00;start_type=ATG;rbs_motif=GGA/GAG/AGG;rbs_spacer=11-12bp;gc_cont=0.554
NZ_ABAM02000001.1:1575848-1577902|+ -            685 2325at91347          -            955   5.5e-13   45.7   0.1   3   3     1e-06    0.0011   15.0   0.0   635   705   585   658   535   662 0.77 NZ_ABAM02000001.1_1405 # 1575848 # 1577902 # 1 # ID=2_1405;partial=00;start_type=ATG;rbs_motif=GGA/GAG/AGG;rbs_spacer=11-12bp;gc_cont=0.554
#
# Program:         hmmsearch
# Version:         3.4 (Aug 2023)
# Pipeline mode:   SEARCH
# Query file:      /Users/dizzler/Projects/School/BIOL4600-Capstone/busco_downloads/lineages/enterobacterales_odb10/hmms/2325at91347.hmm
# Target file:     reports/busco-results/GCF_000170215.1_ASM17021v1_genomic.fna/prodigal_output/predicted_genes/predicted.faa
# Option settings: hmmsearch --domtblout reports/busco-results/GCF_000170215.1_ASM17021v1_genomic.fna/run_enterobacterales_odb10/hmmer_output/2325at91347.out --cpu 1 /Users/dizzler/Projects/School/BIOL4600-Capstone/busco_downloads/lineages/enterobacterales_odb10/hmms/2325at91347.hmm reports/busco-results/GCF_000170215.1_ASM17021v1_genomic.fna/prodigal_output/predicted_genes/predicted.faa 
# Current dir:     /Users/dizzler/Projects/School/BIOL4600-Capstone
# Date:            Sat Feb 21 23:24:47 2026
# [ok]
