#                                                                                           --- full sequence --- -------------- this domain -------------   hmm coord   ali coord   env coord
# target name                       accession   tlen query name           accession   qlen   E-value  score  bias   #  of  c-Evalue  i-Evalue  score  bias  from    to  from    to  from    to  acc description of target
#               ------------------- ---------- ----- -------------------- ---------- ----- --------- ------ ----- --- --- --------- --------- ------ ----- ----- ----- ----- ----- ----- ----- ---- ---------------------
NZ_ABAM02000001.1:2282995-2284188|+ -            398 33224at91347         -            349  4.6e-207  684.7   0.1   1   1  7.1e-210  6.2e-207  684.3   0.1     1   349     3   387     3   387 0.95 NZ_ABAM02000001.1_2111 # 2282995 # 2284188 # 1 # ID=2_2111;partial=00;start_type=ATG;rbs_motif=AGGA;rbs_spacer=5-10bp;gc_cont=0.564
NZ_ABAM02000001.1:3010120-3011031|- -            304 33224at91347         -            349   2.4e-06   24.6   0.1   1   2   5.6e-07   0.00049   17.0   0.0    43   149    10   116     2   133 0.83 NZ_ABAM02000001.1_2801 # 3010120 # 3011031 # -1 # ID=2_2801;partial=00;start_type=GTG;rbs_motif=GGA/GAG/AGG;rbs_spacer=5-10bp;gc_cont=0.568
NZ_ABAM02000001.1:3010120-3011031|- -            304 33224at91347         -            349   2.4e-06   24.6   0.1   2   2    0.0016       1.4    5.6   0.0   306   348   245   289   226   290 0.81 NZ_ABAM02000001.1_2801 # 3010120 # 3011031 # -1 # ID=2_2801;partial=00;start_type=GTG;rbs_motif=GGA/GAG/AGG;rbs_spacer=5-10bp;gc_cont=0.568
NZ_ABAM02000001.1:3785082-3786071|- -            330 33224at91347         -            349   1.7e-05   21.8   1.6   1   2   2.4e-07    0.0002   18.3   0.0    44   122    28   106    12   118 0.87 NZ_ABAM02000001.1_3491 # 3785082 # 3786071 # -1 # ID=2_3491;partial=00;start_type=ATG;rbs_motif=GGAG/GAGG;rbs_spacer=5-10bp;gc_cont=0.465
NZ_ABAM02000001.1:3785082-3786071|- -            330 33224at91347         -            349   1.7e-05   21.8   1.6   2   2     0.013        11    2.7   0.3   189   233   162   211   140   237 0.72 NZ_ABAM02000001.1_3491 # 3785082 # 3786071 # -1 # ID=2_3491;partial=00;start_type=ATG;rbs_motif=GGAG/GAGG;rbs_spacer=5-10bp;gc_cont=0.465
NZ_ABAM02000001.1:3002352-3003323|+ -            324 33224at91347         -            349    0.0056   13.5   0.0   1   2     0.036        31    1.2   0.0    95   173    66   141    58   192 0.71 NZ_ABAM02000001.1_2792 # 3002352 # 3003323 # 1 # ID=2_2792;partial=00;start_type=ATG;rbs_motif=AGGA;rbs_spacer=5-10bp;gc_cont=0.536
NZ_ABAM02000001.1:3002352-3003323|+ -            324 33224at91347         -            349    0.0056   13.5   0.0   2   2   6.6e-05     0.058   10.2   0.0   294   343   246   304   236   310 0.73 NZ_ABAM02000001.1_2792 # 3002352 # 3003323 # 1 # ID=2_2792;partial=00;start_type=ATG;rbs_motif=AGGA;rbs_spacer=5-10bp;gc_cont=0.536
NZ_ABAM02000001.1:4481844-4483388|+ -            515 33224at91347         -            349     0.023   11.5   0.2   1   1     5e-05     0.043   10.6   0.2    40   126    28   114    14   218 0.78 NZ_ABAM02000001.1_4132 # 4481844 # 4483388 # 1 # ID=2_4132;partial=00;start_type=ATG;rbs_motif=GGAGG;rbs_spacer=5-10bp;gc_cont=0.573
#
# Program:         hmmsearch
# Version:         3.4 (Aug 2023)
# Pipeline mode:   SEARCH
# Query file:      /Users/dizzler/Projects/School/BIOL4600-Capstone/databases/lineages/enterobacterales_odb10/hmms/33224at91347.hmm
# Target file:     /Users/dizzler/Projects/School/BIOL4600-Capstone/reports/busco-results/GCF_000170215.1_ASM17021v1_genomic.fna/prodigal_output/predicted_genes/predicted.faa
# Option settings: hmmsearch --domtblout /Users/dizzler/Projects/School/BIOL4600-Capstone/reports/busco-results/GCF_000170215.1_ASM17021v1_genomic.fna/run_enterobacterales_odb10/hmmer_output/33224at91347.out --cpu 1 /Users/dizzler/Projects/School/BIOL4600-Capstone/databases/lineages/enterobacterales_odb10/hmms/33224at91347.hmm /Users/dizzler/Projects/School/BIOL4600-Capstone/reports/busco-results/GCF_000170215.1_ASM17021v1_genomic.fna/prodigal_output/predicted_genes/predicted.faa 
# Current dir:     /Users/dizzler/Projects/School/BIOL4600-Capstone
# Date:            Wed Feb 25 22:53:45 2026
# [ok]
