#                                                                                           --- full sequence --- -------------- this domain -------------   hmm coord   ali coord   env coord
# target name                       accession   tlen query name           accession   qlen   E-value  score  bias   #  of  c-Evalue  i-Evalue  score  bias  from    to  from    to  from    to  acc description of target
#               ------------------- ---------- ----- -------------------- ---------- ----- --------- ------ ----- --- --- --------- --------- ------ ----- ----- ----- ----- ----- ----- ----- ---- ---------------------
NZ_ABAM02000001.1:766705-767730|+   -            342 34836at91347         -            291  6.4e-156  515.8  25.1   1   1    7e-156  3.1e-153  507.0  25.1     1   291     1   336     1   336 0.92 NZ_ABAM02000001.1_673 # 766705 # 767730 # 1 # ID=2_673;partial=00;start_type=ATG;rbs_motif=GGA/GAG/AGG;rbs_spacer=11-12bp;gc_cont=0.519
NZ_ABAM02000001.1:768295-769083|+   -            263 34836at91347         -            291   4.8e-13   46.9  11.6   1   1   1.7e-15   7.3e-13   46.3  11.6    81   254     9   181     4   192 0.90 NZ_ABAM02000001.1_675 # 768295 # 769083 # 1 # ID=2_675;partial=00;start_type=GTG;rbs_motif=GGAGG;rbs_spacer=5-10bp;gc_cont=0.534
NZ_ABAM02000001.1:54778-55254|-     -            159 34836at91347         -            291   1.4e-07   28.9   3.5   1   1   3.4e-10   1.5e-07   28.9   3.5   185   272    63   157    24   158 0.85 NZ_ABAM02000001.1_44 # 54778 # 55254 # -1 # ID=2_44;partial=00;start_type=ATG;rbs_motif=None;rbs_spacer=None;gc_cont=0.340
NZ_ABAM02000001.1:4439142-4440512|- -            457 34836at91347         -            291   4.6e-07   27.2  10.8   1   1   5.6e-09   2.4e-06   24.9  10.8    77   214   271   427   264   434 0.70 NZ_ABAM02000001.1_4097 # 4439142 # 4440512 # -1 # ID=2_4097;partial=00;start_type=ATG;rbs_motif=AGGA;rbs_spacer=5-10bp;gc_cont=0.530
NZ_ABAM02000001.1:2159982-2160962|+ -            327 34836at91347         -            291   5.4e-07   27.0   6.7   1   2   2.4e-05      0.01   13.0   0.2    74   132    68   127    61   166 0.83 NZ_ABAM02000001.1_1996 # 2159982 # 2160962 # 1 # ID=2_1996;partial=00;start_type=ATG;rbs_motif=GGA/GAG/AGG;rbs_spacer=5-10bp;gc_cont=0.516
NZ_ABAM02000001.1:2159982-2160962|+ -            327 34836at91347         -            291   5.4e-07   27.0   6.7   2   2   2.6e-06    0.0011   16.1   2.3   181   250   231   295   154   311 0.63 NZ_ABAM02000001.1_1996 # 2159982 # 2160962 # 1 # ID=2_1996;partial=00;start_type=ATG;rbs_motif=GGA/GAG/AGG;rbs_spacer=5-10bp;gc_cont=0.516
NZ_ABAM02000001.1:2656580-2657068|- -            163 34836at91347         -            291   3.6e-05   21.0  11.8   1   2   7.2e-07   0.00031   17.9   3.2    57   137    47   141    22   144 0.71 NZ_ABAM02000001.1_2482 # 2656580 # 2657068 # -1 # ID=2_2482;partial=00;start_type=ATG;rbs_motif=GGxGG;rbs_spacer=5-10bp;gc_cont=0.564
NZ_ABAM02000001.1:2656580-2657068|- -            163 34836at91347         -            291   3.6e-05   21.0  11.8   2   2   6.7e-06    0.0029   14.8   1.4   180   234    88   143    86   159 0.78 NZ_ABAM02000001.1_2482 # 2656580 # 2657068 # -1 # ID=2_2482;partial=00;start_type=ATG;rbs_motif=GGxGG;rbs_spacer=5-10bp;gc_cont=0.564
NZ_ABAM02000001.1:1026336-1026887|- -            184 34836at91347         -            291    0.0011   16.1   3.5   1   2      0.23     1e+02   -0.1   0.0   216   229    92   105    62   119 0.58 NZ_ABAM02000001.1_908 # 1026336 # 1026887 # -1 # ID=2_908;partial=00;start_type=ATG;rbs_motif=GGAG/GAGG;rbs_spacer=5-10bp;gc_cont=0.491
NZ_ABAM02000001.1:1026336-1026887|- -            184 34836at91347         -            291    0.0011   16.1   3.5   2   2   4.7e-06     0.002   15.3   2.7   216   258   128   169    93   182 0.73 NZ_ABAM02000001.1_908 # 1026336 # 1026887 # -1 # ID=2_908;partial=00;start_type=ATG;rbs_motif=GGAG/GAGG;rbs_spacer=5-10bp;gc_cont=0.491
NZ_ABAM02000001.1:3945781-3946335|+ -            185 34836at91347         -            291    0.0061   13.7   7.9   1   1   0.00014     0.059   10.5   7.9   124   235    14   133     8   137 0.74 NZ_ABAM02000001.1_3642 # 3945781 # 3946335 # 1 # ID=2_3642;partial=00;start_type=ATG;rbs_motif=GGAG/GAGG;rbs_spacer=5-10bp;gc_cont=0.505
NZ_ABAM02000001.1:4266796-4267617|- -            274 34836at91347         -            291     0.018   12.2   2.1   1   1   6.6e-05     0.029   11.5   2.1   159   265   135   240   121   245 0.59 NZ_ABAM02000001.1_3938 # 4266796 # 4267617 # -1 # ID=2_3938;partial=00;start_type=ATG;rbs_motif=GGAG/GAGG;rbs_spacer=5-10bp;gc_cont=0.557
NZ_ABAM02000001.1:582314-582910|-   -            199 34836at91347         -            291      0.22    8.6  10.0   1   1    0.0012      0.53    7.3  10.2   157   251    26   122    19   130 0.82 NZ_ABAM02000001.1_517 # 582314 # 582910 # -1 # ID=2_517;partial=00;start_type=ATG;rbs_motif=GGAG/GAGG;rbs_spacer=5-10bp;gc_cont=0.559
#
# Program:         hmmsearch
# Version:         3.4 (Aug 2023)
# Pipeline mode:   SEARCH
# Query file:      /Users/dizzler/Projects/School/BIOL4600-Capstone/databases/lineages/enterobacterales_odb10/hmms/34836at91347.hmm
# Target file:     /Users/dizzler/Projects/School/BIOL4600-Capstone/reports/busco-results/GCF_000170215.1_ASM17021v1_genomic.fna/prodigal_output/predicted_genes/predicted.faa
# Option settings: hmmsearch --domtblout /Users/dizzler/Projects/School/BIOL4600-Capstone/reports/busco-results/GCF_000170215.1_ASM17021v1_genomic.fna/run_enterobacterales_odb10/hmmer_output/34836at91347.out --cpu 1 /Users/dizzler/Projects/School/BIOL4600-Capstone/databases/lineages/enterobacterales_odb10/hmms/34836at91347.hmm /Users/dizzler/Projects/School/BIOL4600-Capstone/reports/busco-results/GCF_000170215.1_ASM17021v1_genomic.fna/prodigal_output/predicted_genes/predicted.faa 
# Current dir:     /Users/dizzler/Projects/School/BIOL4600-Capstone
# Date:            Wed Feb 25 22:53:45 2026
# [ok]
