#                                                                                           --- full sequence --- -------------- this domain -------------   hmm coord   ali coord   env coord
# target name                       accession   tlen query name           accession   qlen   E-value  score  bias   #  of  c-Evalue  i-Evalue  score  bias  from    to  from    to  from    to  acc description of target
#               ------------------- ---------- ----- -------------------- ---------- ----- --------- ------ ----- --- --- --------- --------- ------ ----- ----- ----- ----- ----- ----- ----- ---- ---------------------
NZ_ABAM02000001.1:2936476-2937744|- -            423 48197at91347         -            361  1.8e-170  564.5   0.0   1   1  9.4e-172  6.8e-169  559.4   0.0     1   360     7   413     7   414 0.90 NZ_ABAM02000001.1_2731 # 2936476 # 2937744 # -1 # ID=2_2731;partial=00;start_type=ATG;rbs_motif=AGxAG;rbs_spacer=5-10bp;gc_cont=0.585
NZ_ABAM02000001.1:644773-646260|+   -            496 48197at91347         -            361     0.003   14.4   0.5   1   3     0.072        52    0.5   0.0   251   319    27    97    20   109 0.79 NZ_ABAM02000001.1_569 # 644773 # 646260 # 1 # ID=2_569;partial=00;start_type=GTG;rbs_motif=GGAG/GAGG;rbs_spacer=5-10bp;gc_cont=0.587
NZ_ABAM02000001.1:644773-646260|+   -            496 48197at91347         -            361     0.003   14.4   0.5   2   3    0.0012      0.88    6.3   0.4    43    61   110   128    93   140 0.87 NZ_ABAM02000001.1_569 # 644773 # 646260 # 1 # ID=2_569;partial=00;start_type=GTG;rbs_motif=GGAG/GAGG;rbs_spacer=5-10bp;gc_cont=0.587
NZ_ABAM02000001.1:644773-646260|+   -            496 48197at91347         -            361     0.003   14.4   0.5   3   3      0.01       7.5    3.2   0.0   252   295   340   391   308   468 0.77 NZ_ABAM02000001.1_569 # 644773 # 646260 # 1 # ID=2_569;partial=00;start_type=GTG;rbs_motif=GGAG/GAGG;rbs_spacer=5-10bp;gc_cont=0.587
NZ_ABAM02000001.1:648694-650010|+   -            439 48197at91347         -            361    0.0066   13.3   0.5   1   2   0.00023      0.17    8.7   0.6    30    73    91   136    81   140 0.81 NZ_ABAM02000001.1_572 # 648694 # 650010 # 1 # ID=2_572;partial=00;start_type=ATG;rbs_motif=GGA/GAG/AGG;rbs_spacer=5-10bp;gc_cont=0.582
NZ_ABAM02000001.1:648694-650010|+   -            439 48197at91347         -            361    0.0066   13.3   0.5   2   2     0.021        15    2.3   0.0   119   195   143   217   138   241 0.80 NZ_ABAM02000001.1_572 # 648694 # 650010 # 1 # ID=2_572;partial=00;start_type=ATG;rbs_motif=GGA/GAG/AGG;rbs_spacer=5-10bp;gc_cont=0.582
NZ_ABAM02000001.1:652437-653912|+   -            492 48197at91347         -            361    0.0081   13.0   0.1   1   2   0.00092      0.67    6.7   0.0    43    69   120   146    96   150 0.79 NZ_ABAM02000001.1_575 # 652437 # 653912 # 1 # ID=2_575;partial=00;start_type=ATG;rbs_motif=4Base/6BMM;rbs_spacer=13-15bp;gc_cont=0.564
NZ_ABAM02000001.1:652437-653912|+   -            492 48197at91347         -            361    0.0081   13.0   0.1   2   2    0.0068       4.9    3.8   0.0   149   171   186   208   175   214 0.81 NZ_ABAM02000001.1_575 # 652437 # 653912 # 1 # ID=2_575;partial=00;start_type=ATG;rbs_motif=4Base/6BMM;rbs_spacer=13-15bp;gc_cont=0.564
NZ_ABAM02000001.1:517383-517727|+   -            115 48197at91347         -            361      0.01   12.7   0.1   1   1   1.4e-05      0.01   12.7   0.1    95   141    45    91     9    98 0.90 NZ_ABAM02000001.1_463 # 517383 # 517727 # 1 # ID=2_463;partial=00;start_type=ATG;rbs_motif=GGAG/GAGG;rbs_spacer=5-10bp;gc_cont=0.406
NZ_ABAM02000001.1:302165-303544|+   -            460 48197at91347         -            361     0.048   10.5   0.0   1   1   0.00012     0.087    9.6   0.0    41    72   102   133    96   137 0.89 NZ_ABAM02000001.1_268 # 302165 # 303544 # 1 # ID=2_268;partial=00;start_type=ATG;rbs_motif=AGGA;rbs_spacer=5-10bp;gc_cont=0.586
#
# Program:         hmmsearch
# Version:         3.4 (Aug 2023)
# Pipeline mode:   SEARCH
# Query file:      /Users/dizzler/Projects/School/BIOL4600-Capstone/busco_downloads/lineages/enterobacterales_odb10/hmms/48197at91347.hmm
# Target file:     reports/busco-results/GCF_000170215.1_ASM17021v1_genomic.fna/prodigal_output/predicted_genes/predicted.faa
# Option settings: hmmsearch --domtblout reports/busco-results/GCF_000170215.1_ASM17021v1_genomic.fna/run_enterobacterales_odb10/hmmer_output/48197at91347.out --cpu 1 /Users/dizzler/Projects/School/BIOL4600-Capstone/busco_downloads/lineages/enterobacterales_odb10/hmms/48197at91347.hmm reports/busco-results/GCF_000170215.1_ASM17021v1_genomic.fna/prodigal_output/predicted_genes/predicted.faa 
# Current dir:     /Users/dizzler/Projects/School/BIOL4600-Capstone
# Date:            Sat Feb 21 23:24:47 2026
# [ok]
