#                                                                                           --- full sequence --- -------------- this domain -------------   hmm coord   ali coord   env coord
# target name                       accession   tlen query name           accession   qlen   E-value  score  bias   #  of  c-Evalue  i-Evalue  score  bias  from    to  from    to  from    to  acc description of target
#               ------------------- ---------- ----- -------------------- ---------- ----- --------- ------ ----- --- --- --------- --------- ------ ----- ----- ----- ----- ----- ----- ----- ---- ---------------------
NZ_ABAM02000001.1:555150-557984|+   -            945 5062at91347          -            785         0 1254.2   0.0   1   3  1.5e-113  1.3e-110  368.5   0.0     1   203     1   213     1   219 0.97 NZ_ABAM02000001.1_494 # 555150 # 557984 # 1 # ID=2_494;partial=00;start_type=ATG;rbs_motif=GGA/GAG/AGG;rbs_spacer=5-10bp;gc_cont=0.548
NZ_ABAM02000001.1:555150-557984|+   -            945 5062at91347          -            785         0 1254.2   0.0   2   3  9.3e-262  8.1e-259  858.6   0.0   203   750   235   857   231   876 0.89 NZ_ABAM02000001.1_494 # 555150 # 557984 # 1 # ID=2_494;partial=00;start_type=ATG;rbs_motif=GGA/GAG/AGG;rbs_spacer=5-10bp;gc_cont=0.548
NZ_ABAM02000001.1:555150-557984|+   -            945 5062at91347          -            785         0 1254.2   0.0   3   3   4.9e-09   4.3e-06   22.8   0.2   753   785   903   943   886   943 0.80 NZ_ABAM02000001.1_494 # 555150 # 557984 # 1 # ID=2_494;partial=00;start_type=ATG;rbs_motif=GGA/GAG/AGG;rbs_spacer=5-10bp;gc_cont=0.548
NZ_ABAM02000001.1:362608-365463|-   -            952 5062at91347          -            785   1.4e-49  166.6   1.9   1   2   1.5e-43   1.3e-40  137.0   2.2    41   537    29   570     7   574 0.73 NZ_ABAM02000001.1_324 # 362608 # 365463 # -1 # ID=2_324;partial=00;start_type=ATG;rbs_motif=GGA/GAG/AGG;rbs_spacer=3-4bp;gc_cont=0.569
NZ_ABAM02000001.1:362608-365463|-   -            952 5062at91347          -            785   1.4e-49  166.6   1.9   2   2   6.7e-09   5.9e-06   22.4   0.0   536   679   606   766   582   779 0.76 NZ_ABAM02000001.1_324 # 362608 # 365463 # -1 # ID=2_324;partial=00;start_type=ATG;rbs_motif=GGA/GAG/AGG;rbs_spacer=3-4bp;gc_cont=0.569
NZ_ABAM02000001.1:1208033-1210615|- -            861 5062at91347          -            785   4.6e-34  115.3   5.1   1   6   1.1e-18   9.9e-16   54.7   0.0    42   190    30   171    10   174 0.87 NZ_ABAM02000001.1_1083 # 1208033 # 1210615 # -1 # ID=2_1083;partial=00;start_type=ATG;rbs_motif=AGGA/GGAG/GAGG;rbs_spacer=11-12bp;gc_cont=0.558
NZ_ABAM02000001.1:1208033-1210615|- -            861 5062at91347          -            785   4.6e-34  115.3   5.1   2   6   0.00027      0.23    7.2   1.0   345   367   175   197   172   226 0.80 NZ_ABAM02000001.1_1083 # 1208033 # 1210615 # -1 # ID=2_1083;partial=00;start_type=ATG;rbs_motif=AGGA/GGAG/GAGG;rbs_spacer=11-12bp;gc_cont=0.558
NZ_ABAM02000001.1:1208033-1210615|- -            861 5062at91347          -            785   4.6e-34  115.3   5.1   3   6   1.5e-07   0.00013   18.0   0.0   255   301   310   359   267   373 0.87 NZ_ABAM02000001.1_1083 # 1208033 # 1210615 # -1 # ID=2_1083;partial=00;start_type=ATG;rbs_motif=AGGA/GGAG/GAGG;rbs_spacer=11-12bp;gc_cont=0.558
NZ_ABAM02000001.1:1208033-1210615|- -            861 5062at91347          -            785   4.6e-34  115.3   5.1   4   6   4.1e-06    0.0035   13.2   0.0   397   417   417   437   406   505 0.79 NZ_ABAM02000001.1_1083 # 1208033 # 1210615 # -1 # ID=2_1083;partial=00;start_type=ATG;rbs_motif=AGGA/GGAG/GAGG;rbs_spacer=11-12bp;gc_cont=0.558
NZ_ABAM02000001.1:1208033-1210615|- -            861 5062at91347          -            785   4.6e-34  115.3   5.1   5   6   6.7e-08   5.9e-05   19.1   0.0   519   550   617   648   574   675 0.85 NZ_ABAM02000001.1_1083 # 1208033 # 1210615 # -1 # ID=2_1083;partial=00;start_type=ATG;rbs_motif=AGGA/GGAG/GAGG;rbs_spacer=11-12bp;gc_cont=0.558
NZ_ABAM02000001.1:1208033-1210615|- -            861 5062at91347          -            785   4.6e-34  115.3   5.1   6   6      0.68   5.9e+02   -4.1   0.0   655   680   753   778   742   779 0.84 NZ_ABAM02000001.1_1083 # 1208033 # 1210615 # -1 # ID=2_1083;partial=00;start_type=ATG;rbs_motif=AGGA/GGAG/GAGG;rbs_spacer=11-12bp;gc_cont=0.558
NZ_ABAM02000001.1:2708840-2710873|+ -            678 5062at91347          -            785   2.1e-15   53.7   0.1   1   2   2.6e-14   2.3e-11   40.3   0.0    51   108    12    69     2    85 0.88 NZ_ABAM02000001.1_2523 # 2708840 # 2710873 # 1 # ID=2_2523;partial=00;start_type=ATG;rbs_motif=AGxAG;rbs_spacer=11-12bp;gc_cont=0.551
NZ_ABAM02000001.1:2708840-2710873|+ -            678 5062at91347          -            785   2.1e-15   53.7   0.1   2   2   1.7e-05     0.015   11.2   0.0   507   551   320   363   300   402 0.73 NZ_ABAM02000001.1_2523 # 2708840 # 2710873 # 1 # ID=2_2523;partial=00;start_type=ATG;rbs_motif=AGxAG;rbs_spacer=11-12bp;gc_cont=0.551
NZ_ABAM02000001.1:1098044-1099429|+ -            462 5062at91347          -            785   2.4e-09   33.6   0.1   1   2     0.013        11    1.6   0.1    60   146    36   115    22   144 0.66 NZ_ABAM02000001.1_974 # 1098044 # 1099429 # 1 # ID=2_974;partial=00;start_type=ATG;rbs_motif=GGA/GAG/AGG;rbs_spacer=5-10bp;gc_cont=0.548
NZ_ABAM02000001.1:1098044-1099429|+ -            462 5062at91347          -            785   2.4e-09   33.6   0.1   2   2   3.6e-11   3.1e-08   29.9   0.0   505   578   250   323   219   326 0.84 NZ_ABAM02000001.1_974 # 1098044 # 1099429 # 1 # ID=2_974;partial=00;start_type=ATG;rbs_motif=GGA/GAG/AGG;rbs_spacer=5-10bp;gc_cont=0.548
#
# Program:         hmmsearch
# Version:         3.4 (Aug 2023)
# Pipeline mode:   SEARCH
# Query file:      /Users/dizzler/Projects/School/BIOL4600-Capstone/databases/lineages/enterobacterales_odb10/hmms/5062at91347.hmm
# Target file:     /Users/dizzler/Projects/School/BIOL4600-Capstone/reports/busco-results/GCF_000170215.1_ASM17021v1_genomic.fna/prodigal_output/predicted_genes/predicted.faa
# Option settings: hmmsearch --domtblout /Users/dizzler/Projects/School/BIOL4600-Capstone/reports/busco-results/GCF_000170215.1_ASM17021v1_genomic.fna/run_enterobacterales_odb10/hmmer_output/5062at91347.out --cpu 1 /Users/dizzler/Projects/School/BIOL4600-Capstone/databases/lineages/enterobacterales_odb10/hmms/5062at91347.hmm /Users/dizzler/Projects/School/BIOL4600-Capstone/reports/busco-results/GCF_000170215.1_ASM17021v1_genomic.fna/prodigal_output/predicted_genes/predicted.faa 
# Current dir:     /Users/dizzler/Projects/School/BIOL4600-Capstone
# Date:            Wed Feb 25 22:53:46 2026
# [ok]
