#                                                                                           --- full sequence --- -------------- this domain -------------   hmm coord   ali coord   env coord
# target name                       accession   tlen query name           accession   qlen   E-value  score  bias   #  of  c-Evalue  i-Evalue  score  bias  from    to  from    to  from    to  acc description of target
#               ------------------- ---------- ----- -------------------- ---------- ----- --------- ------ ----- --- --- --------- --------- ------ ----- ----- ----- ----- ----- ----- ----- ---- ---------------------
NZ_ABAM02000001.1:1303458-1304666|+ -            403 57147at91347         -            335  2.9e-178  589.9   2.7   1   3   8.7e-36   1.9e-32  110.5   1.0     1   124     1   128     1   135 0.75 NZ_ABAM02000001.1_1164 # 1303458 # 1304666 # 1 # ID=2_1164;partial=00;start_type=ATG;rbs_motif=AGGA;rbs_spacer=5-10bp;gc_cont=0.559
NZ_ABAM02000001.1:1303458-1304666|+ -            403 57147at91347         -            335  2.9e-178  589.9   2.7   2   3     0.011        24    1.7   0.0    68   105   100   148    82   153 0.59 NZ_ABAM02000001.1_1164 # 1303458 # 1304666 # 1 # ID=2_1164;partial=00;start_type=ATG;rbs_motif=AGGA;rbs_spacer=5-10bp;gc_cont=0.559
NZ_ABAM02000001.1:1303458-1304666|+ -            403 57147at91347         -            335  2.9e-178  589.9   2.7   3   3  1.6e-147  3.5e-144  477.9   0.0   104   335   171   402   163   402 0.99 NZ_ABAM02000001.1_1164 # 1303458 # 1304666 # 1 # ID=2_1164;partial=00;start_type=ATG;rbs_motif=AGGA;rbs_spacer=5-10bp;gc_cont=0.559
NZ_ABAM02000001.1:680212-682101|+   -            630 57147at91347         -            335   6.5e-57  191.0  15.5   1   4   5.4e-07    0.0012   15.9   1.4     4    73     3    73     1    94 0.82 NZ_ABAM02000001.1_599 # 680212 # 682101 # 1 # ID=2_599;partial=00;start_type=ATG;rbs_motif=GGAG/GAGG;rbs_spacer=5-10bp;gc_cont=0.556
NZ_ABAM02000001.1:680212-682101|+   -            630 57147at91347         -            335   6.5e-57  191.0  15.5   2   4   4.8e-08    0.0001   19.3   0.5     4    74   106   177   103   192 0.83 NZ_ABAM02000001.1_599 # 680212 # 682101 # 1 # ID=2_599;partial=00;start_type=ATG;rbs_motif=GGAG/GAGG;rbs_spacer=5-10bp;gc_cont=0.556
NZ_ABAM02000001.1:680212-682101|+   -            630 57147at91347         -            335   6.5e-57  191.0  15.5   3   4     1e-07   0.00023   18.2   0.3     5    74   208   278   205   298 0.81 NZ_ABAM02000001.1_599 # 680212 # 682101 # 1 # ID=2_599;partial=00;start_type=ATG;rbs_motif=GGAG/GAGG;rbs_spacer=5-10bp;gc_cont=0.556
NZ_ABAM02000001.1:680212-682101|+   -            630 57147at91347         -            335   6.5e-57  191.0  15.5   4   4   2.3e-46     5e-43  145.3   0.0   106   333   399   629   388   629 0.92 NZ_ABAM02000001.1_599 # 680212 # 682101 # 1 # ID=2_599;partial=00;start_type=ATG;rbs_motif=GGAG/GAGG;rbs_spacer=5-10bp;gc_cont=0.556
#
# Program:         hmmsearch
# Version:         3.4 (Aug 2023)
# Pipeline mode:   SEARCH
# Query file:      /Users/dizzler/Projects/School/BIOL4600-Capstone/busco_downloads/lineages/enterobacterales_odb10/hmms/57147at91347.hmm
# Target file:     reports/busco-results/GCF_000170215.1_ASM17021v1_genomic.fna/prodigal_output/predicted_genes/predicted.faa
# Option settings: hmmsearch --domtblout reports/busco-results/GCF_000170215.1_ASM17021v1_genomic.fna/run_enterobacterales_odb10/hmmer_output/57147at91347.out --cpu 1 /Users/dizzler/Projects/School/BIOL4600-Capstone/busco_downloads/lineages/enterobacterales_odb10/hmms/57147at91347.hmm reports/busco-results/GCF_000170215.1_ASM17021v1_genomic.fna/prodigal_output/predicted_genes/predicted.faa 
# Current dir:     /Users/dizzler/Projects/School/BIOL4600-Capstone
# Date:            Sat Feb 21 23:24:47 2026
# [ok]
