#                                                                                           --- full sequence --- -------------- this domain -------------   hmm coord   ali coord   env coord
# target name                       accession   tlen query name           accession   qlen   E-value  score  bias   #  of  c-Evalue  i-Evalue  score  bias  from    to  from    to  from    to  acc description of target
#               ------------------- ---------- ----- -------------------- ---------- ----- --------- ------ ----- --- --- --------- --------- ------ ----- ----- ----- ----- ----- ----- ----- ---- ---------------------
NZ_ABAM02000001.1:750589-751413|-   -            275 60900at91347         -            223  9.4e-120  396.1   6.6   1   1  4.8e-121    3e-118  391.1   6.6    13   223    32   271     3   271 0.94 NZ_ABAM02000001.1_660 # 750589 # 751413 # -1 # ID=2_660;partial=00;start_type=ATG;rbs_motif=GGA/GAG/AGG;rbs_spacer=5-10bp;gc_cont=0.541
NZ_ABAM02000001.1:768295-769083|+   -            263 60900at91347         -            223     0.001   16.6   1.3   1   2   1.6e-06     0.001   16.6   1.3    64   164     8   107     2   116 0.86 NZ_ABAM02000001.1_675 # 768295 # 769083 # 1 # ID=2_675;partial=00;start_type=GTG;rbs_motif=GGAGG;rbs_spacer=5-10bp;gc_cont=0.534
NZ_ABAM02000001.1:768295-769083|+   -            263 60900at91347         -            223     0.001   16.6   1.3   2   2      0.12        77    0.7   1.0   109   147   133   169   113   191 0.45 NZ_ABAM02000001.1_675 # 768295 # 769083 # 1 # ID=2_675;partial=00;start_type=GTG;rbs_motif=GGAGG;rbs_spacer=5-10bp;gc_cont=0.534
NZ_ABAM02000001.1:4439142-4440512|- -            457 60900at91347         -            223    0.0011   16.4   4.8   1   2     0.094        59    1.0   0.3   134   161   277   303   264   322 0.70 NZ_ABAM02000001.1_4097 # 4439142 # 4440512 # -1 # ID=2_4097;partial=00;start_type=ATG;rbs_motif=AGGA;rbs_spacer=5-10bp;gc_cont=0.530
NZ_ABAM02000001.1:4439142-4440512|- -            457 60900at91347         -            223    0.0011   16.4   4.8   2   2   1.9e-06    0.0012   16.4   0.6   103   169   365   429   312   444 0.80 NZ_ABAM02000001.1_4097 # 4439142 # 4440512 # -1 # ID=2_4097;partial=00;start_type=ATG;rbs_motif=AGGA;rbs_spacer=5-10bp;gc_cont=0.530
NZ_ABAM02000001.1:2652848-2653402|- -            185 60900at91347         -            223      0.01   13.3   0.1   1   1   2.3e-05     0.014   12.8   0.1    73   163    51   153    40   166 0.79 NZ_ABAM02000001.1_2478 # 2652848 # 2653402 # -1 # ID=2_2478;partial=00;start_type=ATG;rbs_motif=GGAG/GAGG;rbs_spacer=5-10bp;gc_cont=0.505
NZ_ABAM02000001.1:4266796-4267617|- -            274 60900at91347         -            223     0.025   12.1   0.7   1   1   6.3e-05     0.039   11.4   0.7    79   167   134   226   122   233 0.82 NZ_ABAM02000001.1_3938 # 4266796 # 4267617 # -1 # ID=2_3938;partial=00;start_type=ATG;rbs_motif=GGAG/GAGG;rbs_spacer=5-10bp;gc_cont=0.557
NZ_ABAM02000001.1:1026336-1026887|- -            184 60900at91347         -            223     0.026   12.0   0.6   1   1   6.5e-05     0.041   11.4   0.6   110   167    95   162    85   167 0.79 NZ_ABAM02000001.1_908 # 1026336 # 1026887 # -1 # ID=2_908;partial=00;start_type=ATG;rbs_motif=GGAG/GAGG;rbs_spacer=5-10bp;gc_cont=0.491
NZ_ABAM02000001.1:766705-767730|+   -            342 60900at91347         -            223      0.68    7.4  19.5   1   2   0.00017       0.1   10.0   4.3    94   170   101   169    85   207 0.70 NZ_ABAM02000001.1_673 # 766705 # 767730 # 1 # ID=2_673;partial=00;start_type=ATG;rbs_motif=GGA/GAG/AGG;rbs_spacer=11-12bp;gc_cont=0.519
NZ_ABAM02000001.1:766705-767730|+   -            342 60900at91347         -            223      0.68    7.4  19.5   2   2     0.054        33    1.8   8.2    92   165   224   290   200   302 0.59 NZ_ABAM02000001.1_673 # 766705 # 767730 # 1 # ID=2_673;partial=00;start_type=ATG;rbs_motif=GGA/GAG/AGG;rbs_spacer=11-12bp;gc_cont=0.519
#
# Program:         hmmsearch
# Version:         3.4 (Aug 2023)
# Pipeline mode:   SEARCH
# Query file:      /Users/dizzler/Projects/School/BIOL4600-Capstone/busco_downloads/lineages/enterobacterales_odb10/hmms/60900at91347.hmm
# Target file:     reports/busco-results/GCF_000170215.1_ASM17021v1_genomic.fna/prodigal_output/predicted_genes/predicted.faa
# Option settings: hmmsearch --domtblout reports/busco-results/GCF_000170215.1_ASM17021v1_genomic.fna/run_enterobacterales_odb10/hmmer_output/60900at91347.out --cpu 1 /Users/dizzler/Projects/School/BIOL4600-Capstone/busco_downloads/lineages/enterobacterales_odb10/hmms/60900at91347.hmm reports/busco-results/GCF_000170215.1_ASM17021v1_genomic.fna/prodigal_output/predicted_genes/predicted.faa 
# Current dir:     /Users/dizzler/Projects/School/BIOL4600-Capstone
# Date:            Sat Feb 21 23:24:48 2026
# [ok]
