#                                                                                           --- full sequence --- -------------- this domain -------------   hmm coord   ali coord   env coord
# target name                       accession   tlen query name           accession   qlen   E-value  score  bias   #  of  c-Evalue  i-Evalue  score  bias  from    to  from    to  from    to  acc description of target
#               ------------------- ---------- ----- -------------------- ---------- ----- --------- ------ ----- --- --- --------- --------- ------ ----- ----- ----- ----- ----- ----- ----- ---- ---------------------
NZ_ABAM02000001.1:2897499-2898161|- -            221 62648at91347         -            174  6.6e-113  372.3   1.1   1   2       1.7   1.5e+03   -3.4   0.0     1     9     1     9     1    12 0.85 NZ_ABAM02000001.1_2694 # 2897499 # 2898161 # -1 # ID=2_2694;partial=00;start_type=ATG;rbs_motif=GGAG/GAGG;rbs_spacer=5-10bp;gc_cont=0.546
NZ_ABAM02000001.1:2897499-2898161|- -            221 62648at91347         -            174  6.6e-113  372.3   1.1   2   2  8.6e-116  7.5e-113  372.1   0.5    13   174    41   202    30   202 0.98 NZ_ABAM02000001.1_2694 # 2897499 # 2898161 # -1 # ID=2_2694;partial=00;start_type=ATG;rbs_motif=GGAG/GAGG;rbs_spacer=5-10bp;gc_cont=0.546
NZ_ABAM02000001.1:3368052-3368819|- -            256 62648at91347         -            174   4.1e-26   89.7   0.0   1   1   6.3e-29   5.5e-26   89.3   0.0    18   148    32   167    16   174 0.83 NZ_ABAM02000001.1_3099 # 3368052 # 3368819 # -1 # ID=2_3099;partial=00;start_type=ATG;rbs_motif=GGAG/GAGG;rbs_spacer=5-10bp;gc_cont=0.590
NZ_ABAM02000001.1:3686349-3687467|- -            373 62648at91347         -            174    0.0057   14.3   0.1   1   2   1.9e-05     0.016   12.8   0.1    74   141   130   202   124   210 0.76 NZ_ABAM02000001.1_3397 # 3686349 # 3687467 # -1 # ID=2_3397;partial=00;start_type=ATG;rbs_motif=GGA/GAG/AGG;rbs_spacer=11-12bp;gc_cont=0.541
NZ_ABAM02000001.1:3686349-3687467|- -            373 62648at91347         -            174    0.0057   14.3   0.1   2   2       1.1   9.9e+02   -2.7   0.0    25    53   282   312   275   321 0.74 NZ_ABAM02000001.1_3397 # 3686349 # 3687467 # -1 # ID=2_3397;partial=00;start_type=ATG;rbs_motif=GGA/GAG/AGG;rbs_spacer=11-12bp;gc_cont=0.541
NZ_ABAM02000001.1:2073716-2074819|- -            368 62648at91347         -            174    0.0092   13.6   0.1   1   2       1.6   1.4e+03   -3.3   0.0    19    40    48    69    42    81 0.73 NZ_ABAM02000001.1_1921 # 2073716 # 2074819 # -1 # ID=2_1921;partial=00;start_type=ATG;rbs_motif=GGA/GAG/AGG;rbs_spacer=5-10bp;gc_cont=0.518
NZ_ABAM02000001.1:2073716-2074819|- -            368 62648at91347         -            174    0.0092   13.6   0.1   2   2   2.1e-05     0.018   12.6   0.1    74   139   133   203    93   220 0.79 NZ_ABAM02000001.1_1921 # 2073716 # 2074819 # -1 # ID=2_1921;partial=00;start_type=ATG;rbs_motif=GGA/GAG/AGG;rbs_spacer=5-10bp;gc_cont=0.518
NZ_ABAM02000001.1:2230888-2231817|+ -            310 62648at91347         -            174     0.014   13.0   0.1   1   2       0.5   4.3e+02   -1.6   0.0    97   122    95   122    61   168 0.61 NZ_ABAM02000001.1_2063 # 2230888 # 2231817 # 1 # ID=2_2063;partial=00;start_type=ATG;rbs_motif=GGAG/GAGG;rbs_spacer=5-10bp;gc_cont=0.532
NZ_ABAM02000001.1:2230888-2231817|+ -            310 62648at91347         -            174     0.014   13.0   0.1   2   2   5.4e-05     0.047   11.3   0.0    39    89   193   246   188   253 0.86 NZ_ABAM02000001.1_2063 # 2230888 # 2231817 # 1 # ID=2_2063;partial=00;start_type=ATG;rbs_motif=GGAG/GAGG;rbs_spacer=5-10bp;gc_cont=0.532
#
# Program:         hmmsearch
# Version:         3.4 (Aug 2023)
# Pipeline mode:   SEARCH
# Query file:      /Users/dizzler/Projects/School/BIOL4600-Capstone/databases/lineages/enterobacterales_odb10/hmms/62648at91347.hmm
# Target file:     /Users/dizzler/Projects/School/BIOL4600-Capstone/reports/busco-results/GCF_000170215.1_ASM17021v1_genomic.fna/prodigal_output/predicted_genes/predicted.faa
# Option settings: hmmsearch --domtblout /Users/dizzler/Projects/School/BIOL4600-Capstone/reports/busco-results/GCF_000170215.1_ASM17021v1_genomic.fna/run_enterobacterales_odb10/hmmer_output/62648at91347.out --cpu 1 /Users/dizzler/Projects/School/BIOL4600-Capstone/databases/lineages/enterobacterales_odb10/hmms/62648at91347.hmm /Users/dizzler/Projects/School/BIOL4600-Capstone/reports/busco-results/GCF_000170215.1_ASM17021v1_genomic.fna/prodigal_output/predicted_genes/predicted.faa 
# Current dir:     /Users/dizzler/Projects/School/BIOL4600-Capstone
# Date:            Wed Feb 25 22:53:46 2026
# [ok]
