#                                                                                           --- full sequence --- -------------- this domain -------------   hmm coord   ali coord   env coord
# target name                       accession   tlen query name           accession   qlen   E-value  score  bias   #  of  c-Evalue  i-Evalue  score  bias  from    to  from    to  from    to  acc description of target
#               ------------------- ---------- ----- -------------------- ---------- ----- --------- ------ ----- --- --- --------- --------- ------ ----- ----- ----- ----- ----- ----- ----- ---- ---------------------
NZ_ABAM02000001.1:4266796-4267617|- -            274 64323at91347         -            236  6.8e-124  410.0   0.0   1   1  1.6e-126  7.7e-124  409.8   0.0     6   236    23   273    15   273 0.93 NZ_ABAM02000001.1_3938 # 4266796 # 4267617 # -1 # ID=2_3938;partial=00;start_type=ATG;rbs_motif=GGAG/GAGG;rbs_spacer=5-10bp;gc_cont=0.557
NZ_ABAM02000001.1:2656580-2657068|- -            163 64323at91347         -            236   3.8e-22   76.9   6.7   1   1   1.4e-24   6.7e-22   76.1   6.7    94   216    35   158    14   162 0.86 NZ_ABAM02000001.1_2482 # 2656580 # 2657068 # -1 # ID=2_2482;partial=00;start_type=ATG;rbs_motif=GGxGG;rbs_spacer=5-10bp;gc_cont=0.564
NZ_ABAM02000001.1:54778-55254|-     -            159 64323at91347         -            236   6.2e-16   56.6   1.9   1   1   1.5e-18   7.1e-16   56.4   1.9   101   211    30   142    16   156 0.91 NZ_ABAM02000001.1_44 # 54778 # 55254 # -1 # ID=2_44;partial=00;start_type=ATG;rbs_motif=None;rbs_spacer=None;gc_cont=0.340
NZ_ABAM02000001.1:1026336-1026887|- -            184 64323at91347         -            236   5.5e-09   33.9   1.0   1   1   1.4e-11   6.7e-09   33.6   1.0   129   219    87   182    78   183 0.74 NZ_ABAM02000001.1_908 # 1026336 # 1026887 # -1 # ID=2_908;partial=00;start_type=ATG;rbs_motif=GGAG/GAGG;rbs_spacer=5-10bp;gc_cont=0.491
NZ_ABAM02000001.1:4439142-4440512|- -            457 64323at91347         -            236   2.1e-07   28.7   4.1   1   3   8.7e-05     0.042   11.3   0.0   171   203   270   302   244   319 0.85 NZ_ABAM02000001.1_4097 # 4439142 # 4440512 # -1 # ID=2_4097;partial=00;start_type=ATG;rbs_motif=AGGA;rbs_spacer=5-10bp;gc_cont=0.530
NZ_ABAM02000001.1:4439142-4440512|- -            457 64323at91347         -            236   2.1e-07   28.7   4.1   2   3     0.047        23    2.4   0.1   181   199   366   384   349   392 0.86 NZ_ABAM02000001.1_4097 # 4439142 # 4440512 # -1 # ID=2_4097;partial=00;start_type=ATG;rbs_motif=AGGA;rbs_spacer=5-10bp;gc_cont=0.530
NZ_ABAM02000001.1:4439142-4440512|- -            457 64323at91347         -            236   2.1e-07   28.7   4.1   3   3   7.7e-06    0.0037   14.8   1.9   145   212   372   440   367   451 0.82 NZ_ABAM02000001.1_4097 # 4439142 # 4440512 # -1 # ID=2_4097;partial=00;start_type=ATG;rbs_motif=AGGA;rbs_spacer=5-10bp;gc_cont=0.530
NZ_ABAM02000001.1:766705-767730|+   -            342 64323at91347         -            236     5e-05   20.9  15.5   1   2   1.3e-05    0.0061   14.1   0.8   121   199    96   178    80   181 0.73 NZ_ABAM02000001.1_673 # 766705 # 767730 # 1 # ID=2_673;partial=00;start_type=ATG;rbs_motif=GGA/GAG/AGG;rbs_spacer=11-12bp;gc_cont=0.519
NZ_ABAM02000001.1:766705-767730|+   -            342 64323at91347         -            236     5e-05   20.9  15.5   2   2   0.00012     0.057   10.9   8.0   118   206   208   298   199   325 0.71 NZ_ABAM02000001.1_673 # 766705 # 767730 # 1 # ID=2_673;partial=00;start_type=ATG;rbs_motif=GGA/GAG/AGG;rbs_spacer=11-12bp;gc_cont=0.519
NZ_ABAM02000001.1:2652848-2653402|- -            185 64323at91347         -            236    0.0023   15.5   1.9   1   2      0.16        77    0.7   0.1   180   193    87   100    45   116 0.60 NZ_ABAM02000001.1_2478 # 2652848 # 2653402 # -1 # ID=2_2478;partial=00;start_type=ATG;rbs_motif=GGAG/GAGG;rbs_spacer=5-10bp;gc_cont=0.505
NZ_ABAM02000001.1:2652848-2653402|- -            185 64323at91347         -            236    0.0023   15.5   1.9   2   2   1.3e-05    0.0065   14.0   1.1   169   220   127   178    65   183 0.72 NZ_ABAM02000001.1_2478 # 2652848 # 2653402 # -1 # ID=2_2478;partial=00;start_type=ATG;rbs_motif=GGAG/GAGG;rbs_spacer=5-10bp;gc_cont=0.505
NZ_ABAM02000001.1:3945781-3946335|+ -            185 64323at91347         -            236     0.014   12.9   5.2   1   3    0.0078       3.8    5.0   0.0   163   188     9    34     5    49 0.83 NZ_ABAM02000001.1_3642 # 3945781 # 3946335 # 1 # ID=2_3642;partial=00;start_type=ATG;rbs_motif=GGAG/GAGG;rbs_spacer=5-10bp;gc_cont=0.505
NZ_ABAM02000001.1:3945781-3946335|+ -            185 64323at91347         -            236     0.014   12.9   5.2   2   3    0.0054       2.6    5.5   1.8   137   201    52   114    35   120 0.77 NZ_ABAM02000001.1_3642 # 3945781 # 3946335 # 1 # ID=2_3642;partial=00;start_type=ATG;rbs_motif=GGAG/GAGG;rbs_spacer=5-10bp;gc_cont=0.505
NZ_ABAM02000001.1:3945781-3946335|+ -            185 64323at91347         -            236     0.014   12.9   5.2   3   3   0.00084      0.41    8.1   1.5   143   201    81   132    72   159 0.81 NZ_ABAM02000001.1_3642 # 3945781 # 3946335 # 1 # ID=2_3642;partial=00;start_type=ATG;rbs_motif=GGAG/GAGG;rbs_spacer=5-10bp;gc_cont=0.505
NZ_ABAM02000001.1:768295-769083|+   -            263 64323at91347         -            236     0.033   11.7   9.0   1   2    0.0069       3.3    5.1   1.0   169   203    14    48     6    74 0.79 NZ_ABAM02000001.1_675 # 768295 # 769083 # 1 # ID=2_675;partial=00;start_type=GTG;rbs_motif=GGAGG;rbs_spacer=5-10bp;gc_cont=0.534
NZ_ABAM02000001.1:768295-769083|+   -            263 64323at91347         -            236     0.033   11.7   9.0   2   2   0.00021     0.099   10.1   1.6   145   214   123   192    95   198 0.88 NZ_ABAM02000001.1_675 # 768295 # 769083 # 1 # ID=2_675;partial=00;start_type=GTG;rbs_motif=GGAGG;rbs_spacer=5-10bp;gc_cont=0.534
#
# Program:         hmmsearch
# Version:         3.4 (Aug 2023)
# Pipeline mode:   SEARCH
# Query file:      /Users/dizzler/Projects/School/BIOL4600-Capstone/busco_downloads/lineages/enterobacterales_odb10/hmms/64323at91347.hmm
# Target file:     reports/busco-results/GCF_000170215.1_ASM17021v1_genomic.fna/prodigal_output/predicted_genes/predicted.faa
# Option settings: hmmsearch --domtblout reports/busco-results/GCF_000170215.1_ASM17021v1_genomic.fna/run_enterobacterales_odb10/hmmer_output/64323at91347.out --cpu 1 /Users/dizzler/Projects/School/BIOL4600-Capstone/busco_downloads/lineages/enterobacterales_odb10/hmms/64323at91347.hmm reports/busco-results/GCF_000170215.1_ASM17021v1_genomic.fna/prodigal_output/predicted_genes/predicted.faa 
# Current dir:     /Users/dizzler/Projects/School/BIOL4600-Capstone
# Date:            Sat Feb 21 23:24:48 2026
# [ok]
