#                                                                                           --- full sequence --- -------------- this domain -------------   hmm coord   ali coord   env coord
# target name                       accession   tlen query name           accession   qlen   E-value  score  bias   #  of  c-Evalue  i-Evalue  score  bias  from    to  from    to  from    to  acc description of target
#               ------------------- ---------- ----- -------------------- ---------- ----- --------- ------ ----- --- --- --------- --------- ------ ----- ----- ----- ----- ----- ----- ----- ---- ---------------------
NZ_ABAM02000001.1:680212-682101|+   -            630 67457at91347         -            424  4.3e-233  771.5  24.6   1   4   1.2e-30   6.4e-28   95.6   3.4     1    70     4    75     4    87 0.93 NZ_ABAM02000001.1_599 # 680212 # 682101 # 1 # ID=2_599;partial=00;start_type=ATG;rbs_motif=GGAG/GAGG;rbs_spacer=5-10bp;gc_cont=0.556
NZ_ABAM02000001.1:680212-682101|+   -            630 67457at91347         -            424  4.3e-233  771.5  24.6   2   4   1.1e-32   5.9e-30  102.3   2.4     1    72   107   180   107   189 0.94 NZ_ABAM02000001.1_599 # 680212 # 682101 # 1 # ID=2_599;partial=00;start_type=ATG;rbs_motif=GGAG/GAGG;rbs_spacer=5-10bp;gc_cont=0.556
NZ_ABAM02000001.1:680212-682101|+   -            630 67457at91347         -            424  4.3e-233  771.5  24.6   3   4     4e-33   2.2e-30  103.7   2.3     1    72   208   281   208   290 0.94 NZ_ABAM02000001.1_599 # 680212 # 682101 # 1 # ID=2_599;partial=00;start_type=ATG;rbs_motif=GGAG/GAGG;rbs_spacer=5-10bp;gc_cont=0.556
NZ_ABAM02000001.1:680212-682101|+   -            630 67457at91347         -            424  4.3e-233  771.5  24.6   4   4  1.1e-147  5.8e-145  481.2   0.0   146   424   322   629   315   629 0.92 NZ_ABAM02000001.1_599 # 680212 # 682101 # 1 # ID=2_599;partial=00;start_type=ATG;rbs_motif=GGAG/GAGG;rbs_spacer=5-10bp;gc_cont=0.556
NZ_ABAM02000001.1:1303458-1304666|+ -            403 67457at91347         -            424   5.1e-56  188.1   0.1   1   2   6.5e-06    0.0035   14.0   0.4    20    53    26    60     5    78 0.71 NZ_ABAM02000001.1_1164 # 1303458 # 1304666 # 1 # ID=2_1164;partial=00;start_type=ATG;rbs_motif=AGGA;rbs_spacer=5-10bp;gc_cont=0.559
NZ_ABAM02000001.1:1303458-1304666|+ -            403 67457at91347         -            424   5.1e-56  188.1   0.1   2   2     8e-54   4.4e-51  171.9   0.0   152   415   114   388    84   400 0.88 NZ_ABAM02000001.1_1164 # 1303458 # 1304666 # 1 # ID=2_1164;partial=00;start_type=ATG;rbs_motif=AGGA;rbs_spacer=5-10bp;gc_cont=0.559
NZ_ABAM02000001.1:3893392-3895161|- -            590 67457at91347         -            424   0.00019   18.2   0.1   1   1   5.2e-07   0.00029   17.7   0.1    83   140   531   588   524   589 0.78 NZ_ABAM02000001.1_3598 # 3893392 # 3895161 # -1 # ID=2_3598;partial=00;start_type=ATG;rbs_motif=GGAGG;rbs_spacer=5-10bp;gc_cont=0.636
NZ_ABAM02000001.1:566157-567932|-   -            592 67457at91347         -            424   0.00022   18.0   0.1   1   1   6.3e-07   0.00034   17.4   0.1    83   140   533   590   526   591 0.79 NZ_ABAM02000001.1_503 # 566157 # 567932 # -1 # ID=2_503;partial=00;start_type=ATG;rbs_motif=GGAGG;rbs_spacer=5-10bp;gc_cont=0.637
NZ_ABAM02000001.1:1328798-1330567|+ -            590 67457at91347         -            424   0.00023   17.9   0.1   1   1   6.4e-07   0.00035   17.4   0.1    83   140   531   588   524   589 0.77 NZ_ABAM02000001.1_1190 # 1328798 # 1330567 # 1 # ID=2_1190;partial=00;start_type=ATG;rbs_motif=GGAGG;rbs_spacer=5-10bp;gc_cont=0.633
NZ_ABAM02000001.1:3923435-3923905|+ -            157 67457at91347         -            424    0.0004   17.2   0.1   1   1     1e-06   0.00056   16.7   0.1    86   140   101   155    94   156 0.90 NZ_ABAM02000001.1_3625 # 3923435 # 3923905 # 1 # ID=2_3625;partial=00;start_type=ATG;rbs_motif=GGA/GAG/AGG;rbs_spacer=5-10bp;gc_cont=0.527
NZ_ABAM02000001.1:1474544-1475662|+ -            373 67457at91347         -            424    0.0029   14.3   2.3   1   2   0.00016     0.089    9.4   0.1   109   153    62   108    45   129 0.56 NZ_ABAM02000001.1_1328 # 1474544 # 1475662 # 1 # ID=2_1328;partial=00;start_type=ATG;rbs_motif=GGA/GAG/AGG;rbs_spacer=5-10bp;gc_cont=0.534
NZ_ABAM02000001.1:1474544-1475662|+ -            373 67457at91347         -            424    0.0029   14.3   2.3   2   2    0.0078       4.3    3.9   0.3    79   136   152   211   135   237 0.67 NZ_ABAM02000001.1_1328 # 1474544 # 1475662 # 1 # ID=2_1328;partial=00;start_type=ATG;rbs_motif=GGA/GAG/AGG;rbs_spacer=5-10bp;gc_cont=0.534
NZ_ABAM02000001.1:1978480-1979340|- -            287 67457at91347         -            424    0.0097   12.6   0.0   1   2     0.018       9.8    2.7   0.0   109   152    44    87    30   100 0.83 NZ_ABAM02000001.1_1826 # 1978480 # 1979340 # -1 # ID=2_1826;partial=00;start_type=ATG;rbs_motif=None;rbs_spacer=None;gc_cont=0.499
NZ_ABAM02000001.1:1978480-1979340|- -            287 67457at91347         -            424    0.0097   12.6   0.0   2   2   0.00057      0.31    7.6   0.0    92   141   133   183   110   201 0.68 NZ_ABAM02000001.1_1826 # 1978480 # 1979340 # -1 # ID=2_1826;partial=00;start_type=ATG;rbs_motif=None;rbs_spacer=None;gc_cont=0.499
#
# Program:         hmmsearch
# Version:         3.4 (Aug 2023)
# Pipeline mode:   SEARCH
# Query file:      /Users/dizzler/Projects/School/BIOL4600-Capstone/databases/lineages/enterobacterales_odb10/hmms/67457at91347.hmm
# Target file:     /Users/dizzler/Projects/School/BIOL4600-Capstone/reports/busco-results/GCF_000170215.1_ASM17021v1_genomic.fna/prodigal_output/predicted_genes/predicted.faa
# Option settings: hmmsearch --domtblout /Users/dizzler/Projects/School/BIOL4600-Capstone/reports/busco-results/GCF_000170215.1_ASM17021v1_genomic.fna/run_enterobacterales_odb10/hmmer_output/67457at91347.out --cpu 1 /Users/dizzler/Projects/School/BIOL4600-Capstone/databases/lineages/enterobacterales_odb10/hmms/67457at91347.hmm /Users/dizzler/Projects/School/BIOL4600-Capstone/reports/busco-results/GCF_000170215.1_ASM17021v1_genomic.fna/prodigal_output/predicted_genes/predicted.faa 
# Current dir:     /Users/dizzler/Projects/School/BIOL4600-Capstone
# Date:            Wed Feb 25 22:53:47 2026
# [ok]
