#                                                                                           --- full sequence --- -------------- this domain -------------   hmm coord   ali coord   env coord
# target name                       accession   tlen query name           accession   qlen   E-value  score  bias   #  of  c-Evalue  i-Evalue  score  bias  from    to  from    to  from    to  acc description of target
#               ------------------- ---------- ----- -------------------- ---------- ----- --------- ------ ----- --- --- --------- --------- ------ ----- ----- ----- ----- ----- ----- ----- ---- ---------------------
NZ_ABAM02000001.1:2613160-2613750|+ -            197 72076at91347         -            168   1.6e-81  270.2   0.0   1   1     6e-84   4.3e-81  268.8   0.0     1   168     1   196     1   196 0.89 NZ_ABAM02000001.1_2443 # 2613160 # 2613750 # 1 # ID=2_2443;partial=00;start_type=ATG;rbs_motif=AGGAG;rbs_spacer=5-10bp;gc_cont=0.570
NZ_ABAM02000001.1:3080563-3082140|- -            526 72076at91347         -            168   1.1e-06   26.7   0.0   1   2    0.0015       1.1    7.2   0.0    67    89    79   101    61   127 0.79 NZ_ABAM02000001.1_2868 # 3080563 # 3082140 # -1 # ID=2_2868;partial=00;start_type=ATG;rbs_motif=GGA/GAG/AGG;rbs_spacer=5-10bp;gc_cont=0.560
NZ_ABAM02000001.1:3080563-3082140|- -            526 72076at91347         -            168   1.1e-06   26.7   0.0   2   2   1.4e-06     0.001   17.0   0.0   124   166   155   198   150   200 0.80 NZ_ABAM02000001.1_2868 # 3080563 # 3082140 # -1 # ID=2_2868;partial=00;start_type=ATG;rbs_motif=GGA/GAG/AGG;rbs_spacer=5-10bp;gc_cont=0.560
NZ_ABAM02000001.1:3993060-3993623|- -            188 72076at91347         -            168   3.1e-05   22.0   0.2   1   1   2.9e-07   0.00021   19.3   0.2    68   166    73   185    62   187 0.62 NZ_ABAM02000001.1_3712 # 3993060 # 3993623 # -1 # ID=2_3712;partial=00;start_type=ATG;rbs_motif=GGAG/GAGG;rbs_spacer=5-10bp;gc_cont=0.553
NZ_ABAM02000001.1:2558781-2560301|- -            507 72076at91347         -            168    0.0017   16.4   0.0   1   1   5.4e-06    0.0039   15.1   0.0    34    93   289   351   278   366 0.84 NZ_ABAM02000001.1_2387 # 2558781 # 2560301 # -1 # ID=2_2387;partial=00;start_type=ATG;rbs_motif=GGAGG;rbs_spacer=3-4bp;gc_cont=0.561
NZ_ABAM02000001.1:2280028-2281623|+ -            532 72076at91347         -            168    0.0059   14.6   0.0   1   1   2.1e-05     0.015   13.2   0.0    67   164    77   185    65   188 0.68 NZ_ABAM02000001.1_2109 # 2280028 # 2281623 # 1 # ID=2_2109;partial=00;start_type=ATG;rbs_motif=AGGAG;rbs_spacer=5-10bp;gc_cont=0.573
NZ_ABAM02000001.1:3008932-3009651|+ -            240 72076at91347         -            168      0.02   12.8   0.1   1   2   0.00011     0.081   10.9   0.0    55    82    72    99    66   118 0.85 NZ_ABAM02000001.1_2799 # 3008932 # 3009651 # 1 # ID=2_2799;partial=00;start_type=GTG;rbs_motif=AGGAG;rbs_spacer=5-10bp;gc_cont=0.556
NZ_ABAM02000001.1:3008932-3009651|+ -            240 72076at91347         -            168      0.02   12.8   0.1   2   2      0.49   3.6e+02   -1.0   0.0   138   162   166   191   158   194 0.79 NZ_ABAM02000001.1_2799 # 3008932 # 3009651 # 1 # ID=2_2799;partial=00;start_type=GTG;rbs_motif=AGGAG;rbs_spacer=5-10bp;gc_cont=0.556
#
# Program:         hmmsearch
# Version:         3.4 (Aug 2023)
# Pipeline mode:   SEARCH
# Query file:      /Users/dizzler/Projects/School/BIOL4600-Capstone/databases/lineages/enterobacterales_odb10/hmms/72076at91347.hmm
# Target file:     /Users/dizzler/Projects/School/BIOL4600-Capstone/reports/busco-results/GCF_000170215.1_ASM17021v1_genomic.fna/prodigal_output/predicted_genes/predicted.faa
# Option settings: hmmsearch --domtblout /Users/dizzler/Projects/School/BIOL4600-Capstone/reports/busco-results/GCF_000170215.1_ASM17021v1_genomic.fna/run_enterobacterales_odb10/hmmer_output/72076at91347.out --cpu 1 /Users/dizzler/Projects/School/BIOL4600-Capstone/databases/lineages/enterobacterales_odb10/hmms/72076at91347.hmm /Users/dizzler/Projects/School/BIOL4600-Capstone/reports/busco-results/GCF_000170215.1_ASM17021v1_genomic.fna/prodigal_output/predicted_genes/predicted.faa 
# Current dir:     /Users/dizzler/Projects/School/BIOL4600-Capstone
# Date:            Wed Feb 25 22:53:47 2026
# [ok]
