#                                                                                           --- full sequence --- -------------- this domain -------------   hmm coord   ali coord   env coord
# target name                       accession   tlen query name           accession   qlen   E-value  score  bias   #  of  c-Evalue  i-Evalue  score  bias  from    to  from    to  from    to  acc description of target
#               ------------------- ---------- ----- -------------------- ---------- ----- --------- ------ ----- --- --- --------- --------- ------ ----- ----- ----- ----- ----- ----- ----- ---- ---------------------
NZ_ABAM02000001.1:3080563-3082140|- -            526 9375at91347          -            437  2.1e-236  782.6   0.0   1   2   7.6e-43   5.5e-40  135.3   0.0     1    91     9   116     9   121 0.91 NZ_ABAM02000001.1_2868 # 3080563 # 3082140 # -1 # ID=2_2868;partial=00;start_type=ATG;rbs_motif=GGA/GAG/AGG;rbs_spacer=5-10bp;gc_cont=0.560
NZ_ABAM02000001.1:3080563-3082140|- -            526 9375at91347          -            437  2.1e-236  782.6   0.0   2   2  3.6e-197  2.6e-194  643.8   0.0    90   437   136   525   120   525 0.93 NZ_ABAM02000001.1_2868 # 3080563 # 3082140 # -1 # ID=2_2868;partial=00;start_type=ATG;rbs_motif=GGA/GAG/AGG;rbs_spacer=5-10bp;gc_cont=0.560
NZ_ABAM02000001.1:3993060-3993623|- -            188 9375at91347          -            437   2.7e-07   27.6   0.0   1   1   7.5e-08   5.4e-05   20.0   0.0     2   141     2   177     1   187 0.60 NZ_ABAM02000001.1_3712 # 3993060 # 3993623 # -1 # ID=2_3712;partial=00;start_type=ATG;rbs_motif=GGAG/GAGG;rbs_spacer=5-10bp;gc_cont=0.553
NZ_ABAM02000001.1:2613160-2613750|+ -            197 9375at91347          -            437    0.0001   19.1   0.0   1   2    0.0013      0.92    6.0   0.0    58    73    69    84    62    97 0.83 NZ_ABAM02000001.1_2443 # 2613160 # 2613750 # 1 # ID=2_2443;partial=00;start_type=ATG;rbs_motif=AGGAG;rbs_spacer=5-10bp;gc_cont=0.570
NZ_ABAM02000001.1:2613160-2613750|+ -            197 9375at91347          -            437    0.0001   19.1   0.0   2   2   3.9e-05     0.028   11.0   0.0    97   136   143   182   137   195 0.77 NZ_ABAM02000001.1_2443 # 2613160 # 2613750 # 1 # ID=2_2443;partial=00;start_type=ATG;rbs_motif=AGGAG;rbs_spacer=5-10bp;gc_cont=0.570
NZ_ABAM02000001.1:577174-578322|+   -            383 9375at91347          -            437   0.00066   16.4   0.0   1   1   1.3e-06   0.00091   15.9   0.0     6    81   198   284   193   319 0.70 NZ_ABAM02000001.1_514 # 577174 # 578322 # 1 # ID=2_514;partial=00;start_type=TTG;rbs_motif=GGAGG;rbs_spacer=5-10bp;gc_cont=0.554
NZ_ABAM02000001.1:1730819-1731925|- -            369 9375at91347          -            437    0.0009   16.0   0.0   1   2   4.9e-06    0.0035   14.0   0.0   161   182     6    27     3    40 0.85 NZ_ABAM02000001.1_1560 # 1730819 # 1731925 # -1 # ID=2_1560;partial=00;start_type=ATG;rbs_motif=GGA/GAG/AGG;rbs_spacer=5-10bp;gc_cont=0.543
NZ_ABAM02000001.1:1730819-1731925|- -            369 9375at91347          -            437    0.0009   16.0   0.0   2   2      0.19   1.4e+02   -1.1   0.0   286   306   168   188   161   192 0.87 NZ_ABAM02000001.1_1560 # 1730819 # 1731925 # -1 # ID=2_1560;partial=00;start_type=ATG;rbs_motif=GGA/GAG/AGG;rbs_spacer=5-10bp;gc_cont=0.543
NZ_ABAM02000001.1:2280028-2281623|+ -            532 9375at91347          -            437     0.001   15.8   0.1   1   2   0.00051      0.37    7.3   0.1    50    84    68   102    47   112 0.89 NZ_ABAM02000001.1_2109 # 2280028 # 2281623 # 1 # ID=2_2109;partial=00;start_type=ATG;rbs_motif=AGGAG;rbs_spacer=5-10bp;gc_cont=0.573
NZ_ABAM02000001.1:2280028-2281623|+ -            532 9375at91347          -            437     0.001   15.8   0.1   2   2     0.001      0.74    6.3   0.0   115   143   153   181   126   194 0.75 NZ_ABAM02000001.1_2109 # 2280028 # 2281623 # 1 # ID=2_2109;partial=00;start_type=ATG;rbs_motif=AGGAG;rbs_spacer=5-10bp;gc_cont=0.573
#
# Program:         hmmsearch
# Version:         3.4 (Aug 2023)
# Pipeline mode:   SEARCH
# Query file:      /Users/dizzler/Projects/School/BIOL4600-Capstone/busco_downloads/lineages/enterobacterales_odb10/hmms/9375at91347.hmm
# Target file:     reports/busco-results/GCF_000170215.1_ASM17021v1_genomic.fna/prodigal_output/predicted_genes/predicted.faa
# Option settings: hmmsearch --domtblout reports/busco-results/GCF_000170215.1_ASM17021v1_genomic.fna/run_enterobacterales_odb10/hmmer_output/9375at91347.out --cpu 1 /Users/dizzler/Projects/School/BIOL4600-Capstone/busco_downloads/lineages/enterobacterales_odb10/hmms/9375at91347.hmm reports/busco-results/GCF_000170215.1_ASM17021v1_genomic.fna/prodigal_output/predicted_genes/predicted.faa 
# Current dir:     /Users/dizzler/Projects/School/BIOL4600-Capstone
# Date:            Sat Feb 21 23:24:49 2026
# [ok]
