#                                                                                     --- full sequence --- -------------- this domain -------------   hmm coord   ali coord   env coord
# target name                 accession   tlen query name           accession   qlen   E-value  score  bias   #  of  c-Evalue  i-Evalue  score  bias  from    to  from    to  from    to  acc description of target
#         ------------------- ---------- ----- -------------------- ---------- ----- --------- ------ ----- --- --- --------- --------- ------ ----- ----- ----- ----- ----- ----- ----- ---- ---------------------
NC_011149.1:152718-154193|+   -            492 19201at91347         -            411  1.1e-208  691.2   0.0   1   2  1.9e-134  1.7e-131  437.0   0.0     6   248    11   264     4   274 0.95 NC_011149.1_130 # 152718 # 154193 # 1 # ID=1_130;partial=00;start_type=ATG;rbs_motif=4Base/6BMM;rbs_spacer=13-15bp;gc_cont=0.566
NC_011149.1:152718-154193|+   -            492 19201at91347         -            411  1.1e-208  691.2   0.0   2   2   5.7e-77   5.2e-74  247.6   0.0   245   410   284   479   279   480 0.89 NC_011149.1_130 # 152718 # 154193 # 1 # ID=1_130;partial=00;start_type=ATG;rbs_motif=4Base/6BMM;rbs_spacer=13-15bp;gc_cont=0.566
NC_011149.1:4589003-4590382|+ -            460 19201at91347         -            411   2.2e-42  143.5   0.0   1   2   1.4e-34   1.3e-31  108.0   0.0    16   221     2   224     1   231 0.84 NC_011149.1_4255 # 4589003 # 4590382 # 1 # ID=1_4255;partial=00;start_type=ATG;rbs_motif=AGGA;rbs_spacer=5-10bp;gc_cont=0.585
NC_011149.1:4589003-4590382|+ -            460 19201at91347         -            411   2.2e-42  143.5   0.0   2   2   6.4e-12   5.7e-09   33.4   0.0   248   356   274   387   266   445 0.86 NC_011149.1_4255 # 4589003 # 4590382 # 1 # ID=1_4255;partial=00;start_type=ATG;rbs_motif=AGGA;rbs_spacer=5-10bp;gc_cont=0.585
NC_011149.1:148975-150291|+   -            439 19201at91347         -            411   4.6e-12   43.6   0.0   1   2   4.1e-09   3.7e-06   24.1   0.0    65   203    65   201    45   217 0.81 NC_011149.1_127 # 148975 # 150291 # 1 # ID=1_127;partial=00;start_type=ATG;rbs_motif=GGA/GAG/AGG;rbs_spacer=5-10bp;gc_cont=0.586
NC_011149.1:148975-150291|+   -            439 19201at91347         -            411   4.6e-12   43.6   0.0   2   2   5.1e-07   0.00046   17.2   0.0   242   291   257   307   251   318 0.87 NC_011149.1_127 # 148975 # 150291 # 1 # ID=1_127;partial=00;start_type=ATG;rbs_motif=GGA/GAG/AGG;rbs_spacer=5-10bp;gc_cont=0.586
NC_011149.1:145054-146541|+   -            496 19201at91347         -            411   5.1e-06   23.7   0.2   1   2   2.6e-05     0.024   11.6   0.7   109   226   112   249   106   265 0.60 NC_011149.1_124 # 145054 # 146541 # 1 # ID=1_124;partial=00;start_type=GTG;rbs_motif=GGAG/GAGG;rbs_spacer=5-10bp;gc_cont=0.591
NC_011149.1:145054-146541|+   -            496 19201at91347         -            411   5.1e-06   23.7   0.2   2   2    0.0017       1.6    5.6   0.0   251   318   305   375   299   385 0.69 NC_011149.1_124 # 145054 # 146541 # 1 # ID=1_124;partial=00;start_type=GTG;rbs_motif=GGAG/GAGG;rbs_spacer=5-10bp;gc_cont=0.591
NC_011149.1:146538-147896|+   -            453 19201at91347         -            411    0.0031   14.5   0.0   1   2    0.0024       2.2    5.1   0.0   108   221   102   222    88   231 0.76 NC_011149.1_125 # 146538 # 147896 # 1 # ID=1_125;partial=00;start_type=ATG;rbs_motif=GGxGG;rbs_spacer=5-10bp;gc_cont=0.566
NC_011149.1:146538-147896|+   -            453 19201at91347         -            411    0.0031   14.5   0.0   2   2   0.00058      0.53    7.2   0.1   245   284   273   313   267   349 0.72 NC_011149.1_125 # 146538 # 147896 # 1 # ID=1_125;partial=00;start_type=ATG;rbs_motif=GGxGG;rbs_spacer=5-10bp;gc_cont=0.566
#
# Program:         hmmsearch
# Version:         3.4 (Aug 2023)
# Pipeline mode:   SEARCH
# Query file:      /Users/dizzler/Projects/School/BIOL4600-Capstone/busco_downloads/lineages/enterobacterales_odb10/hmms/19201at91347.hmm
# Target file:     reports/busco-results/data/00-reads/GCF_000020885.1_ASM2088v1_genomic.fna/prodigal_output/predicted_genes/predicted.faa
# Option settings: hmmsearch --domtblout reports/busco-results/data/00-reads/GCF_000020885.1_ASM2088v1_genomic.fna/run_enterobacterales_odb10/hmmer_output/19201at91347.out --cpu 1 /Users/dizzler/Projects/School/BIOL4600-Capstone/busco_downloads/lineages/enterobacterales_odb10/hmms/19201at91347.hmm reports/busco-results/data/00-reads/GCF_000020885.1_ASM2088v1_genomic.fna/prodigal_output/predicted_genes/predicted.faa 
# Current dir:     /Users/dizzler/Projects/School/BIOL4600-Capstone
# Date:            Sat Feb 21 22:04:11 2026
# [ok]
