#                                                                                     --- full sequence --- -------------- this domain -------------   hmm coord   ali coord   env coord
# target name                 accession   tlen query name           accession   qlen   E-value  score  bias   #  of  c-Evalue  i-Evalue  score  bias  from    to  from    to  from    to  acc description of target
#         ------------------- ---------- ----- -------------------- ---------- ----- --------- ------ ----- --- --- --------- --------- ------ ----- ----- ----- ----- ----- ----- ----- ---- ---------------------
NC_011149.1:822452-823741|-   -            430 23619at91347         -            365  1.9e-200  663.4   0.4   1   2  4.2e-101   3.1e-98  327.1   0.1     1   173     1   179     1   183 0.95 NC_011149.1_749 # 822452 # 823741 # -1 # ID=1_749;partial=00;start_type=ATG;rbs_motif=None;rbs_spacer=None;gc_cont=0.588
NC_011149.1:822452-823741|-   -            430 23619at91347         -            365  1.9e-200  663.4   0.4   2   2  2.4e-103  1.8e-100  334.4   0.1   167   365   197   421   193   421 0.94 NC_011149.1_749 # 822452 # 823741 # -1 # ID=1_749;partial=00;start_type=ATG;rbs_motif=None;rbs_spacer=None;gc_cont=0.588
NC_011149.1:3307635-3309014|+ -            460 23619at91347         -            365   5.6e-45  151.8   0.0   1   1   4.2e-47   3.2e-44  149.4   0.0    38   299    79   356    67   367 0.78 NC_011149.1_3086 # 3307635 # 3309014 # 1 # ID=1_3086;partial=00;start_type=TTG;rbs_motif=GGAG/GAGG;rbs_spacer=5-10bp;gc_cont=0.541
NC_011149.1:3534472-3535689|- -            406 23619at91347         -            365     5e-36  122.4   0.0   1   1   9.9e-39   7.4e-36  121.8   0.0    38   303    39   313    17   329 0.78 NC_011149.1_3325 # 3534472 # 3535689 # -1 # ID=1_3325;partial=00;start_type=ATG;rbs_motif=GGxGG;rbs_spacer=5-10bp;gc_cont=0.559
NC_011149.1:1829860-1831086|- -            409 23619at91347         -            365   5.3e-36  122.3   0.0   1   1   1.2e-38   8.9e-36  121.6   0.0    32   298    30   304    13   319 0.81 NC_011149.1_1707 # 1829860 # 1831086 # -1 # ID=1_1707;partial=00;start_type=ATG;rbs_motif=GGAG/GAGG;rbs_spacer=5-10bp;gc_cont=0.553
NC_011149.1:2850058-2851341|+ -            428 23619at91347         -            365   1.1e-32  111.4   0.5   1   2   2.3e-10   1.7e-07   28.5   0.0    56   149    56   149    22   171 0.85 NC_011149.1_2647 # 2850058 # 2851341 # 1 # ID=1_2647;partial=00;start_type=ATG;rbs_motif=AGGAG;rbs_spacer=5-10bp;gc_cont=0.580
NC_011149.1:2850058-2851341|+ -            428 23619at91347         -            365   1.1e-32  111.4   0.5   2   2     2e-26   1.5e-23   81.3   0.1   170   305   195   327   175   341 0.89 NC_011149.1_2647 # 2850058 # 2851341 # 1 # ID=1_2647;partial=00;start_type=ATG;rbs_motif=AGGAG;rbs_spacer=5-10bp;gc_cont=0.580
NC_011149.1:245746-247026|-   -            427 23619at91347         -            365   2.3e-21   74.2   0.0   1   1   6.7e-24   5.1e-21   73.0   0.0    32   298    39   320    31   344 0.77 NC_011149.1_212 # 245746 # 247026 # -1 # ID=1_212;partial=00;start_type=ATG;rbs_motif=AGGA;rbs_spacer=5-10bp;gc_cont=0.589
#
# Program:         hmmsearch
# Version:         3.4 (Aug 2023)
# Pipeline mode:   SEARCH
# Query file:      /Users/dizzler/Projects/School/BIOL4600-Capstone/busco_downloads/lineages/enterobacterales_odb10/hmms/23619at91347.hmm
# Target file:     reports/busco-results/data/00-reads/GCF_000020885.1_ASM2088v1_genomic.fna/prodigal_output/predicted_genes/predicted.faa
# Option settings: hmmsearch --domtblout reports/busco-results/data/00-reads/GCF_000020885.1_ASM2088v1_genomic.fna/run_enterobacterales_odb10/hmmer_output/23619at91347.out --cpu 1 /Users/dizzler/Projects/School/BIOL4600-Capstone/busco_downloads/lineages/enterobacterales_odb10/hmms/23619at91347.hmm reports/busco-results/data/00-reads/GCF_000020885.1_ASM2088v1_genomic.fna/prodigal_output/predicted_genes/predicted.faa 
# Current dir:     /Users/dizzler/Projects/School/BIOL4600-Capstone
# Date:            Sat Feb 21 22:04:11 2026
# [ok]
