#                                                                                     --- full sequence --- -------------- this domain -------------   hmm coord   ali coord   env coord
# target name                 accession   tlen query name           accession   qlen   E-value  score  bias   #  of  c-Evalue  i-Evalue  score  bias  from    to  from    to  from    to  acc description of target
#         ------------------- ---------- ----- -------------------- ---------- ----- --------- ------ ----- --- --- --------- --------- ------ ----- ----- ----- ----- ----- ----- ----- ---- ---------------------
NC_011149.1:2117227-2118633|- -            469 33151at91347         -            402  6.8e-215  711.7   0.2   1   1  8.8e-218  7.9e-215  711.5   0.2     1   402     1   466     1   466 0.92 NC_011149.1_2002 # 2117227 # 2118633 # -1 # ID=1_2002;partial=00;start_type=ATG;rbs_motif=AGGAG;rbs_spacer=5-10bp;gc_cont=0.518
NC_011149.1:563001-563879|+   -            293 33151at91347         -            402   4.1e-09   34.0   0.1   1   2   9.1e-05     0.082   10.0   0.0     5    71     2    70     1    79 0.79 NC_011149.1_505 # 563001 # 563879 # 1 # ID=1_505;partial=00;start_type=ATG;rbs_motif=GGAG/GAGG;rbs_spacer=5-10bp;gc_cont=0.511
NC_011149.1:563001-563879|+   -            293 33151at91347         -            402   4.1e-09   34.0   0.1   2   2   1.8e-08   1.6e-05   22.2   0.1    94   171   113   188    98   200 0.86 NC_011149.1_505 # 563001 # 563879 # 1 # ID=1_505;partial=00;start_type=ATG;rbs_motif=GGAG/GAGG;rbs_spacer=5-10bp;gc_cont=0.511
NC_011149.1:3339033-3339923|- -            297 33151at91347         -            402   4.7e-07   27.2   1.7   1   1   6.5e-09   5.8e-06   23.7   1.7     4   173     3   193     1   249 0.75 NC_011149.1_3115 # 3339033 # 3339923 # -1 # ID=1_3115;partial=00;start_type=ATG;rbs_motif=GGA/GAG/AGG;rbs_spacer=5-10bp;gc_cont=0.566
NC_011149.1:2970860-2971783|- -            308 33151at91347         -            402   0.00028   18.1   0.1   1   2       1.2   1.1e+03   -3.6   0.2     5    19     8    22     7    27 0.83 NC_011149.1_2771 # 2970860 # 2971783 # -1 # ID=1_2771;partial=00;start_type=ATG;rbs_motif=GGAG/GAGG;rbs_spacer=5-10bp;gc_cont=0.596
NC_011149.1:2970860-2971783|- -            308 33151at91347         -            402   0.00028   18.1   0.1   2   2   3.1e-07   0.00028   18.1   0.1    93   171   120   197    71   203 0.87 NC_011149.1_2771 # 2970860 # 2971783 # -1 # ID=1_2771;partial=00;start_type=ATG;rbs_motif=GGAG/GAGG;rbs_spacer=5-10bp;gc_cont=0.596
NC_011149.1:4154478-4155374|- -            299 33151at91347         -            402     0.049   10.7   0.1   1   1   0.00021      0.19    8.8   0.1     6    39     4    37     1   196 0.54 NC_011149.1_3869 # 4154478 # 4155374 # -1 # ID=1_3869;partial=00;start_type=ATG;rbs_motif=AGGAG;rbs_spacer=5-10bp;gc_cont=0.563
#
# Program:         hmmsearch
# Version:         3.4 (Aug 2023)
# Pipeline mode:   SEARCH
# Query file:      /Users/dizzler/Projects/School/BIOL4600-Capstone/busco_downloads/lineages/enterobacterales_odb10/hmms/33151at91347.hmm
# Target file:     reports/busco-results/data/00-reads/GCF_000020885.1_ASM2088v1_genomic.fna/prodigal_output/predicted_genes/predicted.faa
# Option settings: hmmsearch --domtblout reports/busco-results/data/00-reads/GCF_000020885.1_ASM2088v1_genomic.fna/run_enterobacterales_odb10/hmmer_output/33151at91347.out --cpu 1 /Users/dizzler/Projects/School/BIOL4600-Capstone/busco_downloads/lineages/enterobacterales_odb10/hmms/33151at91347.hmm reports/busco-results/data/00-reads/GCF_000020885.1_ASM2088v1_genomic.fna/prodigal_output/predicted_genes/predicted.faa 
# Current dir:     /Users/dizzler/Projects/School/BIOL4600-Capstone
# Date:            Sat Feb 21 22:04:11 2026
# [ok]
