#                                                                                     --- full sequence --- -------------- this domain -------------   hmm coord   ali coord   env coord
# target name                 accession   tlen query name           accession   qlen   E-value  score  bias   #  of  c-Evalue  i-Evalue  score  bias  from    to  from    to  from    to  acc description of target
#         ------------------- ---------- ----- -------------------- ---------- ----- --------- ------ ----- --- --- --------- --------- ------ ----- ----- ----- ----- ----- ----- ----- ---- ---------------------
NC_011149.1:3379617-3380954|- -            446 33787at91347         -            385  6.2e-212  701.2   1.5   1   2  3.4e-206  3.9e-203  672.2   0.4     1   357     1   376     1   380 0.97 NC_011149.1_3154 # 3379617 # 3380954 # -1 # ID=1_3154;partial=00;start_type=ATG;rbs_motif=GGA/GAG/AGG;rbs_spacer=5-10bp;gc_cont=0.575
NC_011149.1:3379617-3380954|- -            446 33787at91347         -            385  6.2e-212  701.2   1.5   2   2   1.6e-10   1.8e-07   28.1   0.0   354   382   402   430   395   433 0.88 NC_011149.1_3154 # 3379617 # 3380954 # -1 # ID=1_3154;partial=00;start_type=ATG;rbs_motif=GGA/GAG/AGG;rbs_spacer=5-10bp;gc_cont=0.575
NC_011149.1:2144886-2146256|- -            457 33787at91347         -            385   4.2e-30  102.6   0.0   1   2   7.2e-32   8.1e-29   98.4   0.0     2   350     2   373     1   377 0.80 NC_011149.1_2025 # 2144886 # 2146256 # -1 # ID=1_2025;partial=00;start_type=ATG;rbs_motif=AGxAGG/AGGxGG;rbs_spacer=5-10bp;gc_cont=0.621
NC_011149.1:2144886-2146256|- -            457 33787at91347         -            385   4.2e-30  102.6   0.0   2   2     0.037        41    0.6   0.0   359   377   418   436   414   440 0.88 NC_011149.1_2025 # 2144886 # 2146256 # -1 # ID=1_2025;partial=00;start_type=ATG;rbs_motif=AGxAGG/AGGxGG;rbs_spacer=5-10bp;gc_cont=0.621
NC_011149.1:2120299-2121732|- -            478 33787at91347         -            385   8.6e-18   62.1   0.0   1   1   1.2e-20   1.3e-17   61.5   0.0     6   245    17   266    13   332 0.81 NC_011149.1_2004 # 2120299 # 2121732 # -1 # ID=1_2004;partial=00;start_type=ATG;rbs_motif=AGGAG;rbs_spacer=5-10bp;gc_cont=0.410
NC_011149.1:736558-738198|+   -            547 33787at91347         -            385   7.7e-10   35.9   0.0   1   2   5.9e-11   6.6e-08   29.5   0.0     6   129    41   174    36   186 0.77 NC_011149.1_671 # 736558 # 738198 # 1 # ID=1_671;partial=00;start_type=ATG;rbs_motif=AGGA;rbs_spacer=5-10bp;gc_cont=0.563
NC_011149.1:736558-738198|+   -            547 33787at91347         -            385   7.7e-10   35.9   0.0   2   2     0.003       3.3    4.2   0.0   211   327   292   416   277   433 0.74 NC_011149.1_671 # 736558 # 738198 # 1 # ID=1_671;partial=00;start_type=ATG;rbs_motif=AGGA;rbs_spacer=5-10bp;gc_cont=0.563
#
# Program:         hmmsearch
# Version:         3.4 (Aug 2023)
# Pipeline mode:   SEARCH
# Query file:      /Users/dizzler/Projects/School/BIOL4600-Capstone/busco_downloads/lineages/enterobacterales_odb10/hmms/33787at91347.hmm
# Target file:     reports/busco-results/data/00-reads/GCF_000020885.1_ASM2088v1_genomic.fna/prodigal_output/predicted_genes/predicted.faa
# Option settings: hmmsearch --domtblout reports/busco-results/data/00-reads/GCF_000020885.1_ASM2088v1_genomic.fna/run_enterobacterales_odb10/hmmer_output/33787at91347.out --cpu 1 /Users/dizzler/Projects/School/BIOL4600-Capstone/busco_downloads/lineages/enterobacterales_odb10/hmms/33787at91347.hmm reports/busco-results/data/00-reads/GCF_000020885.1_ASM2088v1_genomic.fna/prodigal_output/predicted_genes/predicted.faa 
# Current dir:     /Users/dizzler/Projects/School/BIOL4600-Capstone
# Date:            Sat Feb 21 22:04:11 2026
# [ok]
