#                                                                                   --- full sequence --- -------------- this domain -------------   hmm coord   ali coord   env coord
# target name               accession   tlen query name           accession   qlen   E-value  score  bias   #  of  c-Evalue  i-Evalue  score  bias  from    to  from    to  from    to  acc description of target
#       ------------------- ---------- ----- -------------------- ---------- ----- --------- ------ ----- --- --- --------- --------- ------ ----- ----- ----- ----- ----- ----- ----- ---- ---------------------
NC_011149.1:768672-769880|+ -            403 57147at91347         -            335  1.3e-178  591.1   2.1   1   3   3.1e-36   7.1e-33  112.0   0.7     1   125     1   129     1   135 0.78 NC_011149.1_697 # 768672 # 769880 # 1 # ID=1_697;partial=00;start_type=ATG;rbs_motif=AGGA;rbs_spacer=5-10bp;gc_cont=0.564
NC_011149.1:768672-769880|+ -            403 57147at91347         -            335  1.3e-178  591.1   2.1   2   3     0.018        40    1.1   0.0    74   105   106   148    87   151 0.60 NC_011149.1_697 # 768672 # 769880 # 1 # ID=1_697;partial=00;start_type=ATG;rbs_motif=AGGA;rbs_spacer=5-10bp;gc_cont=0.564
NC_011149.1:768672-769880|+ -            403 57147at91347         -            335  1.3e-178  591.1   2.1   3   3  1.6e-147  3.6e-144  477.9   0.0   104   335   171   402   163   402 0.99 NC_011149.1_697 # 768672 # 769880 # 1 # ID=1_697;partial=00;start_type=ATG;rbs_motif=AGGA;rbs_spacer=5-10bp;gc_cont=0.564
NC_011149.1:182219-184108|+ -            630 57147at91347         -            335   3.1e-57  192.1  14.5   1   4   5.4e-07    0.0012   15.9   1.4     4    73     3    73     1    94 0.82 NC_011149.1_156 # 182219 # 184108 # 1 # ID=1_156;partial=00;start_type=ATG;rbs_motif=GGAG/GAGG;rbs_spacer=5-10bp;gc_cont=0.556
NC_011149.1:182219-184108|+ -            630 57147at91347         -            335   3.1e-57  192.1  14.5   2   4   3.8e-08   8.6e-05   19.7   0.4     4    74   106   177   103   193 0.82 NC_011149.1_156 # 182219 # 184108 # 1 # ID=1_156;partial=00;start_type=ATG;rbs_motif=GGAG/GAGG;rbs_spacer=5-10bp;gc_cont=0.556
NC_011149.1:182219-184108|+ -            630 57147at91347         -            335   3.1e-57  192.1  14.5   3   4     1e-07   0.00023   18.2   0.3     5    74   208   278   205   298 0.81 NC_011149.1_156 # 182219 # 184108 # 1 # ID=1_156;partial=00;start_type=ATG;rbs_motif=GGAG/GAGG;rbs_spacer=5-10bp;gc_cont=0.556
NC_011149.1:182219-184108|+ -            630 57147at91347         -            335   3.1e-57  192.1  14.5   4   4   2.2e-46     5e-43  145.4   0.0   106   333   399   629   386   629 0.92 NC_011149.1_156 # 182219 # 184108 # 1 # ID=1_156;partial=00;start_type=ATG;rbs_motif=GGAG/GAGG;rbs_spacer=5-10bp;gc_cont=0.556
#
# Program:         hmmsearch
# Version:         3.4 (Aug 2023)
# Pipeline mode:   SEARCH
# Query file:      /Users/dizzler/Projects/School/BIOL4600-Capstone/busco_downloads/lineages/enterobacterales_odb10/hmms/57147at91347.hmm
# Target file:     reports/busco-results/data/00-reads/GCF_000020885.1_ASM2088v1_genomic.fna/prodigal_output/predicted_genes/predicted.faa
# Option settings: hmmsearch --domtblout reports/busco-results/data/00-reads/GCF_000020885.1_ASM2088v1_genomic.fna/run_enterobacterales_odb10/hmmer_output/57147at91347.out --cpu 1 /Users/dizzler/Projects/School/BIOL4600-Capstone/busco_downloads/lineages/enterobacterales_odb10/hmms/57147at91347.hmm reports/busco-results/data/00-reads/GCF_000020885.1_ASM2088v1_genomic.fna/prodigal_output/predicted_genes/predicted.faa 
# Current dir:     /Users/dizzler/Projects/School/BIOL4600-Capstone
# Date:            Sat Feb 21 22:04:12 2026
# [ok]
