#                                                                                     --- full sequence --- -------------- this domain -------------   hmm coord   ali coord   env coord
# target name                 accession   tlen query name           accession   qlen   E-value  score  bias   #  of  c-Evalue  i-Evalue  score  bias  from    to  from    to  from    to  acc description of target
#         ------------------- ---------- ----- -------------------- ---------- ----- --------- ------ ----- --- --- --------- --------- ------ ----- ----- ----- ----- ----- ----- ----- ---- ---------------------
NC_011149.1:3370821-3373499|- -            893 6639at91347          -            664         0 1161.2  34.2   1   3   6.9e-32   2.8e-29   99.8   4.1     1   111     3   124     3   159 0.89 NC_011149.1_3148 # 3370821 # 3373499 # -1 # ID=1_3148;partial=00;start_type=ATG;rbs_motif=AGGA;rbs_spacer=5-10bp;gc_cont=0.555
NC_011149.1:3370821-3373499|- -            893 6639at91347          -            664         0 1161.2  34.2   2   3    0.0014      0.57    6.2   0.2    75   101   226   252   211   267 0.86 NC_011149.1_3148 # 3370821 # 3373499 # -1 # ID=1_3148;partial=00;start_type=ATG;rbs_motif=AGGA;rbs_spacer=5-10bp;gc_cont=0.555
NC_011149.1:3370821-3373499|- -            893 6639at91347          -            664         0 1161.2  34.2   3   3         0         0 1066.3  14.8    96   664   285   887   263   887 0.94 NC_011149.1_3148 # 3370821 # 3373499 # -1 # ID=1_3148;partial=00;start_type=ATG;rbs_motif=AGGA;rbs_spacer=5-10bp;gc_cont=0.555
NC_011149.1:3788706-3790556|- -            617 6639at91347          -            664   7.4e-21   72.0   0.1   1   1   2.3e-23   9.3e-21   71.6   0.1   196   397     2   212     1   228 0.76 NC_011149.1_3540 # 3788706 # 3790556 # -1 # ID=1_3540;partial=00;start_type=ATG;rbs_motif=AGGA/GGAG/GAGG;rbs_spacer=11-12bp;gc_cont=0.571
NC_011149.1:2688526-2690325|- -            600 6639at91347          -            664   1.1e-17   61.5   0.8   1   1   3.6e-19   1.5e-16   57.7   0.8   198   393     8   223     5   232 0.77 NC_011149.1_2499 # 2688526 # 2690325 # -1 # ID=1_2499;partial=00;start_type=ATG;rbs_motif=None;rbs_spacer=None;gc_cont=0.530
NC_011149.1:3514316-3515500|- -            395 6639at91347          -            664   3.1e-14   50.1   7.5   1   2   1.1e-16   4.5e-14   49.5   3.1   197   310    15   147     5   181 0.71 NC_011149.1_3302 # 3514316 # 3515500 # -1 # ID=1_3302;partial=00;start_type=GTG;rbs_motif=AGGA;rbs_spacer=5-10bp;gc_cont=0.543
NC_011149.1:3514316-3515500|- -            395 6639at91347          -            664   3.1e-14   50.1   7.5   2   2      0.07        29    0.6   0.1   577   643   213   278   201   292 0.78 NC_011149.1_3302 # 3514316 # 3515500 # -1 # ID=1_3302;partial=00;start_type=GTG;rbs_motif=AGGA;rbs_spacer=5-10bp;gc_cont=0.543
NC_011149.1:4279246-4280430|+ -            395 6639at91347          -            664   3.1e-14   50.1   7.5   1   2   1.1e-16   4.5e-14   49.5   3.1   197   310    15   147     5   181 0.71 NC_011149.1_3981 # 4279246 # 4280430 # 1 # ID=1_3981;partial=00;start_type=ATG;rbs_motif=GGAG/GAGG;rbs_spacer=5-10bp;gc_cont=0.540
NC_011149.1:4279246-4280430|+ -            395 6639at91347          -            664   3.1e-14   50.1   7.5   2   2      0.07        29    0.6   0.1   577   643   213   278   201   292 0.78 NC_011149.1_3981 # 4279246 # 4280430 # 1 # ID=1_3981;partial=00;start_type=ATG;rbs_motif=GGAG/GAGG;rbs_spacer=5-10bp;gc_cont=0.540
NC_011149.1:4136944-4138767|+ -            608 6639at91347          -            664   2.1e-12   44.0   1.6   1   1   1.7e-14   7.1e-12   42.3   1.6   197   304     8   133     5   175 0.74 NC_011149.1_3854 # 4136944 # 4138767 # 1 # ID=1_3854;partial=00;start_type=GTG;rbs_motif=GGAG/GAGG;rbs_spacer=5-10bp;gc_cont=0.538
NC_011149.1:2984436-2985875|- -            480 6639at91347          -            664     2e-09   34.2   0.0   1   2      0.63   2.6e+02   -2.5   0.0   608   625    46    63    29    65 0.82 NC_011149.1_2789 # 2984436 # 2985875 # -1 # ID=1_2789;partial=00;start_type=ATG;rbs_motif=AGGAG;rbs_spacer=5-10bp;gc_cont=0.551
NC_011149.1:2984436-2985875|- -            480 6639at91347          -            664     2e-09   34.2   0.0   2   2   1.3e-11   5.3e-09   32.8   0.0   224   340    90   213    77   218 0.79 NC_011149.1_2789 # 2984436 # 2985875 # -1 # ID=1_2789;partial=00;start_type=ATG;rbs_motif=AGGAG;rbs_spacer=5-10bp;gc_cont=0.551
NC_011149.1:3515572-3517686|- -            705 6639at91347          -            664   4.9e-08   29.6   0.0   1   1   2.7e-10   1.1e-07   28.5   0.0   237   307    80   150    71   179 0.91 NC_011149.1_3303 # 3515572 # 3517686 # -1 # ID=1_3303;partial=00;start_type=ATG;rbs_motif=GGAG/GAGG;rbs_spacer=5-10bp;gc_cont=0.518
NC_011149.1:4755118-4756707|+ -            530 6639at91347          -            664   1.3e-07   28.3   0.0   1   1   5.4e-10   2.2e-07   27.4   0.0   226   307    69   150    55   166 0.88 NC_011149.1_4416 # 4755118 # 4756707 # 1 # ID=1_4416;partial=00;start_type=ATG;rbs_motif=AGxAG;rbs_spacer=5-10bp;gc_cont=0.546
NC_011149.1:2611872-2613344|- -            491 6639at91347          -            664   1.5e-06   24.6   0.0   1   2   1.1e-05    0.0046   13.2   0.0   195   349     3   160     1   162 0.77 NC_011149.1_2432 # 2611872 # 2613344 # -1 # ID=1_2432;partial=00;start_type=ATG;rbs_motif=GGAG/GAGG;rbs_spacer=5-10bp;gc_cont=0.549
NC_011149.1:2611872-2613344|- -            491 6639at91347          -            664   1.5e-06   24.6   0.0   2   2   0.00016     0.065    9.4   0.0   260   347   282   368   270   382 0.81 NC_011149.1_2432 # 2611872 # 2613344 # -1 # ID=1_2432;partial=00;start_type=ATG;rbs_motif=GGAG/GAGG;rbs_spacer=5-10bp;gc_cont=0.549
NC_011149.1:2685679-2686584|- -            302 6639at91347          -            664   0.00014   18.2   0.6   1   2   7.9e-07   0.00033   17.0   0.2   194   342     8   164     1   170 0.65 NC_011149.1_2496 # 2685679 # 2686584 # -1 # ID=1_2496;partial=00;start_type=ATG;rbs_motif=GGAG/GAGG;rbs_spacer=5-10bp;gc_cont=0.515
NC_011149.1:2685679-2686584|- -            302 6639at91347          -            664   0.00014   18.2   0.6   2   2      0.26     1e+02   -1.2   0.0    49    78   237   266   229   279 0.76 NC_011149.1_2496 # 2685679 # 2686584 # -1 # ID=1_2496;partial=00;start_type=ATG;rbs_motif=GGAG/GAGG;rbs_spacer=5-10bp;gc_cont=0.515
#
# Program:         hmmsearch
# Version:         3.4 (Aug 2023)
# Pipeline mode:   SEARCH
# Query file:      /Users/dizzler/Projects/School/BIOL4600-Capstone/busco_downloads/lineages/enterobacterales_odb10/hmms/6639at91347.hmm
# Target file:     reports/busco-results/data/00-reads/GCF_000020885.1_ASM2088v1_genomic.fna/prodigal_output/predicted_genes/predicted.faa
# Option settings: hmmsearch --domtblout reports/busco-results/data/00-reads/GCF_000020885.1_ASM2088v1_genomic.fna/run_enterobacterales_odb10/hmmer_output/6639at91347.out --cpu 1 /Users/dizzler/Projects/School/BIOL4600-Capstone/busco_downloads/lineages/enterobacterales_odb10/hmms/6639at91347.hmm reports/busco-results/data/00-reads/GCF_000020885.1_ASM2088v1_genomic.fna/prodigal_output/predicted_genes/predicted.faa 
# Current dir:     /Users/dizzler/Projects/School/BIOL4600-Capstone
# Date:            Sat Feb 21 22:04:13 2026
# [ok]
