#                                                                                         --- full sequence --- -------------- this domain -------------   hmm coord   ali coord   env coord
# target name                     accession   tlen query name           accession   qlen   E-value  score  bias   #  of  c-Evalue  i-Evalue  score  bias  from    to  from    to  from    to  acc description of target
#             ------------------- ---------- ----- -------------------- ---------- ----- --------- ------ ----- --- --- --------- --------- ------ ----- ----- ----- ----- ----- ----- ----- ---- ---------------------
NZ_ABEI01000002.1:328836-330398|+ -            521 13521at91347         -            420  2.5e-224  742.9   1.4   1   3   7.7e-30   8.5e-27   92.2   0.0     1    76    17    94    17   105 0.92 NZ_ABEI01000002.1_317 # 328836 # 330398 # 1 # ID=52_317;partial=00;start_type=ATG;rbs_motif=GGA/GAG/AGG;rbs_spacer=5-10bp;gc_cont=0.585
NZ_ABEI01000002.1:328836-330398|+ -            521 13521at91347         -            420  2.5e-224  742.9   1.4   2   3   3.8e-28   4.2e-25   86.6   0.1    73   142   113   201   108   220 0.79 NZ_ABEI01000002.1_317 # 328836 # 330398 # 1 # ID=52_317;partial=00;start_type=ATG;rbs_motif=GGA/GAG/AGG;rbs_spacer=5-10bp;gc_cont=0.585
NZ_ABEI01000002.1:328836-330398|+ -            521 13521at91347         -            420  2.5e-224  742.9   1.4   3   3    2e-172  2.2e-169  561.9   0.1   149   420   239   514   233   514 0.98 NZ_ABEI01000002.1_317 # 328836 # 330398 # 1 # ID=52_317;partial=00;start_type=ATG;rbs_motif=GGA/GAG/AGG;rbs_spacer=5-10bp;gc_cont=0.585
NZ_ABEI01000029.1:22448-23812|-   -            455 13521at91347         -            420     7e-48  161.6   0.0   1   2   0.00062      0.68    6.8   0.0    99   137   109   153   103   166 0.83 NZ_ABEI01000029.1_24 # 22448 # 23812 # -1 # ID=25_24;partial=00;start_type=ATG;rbs_motif=GGA/GAG/AGG;rbs_spacer=5-10bp;gc_cont=0.554
NZ_ABEI01000029.1:22448-23812|-   -            455 13521at91347         -            420     7e-48  161.6   0.0   2   2   2.9e-48   3.2e-45  152.9   0.0   156   414   196   450   176   454 0.90 NZ_ABEI01000029.1_24 # 22448 # 23812 # -1 # ID=25_24;partial=00;start_type=ATG;rbs_motif=GGA/GAG/AGG;rbs_spacer=5-10bp;gc_cont=0.554
NZ_ABEI01000001.1:329398-330693|- -            432 13521at91347         -            420   7.4e-13   46.2   0.0   1   1   1.5e-15   1.7e-12   45.1   0.0   152   411   169   422   155   429 0.76 NZ_ABEI01000001.1_307 # 329398 # 330693 # -1 # ID=53_307;partial=00;start_type=GTG;rbs_motif=GGAGG;rbs_spacer=5-10bp;gc_cont=0.569
NZ_ABEI01000007.1:157749-158924|+ -            392 13521at91347         -            420   3.1e-11   40.9   0.0   1   2   1.4e-05     0.015   12.3   0.0   156   261   131   236   104   264 0.73 NZ_ABEI01000007.1_149 # 157749 # 158924 # 1 # ID=47_149;partial=00;start_type=ATG;rbs_motif=GGAGG;rbs_spacer=5-10bp;gc_cont=0.587
NZ_ABEI01000007.1:157749-158924|+ -            392 13521at91347         -            420   3.1e-11   40.9   0.0   2   2     6e-10   6.5e-07   26.7   0.0   334   414   303   386   282   389 0.91 NZ_ABEI01000007.1_149 # 157749 # 158924 # 1 # ID=47_149;partial=00;start_type=ATG;rbs_motif=GGAGG;rbs_spacer=5-10bp;gc_cont=0.587
#
# Program:         hmmsearch
# Version:         3.4 (Aug 2023)
# Pipeline mode:   SEARCH
# Query file:      /Users/dizzler/Projects/School/BIOL4600-Capstone/busco_downloads/lineages/enterobacterales_odb10/hmms/13521at91347.hmm
# Target file:     reports/busco-results/data/00-reads/GCF_000171275.1_ASM17127v1_genomic.fna/prodigal_output/predicted_genes/predicted.faa
# Option settings: hmmsearch --domtblout reports/busco-results/data/00-reads/GCF_000171275.1_ASM17127v1_genomic.fna/run_enterobacterales_odb10/hmmer_output/13521at91347.out --cpu 1 /Users/dizzler/Projects/School/BIOL4600-Capstone/busco_downloads/lineages/enterobacterales_odb10/hmms/13521at91347.hmm reports/busco-results/data/00-reads/GCF_000171275.1_ASM17127v1_genomic.fna/prodigal_output/predicted_genes/predicted.faa 
# Current dir:     /Users/dizzler/Projects/School/BIOL4600-Capstone
# Date:            Sat Feb 21 22:05:42 2026
# [ok]
