#                                                                                         --- full sequence --- -------------- this domain -------------   hmm coord   ali coord   env coord
# target name                     accession   tlen query name           accession   qlen   E-value  score  bias   #  of  c-Evalue  i-Evalue  score  bias  from    to  from    to  from    to  acc description of target
#             ------------------- ---------- ----- -------------------- ---------- ----- --------- ------ ----- --- --- --------- --------- ------ ----- ----- ----- ----- ----- ----- ----- ---- ---------------------
NZ_ABEI01000007.1:100402-101787|+ -            462 19461at91347         -            392  4.5e-196  649.4   0.0   1   1  7.4e-199  8.1e-196  648.5   0.0     1   392     1   461     1   461 0.88 NZ_ABEI01000007.1_93 # 100402 # 101787 # 1 # ID=47_93;partial=00;start_type=ATG;rbs_motif=GGA/GAG/AGG;rbs_spacer=5-10bp;gc_cont=0.548
NZ_ABEI01000001.1:173890-175923|+ -            678 19461at91347         -            392   6.8e-10   36.4   0.4   1   2   7.7e-06    0.0085   13.0   0.1    35   113    21   105     6   124 0.77 NZ_ABEI01000001.1_165 # 173890 # 175923 # 1 # ID=53_165;partial=00;start_type=ATG;rbs_motif=AGxAG;rbs_spacer=11-12bp;gc_cont=0.546
NZ_ABEI01000001.1:173890-175923|+ -            678 19461at91347         -            392   6.8e-10   36.4   0.4   2   2   2.1e-08   2.3e-05   21.5   0.0   222   281   318   378   291   483 0.65 NZ_ABEI01000001.1_165 # 173890 # 175923 # 1 # ID=53_165;partial=00;start_type=ATG;rbs_motif=AGxAG;rbs_spacer=11-12bp;gc_cont=0.546
NZ_ABEI01000007.1:210607-213189|- -            861 19461at91347         -            392   4.6e-09   33.7   0.1   1   2   0.00014      0.15    8.9   0.0    35    60    48    73    21    75 0.89 NZ_ABEI01000007.1_202 # 210607 # 213189 # -1 # ID=47_202;partial=00;start_type=ATG;rbs_motif=AGGA/GGAG/GAGG;rbs_spacer=11-12bp;gc_cont=0.558
NZ_ABEI01000007.1:210607-213189|- -            861 19461at91347         -            392   4.6e-09   33.7   0.1   2   2     1e-08   1.1e-05   22.5   0.0   231   332   612   715   604   757 0.76 NZ_ABEI01000007.1_202 # 210607 # 213189 # -1 # ID=47_202;partial=00;start_type=ATG;rbs_motif=AGGA/GGAG/GAGG;rbs_spacer=11-12bp;gc_cont=0.558
NZ_ABEI01000003.1:94639-97473|+   -            945 19461at91347         -            392   1.4e-07   28.8   0.3   1   3      0.25   2.8e+02   -1.8   0.0    36    63    65    92    63    94 0.91 NZ_ABEI01000003.1_89 # 94639 # 97473 # 1 # ID=51_89;partial=00;start_type=ATG;rbs_motif=GGA/GAG/AGG;rbs_spacer=5-10bp;gc_cont=0.550
NZ_ABEI01000003.1:94639-97473|+   -            945 19461at91347         -            392   1.4e-07   28.8   0.3   2   3   4.5e-10   4.9e-07   27.0   0.0   222   296   588   662   553   745 0.82 NZ_ABEI01000003.1_89 # 94639 # 97473 # 1 # ID=51_89;partial=00;start_type=ATG;rbs_motif=GGA/GAG/AGG;rbs_spacer=5-10bp;gc_cont=0.550
NZ_ABEI01000003.1:94639-97473|+   -            945 19461at91347         -            392   1.4e-07   28.8   0.3   3   3       1.1   1.2e+03   -3.9   0.1   304   348   819   863   813   871 0.81 NZ_ABEI01000003.1_89 # 94639 # 97473 # 1 # ID=51_89;partial=00;start_type=ATG;rbs_motif=GGA/GAG/AGG;rbs_spacer=5-10bp;gc_cont=0.550
#
# Program:         hmmsearch
# Version:         3.4 (Aug 2023)
# Pipeline mode:   SEARCH
# Query file:      /Users/dizzler/Projects/School/BIOL4600-Capstone/busco_downloads/lineages/enterobacterales_odb10/hmms/19461at91347.hmm
# Target file:     reports/busco-results/data/00-reads/GCF_000171275.1_ASM17127v1_genomic.fna/prodigal_output/predicted_genes/predicted.faa
# Option settings: hmmsearch --domtblout reports/busco-results/data/00-reads/GCF_000171275.1_ASM17127v1_genomic.fna/run_enterobacterales_odb10/hmmer_output/19461at91347.out --cpu 1 /Users/dizzler/Projects/School/BIOL4600-Capstone/busco_downloads/lineages/enterobacterales_odb10/hmms/19461at91347.hmm reports/busco-results/data/00-reads/GCF_000171275.1_ASM17127v1_genomic.fna/prodigal_output/predicted_genes/predicted.faa 
# Current dir:     /Users/dizzler/Projects/School/BIOL4600-Capstone
# Date:            Sat Feb 21 22:05:42 2026
# [ok]
