#                                                                                         --- full sequence --- -------------- this domain -------------   hmm coord   ali coord   env coord
# target name                     accession   tlen query name           accession   qlen   E-value  score  bias   #  of  c-Evalue  i-Evalue  score  bias  from    to  from    to  from    to  acc description of target
#             ------------------- ---------- ----- -------------------- ---------- ----- --------- ------ ----- --- --- --------- --------- ------ ----- ----- ----- ----- ----- ----- ----- ---- ---------------------
NZ_ABEI01000010.1:208421-209785|- -            455 26452at91347         -            382  6.2e-174  576.2  29.9   1   1  1.1e-172  1.5e-170  565.0  29.9     1   382     1   449     1   449 0.89 NZ_ABEI01000010.1_193 # 208421 # 209785 # -1 # ID=44_193;partial=00;start_type=ATG;rbs_motif=GGAG/GAGG;rbs_spacer=5-10bp;gc_cont=0.555
NZ_ABEI01000001.1:248455-249645|- -            397 26452at91347         -            382   3.5e-16   56.9  16.2   1   1   2.6e-18   3.5e-16   56.9  16.2    10   190     9   190     1   224 0.83 NZ_ABEI01000001.1_233 # 248455 # 249645 # -1 # ID=53_233;partial=00;start_type=GTG;rbs_motif=AGGAG;rbs_spacer=5-10bp;gc_cont=0.540
NZ_ABEI01000002.1:3733-4938|-     -            402 26452at91347         -            382     1e-15   55.3   3.5   1   2   7.6e-18     1e-15   55.3   3.5    22   192    17   188     1   221 0.87 NZ_ABEI01000002.1_4 # 3733 # 4938 # -1 # ID=52_4;partial=00;start_type=ATG;rbs_motif=GGA/GAG/AGG;rbs_spacer=5-10bp;gc_cont=0.551
NZ_ABEI01000002.1:3733-4938|-     -            402 26452at91347         -            382     1e-15   55.3   3.5   2   2       1.3   1.8e+02   -1.4   0.4   203   224   339   360   291   379 0.56 NZ_ABEI01000002.1_4 # 3733 # 4938 # -1 # ID=52_4;partial=00;start_type=ATG;rbs_motif=GGA/GAG/AGG;rbs_spacer=5-10bp;gc_cont=0.551
NZ_ABEI01000016.1:74524-75708|+   -            395 26452at91347         -            382   3.5e-14   50.3   5.0   1   2   2.5e-16   3.5e-14   50.3   5.0    14   173    11   171     1   189 0.76 NZ_ABEI01000016.1_72 # 74524 # 75708 # 1 # ID=38_72;partial=00;start_type=ATG;rbs_motif=None;rbs_spacer=None;gc_cont=0.584
NZ_ABEI01000016.1:74524-75708|+   -            395 26452at91347         -            382   3.5e-14   50.3   5.0   2   2       7.9   1.1e+03   -4.0   0.3   316   336   231   246   221   255 0.46 NZ_ABEI01000016.1_72 # 74524 # 75708 # 1 # ID=38_72;partial=00;start_type=ATG;rbs_motif=None;rbs_spacer=None;gc_cont=0.584
NZ_ABEI01000034.1:3749-4936|+     -            396 26452at91347         -            382   1.8e-13   48.0  12.3   1   2   1.3e-15   1.8e-13   48.0  12.3    25   219    17   224     2   304 0.77 NZ_ABEI01000034.1_4 # 3749 # 4936 # 1 # ID=20_4;partial=00;start_type=ATG;rbs_motif=GGAG/GAGG;rbs_spacer=5-10bp;gc_cont=0.555
NZ_ABEI01000034.1:3749-4936|+     -            396 26452at91347         -            382   1.8e-13   48.0  12.3   2   2      0.35        48    0.5   0.4   159   190   349   383   327   390 0.64 NZ_ABEI01000034.1_4 # 3749 # 4936 # 1 # ID=20_4;partial=00;start_type=ATG;rbs_motif=GGAG/GAGG;rbs_spacer=5-10bp;gc_cont=0.555
NZ_ABEI01000007.1:82364-83611|+   -            416 26452at91347         -            382   3.9e-12   43.6  28.3   1   2     1e-13   1.4e-11   41.8  13.8    29   184    32   192     8   209 0.81 NZ_ABEI01000007.1_77 # 82364 # 83611 # 1 # ID=47_77;partial=00;start_type=ATG;rbs_motif=GGA/GAG/AGG;rbs_spacer=5-10bp;gc_cont=0.461
NZ_ABEI01000007.1:82364-83611|+   -            416 26452at91347         -            382   3.9e-12   43.6  28.3   2   2    0.0022      0.31    7.7   6.5    17   190   228   407   214   414 0.71 NZ_ABEI01000007.1_77 # 82364 # 83611 # 1 # ID=47_77;partial=00;start_type=ATG;rbs_motif=GGA/GAG/AGG;rbs_spacer=5-10bp;gc_cont=0.461
NZ_ABEI01000013.1:112191-113432|- -            414 26452at91347         -            382   9.4e-12   42.3  11.6   1   1   1.3e-13   1.7e-11   41.5  11.6    52   191    56   197    46   276 0.92 NZ_ABEI01000013.1_106 # 112191 # 113432 # -1 # ID=41_106;partial=00;start_type=ATG;rbs_motif=GGAG/GAGG;rbs_spacer=5-10bp;gc_cont=0.572
NZ_ABEI01000002.1:61364-62617|-   -            418 26452at91347         -            382   1.5e-11   41.7  18.1   1   2     1e-10   1.4e-08   31.9   8.3    30   205    58   231    34   261 0.80 NZ_ABEI01000002.1_62 # 61364 # 62617 # -1 # ID=52_62;partial=00;start_type=GTG;rbs_motif=AGGA;rbs_spacer=5-10bp;gc_cont=0.553
NZ_ABEI01000002.1:61364-62617|-   -            418 26452at91347         -            382   1.5e-11   41.7  18.1   2   2   1.2e-05    0.0016   15.2   2.2   259   328   317   385   294   399 0.86 NZ_ABEI01000002.1_62 # 61364 # 62617 # -1 # ID=52_62;partial=00;start_type=GTG;rbs_motif=AGGA;rbs_spacer=5-10bp;gc_cont=0.553
NZ_ABEI01000025.1:25995-27203|-   -            403 26452at91347         -            382   1.7e-10   38.2  16.9   1   1   1.3e-11   1.8e-09   34.8  16.9    22   330    21   359    12   368 0.72 NZ_ABEI01000025.1_32 # 25995 # 27203 # -1 # ID=29_32;partial=00;start_type=ATG;rbs_motif=GGAGG;rbs_spacer=3-4bp;gc_cont=0.562
NZ_ABEI01000004.1:187701-188933|+ -            411 26452at91347         -            382     3e-10   37.4   3.9   1   2   2.2e-12     3e-10   37.4   3.9    60   200    65   207    48   255 0.83 NZ_ABEI01000004.1_175 # 187701 # 188933 # 1 # ID=50_175;partial=00;start_type=ATG;rbs_motif=GGA/GAG/AGG;rbs_spacer=5-10bp;gc_cont=0.550
NZ_ABEI01000004.1:187701-188933|+ -            411 26452at91347         -            382     3e-10   37.4   3.9   2   2       1.1   1.5e+02   -1.1   0.6    87    98   295   306   257   397 0.68 NZ_ABEI01000004.1_175 # 187701 # 188933 # 1 # ID=50_175;partial=00;start_type=ATG;rbs_motif=GGA/GAG/AGG;rbs_spacer=5-10bp;gc_cont=0.550
NZ_ABEI01000002.1:120058-121299|- -            414 26452at91347         -            382   5.9e-10   36.4  12.1   1   2   4.3e-12   5.9e-10   36.4  12.1    16   214    25   224    12   249 0.72 NZ_ABEI01000002.1_121 # 120058 # 121299 # -1 # ID=52_121;partial=00;start_type=ATG;rbs_motif=GGA/GAG/AGG;rbs_spacer=5-10bp;gc_cont=0.496
NZ_ABEI01000002.1:120058-121299|- -            414 26452at91347         -            382   5.9e-10   36.4  12.1   2   2       1.6   2.3e+02   -1.7  12.3   232   363   273   411   270   413 0.60 NZ_ABEI01000002.1_121 # 120058 # 121299 # -1 # ID=52_121;partial=00;start_type=ATG;rbs_motif=GGA/GAG/AGG;rbs_spacer=5-10bp;gc_cont=0.496
NZ_ABEI01000001.1:135208-136620|+ -            471 26452at91347         -            382     1e-09   35.6  10.0   1   1   7.5e-12     1e-09   35.6  10.0    49   211    47   211     7   216 0.83 NZ_ABEI01000001.1_127 # 135208 # 136620 # 1 # ID=53_127;partial=00;start_type=ATG;rbs_motif=AGxAG;rbs_spacer=3-4bp;gc_cont=0.546
NZ_ABEI01000012.1:91199-92533|+   -            445 26452at91347         -            382   2.3e-09   34.5   1.4   1   2   1.7e-11   2.3e-09   34.5   1.4    46   185    52   193    45   206 0.89 NZ_ABEI01000012.1_81 # 91199 # 92533 # 1 # ID=42_81;partial=00;start_type=ATG;rbs_motif=GGA/GAG/AGG;rbs_spacer=5-10bp;gc_cont=0.542
NZ_ABEI01000012.1:91199-92533|+   -            445 26452at91347         -            382   2.3e-09   34.5   1.4   2   2       1.1   1.6e+02   -1.2   0.6   318   354   374   410   363   416 0.81 NZ_ABEI01000012.1_81 # 91199 # 92533 # 1 # ID=42_81;partial=00;start_type=ATG;rbs_motif=GGA/GAG/AGG;rbs_spacer=5-10bp;gc_cont=0.542
NZ_ABEI01000031.1:18584-19978|-   -            465 26452at91347         -            382   2.7e-09   34.2  24.1   1   2   6.8e-08   9.3e-06   22.6   6.3    65   160    70   167    58   197 0.73 NZ_ABEI01000031.1_25 # 18584 # 19978 # -1 # ID=23_25;partial=00;start_type=ATG;rbs_motif=GGAGG;rbs_spacer=5-10bp;gc_cont=0.553
NZ_ABEI01000031.1:18584-19978|-   -            465 26452at91347         -            382   2.7e-09   34.2  24.1   2   2   1.4e-05    0.0019   15.0   9.8    55   202   295   453   249   456 0.71 NZ_ABEI01000031.1_25 # 18584 # 19978 # -1 # ID=23_25;partial=00;start_type=ATG;rbs_motif=GGAGG;rbs_spacer=5-10bp;gc_cont=0.553
NZ_ABEI01000005.1:213589-215007|- -            473 26452at91347         -            382   1.5e-08   31.8  21.2   1   2   8.4e-09   1.1e-06   25.6   6.3    61   184    73   198    35   220 0.87 NZ_ABEI01000005.1_199 # 213589 # 215007 # -1 # ID=49_199;partial=00;start_type=ATG;rbs_motif=GGA/GAG/AGG;rbs_spacer=5-10bp;gc_cont=0.527
NZ_ABEI01000005.1:213589-215007|- -            473 26452at91347         -            382   1.5e-08   31.8  21.2   2   2   0.00021     0.029   11.1   5.4    69   201   316   462   290   467 0.69 NZ_ABEI01000005.1_199 # 213589 # 215007 # -1 # ID=49_199;partial=00;start_type=ATG;rbs_motif=GGA/GAG/AGG;rbs_spacer=5-10bp;gc_cont=0.527
NZ_ABEI01000025.1:16182-17396|-   -            405 26452at91347         -            382   4.5e-08   30.2  25.8   1   2   1.6e-07   2.2e-05   21.4   9.8    29   190    30   196    10   226 0.79 NZ_ABEI01000025.1_20 # 16182 # 17396 # -1 # ID=29_20;partial=00;start_type=ATG;rbs_motif=GGA/GAG/AGG;rbs_spacer=5-10bp;gc_cont=0.547
NZ_ABEI01000025.1:16182-17396|-   -            405 26452at91347         -            382   4.5e-08   30.2  25.8   2   2   3.1e-05    0.0042   13.9   9.3    12   174   218   385   209   393 0.74 NZ_ABEI01000025.1_20 # 16182 # 17396 # -1 # ID=29_20;partial=00;start_type=ATG;rbs_motif=GGA/GAG/AGG;rbs_spacer=5-10bp;gc_cont=0.547
NZ_ABEI01000032.1:22431-23858|-   -            476 26452at91347         -            382   6.5e-08   29.7  10.8   1   2   4.8e-10   6.5e-08   29.7  10.8    52   249    51   246     5   268 0.75 NZ_ABEI01000032.1_23 # 22431 # 23858 # -1 # ID=22_23;partial=00;start_type=ATG;rbs_motif=AGGA;rbs_spacer=5-10bp;gc_cont=0.521
NZ_ABEI01000032.1:22431-23858|-   -            476 26452at91347         -            382   6.5e-08   29.7  10.8   2   2       5.7   7.7e+02   -3.5   4.7    84   152   334   414   309   462 0.47 NZ_ABEI01000032.1_23 # 22431 # 23858 # -1 # ID=22_23;partial=00;start_type=ATG;rbs_motif=AGGA;rbs_spacer=5-10bp;gc_cont=0.521
NZ_ABEI01000010.1:155659-156870|+ -            404 26452at91347         -            382   9.9e-08   29.1  12.1   1   2   7.2e-10   9.9e-08   29.1  12.1    27   187    22   187     7   202 0.84 NZ_ABEI01000010.1_139 # 155659 # 156870 # 1 # ID=44_139;partial=00;start_type=ATG;rbs_motif=GGA/GAG/AGG;rbs_spacer=3-4bp;gc_cont=0.525
NZ_ABEI01000010.1:155659-156870|+ -            404 26452at91347         -            382   9.9e-08   29.1  12.1   2   2     0.052       7.1    3.2  11.3    31   178   232   384   212   399 0.73 NZ_ABEI01000010.1_139 # 155659 # 156870 # 1 # ID=44_139;partial=00;start_type=ATG;rbs_motif=GGA/GAG/AGG;rbs_spacer=3-4bp;gc_cont=0.525
NZ_ABEI01000001.1:405404-406582|- -            393 26452at91347         -            382   3.8e-07   27.2  20.7   1   2   5.4e-05    0.0074   13.1   4.4    22   177    26   191     6   207 0.76 NZ_ABEI01000001.1_369 # 405404 # 406582 # -1 # ID=53_369;partial=00;start_type=ATG;rbs_motif=GGAG/GAGG;rbs_spacer=5-10bp;gc_cont=0.612
NZ_ABEI01000001.1:405404-406582|- -            393 26452at91347         -            382   3.8e-07   27.2  20.7   2   2   9.1e-07   0.00013   18.9   6.8    47   183   249   387   234   389 0.79 NZ_ABEI01000001.1_369 # 405404 # 406582 # -1 # ID=53_369;partial=00;start_type=ATG;rbs_motif=GGAG/GAGG;rbs_spacer=5-10bp;gc_cont=0.612
NZ_ABEI01000002.1:162980-164467|- -            496 26452at91347         -            382   5.9e-07   26.5  19.0   1   2   4.3e-09   5.9e-07   26.5  19.0    49   288    44   284     9   330 0.65 NZ_ABEI01000002.1_162 # 162980 # 164467 # -1 # ID=52_162;partial=00;start_type=ATG;rbs_motif=GGA/GAG/AGG;rbs_spacer=5-10bp;gc_cont=0.581
NZ_ABEI01000002.1:162980-164467|- -            496 26452at91347         -            382   5.9e-07   26.5  19.0   2   2         2   2.7e+02   -2.0   0.0   279   329   360   412   349   420 0.72 NZ_ABEI01000002.1_162 # 162980 # 164467 # -1 # ID=52_162;partial=00;start_type=ATG;rbs_motif=GGA/GAG/AGG;rbs_spacer=5-10bp;gc_cont=0.581
NZ_ABEI01000029.1:4966-6339|-     -            458 26452at91347         -            382   1.7e-06   25.0  12.2   1   2   1.3e-08   1.7e-06   25.0  12.2    53   194    57   200    15   223 0.76 NZ_ABEI01000029.1_6 # 4966 # 6339 # -1 # ID=25_6;partial=00;start_type=ATG;rbs_motif=None;rbs_spacer=None;gc_cont=0.549
NZ_ABEI01000029.1:4966-6339|-     -            458 26452at91347         -            382   1.7e-06   25.0  12.2   2   2       2.5   3.4e+02   -2.3   0.1   291   328   383   420   361   423 0.81 NZ_ABEI01000029.1_6 # 4966 # 6339 # -1 # ID=25_6;partial=00;start_type=ATG;rbs_motif=None;rbs_spacer=None;gc_cont=0.549
NZ_ABEI01000020.1:61425-62609|+   -            395 26452at91347         -            382   1.8e-06   24.9  10.3   1   3   1.3e-08   1.8e-06   24.9  10.3    49   214    51   213     6   250 0.79 NZ_ABEI01000020.1_58 # 61425 # 62609 # 1 # ID=34_58;partial=00;start_type=ATG;rbs_motif=None;rbs_spacer=None;gc_cont=0.595
NZ_ABEI01000020.1:61425-62609|+   -            395 26452at91347         -            382   1.8e-06   24.9  10.3   2   3       1.5     2e+02   -1.6   0.6    54   106   254   307   244   327 0.67 NZ_ABEI01000020.1_58 # 61425 # 62609 # 1 # ID=34_58;partial=00;start_type=ATG;rbs_motif=None;rbs_spacer=None;gc_cont=0.595
NZ_ABEI01000020.1:61425-62609|+   -            395 26452at91347         -            382   1.8e-06   24.9  10.3   3   3      0.94   1.3e+02   -0.9   0.8   285   324   318   356   270   366 0.59 NZ_ABEI01000020.1_58 # 61425 # 62609 # 1 # ID=34_58;partial=00;start_type=ATG;rbs_motif=None;rbs_spacer=None;gc_cont=0.595
NZ_ABEI01000010.1:1943-3118|+     -            392 26452at91347         -            382   3.2e-06   24.1  13.0   1   1   2.3e-08   3.2e-06   24.1  13.0    28   189    20   182     6   199 0.85 NZ_ABEI01000010.1_3 # 1943 # 3118 # 1 # ID=44_3;partial=00;start_type=ATG;rbs_motif=GGAG/GAGG;rbs_spacer=5-10bp;gc_cont=0.556
NZ_ABEI01000001.1:201370-202728|- -            453 26452at91347         -            382   5.1e-06   23.4   0.7   1   1   3.7e-08   5.1e-06   23.4   0.7    67   188    77   200    65   213 0.89 NZ_ABEI01000001.1_190 # 201370 # 202728 # -1 # ID=53_190;partial=00;start_type=ATG;rbs_motif=GGAG/GAGG;rbs_spacer=5-10bp;gc_cont=0.587
NZ_ABEI01000010.1:121871-123124|+ -            418 26452at91347         -            382   6.7e-06   23.1  17.5   1   2   3.6e-06    0.0005   16.9   8.9    12   219    14   226     6   241 0.78 NZ_ABEI01000010.1_113 # 121871 # 123124 # 1 # ID=44_113;partial=00;start_type=ATG;rbs_motif=AGGA;rbs_spacer=5-10bp;gc_cont=0.541
NZ_ABEI01000010.1:121871-123124|+ -            418 26452at91347         -            382   6.7e-06   23.1  17.5   2   2   0.00021     0.028   11.1   1.4    47    86   250   289   237   320 0.82 NZ_ABEI01000010.1_113 # 121871 # 123124 # 1 # ID=44_113;partial=00;start_type=ATG;rbs_motif=AGGA;rbs_spacer=5-10bp;gc_cont=0.541
NZ_ABEI01000008.1:227740-229230|- -            497 26452at91347         -            382   0.00015   18.6  10.0   1   2   1.1e-06   0.00015   18.6  10.0    66   338    74   349    66   368 0.75 NZ_ABEI01000008.1_222 # 227740 # 229230 # -1 # ID=46_222;partial=00;start_type=ATG;rbs_motif=GGAG/GAGG;rbs_spacer=5-10bp;gc_cont=0.553
NZ_ABEI01000008.1:227740-229230|- -            497 26452at91347         -            382   0.00015   18.6  10.0   2   2      0.79   1.1e+02   -0.7   0.1   148   190   416   459   399   463 0.71 NZ_ABEI01000008.1_222 # 227740 # 229230 # -1 # ID=46_222;partial=00;start_type=ATG;rbs_motif=GGAG/GAGG;rbs_spacer=5-10bp;gc_cont=0.553
NZ_ABEI01000010.1:91675-92907|+   -            411 26452at91347         -            382   0.00018   18.4  27.6   1   1   6.6e-06    0.0009   16.1  27.6    65   337    67   375    36   406 0.71 NZ_ABEI01000010.1_86 # 91675 # 92907 # 1 # ID=44_86;partial=00;start_type=ATG;rbs_motif=GGA/GAG/AGG;rbs_spacer=5-10bp;gc_cont=0.431
NZ_ABEI01000002.1:97563-98753|-   -            397 26452at91347         -            382   0.00023   18.0  28.3   1   1   1.6e-05    0.0023   14.7  28.2    45   229    46   230    16   369 0.89 NZ_ABEI01000002.1_99 # 97563 # 98753 # -1 # ID=52_99;partial=00;start_type=ATG;rbs_motif=None;rbs_spacer=None;gc_cont=0.537
NZ_ABEI01000020.1:64952-66490|+   -            513 26452at91347         -            382   0.00035   17.4   3.7   1   2   2.5e-06   0.00035   17.4   3.7    53   214    55   220    43   223 0.71 NZ_ABEI01000020.1_61 # 64952 # 66490 # 1 # ID=34_61;partial=00;start_type=ATG;rbs_motif=GGAG/GAGG;rbs_spacer=5-10bp;gc_cont=0.571
NZ_ABEI01000020.1:64952-66490|+   -            513 26452at91347         -            382   0.00035   17.4   3.7   2   2       1.2   1.6e+02   -1.3   5.4   170   253   234   324   228   355 0.66 NZ_ABEI01000020.1_61 # 64952 # 66490 # 1 # ID=34_61;partial=00;start_type=ATG;rbs_motif=GGAG/GAGG;rbs_spacer=5-10bp;gc_cont=0.571
NZ_ABEI01000001.1:297076-298251|- -            392 26452at91347         -            382   0.00042   17.1  10.0   1   2   3.1e-06   0.00042   17.1  10.0    26   190    18   185    13   217 0.79 NZ_ABEI01000001.1_277 # 297076 # 298251 # -1 # ID=53_277;partial=00;start_type=ATG;rbs_motif=None;rbs_spacer=None;gc_cont=0.503
NZ_ABEI01000001.1:297076-298251|- -            392 26452at91347         -            382   0.00042   17.1  10.0   2   2     0.018       2.5    4.7  10.9    55   177   244   368   225   379 0.80 NZ_ABEI01000001.1_277 # 297076 # 298251 # -1 # ID=53_277;partial=00;start_type=ATG;rbs_motif=None;rbs_spacer=None;gc_cont=0.503
NZ_ABEI01000005.1:84510-85718|-   -            403 26452at91347         -            382     0.041   10.6  23.2   1   2   1.4e-05    0.0019   15.0  12.2    10   213     5   206     1   219 0.77 NZ_ABEI01000005.1_88 # 84510 # 85718 # -1 # ID=49_88;partial=00;start_type=ATG;rbs_motif=GGAGG;rbs_spacer=5-10bp;gc_cont=0.543
NZ_ABEI01000005.1:84510-85718|-   -            403 26452at91347         -            382     0.041   10.6  23.2   2   2      0.56        77   -0.2   5.6    15    95   205   286   199   323 0.70 NZ_ABEI01000005.1_88 # 84510 # 85718 # -1 # ID=49_88;partial=00;start_type=ATG;rbs_motif=GGAGG;rbs_spacer=5-10bp;gc_cont=0.543
NZ_ABEI01000002.1:93075-94262|-   -            396 26452at91347         -            382      0.26    7.9  26.6   1   1    0.0073         1    6.0  26.1    13   189     9   186     1   374 0.74 NZ_ABEI01000002.1_93 # 93075 # 94262 # -1 # ID=52_93;partial=00;start_type=ATG;rbs_motif=GGA/GAG/AGG;rbs_spacer=5-10bp;gc_cont=0.523
#
# Program:         hmmsearch
# Version:         3.4 (Aug 2023)
# Pipeline mode:   SEARCH
# Query file:      /Users/dizzler/Projects/School/BIOL4600-Capstone/busco_downloads/lineages/enterobacterales_odb10/hmms/26452at91347.hmm
# Target file:     reports/busco-results/data/00-reads/GCF_000171275.1_ASM17127v1_genomic.fna/prodigal_output/predicted_genes/predicted.faa
# Option settings: hmmsearch --domtblout reports/busco-results/data/00-reads/GCF_000171275.1_ASM17127v1_genomic.fna/run_enterobacterales_odb10/hmmer_output/26452at91347.out --cpu 1 /Users/dizzler/Projects/School/BIOL4600-Capstone/busco_downloads/lineages/enterobacterales_odb10/hmms/26452at91347.hmm reports/busco-results/data/00-reads/GCF_000171275.1_ASM17127v1_genomic.fna/prodigal_output/predicted_genes/predicted.faa 
# Current dir:     /Users/dizzler/Projects/School/BIOL4600-Capstone
# Date:            Sat Feb 21 22:05:42 2026
# [ok]
