#                                                                                         --- full sequence --- -------------- this domain -------------   hmm coord   ali coord   env coord
# target name                     accession   tlen query name           accession   qlen   E-value  score  bias   #  of  c-Evalue  i-Evalue  score  bias  from    to  from    to  from    to  acc description of target
#             ------------------- ---------- ----- -------------------- ---------- ----- --------- ------ ----- --- --- --------- --------- ------ ----- ----- ----- ----- ----- ----- ----- ---- ---------------------
NZ_ABEI01000008.1:191445-192617|- -            391 31545at91347         -            292  2.2e-148  491.2   0.2   1   2  7.5e-148  4.1e-145  480.5   0.1     1   273     1   289     1   303 0.95 NZ_ABEI01000008.1_183 # 191445 # 192617 # -1 # ID=46_183;partial=00;start_type=ATG;rbs_motif=GGAG/GAGG;rbs_spacer=5-10bp;gc_cont=0.552
NZ_ABEI01000008.1:191445-192617|- -            391 31545at91347         -            292  2.2e-148  491.2   0.2   2   2   0.00031      0.17    9.1   0.0   273   292   309   332   307   332 0.88 NZ_ABEI01000008.1_183 # 191445 # 192617 # -1 # ID=46_183;partial=00;start_type=ATG;rbs_motif=GGAG/GAGG;rbs_spacer=5-10bp;gc_cont=0.552
NZ_ABEI01000006.1:213809-215089|+ -            427 31545at91347         -            292   2.4e-14   51.2   0.0   1   1   7.6e-17   4.2e-14   50.5   0.0   141   273   193   323   167   327 0.78 NZ_ABEI01000006.1_185 # 213809 # 215089 # 1 # ID=48_185;partial=00;start_type=TTG;rbs_motif=GGAG/GAGG;rbs_spacer=5-10bp;gc_cont=0.543
NZ_ABEI01000021.1:28650-29741|+   -            364 31545at91347         -            292   2.8e-14   51.0   0.3   1   2   1.7e-15   9.1e-13   46.1   0.2   151   239     5   110     3   142 0.76 NZ_ABEI01000021.1_25 # 28650 # 29741 # 1 # ID=33_25;partial=00;start_type=ATG;rbs_motif=GGA/GAG/AGG;rbs_spacer=5-10bp;gc_cont=0.532
NZ_ABEI01000021.1:28650-29741|+   -            364 31545at91347         -            292   2.8e-14   51.0   0.3   2   2      0.55     3e+02   -1.6   0.0   156   197   172   213   129   215 0.67 NZ_ABEI01000021.1_25 # 28650 # 29741 # 1 # ID=33_25;partial=00;start_type=ATG;rbs_motif=GGA/GAG/AGG;rbs_spacer=5-10bp;gc_cont=0.532
NZ_ABEI01000009.1:124075-125547|- -            491 31545at91347         -            292   1.1e-13   49.0   0.0   1   2   6.9e-11   3.8e-08   30.9   0.0   151   271     5   122     1   132 0.85 NZ_ABEI01000009.1_113 # 124075 # 125547 # -1 # ID=45_113;partial=00;start_type=ATG;rbs_motif=GGAG/GAGG;rbs_spacer=5-10bp;gc_cont=0.545
NZ_ABEI01000009.1:124075-125547|- -            491 31545at91347         -            292   1.1e-13   49.0   0.0   2   2   2.4e-06    0.0013   16.0   0.0   151   238   205   297   198   327 0.80 NZ_ABEI01000009.1_113 # 124075 # 125547 # -1 # ID=45_113;partial=00;start_type=ATG;rbs_motif=GGAG/GAGG;rbs_spacer=5-10bp;gc_cont=0.545
NZ_ABEI01000012.1:61372-63690|+   -            773 31545at91347         -            292   3.8e-05   21.0   0.0   1   1   1.1e-07   5.9e-05   20.4   0.0   151   206     6    61     3   139 0.85 NZ_ABEI01000012.1_59 # 61372 # 63690 # 1 # ID=42_59;partial=00;start_type=ATG;rbs_motif=GGA/GAG/AGG;rbs_spacer=5-10bp;gc_cont=0.564
NZ_ABEI01000034.1:2202-3566|+     -            455 31545at91347         -            292   0.00073   16.8   0.0   1   1     2e-06    0.0011   16.3   0.0   151   272   219   340   212   350 0.88 NZ_ABEI01000034.1_3 # 2202 # 3566 # 1 # ID=20_3;partial=00;start_type=ATG;rbs_motif=GGA/GAG/AGG;rbs_spacer=5-10bp;gc_cont=0.596
NZ_ABEI01000003.1:26255-27922|-   -            556 31545at91347         -            292   0.00091   16.5   0.1   1   2   0.00017     0.096    9.9   0.0   140   169    24    53    10    60 0.88 NZ_ABEI01000003.1_26 # 26255 # 27922 # -1 # ID=51_26;partial=00;start_type=GTG;rbs_motif=AGGA/GGAG/GAGG;rbs_spacer=11-12bp;gc_cont=0.576
NZ_ABEI01000003.1:26255-27922|-   -            556 31545at91347         -            292   0.00091   16.5   0.1   2   2    0.0091         5    4.2   0.0   149   170   350   371   327   377 0.85 NZ_ABEI01000003.1_26 # 26255 # 27922 # -1 # ID=51_26;partial=00;start_type=GTG;rbs_motif=AGGA/GGAG/GAGG;rbs_spacer=11-12bp;gc_cont=0.576
NZ_ABEI01000009.1:196327-197232|- -            302 31545at91347         -            292      0.01   13.1   0.1   1   2   3.9e-05     0.021   12.0   0.0   151   212    11    73     6   131 0.83 NZ_ABEI01000009.1_175 # 196327 # 197232 # -1 # ID=45_175;partial=00;start_type=ATG;rbs_motif=GGAG/GAGG;rbs_spacer=5-10bp;gc_cont=0.518
NZ_ABEI01000009.1:196327-197232|- -            302 31545at91347         -            292      0.01   13.1   0.1   2   2       1.8   9.7e+02   -3.3   0.0    72   136   241   268   230   282 0.50 NZ_ABEI01000009.1_175 # 196327 # 197232 # -1 # ID=45_175;partial=00;start_type=ATG;rbs_motif=GGAG/GAGG;rbs_spacer=5-10bp;gc_cont=0.518
#
# Program:         hmmsearch
# Version:         3.4 (Aug 2023)
# Pipeline mode:   SEARCH
# Query file:      /Users/dizzler/Projects/School/BIOL4600-Capstone/busco_downloads/lineages/enterobacterales_odb10/hmms/31545at91347.hmm
# Target file:     reports/busco-results/data/00-reads/GCF_000171275.1_ASM17127v1_genomic.fna/prodigal_output/predicted_genes/predicted.faa
# Option settings: hmmsearch --domtblout reports/busco-results/data/00-reads/GCF_000171275.1_ASM17127v1_genomic.fna/run_enterobacterales_odb10/hmmer_output/31545at91347.out --cpu 1 /Users/dizzler/Projects/School/BIOL4600-Capstone/busco_downloads/lineages/enterobacterales_odb10/hmms/31545at91347.hmm reports/busco-results/data/00-reads/GCF_000171275.1_ASM17127v1_genomic.fna/prodigal_output/predicted_genes/predicted.faa 
# Current dir:     /Users/dizzler/Projects/School/BIOL4600-Capstone
# Date:            Sat Feb 21 22:05:42 2026
# [ok]
