#                                                                                         --- full sequence --- -------------- this domain -------------   hmm coord   ali coord   env coord
# target name                     accession   tlen query name           accession   qlen   E-value  score  bias   #  of  c-Evalue  i-Evalue  score  bias  from    to  from    to  from    to  acc description of target
#             ------------------- ---------- ----- -------------------- ---------- ----- --------- ------ ----- --- --- --------- --------- ------ ----- ----- ----- ----- ----- ----- ----- ---- ---------------------
NZ_ABEI01000002.1:333365-334558|+ -            398 33224at91347         -            349  3.4e-207  685.2   0.1   1   1  5.2e-210  4.6e-207  684.7   0.1     1   349     3   387     3   387 0.95 NZ_ABEI01000002.1_320 # 333365 # 334558 # 1 # ID=52_320;partial=00;start_type=ATG;rbs_motif=AGGA;rbs_spacer=5-10bp;gc_cont=0.563
NZ_ABEI01000009.1:18666-19577|-   -            304 33224at91347         -            349   3.8e-06   24.0   0.1   1   2   5.6e-07   0.00049   17.0   0.0    43   149    10   116     2   133 0.83 NZ_ABEI01000009.1_21 # 18666 # 19577 # -1 # ID=45_21;partial=00;start_type=GTG;rbs_motif=GGA/GAG/AGG;rbs_spacer=5-10bp;gc_cont=0.570
NZ_ABEI01000009.1:18666-19577|-   -            304 33224at91347         -            349   3.8e-06   24.0   0.1   2   2    0.0026       2.3    5.0   0.0   306   348   245   289   226   290 0.80 NZ_ABEI01000009.1_21 # 18666 # 19577 # -1 # ID=45_21;partial=00;start_type=GTG;rbs_motif=GGA/GAG/AGG;rbs_spacer=5-10bp;gc_cont=0.570
NZ_ABEI01000008.1:138052-139041|- -            330 33224at91347         -            349   1.3e-05   22.2   1.2   1   2   2.3e-07    0.0002   18.3   0.0    44   122    28   106    12   120 0.87 NZ_ABEI01000008.1_132 # 138052 # 139041 # -1 # ID=46_132;partial=00;start_type=ATG;rbs_motif=GGAG/GAGG;rbs_spacer=5-10bp;gc_cont=0.459
NZ_ABEI01000008.1:138052-139041|- -            330 33224at91347         -            349   1.3e-05   22.2   1.2   2   2     0.012        10    2.8   0.3   189   233   162   211   129   237 0.74 NZ_ABEI01000008.1_132 # 138052 # 139041 # -1 # ID=46_132;partial=00;start_type=ATG;rbs_motif=GGAG/GAGG;rbs_spacer=5-10bp;gc_cont=0.459
NZ_ABEI01000009.1:10898-11869|+   -            324 33224at91347         -            349    0.0057   13.5   0.0   1   2     0.036        31    1.2   0.0    95   173    66   141    58   192 0.71 NZ_ABEI01000009.1_12 # 10898 # 11869 # 1 # ID=45_12;partial=00;start_type=ATG;rbs_motif=AGGA;rbs_spacer=5-10bp;gc_cont=0.536
NZ_ABEI01000009.1:10898-11869|+   -            324 33224at91347         -            349    0.0057   13.5   0.0   2   2   6.6e-05     0.058   10.2   0.0   294   343   246   304   236   310 0.73 NZ_ABEI01000009.1_12 # 10898 # 11869 # 1 # ID=45_12;partial=00;start_type=ATG;rbs_motif=AGGA;rbs_spacer=5-10bp;gc_cont=0.536
NZ_ABEI01000028.1:8646-10190|+    -            515 33224at91347         -            349     0.023   11.5   0.2   1   1     5e-05     0.044   10.6   0.2    40   126    28   114    14   218 0.78 NZ_ABEI01000028.1_8 # 8646 # 10190 # 1 # ID=26_8;partial=00;start_type=ATG;rbs_motif=GGAGG;rbs_spacer=5-10bp;gc_cont=0.575
#
# Program:         hmmsearch
# Version:         3.4 (Aug 2023)
# Pipeline mode:   SEARCH
# Query file:      /Users/dizzler/Projects/School/BIOL4600-Capstone/busco_downloads/lineages/enterobacterales_odb10/hmms/33224at91347.hmm
# Target file:     reports/busco-results/data/00-reads/GCF_000171275.1_ASM17127v1_genomic.fna/prodigal_output/predicted_genes/predicted.faa
# Option settings: hmmsearch --domtblout reports/busco-results/data/00-reads/GCF_000171275.1_ASM17127v1_genomic.fna/run_enterobacterales_odb10/hmmer_output/33224at91347.out --cpu 1 /Users/dizzler/Projects/School/BIOL4600-Capstone/busco_downloads/lineages/enterobacterales_odb10/hmms/33224at91347.hmm reports/busco-results/data/00-reads/GCF_000171275.1_ASM17127v1_genomic.fna/prodigal_output/predicted_genes/predicted.faa 
# Current dir:     /Users/dizzler/Projects/School/BIOL4600-Capstone
# Date:            Sat Feb 21 22:05:42 2026
# [ok]
