#                                                                                         --- full sequence --- -------------- this domain -------------   hmm coord   ali coord   env coord
# target name                     accession   tlen query name           accession   qlen   E-value  score  bias   #  of  c-Evalue  i-Evalue  score  bias  from    to  from    to  from    to  acc description of target
#             ------------------- ---------- ----- -------------------- ---------- ----- --------- ------ ----- --- --- --------- --------- ------ ----- ----- ----- ----- ----- ----- ----- ---- ---------------------
NZ_ABEI01000003.1:199281-201986|+ -            902 3734at91347          -            766         0 1441.5  14.7   1   3         0         0 1260.1   2.5     1   641     1   685     1   692 0.95 NZ_ABEI01000003.1_177 # 199281 # 201986 # 1 # ID=51_177;partial=00;start_type=ATG;rbs_motif=GGA/GAG/AGG;rbs_spacer=5-10bp;gc_cont=0.539
NZ_ABEI01000003.1:199281-201986|+ -            902 3734at91347          -            766         0 1441.5  14.7   2   3   9.9e-50   8.7e-47  157.7   2.8   621   740   692   833   671   844 0.82 NZ_ABEI01000003.1_177 # 199281 # 201986 # 1 # ID=51_177;partial=00;start_type=ATG;rbs_motif=GGA/GAG/AGG;rbs_spacer=5-10bp;gc_cont=0.539
NZ_ABEI01000003.1:199281-201986|+ -            902 3734at91347          -            766         0 1441.5  14.7   3   3   4.6e-11     4e-08   29.9   0.1   732   766   866   900   838   900 0.78 NZ_ABEI01000003.1_177 # 199281 # 201986 # 1 # ID=51_177;partial=00;start_type=ATG;rbs_motif=GGA/GAG/AGG;rbs_spacer=5-10bp;gc_cont=0.539
NZ_ABEI01000024.1:2883-3548|+     -            222 3734at91347          -            766   1.7e-05   21.2   0.2   1   1   2.6e-08   2.3e-05   20.8   0.2   741   763   197   219   189   221 0.88 NZ_ABEI01000024.1_4 # 2883 # 3548 # 1 # ID=30_4;partial=00;start_type=ATG;rbs_motif=GGAG/GAGG;rbs_spacer=5-10bp;gc_cont=0.541
NZ_ABEI01000002.1:361351-361809|+ -            153 3734at91347          -            766   2.3e-05   20.8   4.4   1   2    0.0069         6    2.8   0.4   749   766     3    20     1    20 0.91 NZ_ABEI01000002.1_349 # 361351 # 361809 # 1 # ID=52_349;partial=00;start_type=GTG;rbs_motif=GGAG/GAGG;rbs_spacer=5-10bp;gc_cont=0.486
NZ_ABEI01000002.1:361351-361809|+ -            153 3734at91347          -            766   2.3e-05   20.8   4.4   2   2   5.3e-08   4.6e-05   19.8   0.4   743   765   130   152   121   152 0.89 NZ_ABEI01000002.1_349 # 361351 # 361809 # 1 # ID=52_349;partial=00;start_type=GTG;rbs_motif=GGAG/GAGG;rbs_spacer=5-10bp;gc_cont=0.486
NZ_ABEI01000022.1:31231-32526|+   -            432 3734at91347          -            766    0.0002   17.7   0.2   1   1     3e-07   0.00027   17.3   0.2   741   765   406   430   386   431 0.83 NZ_ABEI01000022.1_33 # 31231 # 32526 # 1 # ID=32_33;partial=00;start_type=ATG;rbs_motif=GGAG/GAGG;rbs_spacer=5-10bp;gc_cont=0.544
NZ_ABEI01000016.1:14264-16345|+   -            694 3734at91347          -            766   0.00022   17.5   0.0   1   1   3.9e-07   0.00034   16.9   0.0    94   158   298   362   288   372 0.88 NZ_ABEI01000016.1_16 # 14264 # 16345 # 1 # ID=38_16;partial=00;start_type=ATG;rbs_motif=GGA/GAG/AGG;rbs_spacer=5-10bp;gc_cont=0.585
#
# Program:         hmmsearch
# Version:         3.4 (Aug 2023)
# Pipeline mode:   SEARCH
# Query file:      /Users/dizzler/Projects/School/BIOL4600-Capstone/busco_downloads/lineages/enterobacterales_odb10/hmms/3734at91347.hmm
# Target file:     reports/busco-results/data/00-reads/GCF_000171275.1_ASM17127v1_genomic.fna/prodigal_output/predicted_genes/predicted.faa
# Option settings: hmmsearch --domtblout reports/busco-results/data/00-reads/GCF_000171275.1_ASM17127v1_genomic.fna/run_enterobacterales_odb10/hmmer_output/3734at91347.out --cpu 1 /Users/dizzler/Projects/School/BIOL4600-Capstone/busco_downloads/lineages/enterobacterales_odb10/hmms/3734at91347.hmm reports/busco-results/data/00-reads/GCF_000171275.1_ASM17127v1_genomic.fna/prodigal_output/predicted_genes/predicted.faa 
# Current dir:     /Users/dizzler/Projects/School/BIOL4600-Capstone
# Date:            Sat Feb 21 22:05:43 2026
# [ok]
