#                                                                                         --- full sequence --- -------------- this domain -------------   hmm coord   ali coord   env coord
# target name                     accession   tlen query name           accession   qlen   E-value  score  bias   #  of  c-Evalue  i-Evalue  score  bias  from    to  from    to  from    to  acc description of target
#             ------------------- ---------- ----- -------------------- ---------- ----- --------- ------ ----- --- --- --------- --------- ------ ----- ----- ----- ----- ----- ----- ----- ---- ---------------------
NZ_ABEI01000025.1:47047-48048|+   -            334 49349at91347         -            278  2.5e-140  464.3   0.3   1   1  2.6e-142  1.6e-139  461.7   0.3     1   268    44   334    44   334 0.92 NZ_ABEI01000025.1_52 # 47047 # 48048 # 1 # ID=29_52;partial=01;start_type=ATG;rbs_motif=None;rbs_spacer=None;gc_cont=0.545
NZ_ABEI01000027.1:3470-4450|-     -            327 49349at91347         -            278   3.4e-43  145.7   0.0   1   1   6.4e-46     4e-43  145.5   0.0     2   277    15   312    14   313 0.82 NZ_ABEI01000027.1_3 # 3470 # 4450 # -1 # ID=27_3;partial=00;start_type=ATG;rbs_motif=AGxAG;rbs_spacer=5-10bp;gc_cont=0.534
NZ_ABEI01000003.1:150124-150783|- -            220 49349at91347         -            278   3.9e-38  129.1   0.0   1   1   7.8e-41   4.9e-38  128.8   0.0    61   267    14   218     6   219 0.86 NZ_ABEI01000003.1_137 # 150124 # 150783 # -1 # ID=51_137;partial=00;start_type=ATG;rbs_motif=GGAG/GAGG;rbs_spacer=5-10bp;gc_cont=0.576
NZ_ABEI01000005.1:153332-154114|- -            261 49349at91347         -            278   9.4e-36  121.3   0.1   1   1     7e-38   4.4e-35  119.1   0.1    63   276     4   233     1   235 0.80 NZ_ABEI01000005.1_149 # 153332 # 154114 # -1 # ID=49_149;partial=00;start_type=ATG;rbs_motif=None;rbs_spacer=None;gc_cont=0.582
NZ_ABEI01000006.1:16129-16998|+   -            290 49349at91347         -            278   0.00087   16.5   0.2   1   1   4.3e-06    0.0027   14.8   0.2    21   149    25   142     8   207 0.81 NZ_ABEI01000006.1_12 # 16129 # 16998 # 1 # ID=48_12;partial=00;start_type=ATG;rbs_motif=GGA/GAG/AGG;rbs_spacer=5-10bp;gc_cont=0.505
NZ_ABEI01000024.1:36646-37464|-   -            273 49349at91347         -            278     0.011   12.8   0.0   1   1   2.7e-05     0.017   12.2   0.0   214   258   130   174   126   180 0.93 NZ_ABEI01000024.1_38 # 36646 # 37464 # -1 # ID=30_38;partial=00;start_type=ATG;rbs_motif=4Base/6BMM;rbs_spacer=13-15bp;gc_cont=0.562
NZ_ABEI01000015.1:42885-43622|-   -            246 49349at91347         -            278     0.018   12.2   0.2   1   3      0.64     4e+02   -2.1   0.0   223   245    46    68    20    74 0.80 NZ_ABEI01000015.1_41 # 42885 # 43622 # -1 # ID=39_41;partial=00;start_type=ATG;rbs_motif=3Base/5BMM;rbs_spacer=13-15bp;gc_cont=0.511
NZ_ABEI01000015.1:42885-43622|-   -            246 49349at91347         -            278     0.018   12.2   0.2   2   3     0.048        30    1.6   0.0   110   126   101   117    94   149 0.75 NZ_ABEI01000015.1_41 # 42885 # 43622 # -1 # ID=39_41;partial=00;start_type=ATG;rbs_motif=3Base/5BMM;rbs_spacer=13-15bp;gc_cont=0.511
NZ_ABEI01000015.1:42885-43622|-   -            246 49349at91347         -            278     0.018   12.2   0.2   3   3   0.00062      0.39    7.8   0.0   195   226   191   222   181   236 0.85 NZ_ABEI01000015.1_41 # 42885 # 43622 # -1 # ID=39_41;partial=00;start_type=ATG;rbs_motif=3Base/5BMM;rbs_spacer=13-15bp;gc_cont=0.511
#
# Program:         hmmsearch
# Version:         3.4 (Aug 2023)
# Pipeline mode:   SEARCH
# Query file:      /Users/dizzler/Projects/School/BIOL4600-Capstone/busco_downloads/lineages/enterobacterales_odb10/hmms/49349at91347.hmm
# Target file:     reports/busco-results/data/00-reads/GCF_000171275.1_ASM17127v1_genomic.fna/prodigal_output/predicted_genes/predicted.faa
# Option settings: hmmsearch --domtblout reports/busco-results/data/00-reads/GCF_000171275.1_ASM17127v1_genomic.fna/run_enterobacterales_odb10/hmmer_output/49349at91347.out --cpu 1 /Users/dizzler/Projects/School/BIOL4600-Capstone/busco_downloads/lineages/enterobacterales_odb10/hmms/49349at91347.hmm reports/busco-results/data/00-reads/GCF_000171275.1_ASM17127v1_genomic.fna/prodigal_output/predicted_genes/predicted.faa 
# Current dir:     /Users/dizzler/Projects/School/BIOL4600-Capstone
# Date:            Sat Feb 21 22:05:43 2026
# [ok]
