#                                                                                         --- full sequence --- -------------- this domain -------------   hmm coord   ali coord   env coord
# target name                     accession   tlen query name           accession   qlen   E-value  score  bias   #  of  c-Evalue  i-Evalue  score  bias  from    to  from    to  from    to  acc description of target
#             ------------------- ---------- ----- -------------------- ---------- ----- --------- ------ ----- --- --- --------- --------- ------ ----- ----- ----- ----- ----- ----- ----- ---- ---------------------
NZ_ABEI01000024.1:48155-49474|+   -            440 52475at91347         -            327  6.1e-162  536.4   0.2   1   3     7e-10   5.1e-07   27.2   0.0     1    42     1    44     1    67 0.78 NZ_ABEI01000024.1_51 # 48155 # 49474 # 1 # ID=30_51;partial=00;start_type=GTG;rbs_motif=GGAG/GAGG;rbs_spacer=5-10bp;gc_cont=0.545
NZ_ABEI01000024.1:48155-49474|+   -            440 52475at91347         -            327  6.1e-162  536.4   0.2   2   3   3.5e-18   2.5e-15   54.5   0.1    35    96    96   168    91   186 0.83 NZ_ABEI01000024.1_51 # 48155 # 49474 # 1 # ID=30_51;partial=00;start_type=GTG;rbs_motif=GGAG/GAGG;rbs_spacer=5-10bp;gc_cont=0.545
NZ_ABEI01000024.1:48155-49474|+   -            440 52475at91347         -            327  6.1e-162  536.4   0.2   3   3    5e-139  3.6e-136  451.7   0.0    90   327   189   430   168   430 0.95 NZ_ABEI01000024.1_51 # 48155 # 49474 # 1 # ID=30_51;partial=00;start_type=GTG;rbs_motif=GGAG/GAGG;rbs_spacer=5-10bp;gc_cont=0.545
NZ_ABEI01000005.1:97780-98913|-   -            378 52475at91347         -            327   1.6e-20   71.7   0.2   1   1   3.7e-23   2.7e-20   70.9   0.2   213   307   278   372   275   376 0.94 NZ_ABEI01000005.1_102 # 97780 # 98913 # -1 # ID=49_102;partial=00;start_type=ATG;rbs_motif=GGxGG;rbs_spacer=3-4bp;gc_cont=0.520
NZ_ABEI01000005.1:233652-234410|- -            253 52475at91347         -            327   1.6e-20   71.7   0.2   1   1     4e-23   2.9e-20   70.8   0.2   213   307   147   241   136   248 0.92 NZ_ABEI01000005.1_219 # 233652 # 234410 # -1 # ID=49_219;partial=00;start_type=ATG;rbs_motif=GGA/GAG/AGG;rbs_spacer=5-10bp;gc_cont=0.535
NZ_ABEI01000011.1:135814-137097|+ -            428 52475at91347         -            327   6.9e-13   46.5   0.1   1   2      0.77   5.6e+02   -2.5   1.8    66   153   152   239   120   263 0.63 NZ_ABEI01000011.1_113 # 135814 # 137097 # 1 # ID=43_113;partial=00;start_type=ATG;rbs_motif=3Base/5BMM;rbs_spacer=13-15bp;gc_cont=0.590
NZ_ABEI01000011.1:135814-137097|+ -            428 52475at91347         -            327   6.9e-13   46.5   0.1   2   2   9.4e-16   6.9e-13   46.5   0.1   214   306   330   422   326   424 0.94 NZ_ABEI01000011.1_113 # 135814 # 137097 # 1 # ID=43_113;partial=00;start_type=ATG;rbs_motif=3Base/5BMM;rbs_spacer=13-15bp;gc_cont=0.590
NZ_ABEI01000015.1:117928-118413|+ -            162 52475at91347         -            327     0.037   11.3   1.4   1   1   6.3e-05     0.046   11.0   1.4    95   178    50   134    38   144 0.85 NZ_ABEI01000015.1_118 # 117928 # 118413 # 1 # ID=39_118;partial=00;start_type=ATG;rbs_motif=AGGA;rbs_spacer=5-10bp;gc_cont=0.500
NZ_ABEI01000011.1:19595-20494|+   -            300 52475at91347         -            327     0.054   10.7   0.0   1   1   0.00011     0.078   10.2   0.0    93   141    16    64     6    79 0.85 NZ_ABEI01000011.1_18 # 19595 # 20494 # 1 # ID=43_18;partial=00;start_type=ATG;rbs_motif=GGA/GAG/AGG;rbs_spacer=5-10bp;gc_cont=0.533
#
# Program:         hmmsearch
# Version:         3.4 (Aug 2023)
# Pipeline mode:   SEARCH
# Query file:      /Users/dizzler/Projects/School/BIOL4600-Capstone/busco_downloads/lineages/enterobacterales_odb10/hmms/52475at91347.hmm
# Target file:     reports/busco-results/data/00-reads/GCF_000171275.1_ASM17127v1_genomic.fna/prodigal_output/predicted_genes/predicted.faa
# Option settings: hmmsearch --domtblout reports/busco-results/data/00-reads/GCF_000171275.1_ASM17127v1_genomic.fna/run_enterobacterales_odb10/hmmer_output/52475at91347.out --cpu 1 /Users/dizzler/Projects/School/BIOL4600-Capstone/busco_downloads/lineages/enterobacterales_odb10/hmms/52475at91347.hmm reports/busco-results/data/00-reads/GCF_000171275.1_ASM17127v1_genomic.fna/prodigal_output/predicted_genes/predicted.faa 
# Current dir:     /Users/dizzler/Projects/School/BIOL4600-Capstone
# Date:            Sat Feb 21 22:05:43 2026
# [ok]
