#                                                                                         --- full sequence --- -------------- this domain -------------   hmm coord   ali coord   env coord
# target name                     accession   tlen query name           accession   qlen   E-value  score  bias   #  of  c-Evalue  i-Evalue  score  bias  from    to  from    to  from    to  acc description of target
#             ------------------- ---------- ----- -------------------- ---------- ----- --------- ------ ----- --- --- --------- --------- ------ ----- ----- ----- ----- ----- ----- ----- ---- ---------------------
NZ_ABEI01000021.1:28650-29741|+   -            364 62655at91347         -            286  1.9e-137  455.1   0.4   1   2   7.9e-90   5.8e-87  289.5   0.1     1   186     1   221     1   241 0.85 NZ_ABEI01000021.1_25 # 28650 # 29741 # 1 # ID=33_25;partial=00;start_type=ATG;rbs_motif=GGA/GAG/AGG;rbs_spacer=5-10bp;gc_cont=0.532
NZ_ABEI01000021.1:28650-29741|+   -            364 62655at91347         -            286  1.9e-137  455.1   0.4   2   2   2.6e-50   1.9e-47  159.8   0.0   191   286   265   363   242   363 0.92 NZ_ABEI01000021.1_25 # 28650 # 29741 # 1 # ID=33_25;partial=00;start_type=ATG;rbs_motif=GGA/GAG/AGG;rbs_spacer=5-10bp;gc_cont=0.532
NZ_ABEI01000008.1:191445-192617|- -            391 62655at91347         -            286     8e-15   52.8   0.1   1   1   1.6e-15   1.1e-12   45.7   0.1     4   124   161   266   158   296 0.83 NZ_ABEI01000008.1_183 # 191445 # 192617 # -1 # ID=46_183;partial=00;start_type=ATG;rbs_motif=GGAG/GAGG;rbs_spacer=5-10bp;gc_cont=0.552
NZ_ABEI01000009.1:124075-125547|- -            491 62655at91347         -            286     3e-10   37.8   0.0   1   3   4.5e-08   3.3e-05   21.2   0.0     5    37     5    39     1    56 0.78 NZ_ABEI01000009.1_113 # 124075 # 125547 # -1 # ID=45_113;partial=00;start_type=ATG;rbs_motif=GGAG/GAGG;rbs_spacer=5-10bp;gc_cont=0.545
NZ_ABEI01000009.1:124075-125547|- -            491 62655at91347         -            286     3e-10   37.8   0.0   2   3   1.5e-05     0.011   12.9   0.0     3    23   203   223   201   256 0.85 NZ_ABEI01000009.1_113 # 124075 # 125547 # -1 # ID=45_113;partial=00;start_type=ATG;rbs_motif=GGAG/GAGG;rbs_spacer=5-10bp;gc_cont=0.545
NZ_ABEI01000009.1:124075-125547|- -            491 62655at91347         -            286     3e-10   37.8   0.0   3   3      0.25   1.8e+02   -0.9   0.0    53    92   326   367   310   373 0.68 NZ_ABEI01000009.1_113 # 124075 # 125547 # -1 # ID=45_113;partial=00;start_type=ATG;rbs_motif=GGAG/GAGG;rbs_spacer=5-10bp;gc_cont=0.545
NZ_ABEI01000006.1:213809-215089|+ -            427 62655at91347         -            286   1.8e-05   22.1   0.0   1   1   8.1e-08   5.9e-05   20.4   0.0     5    57   200   253   198   321 0.91 NZ_ABEI01000006.1_185 # 213809 # 215089 # 1 # ID=48_185;partial=00;start_type=TTG;rbs_motif=GGAG/GAGG;rbs_spacer=5-10bp;gc_cont=0.543
NZ_ABEI01000012.1:61372-63690|+   -            773 62655at91347         -            286   0.00022   18.5   0.0   1   1   5.2e-07   0.00038   17.7   0.0     3    50     4    52     2    60 0.85 NZ_ABEI01000012.1_59 # 61372 # 63690 # 1 # ID=42_59;partial=00;start_type=ATG;rbs_motif=GGA/GAG/AGG;rbs_spacer=5-10bp;gc_cont=0.564
NZ_ABEI01000009.1:196327-197232|- -            302 62655at91347         -            286    0.0034   14.6   0.2   1   2   9.8e-06    0.0072   13.5   0.1     5    23    11    29     8    39 0.84 NZ_ABEI01000009.1_175 # 196327 # 197232 # -1 # ID=45_175;partial=00;start_type=ATG;rbs_motif=GGAG/GAGG;rbs_spacer=5-10bp;gc_cont=0.518
NZ_ABEI01000009.1:196327-197232|- -            302 62655at91347         -            286    0.0034   14.6   0.2   2   2       1.3   9.4e+02   -3.3   0.0   148   168   133   153   106   164 0.61 NZ_ABEI01000009.1_175 # 196327 # 197232 # -1 # ID=45_175;partial=00;start_type=ATG;rbs_motif=GGAG/GAGG;rbs_spacer=5-10bp;gc_cont=0.518
#
# Program:         hmmsearch
# Version:         3.4 (Aug 2023)
# Pipeline mode:   SEARCH
# Query file:      /Users/dizzler/Projects/School/BIOL4600-Capstone/busco_downloads/lineages/enterobacterales_odb10/hmms/62655at91347.hmm
# Target file:     reports/busco-results/data/00-reads/GCF_000171275.1_ASM17127v1_genomic.fna/prodigal_output/predicted_genes/predicted.faa
# Option settings: hmmsearch --domtblout reports/busco-results/data/00-reads/GCF_000171275.1_ASM17127v1_genomic.fna/run_enterobacterales_odb10/hmmer_output/62655at91347.out --cpu 1 /Users/dizzler/Projects/School/BIOL4600-Capstone/busco_downloads/lineages/enterobacterales_odb10/hmms/62655at91347.hmm reports/busco-results/data/00-reads/GCF_000171275.1_ASM17127v1_genomic.fna/prodigal_output/predicted_genes/predicted.faa 
# Current dir:     /Users/dizzler/Projects/School/BIOL4600-Capstone
# Date:            Sat Feb 21 22:05:44 2026
# [ok]
