#                                                                                         --- full sequence --- -------------- this domain -------------   hmm coord   ali coord   env coord
# target name                     accession   tlen query name           accession   qlen   E-value  score  bias   #  of  c-Evalue  i-Evalue  score  bias  from    to  from    to  from    to  acc description of target
#             ------------------- ---------- ----- -------------------- ---------- ----- --------- ------ ----- --- --- --------- --------- ------ ----- ----- ----- ----- ----- ----- ----- ---- ---------------------
NZ_ABEI01000003.1:275720-278242|+ -            841 6990at91347          -            601         0 1037.2  11.4   1   2  5.1e-245  3.8e-242  802.9   0.1     2   439    73   537    70   542 0.95 NZ_ABEI01000003.1_246 # 275720 # 278242 # 1 # ID=51_246;partial=00;start_type=ATG;rbs_motif=GGAG/GAGG;rbs_spacer=5-10bp;gc_cont=0.570
NZ_ABEI01000003.1:275720-278242|+ -            841 6990at91347          -            601         0 1037.2  11.4   2   2   5.2e-72   3.8e-69  231.5   7.9   438   590   556   744   548   754 0.88 NZ_ABEI01000003.1_246 # 275720 # 278242 # 1 # ID=51_246;partial=00;start_type=ATG;rbs_motif=GGAG/GAGG;rbs_spacer=5-10bp;gc_cont=0.570
NZ_ABEI01000012.1:43885-46437|+   -            851 6990at91347          -            601   4.4e-72  241.2   4.1   1   4   2.9e-56   2.1e-53  179.5   0.2   122   364    63   307    41   313 0.89 NZ_ABEI01000012.1_46 # 43885 # 46437 # 1 # ID=42_46;partial=00;start_type=GTG;rbs_motif=GGA/GAG/AGG;rbs_spacer=5-10bp;gc_cont=0.565
NZ_ABEI01000012.1:43885-46437|+   -            851 6990at91347          -            601   4.4e-72  241.2   4.1   2   4   1.1e-11   7.8e-09   32.3   0.0   365   436   422   492   409   494 0.92 NZ_ABEI01000012.1_46 # 43885 # 46437 # 1 # ID=42_46;partial=00;start_type=GTG;rbs_motif=GGA/GAG/AGG;rbs_spacer=5-10bp;gc_cont=0.565
NZ_ABEI01000012.1:43885-46437|+   -            851 6990at91347          -            601   4.4e-72  241.2   4.1   3   4   1.2e-05    0.0084   12.4   0.0   466   517   558   609   551   619 0.92 NZ_ABEI01000012.1_46 # 43885 # 46437 # 1 # ID=42_46;partial=00;start_type=GTG;rbs_motif=GGA/GAG/AGG;rbs_spacer=5-10bp;gc_cont=0.565
NZ_ABEI01000012.1:43885-46437|+   -            851 6990at91347          -            601   4.4e-72  241.2   4.1   4   4   2.2e-06    0.0016   14.8   0.4   539   582   713   760   707   764 0.83 NZ_ABEI01000012.1_46 # 43885 # 46437 # 1 # ID=42_46;partial=00;start_type=GTG;rbs_motif=GGA/GAG/AGG;rbs_spacer=5-10bp;gc_cont=0.565
NZ_ABEI01000009.1:138057-140372|- -            772 6990at91347          -            601   3.2e-36  122.8   0.0   1   1   6.4e-38   4.7e-35  119.0   0.0   136   570    76   542    67   559 0.78 NZ_ABEI01000009.1_125 # 138057 # 140372 # -1 # ID=45_125;partial=00;start_type=ATG;rbs_motif=None;rbs_spacer=None;gc_cont=0.610
NZ_ABEI01000008.1:210115-210843|- -            243 6990at91347          -            601   1.2e-21   74.6   0.0   1   1   2.2e-24   1.6e-21   74.3   0.0   140   272    80   208    75   236 0.89 NZ_ABEI01000008.1_209 # 210115 # 210843 # -1 # ID=46_209;partial=00;start_type=ATG;rbs_motif=None;rbs_spacer=None;gc_cont=0.557
NZ_ABEI01000003.1:182317-184083|+ -            589 6990at91347          -            601     0.003   13.9   0.1   1   2   4.6e-05     0.034   10.4   0.1   370   438   260   337   237   376 0.73 NZ_ABEI01000003.1_163 # 182317 # 184083 # 1 # ID=51_163;partial=00;start_type=ATG;rbs_motif=AGGA/GGAG/GAGG;rbs_spacer=11-12bp;gc_cont=0.548
NZ_ABEI01000003.1:182317-184083|+ -            589 6990at91347          -            601     0.003   13.9   0.1   2   2     0.034        25    1.0   0.0   474   499   421   446   415   453 0.88 NZ_ABEI01000003.1_163 # 182317 # 184083 # 1 # ID=51_163;partial=00;start_type=ATG;rbs_motif=AGGA/GGAG/GAGG;rbs_spacer=11-12bp;gc_cont=0.548
NZ_ABEI01000029.1:9650-11395|+    -            582 6990at91347          -            601      0.05    9.9   0.0   1   2   0.00074      0.54    6.5   0.0   349   438   234   330   212   337 0.71 NZ_ABEI01000029.1_13 # 9650 # 11395 # 1 # ID=25_13;partial=00;start_type=GTG;rbs_motif=GGAG/GAGG;rbs_spacer=5-10bp;gc_cont=0.526
NZ_ABEI01000029.1:9650-11395|+    -            582 6990at91347          -            601      0.05    9.9   0.0   2   2     0.031        23    1.1   0.0   474   501   414   441   407   501 0.77 NZ_ABEI01000029.1_13 # 9650 # 11395 # 1 # ID=25_13;partial=00;start_type=GTG;rbs_motif=GGAG/GAGG;rbs_spacer=5-10bp;gc_cont=0.526
#
# Program:         hmmsearch
# Version:         3.4 (Aug 2023)
# Pipeline mode:   SEARCH
# Query file:      /Users/dizzler/Projects/School/BIOL4600-Capstone/busco_downloads/lineages/enterobacterales_odb10/hmms/6990at91347.hmm
# Target file:     reports/busco-results/data/00-reads/GCF_000171275.1_ASM17127v1_genomic.fna/prodigal_output/predicted_genes/predicted.faa
# Option settings: hmmsearch --domtblout reports/busco-results/data/00-reads/GCF_000171275.1_ASM17127v1_genomic.fna/run_enterobacterales_odb10/hmmer_output/6990at91347.out --cpu 1 /Users/dizzler/Projects/School/BIOL4600-Capstone/busco_downloads/lineages/enterobacterales_odb10/hmms/6990at91347.hmm reports/busco-results/data/00-reads/GCF_000171275.1_ASM17127v1_genomic.fna/prodigal_output/predicted_genes/predicted.faa 
# Current dir:     /Users/dizzler/Projects/School/BIOL4600-Capstone
# Date:            Sat Feb 21 22:05:44 2026
# [ok]
