#                                                                                         --- full sequence --- -------------- this domain -------------   hmm coord   ali coord   env coord
# target name                     accession   tlen query name           accession   qlen   E-value  score  bias   #  of  c-Evalue  i-Evalue  score  bias  from    to  from    to  from    to  acc description of target
#             ------------------- ---------- ----- -------------------- ---------- ----- --------- ------ ----- --- --- --------- --------- ------ ----- ----- ----- ----- ----- ----- ----- ---- ---------------------
NZ_ABEI01000014.1:7663-8295|-     -            211 78786at91347         -            172   6.2e-81  268.0   0.0   1   1   2.2e-83   7.5e-81  267.7   0.0     1   172     9   197     9   197 0.93 NZ_ABEI01000014.1_8 # 7663 # 8295 # -1 # ID=40_8;partial=00;start_type=TTG;rbs_motif=GGAG/GAGG;rbs_spacer=5-10bp;gc_cont=0.521
NZ_ABEI01000009.1:124075-125547|- -            491 78786at91347         -            172   6.8e-09   33.5   0.1   1   2   1.6e-05    0.0055   14.3   0.0    21    55     5    38     3   130 0.83 NZ_ABEI01000009.1_113 # 124075 # 125547 # -1 # ID=45_113;partial=00;start_type=ATG;rbs_motif=GGAG/GAGG;rbs_spacer=5-10bp;gc_cont=0.545
NZ_ABEI01000009.1:124075-125547|- -            491 78786at91347         -            172   6.8e-09   33.5   0.1   2   2   5.6e-06    0.0019   15.8   0.1    16   143   200   337   191   372 0.66 NZ_ABEI01000009.1_113 # 124075 # 125547 # -1 # ID=45_113;partial=00;start_type=ATG;rbs_motif=GGAG/GAGG;rbs_spacer=5-10bp;gc_cont=0.545
NZ_ABEI01000034.1:2202-3566|+     -            455 78786at91347         -            172   4.6e-05   21.1   0.0   1   1   2.9e-07   9.7e-05   20.0   0.0    16    55   214   252   205   279 0.85 NZ_ABEI01000034.1_3 # 2202 # 3566 # 1 # ID=20_3;partial=00;start_type=ATG;rbs_motif=GGA/GAG/AGG;rbs_spacer=5-10bp;gc_cont=0.596
NZ_ABEI01000009.1:196327-197232|- -            302 78786at91347         -            172   5.7e-05   20.7   0.3   1   1   3.2e-07   0.00011   19.8   0.3    21    61    11    52     2   172 0.63 NZ_ABEI01000009.1_175 # 196327 # 197232 # -1 # ID=45_175;partial=00;start_type=ATG;rbs_motif=GGAG/GAGG;rbs_spacer=5-10bp;gc_cont=0.518
NZ_ABEI01000006.1:213809-215089|+ -            427 78786at91347         -            172   0.00048   17.7   0.1   1   2       1.3   4.4e+02   -1.7   0.0   110   142   162   194   160   201 0.81 NZ_ABEI01000006.1_185 # 213809 # 215089 # 1 # ID=48_185;partial=00;start_type=TTG;rbs_motif=GGAG/GAGG;rbs_spacer=5-10bp;gc_cont=0.543
NZ_ABEI01000006.1:213809-215089|+ -            427 78786at91347         -            172   0.00048   17.7   0.1   2   2   8.2e-06    0.0028   15.2   0.0    20   168   199   357   188   361 0.64 NZ_ABEI01000006.1_185 # 213809 # 215089 # 1 # ID=48_185;partial=00;start_type=TTG;rbs_motif=GGAG/GAGG;rbs_spacer=5-10bp;gc_cont=0.543
NZ_ABEI01000006.1:202844-203896|- -            351 78786at91347         -            172   0.00091   16.8   1.1   1   2    0.0056       1.9    6.0   0.0    97   168   126   205   120   209 0.71 NZ_ABEI01000006.1_175 # 202844 # 203896 # -1 # ID=48_175;partial=00;start_type=TTG;rbs_motif=AGGAG;rbs_spacer=5-10bp;gc_cont=0.535
NZ_ABEI01000006.1:202844-203896|- -            351 78786at91347         -            172   0.00091   16.8   1.1   2   2    0.0004      0.13    9.8   0.2    23    40   212   229   206   270 0.75 NZ_ABEI01000006.1_175 # 202844 # 203896 # -1 # ID=48_175;partial=00;start_type=TTG;rbs_motif=AGGAG;rbs_spacer=5-10bp;gc_cont=0.535
NZ_ABEI01000020.1:19353-23009|+   -           1219 78786at91347         -            172    0.0032   15.0   0.0   1   2     0.014       4.7    4.7   0.0    14    39   363   388   355   391 0.84 NZ_ABEI01000020.1_18 # 19353 # 23009 # 1 # ID=34_18;partial=00;start_type=ATG;rbs_motif=AGGAGG;rbs_spacer=3-4bp;gc_cont=0.589
NZ_ABEI01000020.1:19353-23009|+   -           1219 78786at91347         -            172    0.0032   15.0   0.0   2   2    0.0019      0.63    7.6   0.0    15    39   991  1015   982  1018 0.84 NZ_ABEI01000020.1_18 # 19353 # 23009 # 1 # ID=34_18;partial=00;start_type=ATG;rbs_motif=AGGAGG;rbs_spacer=3-4bp;gc_cont=0.589
NZ_ABEI01000009.1:43872-44351|-   -            160 78786at91347         -            172     0.023   12.3   0.0   1   1   0.00013     0.044   11.3   0.0    21    49     4    32     1    36 0.91 NZ_ABEI01000009.1_49 # 43872 # 44351 # -1 # ID=45_49;partial=00;start_type=ATG;rbs_motif=GGxGG;rbs_spacer=5-10bp;gc_cont=0.512
NZ_ABEI01000003.1:164002-164709|- -            236 78786at91347         -            172     0.027   12.0   0.0   1   1   0.00013     0.045   11.3   0.0    13    39    20    46    11    53 0.88 NZ_ABEI01000003.1_147 # 164002 # 164709 # -1 # ID=51_147;partial=00;start_type=ATG;rbs_motif=None;rbs_spacer=None;gc_cont=0.579
NZ_ABEI01000004.1:226218-228164|+ -            649 78786at91347         -            172     0.033   11.8   0.0   1   1   0.00018     0.059   10.9   0.0    13    39    29    55    21    72 0.80 NZ_ABEI01000004.1_213 # 226218 # 228164 # 1 # ID=50_213;partial=00;start_type=ATG;rbs_motif=AGGAG;rbs_spacer=5-10bp;gc_cont=0.544
NZ_ABEI01000012.1:7618-9525|+     -            636 78786at91347         -            172     0.033   11.7   0.1   1   2     0.012         4    5.0   0.0    13    43    22    52    13    69 0.80 NZ_ABEI01000012.1_13 # 7618 # 9525 # 1 # ID=42_13;partial=00;start_type=ATG;rbs_motif=None;rbs_spacer=None;gc_cont=0.575
NZ_ABEI01000012.1:7618-9525|+     -            636 78786at91347         -            172     0.033   11.7   0.1   2   2     0.021       7.1    4.1   0.0    15    39   335   359   327   363 0.84 NZ_ABEI01000012.1_13 # 7618 # 9525 # 1 # ID=42_13;partial=00;start_type=ATG;rbs_motif=None;rbs_spacer=None;gc_cont=0.575
NZ_ABEI01000007.1:67721-68407|+   -            229 78786at91347         -            172     0.041   11.4   0.0   1   1   0.00026     0.087   10.4   0.0    12    39    30    57    22    61 0.85 NZ_ABEI01000007.1_63 # 67721 # 68407 # 1 # ID=47_63;partial=00;start_type=ATG;rbs_motif=AGGA;rbs_spacer=5-10bp;gc_cont=0.585
NZ_ABEI01000020.1:11298-11756|+   -            153 78786at91347         -            172      0.06   10.9   0.0   1   1   0.00023     0.079   10.5   0.0    10    54    29    71    21    77 0.74 NZ_ABEI01000020.1_8 # 11298 # 11756 # 1 # ID=34_8;partial=00;start_type=ATG;rbs_motif=AGGAG;rbs_spacer=5-10bp;gc_cont=0.551
#
# Program:         hmmsearch
# Version:         3.4 (Aug 2023)
# Pipeline mode:   SEARCH
# Query file:      /Users/dizzler/Projects/School/BIOL4600-Capstone/busco_downloads/lineages/enterobacterales_odb10/hmms/78786at91347.hmm
# Target file:     reports/busco-results/data/00-reads/GCF_000171275.1_ASM17127v1_genomic.fna/prodigal_output/predicted_genes/predicted.faa
# Option settings: hmmsearch --domtblout reports/busco-results/data/00-reads/GCF_000171275.1_ASM17127v1_genomic.fna/run_enterobacterales_odb10/hmmer_output/78786at91347.out --cpu 1 /Users/dizzler/Projects/School/BIOL4600-Capstone/busco_downloads/lineages/enterobacterales_odb10/hmms/78786at91347.hmm reports/busco-results/data/00-reads/GCF_000171275.1_ASM17127v1_genomic.fna/prodigal_output/predicted_genes/predicted.faa 
# Current dir:     /Users/dizzler/Projects/School/BIOL4600-Capstone
# Date:            Sat Feb 21 22:05:44 2026
# [ok]
