#                                                                                         --- full sequence --- -------------- this domain -------------   hmm coord   ali coord   env coord
# target name                     accession   tlen query name           accession   qlen   E-value  score  bias   #  of  c-Evalue  i-Evalue  score  bias  from    to  from    to  from    to  acc description of target
#             ------------------- ---------- ----- -------------------- ---------- ----- --------- ------ ----- --- --- --------- --------- ------ ----- ----- ----- ----- ----- ----- ----- ---- ---------------------
NZ_ABEI01000023.1:37132-37602|+   -            157 86613at91347         -            110     3e-58  192.5   1.0   1   2     1e-17   8.9e-15   52.6   0.0     1    56     1    57     1    63 0.87 NZ_ABEI01000023.1_35 # 37132 # 37602 # 1 # ID=31_35;partial=00;start_type=ATG;rbs_motif=GGA/GAG/AGG;rbs_spacer=5-10bp;gc_cont=0.527
NZ_ABEI01000023.1:37132-37602|+   -            157 86613at91347         -            110     3e-58  192.5   1.0   2   2   1.4e-44   1.2e-41  139.0   0.2    34   110    79   156    71   156 0.97 NZ_ABEI01000023.1_35 # 37132 # 37602 # 1 # ID=31_35;partial=00;start_type=ATG;rbs_motif=GGA/GAG/AGG;rbs_spacer=5-10bp;gc_cont=0.527
NZ_ABEI01000004.1:78115-79890|+   -            592 86613at91347         -            110     4e-09   34.4   0.4   1   2       1.4   1.2e+03   -2.6   0.0    72    92   209   229   161   234 0.69 NZ_ABEI01000004.1_73 # 78115 # 79890 # 1 # ID=50_73;partial=00;start_type=ATG;rbs_motif=GGAGG;rbs_spacer=5-10bp;gc_cont=0.637
NZ_ABEI01000004.1:78115-79890|+   -            592 86613at91347         -            110     4e-09   34.4   0.4   2   2   1.2e-11   1.1e-08   33.0   0.1    61   109   541   590   523   591 0.88 NZ_ABEI01000004.1_73 # 78115 # 79890 # 1 # ID=50_73;partial=00;start_type=ATG;rbs_motif=GGAGG;rbs_spacer=5-10bp;gc_cont=0.637
NZ_ABEI01000003.1:105646-107421|- -            592 86613at91347         -            110     4e-09   34.4   0.4   1   2       1.4   1.3e+03   -2.6   0.0    72    92   209   229   162   234 0.69 NZ_ABEI01000003.1_98 # 105646 # 107421 # -1 # ID=51_98;partial=00;start_type=ATG;rbs_motif=GGAGG;rbs_spacer=5-10bp;gc_cont=0.638
NZ_ABEI01000003.1:105646-107421|- -            592 86613at91347         -            110     4e-09   34.4   0.4   2   2   1.2e-11   1.1e-08   33.0   0.1    61   109   541   590   523   591 0.88 NZ_ABEI01000003.1_98 # 105646 # 107421 # -1 # ID=51_98;partial=00;start_type=ATG;rbs_motif=GGAGG;rbs_spacer=5-10bp;gc_cont=0.638
NZ_ABEI01000023.1:7090-8865|-     -            592 86613at91347         -            110   4.8e-09   34.1   0.3   1   2       1.4   1.3e+03   -2.6   0.0    72    92   209   229   162   234 0.69 NZ_ABEI01000023.1_8 # 7090 # 8865 # -1 # ID=31_8;partial=00;start_type=ATG;rbs_motif=GGAGG;rbs_spacer=5-10bp;gc_cont=0.639
NZ_ABEI01000023.1:7090-8865|-     -            592 86613at91347         -            110   4.8e-09   34.1   0.3   2   2   1.5e-11   1.3e-08   32.8   0.1    61   109   541   590   522   591 0.87 NZ_ABEI01000023.1_8 # 7090 # 8865 # -1 # ID=31_8;partial=00;start_type=ATG;rbs_motif=GGAGG;rbs_spacer=5-10bp;gc_cont=0.639
NZ_ABEI01000003.1:221239-223128|+ -            630 86613at91347         -            110   1.2e-08   32.9  13.6   1   3   1.9e-05     0.017   13.1   0.7    56   108    20    73    11    75 0.87 NZ_ABEI01000003.1_196 # 221239 # 223128 # 1 # ID=51_196;partial=00;start_type=ATG;rbs_motif=GGAG/GAGG;rbs_spacer=5-10bp;gc_cont=0.559
NZ_ABEI01000003.1:221239-223128|+ -            630 86613at91347         -            110   1.2e-08   32.9  13.6   2   3   1.8e-05     0.016   13.1   0.5    55   109   122   177   115   178 0.88 NZ_ABEI01000003.1_196 # 221239 # 223128 # 1 # ID=51_196;partial=00;start_type=ATG;rbs_motif=GGAG/GAGG;rbs_spacer=5-10bp;gc_cont=0.559
NZ_ABEI01000003.1:221239-223128|+ -            630 86613at91347         -            110   1.2e-08   32.9  13.6   3   3     1e-05    0.0088   14.0   0.7    55   109   223   278   218   279 0.88 NZ_ABEI01000003.1_196 # 221239 # 223128 # 1 # ID=51_196;partial=00;start_type=ATG;rbs_motif=GGAG/GAGG;rbs_spacer=5-10bp;gc_cont=0.559
#
# Program:         hmmsearch
# Version:         3.4 (Aug 2023)
# Pipeline mode:   SEARCH
# Query file:      /Users/dizzler/Projects/School/BIOL4600-Capstone/busco_downloads/lineages/enterobacterales_odb10/hmms/86613at91347.hmm
# Target file:     reports/busco-results/data/00-reads/GCF_000171275.1_ASM17127v1_genomic.fna/prodigal_output/predicted_genes/predicted.faa
# Option settings: hmmsearch --domtblout reports/busco-results/data/00-reads/GCF_000171275.1_ASM17127v1_genomic.fna/run_enterobacterales_odb10/hmmer_output/86613at91347.out --cpu 1 /Users/dizzler/Projects/School/BIOL4600-Capstone/busco_downloads/lineages/enterobacterales_odb10/hmms/86613at91347.hmm reports/busco-results/data/00-reads/GCF_000171275.1_ASM17127v1_genomic.fna/prodigal_output/predicted_genes/predicted.faa 
# Current dir:     /Users/dizzler/Projects/School/BIOL4600-Capstone
# Date:            Sat Feb 21 22:05:45 2026
# [ok]
