#                                                                                     --- full sequence --- -------------- this domain -------------   hmm coord   ali coord   env coord
# target name                 accession   tlen query name           accession   qlen   E-value  score  bias   #  of  c-Evalue  i-Evalue  score  bias  from    to  from    to  from    to  acc description of target
#         ------------------- ---------- ----- -------------------- ---------- ----- --------- ------ ----- --- --- --------- --------- ------ ----- ----- ----- ----- ----- ----- ----- ---- ---------------------
NC_016856.1:489048-490412|-   -            455 26452at91347         -            382  6.6e-174  576.2  29.7   1   1  1.2e-172  1.6e-170  565.0  29.7     1   382     1   449     1   449 0.89 NC_016856.1_433 # 489048 # 490412 # -1 # ID=1_433;partial=00;start_type=ATG;rbs_motif=GGAG/GAGG;rbs_spacer=5-10bp;gc_cont=0.555
NC_016856.1:2374036-2375226|- -            397 26452at91347         -            382   4.5e-16   56.6  16.4   1   1   3.4e-18   4.5e-16   56.6  16.4    10   190     9   190     1   221 0.83 NC_016856.1_2268 # 2374036 # 2375226 # -1 # ID=1_2268;partial=00;start_type=GTG;rbs_motif=AGGAG;rbs_spacer=5-10bp;gc_cont=0.537
NC_016856.1:1515649-1516854|- -            402 26452at91347         -            382   2.7e-15   54.1   3.3   1   2     2e-17   2.7e-15   54.1   3.3    22   191    17   187     1   221 0.87 NC_016856.1_1431 # 1515649 # 1516854 # -1 # ID=1_1431;partial=00;start_type=ATG;rbs_motif=GGA/GAG/AGG;rbs_spacer=5-10bp;gc_cont=0.550
NC_016856.1:1515649-1516854|- -            402 26452at91347         -            382   2.7e-15   54.1   3.3   2   2       1.4   1.9e+02   -1.4   0.4   203   224   339   360   291   379 0.56 NC_016856.1_1431 # 1515649 # 1516854 # -1 # ID=1_1431;partial=00;start_type=ATG;rbs_motif=GGA/GAG/AGG;rbs_spacer=5-10bp;gc_cont=0.550
NC_016856.1:4013381-4014565|+ -            395 26452at91347         -            382   1.4e-13   48.5   4.5   1   2     1e-15   1.4e-13   48.5   4.5    14   174    11   172     1   189 0.78 NC_016856.1_3780 # 4013381 # 4014565 # 1 # ID=1_3780;partial=00;start_type=ATG;rbs_motif=None;rbs_spacer=None;gc_cont=0.584
NC_016856.1:4013381-4014565|+ -            395 26452at91347         -            382   1.4e-13   48.5   4.5   2   2       8.6   1.1e+03   -4.0   0.3   316   336   231   246   221   255 0.46 NC_016856.1_3780 # 4013381 # 4014565 # 1 # ID=1_3780;partial=00;start_type=ATG;rbs_motif=None;rbs_spacer=None;gc_cont=0.584
NC_016856.1:4067770-4068957|+ -            396 26452at91347         -            382   1.7e-13   48.2  11.9   1   2   1.3e-15   1.7e-13   48.2  11.9    26   219    18   224     3   305 0.77 NC_016856.1_3829 # 4067770 # 4068957 # 1 # ID=1_3829;partial=00;start_type=ATG;rbs_motif=GGAG/GAGG;rbs_spacer=5-10bp;gc_cont=0.555
NC_016856.1:4067770-4068957|+ -            396 26452at91347         -            382   1.7e-13   48.2  11.9   2   2      0.34        45    0.7   0.5   159   190   349   383   327   390 0.64 NC_016856.1_3829 # 4067770 # 4068957 # 1 # ID=1_3829;partial=00;start_type=ATG;rbs_motif=GGAG/GAGG;rbs_spacer=5-10bp;gc_cont=0.555
NC_016856.1:581776-583023|+   -            416 26452at91347         -            382   2.5e-12   44.3  28.6   1   2   6.6e-14   8.8e-12   42.5  14.2    29   184    32   192     8   209 0.81 NC_016856.1_517 # 581776 # 583023 # 1 # ID=1_517;partial=00;start_type=ATG;rbs_motif=GGA/GAG/AGG;rbs_spacer=5-10bp;gc_cont=0.461
NC_016856.1:581776-583023|+   -            416 26452at91347         -            382   2.5e-12   44.3  28.6   2   2    0.0024      0.32    7.7   6.5    17   190   228   407   214   414 0.71 NC_016856.1_517 # 581776 # 583023 # 1 # ID=1_517;partial=00;start_type=ATG;rbs_motif=GGA/GAG/AGG;rbs_spacer=5-10bp;gc_cont=0.461
NC_016856.1:4784875-4786116|- -            414 26452at91347         -            382   9.9e-12   42.3  11.6   1   1   1.4e-13   1.8e-11   41.5  11.6    52   191    56   197    46   276 0.92 NC_016856.1_4458 # 4784875 # 4786116 # -1 # ID=1_4458;partial=00;start_type=ATG;rbs_motif=GGAG/GAGG;rbs_spacer=5-10bp;gc_cont=0.576
NC_016856.1:1572679-1573932|- -            418 26452at91347         -            382   1.6e-11   41.7  18.1   1   2   1.1e-10   1.5e-08   31.9   8.3    30   205    58   231    34   261 0.80 NC_016856.1_1487 # 1572679 # 1573932 # -1 # ID=1_1487;partial=00;start_type=GTG;rbs_motif=AGGA;rbs_spacer=5-10bp;gc_cont=0.551
NC_016856.1:1572679-1573932|- -            418 26452at91347         -            382   1.6e-11   41.7  18.1   2   2   1.3e-05    0.0017   15.2   2.2   259   328   317   385   294   399 0.86 NC_016856.1_1487 # 1572679 # 1573932 # -1 # ID=1_1487;partial=00;start_type=GTG;rbs_motif=AGGA;rbs_spacer=5-10bp;gc_cont=0.551
NC_016856.1:1209224-1210432|- -            403 26452at91347         -            382   1.8e-10   38.2  16.9   1   1   1.4e-11   1.9e-09   34.8  16.9    22   330    21   359    12   368 0.72 NC_016856.1_1109 # 1209224 # 1210432 # -1 # ID=1_1109;partial=00;start_type=ATG;rbs_motif=GGAGG;rbs_spacer=3-4bp;gc_cont=0.562
NC_016856.1:939547-940779|+   -            411 26452at91347         -            382   3.2e-10   37.4   3.9   1   2   2.4e-12   3.2e-10   37.4   3.9    60   200    65   207    48   255 0.83 NC_016856.1_850 # 939547 # 940779 # 1 # ID=1_850;partial=00;start_type=ATG;rbs_motif=GGA/GAG/AGG;rbs_spacer=5-10bp;gc_cont=0.554
NC_016856.1:939547-940779|+   -            411 26452at91347         -            382   3.2e-10   37.4   3.9   2   2       1.2   1.6e+02   -1.1   0.6    87    98   295   306   257   397 0.68 NC_016856.1_850 # 939547 # 940779 # 1 # ID=1_850;partial=00;start_type=ATG;rbs_motif=GGA/GAG/AGG;rbs_spacer=5-10bp;gc_cont=0.554
NC_016856.1:1631386-1632627|- -            414 26452at91347         -            382   6.4e-10   36.4  12.0   1   2   4.8e-12   6.4e-10   36.4  12.0    16   211    25   221    12   249 0.72 NC_016856.1_1548 # 1631386 # 1632627 # -1 # ID=1_1548;partial=00;start_type=ATG;rbs_motif=GGA/GAG/AGG;rbs_spacer=5-10bp;gc_cont=0.494
NC_016856.1:1631386-1632627|- -            414 26452at91347         -            382   6.4e-10   36.4  12.0   2   2       1.7   2.3e+02   -1.7  11.8   232   363   273   411   270   413 0.62 NC_016856.1_1548 # 1631386 # 1632627 # -1 # ID=1_1548;partial=00;start_type=ATG;rbs_motif=GGA/GAG/AGG;rbs_spacer=5-10bp;gc_cont=0.494
NC_016856.1:1179986-1181266|+ -            427 26452at91347         -            382   1.5e-09   35.1   0.8   1   3   1.2e-11   1.5e-09   35.1   0.8    67   193    73   200    69   252 0.80 NC_016856.1_1076 # 1179986 # 1181266 # 1 # ID=1_1076;partial=00;start_type=GTG;rbs_motif=GGA/GAG/AGG;rbs_spacer=5-10bp;gc_cont=0.453
NC_016856.1:1179986-1181266|+ -            427 26452at91347         -            382   1.5e-09   35.1   0.8   2   3      0.03       3.9    4.2   0.1    64    89   283   308   270   337 0.86 NC_016856.1_1076 # 1179986 # 1181266 # 1 # ID=1_1076;partial=00;start_type=GTG;rbs_motif=GGA/GAG/AGG;rbs_spacer=5-10bp;gc_cont=0.453
NC_016856.1:1179986-1181266|+ -            427 26452at91347         -            382   1.5e-09   35.1   0.8   3   3       2.6   3.4e+02   -2.2   0.1   145   183   390   407   371   419 0.49 NC_016856.1_1076 # 1179986 # 1181266 # 1 # ID=1_1076;partial=00;start_type=GTG;rbs_motif=GGA/GAG/AGG;rbs_spacer=5-10bp;gc_cont=0.453
NC_016856.1:2273278-2274690|+ -            471 26452at91347         -            382   1.9e-09   34.8  10.8   1   1   1.5e-11   1.9e-09   34.8  10.8    49   211    47   211     7   216 0.83 NC_016856.1_2177 # 2273278 # 2274690 # 1 # ID=1_2177;partial=00;start_type=ATG;rbs_motif=AGxAG;rbs_spacer=3-4bp;gc_cont=0.545
NC_016856.1:3707639-3708973|+ -            445 26452at91347         -            382   2.4e-09   34.5   1.4   1   2   1.8e-11   2.4e-09   34.5   1.4    46   185    52   193    45   206 0.89 NC_016856.1_3510 # 3707639 # 3708973 # 1 # ID=1_3510;partial=00;start_type=ATG;rbs_motif=GGA/GAG/AGG;rbs_spacer=5-10bp;gc_cont=0.541
NC_016856.1:3707639-3708973|+ -            445 26452at91347         -            382   2.4e-09   34.5   1.4   2   2       1.2   1.7e+02   -1.2   0.6   318   354   374   410   363   416 0.81 NC_016856.1_3510 # 3707639 # 3708973 # 1 # ID=1_3510;partial=00;start_type=ATG;rbs_motif=GGA/GAG/AGG;rbs_spacer=5-10bp;gc_cont=0.541
NC_016856.1:3272461-3273855|+ -            465 26452at91347         -            382   2.9e-09   34.2  24.1   1   2   7.5e-08   9.9e-06   22.6   6.3    65   160    70   167    58   197 0.73 NC_016856.1_3080 # 3272461 # 3273855 # 1 # ID=1_3080;partial=00;start_type=ATG;rbs_motif=GGAGG;rbs_spacer=5-10bp;gc_cont=0.552
NC_016856.1:3272461-3273855|+ -            465 26452at91347         -            382   2.9e-09   34.2  24.1   2   2   1.5e-05     0.002   15.0   9.8    55   202   295   453   249   456 0.71 NC_016856.1_3080 # 3272461 # 3273855 # 1 # ID=1_3080;partial=00;start_type=ATG;rbs_motif=GGAGG;rbs_spacer=5-10bp;gc_cont=0.552
NC_016856.1:3195611-3197029|- -            473 26452at91347         -            382   1.6e-08   31.8  21.2   1   2   9.2e-09   1.2e-06   25.6   6.3    61   184    73   198    35   220 0.87 NC_016856.1_3007 # 3195611 # 3197029 # -1 # ID=1_3007;partial=00;start_type=ATG;rbs_motif=GGA/GAG/AGG;rbs_spacer=5-10bp;gc_cont=0.527
NC_016856.1:3195611-3197029|- -            473 26452at91347         -            382   1.6e-08   31.8  21.2   2   2   0.00023     0.031   11.1   5.4    69   201   316   462   290   467 0.69 NC_016856.1_3007 # 3195611 # 3197029 # -1 # ID=1_3007;partial=00;start_type=ATG;rbs_motif=GGA/GAG/AGG;rbs_spacer=5-10bp;gc_cont=0.527
NC_016856.1:1199409-1200623|- -            405 26452at91347         -            382   4.8e-08   30.2  25.5   1   2   1.8e-07   2.4e-05   21.4   9.9    29   190    30   196    10   226 0.79 NC_016856.1_1097 # 1199409 # 1200623 # -1 # ID=1_1097;partial=00;start_type=ATG;rbs_motif=GGA/GAG/AGG;rbs_spacer=5-10bp;gc_cont=0.550
NC_016856.1:1199409-1200623|- -            405 26452at91347         -            382   4.8e-08   30.2  25.5   2   2   3.3e-05    0.0044   13.9   8.9    12   174   218   385   209   393 0.74 NC_016856.1_1097 # 1199409 # 1200623 # -1 # ID=1_1097;partial=00;start_type=ATG;rbs_motif=GGA/GAG/AGG;rbs_spacer=5-10bp;gc_cont=0.550
NC_016856.1:4111201-4112628|- -            476 26452at91347         -            382   6.9e-08   29.7  10.8   1   2   5.2e-10   6.9e-08   29.7  10.8    52   249    51   246     5   268 0.75 NC_016856.1_3870 # 4111201 # 4112628 # -1 # ID=1_3870;partial=00;start_type=ATG;rbs_motif=AGGA;rbs_spacer=5-10bp;gc_cont=0.520
NC_016856.1:4111201-4112628|- -            476 26452at91347         -            382   6.9e-08   29.7  10.8   2   2       5.4   7.2e+02   -3.3   4.5    84   152   334   414   309   462 0.47 NC_016856.1_3870 # 4111201 # 4112628 # -1 # ID=1_3870;partial=00;start_type=ATG;rbs_motif=AGGA;rbs_spacer=5-10bp;gc_cont=0.520
NC_016856.1:436290-437501|+   -            404 26452at91347         -            382   1.1e-07   29.1  12.1   1   2   7.9e-10   1.1e-07   29.1  12.1    27   187    22   187     7   205 0.84 NC_016856.1_379 # 436290 # 437501 # 1 # ID=1_379;partial=00;start_type=ATG;rbs_motif=GGA/GAG/AGG;rbs_spacer=3-4bp;gc_cont=0.524
NC_016856.1:436290-437501|+   -            404 26452at91347         -            382   1.1e-07   29.1  12.1   2   2     0.053         7    3.3  11.2    30   178   231   384   211   399 0.73 NC_016856.1_379 # 436290 # 437501 # 1 # ID=1_379;partial=00;start_type=ATG;rbs_motif=GGA/GAG/AGG;rbs_spacer=3-4bp;gc_cont=0.524
NC_016856.1:2536145-2537323|- -            393 26452at91347         -            382   1.8e-07   28.4  21.6   1   2   4.4e-05    0.0058   13.5   4.1    22   177    26   191     6   207 0.76 NC_016856.1_2417 # 2536145 # 2537323 # -1 # ID=1_2417;partial=00;start_type=ATG;rbs_motif=GGAG/GAGG;rbs_spacer=5-10bp;gc_cont=0.610
NC_016856.1:2536145-2537323|- -            393 26452at91347         -            382   1.8e-07   28.4  21.6   2   2     4e-07   5.3e-05   20.2   8.0    47   183   249   387   232   389 0.79 NC_016856.1_2417 # 2536145 # 2537323 # -1 # ID=1_2417;partial=00;start_type=ATG;rbs_motif=GGAG/GAGG;rbs_spacer=5-10bp;gc_cont=0.610
NC_016856.1:1666787-1668274|- -            496 26452at91347         -            382   7.5e-07   26.3  18.8   1   2   5.6e-09   7.5e-07   26.3  18.8    38   285    33   281    21   329 0.65 NC_016856.1_1580 # 1666787 # 1668274 # -1 # ID=1_1580;partial=00;start_type=ATG;rbs_motif=GGA/GAG/AGG;rbs_spacer=5-10bp;gc_cont=0.577
NC_016856.1:1666787-1668274|- -            496 26452at91347         -            382   7.5e-07   26.3  18.8   2   2       2.2     3e+02   -2.0   0.0   279   329   360   412   349   419 0.72 NC_016856.1_1580 # 1666787 # 1668274 # -1 # ID=1_1580;partial=00;start_type=ATG;rbs_motif=GGA/GAG/AGG;rbs_spacer=5-10bp;gc_cont=0.577
NC_016856.1:2979675-2980859|+ -            395 26452at91347         -            382   1.9e-06   24.9  10.3   1   3   1.4e-08   1.9e-06   24.9  10.3    49   214    51   213     6   250 0.79 NC_016856.1_2809 # 2979675 # 2980859 # 1 # ID=1_2809;partial=00;start_type=ATG;rbs_motif=None;rbs_spacer=None;gc_cont=0.590
NC_016856.1:2979675-2980859|+ -            395 26452at91347         -            382   1.9e-06   24.9  10.3   2   3       1.6   2.2e+02   -1.6   0.6    54   106   254   307   244   327 0.67 NC_016856.1_2809 # 2979675 # 2980859 # 1 # ID=1_2809;partial=00;start_type=ATG;rbs_motif=None;rbs_spacer=None;gc_cont=0.590
NC_016856.1:2979675-2980859|+ -            395 26452at91347         -            382   1.9e-06   24.9  10.3   3   3         1   1.4e+02   -0.9   0.8   285   324   318   356   270   366 0.59 NC_016856.1_2809 # 2979675 # 2980859 # 1 # ID=1_2809;partial=00;start_type=ATG;rbs_motif=None;rbs_spacer=None;gc_cont=0.590
NC_016856.1:1950043-1951416|+ -            458 26452at91347         -            382   2.5e-06   24.5  12.2   1   2   1.9e-08   2.5e-06   24.5  12.2    53   194    57   200    15   223 0.76 NC_016856.1_1845 # 1950043 # 1951416 # 1 # ID=1_1845;partial=00;start_type=ATG;rbs_motif=None;rbs_spacer=None;gc_cont=0.551
NC_016856.1:1950043-1951416|+ -            458 26452at91347         -            382   2.5e-06   24.5  12.2   2   2       2.7   3.6e+02   -2.3   0.1   291   328   383   420   361   423 0.81 NC_016856.1_1845 # 1950043 # 1951416 # 1 # ID=1_1845;partial=00;start_type=ATG;rbs_motif=None;rbs_spacer=None;gc_cont=0.551
NC_016856.1:402582-403835|+   -            418 26452at91347         -            382   4.1e-06   23.9  17.5   1   2   2.2e-06   0.00029   17.8   8.9     8   220    10   227     5   243 0.79 NC_016856.1_353 # 402582 # 403835 # 1 # ID=1_353;partial=00;start_type=ATG;rbs_motif=AGGA;rbs_spacer=5-10bp;gc_cont=0.539
NC_016856.1:402582-403835|+   -            418 26452at91347         -            382   4.1e-06   23.9  17.5   2   2   0.00051     0.068   10.0   3.2    45    86   248   289   202   320 0.79 NC_016856.1_353 # 402582 # 403835 # 1 # ID=1_353;partial=00;start_type=ATG;rbs_motif=AGGA;rbs_spacer=5-10bp;gc_cont=0.539
NC_016856.1:297612-298787|+   -            392 26452at91347         -            382   5.2e-06   23.5  13.8   1   1   3.9e-08   5.2e-06   23.5  13.8    28   189    20   182     6   206 0.85 NC_016856.1_252 # 297612 # 298787 # 1 # ID=1_252;partial=00;start_type=ATG;rbs_motif=GGAG/GAGG;rbs_spacer=5-10bp;gc_cont=0.558
NC_016856.1:2326951-2328309|- -            453 26452at91347         -            382   5.4e-06   23.4   0.7   1   1   4.1e-08   5.4e-06   23.4   0.7    67   188    77   200    65   213 0.89 NC_016856.1_2226 # 2326951 # 2328309 # -1 # ID=1_2226;partial=00;start_type=ATG;rbs_motif=GGAG/GAGG;rbs_spacer=5-10bp;gc_cont=0.589
NC_016856.1:372094-373326|+   -            411 26452at91347         -            382   0.00019   18.4  27.6   1   1   7.2e-06   0.00095   16.1  27.6    65   337    67   375    36   406 0.71 NC_016856.1_326 # 372094 # 373326 # 1 # ID=1_326;partial=00;start_type=ATG;rbs_motif=GGA/GAG/AGG;rbs_spacer=5-10bp;gc_cont=0.429
NC_016856.1:1608879-1610069|- -            397 26452at91347         -            382   0.00031   17.6  28.4   1   1   2.3e-05    0.0031   14.4  28.4    45   229    46   230    16   369 0.89 NC_016856.1_1525 # 1608879 # 1610069 # -1 # ID=1_1525;partial=00;start_type=ATG;rbs_motif=None;rbs_spacer=None;gc_cont=0.533
NC_016856.1:2983202-2984740|+ -            513 26452at91347         -            382   0.00037   17.4   3.7   1   2   2.8e-06   0.00037   17.4   3.7    53   214    55   220    43   223 0.71 NC_016856.1_2812 # 2983202 # 2984740 # 1 # ID=1_2812;partial=00;start_type=ATG;rbs_motif=GGAG/GAGG;rbs_spacer=5-10bp;gc_cont=0.569
NC_016856.1:2983202-2984740|+ -            513 26452at91347         -            382   0.00037   17.4   3.7   2   2       1.3   1.7e+02   -1.3   5.4   170   253   234   324   228   355 0.66 NC_016856.1_2812 # 2983202 # 2984740 # 1 # ID=1_2812;partial=00;start_type=ATG;rbs_motif=GGAG/GAGG;rbs_spacer=5-10bp;gc_cont=0.569
NC_016856.1:4690817-4692043|+ -            409 26452at91347         -            382   0.00052   16.9  22.0   1   2   0.00022     0.029   11.2   7.5    42   183    47   195    28   222 0.70 NC_016856.1_4374 # 4690817 # 4692043 # 1 # ID=1_4374;partial=00;start_type=ATG;rbs_motif=GGAG/GAGG;rbs_spacer=5-10bp;gc_cont=0.515
NC_016856.1:4690817-4692043|+ -            409 26452at91347         -            382   0.00052   16.9  22.0   2   2   0.00012     0.017   12.0   6.5    54   139   267   358   226   408 0.71 NC_016856.1_4374 # 4690817 # 4692043 # 1 # ID=1_4374;partial=00;start_type=ATG;rbs_motif=GGAG/GAGG;rbs_spacer=5-10bp;gc_cont=0.515
NC_016856.1:2436737-2437954|- -            406 26452at91347         -            382   0.00071   16.5  14.2   1   2   5.3e-06   0.00071   16.5  14.2    11   191    17   200     8   232 0.79 NC_016856.1_2326 # 2436737 # 2437954 # -1 # ID=1_2326;partial=00;start_type=GTG;rbs_motif=GGA/GAG/AGG;rbs_spacer=5-10bp;gc_cont=0.498
NC_016856.1:2436737-2437954|- -            406 26452at91347         -            382   0.00071   16.5  14.2   2   2     0.047       6.3    3.5  11.6    55   177   258   382   221   393 0.80 NC_016856.1_2326 # 2436737 # 2437954 # -1 # ID=1_2326;partial=00;start_type=GTG;rbs_motif=GGA/GAG/AGG;rbs_spacer=5-10bp;gc_cont=0.498
NC_016856.1:3520409-3521899|- -            497 26452at91347         -            382    0.0069   13.2  16.5   1   2   1.1e-05    0.0014   15.5  10.8    66   338    74   349    66   369 0.74 NC_016856.1_3323 # 3520409 # 3521899 # -1 # ID=1_3323;partial=00;start_type=ATG;rbs_motif=GGAG/GAGG;rbs_spacer=5-10bp;gc_cont=0.553
NC_016856.1:3520409-3521899|- -            497 26452at91347         -            382    0.0069   13.2  16.5   2   2      0.83   1.1e+02   -0.6   0.1   148   190   416   459   395   463 0.72 NC_016856.1_3323 # 3520409 # 3521899 # -1 # ID=1_3323;partial=00;start_type=ATG;rbs_motif=GGAG/GAGG;rbs_spacer=5-10bp;gc_cont=0.553
NC_016856.1:1604391-1605578|- -            396 26452at91347         -            382     0.055   10.3  23.5   1   1    0.0011      0.14    8.9  22.7    13   188     9   185     1   372 0.84 NC_016856.1_1519 # 1604391 # 1605578 # -1 # ID=1_1519;partial=00;start_type=ATG;rbs_motif=GGA/GAG/AGG;rbs_spacer=5-10bp;gc_cont=0.521
NC_016856.1:4684020-4685186|- -            389 26452at91347         -            382      0.06   10.2  12.0   1   3      0.17        23    1.7   5.4    20   113    20   121     5   126 0.69 NC_016856.1_4370 # 4684020 # 4685186 # -1 # ID=1_4370;partial=00;start_type=ATG;rbs_motif=AGGA;rbs_spacer=5-10bp;gc_cont=0.608
NC_016856.1:4684020-4685186|- -            389 26452at91347         -            382      0.06   10.2  12.0   2   3    0.0092       1.2    5.8   0.3    49   114   247   312   230   316 0.93 NC_016856.1_4370 # 4684020 # 4685186 # -1 # ID=1_4370;partial=00;start_type=ATG;rbs_motif=AGGA;rbs_spacer=5-10bp;gc_cont=0.608
NC_016856.1:4684020-4685186|- -            389 26452at91347         -            382      0.06   10.2  12.0   3   3     0.015         2    5.1   0.0   292   331   322   361   313   382 0.85 NC_016856.1_4370 # 4684020 # 4685186 # -1 # ID=1_4370;partial=00;start_type=ATG;rbs_motif=AGGA;rbs_spacer=5-10bp;gc_cont=0.608
NC_016856.1:3073516-3074724|- -            403 26452at91347         -            382      0.15    8.8  24.9   1   2   9.4e-05     0.012   12.4  14.2    10   221     5   214     1   227 0.78 NC_016856.1_2903 # 3073516 # 3074724 # -1 # ID=1_2903;partial=00;start_type=ATG;rbs_motif=GGAGG;rbs_spacer=5-10bp;gc_cont=0.543
NC_016856.1:3073516-3074724|- -            403 26452at91347         -            382      0.15    8.8  24.9   2   2       1.8   2.5e+02   -1.7   8.3    15   105   205   301   200   395 0.71 NC_016856.1_2903 # 3073516 # 3074724 # -1 # ID=1_2903;partial=00;start_type=ATG;rbs_motif=GGAGG;rbs_spacer=5-10bp;gc_cont=0.543
#
# Program:         hmmsearch
# Version:         3.4 (Aug 2023)
# Pipeline mode:   SEARCH
# Query file:      /Users/dizzler/Projects/School/BIOL4600-Capstone/busco_downloads/lineages/enterobacterales_odb10/hmms/26452at91347.hmm
# Target file:     reports/busco-results/data/00-reads/GCF_000022165.1_ASM2216v1_genomic.fna/prodigal_output/predicted_genes/predicted.faa
# Option settings: hmmsearch --domtblout reports/busco-results/data/00-reads/GCF_000022165.1_ASM2216v1_genomic.fna/run_enterobacterales_odb10/hmmer_output/26452at91347.out --cpu 1 /Users/dizzler/Projects/School/BIOL4600-Capstone/busco_downloads/lineages/enterobacterales_odb10/hmms/26452at91347.hmm reports/busco-results/data/00-reads/GCF_000022165.1_ASM2216v1_genomic.fna/prodigal_output/predicted_genes/predicted.faa 
# Current dir:     /Users/dizzler/Projects/School/BIOL4600-Capstone
# Date:            Sat Feb 21 22:04:42 2026
# [ok]
