#                                                                                     --- full sequence --- -------------- this domain -------------   hmm coord   ali coord   env coord
# target name                 accession   tlen query name           accession   qlen   E-value  score  bias   #  of  c-Evalue  i-Evalue  score  bias  from    to  from    to  from    to  acc description of target
#         ------------------- ---------- ----- -------------------- ---------- ----- --------- ------ ----- --- --- --------- --------- ------ ----- ----- ----- ----- ----- ----- ----- ---- ---------------------
NC_016856.1:2210913-2212319|- -            469 33151at91347         -            402  9.7e-215  711.2   0.2   1   1  1.2e-217  1.1e-214  711.0   0.2     1   402     1   466     1   466 0.92 NC_016856.1_2128 # 2210913 # 2212319 # -1 # ID=1_2128;partial=00;start_type=ATG;rbs_motif=AGGAG;rbs_spacer=5-10bp;gc_cont=0.522
NC_016856.1:580832-581710|+   -            293 33151at91347         -            402   4.3e-09   34.0   0.1   1   2   9.1e-05     0.085   10.0   0.0     5    70     2    69     1    80 0.79 NC_016856.1_516 # 580832 # 581710 # 1 # ID=1_516;partial=00;start_type=ATG;rbs_motif=GGAG/GAGG;rbs_spacer=5-10bp;gc_cont=0.510
NC_016856.1:580832-581710|+   -            293 33151at91347         -            402   4.3e-09   34.0   0.1   2   2   1.8e-08   1.6e-05   22.2   0.1    94   171   113   188    98   200 0.86 NC_016856.1_516 # 580832 # 581710 # 1 # ID=1_516;partial=00;start_type=ATG;rbs_motif=GGAG/GAGG;rbs_spacer=5-10bp;gc_cont=0.510
NC_016856.1:3434706-3435596|- -            297 33151at91347         -            402   4.9e-07   27.2   1.7   1   1   6.5e-09     6e-06   23.7   1.7     4   173     3   193     1   249 0.75 NC_016856.1_3238 # 3434706 # 3435596 # -1 # ID=1_3238;partial=00;start_type=ATG;rbs_motif=GGA/GAG/AGG;rbs_spacer=5-10bp;gc_cont=0.563
NC_016856.1:3080941-3081864|- -            308 33151at91347         -            402   0.00036   17.8   0.1   1   3       1.2   1.1e+03   -3.6   0.2     5    19     8    22     7    27 0.83 NC_016856.1_2910 # 3080941 # 3081864 # -1 # ID=1_2910;partial=00;start_type=ATG;rbs_motif=GGAG/GAGG;rbs_spacer=5-10bp;gc_cont=0.598
NC_016856.1:3080941-3081864|- -            308 33151at91347         -            402   0.00036   17.8   0.1   2   3      0.25   2.3e+02   -1.3   0.0   135   174    75   119    59   122 0.75 NC_016856.1_2910 # 3080941 # 3081864 # -1 # ID=1_2910;partial=00;start_type=ATG;rbs_motif=GGAG/GAGG;rbs_spacer=5-10bp;gc_cont=0.598
NC_016856.1:3080941-3081864|- -            308 33151at91347         -            402   0.00036   17.8   0.1   3   3   3.8e-07   0.00036   17.8   0.1    93   171   120   197   115   203 0.82 NC_016856.1_2910 # 3080941 # 3081864 # -1 # ID=1_2910;partial=00;start_type=ATG;rbs_motif=GGAG/GAGG;rbs_spacer=5-10bp;gc_cont=0.598
NC_016856.1:4247348-4248244|- -            299 33151at91347         -            402     0.049   10.8   0.1   1   1    0.0002      0.18    8.9   0.1     6    39     4    37     1   196 0.53 NC_016856.1_3987 # 4247348 # 4248244 # -1 # ID=1_3987;partial=00;start_type=ATG;rbs_motif=AGGAG;rbs_spacer=5-10bp;gc_cont=0.561
#
# Program:         hmmsearch
# Version:         3.4 (Aug 2023)
# Pipeline mode:   SEARCH
# Query file:      /Users/dizzler/Projects/School/BIOL4600-Capstone/busco_downloads/lineages/enterobacterales_odb10/hmms/33151at91347.hmm
# Target file:     reports/busco-results/data/00-reads/GCF_000022165.1_ASM2216v1_genomic.fna/prodigal_output/predicted_genes/predicted.faa
# Option settings: hmmsearch --domtblout reports/busco-results/data/00-reads/GCF_000022165.1_ASM2216v1_genomic.fna/run_enterobacterales_odb10/hmmer_output/33151at91347.out --cpu 1 /Users/dizzler/Projects/School/BIOL4600-Capstone/busco_downloads/lineages/enterobacterales_odb10/hmms/33151at91347.hmm reports/busco-results/data/00-reads/GCF_000022165.1_ASM2216v1_genomic.fna/prodigal_output/predicted_genes/predicted.faa 
# Current dir:     /Users/dizzler/Projects/School/BIOL4600-Capstone
# Date:            Sat Feb 21 22:04:42 2026
# [ok]
