#                                                                                     --- full sequence --- -------------- this domain -------------   hmm coord   ali coord   env coord
# target name                 accession   tlen query name           accession   qlen   E-value  score  bias   #  of  c-Evalue  i-Evalue  score  bias  from    to  from    to  from    to  acc description of target
#         ------------------- ---------- ----- -------------------- ---------- ----- --------- ------ ----- --- --- --------- --------- ------ ----- ----- ----- ----- ----- ----- ----- ---- ---------------------
NC_016856.1:3475591-3476928|- -            446 33787at91347         -            385  6.4e-212  701.2   1.5   1   2  3.4e-206    4e-203  672.2   0.4     1   357     1   376     1   380 0.97 NC_016856.1_3277 # 3475591 # 3476928 # -1 # ID=1_3277;partial=00;start_type=ATG;rbs_motif=GGA/GAG/AGG;rbs_spacer=5-10bp;gc_cont=0.573
NC_016856.1:3475591-3476928|- -            446 33787at91347         -            385  6.4e-212  701.2   1.5   2   2   1.6e-10   1.8e-07   28.1   0.0   354   382   402   430   395   433 0.88 NC_016856.1_3277 # 3475591 # 3476928 # -1 # ID=1_3277;partial=00;start_type=ATG;rbs_motif=GGA/GAG/AGG;rbs_spacer=5-10bp;gc_cont=0.573
NC_016856.1:2238572-2239942|- -            457 33787at91347         -            385   6.2e-31  105.4   0.0   1   2   8.2e-33   9.5e-30  101.5   0.0     2   350     2   373     1   376 0.82 NC_016856.1_2151 # 2238572 # 2239942 # -1 # ID=1_2151;partial=00;start_type=ATG;rbs_motif=AGxAGG/AGGxGG;rbs_spacer=5-10bp;gc_cont=0.616
NC_016856.1:2238572-2239942|- -            457 33787at91347         -            385   6.2e-31  105.4   0.0   2   2      0.04        47    0.5   0.0   360   377   419   436   416   440 0.88 NC_016856.1_2151 # 2238572 # 2239942 # -1 # ID=1_2151;partial=00;start_type=ATG;rbs_motif=AGxAGG/AGGxGG;rbs_spacer=5-10bp;gc_cont=0.616
NC_016856.1:2213985-2215418|- -            478 33787at91347         -            385   6.3e-18   62.6   0.0   1   1   8.4e-21   9.7e-18   62.0   0.0     6   245    17   266    13   333 0.81 NC_016856.1_2130 # 2213985 # 2215418 # -1 # ID=1_2130;partial=00;start_type=ATG;rbs_motif=AGGAG;rbs_spacer=5-10bp;gc_cont=0.408
NC_016856.1:760255-761895|+   -            547 33787at91347         -            385   8.3e-10   35.8   0.0   1   2   6.2e-11   7.2e-08   29.5   0.0     6   114    41   158    36   183 0.77 NC_016856.1_684 # 760255 # 761895 # 1 # ID=1_684;partial=00;start_type=ATG;rbs_motif=AGGA;rbs_spacer=5-10bp;gc_cont=0.562
NC_016856.1:760255-761895|+   -            547 33787at91347         -            385   8.3e-10   35.8   0.0   2   2     0.003       3.4    4.2   0.0   211   327   292   416   277   433 0.74 NC_016856.1_684 # 760255 # 761895 # 1 # ID=1_684;partial=00;start_type=ATG;rbs_motif=AGGA;rbs_spacer=5-10bp;gc_cont=0.562
#
# Program:         hmmsearch
# Version:         3.4 (Aug 2023)
# Pipeline mode:   SEARCH
# Query file:      /Users/dizzler/Projects/School/BIOL4600-Capstone/busco_downloads/lineages/enterobacterales_odb10/hmms/33787at91347.hmm
# Target file:     reports/busco-results/data/00-reads/GCF_000022165.1_ASM2216v1_genomic.fna/prodigal_output/predicted_genes/predicted.faa
# Option settings: hmmsearch --domtblout reports/busco-results/data/00-reads/GCF_000022165.1_ASM2216v1_genomic.fna/run_enterobacterales_odb10/hmmer_output/33787at91347.out --cpu 1 /Users/dizzler/Projects/School/BIOL4600-Capstone/busco_downloads/lineages/enterobacterales_odb10/hmms/33787at91347.hmm reports/busco-results/data/00-reads/GCF_000022165.1_ASM2216v1_genomic.fna/prodigal_output/predicted_genes/predicted.faa 
# Current dir:     /Users/dizzler/Projects/School/BIOL4600-Capstone
# Date:            Sat Feb 21 22:04:42 2026
# [ok]
