#                                                                                     --- full sequence --- -------------- this domain -------------   hmm coord   ali coord   env coord
# target name                 accession   tlen query name           accession   qlen   E-value  score  bias   #  of  c-Evalue  i-Evalue  score  bias  from    to  from    to  from    to  acc description of target
#         ------------------- ---------- ----- -------------------- ---------- ----- --------- ------ ----- --- --- --------- --------- ------ ----- ----- ----- ----- ----- ----- ----- ---- ---------------------
NC_016856.1:266110-267135|+   -            342 34836at91347         -            291  6.9e-156  515.8  25.1   1   1  6.3e-156  3.3e-153  507.0  25.1     1   291     1   336     1   336 0.92 NC_016856.1_226 # 266110 # 267135 # 1 # ID=1_226;partial=00;start_type=ATG;rbs_motif=GGA/GAG/AGG;rbs_spacer=11-12bp;gc_cont=0.519
NC_016856.1:267700-268488|+   -            263 34836at91347         -            291   5.1e-13   46.9  11.6   1   1   1.5e-15   7.8e-13   46.3  11.6    81   254     9   181     4   192 0.90 NC_016856.1_228 # 267700 # 268488 # 1 # ID=1_228;partial=00;start_type=GTG;rbs_motif=GGAGG;rbs_spacer=5-10bp;gc_cont=0.535
NC_016856.1:4084746-4086116|- -            457 34836at91347         -            291   4.9e-07   27.2  10.8   1   1     5e-09   2.6e-06   24.9  10.8    77   214   271   427   264   434 0.70 NC_016856.1_3845 # 4084746 # 4086116 # -1 # ID=1_3845;partial=00;start_type=ATG;rbs_motif=AGGA;rbs_spacer=5-10bp;gc_cont=0.527
NC_016856.1:1710042-1711022|+ -            327 34836at91347         -            291   7.8e-07   26.6   6.8   1   2   2.5e-05     0.013   12.7   0.3    74   132    68   127    61   177 0.82 NC_016856.1_1616 # 1710042 # 1711022 # 1 # ID=1_1616;partial=00;start_type=ATG;rbs_motif=GGA/GAG/AGG;rbs_spacer=5-10bp;gc_cont=0.515
NC_016856.1:1710042-1711022|+ -            327 34836at91347         -            291   7.8e-07   26.6   6.8   2   2   2.9e-06    0.0015   15.8   2.5   182   245   232   296   160   311 0.75 NC_016856.1_1616 # 1710042 # 1711022 # 1 # ID=1_1616;partial=00;start_type=ATG;rbs_motif=GGA/GAG/AGG;rbs_spacer=5-10bp;gc_cont=0.515
NC_016856.1:2249033-2249521|- -            163 34836at91347         -            291   0.00011   19.6   4.4   1   2   1.6e-06   0.00085   16.6   4.3    58   137    48   141    22   142 0.71 NC_016856.1_2161 # 2249033 # 2249521 # -1 # ID=1_2161;partial=00;start_type=ATG;rbs_motif=GGxGG;rbs_spacer=5-10bp;gc_cont=0.562
NC_016856.1:2249033-2249521|- -            163 34836at91347         -            291   0.00011   19.6   4.4   2   2   5.6e-06    0.0029   14.9   1.9   180   240    88   147    86   159 0.79 NC_016856.1_2161 # 2249033 # 2249521 # -1 # ID=1_2161;partial=00;start_type=ATG;rbs_motif=GGxGG;rbs_spacer=5-10bp;gc_cont=0.562
NC_016856.1:528095-528646|-   -            184 34836at91347         -            291    0.0012   16.1   3.5   1   2      0.21   1.1e+02   -0.1   0.0   216   229    92   105    62   119 0.58 NC_016856.1_467 # 528095 # 528646 # -1 # ID=1_467;partial=00;start_type=ATG;rbs_motif=GGAG/GAGG;rbs_spacer=5-10bp;gc_cont=0.491
NC_016856.1:528095-528646|-   -            184 34836at91347         -            291    0.0012   16.1   3.5   2   2   4.2e-06    0.0022   15.3   2.7   216   258   128   169    93   182 0.73 NC_016856.1_467 # 528095 # 528646 # -1 # ID=1_467;partial=00;start_type=ATG;rbs_motif=GGAG/GAGG;rbs_spacer=5-10bp;gc_cont=0.491
NC_016856.1:3586340-3586894|+ -            185 34836at91347         -            291    0.0062   13.8   7.5   1   1   0.00036      0.19    8.9   0.6    77   105   103   131    97   137 0.88 NC_016856.1_3380 # 3586340 # 3586894 # 1 # ID=1_3380;partial=00;start_type=ATG;rbs_motif=GGAG/GAGG;rbs_spacer=5-10bp;gc_cont=0.510
NC_016856.1:3907810-3908631|- -            274 34836at91347         -            291     0.019   12.2   2.1   1   1     6e-05     0.031   11.5   2.1   159   265   135   240   121   245 0.59 NC_016856.1_3679 # 3907810 # 3908631 # -1 # ID=1_3679;partial=00;start_type=ATG;rbs_motif=GGAG/GAGG;rbs_spacer=5-10bp;gc_cont=0.556
NC_016856.1:81732-82328|-     -            199 34836at91347         -            291      0.23    8.6  10.0   1   1    0.0011      0.57    7.3  10.2   157   251    26   122    19   130 0.82 NC_016856.1_69 # 81732 # 82328 # -1 # ID=1_69;partial=00;start_type=ATG;rbs_motif=GGAG/GAGG;rbs_spacer=5-10bp;gc_cont=0.559
#
# Program:         hmmsearch
# Version:         3.4 (Aug 2023)
# Pipeline mode:   SEARCH
# Query file:      /Users/dizzler/Projects/School/BIOL4600-Capstone/busco_downloads/lineages/enterobacterales_odb10/hmms/34836at91347.hmm
# Target file:     reports/busco-results/data/00-reads/GCF_000022165.1_ASM2216v1_genomic.fna/prodigal_output/predicted_genes/predicted.faa
# Option settings: hmmsearch --domtblout reports/busco-results/data/00-reads/GCF_000022165.1_ASM2216v1_genomic.fna/run_enterobacterales_odb10/hmmer_output/34836at91347.out --cpu 1 /Users/dizzler/Projects/School/BIOL4600-Capstone/busco_downloads/lineages/enterobacterales_odb10/hmms/34836at91347.hmm reports/busco-results/data/00-reads/GCF_000022165.1_ASM2216v1_genomic.fna/prodigal_output/predicted_genes/predicted.faa 
# Current dir:     /Users/dizzler/Projects/School/BIOL4600-Capstone
# Date:            Sat Feb 21 22:04:42 2026
# [ok]
