#                                                                                     --- full sequence --- -------------- this domain -------------   hmm coord   ali coord   env coord
# target name                 accession   tlen query name           accession   qlen   E-value  score  bias   #  of  c-Evalue  i-Evalue  score  bias  from    to  from    to  from    to  acc description of target
#         ------------------- ---------- ----- -------------------- ---------- ----- --------- ------ ----- --- --- --------- --------- ------ ----- ----- ----- ----- ----- ----- ----- ---- ---------------------
NC_016856.1:2528906-2530174|- -            423 48197at91347         -            361  1.2e-170  565.2   0.0   1   1  5.7e-172  4.4e-169  560.1   0.0     1   360     7   413     7   414 0.90 NC_016856.1_2410 # 2528906 # 2530174 # -1 # ID=1_2410;partial=00;start_type=ATG;rbs_motif=AGxAG;rbs_spacer=5-10bp;gc_cont=0.585
NC_016856.1:144191-145678|+   -            496 48197at91347         -            361    0.0032   14.4   0.5   1   3     0.072        56    0.5   0.0   251   319    27    97    20   109 0.79 NC_016856.1_121 # 144191 # 145678 # 1 # ID=1_121;partial=00;start_type=GTG;rbs_motif=GGAG/GAGG;rbs_spacer=5-10bp;gc_cont=0.587
NC_016856.1:144191-145678|+   -            496 48197at91347         -            361    0.0032   14.4   0.5   2   3    0.0012      0.94    6.3   0.4    43    61   110   128    93   140 0.87 NC_016856.1_121 # 144191 # 145678 # 1 # ID=1_121;partial=00;start_type=GTG;rbs_motif=GGAG/GAGG;rbs_spacer=5-10bp;gc_cont=0.587
NC_016856.1:144191-145678|+   -            496 48197at91347         -            361    0.0032   14.4   0.5   3   3      0.01       8.1    3.2   0.0   252   295   340   391   308   468 0.77 NC_016856.1_121 # 144191 # 145678 # 1 # ID=1_121;partial=00;start_type=GTG;rbs_motif=GGAG/GAGG;rbs_spacer=5-10bp;gc_cont=0.587
NC_016856.1:148112-149428|+   -            439 48197at91347         -            361    0.0071   13.3   0.5   1   2   0.00023      0.18    8.7   0.6    30    73    91   136    81   140 0.81 NC_016856.1_124 # 148112 # 149428 # 1 # ID=1_124;partial=00;start_type=ATG;rbs_motif=GGA/GAG/AGG;rbs_spacer=5-10bp;gc_cont=0.582
NC_016856.1:148112-149428|+   -            439 48197at91347         -            361    0.0071   13.3   0.5   2   2     0.021        16    2.3   0.0   119   195   143   217   138   241 0.80 NC_016856.1_124 # 148112 # 149428 # 1 # ID=1_124;partial=00;start_type=ATG;rbs_motif=GGA/GAG/AGG;rbs_spacer=5-10bp;gc_cont=0.582
NC_016856.1:151855-153330|+   -            492 48197at91347         -            361    0.0087   13.0   0.1   1   2   0.00092      0.71    6.7   0.0    43    69   120   146    96   150 0.79 NC_016856.1_127 # 151855 # 153330 # 1 # ID=1_127;partial=00;start_type=ATG;rbs_motif=4Base/6BMM;rbs_spacer=13-15bp;gc_cont=0.564
NC_016856.1:151855-153330|+   -            492 48197at91347         -            361    0.0087   13.0   0.1   2   2    0.0068       5.3    3.8   0.0   149   171   186   208   175   214 0.81 NC_016856.1_127 # 151855 # 153330 # 1 # ID=1_127;partial=00;start_type=ATG;rbs_motif=4Base/6BMM;rbs_spacer=13-15bp;gc_cont=0.564
NC_016856.1:16088-16432|+     -            115 48197at91347         -            361     0.011   12.7   0.1   1   1   1.4e-05     0.011   12.7   0.1    95   141    45    91     9    98 0.90 NC_016856.1_14 # 16088 # 16432 # 1 # ID=1_14;partial=00;start_type=ATG;rbs_motif=GGAG/GAGG;rbs_spacer=5-10bp;gc_cont=0.406
NC_016856.1:4669501-4670880|+ -            460 48197at91347         -            361     0.051   10.5   0.0   1   1   0.00012     0.093    9.6   0.0    41    72   102   133    96   137 0.89 NC_016856.1_4357 # 4669501 # 4670880 # 1 # ID=1_4357;partial=00;start_type=ATG;rbs_motif=AGGA;rbs_spacer=5-10bp;gc_cont=0.586
#
# Program:         hmmsearch
# Version:         3.4 (Aug 2023)
# Pipeline mode:   SEARCH
# Query file:      /Users/dizzler/Projects/School/BIOL4600-Capstone/busco_downloads/lineages/enterobacterales_odb10/hmms/48197at91347.hmm
# Target file:     reports/busco-results/data/00-reads/GCF_000022165.1_ASM2216v1_genomic.fna/prodigal_output/predicted_genes/predicted.faa
# Option settings: hmmsearch --domtblout reports/busco-results/data/00-reads/GCF_000022165.1_ASM2216v1_genomic.fna/run_enterobacterales_odb10/hmmer_output/48197at91347.out --cpu 1 /Users/dizzler/Projects/School/BIOL4600-Capstone/busco_downloads/lineages/enterobacterales_odb10/hmms/48197at91347.hmm reports/busco-results/data/00-reads/GCF_000022165.1_ASM2216v1_genomic.fna/prodigal_output/predicted_genes/predicted.faa 
# Current dir:     /Users/dizzler/Projects/School/BIOL4600-Capstone
# Date:            Sat Feb 21 22:04:42 2026
# [ok]
