#                                                                                     --- full sequence --- -------------- this domain -------------   hmm coord   ali coord   env coord
# target name                 accession   tlen query name           accession   qlen   E-value  score  bias   #  of  c-Evalue  i-Evalue  score  bias  from    to  from    to  from    to  acc description of target
#         ------------------- ---------- ----- -------------------- ---------- ----- --------- ------ ----- --- --- --------- --------- ------ ----- ----- ----- ----- ----- ----- ----- ---- ---------------------
NC_016856.1:179631-181520|+   -            630 67457at91347         -            424  6.5e-233  771.0  24.9   1   4   1.3e-30   7.7e-28   95.4   3.5     1    70     4    75     4    87 0.93 NC_016856.1_151 # 179631 # 181520 # 1 # ID=1_151;partial=00;start_type=ATG;rbs_motif=GGAG/GAGG;rbs_spacer=5-10bp;gc_cont=0.556
NC_016856.1:179631-181520|+   -            630 67457at91347         -            424  6.5e-233  771.0  24.9   2   4   1.1e-32   6.4e-30  102.3   2.4     1    72   107   180   107   189 0.94 NC_016856.1_151 # 179631 # 181520 # 1 # ID=1_151;partial=00;start_type=ATG;rbs_motif=GGAG/GAGG;rbs_spacer=5-10bp;gc_cont=0.556
NC_016856.1:179631-181520|+   -            630 67457at91347         -            424  6.5e-233  771.0  24.9   3   4   4.9e-33   2.8e-30  103.4   2.4     1    72   208   281   208   290 0.94 NC_016856.1_151 # 179631 # 181520 # 1 # ID=1_151;partial=00;start_type=ATG;rbs_motif=GGAG/GAGG;rbs_spacer=5-10bp;gc_cont=0.556
NC_016856.1:179631-181520|+   -            630 67457at91347         -            424  6.5e-233  771.0  24.9   4   4  1.1e-147  6.3e-145  481.2   0.0   146   424   322   629   315   629 0.92 NC_016856.1_151 # 179631 # 181520 # 1 # ID=1_151;partial=00;start_type=ATG;rbs_motif=GGAG/GAGG;rbs_spacer=5-10bp;gc_cont=0.556
NC_016856.1:805058-806266|+   -            403 67457at91347         -            424   6.4e-56  187.9   0.0   1   2   5.8e-06    0.0034   14.2   0.4    20    54    26    61     5    87 0.72 NC_016856.1_722 # 805058 # 806266 # 1 # ID=1_722;partial=00;start_type=ATG;rbs_motif=AGGA;rbs_spacer=5-10bp;gc_cont=0.563
NC_016856.1:805058-806266|+   -            403 67457at91347         -            424   6.4e-56  187.9   0.0   2   2   9.7e-54   5.6e-51  171.6   0.0   152   415   114   388    85   400 0.88 NC_016856.1_722 # 805058 # 806266 # 1 # ID=1_722;partial=00;start_type=ATG;rbs_motif=AGGA;rbs_spacer=5-10bp;gc_cont=0.563
NC_016856.1:830471-832246|+   -            592 67457at91347         -            424    0.0002   18.3   0.1   1   1   5.3e-07   0.00031   17.6   0.1    83   140   533   590   526   591 0.78 NC_016856.1_748 # 830471 # 832246 # 1 # ID=1_748;partial=00;start_type=ATG;rbs_motif=GGAGG;rbs_spacer=5-10bp;gc_cont=0.637
NC_016856.1:64862-66637|-     -            592 67457at91347         -            424    0.0002   18.2   0.1   1   1   5.3e-07   0.00031   17.6   0.1    83   140   533   590   526   591 0.78 NC_016856.1_54 # 64862 # 66637 # -1 # ID=1_54;partial=00;start_type=ATG;rbs_motif=GGAGG;rbs_spacer=5-10bp;gc_cont=0.637
NC_016856.1:3533945-3535720|- -            592 67457at91347         -            424   0.00021   18.2   0.1   1   1   5.3e-07   0.00031   17.6   0.1    83   140   533   590   526   591 0.78 NC_016856.1_3337 # 3533945 # 3535720 # -1 # ID=1_3337;partial=00;start_type=ATG;rbs_motif=GGAGG;rbs_spacer=5-10bp;gc_cont=0.632
NC_016856.1:3563994-3564464|+ -            157 67457at91347         -            424   0.00043   17.2   0.1   1   1     1e-06    0.0006   16.7   0.1    86   140   101   155    94   156 0.90 NC_016856.1_3364 # 3563994 # 3564464 # 1 # ID=1_3364;partial=00;start_type=ATG;rbs_motif=GGA/GAG/AGG;rbs_spacer=5-10bp;gc_cont=0.527
NC_016856.1:976940-978058|+   -            373 67457at91347         -            424    0.0031   14.3   2.3   1   2   0.00016     0.095    9.4   0.1   109   153    62   108    45   129 0.56 NC_016856.1_887 # 976940 # 978058 # 1 # ID=1_887;partial=00;start_type=ATG;rbs_motif=GGA/GAG/AGG;rbs_spacer=5-10bp;gc_cont=0.534
NC_016856.1:976940-978058|+   -            373 67457at91347         -            424    0.0031   14.3   2.3   2   2    0.0078       4.6    3.9   0.3    79   136   152   211   135   237 0.67 NC_016856.1_887 # 976940 # 978058 # 1 # ID=1_887;partial=00;start_type=ATG;rbs_motif=GGA/GAG/AGG;rbs_spacer=5-10bp;gc_cont=0.534
NC_016856.1:1528562-1529422|- -            287 67457at91347         -            424      0.01   12.6   0.0   1   2     0.018        10    2.7   0.0   109   152    44    87    30   100 0.83 NC_016856.1_1446 # 1528562 # 1529422 # -1 # ID=1_1446;partial=00;start_type=ATG;rbs_motif=None;rbs_spacer=None;gc_cont=0.499
NC_016856.1:1528562-1529422|- -            287 67457at91347         -            424      0.01   12.6   0.0   2   2   0.00057      0.33    7.6   0.0    92   141   133   183   110   201 0.68 NC_016856.1_1446 # 1528562 # 1529422 # -1 # ID=1_1446;partial=00;start_type=ATG;rbs_motif=None;rbs_spacer=None;gc_cont=0.499
#
# Program:         hmmsearch
# Version:         3.4 (Aug 2023)
# Pipeline mode:   SEARCH
# Query file:      /Users/dizzler/Projects/School/BIOL4600-Capstone/busco_downloads/lineages/enterobacterales_odb10/hmms/67457at91347.hmm
# Target file:     reports/busco-results/data/00-reads/GCF_000022165.1_ASM2216v1_genomic.fna/prodigal_output/predicted_genes/predicted.faa
# Option settings: hmmsearch --domtblout reports/busco-results/data/00-reads/GCF_000022165.1_ASM2216v1_genomic.fna/run_enterobacterales_odb10/hmmer_output/67457at91347.out --cpu 1 /Users/dizzler/Projects/School/BIOL4600-Capstone/busco_downloads/lineages/enterobacterales_odb10/hmms/67457at91347.hmm reports/busco-results/data/00-reads/GCF_000022165.1_ASM2216v1_genomic.fna/prodigal_output/predicted_genes/predicted.faa 
# Current dir:     /Users/dizzler/Projects/School/BIOL4600-Capstone
# Date:            Sat Feb 21 22:04:44 2026
# [ok]
