#                                                                                     --- full sequence --- -------------- this domain -------------   hmm coord   ali coord   env coord
# target name                 accession   tlen query name           accession   qlen   E-value  score  bias   #  of  c-Evalue  i-Evalue  score  bias  from    to  from    to  from    to  acc description of target
#         ------------------- ---------- ----- -------------------- ---------- ----- --------- ------ ----- --- --- --------- --------- ------ ----- ----- ----- ----- ----- ----- ----- ---- ---------------------
NC_016856.1:3563994-3564464|+ -            157 86613at91347         -            110   3.2e-58  192.5   1.0   1   2     1e-17   9.4e-15   52.6   0.0     1    56     1    57     1    63 0.87 NC_016856.1_3364 # 3563994 # 3564464 # 1 # ID=1_3364;partial=00;start_type=ATG;rbs_motif=GGA/GAG/AGG;rbs_spacer=5-10bp;gc_cont=0.527
NC_016856.1:3563994-3564464|+ -            157 86613at91347         -            110   3.2e-58  192.5   1.0   2   2   1.4e-44   1.3e-41  139.0   0.2    34   110    79   156    71   156 0.97 NC_016856.1_3364 # 3563994 # 3564464 # 1 # ID=1_3364;partial=00;start_type=ATG;rbs_motif=GGA/GAG/AGG;rbs_spacer=5-10bp;gc_cont=0.527
NC_016856.1:830471-832246|+   -            592 86613at91347         -            110   4.1e-09   34.5   0.4   1   2       1.2   1.1e+03   -2.4   0.0    72    92   209   229   160   234 0.69 NC_016856.1_748 # 830471 # 832246 # 1 # ID=1_748;partial=00;start_type=ATG;rbs_motif=GGAGG;rbs_spacer=5-10bp;gc_cont=0.637
NC_016856.1:830471-832246|+   -            592 86613at91347         -            110   4.1e-09   34.5   0.4   2   2   1.2e-11   1.1e-08   33.0   0.1    61   109   541   590   523   591 0.88 NC_016856.1_748 # 830471 # 832246 # 1 # ID=1_748;partial=00;start_type=ATG;rbs_motif=GGAGG;rbs_spacer=5-10bp;gc_cont=0.637
NC_016856.1:64862-66637|-     -            592 86613at91347         -            110   4.3e-09   34.4   0.4   1   2       1.4   1.3e+03   -2.6   0.0    72    92   209   229   161   234 0.69 NC_016856.1_54 # 64862 # 66637 # -1 # ID=1_54;partial=00;start_type=ATG;rbs_motif=GGAGG;rbs_spacer=5-10bp;gc_cont=0.637
NC_016856.1:64862-66637|-     -            592 86613at91347         -            110   4.3e-09   34.4   0.4   2   2   1.2e-11   1.1e-08   33.0   0.1    61   109   541   590   523   591 0.88 NC_016856.1_54 # 64862 # 66637 # -1 # ID=1_54;partial=00;start_type=ATG;rbs_motif=GGAGG;rbs_spacer=5-10bp;gc_cont=0.637
NC_016856.1:3533945-3535720|- -            592 86613at91347         -            110   4.3e-09   34.4   0.4   1   2       1.4   1.3e+03   -2.6   0.0    72    92   209   229   161   234 0.69 NC_016856.1_3337 # 3533945 # 3535720 # -1 # ID=1_3337;partial=00;start_type=ATG;rbs_motif=GGAGG;rbs_spacer=5-10bp;gc_cont=0.632
NC_016856.1:3533945-3535720|- -            592 86613at91347         -            110   4.3e-09   34.4   0.4   2   2   1.2e-11   1.1e-08   33.0   0.1    61   109   541   590   523   591 0.88 NC_016856.1_3337 # 3533945 # 3535720 # -1 # ID=1_3337;partial=00;start_type=ATG;rbs_motif=GGAGG;rbs_spacer=5-10bp;gc_cont=0.632
NC_016856.1:179631-181520|+   -            630 86613at91347         -            110   1.5e-08   32.7  13.5   1   3   1.9e-05     0.018   13.1   0.7    56   108    20    73    11    75 0.87 NC_016856.1_151 # 179631 # 181520 # 1 # ID=1_151;partial=00;start_type=ATG;rbs_motif=GGAG/GAGG;rbs_spacer=5-10bp;gc_cont=0.556
NC_016856.1:179631-181520|+   -            630 86613at91347         -            110   1.5e-08   32.7  13.5   2   3   1.8e-05     0.017   13.1   0.5    55   109   122   177   115   178 0.88 NC_016856.1_151 # 179631 # 181520 # 1 # ID=1_151;partial=00;start_type=ATG;rbs_motif=GGAG/GAGG;rbs_spacer=5-10bp;gc_cont=0.556
NC_016856.1:179631-181520|+   -            630 86613at91347         -            110   1.5e-08   32.7  13.5   3   3   1.2e-05     0.011   13.7   0.7    55   109   223   278   218   279 0.88 NC_016856.1_151 # 179631 # 181520 # 1 # ID=1_151;partial=00;start_type=ATG;rbs_motif=GGAG/GAGG;rbs_spacer=5-10bp;gc_cont=0.556
#
# Program:         hmmsearch
# Version:         3.4 (Aug 2023)
# Pipeline mode:   SEARCH
# Query file:      /Users/dizzler/Projects/School/BIOL4600-Capstone/busco_downloads/lineages/enterobacterales_odb10/hmms/86613at91347.hmm
# Target file:     reports/busco-results/data/00-reads/GCF_000022165.1_ASM2216v1_genomic.fna/prodigal_output/predicted_genes/predicted.faa
# Option settings: hmmsearch --domtblout reports/busco-results/data/00-reads/GCF_000022165.1_ASM2216v1_genomic.fna/run_enterobacterales_odb10/hmmer_output/86613at91347.out --cpu 1 /Users/dizzler/Projects/School/BIOL4600-Capstone/busco_downloads/lineages/enterobacterales_odb10/hmms/86613at91347.hmm reports/busco-results/data/00-reads/GCF_000022165.1_ASM2216v1_genomic.fna/prodigal_output/predicted_genes/predicted.faa 
# Current dir:     /Users/dizzler/Projects/School/BIOL4600-Capstone
# Date:            Sat Feb 21 22:04:44 2026
# [ok]
