#                                                                                     --- full sequence --- -------------- this domain -------------   hmm coord   ali coord   env coord
# target name                 accession   tlen query name           accession   qlen   E-value  score  bias   #  of  c-Evalue  i-Evalue  score  bias  from    to  from    to  from    to  acc description of target
#         ------------------- ---------- ----- -------------------- ---------- ----- --------- ------ ----- --- --- --------- --------- ------ ----- ----- ----- ----- ----- ----- ----- ---- ---------------------
NC_016856.1:2674357-2675934|- -            526 9375at91347          -            437  2.2e-236  782.6   0.0   1   2   7.6e-43   5.9e-40  135.3   0.0     1    91     9   116     9   121 0.91 NC_016856.1_2548 # 2674357 # 2675934 # -1 # ID=1_2548;partial=00;start_type=ATG;rbs_motif=GGA/GAG/AGG;rbs_spacer=5-10bp;gc_cont=0.560
NC_016856.1:2674357-2675934|- -            526 9375at91347          -            437  2.2e-236  782.6   0.0   2   2  3.6e-197  2.8e-194  643.8   0.0    90   437   136   525   120   525 0.93 NC_016856.1_2548 # 2674357 # 2675934 # -1 # ID=1_2548;partial=00;start_type=ATG;rbs_motif=GGA/GAG/AGG;rbs_spacer=5-10bp;gc_cont=0.560
NC_016856.1:3633618-3634181|- -            188 9375at91347          -            437   2.9e-07   27.6   0.0   1   1   7.5e-08   5.8e-05   20.0   0.0     2   141     2   177     1   187 0.60 NC_016856.1_3450 # 3633618 # 3634181 # -1 # ID=1_3450;partial=00;start_type=ATG;rbs_motif=GGAG/GAGG;rbs_spacer=5-10bp;gc_cont=0.553
NC_016856.1:2205613-2206203|+ -            197 9375at91347          -            437   0.00011   19.1   0.0   1   2    0.0013      0.98    6.0   0.0    58    73    69    84    62    97 0.83 NC_016856.1_2122 # 2205613 # 2206203 # 1 # ID=1_2122;partial=00;start_type=ATG;rbs_motif=AGGAG;rbs_spacer=5-10bp;gc_cont=0.570
NC_016856.1:2205613-2206203|+ -            197 9375at91347          -            437   0.00011   19.1   0.0   2   2   3.9e-05      0.03   11.0   0.0    97   136   143   182   137   195 0.77 NC_016856.1_2122 # 2205613 # 2206203 # 1 # ID=1_2122;partial=00;start_type=ATG;rbs_motif=AGGAG;rbs_spacer=5-10bp;gc_cont=0.570
NC_016856.1:75881-77029|+     -            383 9375at91347          -            437   0.00071   16.4   0.0   1   1   1.3e-06   0.00098   15.9   0.0     6    81   198   284   193   319 0.70 NC_016856.1_65 # 75881 # 77029 # 1 # ID=1_65;partial=00;start_type=TTG;rbs_motif=GGAGG;rbs_spacer=5-10bp;gc_cont=0.554
NC_016856.1:1280463-1281569|- -            369 9375at91347          -            437   0.00096   16.0   0.0   1   2   4.9e-06    0.0038   14.0   0.0   161   182     6    27     3    40 0.85 NC_016856.1_1178 # 1280463 # 1281569 # -1 # ID=1_1178;partial=00;start_type=ATG;rbs_motif=GGA/GAG/AGG;rbs_spacer=5-10bp;gc_cont=0.543
NC_016856.1:1280463-1281569|- -            369 9375at91347          -            437   0.00096   16.0   0.0   2   2      0.19   1.5e+02   -1.1   0.0   286   306   168   188   161   192 0.87 NC_016856.1_1178 # 1280463 # 1281569 # -1 # ID=1_1178;partial=00;start_type=ATG;rbs_motif=GGA/GAG/AGG;rbs_spacer=5-10bp;gc_cont=0.543
NC_016856.1:1830801-1832396|+ -            532 9375at91347          -            437    0.0011   15.8   0.1   1   2   0.00051       0.4    7.3   0.1    50    84    68   102    47   112 0.89 NC_016856.1_1730 # 1830801 # 1832396 # 1 # ID=1_1730;partial=00;start_type=ATG;rbs_motif=AGGAG;rbs_spacer=5-10bp;gc_cont=0.573
NC_016856.1:1830801-1832396|+ -            532 9375at91347          -            437    0.0011   15.8   0.1   2   2     0.001       0.8    6.3   0.0   115   143   153   181   126   194 0.75 NC_016856.1_1730 # 1830801 # 1832396 # 1 # ID=1_1730;partial=00;start_type=ATG;rbs_motif=AGGAG;rbs_spacer=5-10bp;gc_cont=0.573
#
# Program:         hmmsearch
# Version:         3.4 (Aug 2023)
# Pipeline mode:   SEARCH
# Query file:      /Users/dizzler/Projects/School/BIOL4600-Capstone/busco_downloads/lineages/enterobacterales_odb10/hmms/9375at91347.hmm
# Target file:     reports/busco-results/data/00-reads/GCF_000022165.1_ASM2216v1_genomic.fna/prodigal_output/predicted_genes/predicted.faa
# Option settings: hmmsearch --domtblout reports/busco-results/data/00-reads/GCF_000022165.1_ASM2216v1_genomic.fna/run_enterobacterales_odb10/hmmer_output/9375at91347.out --cpu 1 /Users/dizzler/Projects/School/BIOL4600-Capstone/busco_downloads/lineages/enterobacterales_odb10/hmms/9375at91347.hmm reports/busco-results/data/00-reads/GCF_000022165.1_ASM2216v1_genomic.fna/prodigal_output/predicted_genes/predicted.faa 
# Current dir:     /Users/dizzler/Projects/School/BIOL4600-Capstone
# Date:            Sat Feb 21 22:04:44 2026
# [ok]
