#                                                                                     --- full sequence --- -------------- this domain -------------   hmm coord   ali coord   env coord
# target name                 accession   tlen query name           accession   qlen   E-value  score  bias   #  of  c-Evalue  i-Evalue  score  bias  from    to  from    to  from    to  acc description of target
#         ------------------- ---------- ----- -------------------- ---------- ----- --------- ------ ----- --- --- --------- --------- ------ ----- ----- ----- ----- ----- ----- ----- ---- ---------------------
NC_011205.1:1050408-1052156|+ -            583 10523at91347         -            514  1.4e-295  978.6  23.6   1   2  1.2e-183  7.6e-182  603.4  13.7     1   309     4   326     4   334 0.97 NC_011205.1_983 # 1050408 # 1052156 # 1 # ID=1_983;partial=00;start_type=ATG;rbs_motif=None;rbs_spacer=None;gc_cont=0.517
NC_011205.1:1050408-1052156|+ -            583 10523at91347         -            514  1.4e-295  978.6  23.6   2   2  3.1e-116    2e-114  381.0   2.3   315   514   368   580   342   580 0.95 NC_011205.1_983 # 1050408 # 1052156 # 1 # ID=1_983;partial=00;start_type=ATG;rbs_motif=None;rbs_spacer=None;gc_cont=0.517
NC_011205.1:2962270-2965926|+ -           1219 10523at91347         -            514  2.2e-108  361.0  25.0   1   4     2e-06   0.00013   18.7   5.6    18   308    28   324    15   342 0.72 NC_011205.1_2844 # 2962270 # 2965926 # 1 # ID=1_2844;partial=00;start_type=ATG;rbs_motif=AGGAGG;rbs_spacer=3-4bp;gc_cont=0.591
NC_011205.1:2962270-2965926|+ -           1219 10523at91347         -            514  2.2e-108  361.0  25.0   2   4   9.2e-51   5.8e-49  165.0   0.3   309   503   359   564   355   569 0.90 NC_011205.1_2844 # 2962270 # 2965926 # 1 # ID=1_2844;partial=00;start_type=ATG;rbs_motif=AGGAGG;rbs_spacer=3-4bp;gc_cont=0.591
NC_011205.1:2962270-2965926|+ -           1219 10523at91347         -            514  2.2e-108  361.0  25.0   3   4   7.8e-15     5e-13   46.4   2.4    35   309   669   950   639   959 0.80 NC_011205.1_2844 # 2962270 # 2965926 # 1 # ID=1_2844;partial=00;start_type=ATG;rbs_motif=AGGAGG;rbs_spacer=3-4bp;gc_cont=0.591
NC_011205.1:2962270-2965926|+ -           1219 10523at91347         -            514  2.2e-108  361.0  25.0   4   4     8e-44   5.1e-42  142.1   0.1   315   506   993  1191   981  1204 0.87 NC_011205.1_2844 # 2962270 # 2965926 # 1 # ID=1_2844;partial=00;start_type=ATG;rbs_motif=AGGAGG;rbs_spacer=3-4bp;gc_cont=0.591
NC_011205.1:520080-521852|+   -            591 10523at91347         -            514   1.9e-73  245.7   2.4   1   2   1.7e-19   1.1e-17   61.8   2.7    48   306    54   316    10   323 0.88 NC_011205.1_463 # 520080 # 521852 # 1 # ID=1_463;partial=00;start_type=GTG;rbs_motif=AGGA;rbs_spacer=5-10bp;gc_cont=0.561
NC_011205.1:520080-521852|+   -            591 10523at91347         -            514   1.9e-73  245.7   2.4   2   2     8e-56   5.1e-54  181.7   0.0   307   508   352   559   343   569 0.94 NC_011205.1_463 # 520080 # 521852 # 1 # ID=1_463;partial=00;start_type=GTG;rbs_motif=AGGA;rbs_spacer=5-10bp;gc_cont=0.561
NC_011205.1:521845-523626|+   -            594 10523at91347         -            514   2.7e-67  225.5  10.4   1   2   3.4e-22   2.1e-20   70.7   2.3    76   307    93   324     8   333 0.91 NC_011205.1_464 # 521845 # 523626 # 1 # ID=1_464;partial=00;start_type=GTG;rbs_motif=AGGAG;rbs_spacer=5-10bp;gc_cont=0.581
NC_011205.1:521845-523626|+   -            594 10523at91347         -            514   2.7e-67  225.5  10.4   2   2   3.5e-49   2.2e-47  159.7   1.2   309   513   359   575   352   576 0.90 NC_011205.1_464 # 521845 # 523626 # 1 # ID=1_464;partial=00;start_type=GTG;rbs_motif=AGGAG;rbs_spacer=5-10bp;gc_cont=0.581
NC_011205.1:1011689-1013410|- -            574 10523at91347         -            514   1.9e-50  169.9   0.2   1   2   8.4e-07   5.3e-05   19.9   0.4    58   291    66   301     6   330 0.65 NC_011205.1_956 # 1011689 # 1013410 # -1 # ID=1_956;partial=00;start_type=ATG;rbs_motif=AGGAG;rbs_spacer=5-10bp;gc_cont=0.574
NC_011205.1:1011689-1013410|- -            574 10523at91347         -            514   1.9e-50  169.9   0.2   2   2   1.4e-45   8.8e-44  147.9   0.0   315   504   365   557   357   569 0.95 NC_011205.1_956 # 1011689 # 1013410 # -1 # ID=1_956;partial=00;start_type=ATG;rbs_motif=AGGAG;rbs_spacer=5-10bp;gc_cont=0.574
NC_011205.1:1013411-1015177|- -            589 10523at91347         -            514   1.2e-48  163.9   0.0   1   2   9.8e-11   6.2e-09   32.9   0.5    22   252    32   267    11   328 0.82 NC_011205.1_957 # 1013411 # 1015177 # -1 # ID=1_957;partial=00;start_type=ATG;rbs_motif=None;rbs_spacer=None;gc_cont=0.571
NC_011205.1:1013411-1015177|- -            589 10523at91347         -            514   1.2e-48  163.9   0.0   2   2   1.2e-39   7.4e-38  128.3   0.0   315   504   375   568   368   574 0.94 NC_011205.1_957 # 1013411 # 1015177 # -1 # ID=1_957;partial=00;start_type=ATG;rbs_motif=None;rbs_spacer=None;gc_cont=0.571
NC_011205.1:2450729-2452318|+ -            530 10523at91347         -            514   4.6e-41  138.9   3.1   1   2   1.7e-18   1.1e-16   58.5   0.3   314   500    33   238    14   244 0.75 NC_011205.1_2384 # 2450729 # 2452318 # 1 # ID=1_2384;partial=00;start_type=ATG;rbs_motif=AGxAGG/AGGxGG;rbs_spacer=5-10bp;gc_cont=0.565
NC_011205.1:2450729-2452318|+ -            530 10523at91347         -            514   4.6e-41  138.9   3.1   2   2   1.8e-24   1.1e-22   78.2   0.2   307   502   302   509   289   517 0.77 NC_011205.1_2384 # 2450729 # 2452318 # 1 # ID=1_2384;partial=00;start_type=ATG;rbs_motif=AGxAGG/AGGxGG;rbs_spacer=5-10bp;gc_cont=0.565
NC_011205.1:2919722-2921335|+ -            538 10523at91347         -            514   3.4e-33  112.9   6.2   1   2     0.017       1.1    5.7   5.1    57   306    26   273    16   280 0.63 NC_011205.1_2795 # 2919722 # 2921335 # 1 # ID=1_2795;partial=00;start_type=ATG;rbs_motif=GGA/GAG/AGG;rbs_spacer=11-12bp;gc_cont=0.569
NC_011205.1:2919722-2921335|+ -            538 10523at91347         -            514   3.4e-33  112.9   6.2   2   2   6.4e-33   4.1e-31  106.1   0.0   315   501   321   512   315   525 0.91 NC_011205.1_2795 # 2919722 # 2921335 # 1 # ID=1_2795;partial=00;start_type=ATG;rbs_motif=GGA/GAG/AGG;rbs_spacer=11-12bp;gc_cont=0.569
NC_011205.1:942221-944092|+   -            624 10523at91347         -            514   9.4e-33  111.5   6.5   1   2   1.2e-14   7.8e-13   45.8   2.7   315   502    41   252    28   259 0.69 NC_011205.1_887 # 942221 # 944092 # 1 # ID=1_887;partial=00;start_type=GTG;rbs_motif=AGGAG;rbs_spacer=5-10bp;gc_cont=0.573
NC_011205.1:942221-944092|+   -            624 10523at91347         -            514   9.4e-33  111.5   6.5   2   2     8e-20   5.1e-18   62.9   0.1   307   502   340   547   332   554 0.83 NC_011205.1_887 # 942221 # 944092 # 1 # ID=1_887;partial=00;start_type=GTG;rbs_motif=AGGAG;rbs_spacer=5-10bp;gc_cont=0.573
NC_011205.1:4120617-4122167|+ -            517 10523at91347         -            514   5.2e-29   99.1   0.2   1   2   1.9e-18   1.2e-16   58.4   0.0   313   499    42   236    35   245 0.80 NC_011205.1_3944 # 4120617 # 4122167 # 1 # ID=1_3944;partial=00;start_type=ATG;rbs_motif=GGAG/GAGG;rbs_spacer=5-10bp;gc_cont=0.533
NC_011205.1:4120617-4122167|+ -            517 10523at91347         -            514   5.2e-29   99.1   0.2   2   2   1.7e-12   1.1e-10   38.7   0.0   316   497   293   488   282   499 0.63 NC_011205.1_3944 # 4120617 # 4122167 # 1 # ID=1_3944;partial=00;start_type=ATG;rbs_motif=GGAG/GAGG;rbs_spacer=5-10bp;gc_cont=0.533
NC_011205.1:4514652-4516718|+ -            689 10523at91347         -            514   2.7e-27   93.5   8.4   1   2     0.064         4    3.8  10.6   136   274   276   416   264   449 0.82 NC_011205.1_4272 # 4514652 # 4516718 # 1 # ID=1_4272;partial=00;start_type=ATG;rbs_motif=GGAG/GAGG;rbs_spacer=5-10bp;gc_cont=0.353
NC_011205.1:4514652-4516718|+ -            689 10523at91347         -            514   2.7e-27   93.5   8.4   2   2   1.8e-26   1.1e-24   84.8   0.0   315   499   492   679   481   683 0.92 NC_011205.1_4272 # 4514652 # 4516718 # 1 # ID=1_4272;partial=00;start_type=ATG;rbs_motif=GGAG/GAGG;rbs_spacer=5-10bp;gc_cont=0.353
NC_011205.1:3000612-3001814|+ -            401 10523at91347         -            514   5.2e-25   85.9   0.4   1   1   1.1e-26   7.2e-25   85.5   0.4   315   502    53   248    37   252 0.88 NC_011205.1_2882 # 3000612 # 3001814 # 1 # ID=1_2882;partial=00;start_type=ATG;rbs_motif=4Base/6BMM;rbs_spacer=13-15bp;gc_cont=0.500
NC_011205.1:764012-764737|-   -            242 10523at91347         -            514   1.1e-24   84.8   0.0   1   1   2.3e-26   1.4e-24   84.5   0.0   313   500    24   217    13   225 0.87 NC_011205.1_724 # 764012 # 764737 # -1 # ID=1_724;partial=00;start_type=ATG;rbs_motif=AGGA;rbs_spacer=5-10bp;gc_cont=0.525
NC_011205.1:3793270-3795471|- -            734 10523at91347         -            514     5e-24   82.7   0.0   1   2   2.3e-12   1.4e-10   38.3   0.0   315   502    37   231    24   241 0.81 NC_011205.1_3650 # 3793270 # 3795471 # -1 # ID=1_3650;partial=00;start_type=ATG;rbs_motif=GGAG/GAGG;rbs_spacer=5-10bp;gc_cont=0.584
NC_011205.1:3793270-3795471|- -            734 10523at91347         -            514     5e-24   82.7   0.0   2   2   1.6e-13   9.9e-12   42.1   0.0   307   502   292   490   284   497 0.84 NC_011205.1_3650 # 3793270 # 3795471 # -1 # ID=1_3650;partial=00;start_type=ATG;rbs_motif=GGAG/GAGG;rbs_spacer=5-10bp;gc_cont=0.584
NC_011205.1:575412-576428|+   -            339 10523at91347         -            514   9.4e-24   81.8   0.2   1   1   2.1e-25   1.3e-23   81.3   0.2   314   502    30   225    21   235 0.84 NC_011205.1_514 # 575412 # 576428 # 1 # ID=1_514;partial=00;start_type=ATG;rbs_motif=GGAG/GAGG;rbs_spacer=5-10bp;gc_cont=0.559
NC_011205.1:1001137-1003083|+ -            649 10523at91347         -            514   1.3e-23   81.4   0.2   1   2   1.8e-24   1.1e-22   78.2   0.0   313   499    31   223    10   228 0.90 NC_011205.1_946 # 1001137 # 1003083 # 1 # ID=1_946;partial=00;start_type=ATG;rbs_motif=AGGAG;rbs_spacer=5-10bp;gc_cont=0.545
NC_011205.1:1001137-1003083|+ -            649 10523at91347         -            514   1.3e-23   81.4   0.2   2   2      0.65        41    0.5   0.2   201   249   533   581   506   595 0.84 NC_011205.1_946 # 1001137 # 1003083 # 1 # ID=1_946;partial=00;start_type=ATG;rbs_motif=AGGAG;rbs_spacer=5-10bp;gc_cont=0.545
NC_011205.1:3850105-3851118|- -            338 10523at91347         -            514   1.5e-23   81.1   0.0   1   1   3.8e-25   2.4e-23   80.5   0.0   292   503    25   246     6   252 0.80 NC_011205.1_3691 # 3850105 # 3851118 # -1 # ID=1_3691;partial=00;start_type=ATG;rbs_motif=GGAGG;rbs_spacer=5-10bp;gc_cont=0.573
NC_011205.1:4310460-4311995|+ -            512 10523at91347         -            514   2.9e-23   80.2   0.0   1   2   1.7e-14     1e-12   45.3   0.0   310   501    30   222    18   229 0.77 NC_011205.1_4116 # 4310460 # 4311995 # 1 # ID=1_4116;partial=00;start_type=ATG;rbs_motif=GGAGG;rbs_spacer=3-4bp;gc_cont=0.516
NC_011205.1:4310460-4311995|+ -            512 10523at91347         -            514   2.9e-23   80.2   0.0   2   2   1.6e-10     1e-08   32.2   0.1   315   497   288   481   279   488 0.78 NC_011205.1_4116 # 4310460 # 4311995 # 1 # ID=1_4116;partial=00;start_type=ATG;rbs_motif=GGAGG;rbs_spacer=3-4bp;gc_cont=0.516
NC_011205.1:918887-919609|-   -            241 10523at91347         -            514   3.3e-23   80.0   0.0   1   1   6.9e-25   4.4e-23   79.6   0.0   315   502    26   219    15   224 0.84 NC_011205.1_865 # 918887 # 919609 # -1 # ID=1_865;partial=00;start_type=GTG;rbs_motif=AGGA;rbs_spacer=5-10bp;gc_cont=0.517
NC_011205.1:2053835-2054971|+ -            379 10523at91347         -            514   4.2e-23   79.7   0.0   1   1   8.9e-25   5.6e-23   79.2   0.0   315   502    42   231    31   242 0.86 NC_011205.1_1986 # 2053835 # 2054971 # 1 # ID=1_1986;partial=00;start_type=ATG;rbs_motif=None;rbs_spacer=None;gc_cont=0.494
NC_011205.1:985176-985904|-   -            243 10523at91347         -            514   4.5e-23   79.6   0.0   1   1   8.7e-25   5.5e-23   79.3   0.0   315   508    27   230    14   236 0.84 NC_011205.1_932 # 985176 # 985904 # -1 # ID=1_932;partial=00;start_type=ATG;rbs_motif=GGA/GAG/AGG;rbs_spacer=5-10bp;gc_cont=0.539
NC_011205.1:287857-288888|-   -            344 10523at91347         -            514   4.6e-23   79.5   0.1   1   1   9.4e-25     6e-23   79.1   0.1   284   502     4   224     1   231 0.82 NC_011205.1_249 # 287857 # 288888 # -1 # ID=1_249;partial=00;start_type=ATG;rbs_motif=None;rbs_spacer=None;gc_cont=0.525
NC_011205.1:906106-907842|-   -            579 10523at91347         -            514   8.7e-23   78.6   0.0   1   2   1.6e-09     1e-07   28.9   0.0   314   505    31   223    15   229 0.84 NC_011205.1_855 # 906106 # 907842 # -1 # ID=1_855;partial=00;start_type=ATG;rbs_motif=GGAG/GAGG;rbs_spacer=5-10bp;gc_cont=0.560
NC_011205.1:906106-907842|-   -            579 10523at91347         -            514   8.7e-23   78.6   0.0   2   2   3.7e-15   2.3e-13   47.5   0.0   307   502   345   542   295   550 0.89 NC_011205.1_855 # 906106 # 907842 # -1 # ID=1_855;partial=00;start_type=ATG;rbs_motif=GGAG/GAGG;rbs_spacer=5-10bp;gc_cont=0.560
NC_011205.1:1277055-1277807|+ -            251 10523at91347         -            514   4.6e-22   76.2   0.0   1   1   9.2e-24   5.8e-22   75.9   0.0   315   502    28   227    15   234 0.80 NC_011205.1_1212 # 1277055 # 1277807 # 1 # ID=1_1212;partial=00;start_type=ATG;rbs_motif=AGGAG/GGAGG;rbs_spacer=11-12bp;gc_cont=0.552
NC_011205.1:2678875-2679972|- -            366 10523at91347         -            514   1.1e-21   75.0   0.0   1   1   2.3e-23   1.5e-21   74.5   0.0   315   497    27   215    18   221 0.86 NC_011205.1_2598 # 2678875 # 2679972 # -1 # ID=1_2598;partial=00;start_type=ATG;rbs_motif=AGGAG;rbs_spacer=5-10bp;gc_cont=0.580
NC_011205.1:2388506-2389453|- -            316 10523at91347         -            514   2.2e-21   74.0   0.0   1   1   5.4e-23   3.4e-21   73.4   0.0   315   502    26   218    14   221 0.86 NC_011205.1_2328 # 2388506 # 2389453 # -1 # ID=1_2328;partial=00;start_type=ATG;rbs_motif=GGAG/GAGG;rbs_spacer=5-10bp;gc_cont=0.579
NC_011205.1:4089300-4090073|- -            258 10523at91347         -            514   3.9e-21   73.2   0.0   1   1   7.9e-23     5e-21   72.8   0.0   315   499    35   232    22   240 0.78 NC_011205.1_3915 # 4089300 # 4090073 # -1 # ID=1_3915;partial=00;start_type=ATG;rbs_motif=AGGA;rbs_spacer=5-10bp;gc_cont=0.519
NC_011205.1:973720-974853|+   -            378 10523at91347         -            514   5.6e-21   72.6   0.0   1   1   1.2e-22   7.7e-21   72.2   0.0   313   502    42   233    31   240 0.86 NC_011205.1_920 # 973720 # 974853 # 1 # ID=1_920;partial=00;start_type=GTG;rbs_motif=GGAG/GAGG;rbs_spacer=5-10bp;gc_cont=0.544
NC_011205.1:118707-119414|-   -            236 10523at91347         -            514   8.9e-21   72.0   0.0   1   1   1.8e-22   1.1e-20   71.6   0.0   315   502    24   213     8   218 0.84 NC_011205.1_102 # 118707 # 119414 # -1 # ID=1_102;partial=00;start_type=ATG;rbs_motif=None;rbs_spacer=None;gc_cont=0.581
NC_011205.1:1788428-1789576|+ -            383 10523at91347         -            514   1.1e-20   71.6   0.0   1   1   2.5e-22   1.6e-20   71.2   0.0   309   499    24   221    13   226 0.89 NC_011205.1_1718 # 1788428 # 1789576 # 1 # ID=1_1718;partial=00;start_type=ATG;rbs_motif=GGA/GAG/AGG;rbs_spacer=5-10bp;gc_cont=0.529
NC_011205.1:565919-566596|+   -            226 10523at91347         -            514   1.4e-20   71.3   0.0   1   1   2.8e-22   1.8e-20   71.0   0.0   308   492    24   210    17   220 0.84 NC_011205.1_504 # 565919 # 566596 # 1 # ID=1_504;partial=00;start_type=ATG;rbs_motif=GGA/GAG/AGG;rbs_spacer=5-10bp;gc_cont=0.472
NC_011205.1:484347-485456|-   -            370 10523at91347         -            514   3.5e-20   70.0   0.0   1   1   7.6e-22   4.8e-20   69.6   0.0   316   504    44   235    34   241 0.85 NC_011205.1_430 # 484347 # 485456 # -1 # ID=1_430;partial=00;start_type=ATG;rbs_motif=GGA/GAG/AGG;rbs_spacer=5-10bp;gc_cont=0.587
NC_011205.1:2583294-2584067|- -            258 10523at91347         -            514   1.9e-19   67.6   0.0   1   1   5.7e-21   3.6e-19   66.7   0.0   315   502    30   235    21   241 0.82 NC_011205.1_2505 # 2583294 # 2584067 # -1 # ID=1_2505;partial=00;start_type=ATG;rbs_motif=GGA/GAG/AGG;rbs_spacer=5-10bp;gc_cont=0.530
NC_011205.1:1130484-1132391|+ -            636 10523at91347         -            514     3e-19   67.0   0.0   1   2   6.9e-11   4.3e-09   33.4   0.0   315   500    28   234    16   244 0.75 NC_011205.1_1065 # 1130484 # 1132391 # 1 # ID=1_1065;partial=00;start_type=ATG;rbs_motif=AGGA;rbs_spacer=5-10bp;gc_cont=0.533
NC_011205.1:1130484-1132391|+ -            636 10523at91347         -            514     3e-19   67.0   0.0   2   2   8.3e-09   5.2e-07   26.5   0.0   315   495   344   513   334   532 0.74 NC_011205.1_1065 # 1130484 # 1132391 # 1 # ID=1_1065;partial=00;start_type=ATG;rbs_motif=AGGA;rbs_spacer=5-10bp;gc_cont=0.533
NC_011205.1:2062429-2063130|- -            234 10523at91347         -            514   1.6e-18   64.5   0.0   1   1   3.2e-20   2.1e-18   64.2   0.0   308   497    26   223     5   228 0.85 NC_011205.1_1994 # 2062429 # 2063130 # -1 # ID=1_1994;partial=00;start_type=ATG;rbs_motif=GGAG/GAGG;rbs_spacer=5-10bp;gc_cont=0.550
NC_011205.1:1531980-1532984|+ -            335 10523at91347         -            514     6e-18   62.6   0.0   1   1   2.1e-19   1.3e-17   61.5   0.0   310   504    43   250    35   258 0.77 NC_011205.1_1469 # 1531980 # 1532984 # 1 # ID=1_1469;partial=00;start_type=ATG;rbs_motif=GGAGG;rbs_spacer=5-10bp;gc_cont=0.539
NC_011205.1:859677-860453|+   -            259 10523at91347         -            514   6.4e-18   62.5   0.0   1   1   1.8e-19   1.2e-17   61.7   0.0   309   502    23   220     6   230 0.79 NC_011205.1_809 # 859677 # 860453 # 1 # ID=1_809;partial=00;start_type=ATG;rbs_motif=GGAG/GAGG;rbs_spacer=5-10bp;gc_cont=0.561
NC_011205.1:4466339-4467448|+ -            370 10523at91347         -            514   9.8e-18   61.9   0.0   1   1   2.2e-19   1.4e-17   61.4   0.0   314   502    27   217    14   223 0.86 NC_011205.1_4241 # 4466339 # 4467448 # 1 # ID=1_4241;partial=00;start_type=ATG;rbs_motif=GGAG/GAGG;rbs_spacer=5-10bp;gc_cont=0.577
NC_011205.1:688205-688999|-   -            265 10523at91347         -            514   1.2e-17   61.7   0.0   1   1   2.4e-19   1.5e-17   61.3   0.0   315   502    32   227    20   237 0.82 NC_011205.1_647 # 688205 # 688999 # -1 # ID=1_647;partial=00;start_type=ATG;rbs_motif=AGGAG/GGAGG;rbs_spacer=11-12bp;gc_cont=0.566
NC_011205.1:3777853-3778521|- -            223 10523at91347         -            514   1.6e-17   61.2   0.0   1   1   3.4e-19   2.2e-17   60.8   0.0   309   497    20   215    16   218 0.79 NC_011205.1_3633 # 3777853 # 3778521 # -1 # ID=1_3633;partial=00;start_type=ATG;rbs_motif=GGAG/GAGG;rbs_spacer=5-10bp;gc_cont=0.567
NC_011205.1:3763233-3764303|- -            357 10523at91347         -            514     2e-17   60.9   0.0   1   1   4.1e-19   2.6e-17   60.5   0.0   315   499    29   215    21   225 0.86 NC_011205.1_3618 # 3763233 # 3764303 # -1 # ID=1_3618;partial=00;start_type=ATG;rbs_motif=GGA/GAG/AGG;rbs_spacer=5-10bp;gc_cont=0.586
NC_011205.1:199831-200757|+   -            309 10523at91347         -            514   2.6e-17   60.5   0.0   1   1   5.9e-19   3.7e-17   60.0   0.0   315   501    30   218    24   229 0.86 NC_011205.1_172 # 199831 # 200757 # 1 # ID=1_172;partial=00;start_type=ATG;rbs_motif=GGA/GAG/AGG;rbs_spacer=5-10bp;gc_cont=0.501
NC_011205.1:1642545-1643276|- -            244 10523at91347         -            514   3.8e-17   60.0   0.0   1   1   7.7e-19   4.9e-17   59.6   0.0   315   502    28   221    16   227 0.81 NC_011205.1_1578 # 1642545 # 1643276 # -1 # ID=1_1578;partial=00;start_type=ATG;rbs_motif=GGAG/GAGG;rbs_spacer=5-10bp;gc_cont=0.436
NC_011205.1:1579639-1580445|- -            269 10523at91347         -            514     4e-17   59.9   0.1   1   1   3.1e-18     2e-16   57.6   0.1   311   503    34   235    22   246 0.79 NC_011205.1_1517 # 1579639 # 1580445 # -1 # ID=1_1517;partial=00;start_type=ATG;rbs_motif=GGAG/GAGG;rbs_spacer=5-10bp;gc_cont=0.542
NC_011205.1:1530976-1531983|+ -            336 10523at91347         -            514   1.6e-15   54.6   0.1   1   1   8.5e-17   5.4e-15   52.9   0.1   308   502    38   250    32   260 0.67 NC_011205.1_1468 # 1530976 # 1531983 # 1 # ID=1_1468;partial=00;start_type=ATG;rbs_motif=AGGAG;rbs_spacer=5-10bp;gc_cont=0.521
NC_011205.1:2415509-2416567|- -            353 10523at91347         -            514   3.3e-15   53.6   0.4   1   2   2.8e-07   1.7e-05   21.5   0.0   428   498     2    74     1    81 0.88 NC_011205.1_2353 # 2415509 # 2416567 # -1 # ID=1_2353;partial=00;start_type=ATG;rbs_motif=None;rbs_spacer=None;gc_cont=0.462
NC_011205.1:2415509-2416567|- -            353 10523at91347         -            514   3.3e-15   53.6   0.4   2   2   5.9e-10   3.7e-08   30.3   0.1   310   497   128   330   120   341 0.71 NC_011205.1_2353 # 2415509 # 2416567 # -1 # ID=1_2353;partial=00;start_type=ATG;rbs_motif=None;rbs_spacer=None;gc_cont=0.462
NC_011205.1:3051675-3052496|+ -            274 10523at91347         -            514   3.8e-15   53.4   0.1   1   1   3.1e-16     2e-14   51.0   0.1   309   501    24   222    19   232 0.74 NC_011205.1_2932 # 3051675 # 3052496 # 1 # ID=1_2932;partial=00;start_type=ATG;rbs_motif=AGGAG;rbs_spacer=5-10bp;gc_cont=0.543
NC_011205.1:3851115-3852098|- -            328 10523at91347         -            514   3.9e-15   53.4   0.5   1   1   1.1e-16   6.7e-15   52.6   0.5   314   502    31   237    18   243 0.70 NC_011205.1_3692 # 3851115 # 3852098 # -1 # ID=1_3692;partial=00;start_type=ATG;rbs_motif=GGAG/GAGG;rbs_spacer=5-10bp;gc_cont=0.561
NC_011205.1:2231622-2232437|- -            272 10523at91347         -            514     4e-15   53.3   0.0   1   1   8.5e-17   5.4e-15   52.9   0.0   318   504    29   221    16   231 0.79 NC_011205.1_2182 # 2231622 # 2232437 # -1 # ID=1_2182;partial=00;start_type=ATG;rbs_motif=AGGA;rbs_spacer=5-10bp;gc_cont=0.533
NC_011205.1:223629-224426|+   -            266 10523at91347         -            514   8.9e-15   52.2   0.0   1   1   1.3e-15     8e-14   49.0   0.0   315   502    36   231    25   239 0.76 NC_011205.1_192 # 223629 # 224426 # 1 # ID=1_192;partial=00;start_type=ATG;rbs_motif=None;rbs_spacer=None;gc_cont=0.594
NC_011205.1:3650631-3652538|+ -            636 10523at91347         -            514   3.7e-14   50.1   0.0   1   4     0.002      0.13    8.8   0.0   312   337    23    48    11    61 0.83 NC_011205.1_3524 # 3650631 # 3652538 # 1 # ID=1_3524;partial=00;start_type=ATG;rbs_motif=None;rbs_spacer=None;gc_cont=0.574
NC_011205.1:3650631-3652538|+ -            636 10523at91347         -            514   3.7e-14   50.1   0.0   2   4   2.2e-05    0.0014   15.2   0.0   422   500   150   227   146   238 0.84 NC_011205.1_3524 # 3650631 # 3652538 # 1 # ID=1_3524;partial=00;start_type=ATG;rbs_motif=None;rbs_spacer=None;gc_cont=0.574
NC_011205.1:3650631-3652538|+ -            636 10523at91347         -            514   3.7e-14   50.1   0.0   3   4    0.0028      0.18    8.3   0.0   315   346   337   369   326   386 0.77 NC_011205.1_3524 # 3650631 # 3652538 # 1 # ID=1_3524;partial=00;start_type=ATG;rbs_motif=None;rbs_spacer=None;gc_cont=0.574
NC_011205.1:3650631-3652538|+ -            636 10523at91347         -            514   3.7e-14   50.1   0.0   4   4   0.00018     0.011   12.3   0.0   417   495   426   503   418   517 0.82 NC_011205.1_3524 # 3650631 # 3652538 # 1 # ID=1_3524;partial=00;start_type=ATG;rbs_motif=None;rbs_spacer=None;gc_cont=0.574
NC_011205.1:3769146-3769913|- -            256 10523at91347         -            514   4.6e-14   49.8   0.0   1   1   4.3e-15   2.7e-13   47.3   0.0   305   501    19   236    12   240 0.72 NC_011205.1_3625 # 3769146 # 3769913 # -1 # ID=1_3625;partial=00;start_type=ATG;rbs_motif=AGGAG;rbs_spacer=5-10bp;gc_cont=0.570
NC_011205.1:4822646-4824313|- -            556 10523at91347         -            514   6.1e-14   49.4   0.0   1   4      0.19        12    2.2   0.0   313   344    29    61    20    64 0.76 NC_011205.1_4574 # 4822646 # 4824313 # -1 # ID=1_4574;partial=00;start_type=GTG;rbs_motif=AGGA/GGAG/GAGG;rbs_spacer=11-12bp;gc_cont=0.577
NC_011205.1:4822646-4824313|- -            556 10523at91347         -            514   6.1e-14   49.4   0.0   2   4   1.8e-07   1.1e-05   22.2   0.0   422   477   163   216   158   244 0.84 NC_011205.1_4574 # 4822646 # 4824313 # -1 # ID=1_4574;partial=00;start_type=GTG;rbs_motif=AGGA/GGAG/GAGG;rbs_spacer=11-12bp;gc_cont=0.577
NC_011205.1:4822646-4824313|- -            556 10523at91347         -            514   6.1e-14   49.4   0.0   3   4      0.16        10    2.5   0.0   315   337   348   370   337   399 0.79 NC_011205.1_4574 # 4822646 # 4824313 # -1 # ID=1_4574;partial=00;start_type=GTG;rbs_motif=AGGA/GGAG/GAGG;rbs_spacer=11-12bp;gc_cont=0.577
NC_011205.1:4822646-4824313|- -            556 10523at91347         -            514   6.1e-14   49.4   0.0   4   4   6.5e-06   0.00041   17.0   0.0   422   479   445   500   432   535 0.82 NC_011205.1_4574 # 4822646 # 4824313 # -1 # ID=1_4574;partial=00;start_type=GTG;rbs_motif=AGGA/GGAG/GAGG;rbs_spacer=11-12bp;gc_cont=0.577
NC_011205.1:2481915-2483558|- -            548 10523at91347         -            514   1.2e-13   48.4   3.2   1   2      0.04       2.5    4.5   4.6    14   202    13   201     5   247 0.72 NC_011205.1_2418 # 2481915 # 2483558 # -1 # ID=1_2418;partial=00;start_type=ATG;rbs_motif=None;rbs_spacer=None;gc_cont=0.550
NC_011205.1:2481915-2483558|- -            548 10523at91347         -            514   1.2e-13   48.4   3.2   2   2   1.9e-12   1.2e-10   38.6   0.0   314   499   347   529   337   534 0.79 NC_011205.1_2418 # 2481915 # 2483558 # -1 # ID=1_2418;partial=00;start_type=ATG;rbs_motif=None;rbs_spacer=None;gc_cont=0.550
NC_011205.1:871321-872379|+   -            353 10523at91347         -            514   2.3e-13   47.5   0.0   1   1   5.4e-15   3.4e-13   46.9   0.0   318   498    26   208     8   214 0.82 NC_011205.1_821 # 871321 # 872379 # 1 # ID=1_821;partial=00;start_type=ATG;rbs_motif=3Base/5BMM;rbs_spacer=13-15bp;gc_cont=0.556
NC_011205.1:569872-570558|+   -            229 10523at91347         -            514   3.2e-13   47.1   0.0   1   1   7.8e-15   4.9e-13   46.4   0.0   314   499    34   226    21   228 0.79 NC_011205.1_509 # 569872 # 570558 # 1 # ID=1_509;partial=00;start_type=ATG;rbs_motif=AGGA;rbs_spacer=5-10bp;gc_cont=0.587
NC_011205.1:929153-930745|+   -            531 10523at91347         -            514   3.7e-13   46.8   0.0   1   4     0.075       4.7    3.6   0.0   315   337    26    48    16    77 0.74 NC_011205.1_876 # 929153 # 930745 # 1 # ID=1_876;partial=00;start_type=GTG;rbs_motif=AGGA;rbs_spacer=5-10bp;gc_cont=0.534
NC_011205.1:929153-930745|+   -            531 10523at91347         -            514   3.7e-13   46.8   0.0   2   4   5.7e-06   0.00036   17.2   0.0   424   478   158   210   149   219 0.91 NC_011205.1_876 # 929153 # 930745 # 1 # ID=1_876;partial=00;start_type=GTG;rbs_motif=AGGA;rbs_spacer=5-10bp;gc_cont=0.534
NC_011205.1:929153-930745|+   -            531 10523at91347         -            514   3.7e-13   46.8   0.0   3   4      0.37        23    1.3   0.0   315   337   344   366   334   381 0.79 NC_011205.1_876 # 929153 # 930745 # 1 # ID=1_876;partial=00;start_type=GTG;rbs_motif=AGGA;rbs_spacer=5-10bp;gc_cont=0.534
NC_011205.1:929153-930745|+   -            531 10523at91347         -            514   3.7e-13   46.8   0.0   4   4   1.6e-06    0.0001   19.0   0.0   420   478   437   493   430   524 0.82 NC_011205.1_876 # 929153 # 930745 # 1 # ID=1_876;partial=00;start_type=GTG;rbs_motif=AGGA;rbs_spacer=5-10bp;gc_cont=0.534
NC_011205.1:3768431-3769144|- -            238 10523at91347         -            514   6.6e-13   46.0   0.0   1   1   1.4e-14   8.8e-13   45.6   0.0   313   498    28   216    13   224 0.79 NC_011205.1_3624 # 3768431 # 3769144 # -1 # ID=1_3624;partial=00;start_type=ATG;rbs_motif=GGAG/GAGG;rbs_spacer=5-10bp;gc_cont=0.599
NC_011205.1:3524471-3525196|+ -            242 10523at91347         -            514   1.6e-12   44.8   0.0   1   1   3.1e-14     2e-12   44.4   0.0   309   502    21   220    17   230 0.83 NC_011205.1_3386 # 3524471 # 3525196 # 1 # ID=1_3386;partial=00;start_type=ATG;rbs_motif=3Base/5BMM;rbs_spacer=13-15bp;gc_cont=0.550
NC_011205.1:3519780-3520592|- -            271 10523at91347         -            514   4.6e-12   43.2   0.0   1   1   9.4e-14   5.9e-12   42.9   0.0   314   503    32   229    17   235 0.86 NC_011205.1_3380 # 3519780 # 3520592 # -1 # ID=1_3380;partial=00;start_type=ATG;rbs_motif=AGGA;rbs_spacer=5-10bp;gc_cont=0.583
NC_011205.1:1331174-1331929|- -            252 10523at91347         -            514   2.1e-11   41.0   0.1   1   2     0.056       3.5    4.0   0.0   315   336    29    50    19    68 0.85 NC_011205.1_1265 # 1331174 # 1331929 # -1 # ID=1_1265;partial=00;start_type=ATG;rbs_motif=None;rbs_spacer=None;gc_cont=0.534
NC_011205.1:1331174-1331929|- -            252 10523at91347         -            514   2.1e-11   41.0   0.1   2   2   2.1e-11   1.4e-09   35.1   0.0   422   494   121   196   108   207 0.88 NC_011205.1_1265 # 1331174 # 1331929 # -1 # ID=1_1265;partial=00;start_type=ATG;rbs_motif=None;rbs_spacer=None;gc_cont=0.534
NC_011205.1:4488672-4491497|- -            942 10523at91347         -            514   3.6e-11   40.3   2.7   1   4         4   2.5e+02   -2.1   0.0   316   333    24    41    13    44 0.80 NC_011205.1_4265 # 4488672 # 4491497 # -1 # ID=1_4265;partial=00;start_type=ATG;rbs_motif=GGA/GAG/AGG;rbs_spacer=5-10bp;gc_cont=0.571
NC_011205.1:4488672-4491497|- -            942 10523at91347         -            514   3.6e-11   40.3   2.7   2   4    0.0028      0.18    8.3   0.1   418   501   483   569   453   577 0.80 NC_011205.1_4265 # 4488672 # 4491497 # -1 # ID=1_4265;partial=00;start_type=ATG;rbs_motif=GGA/GAG/AGG;rbs_spacer=5-10bp;gc_cont=0.571
NC_011205.1:4488672-4491497|- -            942 10523at91347         -            514   3.6e-11   40.3   2.7   3   4      0.79        50    0.2   0.0   316   334   633   651   622   658 0.75 NC_011205.1_4265 # 4488672 # 4491497 # -1 # ID=1_4265;partial=00;start_type=ATG;rbs_motif=GGA/GAG/AGG;rbs_spacer=5-10bp;gc_cont=0.571
NC_011205.1:4488672-4491497|- -            942 10523at91347         -            514   3.6e-11   40.3   2.7   4   4   1.5e-09   9.4e-08   29.0   0.0   399   490   806   902   790   910 0.84 NC_011205.1_4265 # 4488672 # 4491497 # -1 # ID=1_4265;partial=00;start_type=ATG;rbs_motif=GGA/GAG/AGG;rbs_spacer=5-10bp;gc_cont=0.571
NC_011205.1:867080-868555|-   -            492 10523at91347         -            514   4.9e-11   39.8   0.0   1   3      0.12       7.7    2.9   0.0   314   336    27    49     4    54 0.80 NC_011205.1_816 # 867080 # 868555 # -1 # ID=1_816;partial=00;start_type=ATG;rbs_motif=GGA/GAG/AGG;rbs_spacer=5-10bp;gc_cont=0.554
NC_011205.1:867080-868555|-   -            492 10523at91347         -            514   4.9e-11   39.8   0.0   2   3    0.0003     0.019   11.5   0.0   410   483   124   198   109   225 0.79 NC_011205.1_816 # 867080 # 868555 # -1 # ID=1_816;partial=00;start_type=ATG;rbs_motif=GGA/GAG/AGG;rbs_spacer=5-10bp;gc_cont=0.554
NC_011205.1:867080-868555|-   -            492 10523at91347         -            514   4.9e-11   39.8   0.0   3   3   2.8e-07   1.8e-05   21.5   0.0   317   478   287   460   280   466 0.75 NC_011205.1_816 # 867080 # 868555 # -1 # ID=1_816;partial=00;start_type=ATG;rbs_motif=GGA/GAG/AGG;rbs_spacer=5-10bp;gc_cont=0.554
NC_011205.1:2023667-2024464|- -            266 10523at91347         -            514   5.8e-11   39.6   0.0   1   1   1.3e-12   8.1e-11   39.1   0.0   308   499    27   226    25   231 0.79 NC_011205.1_1956 # 2023667 # 2024464 # -1 # ID=1_1956;partial=00;start_type=ATG;rbs_motif=AGGAG;rbs_spacer=5-10bp;gc_cont=0.550
NC_011205.1:3282115-3282792|+ -            226 10523at91347         -            514   6.3e-11   39.5   0.0   1   1   1.8e-12   1.1e-10   38.7   0.0   312   477    23   198    19   220 0.82 NC_011205.1_3150 # 3282115 # 3282792 # 1 # ID=1_3150;partial=00;start_type=ATG;rbs_motif=GGAG/GAGG;rbs_spacer=5-10bp;gc_cont=0.559
NC_011205.1:1580447-1581439|- -            331 10523at91347         -            514   3.6e-10   37.0   0.0   1   2   0.00096     0.061    9.8   0.0   314   372    31    92    18    98 0.70 NC_011205.1_1518 # 1580447 # 1581439 # -1 # ID=1_1518;partial=00;start_type=ATG;rbs_motif=GGxGG;rbs_spacer=5-10bp;gc_cont=0.520
NC_011205.1:1580447-1581439|- -            331 10523at91347         -            514   3.6e-10   37.0   0.0   2   2   2.3e-08   1.5e-06   25.1   0.0   422   500   159   240   156   245 0.91 NC_011205.1_1518 # 1580447 # 1581439 # -1 # ID=1_1518;partial=00;start_type=ATG;rbs_motif=GGxGG;rbs_spacer=5-10bp;gc_cont=0.520
NC_011205.1:1903071-1903817|- -            249 10523at91347         -            514   3.9e-10   36.9   0.0   1   1   1.7e-11   1.1e-09   35.4   0.0   316   510    27   237    20   241 0.75 NC_011205.1_1838 # 1903071 # 1903817 # -1 # ID=1_1838;partial=00;start_type=ATG;rbs_motif=AGGA;rbs_spacer=5-10bp;gc_cont=0.526
NC_011205.1:2023083-2023673|- -            197 10523at91347         -            514   1.7e-08   31.4   0.0   1   2    0.0057      0.36    7.3   0.0   308   353    18    65     3    77 0.86 NC_011205.1_1955 # 2023083 # 2023673 # -1 # ID=1_1955;partial=00;start_type=ATG;rbs_motif=GGAG/GAGG;rbs_spacer=5-10bp;gc_cont=0.575
NC_011205.1:2023083-2023673|- -            197 10523at91347         -            514   1.7e-08   31.4   0.0   2   2   1.7e-07   1.1e-05   22.2   0.1   421   483   121   185   115   191 0.89 NC_011205.1_1955 # 2023083 # 2023673 # -1 # ID=1_1955;partial=00;start_type=ATG;rbs_motif=GGAG/GAGG;rbs_spacer=5-10bp;gc_cont=0.575
NC_011205.1:1935695-1936444|- -            250 10523at91347         -            514   5.8e-07   26.4   0.0   1   1   3.3e-08   2.1e-06   24.6   0.0   315   502    25   216    21   220 0.79 NC_011205.1_1866 # 1935695 # 1936444 # -1 # ID=1_1866;partial=00;start_type=ATG;rbs_motif=None;rbs_spacer=None;gc_cont=0.564
NC_011205.1:2474207-2474824|- -            206 10523at91347         -            514   1.4e-05   21.8   0.0   1   2     0.021       1.3    5.4   0.0   314   355    25    67    15    81 0.77 NC_011205.1_2408 # 2474207 # 2474824 # -1 # ID=1_2408;partial=00;start_type=ATG;rbs_motif=GGA/GAG/AGG;rbs_spacer=5-10bp;gc_cont=0.728
NC_011205.1:2474207-2474824|- -            206 10523at91347         -            514   1.4e-05   21.8   0.0   2   2   3.4e-05    0.0022   14.6   0.0   421   460   125   164   113   184 0.85 NC_011205.1_2408 # 2474207 # 2474824 # -1 # ID=1_2408;partial=00;start_type=ATG;rbs_motif=GGA/GAG/AGG;rbs_spacer=5-10bp;gc_cont=0.728
NC_011205.1:4051019-4051645|- -            209 10523at91347         -            514   1.5e-05   21.8   0.0   1   2     0.022       1.4    5.4   0.0   314   355    28    70    18    84 0.77 NC_011205.1_3884 # 4051019 # 4051645 # -1 # ID=1_3884;partial=00;start_type=ATG;rbs_motif=None;rbs_spacer=None;gc_cont=0.722
NC_011205.1:4051019-4051645|- -            209 10523at91347         -            514   1.5e-05   21.8   0.0   2   2   3.5e-05    0.0022   14.6   0.0   421   460   128   167   116   187 0.85 NC_011205.1_3884 # 4051019 # 4051645 # -1 # ID=1_3884;partial=00;start_type=ATG;rbs_motif=None;rbs_spacer=None;gc_cont=0.722
NC_011205.1:2416646-2417029|- -            128 10523at91347         -            514   3.3e-05   20.6   0.0   1   1   5.7e-07   3.6e-05   20.5   0.0   308   374    30   100    16   114 0.78 NC_011205.1_2354 # 2416646 # 2417029 # -1 # ID=1_2354;partial=00;start_type=ATG;rbs_motif=GGA/GAG/AGG;rbs_spacer=5-10bp;gc_cont=0.440
NC_011205.1:3282786-3283442|+ -            219 10523at91347         -            514   3.5e-05   20.5   0.0   1   1   7.3e-07   4.6e-05   20.1   0.0   315   496    28   213    19   217 0.78 NC_011205.1_3151 # 3282786 # 3283442 # 1 # ID=1_3151;partial=00;start_type=ATG;rbs_motif=4Base/6BMM;rbs_spacer=13-15bp;gc_cont=0.584
NC_011205.1:397286-400453|-   -           1056 10523at91347         -            514      0.26    7.7   6.3   1   2   0.00073     0.046   10.2   0.8   109   162   325   378   315   393 0.87 NC_011205.1_349 # 397286 # 400453 # -1 # ID=1_349;partial=00;start_type=ATG;rbs_motif=AGxAGG/AGGxGG;rbs_spacer=5-10bp;gc_cont=0.568
NC_011205.1:397286-400453|-   -           1056 10523at91347         -            514      0.26    7.7   6.3   2   2       1.8   1.1e+02   -0.9   0.5   137   162   893   918   872   930 0.72 NC_011205.1_349 # 397286 # 400453 # -1 # ID=1_349;partial=00;start_type=ATG;rbs_motif=AGxAGG/AGGxGG;rbs_spacer=5-10bp;gc_cont=0.568
#
# Program:         hmmsearch
# Version:         3.4 (Aug 2023)
# Pipeline mode:   SEARCH
# Query file:      /Users/dizzler/Projects/School/BIOL4600-Capstone/busco_downloads/lineages/enterobacterales_odb10/hmms/10523at91347.hmm
# Target file:     reports/busco-results/data/00-reads/GCF_000020925.1_ASM2092v1_genomic.fna/prodigal_output/predicted_genes/predicted.faa
# Option settings: hmmsearch --domtblout reports/busco-results/data/00-reads/GCF_000020925.1_ASM2092v1_genomic.fna/run_enterobacterales_odb10/hmmer_output/10523at91347.out --cpu 1 /Users/dizzler/Projects/School/BIOL4600-Capstone/busco_downloads/lineages/enterobacterales_odb10/hmms/10523at91347.hmm reports/busco-results/data/00-reads/GCF_000020925.1_ASM2092v1_genomic.fna/prodigal_output/predicted_genes/predicted.faa 
# Current dir:     /Users/dizzler/Projects/School/BIOL4600-Capstone
# Date:            Sat Feb 21 22:04:26 2026
# [ok]
