#                                                                                     --- full sequence --- -------------- this domain -------------   hmm coord   ali coord   env coord
# target name                 accession   tlen query name           accession   qlen   E-value  score  bias   #  of  c-Evalue  i-Evalue  score  bias  from    to  from    to  from    to  acc description of target
#         ------------------- ---------- ----- -------------------- ---------- ----- --------- ------ ----- --- --- --------- --------- ------ ----- ----- ----- ----- ----- ----- ----- ---- ---------------------
NC_011205.1:4097593-4099422|- -            610 15960at91347         -            495  9.6e-258  854.0   0.9   1   1  1.7e-257  1.3e-254  843.6   0.9     1   495     1   609     1   609 0.88 NC_011205.1_3923 # 4097593 # 4099422 # -1 # ID=1_3923;partial=00;start_type=ATG;rbs_motif=AGGA;rbs_spacer=5-10bp;gc_cont=0.545
NC_011205.1:4786999-4788057|+ -            353 15960at91347         -            495   5.4e-17   59.9   0.1   1   1   3.8e-19   2.9e-16   57.5   0.1   207   482    35   336     5   339 0.73 NC_011205.1_4539 # 4786999 # 4788057 # 1 # ID=1_4539;partial=00;start_type=ATG;rbs_motif=GGAG/GAGG;rbs_spacer=5-10bp;gc_cont=0.531
NC_011205.1:2595499-2597016|- -            506 15960at91347         -            495   3.1e-09   34.3   1.4   1   3   2.2e-10   1.8e-07   28.5   0.5     1    89     1   111     1   124 0.78 NC_011205.1_2516 # 2595499 # 2597016 # -1 # ID=1_2516;partial=00;start_type=ATG;rbs_motif=GGAG/GAGG;rbs_spacer=5-10bp;gc_cont=0.537
NC_011205.1:2595499-2597016|- -            506 15960at91347         -            495   3.1e-09   34.3   1.4   2   3      0.05        39    1.0   0.0   101   155   156   222   135   242 0.70 NC_011205.1_2516 # 2595499 # 2597016 # -1 # ID=1_2516;partial=00;start_type=ATG;rbs_motif=GGAG/GAGG;rbs_spacer=5-10bp;gc_cont=0.537
NC_011205.1:2595499-2597016|- -            506 15960at91347         -            495   3.1e-09   34.3   1.4   3   3      0.41   3.2e+02   -2.0   0.0    85   120   404   440   402   455 0.71 NC_011205.1_2516 # 2595499 # 2597016 # -1 # ID=1_2516;partial=00;start_type=ATG;rbs_motif=GGAG/GAGG;rbs_spacer=5-10bp;gc_cont=0.537
NC_011205.1:3813151-3814128|- -            326 15960at91347         -            495   7.8e-09   33.0   0.0   1   1     2e-11   1.6e-08   31.9   0.0   210   414    20   244     2   279 0.77 NC_011205.1_3665 # 3813151 # 3814128 # -1 # ID=1_3665;partial=00;start_type=ATG;rbs_motif=GGAG/GAGG;rbs_spacer=5-10bp;gc_cont=0.502
NC_011205.1:4788075-4789085|+ -            337 15960at91347         -            495     3e-07   27.7   0.0   1   1   1.8e-09   1.4e-06   25.6   0.0   219   419    43   259    35   283 0.76 NC_011205.1_4540 # 4788075 # 4789085 # 1 # ID=1_4540;partial=00;start_type=ATG;rbs_motif=AGGAG;rbs_spacer=5-10bp;gc_cont=0.512
NC_011205.1:2844120-2845013|- -            298 15960at91347         -            495    0.0019   15.2   0.0   1   1   3.3e-06    0.0025   14.8   0.0   254   332   131   210   126   247 0.81 NC_011205.1_2732 # 2844120 # 2845013 # -1 # ID=1_2732;partial=00;start_type=ATG;rbs_motif=GGAG/GAGG;rbs_spacer=5-10bp;gc_cont=0.575
#
# Program:         hmmsearch
# Version:         3.4 (Aug 2023)
# Pipeline mode:   SEARCH
# Query file:      /Users/dizzler/Projects/School/BIOL4600-Capstone/busco_downloads/lineages/enterobacterales_odb10/hmms/15960at91347.hmm
# Target file:     reports/busco-results/data/00-reads/GCF_000020925.1_ASM2092v1_genomic.fna/prodigal_output/predicted_genes/predicted.faa
# Option settings: hmmsearch --domtblout reports/busco-results/data/00-reads/GCF_000020925.1_ASM2092v1_genomic.fna/run_enterobacterales_odb10/hmmer_output/15960at91347.out --cpu 1 /Users/dizzler/Projects/School/BIOL4600-Capstone/busco_downloads/lineages/enterobacterales_odb10/hmms/15960at91347.hmm reports/busco-results/data/00-reads/GCF_000020925.1_ASM2092v1_genomic.fna/prodigal_output/predicted_genes/predicted.faa 
# Current dir:     /Users/dizzler/Projects/School/BIOL4600-Capstone
# Date:            Sat Feb 21 22:04:26 2026
# [ok]
