#                                                                                     --- full sequence --- -------------- this domain -------------   hmm coord   ali coord   env coord
# target name                 accession   tlen query name           accession   qlen   E-value  score  bias   #  of  c-Evalue  i-Evalue  score  bias  from    to  from    to  from    to  acc description of target
#         ------------------- ---------- ----- -------------------- ---------- ----- --------- ------ ----- --- --- --------- --------- ------ ----- ----- ----- ----- ----- ----- ----- ---- ---------------------
NC_011205.1:1321544-1323316|+ -            591 19976at91347         -            505  7.1e-251  831.0   0.0   1   1  2.5e-252    3e-249  825.6   0.0     1   505     1   586     1   586 0.89 NC_011205.1_1255 # 1321544 # 1323316 # 1 # ID=1_1255;partial=00;start_type=ATG;rbs_motif=GGA/GAG/AGG;rbs_spacer=5-10bp;gc_cont=0.566
NC_011205.1:3246307-3247824|- -            506 19976at91347         -            505   1.2e-38  130.9   0.1   1   2   3.4e-28     4e-25   86.3   0.0    13   239    63   306    56   359 0.72 NC_011205.1_3114 # 3246307 # 3247824 # -1 # ID=1_3114;partial=00;start_type=ATG;rbs_motif=GGAG/GAGG;rbs_spacer=5-10bp;gc_cont=0.541
NC_011205.1:3246307-3247824|- -            506 19976at91347         -            505   1.2e-38  130.9   0.1   2   2   8.1e-15   9.5e-12   42.1   0.0   395   478   410   500   403   503 0.72 NC_011205.1_3114 # 3246307 # 3247824 # -1 # ID=1_3114;partial=00;start_type=ATG;rbs_motif=GGAG/GAGG;rbs_spacer=5-10bp;gc_cont=0.541
NC_011205.1:4598608-4599585|+ -            326 19976at91347         -            505   1.9e-22   77.4   0.1   1   2   8.8e-16     1e-12   45.3   0.0   114   276    13   183     9   204 0.81 NC_011205.1_4348 # 4598608 # 4599585 # 1 # ID=1_4348;partial=00;start_type=ATG;rbs_motif=GGAG/GAGG;rbs_spacer=5-10bp;gc_cont=0.537
NC_011205.1:4598608-4599585|+ -            326 19976at91347         -            505   1.9e-22   77.4   0.1   2   2   2.9e-11   3.4e-08   30.4   0.0   437   477   281   321   209   325 0.86 NC_011205.1_4348 # 4598608 # 4599585 # 1 # ID=1_4348;partial=00;start_type=ATG;rbs_motif=GGAG/GAGG;rbs_spacer=5-10bp;gc_cont=0.537
NC_011205.1:1071436-1072836|- -            467 19976at91347         -            505     5e-20   69.4   0.0   1   2   5.6e-11   6.6e-08   29.5   0.0    13   247    15   286    10   296 0.66 NC_011205.1_999 # 1071436 # 1072836 # -1 # ID=1_999;partial=00;start_type=ATG;rbs_motif=GGA/GAG/AGG;rbs_spacer=5-10bp;gc_cont=0.550
NC_011205.1:1071436-1072836|- -            467 19976at91347         -            505     5e-20   69.4   0.0   2   2   9.8e-13   1.1e-09   35.3   0.0   398   481   379   462   354   466 0.83 NC_011205.1_999 # 1071436 # 1072836 # -1 # ID=1_999;partial=00;start_type=ATG;rbs_motif=GGA/GAG/AGG;rbs_spacer=5-10bp;gc_cont=0.550
#
# Program:         hmmsearch
# Version:         3.4 (Aug 2023)
# Pipeline mode:   SEARCH
# Query file:      /Users/dizzler/Projects/School/BIOL4600-Capstone/busco_downloads/lineages/enterobacterales_odb10/hmms/19976at91347.hmm
# Target file:     reports/busco-results/data/00-reads/GCF_000020925.1_ASM2092v1_genomic.fna/prodigal_output/predicted_genes/predicted.faa
# Option settings: hmmsearch --domtblout reports/busco-results/data/00-reads/GCF_000020925.1_ASM2092v1_genomic.fna/run_enterobacterales_odb10/hmmer_output/19976at91347.out --cpu 1 /Users/dizzler/Projects/School/BIOL4600-Capstone/busco_downloads/lineages/enterobacterales_odb10/hmms/19976at91347.hmm reports/busco-results/data/00-reads/GCF_000020925.1_ASM2092v1_genomic.fna/prodigal_output/predicted_genes/predicted.faa 
# Current dir:     /Users/dizzler/Projects/School/BIOL4600-Capstone
# Date:            Sat Feb 21 22:04:26 2026
# [ok]
