#                                                                                     --- full sequence --- -------------- this domain -------------   hmm coord   ali coord   env coord
# target name                 accession   tlen query name           accession   qlen   E-value  score  bias   #  of  c-Evalue  i-Evalue  score  bias  from    to  from    to  from    to  acc description of target
#         ------------------- ---------- ----- -------------------- ---------- ----- --------- ------ ----- --- --- --------- --------- ------ ----- ----- ----- ----- ----- ----- ----- ---- ---------------------
NC_011205.1:2896090-2897451|- -            454 22268at91347         -            406  4.2e-204  676.0  15.8   1   1  1.8e-206  7.2e-204  675.2  15.8     1   406     1   446     1   446 0.95 NC_011205.1_2781 # 2896090 # 2897451 # -1 # ID=1_2781;partial=00;start_type=ATG;rbs_motif=GGA/GAG/AGG;rbs_spacer=5-10bp;gc_cont=0.548
NC_011205.1:3778524-3779999|- -            492 22268at91347         -            406   4.4e-47  158.8   2.0   1   1   1.6e-49   6.3e-47  158.3   2.0    21   267   211   477   189   490 0.80 NC_011205.1_3634 # 3778524 # 3779999 # -1 # ID=1_3634;partial=00;start_type=ATG;rbs_motif=4Base/6BMM;rbs_spacer=13-15bp;gc_cont=0.549
NC_011205.1:484347-485456|-   -            370 22268at91347         -            406    0.0034   14.3   0.0   1   2   4.3e-05     0.017   12.0   0.0    85   135    33    84    26   112 0.87 NC_011205.1_430 # 484347 # 485456 # -1 # ID=1_430;partial=00;start_type=ATG;rbs_motif=GGA/GAG/AGG;rbs_spacer=5-10bp;gc_cont=0.587
NC_011205.1:484347-485456|-   -            370 22268at91347         -            406    0.0034   14.3   0.0   2   2      0.33   1.3e+02   -0.8   0.0   245   283   219   259   172   261 0.68 NC_011205.1_430 # 484347 # 485456 # -1 # ID=1_430;partial=00;start_type=ATG;rbs_motif=GGA/GAG/AGG;rbs_spacer=5-10bp;gc_cont=0.587
NC_011205.1:3768431-3769144|- -            238 22268at91347         -            406    0.0045   13.9   0.0   1   1   1.8e-05    0.0069   13.3   0.0    83   116    18    51     9    68 0.93 NC_011205.1_3624 # 3768431 # 3769144 # -1 # ID=1_3624;partial=00;start_type=ATG;rbs_motif=GGAG/GAGG;rbs_spacer=5-10bp;gc_cont=0.599
NC_011205.1:2416646-2417029|- -            128 22268at91347         -            406    0.0049   13.8   0.0   1   1   1.3e-05    0.0052   13.7   0.0    83   128    26    72    19   111 0.80 NC_011205.1_2354 # 2416646 # 2417029 # -1 # ID=1_2354;partial=00;start_type=ATG;rbs_motif=GGA/GAG/AGG;rbs_spacer=5-10bp;gc_cont=0.440
NC_011205.1:2962270-2965926|+ -           1219 22268at91347         -            406    0.0095   12.8   0.1   1   2    0.0076         3    4.6   0.0    85   119   356   390   351   394 0.92 NC_011205.1_2844 # 2962270 # 2965926 # 1 # ID=1_2844;partial=00;start_type=ATG;rbs_motif=AGGAGG;rbs_spacer=3-4bp;gc_cont=0.591
NC_011205.1:2962270-2965926|+ -           1219 22268at91347         -            406    0.0095   12.8   0.1   2   2    0.0034       1.3    5.8   0.0    85   117   983  1015   978  1019 0.88 NC_011205.1_2844 # 2962270 # 2965926 # 1 # ID=1_2844;partial=00;start_type=ATG;rbs_motif=AGGAGG;rbs_spacer=3-4bp;gc_cont=0.591
NC_011205.1:906106-907842|-   -            579 22268at91347         -            406      0.01   12.7   0.2   1   2    0.0053       2.1    5.2   0.0    90   122    27    59    21    63 0.83 NC_011205.1_855 # 906106 # 907842 # -1 # ID=1_855;partial=00;start_type=ATG;rbs_motif=GGAG/GAGG;rbs_spacer=5-10bp;gc_cont=0.560
NC_011205.1:906106-907842|-   -            579 22268at91347         -            406      0.01   12.7   0.2   2   2    0.0043       1.7    5.4   0.1    85   134   344   394   323   413 0.78 NC_011205.1_855 # 906106 # 907842 # -1 # ID=1_855;partial=00;start_type=ATG;rbs_motif=GGAG/GAGG;rbs_spacer=5-10bp;gc_cont=0.560
NC_011205.1:3000612-3001814|+ -            401 22268at91347         -            406     0.012   12.5   0.1   1   1   5.2e-05      0.02   11.7   0.1    86   136    44    95    23   114 0.83 NC_011205.1_2882 # 3000612 # 3001814 # 1 # ID=1_2882;partial=00;start_type=ATG;rbs_motif=4Base/6BMM;rbs_spacer=13-15bp;gc_cont=0.500
NC_011205.1:1454077-1454889|- -            271 22268at91347         -            406     0.017   12.1   0.6   1   2   5.8e-05     0.023   11.6   0.2    97   133     4    41     1    85 0.87 NC_011205.1_1399 # 1454077 # 1454889 # -1 # ID=1_1399;partial=00;start_type=ATG;rbs_motif=AGGA;rbs_spacer=5-10bp;gc_cont=0.514
NC_011205.1:1454077-1454889|- -            271 22268at91347         -            406     0.017   12.1   0.6   2   2       2.4   9.5e+02   -3.6   0.0   263   283   182   203   170   206 0.72 NC_011205.1_1399 # 1454077 # 1454889 # -1 # ID=1_1399;partial=00;start_type=ATG;rbs_motif=AGGA;rbs_spacer=5-10bp;gc_cont=0.514
NC_011205.1:2231622-2232437|- -            272 22268at91347         -            406     0.034   11.0   0.0   1   2     0.002      0.79    6.5   0.0    86   125    17    56    14    64 0.88 NC_011205.1_2182 # 2231622 # 2232437 # -1 # ID=1_2182;partial=00;start_type=ATG;rbs_motif=AGGA;rbs_spacer=5-10bp;gc_cont=0.533
NC_011205.1:2231622-2232437|- -            272 22268at91347         -            406     0.034   11.0   0.0   2   2      0.04        16    2.2   0.0   101   133   164   196   113   206 0.82 NC_011205.1_2182 # 2231622 # 2232437 # -1 # ID=1_2182;partial=00;start_type=ATG;rbs_motif=AGGA;rbs_spacer=5-10bp;gc_cont=0.533
NC_011205.1:3769146-3769913|- -            256 22268at91347         -            406     0.044   10.7   0.0   1   1   0.00016     0.063   10.1   0.0    85   121    20    56    13    64 0.89 NC_011205.1_3625 # 3769146 # 3769913 # -1 # ID=1_3625;partial=00;start_type=ATG;rbs_motif=AGGAG;rbs_spacer=5-10bp;gc_cont=0.570
NC_011205.1:2388506-2389453|- -            316 22268at91347         -            406     0.056   10.3   0.0   1   1   0.00023     0.089    9.7   0.0    84   122    15    53    12    65 0.91 NC_011205.1_2328 # 2388506 # 2389453 # -1 # ID=1_2328;partial=00;start_type=ATG;rbs_motif=GGAG/GAGG;rbs_spacer=5-10bp;gc_cont=0.579
#
# Program:         hmmsearch
# Version:         3.4 (Aug 2023)
# Pipeline mode:   SEARCH
# Query file:      /Users/dizzler/Projects/School/BIOL4600-Capstone/busco_downloads/lineages/enterobacterales_odb10/hmms/22268at91347.hmm
# Target file:     reports/busco-results/data/00-reads/GCF_000020925.1_ASM2092v1_genomic.fna/prodigal_output/predicted_genes/predicted.faa
# Option settings: hmmsearch --domtblout reports/busco-results/data/00-reads/GCF_000020925.1_ASM2092v1_genomic.fna/run_enterobacterales_odb10/hmmer_output/22268at91347.out --cpu 1 /Users/dizzler/Projects/School/BIOL4600-Capstone/busco_downloads/lineages/enterobacterales_odb10/hmms/22268at91347.hmm reports/busco-results/data/00-reads/GCF_000020925.1_ASM2092v1_genomic.fna/prodigal_output/predicted_genes/predicted.faa 
# Current dir:     /Users/dizzler/Projects/School/BIOL4600-Capstone
# Date:            Sat Feb 21 22:04:26 2026
# [ok]
