#                                                                                     --- full sequence --- -------------- this domain -------------   hmm coord   ali coord   env coord
# target name                 accession   tlen query name           accession   qlen   E-value  score  bias   #  of  c-Evalue  i-Evalue  score  bias  from    to  from    to  from    to  acc description of target
#         ------------------- ---------- ----- -------------------- ---------- ----- --------- ------ ----- --- --- --------- --------- ------ ----- ----- ----- ----- ----- ----- ----- ---- ---------------------
NC_011205.1:2884495-2885475|- -            327 56764at91347         -            265  2.3e-138  458.1   4.4   1   1  4.4e-139  3.4e-136  451.0   4.4     1   264    15   314    15   315 0.92 NC_011205.1_2768 # 2884495 # 2885475 # -1 # ID=1_2768;partial=00;start_type=ATG;rbs_motif=AGxAG;rbs_spacer=5-10bp;gc_cont=0.534
NC_011205.1:2093905-2094948|- -            348 56764at91347         -            265     1e-42  144.5   0.1   1   2     0.011       8.4    3.9   0.1     2    37    46    81    45   107 0.83 NC_011205.1_2027 # 2093905 # 2094948 # -1 # ID=1_2027;partial=00;start_type=ATG;rbs_motif=None;rbs_spacer=None;gc_cont=0.546
NC_011205.1:2093905-2094948|- -            348 56764at91347         -            265     1e-42  144.5   0.1   2   2     7e-44   5.5e-41  138.9   0.0    50   264   122   345    98   346 0.87 NC_011205.1_2027 # 2093905 # 2094948 # -1 # ID=1_2027;partial=00;start_type=ATG;rbs_motif=None;rbs_spacer=None;gc_cont=0.546
NC_011205.1:104830-105489|-   -            220 56764at91347         -            265   5.3e-40  135.7   0.0   1   1   8.2e-43   6.4e-40  135.4   0.0    49   250    14   216    12   219 0.88 NC_011205.1_91 # 104830 # 105489 # -1 # ID=1_91;partial=00;start_type=ATG;rbs_motif=GGAG/GAGG;rbs_spacer=5-10bp;gc_cont=0.576
NC_011205.1:3163294-3164076|- -            261 56764at91347         -            265   9.1e-28   95.6   0.1   1   1   1.8e-30   1.4e-27   94.9   0.1    49   253     2   225     1   234 0.78 NC_011205.1_3040 # 3163294 # 3164076 # -1 # ID=1_3040;partial=00;start_type=ATG;rbs_motif=None;rbs_spacer=None;gc_cont=0.580
NC_011205.1:2042716-2043453|+ -            246 56764at91347         -            265     0.011   13.3   0.2   1   2    0.0064         5    4.6   0.0   100   124   100   124    85   134 0.84 NC_011205.1_1975 # 2042716 # 2043453 # 1 # ID=1_1975;partial=00;start_type=ATG;rbs_motif=3Base/5BMM;rbs_spacer=13-15bp;gc_cont=0.515
NC_011205.1:2042716-2043453|+ -            246 56764at91347         -            265     0.011   13.3   0.2   2   2     0.002       1.5    6.3   0.1   186   213   190   217   182   229 0.85 NC_011205.1_1975 # 2042716 # 2043453 # 1 # ID=1_1975;partial=00;start_type=ATG;rbs_motif=3Base/5BMM;rbs_spacer=13-15bp;gc_cont=0.515
NC_011205.1:1551928-1552803|+ -            292 56764at91347         -            265     0.023   12.3   0.0   1   2      0.77     6e+02   -2.2   0.0    16    36    14    34     2    63 0.73 NC_011205.1_1492 # 1551928 # 1552803 # 1 # ID=1_1492;partial=00;start_type=ATG;rbs_motif=AGGA;rbs_spacer=5-10bp;gc_cont=0.570
NC_011205.1:1551928-1552803|+ -            292 56764at91347         -            265     0.023   12.3   0.0   2   2   8.1e-05     0.063   10.8   0.0    95   144   102   149    89   159 0.85 NC_011205.1_1492 # 1551928 # 1552803 # 1 # ID=1_1492;partial=00;start_type=ATG;rbs_motif=AGGA;rbs_spacer=5-10bp;gc_cont=0.570
#
# Program:         hmmsearch
# Version:         3.4 (Aug 2023)
# Pipeline mode:   SEARCH
# Query file:      /Users/dizzler/Projects/School/BIOL4600-Capstone/busco_downloads/lineages/enterobacterales_odb10/hmms/56764at91347.hmm
# Target file:     reports/busco-results/data/00-reads/GCF_000020925.1_ASM2092v1_genomic.fna/prodigal_output/predicted_genes/predicted.faa
# Option settings: hmmsearch --domtblout reports/busco-results/data/00-reads/GCF_000020925.1_ASM2092v1_genomic.fna/run_enterobacterales_odb10/hmmer_output/56764at91347.out --cpu 1 /Users/dizzler/Projects/School/BIOL4600-Capstone/busco_downloads/lineages/enterobacterales_odb10/hmms/56764at91347.hmm reports/busco-results/data/00-reads/GCF_000020925.1_ASM2092v1_genomic.fna/prodigal_output/predicted_genes/predicted.faa 
# Current dir:     /Users/dizzler/Projects/School/BIOL4600-Capstone
# Date:            Sat Feb 21 22:04:27 2026
# [ok]
