#                                                                                     --- full sequence --- -------------- this domain -------------   hmm coord   ali coord   env coord
# target name                 accession   tlen query name           accession   qlen   E-value  score  bias   #  of  c-Evalue  i-Evalue  score  bias  from    to  from    to  from    to  acc description of target
#         ------------------- ---------- ----- -------------------- ---------- ----- --------- ------ ----- --- --- --------- --------- ------ ----- ----- ----- ----- ----- ----- ----- ---- ---------------------
NC_011205.1:250127-250951|-   -            275 60900at91347         -            223    1e-119  396.1   6.6   1   1  4.1e-121  3.2e-118  391.1   6.6    13   223    32   271     3   271 0.94 NC_011205.1_215 # 250127 # 250951 # -1 # ID=1_215;partial=00;start_type=ATG;rbs_motif=GGA/GAG/AGG;rbs_spacer=5-10bp;gc_cont=0.538
NC_011205.1:267834-268622|+   -            263 60900at91347         -            223   0.00072   17.2   1.0   1   2   9.3e-07   0.00072   17.2   1.0    64   164     8   107     2   116 0.86 NC_011205.1_230 # 267834 # 268622 # 1 # ID=1_230;partial=00;start_type=GTG;rbs_motif=GGAGG;rbs_spacer=5-10bp;gc_cont=0.536
NC_011205.1:267834-268622|+   -            263 60900at91347         -            223   0.00072   17.2   1.0   2   2      0.12        95    0.5   1.1   110   147   134   169   115   191 0.45 NC_011205.1_230 # 267834 # 268622 # 1 # ID=1_230;partial=00;start_type=GTG;rbs_motif=GGAGG;rbs_spacer=5-10bp;gc_cont=0.536
NC_011205.1:4099611-4100981|- -            457 60900at91347         -            223    0.0012   16.4   4.8   1   2     0.081        63    1.0   0.3   134   161   277   303   264   322 0.70 NC_011205.1_3924 # 4099611 # 4100981 # -1 # ID=1_3924;partial=00;start_type=ATG;rbs_motif=AGGA;rbs_spacer=5-10bp;gc_cont=0.531
NC_011205.1:4099611-4100981|- -            457 60900at91347         -            223    0.0012   16.4   4.8   2   2   1.6e-06    0.0013   16.4   0.6   103   169   365   429   312   444 0.80 NC_011205.1_3924 # 4099611 # 4100981 # -1 # ID=1_3924;partial=00;start_type=ATG;rbs_motif=AGGA;rbs_spacer=5-10bp;gc_cont=0.531
NC_011205.1:2325371-2325925|- -            185 60900at91347         -            223     0.026   12.1   0.1   1   1   4.7e-05     0.037   11.6   0.1    73   163    51   153    40   166 0.79 NC_011205.1_2273 # 2325371 # 2325925 # -1 # ID=1_2273;partial=00;start_type=ATG;rbs_motif=GGAG/GAGG;rbs_spacer=5-10bp;gc_cont=0.508
NC_011205.1:3934017-3934838|- -            274 60900at91347         -            223     0.027   12.1   0.7   1   1   5.4e-05     0.042   11.4   0.7    79   167   134   226   122   233 0.82 NC_011205.1_3764 # 3934017 # 3934838 # -1 # ID=1_3764;partial=00;start_type=ATG;rbs_motif=GGAG/GAGG;rbs_spacer=5-10bp;gc_cont=0.556
NC_011205.1:266244-267269|+   -            342 60900at91347         -            223      0.73    7.4  19.5   1   2   0.00014      0.11   10.0   4.3    94   170   101   169    85   207 0.70 NC_011205.1_228 # 266244 # 267269 # 1 # ID=1_228;partial=00;start_type=ATG;rbs_motif=GGA/GAG/AGG;rbs_spacer=11-12bp;gc_cont=0.519
NC_011205.1:266244-267269|+   -            342 60900at91347         -            223      0.73    7.4  19.5   2   2     0.046        36    1.8   8.2    92   165   224   290   200   302 0.59 NC_011205.1_228 # 266244 # 267269 # 1 # ID=1_228;partial=00;start_type=ATG;rbs_motif=GGA/GAG/AGG;rbs_spacer=11-12bp;gc_cont=0.519
#
# Program:         hmmsearch
# Version:         3.4 (Aug 2023)
# Pipeline mode:   SEARCH
# Query file:      /Users/dizzler/Projects/School/BIOL4600-Capstone/busco_downloads/lineages/enterobacterales_odb10/hmms/60900at91347.hmm
# Target file:     reports/busco-results/data/00-reads/GCF_000020925.1_ASM2092v1_genomic.fna/prodigal_output/predicted_genes/predicted.faa
# Option settings: hmmsearch --domtblout reports/busco-results/data/00-reads/GCF_000020925.1_ASM2092v1_genomic.fna/run_enterobacterales_odb10/hmmer_output/60900at91347.out --cpu 1 /Users/dizzler/Projects/School/BIOL4600-Capstone/busco_downloads/lineages/enterobacterales_odb10/hmms/60900at91347.hmm reports/busco-results/data/00-reads/GCF_000020925.1_ASM2092v1_genomic.fna/prodigal_output/predicted_genes/predicted.faa 
# Current dir:     /Users/dizzler/Projects/School/BIOL4600-Capstone
# Date:            Sat Feb 21 22:04:28 2026
# [ok]
