#                                                                                     --- full sequence --- -------------- this domain -------------   hmm coord   ali coord   env coord
# target name                 accession   tlen query name           accession   qlen   E-value  score  bias   #  of  c-Evalue  i-Evalue  score  bias  from    to  from    to  from    to  acc description of target
#         ------------------- ---------- ----- -------------------- ---------- ----- --------- ------ ----- --- --- --------- --------- ------ ----- ----- ----- ----- ----- ----- ----- ---- ---------------------
NC_011205.1:3505533-3507476|- -            648 6839at91347          -            506  1.9e-294  974.8   6.6   1   1  1.7e-294  1.2e-291  965.7   6.6     1   506     6   598     6   598 0.93 NC_011205.1_3362 # 3505533 # 3507476 # -1 # ID=1_3362;partial=00;start_type=TTG;rbs_motif=GGAG/GAGG;rbs_spacer=5-10bp;gc_cont=0.559
NC_011205.1:4326108-4327439|- -            444 6839at91347          -            506     1e-08   32.2   0.1   1   2   2.2e-10   1.5e-07   28.4   0.0    99   189    16   110     2   117 0.78 NC_011205.1_4133 # 4326108 # 4327439 # -1 # ID=1_4133;partial=00;start_type=ATG;rbs_motif=AGGA;rbs_spacer=5-10bp;gc_cont=0.531
NC_011205.1:4326108-4327439|- -            444 6839at91347          -            506     1e-08   32.2   0.1   2   2     0.028        19    1.7   0.0   192   218   251   275   180   312 0.80 NC_011205.1_4133 # 4326108 # 4327439 # -1 # ID=1_4133;partial=00;start_type=ATG;rbs_motif=AGGA;rbs_spacer=5-10bp;gc_cont=0.531
NC_011205.1:507398-508669|+   -            424 6839at91347          -            506   2.8e-08   30.8   0.0   1   1   6.4e-11   4.3e-08   30.2   0.0    89   206    66   193    53   214 0.73 NC_011205.1_451 # 507398 # 508669 # 1 # ID=1_451;partial=00;start_type=ATG;rbs_motif=GGAG/GAGG;rbs_spacer=5-10bp;gc_cont=0.528
NC_011205.1:1022163-1023506|+ -            448 6839at91347          -            506    0.0011   15.6   0.0   1   1   2.4e-06    0.0016   15.1   0.0   134   203    53   119    44   193 0.84 NC_011205.1_962 # 1022163 # 1023506 # 1 # ID=1_962;partial=00;start_type=GTG;rbs_motif=GGAG/GAGG;rbs_spacer=5-10bp;gc_cont=0.569
NC_011205.1:1329303-1330313|+ -            337 6839at91347          -            506    0.0022   14.6   0.0   1   1   5.4e-06    0.0036   13.9   0.0   130   164    54    88    29   104 0.89 NC_011205.1_1263 # 1329303 # 1330313 # 1 # ID=1_1263;partial=00;start_type=ATG;rbs_motif=GGAG/GAGG;rbs_spacer=5-10bp;gc_cont=0.571
NC_011205.1:508855-511209|+   -            785 6839at91347          -            506      0.01   12.4   0.0   1   1   2.6e-05     0.017   11.7   0.0   112   153   333   371   305   384 0.83 NC_011205.1_452 # 508855 # 511209 # 1 # ID=1_452;partial=00;start_type=ATG;rbs_motif=GGA/GAG/AGG;rbs_spacer=5-10bp;gc_cont=0.539
NC_011205.1:4135457-4136977|- -            507 6839at91347          -            506     0.014   12.0   0.1   1   1   3.3e-05     0.022   11.3   0.1   133   153   212   232   190   235 0.89 NC_011205.1_3954 # 4135457 # 4136977 # -1 # ID=1_3954;partial=00;start_type=ATG;rbs_motif=AGGAGG;rbs_spacer=3-4bp;gc_cont=0.525
#
# Program:         hmmsearch
# Version:         3.4 (Aug 2023)
# Pipeline mode:   SEARCH
# Query file:      /Users/dizzler/Projects/School/BIOL4600-Capstone/busco_downloads/lineages/enterobacterales_odb10/hmms/6839at91347.hmm
# Target file:     reports/busco-results/data/00-reads/GCF_000020925.1_ASM2092v1_genomic.fna/prodigal_output/predicted_genes/predicted.faa
# Option settings: hmmsearch --domtblout reports/busco-results/data/00-reads/GCF_000020925.1_ASM2092v1_genomic.fna/run_enterobacterales_odb10/hmmer_output/6839at91347.out --cpu 1 /Users/dizzler/Projects/School/BIOL4600-Capstone/busco_downloads/lineages/enterobacterales_odb10/hmms/6839at91347.hmm reports/busco-results/data/00-reads/GCF_000020925.1_ASM2092v1_genomic.fna/prodigal_output/predicted_genes/predicted.faa 
# Current dir:     /Users/dizzler/Projects/School/BIOL4600-Capstone
# Date:            Sat Feb 21 22:04:28 2026
# [ok]
