#                                                                                         --- full sequence --- -------------- this domain -------------   hmm coord   ali coord   env coord
# target name                     accession   tlen query name           accession   qlen   E-value  score  bias   #  of  c-Evalue  i-Evalue  score  bias  from    to  from    to  from    to  acc description of target
#             ------------------- ---------- ----- -------------------- ---------- ----- --------- ------ ----- --- --- --------- --------- ------ ----- ----- ----- ----- ----- ----- ----- ---- ---------------------
NZ_ABEL01000007.1:117974-119446|- -            491 13669at91347         -            358  2.6e-153  508.0   0.0   1   2   2.8e-42   8.2e-40  134.6   0.0     1   120     1   158     1   160 0.87 NZ_ABEL01000007.1_96 # 117974 # 119446 # -1 # ID=42_96;partial=00;start_type=ATG;rbs_motif=GGAG/GAGG;rbs_spacer=5-10bp;gc_cont=0.547
NZ_ABEL01000007.1:117974-119446|- -            491 13669at91347         -            358  2.6e-153  508.0   0.0   2   2    3e-114    9e-112  371.3   0.0   120   358   202   464   199   464 0.93 NZ_ABEL01000007.1_96 # 117974 # 119446 # -1 # ID=42_96;partial=00;start_type=ATG;rbs_motif=GGAG/GAGG;rbs_spacer=5-10bp;gc_cont=0.547
NZ_ABEL01000003.1:444573-445976|+ -            468 13669at91347         -            358   5.2e-18   62.9   0.0   1   1   2.2e-20   6.6e-18   62.5   0.0   114   232   223   351   171   383 0.81 NZ_ABEL01000003.1_394 # 444573 # 445976 # 1 # ID=46_394;partial=00;start_type=ATG;rbs_motif=AGxAGG/AGGxGG;rbs_spacer=3-4bp;gc_cont=0.591
NZ_ABEL01000026.1:22995-23273|+   -             93 13669at91347         -            358     5e-13   46.5   0.1   1   1   1.9e-15   5.6e-13   46.3   0.1   123   197    11    91     7    93 0.77 NZ_ABEL01000026.1_23 # 22995 # 23273 # 1 # ID=23_23;partial=01;start_type=ATG;rbs_motif=GGAG/GAGG;rbs_spacer=5-10bp;gc_cont=0.513
NZ_ABEL01000020.1:3348-4628|-     -            427 13669at91347         -            358   1.2e-10   38.7   0.0   1   1   7.6e-13   2.3e-10   37.8   0.0   118   275   195   361   176   371 0.77 NZ_ABEL01000020.1_5 # 3348 # 4628 # -1 # ID=29_5;partial=00;start_type=TTG;rbs_motif=GGAG/GAGG;rbs_spacer=5-10bp;gc_cont=0.543
NZ_ABEL01000003.1:61087-63405|+   -            773 13669at91347         -            358   1.3e-08   32.0   0.8   1   2   2.2e-09   6.4e-07   26.4   0.0     3    49     4    49     2    54 0.92 NZ_ABEL01000003.1_58 # 61087 # 63405 # 1 # ID=46_58;partial=00;start_type=ATG;rbs_motif=GGA/GAG/AGG;rbs_spacer=5-10bp;gc_cont=0.563
NZ_ABEL01000003.1:61087-63405|+   -            773 13669at91347         -            358   1.3e-08   32.0   0.8   2   2     0.017       5.1    3.7   0.2   194   239    85   131    67   176 0.83 NZ_ABEL01000003.1_58 # 61087 # 63405 # 1 # ID=46_58;partial=00;start_type=ATG;rbs_motif=GGA/GAG/AGG;rbs_spacer=5-10bp;gc_cont=0.563
NZ_ABEL01000012.1:129454-130086|+ -            211 13669at91347         -            358   8.6e-08   29.3   0.0   1   1   6.1e-10   1.8e-07   28.2   0.0   120   276    26   198    12   201 0.73 NZ_ABEL01000012.1_124 # 129454 # 130086 # 1 # ID=37_124;partial=00;start_type=TTG;rbs_motif=GGAG/GAGG;rbs_spacer=5-10bp;gc_cont=0.520
NZ_ABEL01000002.1:468379-469470|+ -            364 13669at91347         -            358   7.4e-05   19.6   0.0   1   2   5.5e-07   0.00016   18.5   0.0     5    26     5    26     1    45 0.75 NZ_ABEL01000002.1_448 # 468379 # 469470 # 1 # ID=47_448;partial=00;start_type=ATG;rbs_motif=GGA/GAG/AGG;rbs_spacer=5-10bp;gc_cont=0.531
NZ_ABEL01000002.1:468379-469470|+ -            364 13669at91347         -            358   7.4e-05   19.6   0.0   2   2       1.8   5.4e+02   -2.9   0.0   236   266   185   215   182   228 0.79 NZ_ABEL01000002.1_448 # 468379 # 469470 # 1 # ID=47_448;partial=00;start_type=ATG;rbs_motif=GGA/GAG/AGG;rbs_spacer=5-10bp;gc_cont=0.531
NZ_ABEL01000006.1:190187-191359|- -            391 13669at91347         -            358   0.00088   16.1   0.0   1   1   4.8e-06    0.0014   15.4   0.0   122   272   161   329   150   341 0.70 NZ_ABEL01000006.1_178 # 190187 # 191359 # -1 # ID=43_178;partial=00;start_type=ATG;rbs_motif=GGAG/GAGG;rbs_spacer=5-10bp;gc_cont=0.549
NZ_ABEL01000006.1:173579-176257|- -            893 13669at91347         -            358    0.0036   14.1   0.0   1   2   3.9e-05     0.012   12.4   0.0   192   272   461   551   391   566 0.64 NZ_ABEL01000006.1_164 # 173579 # 176257 # -1 # ID=43_164;partial=00;start_type=ATG;rbs_motif=AGGA;rbs_spacer=5-10bp;gc_cont=0.554
NZ_ABEL01000006.1:173579-176257|- -            893 13669at91347         -            358    0.0036   14.1   0.0   2   2       1.6   4.9e+02   -2.8   0.0    49    98   726   782   704   801 0.63 NZ_ABEL01000006.1_164 # 173579 # 176257 # -1 # ID=43_164;partial=00;start_type=ATG;rbs_motif=AGGA;rbs_spacer=5-10bp;gc_cont=0.554
NZ_ABEL01000008.1:165195-166016|- -            274 13669at91347         -            358    0.0065   13.2   0.0   1   1     3e-05     0.009   12.8   0.0    39   114    92   165    84   173 0.82 NZ_ABEL01000008.1_141 # 165195 # 166016 # -1 # ID=41_141;partial=00;start_type=ATG;rbs_motif=GGA/GAG/AGG;rbs_spacer=5-10bp;gc_cont=0.572
NZ_ABEL01000010.1:84115-86022|+   -            636 13669at91347         -            358     0.014   12.2   0.1   1   2   0.00065      0.19    8.4   0.0   118   143    27    52    20    61 0.78 NZ_ABEL01000010.1_88 # 84115 # 86022 # 1 # ID=39_88;partial=00;start_type=ATG;rbs_motif=AGGA;rbs_spacer=5-10bp;gc_cont=0.529
NZ_ABEL01000010.1:84115-86022|+   -            636 13669at91347         -            358     0.014   12.2   0.1   2   2     0.094        28    1.3   0.0   121   143   346   368   334   379 0.81 NZ_ABEL01000010.1_88 # 84115 # 86022 # 1 # ID=39_88;partial=00;start_type=ATG;rbs_motif=AGGA;rbs_spacer=5-10bp;gc_cont=0.529
NZ_ABEL01000020.1:14432-15484|+   -            351 13669at91347         -            358     0.023   11.4   0.4   1   2     0.053        16    2.1   0.0   225   267   156   201   120   210 0.74 NZ_ABEL01000020.1_15 # 14432 # 15484 # 1 # ID=29_15;partial=00;start_type=TTG;rbs_motif=AGGAG;rbs_spacer=5-10bp;gc_cont=0.536
NZ_ABEL01000020.1:14432-15484|+   -            351 13669at91347         -            358     0.023   11.4   0.4   2   2   0.00071      0.21    8.3   0.0   109   147   194   234   184   244 0.60 NZ_ABEL01000020.1_15 # 14432 # 15484 # 1 # ID=29_15;partial=00;start_type=TTG;rbs_motif=AGGAG;rbs_spacer=5-10bp;gc_cont=0.536
NZ_ABEL01000001.1:649708-651303|+ -            532 13669at91347         -            358     0.023   11.4   1.1   1   2      0.66   1.9e+02   -1.5   0.1   125   138    32    45    29    50 0.60 NZ_ABEL01000001.1_629 # 649708 # 651303 # 1 # ID=48_629;partial=00;start_type=GTG;rbs_motif=AGGA;rbs_spacer=5-10bp;gc_cont=0.532
NZ_ABEL01000001.1:649708-651303|+ -            532 13669at91347         -            358     0.023   11.4   1.1   2   2   0.00017      0.05   10.3   0.1   112   142   337   367   334   370 0.91 NZ_ABEL01000001.1_629 # 649708 # 651303 # 1 # ID=48_629;partial=00;start_type=GTG;rbs_motif=AGGA;rbs_spacer=5-10bp;gc_cont=0.532
NZ_ABEL01000015.1:10615-14271|+   -           1219 13669at91347         -            358     0.027   11.2   1.7   1   3     0.065        19    1.8   0.0   122   137   369   384   358   391 0.72 NZ_ABEL01000015.1_10 # 10615 # 14271 # 1 # ID=34_10;partial=00;start_type=ATG;rbs_motif=AGGAGG;rbs_spacer=3-4bp;gc_cont=0.591
NZ_ABEL01000015.1:10615-14271|+   -           1219 13669at91347         -            358     0.027   11.2   1.7   2   3    0.0036       1.1    6.0   0.1   123   140   997  1014   991  1017 0.70 NZ_ABEL01000015.1_10 # 10615 # 14271 # 1 # ID=34_10;partial=00;start_type=ATG;rbs_motif=AGGAGG;rbs_spacer=3-4bp;gc_cont=0.591
NZ_ABEL01000015.1:10615-14271|+   -           1219 13669at91347         -            358     0.027   11.2   1.7   3   3      0.19        55    0.3   0.1    23    55  1153  1184  1145  1190 0.83 NZ_ABEL01000015.1_10 # 10615 # 14271 # 1 # ID=34_10;partial=00;start_type=ATG;rbs_motif=AGGAGG;rbs_spacer=3-4bp;gc_cont=0.591
NZ_ABEL01000003.1:7516-9423|+     -            636 13669at91347         -            358     0.043   10.6   0.5   1   2    0.0096       2.8    4.6   0.1   122   140    29    47    11    58 0.68 NZ_ABEL01000003.1_12 # 7516 # 9423 # 1 # ID=46_12;partial=00;start_type=ATG;rbs_motif=None;rbs_spacer=None;gc_cont=0.577
NZ_ABEL01000003.1:7516-9423|+     -            636 13669at91347         -            358     0.043   10.6   0.5   2   2     0.015       4.5    3.9   0.1   122   142   340   360   331   364 0.79 NZ_ABEL01000003.1_12 # 7516 # 9423 # 1 # ID=46_12;partial=00;start_type=ATG;rbs_motif=None;rbs_spacer=None;gc_cont=0.577
#
# Program:         hmmsearch
# Version:         3.4 (Aug 2023)
# Pipeline mode:   SEARCH
# Query file:      /Users/dizzler/Projects/School/BIOL4600-Capstone/busco_downloads/lineages/enterobacterales_odb10/hmms/13669at91347.hmm
# Target file:     reports/busco-results/data/00-reads/GCF_000171315.1_ASM17131v1_genomic.fna/prodigal_output/predicted_genes/predicted.faa
# Option settings: hmmsearch --domtblout reports/busco-results/data/00-reads/GCF_000171315.1_ASM17131v1_genomic.fna/run_enterobacterales_odb10/hmmer_output/13669at91347.out --cpu 1 /Users/dizzler/Projects/School/BIOL4600-Capstone/busco_downloads/lineages/enterobacterales_odb10/hmms/13669at91347.hmm reports/busco-results/data/00-reads/GCF_000171315.1_ASM17131v1_genomic.fna/prodigal_output/predicted_genes/predicted.faa 
# Current dir:     /Users/dizzler/Projects/School/BIOL4600-Capstone
# Date:            Sat Feb 21 22:05:57 2026
# [ok]
