#                                                                                         --- full sequence --- -------------- this domain -------------   hmm coord   ali coord   env coord
# target name                     accession   tlen query name           accession   qlen   E-value  score  bias   #  of  c-Evalue  i-Evalue  score  bias  from    to  from    to  from    to  acc description of target
#             ------------------- ---------- ----- -------------------- ---------- ----- --------- ------ ----- --- --- --------- --------- ------ ----- ----- ----- ----- ----- ----- ----- ---- ---------------------
NZ_ABEL01000008.1:87673-89148|-   -            492 19201at91347         -            411  1.7e-208  690.6   0.0   1   2  1.9e-134  1.7e-131  437.0   0.0     6   248    11   264     4   274 0.95 NZ_ABEL01000008.1_79 # 87673 # 89148 # -1 # ID=41_79;partial=00;start_type=ATG;rbs_motif=4Base/6BMM;rbs_spacer=13-15bp;gc_cont=0.563
NZ_ABEL01000008.1:87673-89148|-   -            492 19201at91347         -            411  1.7e-208  690.6   0.0   2   2   8.7e-77   7.7e-74  247.0   0.0   245   410   284   479   279   480 0.89 NZ_ABEL01000008.1_79 # 87673 # 89148 # -1 # ID=41_79;partial=00;start_type=ATG;rbs_motif=4Base/6BMM;rbs_spacer=13-15bp;gc_cont=0.563
NZ_ABEL01000011.1:129944-131317|- -            458 19201at91347         -            411   2.1e-42  143.5   0.0   1   2   1.4e-34   1.2e-31  108.0   0.0    16   221     2   224     1   231 0.84 NZ_ABEL01000011.1_115 # 129944 # 131317 # -1 # ID=38_115;partial=00;start_type=ATG;rbs_motif=AGGA;rbs_spacer=5-10bp;gc_cont=0.587
NZ_ABEL01000011.1:129944-131317|- -            458 19201at91347         -            411   2.1e-42  143.5   0.0   2   2   6.3e-12   5.6e-09   33.4   0.0   248   356   274   387   266   445 0.86 NZ_ABEL01000011.1_115 # 129944 # 131317 # -1 # ID=38_115;partial=00;start_type=ATG;rbs_motif=AGGA;rbs_spacer=5-10bp;gc_cont=0.587
NZ_ABEL01000008.1:91575-92891|-   -            439 19201at91347         -            411   4.6e-12   43.6   0.0   1   2   4.1e-09   3.6e-06   24.1   0.0    65   203    65   201    45   217 0.81 NZ_ABEL01000008.1_82 # 91575 # 92891 # -1 # ID=41_82;partial=00;start_type=ATG;rbs_motif=GGA/GAG/AGG;rbs_spacer=5-10bp;gc_cont=0.581
NZ_ABEL01000008.1:91575-92891|-   -            439 19201at91347         -            411   4.6e-12   43.6   0.0   2   2   5.1e-07   0.00046   17.2   0.0   242   291   257   307   251   318 0.87 NZ_ABEL01000008.1_82 # 91575 # 92891 # -1 # ID=41_82;partial=00;start_type=ATG;rbs_motif=GGA/GAG/AGG;rbs_spacer=5-10bp;gc_cont=0.581
NZ_ABEL01000008.1:95325-96812|-   -            496 19201at91347         -            411   6.2e-06   23.4   0.2   1   2   3.2e-05     0.028   11.3   0.7   109   226   112   249   106   265 0.59 NZ_ABEL01000008.1_85 # 95325 # 96812 # -1 # ID=41_85;partial=00;start_type=GTG;rbs_motif=GGAG/GAGG;rbs_spacer=5-10bp;gc_cont=0.590
NZ_ABEL01000008.1:95325-96812|-   -            496 19201at91347         -            411   6.2e-06   23.4   0.2   2   2    0.0021       1.9    5.3   0.0   251   318   305   375   299   385 0.68 NZ_ABEL01000008.1_85 # 95325 # 96812 # -1 # ID=41_85;partial=00;start_type=GTG;rbs_motif=GGAG/GAGG;rbs_spacer=5-10bp;gc_cont=0.590
NZ_ABEL01000008.1:93970-95328|-   -            453 19201at91347         -            411     0.002   15.1   0.0   1   2    0.0024       2.1    5.1   0.0   108   221   102   222    88   231 0.76 NZ_ABEL01000008.1_84 # 93970 # 95328 # -1 # ID=41_84;partial=00;start_type=ATG;rbs_motif=GGxGG;rbs_spacer=5-10bp;gc_cont=0.567
NZ_ABEL01000008.1:93970-95328|-   -            453 19201at91347         -            411     0.002   15.1   0.0   2   2   0.00039      0.34    7.7   0.1   245   287   273   316   267   349 0.73 NZ_ABEL01000008.1_84 # 93970 # 95328 # -1 # ID=41_84;partial=00;start_type=ATG;rbs_motif=GGxGG;rbs_spacer=5-10bp;gc_cont=0.567
#
# Program:         hmmsearch
# Version:         3.4 (Aug 2023)
# Pipeline mode:   SEARCH
# Query file:      /Users/dizzler/Projects/School/BIOL4600-Capstone/busco_downloads/lineages/enterobacterales_odb10/hmms/19201at91347.hmm
# Target file:     reports/busco-results/data/00-reads/GCF_000171315.1_ASM17131v1_genomic.fna/prodigal_output/predicted_genes/predicted.faa
# Option settings: hmmsearch --domtblout reports/busco-results/data/00-reads/GCF_000171315.1_ASM17131v1_genomic.fna/run_enterobacterales_odb10/hmmer_output/19201at91347.out --cpu 1 /Users/dizzler/Projects/School/BIOL4600-Capstone/busco_downloads/lineages/enterobacterales_odb10/hmms/19201at91347.hmm reports/busco-results/data/00-reads/GCF_000171315.1_ASM17131v1_genomic.fna/prodigal_output/predicted_genes/predicted.faa 
# Current dir:     /Users/dizzler/Projects/School/BIOL4600-Capstone
# Date:            Sat Feb 21 22:05:57 2026
# [ok]
