#                                                                                         --- full sequence --- -------------- this domain -------------   hmm coord   ali coord   env coord
# target name                     accession   tlen query name           accession   qlen   E-value  score  bias   #  of  c-Evalue  i-Evalue  score  bias  from    to  from    to  from    to  acc description of target
#             ------------------- ---------- ----- -------------------- ---------- ----- --------- ------ ----- --- --- --------- --------- ------ ----- ----- ----- ----- ----- ----- ----- ---- ---------------------
NZ_ABEL01000012.1:42803-44134|+   -            444 22118at91347         -            397  1.7e-234  776.0   8.1   1   1  1.3e-235  7.1e-233  770.7   8.1     1   397     1   443     1   443 0.96 NZ_ABEL01000012.1_35 # 42803 # 44134 # 1 # ID=37_35;partial=00;start_type=ATG;rbs_motif=AGGA;rbs_spacer=5-10bp;gc_cont=0.531
NZ_ABEL01000001.1:248852-250021|+ -            390 22118at91347         -            397   2.3e-42  143.4   0.2   1   3   6.8e-24   3.8e-21   73.5   0.0     5    99    66   167    63   175 0.87 NZ_ABEL01000001.1_253 # 248852 # 250021 # 1 # ID=48_253;partial=00;start_type=ATG;rbs_motif=GGAG/GAGG;rbs_spacer=5-10bp;gc_cont=0.528
NZ_ABEL01000001.1:248852-250021|+ -            390 22118at91347         -            397   2.3e-42  143.4   0.2   2   3   3.5e-13   1.9e-10   38.2   0.0   217   280   176   255   171   262 0.76 NZ_ABEL01000001.1_253 # 248852 # 250021 # 1 # ID=48_253;partial=00;start_type=ATG;rbs_motif=GGAG/GAGG;rbs_spacer=5-10bp;gc_cont=0.528
NZ_ABEL01000001.1:248852-250021|+ -            390 22118at91347         -            397   2.3e-42  143.4   0.2   3   3     4e-10   2.2e-07   28.2   0.0   280   326   299   345   271   355 0.90 NZ_ABEL01000001.1_253 # 248852 # 250021 # 1 # ID=48_253;partial=00;start_type=ATG;rbs_motif=GGAG/GAGG;rbs_spacer=5-10bp;gc_cont=0.528
NZ_ABEL01000006.1:184659-186602|- -            648 22118at91347         -            397     5e-08   30.3   0.3   1   3   1.9e-09   1.1e-06   25.9   0.0    15   103   158   245   145   248 0.79 NZ_ABEL01000006.1_172 # 184659 # 186602 # -1 # ID=43_172;partial=00;start_type=TTG;rbs_motif=GGAG/GAGG;rbs_spacer=5-10bp;gc_cont=0.559
NZ_ABEL01000006.1:184659-186602|- -            648 22118at91347         -            397     5e-08   30.3   0.3   2   3     0.042        23    1.8   0.0   220   237   249   266   243   284 0.86 NZ_ABEL01000006.1_172 # 184659 # 186602 # -1 # ID=43_172;partial=00;start_type=TTG;rbs_motif=GGAG/GAGG;rbs_spacer=5-10bp;gc_cont=0.559
NZ_ABEL01000006.1:184659-186602|- -            648 22118at91347         -            397     5e-08   30.3   0.3   3   3       1.6   8.8e+02   -3.4   0.0   293   328   550   588   546   597 0.75 NZ_ABEL01000006.1_172 # 184659 # 186602 # -1 # ID=43_172;partial=00;start_type=TTG;rbs_motif=GGAG/GAGG;rbs_spacer=5-10bp;gc_cont=0.559
NZ_ABEL01000017.1:191-2764|-      -            858 22118at91347         -            397   5.4e-07   26.9   0.1   1   2    0.0059       3.3    4.6   0.1    33    66   189   221   172   227 0.80 NZ_ABEL01000017.1_1 # 191 # 2764 # -1 # ID=32_1;partial=00;start_type=ATG;rbs_motif=GGAGG;rbs_spacer=3-4bp;gc_cont=0.533
NZ_ABEL01000017.1:191-2764|-      -            858 22118at91347         -            397   5.4e-07   26.9   0.1   2   2   2.3e-07   0.00013   19.1   0.0    12    86   568   643   561   649 0.77 NZ_ABEL01000017.1_1 # 191 # 2764 # -1 # ID=32_1;partial=00;start_type=ATG;rbs_motif=GGAGG;rbs_spacer=3-4bp;gc_cont=0.533
NZ_ABEL01000001.1:722488-724764|+ -            759 22118at91347         -            397   3.8e-06   24.1   0.4   1   4     0.006       3.3    4.5   0.0    44    65   207   228   193   246 0.81 NZ_ABEL01000001.1_699 # 722488 # 724764 # 1 # ID=48_699;partial=00;start_type=ATG;rbs_motif=GGAGG;rbs_spacer=5-10bp;gc_cont=0.542
NZ_ABEL01000001.1:722488-724764|+ -            759 22118at91347         -            397   3.8e-06   24.1   0.4   2   4      0.18     1e+02   -0.3   0.0   215   232   273   292   263   318 0.72 NZ_ABEL01000001.1_699 # 722488 # 724764 # 1 # ID=48_699;partial=00;start_type=ATG;rbs_motif=GGAGG;rbs_spacer=5-10bp;gc_cont=0.542
NZ_ABEL01000001.1:722488-724764|+ -            759 22118at91347         -            397   3.8e-06   24.1   0.4   3   4       1.6   8.8e+02   -3.4   0.0   197   219   383   405   352   407 0.77 NZ_ABEL01000001.1_699 # 722488 # 724764 # 1 # ID=48_699;partial=00;start_type=ATG;rbs_motif=GGAGG;rbs_spacer=5-10bp;gc_cont=0.542
NZ_ABEL01000001.1:722488-724764|+ -            759 22118at91347         -            397   3.8e-06   24.1   0.4   4   4   3.7e-06    0.0021   15.1   0.0    11    82   457   526   452   536 0.78 NZ_ABEL01000001.1_699 # 722488 # 724764 # 1 # ID=48_699;partial=00;start_type=ATG;rbs_motif=GGAGG;rbs_spacer=5-10bp;gc_cont=0.542
NZ_ABEL01000003.1:39176-39697|-   -            174 22118at91347         -            397   0.00053   17.0   0.2   1   1   1.2e-06   0.00066   16.7   0.2    45   175     5   147     2   171 0.64 NZ_ABEL01000003.1_39 # 39176 # 39697 # -1 # ID=46_39;partial=00;start_type=ATG;rbs_motif=AGxAG;rbs_spacer=5-10bp;gc_cont=0.504
NZ_ABEL01000003.1:81661-83244|+   -            528 22118at91347         -            397     0.031   11.2   0.0   1   1   9.7e-05     0.054   10.4   0.0    26    75   186   245   182   252 0.66 NZ_ABEL01000003.1_73 # 81661 # 83244 # 1 # ID=46_73;partial=00;start_type=ATG;rbs_motif=AGGA;rbs_spacer=5-10bp;gc_cont=0.602
NZ_ABEL01000020.1:5091-6041|-     -            317 22118at91347         -            397     0.036   11.0   0.0   1   1   0.00011     0.059   10.3   0.0    43    77     9    43     1    55 0.88 NZ_ABEL01000020.1_7 # 5091 # 6041 # -1 # ID=29_7;partial=00;start_type=ATG;rbs_motif=None;rbs_spacer=None;gc_cont=0.545
#
# Program:         hmmsearch
# Version:         3.4 (Aug 2023)
# Pipeline mode:   SEARCH
# Query file:      /Users/dizzler/Projects/School/BIOL4600-Capstone/busco_downloads/lineages/enterobacterales_odb10/hmms/22118at91347.hmm
# Target file:     reports/busco-results/data/00-reads/GCF_000171315.1_ASM17131v1_genomic.fna/prodigal_output/predicted_genes/predicted.faa
# Option settings: hmmsearch --domtblout reports/busco-results/data/00-reads/GCF_000171315.1_ASM17131v1_genomic.fna/run_enterobacterales_odb10/hmmer_output/22118at91347.out --cpu 1 /Users/dizzler/Projects/School/BIOL4600-Capstone/busco_downloads/lineages/enterobacterales_odb10/hmms/22118at91347.hmm reports/busco-results/data/00-reads/GCF_000171315.1_ASM17131v1_genomic.fna/prodigal_output/predicted_genes/predicted.faa 
# Current dir:     /Users/dizzler/Projects/School/BIOL4600-Capstone
# Date:            Sat Feb 21 22:05:57 2026
# [ok]
