#                                                                                         --- full sequence --- -------------- this domain -------------   hmm coord   ali coord   env coord
# target name                     accession   tlen query name           accession   qlen   E-value  score  bias   #  of  c-Evalue  i-Evalue  score  bias  from    to  from    to  from    to  acc description of target
#             ------------------- ---------- ----- -------------------- ---------- ----- --------- ------ ----- --- --- --------- --------- ------ ----- ----- ----- ----- ----- ----- ----- ---- ---------------------
NZ_ABEL01000005.1:173322-176867|- -           1182 2325at91347          -            955         0 1327.6   0.0   1   2         0         0 1019.4   0.0     2   731     7   846     6   850 0.88 NZ_ABEL01000005.1_169 # 173322 # 176867 # -1 # ID=44_169;partial=00;start_type=ATG;rbs_motif=GGA/GAG/AGG;rbs_spacer=5-10bp;gc_cont=0.559
NZ_ABEL01000005.1:173322-176867|- -           1182 2325at91347          -            955         0 1327.6   0.0   2   2   2.9e-93   2.5e-90  301.7   0.0   731   954   898  1173   880  1174 0.84 NZ_ABEL01000005.1_169 # 173322 # 176867 # -1 # ID=44_169;partial=00;start_type=ATG;rbs_motif=GGA/GAG/AGG;rbs_spacer=5-10bp;gc_cont=0.559
NZ_ABEL01000022.1:14403-16427|+   -            675 2325at91347          -            955   8.1e-26   88.2   0.4   1   3     7e-05     0.062    9.2   0.1    11    75    15    71     9    92 0.87 NZ_ABEL01000022.1_14 # 14403 # 16427 # 1 # ID=27_14;partial=00;start_type=ATG;rbs_motif=GGA/GAG/AGG;rbs_spacer=5-10bp;gc_cont=0.533
NZ_ABEL01000022.1:14403-16427|+   -            675 2325at91347          -            955   8.1e-26   88.2   0.4   2   3   3.8e-17   3.4e-14   49.8   0.0   286   524   178   408   171   431 0.75 NZ_ABEL01000022.1_14 # 14403 # 16427 # 1 # ID=27_14;partial=00;start_type=ATG;rbs_motif=GGA/GAG/AGG;rbs_spacer=5-10bp;gc_cont=0.533
NZ_ABEL01000022.1:14403-16427|+   -            675 2325at91347          -            955   8.1e-26   88.2   0.4   3   3     2e-08   1.8e-05   20.9   0.0   627   709   540   612   496   639 0.79 NZ_ABEL01000022.1_14 # 14403 # 16427 # 1 # ID=27_14;partial=00;start_type=ATG;rbs_motif=GGA/GAG/AGG;rbs_spacer=5-10bp;gc_cont=0.533
NZ_ABEL01000016.1:12563-14725|+   -            721 2325at91347          -            955   3.3e-25   86.2   0.1   1   4   2.7e-05     0.024   10.5   0.0    13    74    24    77    17   106 0.81 NZ_ABEL01000016.1_15 # 12563 # 14725 # 1 # ID=33_15;partial=00;start_type=ATG;rbs_motif=GGxGG;rbs_spacer=5-10bp;gc_cont=0.580
NZ_ABEL01000016.1:12563-14725|+   -            721 2325at91347          -            955   3.3e-25   86.2   0.1   2   4   3.4e-17   3.1e-14   49.9   0.1   273   392   170   297   160   300 0.81 NZ_ABEL01000016.1_15 # 12563 # 14725 # 1 # ID=33_15;partial=00;start_type=ATG;rbs_motif=GGxGG;rbs_spacer=5-10bp;gc_cont=0.580
NZ_ABEL01000016.1:12563-14725|+   -            721 2325at91347          -            955   3.3e-25   86.2   0.1   3   4     0.099        88   -1.3   0.0   461   542   350   431   345   445 0.79 NZ_ABEL01000016.1_15 # 12563 # 14725 # 1 # ID=33_15;partial=00;start_type=ATG;rbs_motif=GGxGG;rbs_spacer=5-10bp;gc_cont=0.580
NZ_ABEL01000016.1:12563-14725|+   -            721 2325at91347          -            955   3.3e-25   86.2   0.1   4   4   2.4e-08   2.2e-05   20.6   0.0   633   709   548   615   483   625 0.76 NZ_ABEL01000016.1_15 # 12563 # 14725 # 1 # ID=33_15;partial=00;start_type=ATG;rbs_motif=GGxGG;rbs_spacer=5-10bp;gc_cont=0.580
NZ_ABEL01000010.1:98544-100598|+  -            685 2325at91347          -            955   5.7e-13   45.7   0.1   1   3   0.00054      0.48    6.2   0.0    14    81   212   271   202   292 0.76 NZ_ABEL01000010.1_100 # 98544 # 100598 # 1 # ID=39_100;partial=00;start_type=ATG;rbs_motif=GGA/GAG/AGG;rbs_spacer=11-12bp;gc_cont=0.556
NZ_ABEL01000010.1:98544-100598|+  -            685 2325at91347          -            955   5.7e-13   45.7   0.1   2   3   1.9e-08   1.7e-05   21.0   0.0   312   389   429   513   298   520 0.80 NZ_ABEL01000010.1_100 # 98544 # 100598 # 1 # ID=39_100;partial=00;start_type=ATG;rbs_motif=GGA/GAG/AGG;rbs_spacer=11-12bp;gc_cont=0.556
NZ_ABEL01000010.1:98544-100598|+  -            685 2325at91347          -            955   5.7e-13   45.7   0.1   3   3   1.2e-06    0.0011   15.0   0.0   635   705   585   658   535   662 0.77 NZ_ABEL01000010.1_100 # 98544 # 100598 # 1 # ID=39_100;partial=00;start_type=ATG;rbs_motif=GGA/GAG/AGG;rbs_spacer=11-12bp;gc_cont=0.556
NZ_ABEL01000011.1:60491-62608|-   -            706 2325at91347          -            955   0.00038   16.5   0.0   1   2   0.00054      0.48    6.2   0.0   292   419   427   551   405   619 0.65 NZ_ABEL01000011.1_59 # 60491 # 62608 # -1 # ID=38_59;partial=00;start_type=ATG;rbs_motif=GGAGG;rbs_spacer=5-10bp;gc_cont=0.481
NZ_ABEL01000011.1:60491-62608|-   -            706 2325at91347          -            955   0.00038   16.5   0.0   2   2    0.0002      0.17    7.7   0.0   635   702   624   688   611   697 0.76 NZ_ABEL01000011.1_59 # 60491 # 62608 # -1 # ID=38_59;partial=00;start_type=ATG;rbs_motif=GGAGG;rbs_spacer=5-10bp;gc_cont=0.481
#
# Program:         hmmsearch
# Version:         3.4 (Aug 2023)
# Pipeline mode:   SEARCH
# Query file:      /Users/dizzler/Projects/School/BIOL4600-Capstone/busco_downloads/lineages/enterobacterales_odb10/hmms/2325at91347.hmm
# Target file:     reports/busco-results/data/00-reads/GCF_000171315.1_ASM17131v1_genomic.fna/prodigal_output/predicted_genes/predicted.faa
# Option settings: hmmsearch --domtblout reports/busco-results/data/00-reads/GCF_000171315.1_ASM17131v1_genomic.fna/run_enterobacterales_odb10/hmmer_output/2325at91347.out --cpu 1 /Users/dizzler/Projects/School/BIOL4600-Capstone/busco_downloads/lineages/enterobacterales_odb10/hmms/2325at91347.hmm reports/busco-results/data/00-reads/GCF_000171315.1_ASM17131v1_genomic.fna/prodigal_output/predicted_genes/predicted.faa 
# Current dir:     /Users/dizzler/Projects/School/BIOL4600-Capstone
# Date:            Sat Feb 21 22:05:58 2026
# [ok]
