#                                                                                         --- full sequence --- -------------- this domain -------------   hmm coord   ali coord   env coord
# target name                     accession   tlen query name           accession   qlen   E-value  score  bias   #  of  c-Evalue  i-Evalue  score  bias  from    to  from    to  from    to  acc description of target
#             ------------------- ---------- ----- -------------------- ---------- ----- --------- ------ ----- --- --- --------- --------- ------ ----- ----- ----- ----- ----- ----- ----- ---- ---------------------
NZ_ABEL01000004.1:57616-58695|+   -            360 44171at91347         -            296  1.9e-148  491.4   0.2   1   2    1e-125  5.1e-123  407.9   0.0     2   237    12   273    11   281 0.93 NZ_ABEL01000004.1_60 # 57616 # 58695 # 1 # ID=45_60;partial=00;start_type=ATG;rbs_motif=AGGAG;rbs_spacer=5-10bp;gc_cont=0.557
NZ_ABEL01000004.1:57616-58695|+   -            360 44171at91347         -            296  1.9e-148  491.4   0.2   2   2   1.7e-26   8.6e-24   82.2   0.1   228   296   282   354   273   354 0.87 NZ_ABEL01000004.1_60 # 57616 # 58695 # 1 # ID=45_60;partial=00;start_type=ATG;rbs_motif=AGGAG;rbs_spacer=5-10bp;gc_cont=0.557
NZ_ABEL01000001.1:450631-451725|+ -            365 44171at91347         -            296   2.9e-19   67.3   0.0   1   1   2.3e-21   1.2e-18   65.3   0.0    35   291    52   347    47   353 0.70 NZ_ABEL01000001.1_446 # 450631 # 451725 # 1 # ID=48_446;partial=00;start_type=ATG;rbs_motif=GGAGG;rbs_spacer=3-4bp;gc_cont=0.566
NZ_ABEL01000004.1:431887-433125|- -            413 44171at91347         -            296   3.8e-09   34.1   0.0   1   1   2.1e-11     1e-08   32.6   0.0    61   224   100   289    81   309 0.65 NZ_ABEL01000004.1_400 # 431887 # 433125 # -1 # ID=45_400;partial=00;start_type=ATG;rbs_motif=GGAG/GAGG;rbs_spacer=5-10bp;gc_cont=0.542
NZ_ABEL01000003.1:249213-250463|+ -            417 44171at91347         -            296   2.6e-07   28.1   0.0   1   1   7.4e-10   3.7e-07   27.6   0.0   118   205   179   272   164   327 0.78 NZ_ABEL01000003.1_215 # 249213 # 250463 # 1 # ID=46_215;partial=00;start_type=ATG;rbs_motif=None;rbs_spacer=None;gc_cont=0.531
NZ_ABEL01000001.1:409759-410919|+ -            387 44171at91347         -            296   4.7e-07   27.2   0.0   1   1     2e-09     1e-06   26.1   0.0    59   208    91   263    60   285 0.73 NZ_ABEL01000001.1_405 # 409759 # 410919 # 1 # ID=48_405;partial=00;start_type=ATG;rbs_motif=None;rbs_spacer=None;gc_cont=0.542
NZ_ABEL01000004.1:344839-346053|+ -            405 44171at91347         -            296   9.5e-07   26.2   0.0   1   1     5e-09   2.5e-06   24.9   0.0    46   195    80   254    74   258 0.63 NZ_ABEL01000004.1_315 # 344839 # 346053 # 1 # ID=45_315;partial=00;start_type=ATG;rbs_motif=GGA/GAG/AGG;rbs_spacer=5-10bp;gc_cont=0.514
NZ_ABEL01000003.1:300317-301513|- -            399 44171at91347         -            296   0.00059   17.0   0.0   1   2     0.011       5.6    4.0   0.0   138   191    25    84    18    99 0.77 NZ_ABEL01000003.1_259 # 300317 # 301513 # -1 # ID=46_259;partial=00;start_type=ATG;rbs_motif=GGAG/GAGG;rbs_spacer=5-10bp;gc_cont=0.558
NZ_ABEL01000003.1:300317-301513|- -            399 44171at91347         -            296   0.00059   17.0   0.0   2   2   9.6e-05     0.047   10.8   0.0   134   218   190   279   185   301 0.75 NZ_ABEL01000003.1_259 # 300317 # 301513 # -1 # ID=46_259;partial=00;start_type=ATG;rbs_motif=GGAG/GAGG;rbs_spacer=5-10bp;gc_cont=0.558
NZ_ABEL01000002.1:221709-222911|+ -            401 44171at91347         -            296    0.0041   14.3   0.0   1   2         1     5e+02   -2.4   0.0    57    98    85   125    71   137 0.75 NZ_ABEL01000002.1_222 # 221709 # 222911 # 1 # ID=47_222;partial=00;start_type=ATG;rbs_motif=AGGA;rbs_spacer=5-10bp;gc_cont=0.514
NZ_ABEL01000002.1:221709-222911|+ -            401 44171at91347         -            296    0.0041   14.3   0.0   2   2     2e-05    0.0099   13.0   0.0   121   191   166   247   152   264 0.72 NZ_ABEL01000002.1_222 # 221709 # 222911 # 1 # ID=47_222;partial=00;start_type=ATG;rbs_motif=AGGA;rbs_spacer=5-10bp;gc_cont=0.514
NZ_ABEL01000012.1:32409-33569|-   -            387 44171at91347         -            296      0.05   10.7   0.0   1   1   0.00015     0.073   10.2   0.0    94   162   114   182    91   218 0.80 NZ_ABEL01000012.1_26 # 32409 # 33569 # -1 # ID=37_26;partial=00;start_type=ATG;rbs_motif=AGGA;rbs_spacer=5-10bp;gc_cont=0.564
#
# Program:         hmmsearch
# Version:         3.4 (Aug 2023)
# Pipeline mode:   SEARCH
# Query file:      /Users/dizzler/Projects/School/BIOL4600-Capstone/busco_downloads/lineages/enterobacterales_odb10/hmms/44171at91347.hmm
# Target file:     reports/busco-results/data/00-reads/GCF_000171315.1_ASM17131v1_genomic.fna/prodigal_output/predicted_genes/predicted.faa
# Option settings: hmmsearch --domtblout reports/busco-results/data/00-reads/GCF_000171315.1_ASM17131v1_genomic.fna/run_enterobacterales_odb10/hmmer_output/44171at91347.out --cpu 1 /Users/dizzler/Projects/School/BIOL4600-Capstone/busco_downloads/lineages/enterobacterales_odb10/hmms/44171at91347.hmm reports/busco-results/data/00-reads/GCF_000171315.1_ASM17131v1_genomic.fna/prodigal_output/predicted_genes/predicted.faa 
# Current dir:     /Users/dizzler/Projects/School/BIOL4600-Capstone
# Date:            Sat Feb 21 22:05:58 2026
# [ok]
