#                                                                                         --- full sequence --- -------------- this domain -------------   hmm coord   ali coord   env coord
# target name                     accession   tlen query name           accession   qlen   E-value  score  bias   #  of  c-Evalue  i-Evalue  score  bias  from    to  from    to  from    to  acc description of target
#             ------------------- ---------- ----- -------------------- ---------- ----- --------- ------ ----- --- --- --------- --------- ------ ----- ----- ----- ----- ----- ----- ----- ---- ---------------------
NZ_ABEL01000004.1:155406-157439|+ -            678 4673at91347          -            557  1.2e-302 1002.5   1.9   1   3  4.8e-225  5.4e-222  736.4   0.3     1   368     6   404     6   415 0.95 NZ_ABEL01000004.1_142 # 155406 # 157439 # 1 # ID=45_142;partial=00;start_type=ATG;rbs_motif=AGxAG;rbs_spacer=11-12bp;gc_cont=0.549
NZ_ABEL01000004.1:155406-157439|+ -            678 4673at91347          -            557  1.2e-302 1002.5   1.9   2   3   2.3e-26   2.5e-23   80.5   0.0   369   431   437   510   424   548 0.81 NZ_ABEL01000004.1_142 # 155406 # 157439 # 1 # ID=45_142;partial=00;start_type=ATG;rbs_motif=AGxAG;rbs_spacer=11-12bp;gc_cont=0.549
NZ_ABEL01000004.1:155406-157439|+ -            678 4673at91347          -            557  1.2e-302 1002.5   1.9   3   3     1e-57   1.1e-54  184.0   0.0   434   557   552   677   518   677 0.90 NZ_ABEL01000004.1_142 # 155406 # 157439 # 1 # ID=45_142;partial=00;start_type=ATG;rbs_motif=AGxAG;rbs_spacer=11-12bp;gc_cont=0.549
NZ_ABEL01000008.1:183344-186178|- -            945 4673at91347          -            557   3.2e-08   30.7   0.0   1   2     1e-09   1.1e-06   25.6   0.0    10    64    58   113    49   132 0.83 NZ_ABEL01000008.1_159 # 183344 # 186178 # -1 # ID=41_159;partial=00;start_type=ATG;rbs_motif=GGA/GAG/AGG;rbs_spacer=5-10bp;gc_cont=0.548
NZ_ABEL01000008.1:183344-186178|- -            945 4673at91347          -            557   3.2e-08   30.7   0.0   2   2    0.0095        11    2.6   0.0   288   323   589   630   525   646 0.76 NZ_ABEL01000008.1_159 # 183344 # 186178 # -1 # ID=41_159;partial=00;start_type=ATG;rbs_motif=GGA/GAG/AGG;rbs_spacer=5-10bp;gc_cont=0.548
NZ_ABEL01000001.1:453979-456561|- -            861 4673at91347          -            557   1.6e-06   25.1   0.0   1   1   3.7e-09   4.1e-06   23.7   0.0     7   136    39   181    33   186 0.70 NZ_ABEL01000001.1_450 # 453979 # 456561 # -1 # ID=48_450;partial=00;start_type=ATG;rbs_motif=AGGA/GGAG/GAGG;rbs_spacer=11-12bp;gc_cont=0.557
NZ_ABEL01000011.1:90342-93197|+   -            952 4673at91347          -            557    0.0014   15.4   0.1   1   3   1.2e-06    0.0014   15.4   0.1    10    57    42    91    35   114 0.77 NZ_ABEL01000011.1_76 # 90342 # 93197 # 1 # ID=38_76;partial=00;start_type=ATG;rbs_motif=GGA/GAG/AGG;rbs_spacer=3-4bp;gc_cont=0.568
NZ_ABEL01000011.1:90342-93197|+   -            952 4673at91347          -            557    0.0014   15.4   0.1   2   3      0.12   1.4e+02   -1.1   1.6   199   231   410   440   394   532 0.64 NZ_ABEL01000011.1_76 # 90342 # 93197 # 1 # ID=38_76;partial=00;start_type=ATG;rbs_motif=GGA/GAG/AGG;rbs_spacer=3-4bp;gc_cont=0.568
NZ_ABEL01000011.1:90342-93197|+   -            952 4673at91347          -            557    0.0014   15.4   0.1   3   3     0.031        35    0.9   0.1   291   312   542   564   506   572 0.71 NZ_ABEL01000011.1_76 # 90342 # 93197 # 1 # ID=38_76;partial=00;start_type=ATG;rbs_motif=GGA/GAG/AGG;rbs_spacer=3-4bp;gc_cont=0.568
#
# Program:         hmmsearch
# Version:         3.4 (Aug 2023)
# Pipeline mode:   SEARCH
# Query file:      /Users/dizzler/Projects/School/BIOL4600-Capstone/busco_downloads/lineages/enterobacterales_odb10/hmms/4673at91347.hmm
# Target file:     reports/busco-results/data/00-reads/GCF_000171315.1_ASM17131v1_genomic.fna/prodigal_output/predicted_genes/predicted.faa
# Option settings: hmmsearch --domtblout reports/busco-results/data/00-reads/GCF_000171315.1_ASM17131v1_genomic.fna/run_enterobacterales_odb10/hmmer_output/4673at91347.out --cpu 1 /Users/dizzler/Projects/School/BIOL4600-Capstone/busco_downloads/lineages/enterobacterales_odb10/hmms/4673at91347.hmm reports/busco-results/data/00-reads/GCF_000171315.1_ASM17131v1_genomic.fna/prodigal_output/predicted_genes/predicted.faa 
# Current dir:     /Users/dizzler/Projects/School/BIOL4600-Capstone
# Date:            Sat Feb 21 22:05:58 2026
# [ok]
