#                                                                                         --- full sequence --- -------------- this domain -------------   hmm coord   ali coord   env coord
# target name                     accession   tlen query name           accession   qlen   E-value  score  bias   #  of  c-Evalue  i-Evalue  score  bias  from    to  from    to  from    to  acc description of target
#             ------------------- ---------- ----- -------------------- ---------- ----- --------- ------ ----- --- --- --------- --------- ------ ----- ----- ----- ----- ----- ----- ----- ---- ---------------------
NZ_ABEL01000001.1:734829-735797|- -            323 58708at91347         -            281  2.2e-151  500.8   0.2   1   1  2.6e-153  1.2e-150  498.4   0.2     1   280     5   316     5   317 0.93 NZ_ABEL01000001.1_710 # 734829 # 735797 # -1 # ID=48_710;partial=00;start_type=ATG;rbs_motif=GGA/GAG/AGG;rbs_spacer=3-4bp;gc_cont=0.551
NZ_ABEL01000001.1:416122-417687|+ -            522 58708at91347         -            281     3e-55  185.4   0.6   1   1   2.4e-57   1.1e-54  183.6   0.6     4   278   214   515   211   518 0.85 NZ_ABEL01000001.1_411 # 416122 # 417687 # 1 # ID=48_411;partial=00;start_type=ATG;rbs_motif=GGAG/GAGG;rbs_spacer=5-10bp;gc_cont=0.551
NZ_ABEL01000008.1:57859-59283|-   -            475 58708at91347         -            281   1.2e-07   29.2   3.3   1   2     5e-06    0.0022   15.2   0.1     2    36     6    40     5    53 0.86 NZ_ABEL01000008.1_54 # 57859 # 59283 # -1 # ID=41_54;partial=00;start_type=ATG;rbs_motif=GGAG/GAGG;rbs_spacer=5-10bp;gc_cont=0.542
NZ_ABEL01000008.1:57859-59283|-   -            475 58708at91347         -            281   1.2e-07   29.2   3.3   2   2   1.5e-05    0.0065   13.7   0.7   137   254   178   316   173   325 0.64 NZ_ABEL01000008.1_54 # 57859 # 59283 # -1 # ID=41_54;partial=00;start_type=ATG;rbs_motif=GGAG/GAGG;rbs_spacer=5-10bp;gc_cont=0.542
NZ_ABEL01000003.1:165101-166453|+ -            451 58708at91347         -            281   1.5e-07   28.9   2.2   1   2      0.89     4e+02   -2.0   0.2     2    42     4    44     3    49 0.82 NZ_ABEL01000003.1_147 # 165101 # 166453 # 1 # ID=46_147;partial=00;start_type=ATG;rbs_motif=AGGAG;rbs_spacer=5-10bp;gc_cont=0.551
NZ_ABEL01000003.1:165101-166453|+ -            451 58708at91347         -            281   1.5e-07   28.9   2.2   2   2   7.3e-10   3.3e-07   27.8   0.1    69   254   106   306    73   319 0.71 NZ_ABEL01000003.1_147 # 165101 # 166453 # 1 # ID=46_147;partial=00;start_type=ATG;rbs_motif=AGGAG;rbs_spacer=5-10bp;gc_cont=0.551
NZ_ABEL01000006.1:218963-220381|+ -            473 58708at91347         -            281   0.00012   19.3   0.2   1   3    0.0019      0.85    6.7   0.0     3    40   147   185   145   190 0.81 NZ_ABEL01000006.1_208 # 218963 # 220381 # 1 # ID=43_208;partial=00;start_type=ATG;rbs_motif=AGGA;rbs_spacer=5-10bp;gc_cont=0.562
NZ_ABEL01000006.1:218963-220381|+ -            473 58708at91347         -            281   0.00012   19.3   0.2   2   3     0.099        44    1.1   0.0   134   149   287   302   281   324 0.72 NZ_ABEL01000006.1_208 # 218963 # 220381 # 1 # ID=43_208;partial=00;start_type=ATG;rbs_motif=AGGA;rbs_spacer=5-10bp;gc_cont=0.562
NZ_ABEL01000006.1:218963-220381|+ -            473 58708at91347         -            281   0.00012   19.3   0.2   3   3   0.00095      0.42    7.7   0.0   205   278   393   470   380   472 0.70 NZ_ABEL01000006.1_208 # 218963 # 220381 # 1 # ID=43_208;partial=00;start_type=ATG;rbs_motif=AGGA;rbs_spacer=5-10bp;gc_cont=0.562
NZ_ABEL01000018.1:21192-22310|-   -            373 58708at91347         -            281    0.0025   15.1   0.1   1   1   8.3e-06    0.0037   14.5   0.1     3    31     3    31     1    44 0.86 NZ_ABEL01000018.1_26 # 21192 # 22310 # -1 # ID=31_26;partial=00;start_type=ATG;rbs_motif=GGA/GAG/AGG;rbs_spacer=5-10bp;gc_cont=0.556
NZ_ABEL01000006.1:113272-115290|+ -            673 58708at91347         -            281    0.0025   15.0   0.5   1   3       3.2   1.4e+03   -3.8   0.0    17    56    41    84    37   104 0.54 NZ_ABEL01000006.1_105 # 113272 # 115290 # 1 # ID=43_105;partial=00;start_type=ATG;rbs_motif=GGA/GAG/AGG;rbs_spacer=5-10bp;gc_cont=0.587
NZ_ABEL01000006.1:113272-115290|+ -            673 58708at91347         -            281    0.0025   15.0   0.5   2   3   7.4e-05     0.033   11.4   0.0     2    46   374   419   373   452 0.84 NZ_ABEL01000006.1_105 # 113272 # 115290 # 1 # ID=43_105;partial=00;start_type=ATG;rbs_motif=GGA/GAG/AGG;rbs_spacer=5-10bp;gc_cont=0.587
NZ_ABEL01000006.1:113272-115290|+ -            673 58708at91347         -            281    0.0025   15.0   0.5   3   3     0.099        44    1.1   0.0   135   155   496   516   494   523 0.81 NZ_ABEL01000006.1_105 # 113272 # 115290 # 1 # ID=43_105;partial=00;start_type=ATG;rbs_motif=GGA/GAG/AGG;rbs_spacer=5-10bp;gc_cont=0.587
NZ_ABEL01000004.1:187060-188301|+ -            414 58708at91347         -            281      0.01   13.0   1.9   1   2     0.008       3.6    4.7   0.0     2    20   124   142   123   165 0.81 NZ_ABEL01000004.1_173 # 187060 # 188301 # 1 # ID=45_173;partial=00;start_type=ATG;rbs_motif=AGGA;rbs_spacer=5-10bp;gc_cont=0.509
NZ_ABEL01000004.1:187060-188301|+ -            414 58708at91347         -            281      0.01   13.0   1.9   2   2    0.0011      0.49    7.5   0.5   206   280   340   409   248   410 0.81 NZ_ABEL01000004.1_173 # 187060 # 188301 # 1 # ID=45_173;partial=00;start_type=ATG;rbs_motif=AGGA;rbs_spacer=5-10bp;gc_cont=0.509
NZ_ABEL01000003.1:21199-23742|+   -            848 58708at91347         -            281     0.011   13.0   0.0   1   2   9.2e-05     0.041   11.1   0.0    88   173    96   184    70   198 0.84 NZ_ABEL01000003.1_27 # 21199 # 23742 # 1 # ID=46_27;partial=00;start_type=ATG;rbs_motif=GGAG/GAGG;rbs_spacer=5-10bp;gc_cont=0.568
NZ_ABEL01000003.1:21199-23742|+   -            848 58708at91347         -            281     0.011   13.0   0.0   2   2      0.92   4.1e+02   -2.1   0.0    63   106   203   246   186   277 0.75 NZ_ABEL01000003.1_27 # 21199 # 23742 # 1 # ID=46_27;partial=00;start_type=ATG;rbs_motif=GGAG/GAGG;rbs_spacer=5-10bp;gc_cont=0.568
NZ_ABEL01000030.1:2518-4407|-     -            630 58708at91347         -            281      0.02   12.1   0.4   1   2   0.00012     0.052   10.7   0.3     4    41     8    46     6    55 0.84 NZ_ABEL01000030.1_4 # 2518 # 4407 # -1 # ID=19_4;partial=00;start_type=ATG;rbs_motif=GGAG/GAGG;rbs_spacer=5-10bp;gc_cont=0.552
NZ_ABEL01000030.1:2518-4407|-     -            630 58708at91347         -            281      0.02   12.1   0.4   2   2       2.7   1.2e+03   -3.6   0.0   243   275   362   392   334   394 0.71 NZ_ABEL01000030.1_4 # 2518 # 4407 # -1 # ID=19_4;partial=00;start_type=ATG;rbs_motif=GGAG/GAGG;rbs_spacer=5-10bp;gc_cont=0.552
#
# Program:         hmmsearch
# Version:         3.4 (Aug 2023)
# Pipeline mode:   SEARCH
# Query file:      /Users/dizzler/Projects/School/BIOL4600-Capstone/busco_downloads/lineages/enterobacterales_odb10/hmms/58708at91347.hmm
# Target file:     reports/busco-results/data/00-reads/GCF_000171315.1_ASM17131v1_genomic.fna/prodigal_output/predicted_genes/predicted.faa
# Option settings: hmmsearch --domtblout reports/busco-results/data/00-reads/GCF_000171315.1_ASM17131v1_genomic.fna/run_enterobacterales_odb10/hmmer_output/58708at91347.out --cpu 1 /Users/dizzler/Projects/School/BIOL4600-Capstone/busco_downloads/lineages/enterobacterales_odb10/hmms/58708at91347.hmm reports/busco-results/data/00-reads/GCF_000171315.1_ASM17131v1_genomic.fna/prodigal_output/predicted_genes/predicted.faa 
# Current dir:     /Users/dizzler/Projects/School/BIOL4600-Capstone
# Date:            Sat Feb 21 22:05:59 2026
# [ok]
