#                                                                                         --- full sequence --- -------------- this domain -------------   hmm coord   ali coord   env coord
# target name                     accession   tlen query name           accession   qlen   E-value  score  bias   #  of  c-Evalue  i-Evalue  score  bias  from    to  from    to  from    to  acc description of target
#             ------------------- ---------- ----- -------------------- ---------- ----- --------- ------ ----- --- --- --------- --------- ------ ----- ----- ----- ----- ----- ----- ----- ---- ---------------------
NZ_ABEL01000014.1:91406-92434|+   -            343 63025at91347         -            277  1.2e-124  413.0   0.0   1   2     2e-42   6.3e-40  135.1   0.0     1   114     1   145     1   151 0.82 NZ_ABEL01000014.1_88 # 91406 # 92434 # 1 # ID=35_88;partial=00;start_type=ATG;rbs_motif=AGGAG;rbs_spacer=5-10bp;gc_cont=0.571
NZ_ABEL01000014.1:91406-92434|+   -            343 63025at91347         -            277  1.2e-124  413.0   0.0   2   2   2.3e-84   7.3e-82  272.7   0.0   113   277   165   334   160   334 0.97 NZ_ABEL01000014.1_88 # 91406 # 92434 # 1 # ID=35_88;partial=00;start_type=ATG;rbs_motif=AGGAG;rbs_spacer=5-10bp;gc_cont=0.571
NZ_ABEL01000006.1:115371-116507|- -            379 63025at91347         -            277   9.2e-31  105.0   0.0   1   1   5.3e-33   1.7e-30  104.2   0.0   114   277   198   371   194   371 0.91 NZ_ABEL01000006.1_106 # 115371 # 116507 # -1 # ID=43_106;partial=00;start_type=ATG;rbs_motif=AGGAGG;rbs_spacer=3-4bp;gc_cont=0.536
NZ_ABEL01000002.1:459059-459892|- -            278 63025at91347         -            277   1.4e-10   38.9   0.0   1   1   6.3e-13     2e-10   38.3   0.0   142   217   111   188   105   195 0.87 NZ_ABEL01000002.1_439 # 459059 # 459892 # -1 # ID=47_439;partial=00;start_type=ATG;rbs_motif=AGxAGG/AGGxGG;rbs_spacer=3-4bp;gc_cont=0.584
NZ_ABEL01000004.1:398519-399451|- -            311 63025at91347         -            277   1.7e-10   38.6   0.0   1   1     8e-13   2.5e-10   38.0   0.0   136   217   128   212   123   218 0.91 NZ_ABEL01000004.1_369 # 398519 # 399451 # -1 # ID=45_369;partial=00;start_type=GTG;rbs_motif=GGAGG;rbs_spacer=5-10bp;gc_cont=0.539
NZ_ABEL01000026.1:13544-14281|+   -            246 63025at91347         -            277   1.7e-06   25.5   0.0   1   1   8.4e-09   2.7e-06   24.8   0.0   142   217    46   127    36   160 0.83 NZ_ABEL01000026.1_14 # 13544 # 14281 # 1 # ID=23_14;partial=00;start_type=ATG;rbs_motif=GGA/GAG/AGG;rbs_spacer=5-10bp;gc_cont=0.537
NZ_ABEL01000031.1:12078-12959|-   -            294 63025at91347         -            277   0.00017   18.9   0.0   1   1     8e-07   0.00025   18.3   0.0   142   190   160   207   155   213 0.85 NZ_ABEL01000031.1_10 # 12078 # 12959 # -1 # ID=18_10;partial=00;start_type=ATG;rbs_motif=GGA/GAG/AGG;rbs_spacer=5-10bp;gc_cont=0.561
NZ_ABEL01000001.1:636150-637076|+ -            309 63025at91347         -            277   0.00017   18.9   0.0   1   1   9.2e-07   0.00029   18.1   0.0   141   219   104   192    83   198 0.83 NZ_ABEL01000001.1_615 # 636150 # 637076 # 1 # ID=48_615;partial=00;start_type=ATG;rbs_motif=AGGAG;rbs_spacer=5-10bp;gc_cont=0.546
NZ_ABEL01000002.1:519271-520080|- -            270 63025at91347         -            277    0.0015   15.8   0.0   1   1   6.8e-06    0.0022   15.3   0.0   142   185    87   130    76   138 0.89 NZ_ABEL01000002.1_498 # 519271 # 520080 # -1 # ID=47_498;partial=00;start_type=ATG;rbs_motif=GGAG/GAGG;rbs_spacer=5-10bp;gc_cont=0.562
NZ_ABEL01000004.1:285964-286692|+ -            243 63025at91347         -            277     0.002   15.4   0.0   1   1   8.3e-06    0.0026   15.0   0.0   140   165    56    81    54   125 0.82 NZ_ABEL01000004.1_262 # 285964 # 286692 # 1 # ID=45_262;partial=00;start_type=ATG;rbs_motif=3Base/5BMM;rbs_spacer=13-15bp;gc_cont=0.543
NZ_ABEL01000002.1:89556-90704|-   -            383 63025at91347         -            277    0.0055   13.9   0.0   1   1   2.8e-05     0.009   13.2   0.0   143   215   170   238   162   258 0.81 NZ_ABEL01000002.1_90 # 89556 # 90704 # -1 # ID=47_90;partial=00;start_type=ATG;rbs_motif=GGAG/GAGG;rbs_spacer=5-10bp;gc_cont=0.487
NZ_ABEL01000011.1:55027-56652|+   -            542 63025at91347         -            277    0.0056   13.9   0.0   1   2   4.9e-05     0.015   12.5   0.0   143   246    68   169    65   177 0.84 NZ_ABEL01000011.1_53 # 55027 # 56652 # 1 # ID=38_53;partial=00;start_type=ATG;rbs_motif=AGGAG;rbs_spacer=5-10bp;gc_cont=0.548
NZ_ABEL01000011.1:55027-56652|+   -            542 63025at91347         -            277    0.0056   13.9   0.0   2   2       1.6   5.2e+02   -2.4   0.0   143   154   332   343   330   350 0.81 NZ_ABEL01000011.1_53 # 55027 # 56652 # 1 # ID=38_53;partial=00;start_type=ATG;rbs_motif=AGGAG;rbs_spacer=5-10bp;gc_cont=0.548
NZ_ABEL01000016.1:34317-35072|+   -            252 63025at91347         -            277     0.011   12.9   0.0   1   1   5.4e-05     0.017   12.3   0.0   143   193    66   117    61   167 0.91 NZ_ABEL01000016.1_34 # 34317 # 35072 # 1 # ID=33_34;partial=00;start_type=ATG;rbs_motif=AGxAGG/AGGxGG;rbs_spacer=5-10bp;gc_cont=0.481
NZ_ABEL01000012.1:3124-4224|+     -            367 63025at91347         -            277     0.022   12.0   0.0   1   1   0.00013     0.041   11.1   0.0   141   191   211   259   204   267 0.88 NZ_ABEL01000012.1_3 # 3124 # 4224 # 1 # ID=37_3;partial=00;start_type=ATG;rbs_motif=AGGA;rbs_spacer=5-10bp;gc_cont=0.520
NZ_ABEL01000001.1:4509-5279|+     -            257 63025at91347         -            277     0.041   11.1   0.0   1   1   0.00022     0.068   10.3   0.0   141   166    45    70    31   130 0.79 NZ_ABEL01000001.1_5 # 4509 # 5279 # 1 # ID=48_5;partial=00;start_type=ATG;rbs_motif=AGxAGG/AGGxGG;rbs_spacer=5-10bp;gc_cont=0.524
#
# Program:         hmmsearch
# Version:         3.4 (Aug 2023)
# Pipeline mode:   SEARCH
# Query file:      /Users/dizzler/Projects/School/BIOL4600-Capstone/busco_downloads/lineages/enterobacterales_odb10/hmms/63025at91347.hmm
# Target file:     reports/busco-results/data/00-reads/GCF_000171315.1_ASM17131v1_genomic.fna/prodigal_output/predicted_genes/predicted.faa
# Option settings: hmmsearch --domtblout reports/busco-results/data/00-reads/GCF_000171315.1_ASM17131v1_genomic.fna/run_enterobacterales_odb10/hmmer_output/63025at91347.out --cpu 1 /Users/dizzler/Projects/School/BIOL4600-Capstone/busco_downloads/lineages/enterobacterales_odb10/hmms/63025at91347.hmm reports/busco-results/data/00-reads/GCF_000171315.1_ASM17131v1_genomic.fna/prodigal_output/predicted_genes/predicted.faa 
# Current dir:     /Users/dizzler/Projects/School/BIOL4600-Capstone
# Date:            Sat Feb 21 22:05:59 2026
# [ok]
