#                                                                                         --- full sequence --- -------------- this domain -------------   hmm coord   ali coord   env coord
# target name                     accession   tlen query name           accession   qlen   E-value  score  bias   #  of  c-Evalue  i-Evalue  score  bias  from    to  from    to  from    to  acc description of target
#             ------------------- ---------- ----- -------------------- ---------- ----- --------- ------ ----- --- --- --------- --------- ------ ----- ----- ----- ----- ----- ----- ----- ---- ---------------------
NZ_ABEL01000037.1:180-914|-       -            245 67620at91347         -            204  4.6e-100  331.4   9.3   1   1  7.9e-100   2.3e-97  322.6   9.3     1   204     6   243     6   243 0.90 NZ_ABEL01000037.1_1 # 180 # 914 # -1 # ID=12_1;partial=00;start_type=ATG;rbs_motif=GGAG/GAGG;rbs_spacer=5-10bp;gc_cont=0.506
NZ_ABEL01000007.1:24666-25457|-   -            264 67620at91347         -            204   3.8e-47  158.6   0.4   1   2   0.00042      0.12   10.0   0.0     1    21     7    27     7    49 0.89 NZ_ABEL01000007.1_27 # 24666 # 25457 # -1 # ID=42_27;partial=00;start_type=ATG;rbs_motif=AGGAG;rbs_spacer=5-10bp;gc_cont=0.538
NZ_ABEL01000007.1:24666-25457|-   -            264 67620at91347         -            204   3.8e-47  158.6   0.4   2   2   5.1e-44   1.5e-41  140.3   0.1    42   202    75   253    56   255 0.86 NZ_ABEL01000007.1_27 # 24666 # 25457 # -1 # ID=42_27;partial=00;start_type=ATG;rbs_motif=AGGAG;rbs_spacer=5-10bp;gc_cont=0.538
NZ_ABEL01000011.1:82261-83025|+   -            255 67620at91347         -            204   2.1e-43  146.4   1.6   1   2     0.012       3.6    5.2   0.3     2    23    11    32    10    61 0.68 NZ_ABEL01000011.1_69 # 82261 # 83025 # 1 # ID=38_69;partial=00;start_type=ATG;rbs_motif=GGA/GAG/AGG;rbs_spacer=5-10bp;gc_cont=0.533
NZ_ABEL01000011.1:82261-83025|+   -            255 67620at91347         -            204   2.1e-43  146.4   1.6   2   2   5.3e-44   1.6e-41  140.3   0.1    21   203    57   251    46   252 0.89 NZ_ABEL01000011.1_69 # 82261 # 83025 # 1 # ID=38_69;partial=00;start_type=ATG;rbs_motif=GGA/GAG/AGG;rbs_spacer=5-10bp;gc_cont=0.533
NZ_ABEL01000005.1:204789-205550|- -            254 67620at91347         -            204   3.9e-40  135.7   2.8   1   2     0.081        24    2.5   0.2     1    21    11    31    11    56 0.79 NZ_ABEL01000005.1_192 # 204789 # 205550 # -1 # ID=44_192;partial=00;start_type=ATG;rbs_motif=AGGA;rbs_spacer=5-10bp;gc_cont=0.526
NZ_ABEL01000005.1:204789-205550|- -            254 67620at91347         -            204   3.9e-40  135.7   2.8   2   2   9.8e-42   2.9e-39  132.9   0.3    39   202    75   250    47   252 0.87 NZ_ABEL01000005.1_192 # 204789 # 205550 # -1 # ID=44_192;partial=00;start_type=ATG;rbs_motif=AGGA;rbs_spacer=5-10bp;gc_cont=0.526
NZ_ABEL01000005.1:222015-222767|- -            251 67620at91347         -            204   4.6e-40  135.5   2.4   1   2   9.1e-06    0.0027   15.4   0.2     1    44     7    54     7    65 0.79 NZ_ABEL01000005.1_209 # 222015 # 222767 # -1 # ID=44_209;partial=00;start_type=ATG;rbs_motif=AGGAG;rbs_spacer=5-10bp;gc_cont=0.452
NZ_ABEL01000005.1:222015-222767|- -            251 67620at91347         -            204   4.6e-40  135.5   2.4   2   2     1e-37     3e-35  119.8   0.4    41   202    72   247    43   249 0.82 NZ_ABEL01000005.1_209 # 222015 # 222767 # -1 # ID=44_209;partial=00;start_type=ATG;rbs_motif=AGGAG;rbs_spacer=5-10bp;gc_cont=0.452
NZ_ABEL01000004.1:173669-174430|- -            254 67620at91347         -            204   7.3e-39  131.6   0.1   1   2     0.015       4.3    4.9   0.1     1    22     3    24     3    57 0.81 NZ_ABEL01000004.1_159 # 173669 # 174430 # -1 # ID=45_159;partial=00;start_type=ATG;rbs_motif=GGAG/GAGG;rbs_spacer=5-10bp;gc_cont=0.550
NZ_ABEL01000004.1:173669-174430|- -            254 67620at91347         -            204   7.3e-39  131.6   0.1   2   2   3.1e-39   9.3e-37  124.7   0.0    42   203    73   244    60   245 0.89 NZ_ABEL01000004.1_159 # 173669 # 174430 # -1 # ID=45_159;partial=00;start_type=ATG;rbs_motif=GGAG/GAGG;rbs_spacer=5-10bp;gc_cont=0.550
NZ_ABEL01000002.1:354853-355566|+ -            238 67620at91347         -            204   5.1e-31  105.9   0.0   1   1   8.7e-32   2.6e-29  100.4   0.0     3   200     9   233     7   236 0.76 NZ_ABEL01000002.1_341 # 354853 # 355566 # 1 # ID=47_341;partial=00;start_type=ATG;rbs_motif=AGGA;rbs_spacer=5-10bp;gc_cont=0.574
NZ_ABEL01000001.1:404789-405544|+ -            252 67620at91347         -            204   8.5e-31  105.2   0.3   1   2     3e-24   8.8e-22   75.8   0.2     1   162     9   188     9   193 0.83 NZ_ABEL01000001.1_400 # 404789 # 405544 # 1 # ID=48_400;partial=00;start_type=ATG;rbs_motif=None;rbs_spacer=None;gc_cont=0.589
NZ_ABEL01000001.1:404789-405544|+ -            252 67620at91347         -            204   8.5e-31  105.2   0.3   2   2   5.3e-09   1.6e-06   26.0   0.0   164   202   209   247   199   249 0.92 NZ_ABEL01000001.1_400 # 404789 # 405544 # 1 # ID=48_400;partial=00;start_type=ATG;rbs_motif=None;rbs_spacer=None;gc_cont=0.589
NZ_ABEL01000034.1:10-789|-        -            260 67620at91347         -            204   1.6e-28   97.8   0.0   1   2   3.3e-22   9.8e-20   69.1   0.0    39   171    71   205    39   215 0.83 NZ_ABEL01000034.1_1 # 10 # 789 # -1 # ID=15_1;partial=00;start_type=ATG;rbs_motif=AGGAG;rbs_spacer=5-10bp;gc_cont=0.551
NZ_ABEL01000034.1:10-789|-        -            260 67620at91347         -            204   1.6e-28   97.8   0.0   2   2   2.6e-09   7.8e-07   27.0   0.0   161   204   215   258   205   258 0.92 NZ_ABEL01000034.1_1 # 10 # 789 # -1 # ID=15_1;partial=00;start_type=ATG;rbs_motif=AGGAG;rbs_spacer=5-10bp;gc_cont=0.551
NZ_ABEL01000006.1:45600-46484|+   -            295 67620at91347         -            204   3.2e-25   87.0   0.0   1   2     0.024       7.2    4.2   0.1     3    19    52    68    50   106 0.77 NZ_ABEL01000006.1_43 # 45600 # 46484 # 1 # ID=43_43;partial=00;start_type=ATG;rbs_motif=GGAG/GAGG;rbs_spacer=5-10bp;gc_cont=0.567
NZ_ABEL01000006.1:45600-46484|+   -            295 67620at91347         -            204   3.2e-25   87.0   0.0   2   2   1.1e-25   3.4e-23   80.4   0.0    45   203   124   292    93   293 0.84 NZ_ABEL01000006.1_43 # 45600 # 46484 # 1 # ID=43_43;partial=00;start_type=ATG;rbs_motif=GGAG/GAGG;rbs_spacer=5-10bp;gc_cont=0.567
NZ_ABEL01000002.1:401223-401984|+ -            254 67620at91347         -            204   1.4e-23   81.6   0.0   1   2   0.00025     0.073   10.7   0.1     1    38    13    53    13    72 0.76 NZ_ABEL01000002.1_385 # 401223 # 401984 # 1 # ID=47_385;partial=00;start_type=ATG;rbs_motif=AGGAG;rbs_spacer=5-10bp;gc_cont=0.568
NZ_ABEL01000002.1:401223-401984|+ -            254 67620at91347         -            204   1.4e-23   81.6   0.0   2   2   3.1e-22   9.3e-20   69.2   0.0    41   199    84   244    70   248 0.87 NZ_ABEL01000002.1_385 # 401223 # 401984 # 1 # ID=47_385;partial=00;start_type=ATG;rbs_motif=AGGAG;rbs_spacer=5-10bp;gc_cont=0.568
NZ_ABEL01000002.1:174143-174889|- -            249 67620at91347         -            204   7.5e-23   79.3   0.1   1   2    0.0002     0.058   11.1   0.0     2    37     2    40     1    44 0.87 NZ_ABEL01000002.1_172 # 174143 # 174889 # -1 # ID=47_172;partial=00;start_type=ATG;rbs_motif=GGAG/GAGG;rbs_spacer=5-10bp;gc_cont=0.534
NZ_ABEL01000002.1:174143-174889|- -            249 67620at91347         -            204   7.5e-23   79.3   0.1   2   2   1.3e-21   3.9e-19   67.2   0.0    16   155    40   181    38   221 0.87 NZ_ABEL01000002.1_172 # 174143 # 174889 # -1 # ID=47_172;partial=00;start_type=ATG;rbs_motif=GGAG/GAGG;rbs_spacer=5-10bp;gc_cont=0.534
NZ_ABEL01000001.1:309814-310584|- -            257 67620at91347         -            204   9.7e-18   62.6   0.0   1   1   8.3e-19   2.5e-16   58.0   0.0    53   165    78   190     3   205 0.87 NZ_ABEL01000001.1_309 # 309814 # 310584 # -1 # ID=48_309;partial=00;start_type=ATG;rbs_motif=GGA/GAG/AGG;rbs_spacer=5-10bp;gc_cont=0.549
NZ_ABEL01000002.1:378990-379778|+ -            263 67620at91347         -            204   6.5e-08   30.5   0.1   1   1   3.5e-10     1e-07   29.8   0.1   123   202   161   251   118   253 0.84 NZ_ABEL01000002.1_365 # 378990 # 379778 # 1 # ID=47_365;partial=00;start_type=ATG;rbs_motif=AGGA;rbs_spacer=5-10bp;gc_cont=0.541
NZ_ABEL01000001.1:347572-348438|- -            289 67620at91347         -            204      0.02   12.5   0.0   1   1   0.00017     0.049   11.3   0.0   130   192   191   257   182   263 0.87 NZ_ABEL01000001.1_347 # 347572 # 348438 # -1 # ID=48_347;partial=00;start_type=ATG;rbs_motif=GGA/GAG/AGG;rbs_spacer=11-12bp;gc_cont=0.550
#
# Program:         hmmsearch
# Version:         3.4 (Aug 2023)
# Pipeline mode:   SEARCH
# Query file:      /Users/dizzler/Projects/School/BIOL4600-Capstone/busco_downloads/lineages/enterobacterales_odb10/hmms/67620at91347.hmm
# Target file:     reports/busco-results/data/00-reads/GCF_000171315.1_ASM17131v1_genomic.fna/prodigal_output/predicted_genes/predicted.faa
# Option settings: hmmsearch --domtblout reports/busco-results/data/00-reads/GCF_000171315.1_ASM17131v1_genomic.fna/run_enterobacterales_odb10/hmmer_output/67620at91347.out --cpu 1 /Users/dizzler/Projects/School/BIOL4600-Capstone/busco_downloads/lineages/enterobacterales_odb10/hmms/67620at91347.hmm reports/busco-results/data/00-reads/GCF_000171315.1_ASM17131v1_genomic.fna/prodigal_output/predicted_genes/predicted.faa 
# Current dir:     /Users/dizzler/Projects/School/BIOL4600-Capstone
# Date:            Sat Feb 21 22:05:59 2026
# [ok]
