#                                                                                         --- full sequence --- -------------- this domain -------------   hmm coord   ali coord   env coord
# target name                     accession   tlen query name           accession   qlen   E-value  score  bias   #  of  c-Evalue  i-Evalue  score  bias  from    to  from    to  from    to  acc description of target
#             ------------------- ---------- ----- -------------------- ---------- ----- --------- ------ ----- --- --- --------- --------- ------ ----- ----- ----- ----- ----- ----- ----- ---- ---------------------
NZ_ABFG01000008.1:281815-283185|+ -            457 47034at91347         -            399  1.1e-197  654.9   0.6   1   1  2.6e-200  1.3e-197  654.6   0.6     1   394     7   443     7   454 0.92 NZ_ABFG01000008.1_251 # 281815 # 283185 # 1 # ID=43_251;partial=00;start_type=ATG;rbs_motif=AGGA;rbs_spacer=5-10bp;gc_cont=0.532
NZ_ABFG01000023.1:19959-20513|-   -            185 47034at91347         -            399   3.8e-06   24.1   4.8   1   2   2.9e-06    0.0014   15.6   5.8   248   361    15   126    12   126 0.81 NZ_ABFG01000023.1_36 # 19959 # 20513 # -1 # ID=28_36;partial=00;start_type=ATG;rbs_motif=GGAG/GAGG;rbs_spacer=5-10bp;gc_cont=0.503
NZ_ABFG01000023.1:19959-20513|-   -            185 47034at91347         -            399   3.8e-06   24.1   4.8   2   2   7.2e-07   0.00036   17.6   0.8   228   279    81   132    76   181 0.85 NZ_ABFG01000023.1_36 # 19959 # 20513 # -1 # ID=28_36;partial=00;start_type=ATG;rbs_motif=GGAG/GAGG;rbs_spacer=5-10bp;gc_cont=0.503
NZ_ABFG01000001.1:124085-124573|+ -            163 47034at91347         -            399   9.3e-06   22.8   3.8   1   2     0.003       1.5    5.7   0.1   223   262    59   100    40   107 0.66 NZ_ABFG01000001.1_110 # 124085 # 124573 # 1 # ID=50_110;partial=00;start_type=ATG;rbs_motif=GGxGG;rbs_spacer=5-10bp;gc_cont=0.560
NZ_ABFG01000001.1:124085-124573|+ -            163 47034at91347         -            399   9.3e-06   22.8   3.8   2   2   4.3e-07   0.00021   18.4   0.7   230   265   111   146   103   158 0.89 NZ_ABFG01000001.1_110 # 124085 # 124573 # 1 # ID=50_110;partial=00;start_type=ATG;rbs_motif=GGxGG;rbs_spacer=5-10bp;gc_cont=0.560
NZ_ABFG01000012.1:15625-16449|+   -            275 47034at91347         -            399   4.9e-05   20.4   0.4   1   1   1.3e-07   6.7e-05   20.0   0.4   310   392   133   218   103   223 0.79 NZ_ABFG01000012.1_14 # 15625 # 16449 # 1 # ID=39_14;partial=00;start_type=ATG;rbs_motif=GGA/GAG/AGG;rbs_spacer=5-10bp;gc_cont=0.533
NZ_ABFG01000001.1:484177-485085|+ -            303 47034at91347         -            399    0.0012   15.9   0.1   1   3   0.00015     0.074   10.0   0.0     3    38    12    50    10    74 0.75 NZ_ABFG01000001.1_471 # 484177 # 485085 # 1 # ID=50_471;partial=00;start_type=ATG;rbs_motif=AGGAG;rbs_spacer=5-10bp;gc_cont=0.495
NZ_ABFG01000001.1:484177-485085|+ -            303 47034at91347         -            399    0.0012   15.9   0.1   2   3     0.015       7.3    3.4   0.0    53    90   104   141    78   187 0.74 NZ_ABFG01000001.1_471 # 484177 # 485085 # 1 # ID=50_471;partial=00;start_type=ATG;rbs_motif=AGGAG;rbs_spacer=5-10bp;gc_cont=0.495
NZ_ABFG01000001.1:484177-485085|+ -            303 47034at91347         -            399    0.0012   15.9   0.1   3   3      0.77   3.9e+02   -2.2   0.0   161   184   237   260   214   274 0.83 NZ_ABFG01000001.1_471 # 484177 # 485085 # 1 # ID=50_471;partial=00;start_type=ATG;rbs_motif=AGGAG;rbs_spacer=5-10bp;gc_cont=0.495
NZ_ABFG01000001.1:147932-148705|+ -            258 47034at91347         -            399    0.0041   14.1   0.1   1   2   3.3e-05     0.016   12.1   0.0     2    41     3    45     2    62 0.87 NZ_ABFG01000001.1_132 # 147932 # 148705 # 1 # ID=50_132;partial=00;start_type=ATG;rbs_motif=GGAG/GAGG;rbs_spacer=5-10bp;gc_cont=0.435
NZ_ABFG01000001.1:147932-148705|+ -            258 47034at91347         -            399    0.0041   14.1   0.1   2   2      0.21     1e+02   -0.4   0.0    55    86    97   129    74   154 0.76 NZ_ABFG01000001.1_132 # 147932 # 148705 # 1 # ID=50_132;partial=00;start_type=ATG;rbs_motif=GGAG/GAGG;rbs_spacer=5-10bp;gc_cont=0.435
NZ_ABFG01000005.1:152492-153202|+ -            237 47034at91347         -            399    0.0048   13.9   0.0   1   1   1.4e-05    0.0072   13.3   0.0     3    37    11    45     9    58 0.91 NZ_ABFG01000005.1_130 # 152492 # 153202 # 1 # ID=46_130;partial=00;start_type=ATG;rbs_motif=GGA/GAG/AGG;rbs_spacer=5-10bp;gc_cont=0.579
NZ_ABFG01000001.1:142204-143097|+ -            298 47034at91347         -            399     0.014   12.4   0.2   1   3    0.0018       0.9    6.4   0.2     3    37     7    44     5    67 0.77 NZ_ABFG01000001.1_126 # 142204 # 143097 # 1 # ID=50_126;partial=00;start_type=ATG;rbs_motif=AGxAGG/AGGxGG;rbs_spacer=5-10bp;gc_cont=0.517
NZ_ABFG01000001.1:142204-143097|+ -            298 47034at91347         -            399     0.014   12.4   0.2   2   3      0.05        25    1.7   0.0    53    87    99   133    87   152 0.86 NZ_ABFG01000001.1_126 # 142204 # 143097 # 1 # ID=50_126;partial=00;start_type=ATG;rbs_motif=AGxAGG/AGGxGG;rbs_spacer=5-10bp;gc_cont=0.517
NZ_ABFG01000001.1:142204-143097|+ -            298 47034at91347         -            399     0.014   12.4   0.2   3   3      0.13        64    0.3   0.0   117   155   184   224   160   259 0.64 NZ_ABFG01000001.1_126 # 142204 # 143097 # 1 # ID=50_126;partial=00;start_type=ATG;rbs_motif=AGxAGG/AGGxGG;rbs_spacer=5-10bp;gc_cont=0.517
NZ_ABFG01000008.1:153184-153768|+ -            195 47034at91347         -            399     0.019   11.9   0.0   1   1   4.1e-05      0.02   11.8   0.0     3    38    10    44     8   123 0.77 NZ_ABFG01000008.1_139 # 153184 # 153768 # 1 # ID=43_139;partial=00;start_type=GTG;rbs_motif=GGAG/GAGG;rbs_spacer=5-10bp;gc_cont=0.554
#
# Program:         hmmsearch
# Version:         3.4 (Aug 2023)
# Pipeline mode:   SEARCH
# Query file:      /Users/dizzler/Projects/School/BIOL4600-Capstone/busco_downloads/lineages/enterobacterales_odb10/hmms/47034at91347.hmm
# Target file:     reports/busco-results/data/00-reads/GCF_000171515.1_ASM17151v1_genomic.fna/prodigal_output/predicted_genes/predicted.faa
# Option settings: hmmsearch --domtblout reports/busco-results/data/00-reads/GCF_000171515.1_ASM17151v1_genomic.fna/run_enterobacterales_odb10/hmmer_output/47034at91347.out --cpu 1 /Users/dizzler/Projects/School/BIOL4600-Capstone/busco_downloads/lineages/enterobacterales_odb10/hmms/47034at91347.hmm reports/busco-results/data/00-reads/GCF_000171515.1_ASM17151v1_genomic.fna/prodigal_output/predicted_genes/predicted.faa 
# Current dir:     /Users/dizzler/Projects/School/BIOL4600-Capstone
# Date:            Sat Feb 21 22:06:29 2026
# [ok]
