#                                                                                         --- full sequence --- -------------- this domain -------------   hmm coord   ali coord   env coord
# target name                     accession   tlen query name           accession   qlen   E-value  score  bias   #  of  c-Evalue  i-Evalue  score  bias  from    to  from    to  from    to  acc description of target
#             ------------------- ---------- ----- -------------------- ---------- ----- --------- ------ ----- --- --- --------- --------- ------ ----- ----- ----- ----- ----- ----- ----- ---- ---------------------
NZ_ABFG01000006.1:99124-101958|-  -            945 5062at91347          -            785         0 1252.7   0.0   1   3  1.5e-113  1.3e-110  368.5   0.0     1   203     1   213     1   219 0.97 NZ_ABFG01000006.1_87 # 99124 # 101958 # -1 # ID=45_87;partial=00;start_type=ATG;rbs_motif=GGA/GAG/AGG;rbs_spacer=5-10bp;gc_cont=0.550
NZ_ABFG01000006.1:99124-101958|-  -            945 5062at91347          -            785         0 1252.7   0.0   2   3  2.6e-261  2.4e-258  857.1   0.0   204   750   236   857   234   878 0.89 NZ_ABFG01000006.1_87 # 99124 # 101958 # -1 # ID=45_87;partial=00;start_type=ATG;rbs_motif=GGA/GAG/AGG;rbs_spacer=5-10bp;gc_cont=0.550
NZ_ABFG01000006.1:99124-101958|-  -            945 5062at91347          -            785         0 1252.7   0.0   3   3   4.9e-09   4.4e-06   22.8   0.2   753   785   903   943   886   943 0.80 NZ_ABFG01000006.1_87 # 99124 # 101958 # -1 # ID=45_87;partial=00;start_type=ATG;rbs_motif=GGA/GAG/AGG;rbs_spacer=5-10bp;gc_cont=0.550
NZ_ABFG01000006.1:280123-282978|+ -            952 5062at91347          -            785   5.1e-50  168.2   1.7   1   2   7.2e-44   6.5e-41  138.0   1.9    41   537    29   570     8   574 0.73 NZ_ABFG01000006.1_248 # 280123 # 282978 # 1 # ID=45_248;partial=00;start_type=ATG;rbs_motif=GGA/GAG/AGG;rbs_spacer=3-4bp;gc_cont=0.567
NZ_ABFG01000006.1:280123-282978|+ -            952 5062at91347          -            785   5.1e-50  168.2   1.7   2   2   4.8e-09   4.3e-06   22.9   0.0   536   679   606   766   582   779 0.75 NZ_ABFG01000006.1_248 # 280123 # 282978 # 1 # ID=45_248;partial=00;start_type=ATG;rbs_motif=GGA/GAG/AGG;rbs_spacer=3-4bp;gc_cont=0.567
NZ_ABFG01000016.1:43537-46119|+   -            861 5062at91347          -            785   3.9e-34  115.6   5.0   1   6   1.1e-18     1e-15   54.7   0.0    42   190    30   171    10   174 0.87 NZ_ABFG01000016.1_37 # 43537 # 46119 # 1 # ID=35_37;partial=00;start_type=ATG;rbs_motif=AGGA/GGAG/GAGG;rbs_spacer=11-12bp;gc_cont=0.557
NZ_ABFG01000016.1:43537-46119|+   -            861 5062at91347          -            785   3.9e-34  115.6   5.0   2   6   0.00027      0.24    7.2   1.0   345   367   175   197   172   226 0.80 NZ_ABFG01000016.1_37 # 43537 # 46119 # 1 # ID=35_37;partial=00;start_type=ATG;rbs_motif=AGGA/GGAG/GAGG;rbs_spacer=11-12bp;gc_cont=0.557
NZ_ABFG01000016.1:43537-46119|+   -            861 5062at91347          -            785   3.9e-34  115.6   5.0   3   6   1.5e-07   0.00013   18.0   0.0   255   301   310   359   267   373 0.87 NZ_ABFG01000016.1_37 # 43537 # 46119 # 1 # ID=35_37;partial=00;start_type=ATG;rbs_motif=AGGA/GGAG/GAGG;rbs_spacer=11-12bp;gc_cont=0.557
NZ_ABFG01000016.1:43537-46119|+   -            861 5062at91347          -            785   3.9e-34  115.6   5.0   4   6   4.1e-06    0.0037   13.2   0.0   397   417   417   437   406   505 0.79 NZ_ABFG01000016.1_37 # 43537 # 46119 # 1 # ID=35_37;partial=00;start_type=ATG;rbs_motif=AGGA/GGAG/GAGG;rbs_spacer=11-12bp;gc_cont=0.557
NZ_ABFG01000016.1:43537-46119|+   -            861 5062at91347          -            785   3.9e-34  115.6   5.0   5   6   6.3e-08   5.7e-05   19.2   0.0   519   550   617   648   574   690 0.86 NZ_ABFG01000016.1_37 # 43537 # 46119 # 1 # ID=35_37;partial=00;start_type=ATG;rbs_motif=AGGA/GGAG/GAGG;rbs_spacer=11-12bp;gc_cont=0.557
NZ_ABFG01000016.1:43537-46119|+   -            861 5062at91347          -            785   3.9e-34  115.6   5.0   6   6      0.47   4.2e+02   -3.5   0.0   654   680   752   778   730   783 0.84 NZ_ABFG01000016.1_37 # 43537 # 46119 # 1 # ID=35_37;partial=00;start_type=ATG;rbs_motif=AGGA/GGAG/GAGG;rbs_spacer=11-12bp;gc_cont=0.557
NZ_ABFG01000001.1:51605-53638|-   -            678 5062at91347          -            785   2.1e-15   53.7   0.1   1   2   2.6e-14   2.4e-11   40.3   0.0    51   108    12    69     2    85 0.88 NZ_ABFG01000001.1_49 # 51605 # 53638 # -1 # ID=50_49;partial=00;start_type=ATG;rbs_motif=AGxAG;rbs_spacer=11-12bp;gc_cont=0.547
NZ_ABFG01000001.1:51605-53638|-   -            678 5062at91347          -            785   2.1e-15   53.7   0.1   2   2   1.6e-05     0.015   11.2   0.0   507   551   320   363   300   404 0.73 NZ_ABFG01000001.1_49 # 51605 # 53638 # -1 # ID=50_49;partial=00;start_type=ATG;rbs_motif=AGxAG;rbs_spacer=11-12bp;gc_cont=0.547
NZ_ABFG01000003.1:132372-133757|- -            462 5062at91347          -            785   2.4e-09   33.6   0.1   1   2     0.013        12    1.6   0.1    60   146    36   115    22   144 0.66 NZ_ABFG01000003.1_146 # 132372 # 133757 # -1 # ID=48_146;partial=00;start_type=ATG;rbs_motif=GGA/GAG/AGG;rbs_spacer=5-10bp;gc_cont=0.551
NZ_ABFG01000003.1:132372-133757|- -            462 5062at91347          -            785   2.4e-09   33.6   0.1   2   2   3.6e-11   3.2e-08   29.9   0.0   505   578   250   323   219   326 0.84 NZ_ABFG01000003.1_146 # 132372 # 133757 # -1 # ID=48_146;partial=00;start_type=ATG;rbs_motif=GGA/GAG/AGG;rbs_spacer=5-10bp;gc_cont=0.551
#
# Program:         hmmsearch
# Version:         3.4 (Aug 2023)
# Pipeline mode:   SEARCH
# Query file:      /Users/dizzler/Projects/School/BIOL4600-Capstone/busco_downloads/lineages/enterobacterales_odb10/hmms/5062at91347.hmm
# Target file:     reports/busco-results/data/00-reads/GCF_000171515.1_ASM17151v1_genomic.fna/prodigal_output/predicted_genes/predicted.faa
# Option settings: hmmsearch --domtblout reports/busco-results/data/00-reads/GCF_000171515.1_ASM17151v1_genomic.fna/run_enterobacterales_odb10/hmmer_output/5062at91347.out --cpu 1 /Users/dizzler/Projects/School/BIOL4600-Capstone/busco_downloads/lineages/enterobacterales_odb10/hmms/5062at91347.hmm reports/busco-results/data/00-reads/GCF_000171515.1_ASM17151v1_genomic.fna/prodigal_output/predicted_genes/predicted.faa 
# Current dir:     /Users/dizzler/Projects/School/BIOL4600-Capstone
# Date:            Sat Feb 21 22:06:29 2026
# [ok]
