#                                                                                         --- full sequence --- -------------- this domain -------------   hmm coord   ali coord   env coord
# target name                     accession   tlen query name           accession   qlen   E-value  score  bias   #  of  c-Evalue  i-Evalue  score  bias  from    to  from    to  from    to  acc description of target
#             ------------------- ---------- ----- -------------------- ---------- ----- --------- ------ ----- --- --- --------- --------- ------ ----- ----- ----- ----- ----- ----- ----- ---- ---------------------
NZ_ABFG01000007.1:115700-118378|+ -            893 6639at91347          -            664         0 1161.2  34.2   1   3   6.3e-32   2.8e-29   99.8   4.1     1   111     3   124     3   159 0.89 NZ_ABFG01000007.1_108 # 115700 # 118378 # 1 # ID=44_108;partial=00;start_type=ATG;rbs_motif=AGGA;rbs_spacer=5-10bp;gc_cont=0.554
NZ_ABFG01000007.1:115700-118378|+ -            893 6639at91347          -            664         0 1161.2  34.2   2   3    0.0013      0.57    6.2   0.2    75   101   226   252   211   267 0.86 NZ_ABFG01000007.1_108 # 115700 # 118378 # 1 # ID=44_108;partial=00;start_type=ATG;rbs_motif=AGGA;rbs_spacer=5-10bp;gc_cont=0.554
NZ_ABFG01000007.1:115700-118378|+ -            893 6639at91347          -            664         0 1161.2  34.2   3   3         0         0 1066.3  14.8    96   664   285   887   263   887 0.94 NZ_ABFG01000007.1_108 # 115700 # 118378 # 1 # ID=44_108;partial=00;start_type=ATG;rbs_motif=AGGA;rbs_spacer=5-10bp;gc_cont=0.554
NZ_ABFG01000002.1:182385-184235|+ -            617 6639at91347          -            664   6.9e-21   72.1   0.1   1   1   1.9e-23   8.7e-21   71.7   0.1   196   397     2   212     1   228 0.77 NZ_ABFG01000002.1_169 # 182385 # 184235 # 1 # ID=49_169;partial=00;start_type=ATG;rbs_motif=AGGA/GGAG/GAGG;rbs_spacer=11-12bp;gc_cont=0.569
NZ_ABFG01000004.1:11267-13066|+   -            600 6639at91347          -            664   1.1e-17   61.5   0.8   1   1   3.3e-19   1.5e-16   57.7   0.8   198   393     8   223     5   232 0.77 NZ_ABFG01000004.1_13 # 11267 # 13066 # 1 # ID=47_13;partial=00;start_type=ATG;rbs_motif=None;rbs_spacer=None;gc_cont=0.528
NZ_ABFG01000002.1:450455-451639|+ -            395 6639at91347          -            664   3.1e-14   50.1   7.5   1   2     1e-16   4.5e-14   49.5   3.1   197   310    15   147     5   181 0.71 NZ_ABFG01000002.1_399 # 450455 # 451639 # 1 # ID=49_399;partial=00;start_type=GTG;rbs_motif=AGGA;rbs_spacer=5-10bp;gc_cont=0.541
NZ_ABFG01000002.1:450455-451639|+ -            395 6639at91347          -            664   3.1e-14   50.1   7.5   2   2     0.064        29    0.6   0.1   577   643   213   278   201   292 0.78 NZ_ABFG01000002.1_399 # 450455 # 451639 # 1 # ID=49_399;partial=00;start_type=GTG;rbs_motif=AGGA;rbs_spacer=5-10bp;gc_cont=0.541
NZ_ABFG01000008.1:136757-138580|- -            608 6639at91347          -            664   2.1e-12   44.0   1.6   1   1   1.6e-14     7e-12   42.3   1.6   197   304     8   133     5   175 0.74 NZ_ABFG01000008.1_125 # 136757 # 138580 # -1 # ID=43_125;partial=00;start_type=GTG;rbs_motif=GGAG/GAGG;rbs_spacer=5-10bp;gc_cont=0.538
NZ_ABFG01000005.1:149566-151005|+ -            480 6639at91347          -            664   2.6e-09   33.8   0.0   1   2       0.7   3.1e+02   -2.8   0.0   608   625    46    63    36    65 0.86 NZ_ABFG01000005.1_126 # 149566 # 151005 # 1 # ID=46_126;partial=00;start_type=ATG;rbs_motif=AGGAG;rbs_spacer=5-10bp;gc_cont=0.545
NZ_ABFG01000005.1:149566-151005|+ -            480 6639at91347          -            664   2.6e-09   33.8   0.0   2   2   1.5e-11   6.5e-09   32.5   0.0   224   340    90   213    77   218 0.79 NZ_ABFG01000005.1_126 # 149566 # 151005 # 1 # ID=46_126;partial=00;start_type=ATG;rbs_motif=AGGAG;rbs_spacer=5-10bp;gc_cont=0.545
NZ_ABFG01000002.1:448269-450383|+ -            705 6639at91347          -            664   4.8e-08   29.6   0.0   1   1   2.4e-10   1.1e-07   28.5   0.0   237   307    80   150    71   179 0.91 NZ_ABFG01000002.1_398 # 448269 # 450383 # 1 # ID=49_398;partial=00;start_type=ATG;rbs_motif=GGAG/GAGG;rbs_spacer=5-10bp;gc_cont=0.517
NZ_ABFG01000006.1:197768-199357|- -            530 6639at91347          -            664   1.2e-07   28.3   0.0   1   1   4.9e-10   2.2e-07   27.4   0.0   226   307    69   150    55   166 0.88 NZ_ABFG01000006.1_173 # 197768 # 199357 # -1 # ID=45_173;partial=00;start_type=ATG;rbs_motif=AGxAG;rbs_spacer=5-10bp;gc_cont=0.546
NZ_ABFG01000004.1:88227-89699|+   -            491 6639at91347          -            664   1.5e-06   24.6   0.0   1   2     1e-05    0.0046   13.2   0.0   195   349     3   160     1   162 0.77 NZ_ABFG01000004.1_80 # 88227 # 89699 # 1 # ID=47_80;partial=00;start_type=ATG;rbs_motif=GGAG/GAGG;rbs_spacer=5-10bp;gc_cont=0.551
NZ_ABFG01000004.1:88227-89699|+   -            491 6639at91347          -            664   1.5e-06   24.6   0.0   2   2   0.00014     0.065    9.4   0.0   260   347   282   368   270   382 0.81 NZ_ABFG01000004.1_80 # 88227 # 89699 # 1 # ID=47_80;partial=00;start_type=ATG;rbs_motif=GGAG/GAGG;rbs_spacer=5-10bp;gc_cont=0.551
NZ_ABFG01000004.1:15008-15913|+   -            302 6639at91347          -            664   0.00014   18.2   0.6   1   2   7.2e-07   0.00032   17.0   0.2   194   342     8   164     1   170 0.65 NZ_ABFG01000004.1_16 # 15008 # 15913 # 1 # ID=47_16;partial=00;start_type=ATG;rbs_motif=GGAG/GAGG;rbs_spacer=5-10bp;gc_cont=0.515
NZ_ABFG01000004.1:15008-15913|+   -            302 6639at91347          -            664   0.00014   18.2   0.6   2   2      0.23     1e+02   -1.2   0.0    49    78   237   266   229   279 0.76 NZ_ABFG01000004.1_16 # 15008 # 15913 # 1 # ID=47_16;partial=00;start_type=ATG;rbs_motif=GGAG/GAGG;rbs_spacer=5-10bp;gc_cont=0.515
#
# Program:         hmmsearch
# Version:         3.4 (Aug 2023)
# Pipeline mode:   SEARCH
# Query file:      /Users/dizzler/Projects/School/BIOL4600-Capstone/busco_downloads/lineages/enterobacterales_odb10/hmms/6639at91347.hmm
# Target file:     reports/busco-results/data/00-reads/GCF_000171515.1_ASM17151v1_genomic.fna/prodigal_output/predicted_genes/predicted.faa
# Option settings: hmmsearch --domtblout reports/busco-results/data/00-reads/GCF_000171515.1_ASM17151v1_genomic.fna/run_enterobacterales_odb10/hmmer_output/6639at91347.out --cpu 1 /Users/dizzler/Projects/School/BIOL4600-Capstone/busco_downloads/lineages/enterobacterales_odb10/hmms/6639at91347.hmm reports/busco-results/data/00-reads/GCF_000171515.1_ASM17151v1_genomic.fna/prodigal_output/predicted_genes/predicted.faa 
# Current dir:     /Users/dizzler/Projects/School/BIOL4600-Capstone
# Date:            Sat Feb 21 22:06:29 2026
# [ok]
