#                                                                                         --- full sequence --- -------------- this domain -------------   hmm coord   ali coord   env coord
# target name                     accession   tlen query name           accession   qlen   E-value  score  bias   #  of  c-Evalue  i-Evalue  score  bias  from    to  from    to  from    to  acc description of target
#             ------------------- ---------- ----- -------------------- ---------- ----- --------- ------ ----- --- --- --------- --------- ------ ----- ----- ----- ----- ----- ----- ----- ---- ---------------------
NZ_ABFG01000001.1:170154-170744|- -            197 72076at91347         -            168   1.6e-81  270.2   0.0   1   1     7e-84   4.5e-81  268.8   0.0     1   168     1   196     1   196 0.89 NZ_ABFG01000001.1_152 # 170154 # 170744 # -1 # ID=50_152;partial=00;start_type=ATG;rbs_motif=AGGAG;rbs_spacer=5-10bp;gc_cont=0.570
NZ_ABFG01000004.1:109760-111337|+ -            526 72076at91347         -            168   1.2e-06   26.7   0.0   1   2    0.0018       1.1    7.2   0.0    67    89    79   101    61   127 0.79 NZ_ABFG01000004.1_89 # 109760 # 111337 # 1 # ID=47_89;partial=00;start_type=ATG;rbs_motif=GGA/GAG/AGG;rbs_spacer=5-10bp;gc_cont=0.564
NZ_ABFG01000004.1:109760-111337|+ -            526 72076at91347         -            168   1.2e-06   26.7   0.0   2   2   1.7e-06    0.0011   17.0   0.0   124   166   155   198   150   200 0.80 NZ_ABFG01000004.1_89 # 109760 # 111337 # 1 # ID=47_89;partial=00;start_type=ATG;rbs_motif=GGA/GAG/AGG;rbs_spacer=5-10bp;gc_cont=0.564
NZ_ABFG01000002.1:429741-430304|+ -            188 72076at91347         -            168   0.00014   19.9   0.2   1   1   1.5e-06   0.00096   17.2   0.2    68   167    73   186    62   187 0.62 NZ_ABFG01000002.1_375 # 429741 # 430304 # 1 # ID=49_375;partial=00;start_type=ATG;rbs_motif=GGAG/GAGG;rbs_spacer=5-10bp;gc_cont=0.548
NZ_ABFG01000001.1:223633-225153|+ -            507 72076at91347         -            168    0.0017   16.4   0.0   1   1   6.3e-06    0.0041   15.1   0.0    34    93   289   351   278   366 0.84 NZ_ABFG01000001.1_208 # 223633 # 225153 # 1 # ID=50_208;partial=00;start_type=ATG;rbs_motif=GGAGG;rbs_spacer=3-4bp;gc_cont=0.560
NZ_ABFG01000001.1:511199-512794|- -            532 72076at91347         -            168    0.0063   14.5   0.0   1   1   2.5e-05     0.016   13.2   0.0    67   164    77   185    66   188 0.68 NZ_ABFG01000001.1_499 # 511199 # 512794 # -1 # ID=50_499;partial=00;start_type=ATG;rbs_motif=AGGAG;rbs_spacer=5-10bp;gc_cont=0.571
NZ_ABFG01000006.1:78800-79948|-   -            383 72076at91347         -            168      0.02   12.9   0.1   1   1   6.5e-05     0.041   11.9   0.1    65   103   260   297   249   373 0.66 NZ_ABFG01000006.1_67 # 78800 # 79948 # -1 # ID=45_67;partial=00;start_type=TTG;rbs_motif=GGAGG;rbs_spacer=5-10bp;gc_cont=0.552
NZ_ABFG01000004.1:184761-185480|- -            240 72076at91347         -            168     0.021   12.8   0.1   1   2   0.00013     0.083   10.9   0.0    55    82    72    99    66   118 0.85 NZ_ABFG01000004.1_159 # 184761 # 185480 # -1 # ID=47_159;partial=00;start_type=GTG;rbs_motif=AGGAG;rbs_spacer=5-10bp;gc_cont=0.550
NZ_ABFG01000004.1:184761-185480|- -            240 72076at91347         -            168     0.021   12.8   0.1   2   2      0.57   3.7e+02   -1.0   0.0   138   162   166   191   158   194 0.79 NZ_ABFG01000004.1_159 # 184761 # 185480 # -1 # ID=47_159;partial=00;start_type=GTG;rbs_motif=AGGAG;rbs_spacer=5-10bp;gc_cont=0.550
#
# Program:         hmmsearch
# Version:         3.4 (Aug 2023)
# Pipeline mode:   SEARCH
# Query file:      /Users/dizzler/Projects/School/BIOL4600-Capstone/busco_downloads/lineages/enterobacterales_odb10/hmms/72076at91347.hmm
# Target file:     reports/busco-results/data/00-reads/GCF_000171515.1_ASM17151v1_genomic.fna/prodigal_output/predicted_genes/predicted.faa
# Option settings: hmmsearch --domtblout reports/busco-results/data/00-reads/GCF_000171515.1_ASM17151v1_genomic.fna/run_enterobacterales_odb10/hmmer_output/72076at91347.out --cpu 1 /Users/dizzler/Projects/School/BIOL4600-Capstone/busco_downloads/lineages/enterobacterales_odb10/hmms/72076at91347.hmm reports/busco-results/data/00-reads/GCF_000171515.1_ASM17151v1_genomic.fna/prodigal_output/predicted_genes/predicted.faa 
# Current dir:     /Users/dizzler/Projects/School/BIOL4600-Capstone
# Date:            Sat Feb 21 22:06:30 2026
# [ok]
