#                                                                                         --- full sequence --- -------------- this domain -------------   hmm coord   ali coord   env coord
# target name                     accession   tlen query name           accession   qlen   E-value  score  bias   #  of  c-Evalue  i-Evalue  score  bias  from    to  from    to  from    to  acc description of target
#             ------------------- ---------- ----- -------------------- ---------- ----- --------- ------ ----- --- --- --------- --------- ------ ----- ----- ----- ----- ----- ----- ----- ---- ---------------------
NZ_ABFG01000008.1:136757-138580|- -            608 9913at91347          -            518  1.6e-292  968.4   2.3   1   1  5.8e-295  2.9e-292  967.6   2.3     1   518     5   602     5   602 0.91 NZ_ABFG01000008.1_125 # 136757 # 138580 # -1 # ID=43_125;partial=00;start_type=GTG;rbs_motif=GGAG/GAGG;rbs_spacer=5-10bp;gc_cont=0.538
NZ_ABFG01000002.1:448269-450383|+ -            705 9913at91347          -            518   2.5e-38  129.7   0.2   1   3   4.3e-27   2.1e-24   83.7   0.1     2   147    11   173    10   189 0.86 NZ_ABFG01000002.1_398 # 448269 # 450383 # 1 # ID=49_398;partial=00;start_type=ATG;rbs_motif=GGAG/GAGG;rbs_spacer=5-10bp;gc_cont=0.517
NZ_ABFG01000002.1:448269-450383|+ -            705 9913at91347          -            518   2.5e-38  129.7   0.2   2   3   1.4e-14   7.1e-12   42.4   0.0   180   357   327   508   306   526 0.75 NZ_ABFG01000002.1_398 # 448269 # 450383 # 1 # ID=49_398;partial=00;start_type=ATG;rbs_motif=GGAG/GAGG;rbs_spacer=5-10bp;gc_cont=0.517
NZ_ABFG01000002.1:448269-450383|+ -            705 9913at91347          -            518   2.5e-38  129.7   0.2   3   3      0.18        88   -0.8   0.0   366   405   652   692   610   703 0.68 NZ_ABFG01000002.1_398 # 448269 # 450383 # 1 # ID=49_398;partial=00;start_type=ATG;rbs_motif=GGAG/GAGG;rbs_spacer=5-10bp;gc_cont=0.517
NZ_ABFG01000004.1:11267-13066|+   -            600 9913at91347          -            518   1.4e-32  110.8   1.7   1   3   1.5e-34   7.4e-32  108.3   0.1     1   209     4   230     4   249 0.81 NZ_ABFG01000004.1_13 # 11267 # 13066 # 1 # ID=47_13;partial=00;start_type=ATG;rbs_motif=None;rbs_spacer=None;gc_cont=0.528
NZ_ABFG01000004.1:11267-13066|+   -            600 9913at91347          -            518   1.4e-32  110.8   1.7   2   3      0.62   3.1e+02   -2.6   0.0   306   341   340   376   337   386 0.75 NZ_ABFG01000004.1_13 # 11267 # 13066 # 1 # ID=47_13;partial=00;start_type=ATG;rbs_motif=None;rbs_spacer=None;gc_cont=0.528
NZ_ABFG01000004.1:11267-13066|+   -            600 9913at91347          -            518   1.4e-32  110.8   1.7   3   3     0.088        44    0.2   0.1   347   444   420   521   408   560 0.75 NZ_ABFG01000004.1_13 # 11267 # 13066 # 1 # ID=47_13;partial=00;start_type=ATG;rbs_motif=None;rbs_spacer=None;gc_cont=0.528
NZ_ABFG01000002.1:450455-451639|+ -            395 9913at91347          -            518   1.3e-17   61.4   1.6   1   2     3e-19   1.5e-16   57.8   0.0     3   159    14   182    12   191 0.74 NZ_ABFG01000002.1_399 # 450455 # 451639 # 1 # ID=49_399;partial=00;start_type=GTG;rbs_motif=AGGA;rbs_spacer=5-10bp;gc_cont=0.541
NZ_ABFG01000002.1:450455-451639|+ -            395 9913at91347          -            518   1.3e-17   61.4   1.6   2   2     0.015       7.7    2.7   0.4   184   212   225   253   217   284 0.85 NZ_ABFG01000002.1_399 # 450455 # 451639 # 1 # ID=49_399;partial=00;start_type=GTG;rbs_motif=AGGA;rbs_spacer=5-10bp;gc_cont=0.541
NZ_ABFG01000006.1:197768-199357|- -            530 9913at91347          -            518   3.5e-15   53.4   0.3   1   2   1.8e-17   8.8e-15   52.0   0.0     2   121    14   147    13   165 0.80 NZ_ABFG01000006.1_173 # 197768 # 199357 # -1 # ID=45_173;partial=00;start_type=ATG;rbs_motif=AGxAG;rbs_spacer=5-10bp;gc_cont=0.546
NZ_ABFG01000006.1:197768-199357|- -            530 9913at91347          -            518   3.5e-15   53.4   0.3   2   2      0.37   1.9e+02   -1.9   0.0   437   452   355   370   351   385 0.80 NZ_ABFG01000006.1_173 # 197768 # 199357 # -1 # ID=45_173;partial=00;start_type=ATG;rbs_motif=AGxAG;rbs_spacer=5-10bp;gc_cont=0.546
NZ_ABFG01000007.1:115700-118378|+ -            893 9913at91347          -            518   1.3e-12   44.9   0.6   1   1   5.8e-15   2.9e-12   43.7   0.6     4   121   396   505   394   560 0.78 NZ_ABFG01000007.1_108 # 115700 # 118378 # 1 # ID=44_108;partial=00;start_type=ATG;rbs_motif=AGGA;rbs_spacer=5-10bp;gc_cont=0.554
NZ_ABFG01000005.1:149566-151005|+ -            480 9913at91347          -            518     1e-08   32.0   0.1   1   2   3.2e-10   1.6e-07   28.1   0.1    31   120    81   172    31   219 0.85 NZ_ABFG01000005.1_126 # 149566 # 151005 # 1 # ID=46_126;partial=00;start_type=ATG;rbs_motif=AGGAG;rbs_spacer=5-10bp;gc_cont=0.545
NZ_ABFG01000005.1:149566-151005|+ -            480 9913at91347          -            518     1e-08   32.0   0.1   2   2     0.072        36    0.5   0.0   181   241   262   320   249   342 0.78 NZ_ABFG01000005.1_126 # 149566 # 151005 # 1 # ID=46_126;partial=00;start_type=ATG;rbs_motif=AGGAG;rbs_spacer=5-10bp;gc_cont=0.545
NZ_ABFG01000002.1:182385-184235|+ -            617 9913at91347          -            518   4.3e-08   29.9   0.0   1   1   1.1e-10   5.6e-08   29.6   0.0     4   131     3   127     1   197 0.79 NZ_ABFG01000002.1_169 # 182385 # 184235 # 1 # ID=49_169;partial=00;start_type=ATG;rbs_motif=AGGA/GGAG/GAGG;rbs_spacer=11-12bp;gc_cont=0.569
NZ_ABFG01000004.1:88227-89699|+   -            491 9913at91347          -            518     0.011   12.1   0.1   1   2    0.0043       2.2    4.5   0.0    80   124    82   127    52   137 0.80 NZ_ABFG01000004.1_80 # 88227 # 89699 # 1 # ID=47_80;partial=00;start_type=ATG;rbs_motif=GGAG/GAGG;rbs_spacer=5-10bp;gc_cont=0.551
NZ_ABFG01000004.1:88227-89699|+   -            491 9913at91347          -            518     0.011   12.1   0.1   2   2    0.0026       1.3    5.3   0.0    81   158   286   361   254   385 0.84 NZ_ABFG01000004.1_80 # 88227 # 89699 # 1 # ID=47_80;partial=00;start_type=ATG;rbs_motif=GGAG/GAGG;rbs_spacer=5-10bp;gc_cont=0.551
#
# Program:         hmmsearch
# Version:         3.4 (Aug 2023)
# Pipeline mode:   SEARCH
# Query file:      /Users/dizzler/Projects/School/BIOL4600-Capstone/busco_downloads/lineages/enterobacterales_odb10/hmms/9913at91347.hmm
# Target file:     reports/busco-results/data/00-reads/GCF_000171515.1_ASM17151v1_genomic.fna/prodigal_output/predicted_genes/predicted.faa
# Option settings: hmmsearch --domtblout reports/busco-results/data/00-reads/GCF_000171515.1_ASM17151v1_genomic.fna/run_enterobacterales_odb10/hmmer_output/9913at91347.out --cpu 1 /Users/dizzler/Projects/School/BIOL4600-Capstone/busco_downloads/lineages/enterobacterales_odb10/hmms/9913at91347.hmm reports/busco-results/data/00-reads/GCF_000171515.1_ASM17151v1_genomic.fna/prodigal_output/predicted_genes/predicted.faa 
# Current dir:     /Users/dizzler/Projects/School/BIOL4600-Capstone
# Date:            Sat Feb 21 22:06:30 2026
# [ok]
