#                                                                                         --- full sequence --- -------------- this domain -------------   hmm coord   ali coord   env coord
# target name                     accession   tlen query name           accession   qlen   E-value  score  bias   #  of  c-Evalue  i-Evalue  score  bias  from    to  from    to  from    to  acc description of target
#             ------------------- ---------- ----- -------------------- ---------- ----- --------- ------ ----- --- --- --------- --------- ------ ----- ----- ----- ----- ----- ----- ----- ---- ---------------------
NZ_ABFG01000003.1:190028-191956|- -            643 12745at91347         -            500  2.2e-243  806.7  10.6   1   3  1.2e-194  1.1e-191  636.2   0.1     1   332     1   362     1   375 0.94 NZ_ABFG01000003.1_200 # 190028 # 191956 # -1 # ID=48_200;partial=00;start_type=ATG;rbs_motif=GGA/GAG/AGG;rbs_spacer=5-10bp;gc_cont=0.591
NZ_ABFG01000003.1:190028-191956|- -            643 12745at91347         -            500  2.2e-243  806.7  10.6   2   3      0.13   1.1e+02   -0.5   0.2   332   354   408   430   404   481 0.59 NZ_ABFG01000003.1_200 # 190028 # 191956 # -1 # ID=48_200;partial=00;start_type=ATG;rbs_motif=GGA/GAG/AGG;rbs_spacer=5-10bp;gc_cont=0.591
NZ_ABFG01000003.1:190028-191956|- -            643 12745at91347         -            500  2.2e-243  806.7  10.6   3   3   6.1e-54   5.4e-51  172.0   5.1   340   500   463   642   426   642 0.82 NZ_ABFG01000003.1_200 # 190028 # 191956 # -1 # ID=48_200;partial=00;start_type=ATG;rbs_motif=GGA/GAG/AGG;rbs_spacer=5-10bp;gc_cont=0.591
NZ_ABFG01000014.1:84298-85302|-   -            335 12745at91347         -            500   9.3e-21   72.3   0.0   1   1   1.3e-23   1.1e-20   72.0   0.0    27   213    13   204    10   254 0.87 NZ_ABFG01000014.1_85 # 84298 # 85302 # -1 # ID=37_85;partial=00;start_type=ATG;rbs_motif=AGGAG;rbs_spacer=5-10bp;gc_cont=0.592
NZ_ABFG01000010.1:36972-38315|-   -            448 12745at91347         -            500   1.3e-14   52.0   0.0   1   2   1.9e-09   1.7e-06   25.3   0.0     3    61    13    73    11    82 0.89 NZ_ABFG01000010.1_32 # 36972 # 38315 # -1 # ID=41_32;partial=00;start_type=GTG;rbs_motif=GGAG/GAGG;rbs_spacer=5-10bp;gc_cont=0.569
NZ_ABFG01000010.1:36972-38315|-   -            448 12745at91347         -            500   1.3e-14   52.0   0.0   2   2   2.4e-09   2.2e-06   24.9   0.0    96   194    83   181    74   185 0.90 NZ_ABFG01000010.1_32 # 36972 # 38315 # -1 # ID=41_32;partial=00;start_type=GTG;rbs_motif=GGAG/GAGG;rbs_spacer=5-10bp;gc_cont=0.569
NZ_ABFG01000010.1:54680-56956|-   -            759 12745at91347         -            500    0.0013   15.7   0.0   1   2    0.0095       8.5    3.2   0.0    38    59   207   228   185   235 0.76 NZ_ABFG01000010.1_45 # 54680 # 56956 # -1 # ID=41_45;partial=00;start_type=ATG;rbs_motif=GGAGG;rbs_spacer=5-10bp;gc_cont=0.542
NZ_ABFG01000010.1:54680-56956|-   -            759 12745at91347         -            500    0.0013   15.7   0.0   2   2   9.8e-05     0.088    9.7   0.0    18    63   460   513   456   517 0.81 NZ_ABFG01000010.1_45 # 54680 # 56956 # -1 # ID=41_45;partial=00;start_type=ATG;rbs_motif=GGAGG;rbs_spacer=5-10bp;gc_cont=0.542
NZ_ABFG01000001.1:334188-335198|+ -            337 12745at91347         -            500    0.0021   15.0   0.0   1   2   4.9e-06    0.0044   14.0   0.0     5    70    18    87    14    93 0.78 NZ_ABFG01000001.1_320 # 334188 # 335198 # 1 # ID=50_320;partial=00;start_type=ATG;rbs_motif=GGAG/GAGG;rbs_spacer=5-10bp;gc_cont=0.578
NZ_ABFG01000001.1:334188-335198|+ -            337 12745at91347         -            500    0.0021   15.0   0.0   2   2      0.68   6.1e+02   -3.0   0.1   122   133   109   120   107   131 0.82 NZ_ABFG01000001.1_320 # 334188 # 335198 # 1 # ID=50_320;partial=00;start_type=ATG;rbs_motif=GGAG/GAGG;rbs_spacer=5-10bp;gc_cont=0.578
#
# Program:         hmmsearch
# Version:         3.4 (Aug 2023)
# Pipeline mode:   SEARCH
# Query file:      /Users/dizzler/Projects/School/BIOL4600-Capstone/busco_downloads/lineages/enterobacterales_odb10/hmms/12745at91347.hmm
# Target file:     reports/busco-results/GCF_000171515.1_ASM17151v1_genomic.fna/prodigal_output/predicted_genes/predicted.faa
# Option settings: hmmsearch --domtblout reports/busco-results/GCF_000171515.1_ASM17151v1_genomic.fna/run_enterobacterales_odb10/hmmer_output/12745at91347.out --cpu 1 /Users/dizzler/Projects/School/BIOL4600-Capstone/busco_downloads/lineages/enterobacterales_odb10/hmms/12745at91347.hmm reports/busco-results/GCF_000171515.1_ASM17151v1_genomic.fna/prodigal_output/predicted_genes/predicted.faa 
# Current dir:     /Users/dizzler/Projects/School/BIOL4600-Capstone
# Date:            Sat Feb 21 23:27:11 2026
# [ok]
