#                                                                                         --- full sequence --- -------------- this domain -------------   hmm coord   ali coord   env coord
# target name                     accession   tlen query name           accession   qlen   E-value  score  bias   #  of  c-Evalue  i-Evalue  score  bias  from    to  from    to  from    to  acc description of target
#             ------------------- ---------- ----- -------------------- ---------- ----- --------- ------ ----- --- --- --------- --------- ------ ----- ----- ----- ----- ----- ----- ----- ---- ---------------------
NZ_ABFG01000008.1:276263-277804|+ -            514 16772at91347         -            446  5.5e-261  864.0   7.6   1   1  5.4e-263    4e-260  861.1   7.6     1   433     1   476     1   487 0.94 NZ_ABFG01000008.1_246 # 276263 # 277804 # 1 # ID=43_246;partial=00;start_type=ATG;rbs_motif=GGA/GAG/AGG;rbs_spacer=5-10bp;gc_cont=0.553
NZ_ABFG01000011.1:9699-11000|-    -            434 16772at91347         -            446     6e-39  132.2   0.0   1   1     1e-41   7.6e-39  131.9   0.0    62   403    65   414    22   420 0.87 NZ_ABFG01000011.1_12 # 9699 # 11000 # -1 # ID=40_12;partial=00;start_type=ATG;rbs_motif=AGGAG;rbs_spacer=5-10bp;gc_cont=0.516
NZ_ABFG01000005.1:187793-189088|+ -            432 16772at91347         -            446   3.2e-35  119.9   0.0   1   1   5.8e-38   4.3e-35  119.5   0.0    55   376    52   381    38   405 0.92 NZ_ABFG01000005.1_167 # 187793 # 189088 # 1 # ID=46_167;partial=00;start_type=ATG;rbs_motif=None;rbs_spacer=None;gc_cont=0.542
NZ_ABFG01000008.1:278745-280127|+ -            461 16772at91347         -            446   3.4e-33  113.3   0.0   1   2   1.7e-34   1.3e-31  108.1   0.0    62   401    50   403    11   412 0.87 NZ_ABFG01000008.1_248 # 278745 # 280127 # 1 # ID=43_248;partial=00;start_type=ATG;rbs_motif=GGAG/GAGG;rbs_spacer=5-10bp;gc_cont=0.551
NZ_ABFG01000008.1:278745-280127|+ -            461 16772at91347         -            446   3.4e-33  113.3   0.0   2   2     0.011       8.1    3.2   0.0    24    56   415   447   406   457 0.85 NZ_ABFG01000008.1_248 # 278745 # 280127 # 1 # ID=43_248;partial=00;start_type=ATG;rbs_motif=GGAG/GAGG;rbs_spacer=5-10bp;gc_cont=0.551
NZ_ABFG01000001.1:262866-264236|- -            457 16772at91347         -            446   9.6e-31  105.2   0.0   1   1     2e-33   1.5e-30  104.6   0.0    87   385   109   418   102   441 0.82 NZ_ABFG01000001.1_248 # 262866 # 264236 # -1 # ID=50_248;partial=00;start_type=ATG;rbs_motif=GGAG/GAGG;rbs_spacer=5-10bp;gc_cont=0.597
NZ_ABFG01000008.1:227406-228665|- -            420 16772at91347         -            446    0.0071   13.3   0.1   1   1   1.5e-05     0.011   12.7   0.0   135   255   161   276   153   326 0.77 NZ_ABFG01000008.1_206 # 227406 # 228665 # -1 # ID=43_206;partial=00;start_type=ATG;rbs_motif=None;rbs_spacer=None;gc_cont=0.529
#
# Program:         hmmsearch
# Version:         3.4 (Aug 2023)
# Pipeline mode:   SEARCH
# Query file:      /Users/dizzler/Projects/School/BIOL4600-Capstone/busco_downloads/lineages/enterobacterales_odb10/hmms/16772at91347.hmm
# Target file:     reports/busco-results/GCF_000171515.1_ASM17151v1_genomic.fna/prodigal_output/predicted_genes/predicted.faa
# Option settings: hmmsearch --domtblout reports/busco-results/GCF_000171515.1_ASM17151v1_genomic.fna/run_enterobacterales_odb10/hmmer_output/16772at91347.out --cpu 1 /Users/dizzler/Projects/School/BIOL4600-Capstone/busco_downloads/lineages/enterobacterales_odb10/hmms/16772at91347.hmm reports/busco-results/GCF_000171515.1_ASM17151v1_genomic.fna/prodigal_output/predicted_genes/predicted.faa 
# Current dir:     /Users/dizzler/Projects/School/BIOL4600-Capstone
# Date:            Sat Feb 21 23:27:11 2026
# [ok]
