#                                                                                         --- full sequence --- -------------- this domain -------------   hmm coord   ali coord   env coord
# target name                     accession   tlen query name           accession   qlen   E-value  score  bias   #  of  c-Evalue  i-Evalue  score  bias  from    to  from    to  from    to  acc description of target
#             ------------------- ---------- ----- -------------------- ---------- ----- --------- ------ ----- --- --- --------- --------- ------ ----- ----- ----- ----- ----- ----- ----- ---- ---------------------
NZ_ABFG01000006.1:3252-4727|-     -            492 19201at91347         -            411  1.1e-208  691.2   0.0   1   2  1.7e-134  1.5e-131  437.1   0.0     6   248    11   264     4   274 0.95 NZ_ABFG01000006.1_5 # 3252 # 4727 # -1 # ID=45_5;partial=00;start_type=ATG;rbs_motif=4Base/6BMM;rbs_spacer=13-15bp;gc_cont=0.562
NZ_ABFG01000006.1:3252-4727|-     -            492 19201at91347         -            411  1.1e-208  691.2   0.0   2   2   6.2e-77   5.6e-74  247.5   0.0   245   410   284   479   280   480 0.89 NZ_ABFG01000006.1_5 # 3252 # 4727 # -1 # ID=45_5;partial=00;start_type=ATG;rbs_motif=4Base/6BMM;rbs_spacer=13-15bp;gc_cont=0.562
NZ_ABFG01000006.1:341398-342777|- -            460 19201at91347         -            411   1.4e-42  144.1   0.0   1   2   1.4e-34   1.3e-31  108.0   0.0    16   221     2   224     1   231 0.84 NZ_ABFG01000006.1_304 # 341398 # 342777 # -1 # ID=45_304;partial=00;start_type=ATG;rbs_motif=AGGA;rbs_spacer=5-10bp;gc_cont=0.590
NZ_ABFG01000006.1:341398-342777|- -            460 19201at91347         -            411   1.4e-42  144.1   0.0   2   2   3.8e-12   3.4e-09   34.1   0.0   245   356   271   387   262   445 0.85 NZ_ABFG01000006.1_304 # 341398 # 342777 # -1 # ID=45_304;partial=00;start_type=ATG;rbs_motif=AGGA;rbs_spacer=5-10bp;gc_cont=0.590
NZ_ABFG01000006.1:7154-8470|-     -            439 19201at91347         -            411   4.6e-12   43.6   0.0   1   2   4.1e-09   3.7e-06   24.1   0.0    65   203    65   201    45   217 0.81 NZ_ABFG01000006.1_8 # 7154 # 8470 # -1 # ID=45_8;partial=00;start_type=ATG;rbs_motif=GGA/GAG/AGG;rbs_spacer=5-10bp;gc_cont=0.586
NZ_ABFG01000006.1:7154-8470|-     -            439 19201at91347         -            411   4.6e-12   43.6   0.0   2   2   5.1e-07   0.00046   17.2   0.0   242   291   257   307   251   318 0.87 NZ_ABFG01000006.1_8 # 7154 # 8470 # -1 # ID=45_8;partial=00;start_type=ATG;rbs_motif=GGA/GAG/AGG;rbs_spacer=5-10bp;gc_cont=0.586
NZ_ABFG01000006.1:10904-12391|-   -            496 19201at91347         -            411   5.2e-06   23.6   0.2   1   2   3.2e-05     0.029   11.3   0.7   109   226   112   249   106   265 0.59 NZ_ABFG01000006.1_11 # 10904 # 12391 # -1 # ID=45_11;partial=00;start_type=GTG;rbs_motif=GGAG/GAGG;rbs_spacer=5-10bp;gc_cont=0.589
NZ_ABFG01000006.1:10904-12391|-   -            496 19201at91347         -            411   5.2e-06   23.6   0.2   2   2    0.0017       1.6    5.6   0.0   251   318   305   375   299   385 0.69 NZ_ABFG01000006.1_11 # 10904 # 12391 # -1 # ID=45_11;partial=00;start_type=GTG;rbs_motif=GGAG/GAGG;rbs_spacer=5-10bp;gc_cont=0.589
NZ_ABFG01000006.1:9549-10907|-    -            453 19201at91347         -            411     0.002   15.1   0.0   1   2    0.0024       2.1    5.1   0.0   108   221   102   222    88   231 0.76 NZ_ABFG01000006.1_10 # 9549 # 10907 # -1 # ID=45_10;partial=00;start_type=ATG;rbs_motif=GGxGG;rbs_spacer=5-10bp;gc_cont=0.564
NZ_ABFG01000006.1:9549-10907|-    -            453 19201at91347         -            411     0.002   15.1   0.0   2   2   0.00039      0.35    7.7   0.1   245   287   273   316   267   349 0.73 NZ_ABFG01000006.1_10 # 9549 # 10907 # -1 # ID=45_10;partial=00;start_type=ATG;rbs_motif=GGxGG;rbs_spacer=5-10bp;gc_cont=0.564
#
# Program:         hmmsearch
# Version:         3.4 (Aug 2023)
# Pipeline mode:   SEARCH
# Query file:      /Users/dizzler/Projects/School/BIOL4600-Capstone/busco_downloads/lineages/enterobacterales_odb10/hmms/19201at91347.hmm
# Target file:     reports/busco-results/GCF_000171515.1_ASM17151v1_genomic.fna/prodigal_output/predicted_genes/predicted.faa
# Option settings: hmmsearch --domtblout reports/busco-results/GCF_000171515.1_ASM17151v1_genomic.fna/run_enterobacterales_odb10/hmmer_output/19201at91347.out --cpu 1 /Users/dizzler/Projects/School/BIOL4600-Capstone/busco_downloads/lineages/enterobacterales_odb10/hmms/19201at91347.hmm reports/busco-results/GCF_000171515.1_ASM17151v1_genomic.fna/prodigal_output/predicted_genes/predicted.faa 
# Current dir:     /Users/dizzler/Projects/School/BIOL4600-Capstone
# Date:            Sat Feb 21 23:27:11 2026
# [ok]
