#                                                                                         --- full sequence --- -------------- this domain -------------   hmm coord   ali coord   env coord
# target name                     accession   tlen query name           accession   qlen   E-value  score  bias   #  of  c-Evalue  i-Evalue  score  bias  from    to  from    to  from    to  acc description of target
#             ------------------- ---------- ----- -------------------- ---------- ----- --------- ------ ----- --- --- --------- --------- ------ ----- ----- ----- ----- ----- ----- ----- ---- ---------------------
NZ_ABFG01000005.1:339272-340633|+ -            454 22268at91347         -            406    4e-204  676.0  15.8   1   1  1.7e-206  6.9e-204  675.2  15.8     1   406     1   446     1   446 0.95 NZ_ABFG01000005.1_303 # 339272 # 340633 # 1 # ID=46_303;partial=00;start_type=ATG;rbs_motif=GGA/GAG/AGG;rbs_spacer=5-10bp;gc_cont=0.551
NZ_ABFG01000002.1:315938-317413|+ -            492 22268at91347         -            406   6.3e-48  161.6   2.0   1   1   2.2e-50     9e-48  161.1   2.0    21   267   211   477   189   490 0.80 NZ_ABFG01000002.1_281 # 315938 # 317413 # 1 # ID=49_281;partial=00;start_type=ATG;rbs_motif=4Base/6BMM;rbs_spacer=13-15bp;gc_cont=0.550
NZ_ABFG01000003.1:250710-251819|+ -            370 22268at91347         -            406     0.003   14.4   0.0   1   2   3.9e-05     0.016   12.0   0.0    85   135    33    84    26   112 0.87 NZ_ABFG01000003.1_255 # 250710 # 251819 # 1 # ID=48_255;partial=00;start_type=ATG;rbs_motif=GGA/GAG/AGG;rbs_spacer=5-10bp;gc_cont=0.587
NZ_ABFG01000003.1:250710-251819|+ -            370 22268at91347         -            406     0.003   14.4   0.0   2   2      0.26   1.1e+02   -0.6   0.0   240   283   214   259   169   261 0.66 NZ_ABFG01000003.1_255 # 250710 # 251819 # 1 # ID=48_255;partial=00;start_type=ATG;rbs_motif=GGA/GAG/AGG;rbs_spacer=5-10bp;gc_cont=0.587
NZ_ABFG01000002.1:326792-327505|+ -            238 22268at91347         -            406    0.0043   13.9   0.0   1   1   1.6e-05    0.0066   13.3   0.0    83   116    18    51     9    68 0.93 NZ_ABFG01000002.1_291 # 326792 # 327505 # 1 # ID=49_291;partial=00;start_type=ATG;rbs_motif=GGAG/GAGG;rbs_spacer=5-10bp;gc_cont=0.601
NZ_ABFG01000005.1:304403-308059|- -           1219 22268at91347         -            406    0.0074   13.2   0.1   1   2     0.007       2.8    4.6   0.0    85   119   356   390   351   394 0.92 NZ_ABFG01000005.1_284 # 304403 # 308059 # -1 # ID=46_284;partial=00;start_type=ATG;rbs_motif=AGGAGG;rbs_spacer=3-4bp;gc_cont=0.591
NZ_ABFG01000005.1:304403-308059|- -           1219 22268at91347         -            406    0.0074   13.2   0.1   2   2    0.0025         1    6.1   0.1    85   117   983  1015   978  1019 0.89 NZ_ABFG01000005.1_284 # 304403 # 308059 # -1 # ID=46_284;partial=00;start_type=ATG;rbs_motif=AGGAGG;rbs_spacer=3-4bp;gc_cont=0.591
NZ_ABFG01000010.1:153257-154993|+ -            579 22268at91347         -            406     0.012   12.5   0.4   1   2    0.0052       2.1    5.1   0.0    93   122    30    59    21    62 0.83 NZ_ABFG01000010.1_139 # 153257 # 154993 # 1 # ID=41_139;partial=00;start_type=ATG;rbs_motif=GGAG/GAGG;rbs_spacer=5-10bp;gc_cont=0.560
NZ_ABFG01000010.1:153257-154993|+ -            579 22268at91347         -            406     0.012   12.5   0.4   2   2    0.0039       1.6    5.4   0.1    85   134   344   394   323   413 0.78 NZ_ABFG01000010.1_139 # 153257 # 154993 # 1 # ID=41_139;partial=00;start_type=ATG;rbs_motif=GGAG/GAGG;rbs_spacer=5-10bp;gc_cont=0.560
NZ_ABFG01000005.1:268476-269678|- -            401 22268at91347         -            406     0.012   12.5   0.1   1   1   4.8e-05      0.02   11.7   0.1    86   136    44    95    23   114 0.83 NZ_ABFG01000005.1_248 # 268476 # 269678 # -1 # ID=46_248;partial=00;start_type=ATG;rbs_motif=4Base/6BMM;rbs_spacer=13-15bp;gc_cont=0.500
NZ_ABFG01000001.1:419081-419893|- -            271 22268at91347         -            406     0.016   12.1   0.6   1   2   5.3e-05     0.022   11.6   0.2    97   133     4    41     1    85 0.87 NZ_ABFG01000001.1_411 # 419081 # 419893 # -1 # ID=50_411;partial=00;start_type=ATG;rbs_motif=AGGA;rbs_spacer=5-10bp;gc_cont=0.517
NZ_ABFG01000001.1:419081-419893|- -            271 22268at91347         -            406     0.016   12.1   0.6   2   2       2.2   9.1e+02   -3.6   0.0   263   283   182   203   170   206 0.72 NZ_ABFG01000001.1_411 # 419081 # 419893 # -1 # ID=50_411;partial=00;start_type=ATG;rbs_motif=AGGA;rbs_spacer=5-10bp;gc_cont=0.517
NZ_ABFG01000001.1:222821-223636|+ -            272 22268at91347         -            406     0.031   11.1   0.0   1   2    0.0017       0.7    6.6   0.0    86   125    17    56    12    64 0.88 NZ_ABFG01000001.1_207 # 222821 # 223636 # 1 # ID=50_207;partial=00;start_type=ATG;rbs_motif=AGGA;rbs_spacer=5-10bp;gc_cont=0.528
NZ_ABFG01000001.1:222821-223636|+ -            272 22268at91347         -            406     0.031   11.1   0.0   2   2     0.036        15    2.3   0.0   101   133   164   196   113   207 0.82 NZ_ABFG01000001.1_207 # 222821 # 223636 # 1 # ID=50_207;partial=00;start_type=ATG;rbs_motif=AGGA;rbs_spacer=5-10bp;gc_cont=0.528
NZ_ABFG01000002.1:326023-326790|+ -            256 22268at91347         -            406     0.042   10.7   0.0   1   1   0.00015     0.061   10.1   0.0    85   121    20    56    13    64 0.89 NZ_ABFG01000002.1_290 # 326023 # 326790 # 1 # ID=49_290;partial=00;start_type=ATG;rbs_motif=AGGAG;rbs_spacer=5-10bp;gc_cont=0.569
NZ_ABFG01000001.1:44468-45415|+   -            316 22268at91347         -            406     0.054   10.3   0.0   1   1   0.00021     0.085    9.7   0.0    84   122    15    53    12    65 0.91 NZ_ABFG01000001.1_40 # 44468 # 45415 # 1 # ID=50_40;partial=00;start_type=ATG;rbs_motif=GGAG/GAGG;rbs_spacer=5-10bp;gc_cont=0.580
#
# Program:         hmmsearch
# Version:         3.4 (Aug 2023)
# Pipeline mode:   SEARCH
# Query file:      /Users/dizzler/Projects/School/BIOL4600-Capstone/busco_downloads/lineages/enterobacterales_odb10/hmms/22268at91347.hmm
# Target file:     reports/busco-results/GCF_000171515.1_ASM17151v1_genomic.fna/prodigal_output/predicted_genes/predicted.faa
# Option settings: hmmsearch --domtblout reports/busco-results/GCF_000171515.1_ASM17151v1_genomic.fna/run_enterobacterales_odb10/hmmer_output/22268at91347.out --cpu 1 /Users/dizzler/Projects/School/BIOL4600-Capstone/busco_downloads/lineages/enterobacterales_odb10/hmms/22268at91347.hmm reports/busco-results/GCF_000171515.1_ASM17151v1_genomic.fna/prodigal_output/predicted_genes/predicted.faa 
# Current dir:     /Users/dizzler/Projects/School/BIOL4600-Capstone
# Date:            Sat Feb 21 23:27:11 2026
# [ok]
