#                                                                                         --- full sequence --- -------------- this domain -------------   hmm coord   ali coord   env coord
# target name                     accession   tlen query name           accession   qlen   E-value  score  bias   #  of  c-Evalue  i-Evalue  score  bias  from    to  from    to  from    to  acc description of target
#             ------------------- ---------- ----- -------------------- ---------- ----- --------- ------ ----- --- --- --------- --------- ------ ----- ----- ----- ----- ----- ----- ----- ---- ---------------------
NZ_ABFG01000010.1:176837-178126|+ -            430 23619at91347         -            365  4.2e-200  662.2   0.4   1   2  9.6e-101   7.2e-98  325.9   0.0     1   173     1   179     1   183 0.95 NZ_ABFG01000010.1_162 # 176837 # 178126 # 1 # ID=41_162;partial=00;start_type=ATG;rbs_motif=None;rbs_spacer=None;gc_cont=0.584
NZ_ABFG01000010.1:176837-178126|+ -            430 23619at91347         -            365  4.2e-200  662.2   0.4   2   2  2.4e-103  1.8e-100  334.4   0.0   167   365   197   421   193   421 0.94 NZ_ABFG01000010.1_162 # 176837 # 178126 # 1 # ID=41_162;partial=00;start_type=ATG;rbs_motif=None;rbs_spacer=None;gc_cont=0.584
NZ_ABFG01000007.1:184209-185588|- -            460 23619at91347         -            365   5.6e-45  151.8   0.0   1   1   4.2e-47   3.2e-44  149.4   0.0    38   299    79   356    67   367 0.78 NZ_ABFG01000007.1_174 # 184209 # 185588 # -1 # ID=44_174;partial=00;start_type=TTG;rbs_motif=GGAG/GAGG;rbs_spacer=5-10bp;gc_cont=0.545
NZ_ABFG01000011.1:121037-122263|- -            409 23619at91347         -            365   5.4e-36  122.3   0.0   1   1   1.2e-38   8.7e-36  121.6   0.0    32   298    30   304    12   324 0.81 NZ_ABFG01000011.1_123 # 121037 # 122263 # -1 # ID=40_123;partial=00;start_type=ATG;rbs_motif=GGAG/GAGG;rbs_spacer=5-10bp;gc_cont=0.559
NZ_ABFG01000002.1:430390-431607|+ -            406 23619at91347         -            365   5.9e-36  122.1   0.0   1   1   1.2e-38   8.9e-36  121.6   0.0    38   303    39   313    17   329 0.78 NZ_ABFG01000002.1_376 # 430390 # 431607 # 1 # ID=49_376;partial=00;start_type=ATG;rbs_motif=GGxGG;rbs_spacer=5-10bp;gc_cont=0.562
NZ_ABFG01000005.1:282748-284031|- -            428 23619at91347         -            365   9.4e-33  111.6   0.5   1   2   2.3e-10   1.7e-07   28.5   0.0    56   149    56   149    22   171 0.85 NZ_ABFG01000005.1_266 # 282748 # 284031 # -1 # ID=46_266;partial=00;start_type=ATG;rbs_motif=AGGAG;rbs_spacer=5-10bp;gc_cont=0.576
NZ_ABFG01000005.1:282748-284031|- -            428 23619at91347         -            365   9.4e-33  111.6   0.5   2   2   1.8e-26   1.3e-23   81.5   0.2   170   306   195   328   175   341 0.89 NZ_ABFG01000005.1_266 # 282748 # 284031 # -1 # ID=46_266;partial=00;start_type=ATG;rbs_motif=AGGAG;rbs_spacer=5-10bp;gc_cont=0.576
NZ_ABFG01000012.1:27247-28527|+   -            427 23619at91347         -            365   4.8e-21   73.1   0.0   1   1   1.5e-23   1.2e-20   71.8   0.0    32   295    39   317    32   332 0.77 NZ_ABFG01000012.1_25 # 27247 # 28527 # 1 # ID=39_25;partial=00;start_type=ATG;rbs_motif=AGGA;rbs_spacer=5-10bp;gc_cont=0.591
#
# Program:         hmmsearch
# Version:         3.4 (Aug 2023)
# Pipeline mode:   SEARCH
# Query file:      /Users/dizzler/Projects/School/BIOL4600-Capstone/databases/lineages/enterobacterales_odb10/hmms/23619at91347.hmm
# Target file:     /Users/dizzler/Projects/School/BIOL4600-Capstone/reports/busco-results/GCF_000171515.1_ASM17151v1_genomic.fna/prodigal_output/predicted_genes/predicted.faa
# Option settings: hmmsearch --domtblout /Users/dizzler/Projects/School/BIOL4600-Capstone/reports/busco-results/GCF_000171515.1_ASM17151v1_genomic.fna/run_enterobacterales_odb10/hmmer_output/23619at91347.out --cpu 1 /Users/dizzler/Projects/School/BIOL4600-Capstone/databases/lineages/enterobacterales_odb10/hmms/23619at91347.hmm /Users/dizzler/Projects/School/BIOL4600-Capstone/reports/busco-results/GCF_000171515.1_ASM17151v1_genomic.fna/prodigal_output/predicted_genes/predicted.faa 
# Current dir:     /Users/dizzler/Projects/School/BIOL4600-Capstone
# Date:            Wed Feb 25 22:53:35 2026
# [ok]
