#                                                                                         --- full sequence --- -------------- this domain -------------   hmm coord   ali coord   env coord
# target name                     accession   tlen query name           accession   qlen   E-value  score  bias   #  of  c-Evalue  i-Evalue  score  bias  from    to  from    to  from    to  acc description of target
#             ------------------- ---------- ----- -------------------- ---------- ----- --------- ------ ----- --- --- --------- --------- ------ ----- ----- ----- ----- ----- ----- ----- ---- ---------------------
NZ_ABFG01000003.1:243123-244487|+ -            455 26452at91347         -            382  6.3e-174  576.2  29.7   1   1  1.3e-172  1.6e-170  565.0  29.7     1   382     1   449     1   449 0.89 NZ_ABFG01000003.1_247 # 243123 # 244487 # 1 # ID=48_247;partial=00;start_type=ATG;rbs_motif=GGAG/GAGG;rbs_spacer=5-10bp;gc_cont=0.552
NZ_ABFG01000001.1:102373-103572|- -            400 26452at91347         -            382   8.1e-18   62.3  13.6   1   2   9.9e-20   1.2e-17   61.7   1.3     6   197     1   193     1   223 0.86 NZ_ABFG01000001.1_93 # 102373 # 103572 # -1 # ID=50_93;partial=00;start_type=GTG;rbs_motif=GGAGG;rbs_spacer=5-10bp;gc_cont=0.636
NZ_ABFG01000001.1:102373-103572|- -            400 26452at91347         -            382   8.1e-18   62.3  13.6   2   2     0.037       4.6    3.9   7.0    46   160   245   357   212   387 0.77 NZ_ABFG01000001.1_93 # 102373 # 103572 # -1 # ID=50_93;partial=00;start_type=GTG;rbs_motif=GGAGG;rbs_spacer=5-10bp;gc_cont=0.636
NZ_ABFG01000004.1:399315-400505|+ -            397 26452at91347         -            382   4.3e-16   56.6  16.4   1   1   3.5e-18   4.3e-16   56.6  16.4    10   190     9   190     1   221 0.83 NZ_ABFG01000004.1_358 # 399315 # 400505 # 1 # ID=47_358;partial=00;start_type=GTG;rbs_motif=AGGAG;rbs_spacer=5-10bp;gc_cont=0.541
NZ_ABFG01000002.1:8219-9406|-     -            396 26452at91347         -            382   2.3e-13   47.6  12.6   1   2   1.9e-15   2.3e-13   47.6  12.6    26   219    18   224     3   302 0.78 NZ_ABFG01000002.1_10 # 8219 # 9406 # -1 # ID=49_10;partial=00;start_type=ATG;rbs_motif=GGAG/GAGG;rbs_spacer=5-10bp;gc_cont=0.552
NZ_ABFG01000002.1:8219-9406|-     -            396 26452at91347         -            382   2.3e-13   47.6  12.6   2   2      0.33        41    0.8   0.4   159   190   349   383   327   391 0.64 NZ_ABFG01000002.1_10 # 8219 # 9406 # -1 # ID=49_10;partial=00;start_type=ATG;rbs_motif=GGAG/GAGG;rbs_spacer=5-10bp;gc_cont=0.552
NZ_ABFG01000002.1:58292-59476|-   -            395 26452at91347         -            382   2.4e-13   47.6   4.6   1   2   1.9e-15   2.4e-13   47.6   4.6    14   173    11   171     1   189 0.76 NZ_ABFG01000002.1_54 # 58292 # 59476 # -1 # ID=49_54;partial=00;start_type=ATG;rbs_motif=None;rbs_spacer=None;gc_cont=0.586
NZ_ABFG01000002.1:58292-59476|-   -            395 26452at91347         -            382   2.4e-13   47.6   4.6   2   2       8.9   1.1e+03   -4.0   0.3   316   336   231   246   221   255 0.46 NZ_ABFG01000002.1_54 # 58292 # 59476 # -1 # ID=49_54;partial=00;start_type=ATG;rbs_motif=None;rbs_spacer=None;gc_cont=0.586
NZ_ABFG01000011.1:2-1018|+        -            339 26452at91347         -            382   3.8e-13   47.0   0.5   1   2     3e-15   3.8e-13   47.0   0.5    70   192     1   125     1   159 0.92 NZ_ABFG01000011.1_1 # 2 # 1018 # 1 # ID=40_1;partial=10;start_type=Edge;rbs_motif=None;rbs_spacer=None;gc_cont=0.545
NZ_ABFG01000011.1:2-1018|+        -            339 26452at91347         -            382   3.8e-13   47.0   0.5   2   2         1   1.3e+02   -0.9   0.4   203   224   276   297   225   317 0.57 NZ_ABFG01000011.1_1 # 2 # 1018 # 1 # ID=40_1;partial=10;start_type=Edge;rbs_motif=None;rbs_spacer=None;gc_cont=0.545
NZ_ABFG01000006.1:240806-242047|+ -            414 26452at91347         -            382   9.6e-12   42.3  11.6   1   1   1.4e-13   1.8e-11   41.5  11.6    52   191    56   197    46   276 0.92 NZ_ABFG01000006.1_211 # 240806 # 242047 # 1 # ID=45_211;partial=00;start_type=ATG;rbs_motif=GGAG/GAGG;rbs_spacer=5-10bp;gc_cont=0.576
NZ_ABFG01000001.1:767180-768433|+ -            418 26452at91347         -            382   1.5e-11   41.7  18.1   1   2   1.1e-10   1.4e-08   31.9   8.3    30   205    58   231    34   261 0.80 NZ_ABFG01000001.1_744 # 767180 # 768433 # 1 # ID=50_744;partial=00;start_type=GTG;rbs_motif=AGGA;rbs_spacer=5-10bp;gc_cont=0.551
NZ_ABFG01000001.1:767180-768433|+ -            418 26452at91347         -            382   1.5e-11   41.7  18.1   2   2   1.3e-05    0.0017   15.2   2.2   259   328   317   385   294   399 0.86 NZ_ABFG01000001.1_744 # 767180 # 768433 # 1 # ID=50_744;partial=00;start_type=GTG;rbs_motif=AGGA;rbs_spacer=5-10bp;gc_cont=0.551
NZ_ABFG01000003.1:150548-151795|- -            416 26452at91347         -            382   1.6e-11   41.6  27.3   1   2   4.4e-13   5.5e-11   39.8  12.8    29   184    32   192     8   209 0.81 NZ_ABFG01000003.1_162 # 150548 # 151795 # -1 # ID=48_162;partial=00;start_type=ATG;rbs_motif=GGA/GAG/AGG;rbs_spacer=5-10bp;gc_cont=0.463
NZ_ABFG01000003.1:150548-151795|- -            416 26452at91347         -            382   1.6e-11   41.6  27.3   2   2    0.0025      0.31    7.7   6.5    17   190   228   407   214   414 0.71 NZ_ABFG01000003.1_162 # 150548 # 151795 # -1 # ID=48_162;partial=00;start_type=ATG;rbs_motif=GGA/GAG/AGG;rbs_spacer=5-10bp;gc_cont=0.463
NZ_ABFG01000010.1:97211-98443|-   -            411 26452at91347         -            382   3.5e-10   37.2   4.0   1   2   2.8e-12   3.5e-10   37.2   4.0    60   200    65   207    48   253 0.83 NZ_ABFG01000010.1_86 # 97211 # 98443 # -1 # ID=41_86;partial=00;start_type=ATG;rbs_motif=GGA/GAG/AGG;rbs_spacer=5-10bp;gc_cont=0.549
NZ_ABFG01000010.1:97211-98443|-   -            411 26452at91347         -            382   3.5e-10   37.2   4.0   2   2       1.2   1.6e+02   -1.1   0.6    87    98   295   306   257   397 0.68 NZ_ABFG01000010.1_86 # 97211 # 98443 # -1 # ID=41_86;partial=00;start_type=ATG;rbs_motif=GGA/GAG/AGG;rbs_spacer=5-10bp;gc_cont=0.549
NZ_ABFG01000001.1:708489-709730|+ -            414 26452at91347         -            382   3.8e-10   37.1  12.2   1   2   3.1e-12   3.8e-10   37.1  12.2    16   216    25   226    12   248 0.79 NZ_ABFG01000001.1_683 # 708489 # 709730 # 1 # ID=50_683;partial=00;start_type=ATG;rbs_motif=GGA/GAG/AGG;rbs_spacer=5-10bp;gc_cont=0.494
NZ_ABFG01000001.1:708489-709730|+ -            414 26452at91347         -            382   3.8e-10   37.1  12.2   2   2       1.8   2.2e+02   -1.7  11.8   232   363   273   411   270   413 0.62 NZ_ABFG01000001.1_683 # 708489 # 709730 # 1 # ID=50_683;partial=00;start_type=ATG;rbs_motif=GGA/GAG/AGG;rbs_spacer=5-10bp;gc_cont=0.494
NZ_ABFG01000013.1:21470-22678|+   -            403 26452at91347         -            382   4.8e-10   36.7  17.8   1   1     4e-11     5e-09   33.4  17.7    22   330    21   359    11   368 0.72 NZ_ABFG01000013.1_22 # 21470 # 22678 # 1 # ID=38_22;partial=00;start_type=ATG;rbs_motif=GGAGG;rbs_spacer=3-4bp;gc_cont=0.566
NZ_ABFG01000001.1:80240-81652|-   -            471 26452at91347         -            382   1.1e-09   35.6  10.0   1   1   8.5e-12   1.1e-09   35.6  10.0    49   211    47   211     7   216 0.83 NZ_ABFG01000001.1_74 # 80240 # 81652 # -1 # ID=50_74;partial=00;start_type=ATG;rbs_motif=AGxAG;rbs_spacer=3-4bp;gc_cont=0.543
NZ_ABFG01000013.1:50449-51729|-   -            427 26452at91347         -            382   1.5e-09   35.1   0.8   1   3   1.2e-11   1.5e-09   35.1   0.8    67   193    73   200    69   251 0.80 NZ_ABFG01000013.1_56 # 50449 # 51729 # -1 # ID=38_56;partial=00;start_type=GTG;rbs_motif=GGA/GAG/AGG;rbs_spacer=5-10bp;gc_cont=0.452
NZ_ABFG01000013.1:50449-51729|-   -            427 26452at91347         -            382   1.5e-09   35.1   0.8   2   3     0.031       3.9    4.1   0.1    64    89   283   308   272   337 0.86 NZ_ABFG01000013.1_56 # 50449 # 51729 # -1 # ID=38_56;partial=00;start_type=GTG;rbs_motif=GGA/GAG/AGG;rbs_spacer=5-10bp;gc_cont=0.452
NZ_ABFG01000013.1:50449-51729|-   -            427 26452at91347         -            382   1.5e-09   35.1   0.8   3   3       2.7   3.3e+02   -2.2   0.1   145   183   390   407   371   419 0.49 NZ_ABFG01000013.1_56 # 50449 # 51729 # -1 # ID=38_56;partial=00;start_type=GTG;rbs_motif=GGA/GAG/AGG;rbs_spacer=5-10bp;gc_cont=0.452
NZ_ABFG01000002.1:360926-362260|- -            445 26452at91347         -            382   2.3e-09   34.5   1.4   1   2   1.9e-11   2.3e-09   34.5   1.4    46   185    52   193    45   206 0.89 NZ_ABFG01000002.1_320 # 360926 # 362260 # -1 # ID=49_320;partial=00;start_type=ATG;rbs_motif=GGA/GAG/AGG;rbs_spacer=5-10bp;gc_cont=0.542
NZ_ABFG01000002.1:360926-362260|- -            445 26452at91347         -            382   2.3e-09   34.5   1.4   2   2       1.3   1.6e+02   -1.2   0.6   318   354   374   410   363   416 0.81 NZ_ABFG01000002.1_320 # 360926 # 362260 # -1 # ID=49_320;partial=00;start_type=ATG;rbs_motif=GGA/GAG/AGG;rbs_spacer=5-10bp;gc_cont=0.542
NZ_ABFG01000017.1:17596-18990|-   -            465 26452at91347         -            382   2.8e-09   34.2  24.1   1   2   7.7e-08   9.6e-06   22.6   6.3    65   160    70   167    58   197 0.73 NZ_ABFG01000017.1_23 # 17596 # 18990 # -1 # ID=34_23;partial=00;start_type=ATG;rbs_motif=GGAGG;rbs_spacer=5-10bp;gc_cont=0.553
NZ_ABFG01000017.1:17596-18990|-   -            465 26452at91347         -            382   2.8e-09   34.2  24.1   2   2   1.6e-05    0.0019   15.0   9.8    55   202   295   453   249   456 0.71 NZ_ABFG01000017.1_23 # 17596 # 18990 # -1 # ID=34_23;partial=00;start_type=ATG;rbs_motif=GGAGG;rbs_spacer=5-10bp;gc_cont=0.553
NZ_ABFG01000005.1:39889-41307|+   -            473 26452at91347         -            382   1.5e-08   31.8  21.2   1   2   9.4e-09   1.2e-06   25.6   6.3    61   184    73   198    35   220 0.87 NZ_ABFG01000005.1_40 # 39889 # 41307 # 1 # ID=46_40;partial=00;start_type=ATG;rbs_motif=GGA/GAG/AGG;rbs_spacer=5-10bp;gc_cont=0.527
NZ_ABFG01000005.1:39889-41307|+   -            473 26452at91347         -            382   1.5e-08   31.8  21.2   2   2   0.00024     0.029   11.1   5.4    69   201   316   462   290   467 0.69 NZ_ABFG01000005.1_40 # 39889 # 41307 # 1 # ID=46_40;partial=00;start_type=ATG;rbs_motif=GGA/GAG/AGG;rbs_spacer=5-10bp;gc_cont=0.527
NZ_ABFG01000013.1:31278-32492|+   -            405 26452at91347         -            382   5.3e-08   30.0  26.1   1   2     2e-07   2.5e-05   21.2  10.1    29   190    30   196    10   226 0.79 NZ_ABFG01000013.1_34 # 31278 # 32492 # 1 # ID=38_34;partial=00;start_type=ATG;rbs_motif=GGA/GAG/AGG;rbs_spacer=5-10bp;gc_cont=0.544
NZ_ABFG01000013.1:31278-32492|+   -            405 26452at91347         -            382   5.3e-08   30.0  26.1   2   2   3.5e-05    0.0043   13.9   9.3    12   174   218   385   209   393 0.74 NZ_ABFG01000013.1_34 # 31278 # 32492 # 1 # ID=38_34;partial=00;start_type=ATG;rbs_motif=GGA/GAG/AGG;rbs_spacer=5-10bp;gc_cont=0.544
NZ_ABFG01000008.1:255284-256711|+ -            476 26452at91347         -            382   6.7e-08   29.7  10.8   1   2   5.3e-10   6.7e-08   29.7  10.8    52   249    51   246     5   268 0.75 NZ_ABFG01000008.1_226 # 255284 # 256711 # 1 # ID=43_226;partial=00;start_type=ATG;rbs_motif=AGGA;rbs_spacer=5-10bp;gc_cont=0.523
NZ_ABFG01000008.1:255284-256711|+ -            476 26452at91347         -            382   6.7e-08   29.7  10.8   2   2       5.5   6.9e+02   -3.3   4.5    84   152   334   414   309   462 0.47 NZ_ABFG01000008.1_226 # 255284 # 256711 # 1 # ID=43_226;partial=00;start_type=ATG;rbs_motif=AGGA;rbs_spacer=5-10bp;gc_cont=0.523
NZ_ABFG01000004.1:249523-250701|+ -            393 26452at91347         -            382   1.5e-07   28.5  21.0   1   3   6.1e-05    0.0076   13.0   4.1    22   177    26   191     6   207 0.75 NZ_ABFG01000004.1_221 # 249523 # 250701 # 1 # ID=47_221;partial=00;start_type=ATG;rbs_motif=GGAG/GAGG;rbs_spacer=5-10bp;gc_cont=0.610
NZ_ABFG01000004.1:249523-250701|+ -            393 26452at91347         -            382   1.5e-07   28.5  21.0   2   3       5.8   7.3e+02   -3.4   0.0   100   113   218   231   213   241 0.71 NZ_ABFG01000004.1_221 # 249523 # 250701 # 1 # ID=47_221;partial=00;start_type=ATG;rbs_motif=GGAG/GAGG;rbs_spacer=5-10bp;gc_cont=0.610
NZ_ABFG01000004.1:249523-250701|+ -            393 26452at91347         -            382   1.5e-07   28.5  21.0   3   3   3.6e-07   4.5e-05   20.4   7.4    47   183   249   387   232   389 0.79 NZ_ABFG01000004.1_221 # 249523 # 250701 # 1 # ID=47_221;partial=00;start_type=ATG;rbs_motif=GGAG/GAGG;rbs_spacer=5-10bp;gc_cont=0.610
NZ_ABFG01000003.1:296035-297246|- -            404 26452at91347         -            382   1.7e-07   28.3  12.6   1   2   1.4e-09   1.7e-07   28.3  12.6    27   187    22   187     6   202 0.84 NZ_ABFG01000003.1_301 # 296035 # 297246 # -1 # ID=48_301;partial=00;start_type=ATG;rbs_motif=GGA/GAG/AGG;rbs_spacer=3-4bp;gc_cont=0.521
NZ_ABFG01000003.1:296035-297246|- -            404 26452at91347         -            382   1.7e-07   28.3  12.6   2   2     0.057       7.1    3.3  11.3    30   178   231   384   211   399 0.73 NZ_ABFG01000003.1_301 # 296035 # 297246 # -1 # ID=48_301;partial=00;start_type=ATG;rbs_motif=GGA/GAG/AGG;rbs_spacer=3-4bp;gc_cont=0.521
NZ_ABFG01000001.1:674609-676096|+ -            496 26452at91347         -            382   7.4e-07   26.2  20.4   1   2     6e-09   7.4e-07   26.2  20.4    37   286    32   282     8   339 0.69 NZ_ABFG01000001.1_651 # 674609 # 676096 # 1 # ID=50_651;partial=00;start_type=ATG;rbs_motif=GGA/GAG/AGG;rbs_spacer=5-10bp;gc_cont=0.581
NZ_ABFG01000001.1:674609-676096|+ -            496 26452at91347         -            382   7.4e-07   26.2  20.4   2   2       2.1   2.6e+02   -1.9   0.1   279   329   360   412   344   421 0.74 NZ_ABFG01000001.1_651 # 674609 # 676096 # 1 # ID=50_651;partial=00;start_type=ATG;rbs_motif=GGA/GAG/AGG;rbs_spacer=5-10bp;gc_cont=0.581
NZ_ABFG01000005.1:265005-266189|- -            395 26452at91347         -            382   1.3e-06   25.5   9.6   1   3     1e-08   1.3e-06   25.5   9.6    58   214    60   213    11   249 0.79 NZ_ABFG01000005.1_245 # 265005 # 266189 # -1 # ID=46_245;partial=00;start_type=ATG;rbs_motif=None;rbs_spacer=None;gc_cont=0.592
NZ_ABFG01000005.1:265005-266189|- -            395 26452at91347         -            382   1.3e-06   25.5   9.6   2   3       1.3   1.6e+02   -1.2   0.3    54   106   254   307   244   331 0.67 NZ_ABFG01000005.1_245 # 265005 # 266189 # -1 # ID=46_245;partial=00;start_type=ATG;rbs_motif=None;rbs_spacer=None;gc_cont=0.592
NZ_ABFG01000005.1:265005-266189|- -            395 26452at91347         -            382   1.3e-06   25.5   9.6   3   3      0.96   1.2e+02   -0.8   0.7   285   324   318   356   270   370 0.60 NZ_ABFG01000005.1_245 # 265005 # 266189 # -1 # ID=46_245;partial=00;start_type=ATG;rbs_motif=None;rbs_spacer=None;gc_cont=0.592
NZ_ABFG01000003.1:360816-361445|- -            210 26452at91347         -            382   2.4e-06   24.6   6.0   1   1   2.4e-08     3e-06   24.3   6.0    65   191    67   195    30   206 0.79 NZ_ABFG01000003.1_355 # 360816 # 361445 # -1 # ID=48_355;partial=00;start_type=ATG;rbs_motif=GGA/GAG/AGG;rbs_spacer=5-10bp;gc_cont=0.427
NZ_ABFG01000001.1:392697-394070|- -            458 26452at91347         -            382   2.5e-06   24.5  12.2   1   2     2e-08   2.5e-06   24.5  12.2    53   194    57   200    15   223 0.76 NZ_ABFG01000001.1_384 # 392697 # 394070 # -1 # ID=50_384;partial=00;start_type=ATG;rbs_motif=None;rbs_spacer=None;gc_cont=0.552
NZ_ABFG01000001.1:392697-394070|- -            458 26452at91347         -            382   2.5e-06   24.5  12.2   2   2       2.8   3.5e+02   -2.3   0.1   291   328   383   420   361   423 0.81 NZ_ABFG01000001.1_384 # 392697 # 394070 # -1 # ID=50_384;partial=00;start_type=ATG;rbs_motif=None;rbs_spacer=None;gc_cont=0.552
NZ_ABFG01000003.1:439751-440926|- -            392 26452at91347         -            382     5e-06   23.5  13.8   1   1     4e-08     5e-06   23.5  13.8    28   189    20   182     6   206 0.85 NZ_ABFG01000003.1_433 # 439751 # 440926 # -1 # ID=48_433;partial=00;start_type=ATG;rbs_motif=GGAG/GAGG;rbs_spacer=5-10bp;gc_cont=0.558
NZ_ABFG01000001.1:26621-27979|+   -            453 26452at91347         -            382   5.3e-06   23.4   0.7   1   1   4.2e-08   5.3e-06   23.4   0.7    67   188    77   200    65   213 0.89 NZ_ABFG01000001.1_25 # 26621 # 27979 # 1 # ID=50_25;partial=00;start_type=ATG;rbs_motif=GGAG/GAGG;rbs_spacer=5-10bp;gc_cont=0.586
NZ_ABFG01000003.1:329704-330957|- -            418 26452at91347         -            382   6.8e-06   23.1  17.5   1   2   4.1e-06   0.00051   16.9   8.9    12   219    14   226     6   241 0.78 NZ_ABFG01000003.1_327 # 329704 # 330957 # -1 # ID=48_327;partial=00;start_type=ATG;rbs_motif=AGGA;rbs_spacer=5-10bp;gc_cont=0.542
NZ_ABFG01000003.1:329704-330957|- -            418 26452at91347         -            382   6.8e-06   23.1  17.5   2   2   0.00023     0.029   11.1   1.4    47    86   250   289   237   320 0.82 NZ_ABFG01000003.1_327 # 329704 # 330957 # -1 # ID=48_327;partial=00;start_type=ATG;rbs_motif=AGGA;rbs_spacer=5-10bp;gc_cont=0.542
NZ_ABFG01000001.1:731046-732236|+ -            397 26452at91347         -            382   0.00023   18.0  28.3   1   1   1.8e-05    0.0023   14.7  28.2    45   229    46   230    16   369 0.89 NZ_ABFG01000001.1_705 # 731046 # 732236 # 1 # ID=50_705;partial=00;start_type=ATG;rbs_motif=None;rbs_spacer=None;gc_cont=0.531
NZ_ABFG01000006.1:320235-321461|- -            409 26452at91347         -            382   0.00031   17.6  21.3   1   2   0.00014     0.018   11.8   6.8    42   183    47   195    38   222 0.69 NZ_ABFG01000006.1_287 # 320235 # 321461 # -1 # ID=45_287;partial=00;start_type=ATG;rbs_motif=GGAG/GAGG;rbs_spacer=5-10bp;gc_cont=0.516
NZ_ABFG01000006.1:320235-321461|- -            409 26452at91347         -            382   0.00031   17.6  21.3   2   2   0.00013     0.016   12.0   6.5    54   139   267   358   226   408 0.71 NZ_ABFG01000006.1_287 # 320235 # 321461 # -1 # ID=45_287;partial=00;start_type=ATG;rbs_motif=GGAG/GAGG;rbs_spacer=5-10bp;gc_cont=0.516
NZ_ABFG01000005.1:261124-262662|- -            513 26452at91347         -            382   0.00036   17.4   3.7   1   2   2.8e-06   0.00036   17.4   3.7    53   214    55   220    43   223 0.71 NZ_ABFG01000005.1_242 # 261124 # 262662 # -1 # ID=46_242;partial=00;start_type=ATG;rbs_motif=GGAG/GAGG;rbs_spacer=5-10bp;gc_cont=0.571
NZ_ABFG01000005.1:261124-262662|- -            513 26452at91347         -            382   0.00036   17.4   3.7   2   2       1.3   1.7e+02   -1.3   5.4   170   253   234   324   228   355 0.66 NZ_ABFG01000005.1_242 # 261124 # 262662 # -1 # ID=46_242;partial=00;start_type=ATG;rbs_motif=GGAG/GAGG;rbs_spacer=5-10bp;gc_cont=0.571
NZ_ABFG01000004.1:346089-347306|+ -            406 26452at91347         -            382   0.00056   16.8  14.5   1   2   4.5e-06   0.00056   16.8  14.5    11   190    17   199     7   231 0.80 NZ_ABFG01000004.1_311 # 346089 # 347306 # 1 # ID=47_311;partial=00;start_type=GTG;rbs_motif=GGA/GAG/AGG;rbs_spacer=5-10bp;gc_cont=0.498
NZ_ABFG01000004.1:346089-347306|+ -            406 26452at91347         -            382   0.00056   16.8  14.5   2   2     0.057       7.1    3.3  12.2    55   177   258   382   219   393 0.79 NZ_ABFG01000004.1_311 # 346089 # 347306 # 1 # ID=47_311;partial=00;start_type=GTG;rbs_motif=GGA/GAG/AGG;rbs_spacer=5-10bp;gc_cont=0.498
NZ_ABFG01000007.1:63988-65478|+   -            497 26452at91347         -            382    0.0066   13.2  16.5   1   2   1.1e-05    0.0014   15.5  10.8    66   338    74   349    66   369 0.74 NZ_ABFG01000007.1_56 # 63988 # 65478 # 1 # ID=44_56;partial=00;start_type=ATG;rbs_motif=GGAG/GAGG;rbs_spacer=5-10bp;gc_cont=0.553
NZ_ABFG01000007.1:63988-65478|+   -            497 26452at91347         -            382    0.0066   13.2  16.5   2   2      0.85   1.1e+02   -0.6   0.1   148   190   416   459   395   463 0.72 NZ_ABFG01000007.1_56 # 63988 # 65478 # 1 # ID=44_56;partial=00;start_type=ATG;rbs_motif=GGAG/GAGG;rbs_spacer=5-10bp;gc_cont=0.553
NZ_ABFG01000006.1:327092-328258|+ -            389 26452at91347         -            382     0.057   10.2  12.0   1   3      0.18        22    1.7   5.4    20   113    20   121     5   126 0.69 NZ_ABFG01000006.1_291 # 327092 # 328258 # 1 # ID=45_291;partial=00;start_type=ATG;rbs_motif=AGGA;rbs_spacer=5-10bp;gc_cont=0.607
NZ_ABFG01000006.1:327092-328258|+ -            389 26452at91347         -            382     0.057   10.2  12.0   2   3    0.0094       1.2    5.8   0.3    49   114   247   312   230   316 0.93 NZ_ABFG01000006.1_291 # 327092 # 328258 # 1 # ID=45_291;partial=00;start_type=ATG;rbs_motif=AGGA;rbs_spacer=5-10bp;gc_cont=0.607
NZ_ABFG01000006.1:327092-328258|+ -            389 26452at91347         -            382     0.057   10.2  12.0   3   3     0.015       1.9    5.1   0.0   292   331   322   361   313   382 0.85 NZ_ABFG01000006.1_291 # 327092 # 328258 # 1 # ID=45_291;partial=00;start_type=ATG;rbs_motif=AGGA;rbs_spacer=5-10bp;gc_cont=0.607
NZ_ABFG01000001.1:735537-736724|+ -            396 26452at91347         -            382     0.062   10.0  23.1   1   1    0.0013      0.16    8.7  22.3    13   188     9   185     1   372 0.84 NZ_ABFG01000001.1_711 # 735537 # 736724 # 1 # ID=50_711;partial=00;start_type=ATG;rbs_motif=GGA/GAG/AGG;rbs_spacer=5-10bp;gc_cont=0.524
NZ_ABFG01000005.1:169460-170668|+ -            403 26452at91347         -            382      0.15    8.7  24.5   1   2   9.7e-06    0.0012   15.7  10.0    10   187     5   183     1   215 0.78 NZ_ABFG01000005.1_149 # 169460 # 170668 # 1 # ID=46_149;partial=00;start_type=ATG;rbs_motif=GGAGG;rbs_spacer=5-10bp;gc_cont=0.543
NZ_ABFG01000005.1:169460-170668|+ -            403 26452at91347         -            382      0.15    8.7  24.5   2   2         2   2.6e+02   -1.9   8.0    15   105   205   301   200   395 0.71 NZ_ABFG01000005.1_149 # 169460 # 170668 # 1 # ID=46_149;partial=00;start_type=ATG;rbs_motif=GGAGG;rbs_spacer=5-10bp;gc_cont=0.543
#
# Program:         hmmsearch
# Version:         3.4 (Aug 2023)
# Pipeline mode:   SEARCH
# Query file:      /Users/dizzler/Projects/School/BIOL4600-Capstone/databases/lineages/enterobacterales_odb10/hmms/26452at91347.hmm
# Target file:     /Users/dizzler/Projects/School/BIOL4600-Capstone/reports/busco-results/GCF_000171515.1_ASM17151v1_genomic.fna/prodigal_output/predicted_genes/predicted.faa
# Option settings: hmmsearch --domtblout /Users/dizzler/Projects/School/BIOL4600-Capstone/reports/busco-results/GCF_000171515.1_ASM17151v1_genomic.fna/run_enterobacterales_odb10/hmmer_output/26452at91347.out --cpu 1 /Users/dizzler/Projects/School/BIOL4600-Capstone/databases/lineages/enterobacterales_odb10/hmms/26452at91347.hmm /Users/dizzler/Projects/School/BIOL4600-Capstone/reports/busco-results/GCF_000171515.1_ASM17151v1_genomic.fna/prodigal_output/predicted_genes/predicted.faa 
# Current dir:     /Users/dizzler/Projects/School/BIOL4600-Capstone
# Date:            Wed Feb 25 22:53:36 2026
# [ok]
