#                                                                                         --- full sequence --- -------------- this domain -------------   hmm coord   ali coord   env coord
# target name                     accession   tlen query name           accession   qlen   E-value  score  bias   #  of  c-Evalue  i-Evalue  score  bias  from    to  from    to  from    to  acc description of target
#             ------------------- ---------- ----- -------------------- ---------- ----- --------- ------ ----- --- --- --------- --------- ------ ----- ----- ----- ----- ----- ----- ----- ---- ---------------------
NZ_ABFG01000007.1:100601-101773|+ -            391 31545at91347         -            292  2.3e-148  491.2   0.2   1   2  7.5e-148  4.2e-145  480.5   0.1     1   273     1   289     1   303 0.95 NZ_ABFG01000007.1_93 # 100601 # 101773 # 1 # ID=44_93;partial=00;start_type=ATG;rbs_motif=GGAG/GAGG;rbs_spacer=5-10bp;gc_cont=0.549
NZ_ABFG01000007.1:100601-101773|+ -            391 31545at91347         -            292  2.3e-148  491.2   0.2   2   2   0.00031      0.17    9.1   0.0   273   292   309   332   307   332 0.88 NZ_ABFG01000007.1_93 # 100601 # 101773 # 1 # ID=44_93;partial=00;start_type=ATG;rbs_motif=GGAG/GAGG;rbs_spacer=5-10bp;gc_cont=0.549
NZ_ABFG01000009.1:27047-28327|-   -            427 31545at91347         -            292   2.5e-14   51.2   0.0   1   1   7.6e-17   4.3e-14   50.5   0.0   141   273   193   323   167   327 0.78 NZ_ABFG01000009.1_34 # 27047 # 28327 # -1 # ID=42_34;partial=00;start_type=TTG;rbs_motif=GGAG/GAGG;rbs_spacer=5-10bp;gc_cont=0.542
NZ_ABFG01000001.1:449800-450891|- -            364 31545at91347         -            292   2.9e-14   51.0   0.3   1   2   1.7e-15   9.3e-13   46.1   0.2   151   239     5   110     3   142 0.76 NZ_ABFG01000001.1_442 # 449800 # 450891 # -1 # ID=50_442;partial=00;start_type=ATG;rbs_motif=GGA/GAG/AGG;rbs_spacer=5-10bp;gc_cont=0.528
NZ_ABFG01000001.1:449800-450891|- -            364 31545at91347         -            292   2.9e-14   51.0   0.3   2   2      0.55   3.1e+02   -1.6   0.0   156   197   172   213   129   215 0.67 NZ_ABFG01000001.1_442 # 449800 # 450891 # -1 # ID=50_442;partial=00;start_type=ATG;rbs_motif=GGA/GAG/AGG;rbs_spacer=5-10bp;gc_cont=0.528
NZ_ABFG01000004.1:88227-89699|+   -            491 31545at91347         -            292   1.2e-13   49.0   0.0   1   2   6.9e-11   3.9e-08   30.9   0.0   151   271     5   122     1   132 0.85 NZ_ABFG01000004.1_80 # 88227 # 89699 # 1 # ID=47_80;partial=00;start_type=ATG;rbs_motif=GGAG/GAGG;rbs_spacer=5-10bp;gc_cont=0.551
NZ_ABFG01000004.1:88227-89699|+   -            491 31545at91347         -            292   1.2e-13   49.0   0.0   2   2   2.4e-06    0.0014   16.0   0.0   151   238   205   297   198   327 0.80 NZ_ABFG01000004.1_80 # 88227 # 89699 # 1 # ID=47_80;partial=00;start_type=ATG;rbs_motif=GGAG/GAGG;rbs_spacer=5-10bp;gc_cont=0.551
NZ_ABFG01000002.1:382992-385310|- -            773 31545at91347         -            292   3.9e-05   21.0   0.0   1   1   1.1e-07     6e-05   20.4   0.0   151   206     6    61     3   139 0.85 NZ_ABFG01000002.1_337 # 382992 # 385310 # -1 # ID=49_337;partial=00;start_type=ATG;rbs_motif=GGA/GAG/AGG;rbs_spacer=5-10bp;gc_cont=0.564
NZ_ABFG01000002.1:9589-10953|-    -            455 31545at91347         -            292   0.00075   16.8   0.0   1   1     2e-06    0.0011   16.3   0.0   151   272   219   340   212   350 0.88 NZ_ABFG01000002.1_11 # 9589 # 10953 # -1 # ID=49_11;partial=00;start_type=ATG;rbs_motif=GGA/GAG/AGG;rbs_spacer=5-10bp;gc_cont=0.599
NZ_ABFG01000006.1:174419-176086|+ -            556 31545at91347         -            292   0.00094   16.5   0.1   1   2   0.00017     0.098    9.9   0.0   140   169    24    53    10    60 0.88 NZ_ABFG01000006.1_152 # 174419 # 176086 # 1 # ID=45_152;partial=00;start_type=GTG;rbs_motif=AGGA/GGAG/GAGG;rbs_spacer=11-12bp;gc_cont=0.577
NZ_ABFG01000006.1:174419-176086|+ -            556 31545at91347         -            292   0.00094   16.5   0.1   2   2    0.0091       5.1    4.2   0.0   149   170   350   371   327   377 0.85 NZ_ABFG01000006.1_152 # 174419 # 176086 # 1 # ID=45_152;partial=00;start_type=GTG;rbs_motif=AGGA/GGAG/GAGG;rbs_spacer=11-12bp;gc_cont=0.577
NZ_ABFG01000004.1:15008-15913|+   -            302 31545at91347         -            292     0.011   13.1   0.1   1   2   3.9e-05     0.022   12.0   0.0   151   212    11    73     6   131 0.83 NZ_ABFG01000004.1_16 # 15008 # 15913 # 1 # ID=47_16;partial=00;start_type=ATG;rbs_motif=GGAG/GAGG;rbs_spacer=5-10bp;gc_cont=0.515
NZ_ABFG01000004.1:15008-15913|+   -            302 31545at91347         -            292     0.011   13.1   0.1   2   2       1.8   9.9e+02   -3.3   0.0    72   136   241   268   230   282 0.50 NZ_ABFG01000004.1_16 # 15008 # 15913 # 1 # ID=47_16;partial=00;start_type=ATG;rbs_motif=GGAG/GAGG;rbs_spacer=5-10bp;gc_cont=0.515
#
# Program:         hmmsearch
# Version:         3.4 (Aug 2023)
# Pipeline mode:   SEARCH
# Query file:      /Users/dizzler/Projects/School/BIOL4600-Capstone/databases/lineages/enterobacterales_odb10/hmms/31545at91347.hmm
# Target file:     /Users/dizzler/Projects/School/BIOL4600-Capstone/reports/busco-results/GCF_000171515.1_ASM17151v1_genomic.fna/prodigal_output/predicted_genes/predicted.faa
# Option settings: hmmsearch --domtblout /Users/dizzler/Projects/School/BIOL4600-Capstone/reports/busco-results/GCF_000171515.1_ASM17151v1_genomic.fna/run_enterobacterales_odb10/hmmer_output/31545at91347.out --cpu 1 /Users/dizzler/Projects/School/BIOL4600-Capstone/databases/lineages/enterobacterales_odb10/hmms/31545at91347.hmm /Users/dizzler/Projects/School/BIOL4600-Capstone/reports/busco-results/GCF_000171515.1_ASM17151v1_genomic.fna/prodigal_output/predicted_genes/predicted.faa 
# Current dir:     /Users/dizzler/Projects/School/BIOL4600-Capstone
# Date:            Wed Feb 25 22:53:35 2026
# [ok]
