#                                                                                         --- full sequence --- -------------- this domain -------------   hmm coord   ali coord   env coord
# target name                     accession   tlen query name           accession   qlen   E-value  score  bias   #  of  c-Evalue  i-Evalue  score  bias  from    to  from    to  from    to  acc description of target
#             ------------------- ---------- ----- -------------------- ---------- ----- --------- ------ ----- --- --- --------- --------- ------ ----- ----- ----- ----- ----- ----- ----- ---- ---------------------
NZ_ABFG01000001.1:164025-165431|+ -            469 33151at91347         -            402  9.3e-215  711.2   0.2   1   1  1.2e-217  1.1e-214  711.0   0.2     1   402     1   466     1   466 0.92 NZ_ABFG01000001.1_146 # 164025 # 165431 # 1 # ID=50_146;partial=00;start_type=ATG;rbs_motif=AGGAG;rbs_spacer=5-10bp;gc_cont=0.522
NZ_ABFG01000003.1:151861-152739|- -            293 33151at91347         -            402   4.3e-09   34.0   0.2   1   2   9.1e-05     0.082   10.0   0.0     5    70     2    69     1    80 0.79 NZ_ABFG01000003.1_163 # 151861 # 152739 # -1 # ID=48_163;partial=00;start_type=ATG;rbs_motif=GGAG/GAGG;rbs_spacer=5-10bp;gc_cont=0.507
NZ_ABFG01000003.1:151861-152739|- -            293 33151at91347         -            402   4.3e-09   34.0   0.2   2   2   1.8e-08   1.6e-05   22.2   0.1    94   171   113   188    98   198 0.85 NZ_ABFG01000003.1_163 # 151861 # 152739 # -1 # ID=48_163;partial=00;start_type=ATG;rbs_motif=GGAG/GAGG;rbs_spacer=5-10bp;gc_cont=0.507
NZ_ABFG01000007.1:153289-154179|+ -            297 33151at91347         -            402   4.7e-07   27.2   1.7   1   1   6.5e-09   5.8e-06   23.7   1.7     4   173     3   193     1   249 0.75 NZ_ABFG01000007.1_144 # 153289 # 154179 # 1 # ID=44_144;partial=00;start_type=ATG;rbs_motif=GGA/GAG/AGG;rbs_spacer=5-10bp;gc_cont=0.565
NZ_ABFG01000005.1:162320-163243|+ -            308 33151at91347         -            402   0.00034   17.8   0.1   1   3       1.2   1.1e+03   -3.6   0.2     5    19     8    22     7    27 0.83 NZ_ABFG01000005.1_142 # 162320 # 163243 # 1 # ID=46_142;partial=00;start_type=ATG;rbs_motif=GGAG/GAGG;rbs_spacer=5-10bp;gc_cont=0.597
NZ_ABFG01000005.1:162320-163243|+ -            308 33151at91347         -            402   0.00034   17.8   0.1   2   3      0.25   2.3e+02   -1.3   0.0   135   174    75   119    59   122 0.75 NZ_ABFG01000005.1_142 # 162320 # 163243 # 1 # ID=46_142;partial=00;start_type=ATG;rbs_motif=GGAG/GAGG;rbs_spacer=5-10bp;gc_cont=0.597
NZ_ABFG01000005.1:162320-163243|+ -            308 33151at91347         -            402   0.00034   17.8   0.1   3   3   3.8e-07   0.00034   17.8   0.1    93   171   120   197   115   203 0.82 NZ_ABFG01000005.1_142 # 162320 # 163243 # 1 # ID=46_142;partial=00;start_type=ATG;rbs_motif=GGAG/GAGG;rbs_spacer=5-10bp;gc_cont=0.597
NZ_ABFG01000008.1:125562-126458|+ -            299 33151at91347         -            402     0.049   10.7   0.1   1   1   0.00021      0.18    8.8   0.1     6    39     4    37     1   196 0.54 NZ_ABFG01000008.1_115 # 125562 # 126458 # 1 # ID=43_115;partial=00;start_type=ATG;rbs_motif=AGGAG;rbs_spacer=5-10bp;gc_cont=0.563
#
# Program:         hmmsearch
# Version:         3.4 (Aug 2023)
# Pipeline mode:   SEARCH
# Query file:      /Users/dizzler/Projects/School/BIOL4600-Capstone/databases/lineages/enterobacterales_odb10/hmms/33151at91347.hmm
# Target file:     /Users/dizzler/Projects/School/BIOL4600-Capstone/reports/busco-results/GCF_000171515.1_ASM17151v1_genomic.fna/prodigal_output/predicted_genes/predicted.faa
# Option settings: hmmsearch --domtblout /Users/dizzler/Projects/School/BIOL4600-Capstone/reports/busco-results/GCF_000171515.1_ASM17151v1_genomic.fna/run_enterobacterales_odb10/hmmer_output/33151at91347.out --cpu 1 /Users/dizzler/Projects/School/BIOL4600-Capstone/databases/lineages/enterobacterales_odb10/hmms/33151at91347.hmm /Users/dizzler/Projects/School/BIOL4600-Capstone/reports/busco-results/GCF_000171515.1_ASM17151v1_genomic.fna/prodigal_output/predicted_genes/predicted.faa 
# Current dir:     /Users/dizzler/Projects/School/BIOL4600-Capstone
# Date:            Wed Feb 25 22:53:36 2026
# [ok]
