#                                                                                         --- full sequence --- -------------- this domain -------------   hmm coord   ali coord   env coord
# target name                     accession   tlen query name           accession   qlen   E-value  score  bias   #  of  c-Evalue  i-Evalue  score  bias  from    to  from    to  from    to  acc description of target
#             ------------------- ---------- ----- -------------------- ---------- ----- --------- ------ ----- --- --- --------- --------- ------ ----- ----- ----- ----- ----- ----- ----- ---- ---------------------
NZ_ABFG01000004.1:15008-15913|+   -            302 35495at91347         -            238  4.2e-100  331.9   0.1   1   1  4.3e-102   2.4e-99  329.4   0.1     1   238     7   300     7   300 0.88 NZ_ABFG01000004.1_16 # 15008 # 15913 # 1 # ID=47_16;partial=00;start_type=ATG;rbs_motif=GGAG/GAGG;rbs_spacer=5-10bp;gc_cont=0.515
NZ_ABFG01000004.1:88227-89699|+   -            491 35495at91347         -            238   2.6e-22   77.3   0.0   1   2   4.2e-11   2.3e-08   31.6   0.0     4   105     4   122     1   125 0.76 NZ_ABFG01000004.1_80 # 88227 # 89699 # 1 # ID=47_80;partial=00;start_type=ATG;rbs_motif=GGAG/GAGG;rbs_spacer=5-10bp;gc_cont=0.551
NZ_ABFG01000004.1:88227-89699|+   -            491 35495at91347         -            238   2.6e-22   77.3   0.0   2   2   2.7e-14   1.5e-11   42.0   0.2     5   105   205   325   203   328 0.76 NZ_ABFG01000004.1_80 # 88227 # 89699 # 1 # ID=47_80;partial=00;start_type=ATG;rbs_motif=GGAG/GAGG;rbs_spacer=5-10bp;gc_cont=0.551
NZ_ABFG01000002.1:9589-10953|-    -            455 35495at91347         -            238   9.8e-08   29.5   0.0   1   1   3.3e-10   1.8e-07   28.7   0.0     5    80   219   306   216   314 0.71 NZ_ABFG01000002.1_11 # 9589 # 10953 # -1 # ID=49_11;partial=00;start_type=ATG;rbs_motif=GGA/GAG/AGG;rbs_spacer=5-10bp;gc_cont=0.599
NZ_ABFG01000009.1:27047-28327|-   -            427 35495at91347         -            238     6e-06   23.7   0.0   1   1   1.8e-08   9.9e-06   23.0   0.0     4   106   199   322   197   328 0.74 NZ_ABFG01000009.1_34 # 27047 # 28327 # -1 # ID=42_34;partial=00;start_type=TTG;rbs_motif=GGAG/GAGG;rbs_spacer=5-10bp;gc_cont=0.542
NZ_ABFG01000008.1:146080-146712|+ -            211 35495at91347         -            238   0.00021   18.6   0.0   1   1   6.7e-07   0.00037   17.8   0.0     2    57    25    82    24    94 0.87 NZ_ABFG01000008.1_133 # 146080 # 146712 # 1 # ID=43_133;partial=00;start_type=TTG;rbs_motif=GGAG/GAGG;rbs_spacer=5-10bp;gc_cont=0.521
NZ_ABFG01000007.1:115700-118378|+ -            893 35495at91347         -            238   0.00051   17.4   0.0   1   1   1.9e-06    0.0011   16.3   0.0     4   105   395   504   393   507 0.72 NZ_ABFG01000007.1_108 # 115700 # 118378 # 1 # ID=44_108;partial=00;start_type=ATG;rbs_motif=AGGA;rbs_spacer=5-10bp;gc_cont=0.554
NZ_ABFG01000001.1:449800-450891|- -            364 35495at91347         -            238    0.0011   16.3   0.0   1   1   3.2e-06    0.0018   15.6   0.0     6    27     6    27     2    33 0.87 NZ_ABFG01000001.1_442 # 449800 # 450891 # -1 # ID=50_442;partial=00;start_type=ATG;rbs_motif=GGA/GAG/AGG;rbs_spacer=5-10bp;gc_cont=0.528
NZ_ABFG01000002.1:382992-385310|- -            773 35495at91347         -            238    0.0029   14.9   0.0   1   1   8.3e-06    0.0047   14.2   0.0     5    59     6    62     4   123 0.84 NZ_ABFG01000002.1_337 # 382992 # 385310 # -1 # ID=49_337;partial=00;start_type=ATG;rbs_motif=GGA/GAG/AGG;rbs_spacer=5-10bp;gc_cont=0.564
#
# Program:         hmmsearch
# Version:         3.4 (Aug 2023)
# Pipeline mode:   SEARCH
# Query file:      /Users/dizzler/Projects/School/BIOL4600-Capstone/databases/lineages/enterobacterales_odb10/hmms/35495at91347.hmm
# Target file:     /Users/dizzler/Projects/School/BIOL4600-Capstone/reports/busco-results/GCF_000171515.1_ASM17151v1_genomic.fna/prodigal_output/predicted_genes/predicted.faa
# Option settings: hmmsearch --domtblout /Users/dizzler/Projects/School/BIOL4600-Capstone/reports/busco-results/GCF_000171515.1_ASM17151v1_genomic.fna/run_enterobacterales_odb10/hmmer_output/35495at91347.out --cpu 1 /Users/dizzler/Projects/School/BIOL4600-Capstone/databases/lineages/enterobacterales_odb10/hmms/35495at91347.hmm /Users/dizzler/Projects/School/BIOL4600-Capstone/reports/busco-results/GCF_000171515.1_ASM17151v1_genomic.fna/prodigal_output/predicted_genes/predicted.faa 
# Current dir:     /Users/dizzler/Projects/School/BIOL4600-Capstone
# Date:            Wed Feb 25 22:53:35 2026
# [ok]
