#                                                                                         --- full sequence --- -------------- this domain -------------   hmm coord   ali coord   env coord
# target name                     accession   tlen query name           accession   qlen   E-value  score  bias   #  of  c-Evalue  i-Evalue  score  bias  from    to  from    to  from    to  acc description of target
#             ------------------- ---------- ----- -------------------- ---------- ----- --------- ------ ----- --- --- --------- --------- ------ ----- ----- ----- ----- ----- ----- ----- ---- ---------------------
NZ_ABFG01000001.1:171808-172887|- -            360 44171at91347         -            296  7.7e-149  492.7   0.2   1   2  4.2e-126  2.1e-123  409.2   0.0     2   237    12   273    11   281 0.93 NZ_ABFG01000001.1_154 # 171808 # 172887 # -1 # ID=50_154;partial=00;start_type=ATG;rbs_motif=AGGAG;rbs_spacer=5-10bp;gc_cont=0.560
NZ_ABFG01000001.1:171808-172887|- -            360 44171at91347         -            296  7.7e-149  492.7   0.2   2   2   1.7e-26   8.6e-24   82.2   0.1   228   296   282   354   273   354 0.87 NZ_ABFG01000001.1_154 # 171808 # 172887 # -1 # ID=50_154;partial=00;start_type=ATG;rbs_motif=AGGAG;rbs_spacer=5-10bp;gc_cont=0.560
NZ_ABFG01000016.1:48373-49467|-   -            365 44171at91347         -            296   3.9e-19   66.9   0.0   1   1   3.2e-21   1.6e-18   64.9   0.0    35   293    52   350    47   353 0.69 NZ_ABFG01000016.1_41 # 48373 # 49467 # -1 # ID=35_41;partial=00;start_type=ATG;rbs_motif=GGAGG;rbs_spacer=3-4bp;gc_cont=0.565
NZ_ABFG01000004.1:218050-219288|+ -            413 44171at91347         -            296   3.9e-09   34.1   0.0   1   1   2.1e-11   1.1e-08   32.6   0.0    61   224   100   289    81   309 0.65 NZ_ABFG01000004.1_190 # 218050 # 219288 # 1 # ID=47_190;partial=00;start_type=ATG;rbs_motif=GGAG/GAGG;rbs_spacer=5-10bp;gc_cont=0.539
NZ_ABFG01000002.1:201061-202311|- -            417 44171at91347         -            296   2.5e-07   28.1   0.0   1   1   7.2e-10   3.6e-07   27.6   0.0   118   205   179   272   164   327 0.78 NZ_ABFG01000002.1_186 # 201061 # 202311 # -1 # ID=49_186;partial=00;start_type=ATG;rbs_motif=None;rbs_spacer=None;gc_cont=0.532
NZ_ABFG01000003.1:29088-30248|-   -            387 44171at91347         -            296     5e-07   27.1   0.0   1   1   2.3e-09   1.1e-06   26.0   0.0    59   208    91   263    68   283 0.72 NZ_ABFG01000003.1_31 # 29088 # 30248 # -1 # ID=48_31;partial=00;start_type=ATG;rbs_motif=None;rbs_spacer=None;gc_cont=0.543
NZ_ABFG01000004.1:292084-293298|- -            405 44171at91347         -            296   9.6e-07   26.2   0.0   1   1     5e-09   2.5e-06   24.9   0.0    46   195    80   254    74   258 0.63 NZ_ABFG01000004.1_262 # 292084 # 293298 # -1 # ID=47_262;partial=00;start_type=ATG;rbs_motif=GGA/GAG/AGG;rbs_spacer=5-10bp;gc_cont=0.515
NZ_ABFG01000002.1:150170-151366|+ -            399 44171at91347         -            296   0.00071   16.8   0.0   1   2     0.014       6.8    3.7   0.0   138   191    25    84    18    99 0.76 NZ_ABFG01000002.1_141 # 150170 # 151366 # 1 # ID=49_141;partial=00;start_type=ATG;rbs_motif=GGAG/GAGG;rbs_spacer=5-10bp;gc_cont=0.559
NZ_ABFG01000002.1:150170-151366|+ -            399 44171at91347         -            296   0.00071   16.8   0.0   2   2   9.4e-05     0.047   10.8   0.0   134   218   190   279   184   301 0.76 NZ_ABFG01000002.1_141 # 150170 # 151366 # 1 # ID=49_141;partial=00;start_type=ATG;rbs_motif=GGAG/GAGG;rbs_spacer=5-10bp;gc_cont=0.559
NZ_ABFG01000001.1:696955-698157|- -            401 44171at91347         -            296    0.0025   15.0   0.0   1   2      0.33   1.6e+02   -0.8   0.0    56    98    84   125    68   142 0.77 NZ_ABFG01000001.1_669 # 696955 # 698157 # -1 # ID=50_669;partial=00;start_type=ATG;rbs_motif=AGGA;rbs_spacer=5-10bp;gc_cont=0.517
NZ_ABFG01000001.1:696955-698157|- -            401 44171at91347         -            296    0.0025   15.0   0.0   2   2   1.9e-05    0.0097   13.1   0.0   121   191   166   247   149   264 0.73 NZ_ABFG01000001.1_669 # 696955 # 698157 # -1 # ID=50_669;partial=00;start_type=ATG;rbs_motif=AGGA;rbs_spacer=5-10bp;gc_cont=0.517
NZ_ABFG01000008.1:49352-50512|-   -            387 44171at91347         -            296     0.051   10.7   0.0   1   1   0.00015     0.074   10.2   0.0    94   162   114   182    91   218 0.80 NZ_ABFG01000008.1_36 # 49352 # 50512 # -1 # ID=43_36;partial=00;start_type=ATG;rbs_motif=AGGA;rbs_spacer=5-10bp;gc_cont=0.563
#
# Program:         hmmsearch
# Version:         3.4 (Aug 2023)
# Pipeline mode:   SEARCH
# Query file:      /Users/dizzler/Projects/School/BIOL4600-Capstone/databases/lineages/enterobacterales_odb10/hmms/44171at91347.hmm
# Target file:     /Users/dizzler/Projects/School/BIOL4600-Capstone/reports/busco-results/GCF_000171515.1_ASM17151v1_genomic.fna/prodigal_output/predicted_genes/predicted.faa
# Option settings: hmmsearch --domtblout /Users/dizzler/Projects/School/BIOL4600-Capstone/reports/busco-results/GCF_000171515.1_ASM17151v1_genomic.fna/run_enterobacterales_odb10/hmmer_output/44171at91347.out --cpu 1 /Users/dizzler/Projects/School/BIOL4600-Capstone/databases/lineages/enterobacterales_odb10/hmms/44171at91347.hmm /Users/dizzler/Projects/School/BIOL4600-Capstone/reports/busco-results/GCF_000171515.1_ASM17151v1_genomic.fna/prodigal_output/predicted_genes/predicted.faa 
# Current dir:     /Users/dizzler/Projects/School/BIOL4600-Capstone
# Date:            Wed Feb 25 22:53:36 2026
# [ok]
