#                                                                                         --- full sequence --- -------------- this domain -------------   hmm coord   ali coord   env coord
# target name                     accession   tlen query name           accession   qlen   E-value  score  bias   #  of  c-Evalue  i-Evalue  score  bias  from    to  from    to  from    to  acc description of target
#             ------------------- ---------- ----- -------------------- ---------- ----- --------- ------ ----- --- --- --------- --------- ------ ----- ----- ----- ----- ----- ----- ----- ---- ---------------------
NZ_ABFG01000013.1:651-1694|-      -            348 49349at91347         -            278  6.8e-145  479.4   0.5   1   1  6.5e-147  4.2e-144  476.8   0.5     1   278    44   344    44   344 0.92 NZ_ABFG01000013.1_2 # 651 # 1694 # -1 # ID=38_2;partial=00;start_type=ATG;rbs_motif=None;rbs_spacer=None;gc_cont=0.544
NZ_ABFG01000005.1:351248-352228|+ -            327 49349at91347         -            278   3.5e-43  145.7   0.0   1   1   6.4e-46   4.1e-43  145.5   0.0     2   277    15   312    14   313 0.82 NZ_ABFG01000005.1_316 # 351248 # 352228 # 1 # ID=46_316;partial=00;start_type=ATG;rbs_motif=AGxAG;rbs_spacer=5-10bp;gc_cont=0.531
NZ_ABFG01000006.1:45679-46338|+   -            220 49349at91347         -            278     3e-38  129.5   0.0   1   1   5.8e-41   3.7e-38  129.2   0.0    61   267    14   218     6   219 0.86 NZ_ABFG01000006.1_38 # 45679 # 46338 # 1 # ID=45_38;partial=00;start_type=ATG;rbs_motif=GGAG/GAGG;rbs_spacer=5-10bp;gc_cont=0.571
NZ_ABFG01000005.1:100782-101564|+ -            261 49349at91347         -            278   5.8e-36  122.0   0.1   1   1   4.2e-38   2.7e-35  119.9   0.1    63   276     4   233     1   235 0.80 NZ_ABFG01000005.1_90 # 100782 # 101564 # 1 # ID=46_90;partial=00;start_type=ATG;rbs_motif=None;rbs_spacer=None;gc_cont=0.580
NZ_ABFG01000009.1:218328-219197|- -            290 49349at91347         -            278    0.0008   16.6   0.2   1   1   3.9e-06    0.0025   15.0   0.2    21   149    25   142     8   207 0.81 NZ_ABFG01000009.1_196 # 218328 # 219197 # -1 # ID=42_196;partial=00;start_type=ATG;rbs_motif=GGA/GAG/AGG;rbs_spacer=5-10bp;gc_cont=0.505
NZ_ABFG01000001.1:324723-325541|- -            273 49349at91347         -            278     0.012   12.8   0.0   1   1   2.7e-05     0.018   12.2   0.0   214   258   130   174   126   180 0.93 NZ_ABFG01000001.1_310 # 324723 # 325541 # -1 # ID=50_310;partial=00;start_type=ATG;rbs_motif=4Base/6BMM;rbs_spacer=13-15bp;gc_cont=0.563
NZ_ABFG01000014.1:45280-46017|+   -            246 49349at91347         -            278     0.024   11.8   0.0   1   2     0.048        31    1.6   0.0   110   126   101   117    94   149 0.75 NZ_ABFG01000014.1_49 # 45280 # 46017 # 1 # ID=37_49;partial=00;start_type=ATG;rbs_motif=3Base/5BMM;rbs_spacer=13-15bp;gc_cont=0.519
NZ_ABFG01000014.1:45280-46017|+   -            246 49349at91347         -            278     0.024   11.8   0.0   2   2   0.00062       0.4    7.8   0.0   195   226   191   222   181   236 0.85 NZ_ABFG01000014.1_49 # 45280 # 46017 # 1 # ID=37_49;partial=00;start_type=ATG;rbs_motif=3Base/5BMM;rbs_spacer=13-15bp;gc_cont=0.519
#
# Program:         hmmsearch
# Version:         3.4 (Aug 2023)
# Pipeline mode:   SEARCH
# Query file:      /Users/dizzler/Projects/School/BIOL4600-Capstone/databases/lineages/enterobacterales_odb10/hmms/49349at91347.hmm
# Target file:     /Users/dizzler/Projects/School/BIOL4600-Capstone/reports/busco-results/GCF_000171515.1_ASM17151v1_genomic.fna/prodigal_output/predicted_genes/predicted.faa
# Option settings: hmmsearch --domtblout /Users/dizzler/Projects/School/BIOL4600-Capstone/reports/busco-results/GCF_000171515.1_ASM17151v1_genomic.fna/run_enterobacterales_odb10/hmmer_output/49349at91347.out --cpu 1 /Users/dizzler/Projects/School/BIOL4600-Capstone/databases/lineages/enterobacterales_odb10/hmms/49349at91347.hmm /Users/dizzler/Projects/School/BIOL4600-Capstone/reports/busco-results/GCF_000171515.1_ASM17151v1_genomic.fna/prodigal_output/predicted_genes/predicted.faa 
# Current dir:     /Users/dizzler/Projects/School/BIOL4600-Capstone
# Date:            Wed Feb 25 22:53:36 2026
# [ok]
