#                                                                                         --- full sequence --- -------------- this domain -------------   hmm coord   ali coord   env coord
# target name                     accession   tlen query name           accession   qlen   E-value  score  bias   #  of  c-Evalue  i-Evalue  score  bias  from    to  from    to  from    to  acc description of target
#             ------------------- ---------- ----- -------------------- ---------- ----- --------- ------ ----- --- --- --------- --------- ------ ----- ----- ----- ----- ----- ----- ----- ---- ---------------------
NZ_ABFG01000001.1:337853-339172|+ -            440 52475at91347         -            327  6.3e-162  536.4   0.2   1   3     7e-10   5.2e-07   27.2   0.0     1    42     1    44     1    67 0.78 NZ_ABFG01000001.1_324 # 337853 # 339172 # 1 # ID=50_324;partial=00;start_type=GTG;rbs_motif=GGAG/GAGG;rbs_spacer=5-10bp;gc_cont=0.548
NZ_ABFG01000001.1:337853-339172|+ -            440 52475at91347         -            327  6.3e-162  536.4   0.2   2   3   3.5e-18   2.6e-15   54.5   0.1    35    96    96   168    91   186 0.83 NZ_ABFG01000001.1_324 # 337853 # 339172 # 1 # ID=50_324;partial=00;start_type=GTG;rbs_motif=GGAG/GAGG;rbs_spacer=5-10bp;gc_cont=0.548
NZ_ABFG01000001.1:337853-339172|+ -            440 52475at91347         -            327  6.3e-162  536.4   0.2   3   3    5e-139  3.7e-136  451.7   0.0    90   327   189   430   168   430 0.95 NZ_ABFG01000001.1_324 # 337853 # 339172 # 1 # ID=50_324;partial=00;start_type=GTG;rbs_motif=GGAG/GAGG;rbs_spacer=5-10bp;gc_cont=0.548
NZ_ABFG01000005.1:156265-157398|+ -            378 52475at91347         -            327   1.6e-20   71.7   0.2   1   1   3.7e-23   2.7e-20   70.9   0.2   213   307   278   372   275   376 0.94 NZ_ABFG01000005.1_135 # 156265 # 157398 # 1 # ID=46_135;partial=00;start_type=ATG;rbs_motif=GGxGG;rbs_spacer=3-4bp;gc_cont=0.520
NZ_ABFG01000005.1:20456-21214|+   -            253 52475at91347         -            327   1.6e-20   71.7   0.2   1   1     4e-23     3e-20   70.8   0.2   213   307   147   241   136   248 0.92 NZ_ABFG01000005.1_21 # 20456 # 21214 # 1 # ID=46_21;partial=00;start_type=ATG;rbs_motif=GGA/GAG/AGG;rbs_spacer=5-10bp;gc_cont=0.538
NZ_ABFG01000002.1:154682-155965|- -            428 52475at91347         -            327   7.1e-13   46.5   0.1   1   3      0.37   2.8e+02   -1.4   0.2    44    78    47    77     5   136 0.50 NZ_ABFG01000002.1_146 # 154682 # 155965 # -1 # ID=49_146;partial=00;start_type=ATG;rbs_motif=3Base/5BMM;rbs_spacer=13-15bp;gc_cont=0.590
NZ_ABFG01000002.1:154682-155965|- -            428 52475at91347         -            327   7.1e-13   46.5   0.1   2   3      0.51   3.8e+02   -1.9   1.0    66   152   152   238   123   257 0.61 NZ_ABFG01000002.1_146 # 154682 # 155965 # -1 # ID=49_146;partial=00;start_type=ATG;rbs_motif=3Base/5BMM;rbs_spacer=13-15bp;gc_cont=0.590
NZ_ABFG01000002.1:154682-155965|- -            428 52475at91347         -            327   7.1e-13   46.5   0.1   3   3   9.4e-16   7.1e-13   46.5   0.1   214   306   330   422   326   424 0.94 NZ_ABFG01000002.1_146 # 154682 # 155965 # -1 # ID=49_146;partial=00;start_type=ATG;rbs_motif=3Base/5BMM;rbs_spacer=13-15bp;gc_cont=0.590
NZ_ABFG01000011.1:115415-115900|- -            162 52475at91347         -            327     0.034   11.4   1.6   1   1   5.7e-05     0.043   11.1   1.6    95   178    50   134    38   144 0.85 NZ_ABFG01000011.1_117 # 115415 # 115900 # -1 # ID=40_117;partial=00;start_type=ATG;rbs_motif=AGGA;rbs_spacer=5-10bp;gc_cont=0.498
NZ_ABFG01000002.1:274543-275442|- -            300 52475at91347         -            327     0.055   10.7   0.0   1   1   0.00011      0.08   10.2   0.0    93   141    16    64     6    79 0.85 NZ_ABFG01000002.1_245 # 274543 # 275442 # -1 # ID=49_245;partial=00;start_type=ATG;rbs_motif=GGA/GAG/AGG;rbs_spacer=5-10bp;gc_cont=0.540
#
# Program:         hmmsearch
# Version:         3.4 (Aug 2023)
# Pipeline mode:   SEARCH
# Query file:      /Users/dizzler/Projects/School/BIOL4600-Capstone/busco_downloads/lineages/enterobacterales_odb10/hmms/52475at91347.hmm
# Target file:     reports/busco-results/GCF_000171515.1_ASM17151v1_genomic.fna/prodigal_output/predicted_genes/predicted.faa
# Option settings: hmmsearch --domtblout reports/busco-results/GCF_000171515.1_ASM17151v1_genomic.fna/run_enterobacterales_odb10/hmmer_output/52475at91347.out --cpu 1 /Users/dizzler/Projects/School/BIOL4600-Capstone/busco_downloads/lineages/enterobacterales_odb10/hmms/52475at91347.hmm reports/busco-results/GCF_000171515.1_ASM17151v1_genomic.fna/prodigal_output/predicted_genes/predicted.faa 
# Current dir:     /Users/dizzler/Projects/School/BIOL4600-Capstone
# Date:            Sat Feb 21 23:27:12 2026
# [ok]
