#                                                                                         --- full sequence --- -------------- this domain -------------   hmm coord   ali coord   env coord
# target name                     accession   tlen query name           accession   qlen   E-value  score  bias   #  of  c-Evalue  i-Evalue  score  bias  from    to  from    to  from    to  acc description of target
#             ------------------- ---------- ----- -------------------- ---------- ----- --------- ------ ----- --- --- --------- --------- ------ ----- ----- ----- ----- ----- ----- ----- ---- ---------------------
NZ_ABFG01000021.1:873-1661|+      -            263 53337at91347         -            235  2.3e-135  447.3   5.2   1   1  3.7e-138  2.8e-135  447.0   5.2     1   225     6   240     6   255 0.97 NZ_ABFG01000021.1_3 # 873 # 1661 # 1 # ID=30_3;partial=00;start_type=GTG;rbs_motif=GGAGG;rbs_spacer=5-10bp;gc_cont=0.535
NZ_ABFG01000003.1:204900-205451|+ -            184 53337at91347         -            235   2.7e-05   21.6   2.2   1   1   6.1e-08   4.6e-05   20.8   2.2   102   183    97   178    85   181 0.80 NZ_ABFG01000003.1_213 # 204900 # 205451 # 1 # ID=48_213;partial=00;start_type=ATG;rbs_motif=GGAG/GAGG;rbs_spacer=5-10bp;gc_cont=0.489
NZ_ABFG01000021.1:3-308|+         -            102 53337at91347         -            235   9.3e-05   19.8   0.6   1   1   1.2e-07   9.3e-05   19.8   0.6   118   171     2    55     1    94 0.91 NZ_ABFG01000021.1_1 # 3 # 308 # 1 # ID=30_1;partial=10;start_type=Edge;rbs_motif=None;rbs_spacer=None;gc_cont=0.516
NZ_ABFG01000012.1:15625-16449|+   -            275 53337at91347         -            235    0.0045   14.3   2.4   1   2   0.00025      0.19    9.0   2.3     2    95   110   203   104   206 0.74 NZ_ABFG01000012.1_14 # 15625 # 16449 # 1 # ID=39_14;partial=00;start_type=ATG;rbs_motif=GGA/GAG/AGG;rbs_spacer=5-10bp;gc_cont=0.533
NZ_ABFG01000012.1:15625-16449|+   -            275 53337at91347         -            235    0.0045   14.3   2.4   2   2   0.00036      0.27    8.5   0.2    12    55   174   217   166   227 0.88 NZ_ABFG01000012.1_14 # 15625 # 16449 # 1 # ID=39_14;partial=00;start_type=ATG;rbs_motif=GGA/GAG/AGG;rbs_spacer=5-10bp;gc_cont=0.533
NZ_ABFG01000023.1:19959-20513|-   -            185 53337at91347         -            235    0.0093   13.3   4.4   1   1   2.9e-05     0.022   12.1   4.4    27   153    14   134    10   149 0.67 NZ_ABFG01000023.1_36 # 19959 # 20513 # -1 # ID=28_36;partial=00;start_type=ATG;rbs_motif=GGAG/GAGG;rbs_spacer=5-10bp;gc_cont=0.503
NZ_ABFG01000002.1:160143-160964|+ -            274 53337at91347         -            235     0.066   10.5   2.5   1   1   0.00024      0.18    9.1   2.5   113   186   170   245   133   250 0.72 NZ_ABFG01000002.1_152 # 160143 # 160964 # 1 # ID=49_152;partial=00;start_type=ATG;rbs_motif=GGAG/GAGG;rbs_spacer=5-10bp;gc_cont=0.555
#
# Program:         hmmsearch
# Version:         3.4 (Aug 2023)
# Pipeline mode:   SEARCH
# Query file:      /Users/dizzler/Projects/School/BIOL4600-Capstone/databases/lineages/enterobacterales_odb10/hmms/53337at91347.hmm
# Target file:     /Users/dizzler/Projects/School/BIOL4600-Capstone/reports/busco-results/GCF_000171515.1_ASM17151v1_genomic.fna/prodigal_output/predicted_genes/predicted.faa
# Option settings: hmmsearch --domtblout /Users/dizzler/Projects/School/BIOL4600-Capstone/reports/busco-results/GCF_000171515.1_ASM17151v1_genomic.fna/run_enterobacterales_odb10/hmmer_output/53337at91347.out --cpu 1 /Users/dizzler/Projects/School/BIOL4600-Capstone/databases/lineages/enterobacterales_odb10/hmms/53337at91347.hmm /Users/dizzler/Projects/School/BIOL4600-Capstone/reports/busco-results/GCF_000171515.1_ASM17151v1_genomic.fna/prodigal_output/predicted_genes/predicted.faa 
# Current dir:     /Users/dizzler/Projects/School/BIOL4600-Capstone
# Date:            Wed Feb 25 22:53:36 2026
# [ok]
