#                                                                                         --- full sequence --- -------------- this domain -------------   hmm coord   ali coord   env coord
# target name                     accession   tlen query name           accession   qlen   E-value  score  bias   #  of  c-Evalue  i-Evalue  score  bias  from    to  from    to  from    to  acc description of target
#             ------------------- ---------- ----- -------------------- ---------- ----- --------- ------ ----- --- --- --------- --------- ------ ----- ----- ----- ----- ----- ----- ----- ---- ---------------------
NZ_ABFG01000010.1:44367-45335|+   -            323 58708at91347         -            281  1.9e-151  501.0   0.2   1   1  2.2e-153  9.7e-151  498.7   0.2     1   280     5   316     5   317 0.93 NZ_ABFG01000010.1_36 # 44367 # 45335 # 1 # ID=41_36;partial=00;start_type=ATG;rbs_motif=GGA/GAG/AGG;rbs_spacer=3-4bp;gc_cont=0.545
NZ_ABFG01000003.1:22320-23885|-   -            522 58708at91347         -            281     3e-55  185.4   0.6   1   1   2.4e-57   1.1e-54  183.6   0.6     4   278   214   515   211   518 0.85 NZ_ABFG01000003.1_25 # 22320 # 23885 # -1 # ID=48_25;partial=00;start_type=ATG;rbs_motif=GGAG/GAGG;rbs_spacer=5-10bp;gc_cont=0.551
NZ_ABFG01000012.1:90933-92357|-   -            475 58708at91347         -            281   1.2e-07   29.2   3.3   1   2     5e-06    0.0022   15.2   0.1     2    36     6    40     5    53 0.86 NZ_ABFG01000012.1_83 # 90933 # 92357 # -1 # ID=39_83;partial=00;start_type=ATG;rbs_motif=GGAG/GAGG;rbs_spacer=5-10bp;gc_cont=0.542
NZ_ABFG01000012.1:90933-92357|-   -            475 58708at91347         -            281   1.2e-07   29.2   3.3   2   2   1.5e-05    0.0066   13.7   0.7   137   254   178   316   173   325 0.64 NZ_ABFG01000012.1_83 # 90933 # 92357 # -1 # ID=39_83;partial=00;start_type=ATG;rbs_motif=GGAG/GAGG;rbs_spacer=5-10bp;gc_cont=0.542
NZ_ABFG01000002.1:286199-287551|- -            451 58708at91347         -            281   1.4e-07   29.0   2.0   1   2      0.89     4e+02   -2.0   0.2     2    42     4    44     3    49 0.82 NZ_ABFG01000002.1_255 # 286199 # 287551 # -1 # ID=49_255;partial=00;start_type=ATG;rbs_motif=AGGAG;rbs_spacer=5-10bp;gc_cont=0.550
NZ_ABFG01000002.1:286199-287551|- -            451 58708at91347         -            281   1.4e-07   29.0   2.0   2   2     8e-10   3.6e-07   27.7   0.1    70   254   107   306    80   319 0.71 NZ_ABFG01000002.1_255 # 286199 # 287551 # -1 # ID=49_255;partial=00;start_type=ATG;rbs_motif=AGGAG;rbs_spacer=5-10bp;gc_cont=0.550
NZ_ABFG01000007.1:71579-72997|-   -            473 58708at91347         -            281   0.00013   19.3   0.2   1   3    0.0019      0.86    6.7   0.0     3    40   147   185   145   190 0.81 NZ_ABFG01000007.1_63 # 71579 # 72997 # -1 # ID=44_63;partial=00;start_type=ATG;rbs_motif=AGGA;rbs_spacer=5-10bp;gc_cont=0.564
NZ_ABFG01000007.1:71579-72997|-   -            473 58708at91347         -            281   0.00013   19.3   0.2   2   3     0.099        45    1.1   0.0   134   149   287   302   281   324 0.72 NZ_ABFG01000007.1_63 # 71579 # 72997 # -1 # ID=44_63;partial=00;start_type=ATG;rbs_motif=AGGA;rbs_spacer=5-10bp;gc_cont=0.564
NZ_ABFG01000007.1:71579-72997|-   -            473 58708at91347         -            281   0.00013   19.3   0.2   3   3   0.00095      0.43    7.7   0.0   205   278   393   470   380   472 0.70 NZ_ABFG01000007.1_63 # 71579 # 72997 # -1 # ID=44_63;partial=00;start_type=ATG;rbs_motif=AGGA;rbs_spacer=5-10bp;gc_cont=0.564
NZ_ABFG01000007.1:182020-184038|- -            673 58708at91347         -            281    0.0021   15.3   0.1   1   2   7.4e-05     0.033   11.4   0.0     2    46   374   419   373   452 0.84 NZ_ABFG01000007.1_173 # 182020 # 184038 # -1 # ID=44_173;partial=00;start_type=ATG;rbs_motif=GGA/GAG/AGG;rbs_spacer=5-10bp;gc_cont=0.585
NZ_ABFG01000007.1:182020-184038|- -            673 58708at91347         -            281    0.0021   15.3   0.1   2   2     0.099        45    1.1   0.0   135   155   496   516   494   523 0.81 NZ_ABFG01000007.1_173 # 182020 # 184038 # -1 # ID=44_173;partial=00;start_type=ATG;rbs_motif=GGA/GAG/AGG;rbs_spacer=5-10bp;gc_cont=0.585
NZ_ABFG01000013.1:26200-27318|+   -            373 58708at91347         -            281    0.0021   15.3   0.1   1   1   8.3e-06    0.0037   14.5   0.1     3    31     3    31     1    44 0.86 NZ_ABFG01000013.1_28 # 26200 # 27318 # 1 # ID=38_28;partial=00;start_type=ATG;rbs_motif=GGA/GAG/AGG;rbs_spacer=5-10bp;gc_cont=0.554
NZ_ABFG01000002.1:424008-426551|- -            848 58708at91347         -            281     0.011   13.0   0.0   1   2   9.2e-05     0.041   11.1   0.0    88   173    96   184    70   198 0.84 NZ_ABFG01000002.1_370 # 424008 # 426551 # -1 # ID=49_370;partial=00;start_type=ATG;rbs_motif=GGAG/GAGG;rbs_spacer=5-10bp;gc_cont=0.569
NZ_ABFG01000002.1:424008-426551|- -            848 58708at91347         -            281     0.011   13.0   0.0   2   2      0.92   4.1e+02   -2.1   0.0    63   106   203   246   186   277 0.75 NZ_ABFG01000002.1_370 # 424008 # 426551 # -1 # ID=49_370;partial=00;start_type=ATG;rbs_motif=GGAG/GAGG;rbs_spacer=5-10bp;gc_cont=0.569
NZ_ABFG01000001.1:20743-21984|-   -            414 58708at91347         -            281     0.013   12.7   2.0   1   2     0.016         7    3.7   0.0     4    20   126   142   123   165 0.79 NZ_ABFG01000001.1_18 # 20743 # 21984 # -1 # ID=50_18;partial=00;start_type=ATG;rbs_motif=AGGA;rbs_spacer=5-10bp;gc_cont=0.506
NZ_ABFG01000001.1:20743-21984|-   -            414 58708at91347         -            281     0.013   12.7   2.0   2   2   0.00069      0.31    8.2   0.6   205   280   339   409   246   410 0.79 NZ_ABFG01000001.1_18 # 20743 # 21984 # -1 # ID=50_18;partial=00;start_type=ATG;rbs_motif=AGGA;rbs_spacer=5-10bp;gc_cont=0.506
NZ_ABFG01000008.1:270451-272340|+ -            630 58708at91347         -            281      0.02   12.1   0.4   1   2   0.00012     0.053   10.7   0.3     4    41     8    46     6    55 0.84 NZ_ABFG01000008.1_239 # 270451 # 272340 # 1 # ID=43_239;partial=00;start_type=ATG;rbs_motif=GGAG/GAGG;rbs_spacer=5-10bp;gc_cont=0.553
NZ_ABFG01000008.1:270451-272340|+ -            630 58708at91347         -            281      0.02   12.1   0.4   2   2       2.7   1.2e+03   -3.6   0.0   243   275   362   392   334   394 0.71 NZ_ABFG01000008.1_239 # 270451 # 272340 # 1 # ID=43_239;partial=00;start_type=ATG;rbs_motif=GGAG/GAGG;rbs_spacer=5-10bp;gc_cont=0.553
#
# Program:         hmmsearch
# Version:         3.4 (Aug 2023)
# Pipeline mode:   SEARCH
# Query file:      /Users/dizzler/Projects/School/BIOL4600-Capstone/databases/lineages/enterobacterales_odb10/hmms/58708at91347.hmm
# Target file:     /Users/dizzler/Projects/School/BIOL4600-Capstone/reports/busco-results/GCF_000171515.1_ASM17151v1_genomic.fna/prodigal_output/predicted_genes/predicted.faa
# Option settings: hmmsearch --domtblout /Users/dizzler/Projects/School/BIOL4600-Capstone/reports/busco-results/GCF_000171515.1_ASM17151v1_genomic.fna/run_enterobacterales_odb10/hmmer_output/58708at91347.out --cpu 1 /Users/dizzler/Projects/School/BIOL4600-Capstone/databases/lineages/enterobacterales_odb10/hmms/58708at91347.hmm /Users/dizzler/Projects/School/BIOL4600-Capstone/reports/busco-results/GCF_000171515.1_ASM17151v1_genomic.fna/prodigal_output/predicted_genes/predicted.faa 
# Current dir:     /Users/dizzler/Projects/School/BIOL4600-Capstone
# Date:            Wed Feb 25 22:53:36 2026
# [ok]
