#                                                                                         --- full sequence --- -------------- this domain -------------   hmm coord   ali coord   env coord
# target name                     accession   tlen query name           accession   qlen   E-value  score  bias   #  of  c-Evalue  i-Evalue  score  bias  from    to  from    to  from    to  acc description of target
#             ------------------- ---------- ----- -------------------- ---------- ----- --------- ------ ----- --- --- --------- --------- ------ ----- ----- ----- ----- ----- ----- ----- ---- ---------------------
NZ_ABFG01000001.1:449800-450891|- -            364 62655at91347         -            286  1.9e-137  455.1   0.4   1   2   7.9e-90   5.9e-87  289.5   0.1     1   186     1   221     1   241 0.85 NZ_ABFG01000001.1_442 # 449800 # 450891 # -1 # ID=50_442;partial=00;start_type=ATG;rbs_motif=GGA/GAG/AGG;rbs_spacer=5-10bp;gc_cont=0.528
NZ_ABFG01000001.1:449800-450891|- -            364 62655at91347         -            286  1.9e-137  455.1   0.4   2   2   2.6e-50   1.9e-47  159.8   0.0   191   286   265   363   242   363 0.92 NZ_ABFG01000001.1_442 # 449800 # 450891 # -1 # ID=50_442;partial=00;start_type=ATG;rbs_motif=GGA/GAG/AGG;rbs_spacer=5-10bp;gc_cont=0.528
NZ_ABFG01000007.1:100601-101773|+ -            391 62655at91347         -            286   8.2e-15   52.8   0.1   1   1   1.6e-15   1.2e-12   45.7   0.1     4   124   161   266   158   296 0.83 NZ_ABFG01000007.1_93 # 100601 # 101773 # 1 # ID=44_93;partial=00;start_type=ATG;rbs_motif=GGAG/GAGG;rbs_spacer=5-10bp;gc_cont=0.549
NZ_ABFG01000004.1:88227-89699|+   -            491 62655at91347         -            286     3e-10   37.8   0.0   1   3   4.5e-08   3.4e-05   21.2   0.0     5    37     5    39     1    56 0.78 NZ_ABFG01000004.1_80 # 88227 # 89699 # 1 # ID=47_80;partial=00;start_type=ATG;rbs_motif=GGAG/GAGG;rbs_spacer=5-10bp;gc_cont=0.551
NZ_ABFG01000004.1:88227-89699|+   -            491 62655at91347         -            286     3e-10   37.8   0.0   2   3   1.5e-05     0.011   12.9   0.0     3    23   203   223   201   256 0.85 NZ_ABFG01000004.1_80 # 88227 # 89699 # 1 # ID=47_80;partial=00;start_type=ATG;rbs_motif=GGAG/GAGG;rbs_spacer=5-10bp;gc_cont=0.551
NZ_ABFG01000004.1:88227-89699|+   -            491 62655at91347         -            286     3e-10   37.8   0.0   3   3      0.25   1.9e+02   -0.9   0.0    53    92   326   367   310   373 0.68 NZ_ABFG01000004.1_80 # 88227 # 89699 # 1 # ID=47_80;partial=00;start_type=ATG;rbs_motif=GGAG/GAGG;rbs_spacer=5-10bp;gc_cont=0.551
NZ_ABFG01000009.1:27047-28327|-   -            427 62655at91347         -            286   1.8e-05   22.1   0.0   1   1   8.1e-08     6e-05   20.4   0.0     5    57   200   253   198   321 0.91 NZ_ABFG01000009.1_34 # 27047 # 28327 # -1 # ID=42_34;partial=00;start_type=TTG;rbs_motif=GGAG/GAGG;rbs_spacer=5-10bp;gc_cont=0.542
NZ_ABFG01000002.1:382992-385310|- -            773 62655at91347         -            286   0.00022   18.5   0.0   1   1   5.2e-07   0.00039   17.7   0.0     3    50     4    52     2    60 0.85 NZ_ABFG01000002.1_337 # 382992 # 385310 # -1 # ID=49_337;partial=00;start_type=ATG;rbs_motif=GGA/GAG/AGG;rbs_spacer=5-10bp;gc_cont=0.564
NZ_ABFG01000004.1:15008-15913|+   -            302 62655at91347         -            286    0.0035   14.6   0.2   1   2   9.8e-06    0.0074   13.5   0.1     5    23    11    29     8    39 0.84 NZ_ABFG01000004.1_16 # 15008 # 15913 # 1 # ID=47_16;partial=00;start_type=ATG;rbs_motif=GGAG/GAGG;rbs_spacer=5-10bp;gc_cont=0.515
NZ_ABFG01000004.1:15008-15913|+   -            302 62655at91347         -            286    0.0035   14.6   0.2   2   2       1.3   9.6e+02   -3.3   0.0   148   168   133   153   106   164 0.61 NZ_ABFG01000004.1_16 # 15008 # 15913 # 1 # ID=47_16;partial=00;start_type=ATG;rbs_motif=GGAG/GAGG;rbs_spacer=5-10bp;gc_cont=0.515
#
# Program:         hmmsearch
# Version:         3.4 (Aug 2023)
# Pipeline mode:   SEARCH
# Query file:      /Users/dizzler/Projects/School/BIOL4600-Capstone/busco_downloads/lineages/enterobacterales_odb10/hmms/62655at91347.hmm
# Target file:     reports/busco-results/GCF_000171515.1_ASM17151v1_genomic.fna/prodigal_output/predicted_genes/predicted.faa
# Option settings: hmmsearch --domtblout reports/busco-results/GCF_000171515.1_ASM17151v1_genomic.fna/run_enterobacterales_odb10/hmmer_output/62655at91347.out --cpu 1 /Users/dizzler/Projects/School/BIOL4600-Capstone/busco_downloads/lineages/enterobacterales_odb10/hmms/62655at91347.hmm reports/busco-results/GCF_000171515.1_ASM17151v1_genomic.fna/prodigal_output/predicted_genes/predicted.faa 
# Current dir:     /Users/dizzler/Projects/School/BIOL4600-Capstone
# Date:            Sat Feb 21 23:27:13 2026
# [ok]
