#                                                                                         --- full sequence --- -------------- this domain -------------   hmm coord   ali coord   env coord
# target name                     accession   tlen query name           accession   qlen   E-value  score  bias   #  of  c-Evalue  i-Evalue  score  bias  from    to  from    to  from    to  acc description of target
#             ------------------- ---------- ----- -------------------- ---------- ----- --------- ------ ----- --- --- --------- --------- ------ ----- ----- ----- ----- ----- ----- ----- ---- ---------------------
NZ_ABFG01000002.1:160143-160964|+ -            274 64323at91347         -            236    7e-124  410.0   0.0   1   1  1.4e-126  7.9e-124  409.8   0.0     6   236    23   273    15   273 0.93 NZ_ABFG01000002.1_152 # 160143 # 160964 # 1 # ID=49_152;partial=00;start_type=ATG;rbs_motif=GGAG/GAGG;rbs_spacer=5-10bp;gc_cont=0.555
NZ_ABFG01000001.1:124085-124573|+ -            163 64323at91347         -            236   3.9e-22   76.9   6.7   1   1   1.2e-24   6.9e-22   76.1   6.7    94   216    35   158    14   162 0.86 NZ_ABFG01000001.1_110 # 124085 # 124573 # 1 # ID=50_110;partial=00;start_type=ATG;rbs_motif=GGxGG;rbs_spacer=5-10bp;gc_cont=0.560
NZ_ABFG01000003.1:204900-205451|+ -            184 64323at91347         -            236   5.7e-09   33.9   1.0   1   1   1.2e-11   6.9e-09   33.6   1.0   129   219    87   182    78   183 0.74 NZ_ABFG01000003.1_213 # 204900 # 205451 # 1 # ID=48_213;partial=00;start_type=ATG;rbs_motif=GGAG/GAGG;rbs_spacer=5-10bp;gc_cont=0.489
NZ_ABFG01000008.1:281815-283185|+ -            457 64323at91347         -            236   2.2e-07   28.7   4.1   1   3   7.7e-05     0.043   11.3   0.0   171   203   270   302   244   319 0.85 NZ_ABFG01000008.1_251 # 281815 # 283185 # 1 # ID=43_251;partial=00;start_type=ATG;rbs_motif=AGGA;rbs_spacer=5-10bp;gc_cont=0.532
NZ_ABFG01000008.1:281815-283185|+ -            457 64323at91347         -            236   2.2e-07   28.7   4.1   2   3     0.042        23    2.4   0.1   181   199   366   384   349   392 0.86 NZ_ABFG01000008.1_251 # 281815 # 283185 # 1 # ID=43_251;partial=00;start_type=ATG;rbs_motif=AGGA;rbs_spacer=5-10bp;gc_cont=0.532
NZ_ABFG01000008.1:281815-283185|+ -            457 64323at91347         -            236   2.2e-07   28.7   4.1   3   3   6.9e-06    0.0039   14.8   1.9   145   212   372   440   367   451 0.82 NZ_ABFG01000008.1_251 # 281815 # 283185 # 1 # ID=43_251;partial=00;start_type=ATG;rbs_motif=AGGA;rbs_spacer=5-10bp;gc_cont=0.532
NZ_ABFG01000001.1:154366-154980|+ -            205 64323at91347         -            236   0.00082   17.0   1.9   1   2     0.051        29    2.1   0.0   121   165    85   129    80   141 0.84 NZ_ABFG01000001.1_138 # 154366 # 154980 # 1 # ID=50_138;partial=00;start_type=ATG;rbs_motif=AGGA;rbs_spacer=5-10bp;gc_cont=0.332
NZ_ABFG01000001.1:154366-154980|+ -            205 64323at91347         -            236   0.00082   17.0   1.9   2   2   1.2e-05    0.0065   14.0   0.7   168   218   151   202   140   203 0.90 NZ_ABFG01000001.1_138 # 154366 # 154980 # 1 # ID=50_138;partial=00;start_type=ATG;rbs_motif=AGGA;rbs_spacer=5-10bp;gc_cont=0.332
NZ_ABFG01000001.1:127751-128305|+ -            185 64323at91347         -            236    0.0018   15.9   1.9   1   2      0.18     1e+02    0.3   0.1   180   191    87    98    45   104 0.52 NZ_ABFG01000001.1_114 # 127751 # 128305 # 1 # ID=50_114;partial=00;start_type=ATG;rbs_motif=GGAG/GAGG;rbs_spacer=5-10bp;gc_cont=0.514
NZ_ABFG01000001.1:127751-128305|+ -            185 64323at91347         -            236    0.0018   15.9   1.9   2   2   9.3e-06    0.0052   14.4   1.3   164   220   121   178    63   183 0.70 NZ_ABFG01000001.1_114 # 127751 # 128305 # 1 # ID=50_114;partial=00;start_type=ATG;rbs_motif=GGAG/GAGG;rbs_spacer=5-10bp;gc_cont=0.514
NZ_ABFG01000023.1:19959-20513|-   -            185 64323at91347         -            236     0.015   12.9   5.2   1   3    0.0069       3.9    5.0   0.0   163   188     9    34     5    49 0.83 NZ_ABFG01000023.1_36 # 19959 # 20513 # -1 # ID=28_36;partial=00;start_type=ATG;rbs_motif=GGAG/GAGG;rbs_spacer=5-10bp;gc_cont=0.503
NZ_ABFG01000023.1:19959-20513|-   -            185 64323at91347         -            236     0.015   12.9   5.2   2   3    0.0048       2.7    5.5   1.8   137   201    52   114    35   120 0.77 NZ_ABFG01000023.1_36 # 19959 # 20513 # -1 # ID=28_36;partial=00;start_type=ATG;rbs_motif=GGAG/GAGG;rbs_spacer=5-10bp;gc_cont=0.503
NZ_ABFG01000023.1:19959-20513|-   -            185 64323at91347         -            236     0.015   12.9   5.2   3   3   0.00075      0.42    8.1   1.5   143   201    81   132    72   159 0.81 NZ_ABFG01000023.1_36 # 19959 # 20513 # -1 # ID=28_36;partial=00;start_type=ATG;rbs_motif=GGAG/GAGG;rbs_spacer=5-10bp;gc_cont=0.503
NZ_ABFG01000021.1:873-1661|+      -            263 64323at91347         -            236     0.034   11.7   9.0   1   2    0.0061       3.4    5.1   1.0   169   203    14    48     6    74 0.79 NZ_ABFG01000021.1_3 # 873 # 1661 # 1 # ID=30_3;partial=00;start_type=GTG;rbs_motif=GGAGG;rbs_spacer=5-10bp;gc_cont=0.535
NZ_ABFG01000021.1:873-1661|+      -            263 64323at91347         -            236     0.034   11.7   9.0   2   2   0.00018       0.1   10.1   1.6   145   214   123   192    95   198 0.88 NZ_ABFG01000021.1_3 # 873 # 1661 # 1 # ID=30_3;partial=00;start_type=GTG;rbs_motif=GGAGG;rbs_spacer=5-10bp;gc_cont=0.535
#
# Program:         hmmsearch
# Version:         3.4 (Aug 2023)
# Pipeline mode:   SEARCH
# Query file:      /Users/dizzler/Projects/School/BIOL4600-Capstone/databases/lineages/enterobacterales_odb10/hmms/64323at91347.hmm
# Target file:     /Users/dizzler/Projects/School/BIOL4600-Capstone/reports/busco-results/GCF_000171515.1_ASM17151v1_genomic.fna/prodigal_output/predicted_genes/predicted.faa
# Option settings: hmmsearch --domtblout /Users/dizzler/Projects/School/BIOL4600-Capstone/reports/busco-results/GCF_000171515.1_ASM17151v1_genomic.fna/run_enterobacterales_odb10/hmmer_output/64323at91347.out --cpu 1 /Users/dizzler/Projects/School/BIOL4600-Capstone/databases/lineages/enterobacterales_odb10/hmms/64323at91347.hmm /Users/dizzler/Projects/School/BIOL4600-Capstone/reports/busco-results/GCF_000171515.1_ASM17151v1_genomic.fna/prodigal_output/predicted_genes/predicted.faa 
# Current dir:     /Users/dizzler/Projects/School/BIOL4600-Capstone
# Date:            Wed Feb 25 22:53:37 2026
# [ok]
