#                                                                                         --- full sequence --- -------------- this domain -------------   hmm coord   ali coord   env coord
# target name                     accession   tlen query name           accession   qlen   E-value  score  bias   #  of  c-Evalue  i-Evalue  score  bias  from    to  from    to  from    to  acc description of target
#             ------------------- ---------- ----- -------------------- ---------- ----- --------- ------ ----- --- --- --------- --------- ------ ----- ----- ----- ----- ----- ----- ----- ---- ---------------------
NZ_ABFG01000004.1:304388-304930|+ -            181 64963at91347         -            149   1.3e-85  282.3   0.5   1   1   1.9e-86   3.3e-84  277.7   0.5     7   144    12   158     1   180 0.92 NZ_ABFG01000004.1_271 # 304388 # 304930 # 1 # ID=47_271;partial=00;start_type=ATG;rbs_motif=GGA/GAG/AGG;rbs_spacer=5-10bp;gc_cont=0.545
NZ_ABFG01000005.1:231884-232426|+ -            181 64963at91347         -            149   4.6e-16   56.6   4.6   1   2   2.6e-18   4.6e-16   56.6   4.6    21   120    15   110     5   137 0.81 NZ_ABFG01000005.1_213 # 231884 # 232426 # 1 # ID=46_213;partial=00;start_type=ATG;rbs_motif=AGGA;rbs_spacer=5-10bp;gc_cont=0.556
NZ_ABFG01000005.1:231884-232426|+ -            181 64963at91347         -            149   4.6e-16   56.6   4.6   2   2       5.5   9.9e+02   -2.9   0.0    44    63   153   172   139   177 0.53 NZ_ABFG01000005.1_213 # 231884 # 232426 # 1 # ID=46_213;partial=00;start_type=ATG;rbs_motif=AGGA;rbs_spacer=5-10bp;gc_cont=0.556
NZ_ABFG01000004.1:79672-80535|+   -            288 64963at91347         -            149   9.3e-06   23.1  21.0   1   3    0.0056         1    6.8   8.5    45   101    22    68    12    73 0.76 NZ_ABFG01000004.1_72 # 79672 # 80535 # 1 # ID=47_72;partial=00;start_type=ATG;rbs_motif=None;rbs_spacer=None;gc_cont=0.600
NZ_ABFG01000004.1:79672-80535|+   -            288 64963at91347         -            149   9.3e-06   23.1  21.0   2   3    0.0053      0.95    6.9   0.9    82   103   190   211   173   216 0.85 NZ_ABFG01000004.1_72 # 79672 # 80535 # 1 # ID=47_72;partial=00;start_type=ATG;rbs_motif=None;rbs_spacer=None;gc_cont=0.600
NZ_ABFG01000004.1:79672-80535|+   -            288 64963at91347         -            149   9.3e-06   23.1  21.0   3   3     4e-05    0.0073   13.7   0.1    78   112   215   249   211   257 0.84 NZ_ABFG01000004.1_72 # 79672 # 80535 # 1 # ID=47_72;partial=00;start_type=ATG;rbs_motif=None;rbs_spacer=None;gc_cont=0.600
NZ_ABFG01000001.1:19514-20749|-   -            412 64963at91347         -            149     3e-05   21.5   9.5   1   2    0.0048      0.87    7.0   0.5    72    97   331   356   322   369 0.77 NZ_ABFG01000001.1_17 # 19514 # 20749 # -1 # ID=50_17;partial=00;start_type=ATG;rbs_motif=AGGAG;rbs_spacer=5-10bp;gc_cont=0.515
NZ_ABFG01000001.1:19514-20749|-   -            412 64963at91347         -            149     3e-05   21.5   9.5   2   2   1.9e-06   0.00034   18.1   3.1    42    71   374   403   367   408 0.83 NZ_ABFG01000001.1_17 # 19514 # 20749 # -1 # ID=50_17;partial=00;start_type=ATG;rbs_motif=AGGAG;rbs_spacer=5-10bp;gc_cont=0.515
NZ_ABFG01000020.1:21131-23338|+   -            736 64963at91347         -            149   5.6e-05   20.6   2.7   1   1   5.5e-07   9.9e-05   19.8   2.7    40   103   371   433   365   451 0.88 NZ_ABFG01000020.1_19 # 21131 # 23338 # 1 # ID=31_19;partial=00;start_type=ATG;rbs_motif=GGA/GAG/AGG;rbs_spacer=5-10bp;gc_cont=0.601
NZ_ABFG01000020.1:20560-21138|+   -            193 64963at91347         -            149   6.1e-05   20.5  10.1   1   2    0.0032      0.57    7.6   2.7    43    61   114   132   106   141 0.79 NZ_ABFG01000020.1_18 # 20560 # 21138 # 1 # ID=31_18;partial=00;start_type=ATG;rbs_motif=None;rbs_spacer=None;gc_cont=0.560
NZ_ABFG01000020.1:20560-21138|+   -            193 64963at91347         -            149   6.1e-05   20.5  10.1   2   2   2.9e-06   0.00051   17.5   0.8    43    74   144   175   135   185 0.84 NZ_ABFG01000020.1_18 # 20560 # 21138 # 1 # ID=31_18;partial=00;start_type=ATG;rbs_motif=None;rbs_spacer=None;gc_cont=0.560
NZ_ABFG01000005.1:226787-227395|+ -            203 64963at91347         -            149   0.00013   19.4  18.6   1   3     0.041       7.3    4.0   1.4    82    99     9    26     1    34 0.76 NZ_ABFG01000005.1_209 # 226787 # 227395 # 1 # ID=46_209;partial=00;start_type=GTG;rbs_motif=GGAG/GAGG;rbs_spacer=5-10bp;gc_cont=0.578
NZ_ABFG01000005.1:226787-227395|+ -            203 64963at91347         -            149   0.00013   19.4  18.6   2   3    0.0007      0.12    9.7   7.1    33   101    38    98    27    99 0.73 NZ_ABFG01000005.1_209 # 226787 # 227395 # 1 # ID=46_209;partial=00;start_type=GTG;rbs_motif=GGAG/GAGG;rbs_spacer=5-10bp;gc_cont=0.578
NZ_ABFG01000005.1:226787-227395|+ -            203 64963at91347         -            149   0.00013   19.4  18.6   3   3    0.0062       1.1    6.7   0.0    90   118   154   184   131   196 0.71 NZ_ABFG01000005.1_209 # 226787 # 227395 # 1 # ID=46_209;partial=00;start_type=GTG;rbs_motif=GGAG/GAGG;rbs_spacer=5-10bp;gc_cont=0.578
NZ_ABFG01000004.1:53674-54717|-   -            348 64963at91347         -            149   0.00032   18.1   3.0   1   2   5.2e-05    0.0093   13.4   0.6    43   104   227   249   191   276 0.62 NZ_ABFG01000004.1_49 # 53674 # 54717 # -1 # ID=47_49;partial=00;start_type=ATG;rbs_motif=GGAG/GAGG;rbs_spacer=5-10bp;gc_cont=0.530
NZ_ABFG01000004.1:53674-54717|-   -            348 64963at91347         -            149   0.00032   18.1   3.0   2   2     0.031       5.6    4.4   0.1    84    97   311   324   288   344 0.73 NZ_ABFG01000004.1_49 # 53674 # 54717 # -1 # ID=47_49;partial=00;start_type=ATG;rbs_motif=GGAG/GAGG;rbs_spacer=5-10bp;gc_cont=0.530
NZ_ABFG01000004.1:51828-52841|-   -            338 64963at91347         -            149   0.00034   18.1   9.6   1   2   0.00073      0.13    9.7   3.0    54   100   151   195   146   202 0.73 NZ_ABFG01000004.1_47 # 51828 # 52841 # -1 # ID=47_47;partial=00;start_type=ATG;rbs_motif=AGGAG;rbs_spacer=5-10bp;gc_cont=0.555
NZ_ABFG01000004.1:51828-52841|-   -            338 64963at91347         -            149   0.00034   18.1   9.6   2   2   1.7e-05     0.003   15.0   7.3    41   105   175   232   166   237 0.81 NZ_ABFG01000004.1_47 # 51828 # 52841 # -1 # ID=47_47;partial=00;start_type=ATG;rbs_motif=AGGAG;rbs_spacer=5-10bp;gc_cont=0.555
NZ_ABFG01000004.1:146109-148070|+ -            654 64963at91347         -            149   0.00069   17.1   3.7   1   3       0.1        19    2.7   6.3    43   105     9    78     2    86 0.63 NZ_ABFG01000004.1_120 # 146109 # 148070 # 1 # ID=47_120;partial=00;start_type=ATG;rbs_motif=AGxAGG/AGGxGG;rbs_spacer=5-10bp;gc_cont=0.587
NZ_ABFG01000004.1:146109-148070|+ -            654 64963at91347         -            149   0.00069   17.1   3.7   2   3   3.8e-06   0.00069   17.1   3.7    43   111    84   153    76   165 0.85 NZ_ABFG01000004.1_120 # 146109 # 148070 # 1 # ID=47_120;partial=00;start_type=ATG;rbs_motif=AGxAGG/AGGxGG;rbs_spacer=5-10bp;gc_cont=0.587
NZ_ABFG01000004.1:146109-148070|+ -            654 64963at91347         -            149   0.00069   17.1   3.7   3   3      0.11        20    2.6   0.1    82    98   224   243   215   263 0.82 NZ_ABFG01000004.1_120 # 146109 # 148070 # 1 # ID=47_120;partial=00;start_type=ATG;rbs_motif=AGxAGG/AGGxGG;rbs_spacer=5-10bp;gc_cont=0.587
NZ_ABFG01000009.1:49385-50119|+   -            245 64963at91347         -            149   0.00075   16.9   4.9   1   3       4.8   8.7e+02   -2.7   0.2    83   100    61    78    55    88 0.70 NZ_ABFG01000009.1_51 # 49385 # 50119 # 1 # ID=42_51;partial=00;start_type=ATG;rbs_motif=AGGAG;rbs_spacer=5-10bp;gc_cont=0.537
NZ_ABFG01000009.1:49385-50119|+   -            245 64963at91347         -            149   0.00075   16.9   4.9   2   3   7.8e-05     0.014   12.8   0.4    81    98   145   162   137   169 0.87 NZ_ABFG01000009.1_51 # 49385 # 50119 # 1 # ID=42_51;partial=00;start_type=ATG;rbs_motif=AGGAG;rbs_spacer=5-10bp;gc_cont=0.537
NZ_ABFG01000009.1:49385-50119|+   -            245 64963at91347         -            149   0.00075   16.9   4.9   3   3     0.011       1.9    5.9   0.0    84    97   204   217   173   236 0.78 NZ_ABFG01000009.1_51 # 49385 # 50119 # 1 # ID=42_51;partial=00;start_type=ATG;rbs_motif=AGGAG;rbs_spacer=5-10bp;gc_cont=0.537
NZ_ABFG01000001.1:682475-683359|+ -            295 64963at91347         -            149    0.0013   16.1   2.5   1   2     0.041       7.4    4.0   0.2    44    56    37    49     8    55 0.74 NZ_ABFG01000001.1_657 # 682475 # 683359 # 1 # ID=50_657;partial=00;start_type=ATG;rbs_motif=GGAGG;rbs_spacer=5-10bp;gc_cont=0.539
NZ_ABFG01000001.1:682475-683359|+ -            295 64963at91347         -            149    0.0013   16.1   2.5   2   2   7.4e-06    0.0013   16.1   2.5    43   114   130   198   115   207 0.83 NZ_ABFG01000001.1_657 # 682475 # 683359 # 1 # ID=50_657;partial=00;start_type=ATG;rbs_motif=GGAGG;rbs_spacer=5-10bp;gc_cont=0.539
NZ_ABFG01000001.1:756727-757344|+ -            206 64963at91347         -            149    0.0024   15.3  13.4   1   3    0.0016      0.28    8.6   0.2    78   107     7    35     3    43 0.82 NZ_ABFG01000001.1_732 # 756727 # 757344 # 1 # ID=50_732;partial=00;start_type=ATG;rbs_motif=AGGAG;rbs_spacer=5-10bp;gc_cont=0.570
NZ_ABFG01000001.1:756727-757344|+ -            206 64963at91347         -            149    0.0024   15.3  13.4   2   3     0.042       7.6    3.9   0.2    68   101    49    85    45    93 0.73 NZ_ABFG01000001.1_732 # 756727 # 757344 # 1 # ID=50_732;partial=00;start_type=ATG;rbs_motif=AGGAG;rbs_spacer=5-10bp;gc_cont=0.570
NZ_ABFG01000001.1:756727-757344|+ -            206 64963at91347         -            149    0.0024   15.3  13.4   3   3    0.0016      0.29    8.5   3.1    43   104    96   154    92   164 0.81 NZ_ABFG01000001.1_732 # 756727 # 757344 # 1 # ID=50_732;partial=00;start_type=ATG;rbs_motif=AGGAG;rbs_spacer=5-10bp;gc_cont=0.570
NZ_ABFG01000010.1:32112-32729|-   -            206 64963at91347         -            149    0.0024   15.3  13.4   1   3    0.0016      0.28    8.6   0.2    78   107     7    35     3    43 0.82 NZ_ABFG01000010.1_29 # 32112 # 32729 # -1 # ID=41_29;partial=00;start_type=ATG;rbs_motif=AGGAG;rbs_spacer=5-10bp;gc_cont=0.576
NZ_ABFG01000010.1:32112-32729|-   -            206 64963at91347         -            149    0.0024   15.3  13.4   2   3     0.042       7.6    3.9   0.2    68   101    49    85    45    93 0.73 NZ_ABFG01000010.1_29 # 32112 # 32729 # -1 # ID=41_29;partial=00;start_type=ATG;rbs_motif=AGGAG;rbs_spacer=5-10bp;gc_cont=0.576
NZ_ABFG01000010.1:32112-32729|-   -            206 64963at91347         -            149    0.0024   15.3  13.4   3   3    0.0016      0.29    8.5   3.1    43   104    96   154    92   164 0.81 NZ_ABFG01000010.1_29 # 32112 # 32729 # -1 # ID=41_29;partial=00;start_type=ATG;rbs_motif=AGGAG;rbs_spacer=5-10bp;gc_cont=0.576
NZ_ABFG01000002.1:200551-201024|+ -            158 64963at91347         -            149    0.0027   15.2  24.6   1   3     0.017         3    5.2   9.0    44   100    10    75     2    80 0.73 NZ_ABFG01000002.1_185 # 200551 # 201024 # 1 # ID=49_185;partial=00;start_type=ATG;rbs_motif=AGxAGG/AGGxGG;rbs_spacer=5-10bp;gc_cont=0.601
NZ_ABFG01000002.1:200551-201024|+ -            158 64963at91347         -            149    0.0027   15.2  24.6   2   3    0.0042      0.75    7.2   9.5    38   119    50   123    42   126 0.68 NZ_ABFG01000002.1_185 # 200551 # 201024 # 1 # ID=49_185;partial=00;start_type=ATG;rbs_motif=AGxAGG/AGGxGG;rbs_spacer=5-10bp;gc_cont=0.601
NZ_ABFG01000002.1:200551-201024|+ -            158 64963at91347         -            149    0.0027   15.2  24.6   3   3    0.0001     0.018   12.4   7.3    43   108    86   147    76   154 0.71 NZ_ABFG01000002.1_185 # 200551 # 201024 # 1 # ID=49_185;partial=00;start_type=ATG;rbs_motif=AGxAGG/AGGxGG;rbs_spacer=5-10bp;gc_cont=0.601
NZ_ABFG01000005.1:235100-235645|+ -            182 64963at91347         -            149    0.0092   13.4  24.3   1   2     0.007       1.3    6.5   8.4    43    99     9    74     2    81 0.74 NZ_ABFG01000005.1_218 # 235100 # 235645 # 1 # ID=46_218;partial=00;start_type=ATG;rbs_motif=GGAG/GAGG;rbs_spacer=5-10bp;gc_cont=0.562
NZ_ABFG01000005.1:235100-235645|+ -            182 64963at91347         -            149    0.0092   13.4  24.3   2   2   0.00019     0.035   11.5   7.5    43   107    86   159    77   171 0.69 NZ_ABFG01000005.1_218 # 235100 # 235645 # 1 # ID=46_218;partial=00;start_type=ATG;rbs_motif=GGAG/GAGG;rbs_spacer=5-10bp;gc_cont=0.562
NZ_ABFG01000004.1:17888-18148|-   -             87 64963at91347         -            149     0.013   12.9   5.5   1   2   7.9e-05     0.014   12.8   2.8    83   105     7    29     3    47 0.78 NZ_ABFG01000004.1_20 # 17888 # 18148 # -1 # ID=47_20;partial=00;start_type=ATG;rbs_motif=GGA/GAG/AGG;rbs_spacer=5-10bp;gc_cont=0.471
NZ_ABFG01000004.1:17888-18148|-   -             87 64963at91347         -            149     0.013   12.9   5.5   2   2      0.18        33    1.9   0.2    50    66    48    64    27    83 0.54 NZ_ABFG01000004.1_20 # 17888 # 18148 # -1 # ID=47_20;partial=00;start_type=ATG;rbs_motif=GGA/GAG/AGG;rbs_spacer=5-10bp;gc_cont=0.471
NZ_ABFG01000004.1:78241-78870|+   -            210 64963at91347         -            149     0.016   12.7  14.2   1   4     0.025       4.5    4.7   0.3    43    56    21    34    14    52 0.68 NZ_ABFG01000004.1_70 # 78241 # 78870 # 1 # ID=47_70;partial=00;start_type=ATG;rbs_motif=GGAGG;rbs_spacer=5-10bp;gc_cont=0.549
NZ_ABFG01000004.1:78241-78870|+   -            210 64963at91347         -            149     0.016   12.7  14.2   2   4     0.064        11    3.4   0.4    84   101    77    96    60   100 0.71 NZ_ABFG01000004.1_70 # 78241 # 78870 # 1 # ID=47_70;partial=00;start_type=ATG;rbs_motif=GGAGG;rbs_spacer=5-10bp;gc_cont=0.549
NZ_ABFG01000004.1:78241-78870|+   -            210 64963at91347         -            149     0.016   12.7  14.2   3   4   0.00018     0.032   11.6   4.7    47   105    76   131    74   150 0.77 NZ_ABFG01000004.1_70 # 78241 # 78870 # 1 # ID=47_70;partial=00;start_type=ATG;rbs_motif=GGAGG;rbs_spacer=5-10bp;gc_cont=0.549
NZ_ABFG01000004.1:78241-78870|+   -            210 64963at91347         -            149     0.016   12.7  14.2   4   4   0.00091      0.16    9.4   2.5    44   104   109   130   105   174 0.64 NZ_ABFG01000004.1_70 # 78241 # 78870 # 1 # ID=47_70;partial=00;start_type=ATG;rbs_motif=GGAGG;rbs_spacer=5-10bp;gc_cont=0.549
NZ_ABFG01000001.1:186169-186747|+ -            193 64963at91347         -            149     0.018   12.4  18.7   1   3      0.07        13    3.2   8.5    42    59    13    30     7    84 0.52 NZ_ABFG01000001.1_163 # 186169 # 186747 # 1 # ID=50_163;partial=00;start_type=ATG;rbs_motif=GGAGG;rbs_spacer=5-10bp;gc_cont=0.542
NZ_ABFG01000001.1:186169-186747|+ -            193 64963at91347         -            149     0.018   12.4  18.7   2   3    0.0024      0.42    8.0   6.1    74   106    85   117    54   125 0.66 NZ_ABFG01000001.1_163 # 186169 # 186747 # 1 # ID=50_163;partial=00;start_type=ATG;rbs_motif=GGAGG;rbs_spacer=5-10bp;gc_cont=0.542
NZ_ABFG01000001.1:186169-186747|+ -            193 64963at91347         -            149     0.018   12.4  18.7   3   3    0.0002     0.035   11.5   2.6    43   121    93   171    90   185 0.67 NZ_ABFG01000001.1_163 # 186169 # 186747 # 1 # ID=50_163;partial=00;start_type=ATG;rbs_motif=GGAGG;rbs_spacer=5-10bp;gc_cont=0.542
NZ_ABFG01000004.1:338190-339380|- -            397 64963at91347         -            149      0.07   10.5   9.1   1   2    0.0029      0.52    7.7   9.1    44    97     7    68     2    77 0.68 NZ_ABFG01000004.1_305 # 338190 # 339380 # -1 # ID=47_305;partial=00;start_type=ATG;rbs_motif=AGGAG;rbs_spacer=5-10bp;gc_cont=0.536
NZ_ABFG01000004.1:338190-339380|- -            397 64963at91347         -            149      0.07   10.5   9.1   2   2    0.0072       1.3    6.4   0.8    44    59    54    69    37    89 0.70 NZ_ABFG01000004.1_305 # 338190 # 339380 # -1 # ID=47_305;partial=00;start_type=ATG;rbs_motif=AGGAG;rbs_spacer=5-10bp;gc_cont=0.536
NZ_ABFG01000004.1:376070-376765|+ -            232 64963at91347         -            149     0.098   10.1  16.2   1   2      0.01       1.9    5.9   5.8    45    93    60   104    52   129 0.60 NZ_ABFG01000004.1_333 # 376070 # 376765 # 1 # ID=47_333;partial=00;start_type=ATG;rbs_motif=GGA/GAG/AGG;rbs_spacer=11-12bp;gc_cont=0.605
NZ_ABFG01000004.1:376070-376765|+ -            232 64963at91347         -            149     0.098   10.1  16.2   2   2    0.0015      0.28    8.6   2.5    34    97   132   198   121   217 0.73 NZ_ABFG01000004.1_333 # 376070 # 376765 # 1 # ID=47_333;partial=00;start_type=ATG;rbs_motif=GGA/GAG/AGG;rbs_spacer=11-12bp;gc_cont=0.605
NZ_ABFG01000009.1:78572-79198|-   -            209 64963at91347         -            149      0.36    8.2  11.2   1   4     0.056        10    3.5   0.1    43    57    10    24     4    37 0.73 NZ_ABFG01000009.1_82 # 78572 # 79198 # -1 # ID=42_82;partial=00;start_type=ATG;rbs_motif=AGGAG;rbs_spacer=5-10bp;gc_cont=0.539
NZ_ABFG01000009.1:78572-79198|-   -            209 64963at91347         -            149      0.36    8.2  11.2   2   4     0.062        11    3.4   0.2    71   101    51    84    44    91 0.69 NZ_ABFG01000009.1_82 # 78572 # 79198 # -1 # ID=42_82;partial=00;start_type=ATG;rbs_motif=AGGAG;rbs_spacer=5-10bp;gc_cont=0.539
NZ_ABFG01000009.1:78572-79198|-   -            209 64963at91347         -            149      0.36    8.2  11.2   3   4    0.0074       1.3    6.4   4.5    47   104    64   118    56   126 0.73 NZ_ABFG01000009.1_82 # 78572 # 79198 # -1 # ID=42_82;partial=00;start_type=ATG;rbs_motif=AGGAG;rbs_spacer=5-10bp;gc_cont=0.539
NZ_ABFG01000009.1:78572-79198|-   -            209 64963at91347         -            149      0.36    8.2  11.2   4   4     0.015       2.8    5.4   1.7    83   102    97   116    90   166 0.70 NZ_ABFG01000009.1_82 # 78572 # 79198 # -1 # ID=42_82;partial=00;start_type=ATG;rbs_motif=AGGAG;rbs_spacer=5-10bp;gc_cont=0.539
NZ_ABFG01000008.1:115477-116379|+ -            301 64963at91347         -            149      0.68    7.3  12.9   1   2      0.11        19    2.7   0.2    83    95    37    49    22    57 0.69 NZ_ABFG01000008.1_101 # 115477 # 116379 # 1 # ID=43_101;partial=00;start_type=ATG;rbs_motif=GGAG/GAGG;rbs_spacer=5-10bp;gc_cont=0.581
NZ_ABFG01000008.1:115477-116379|+ -            301 64963at91347         -            149      0.68    7.3  12.9   2   2    0.0003     0.053   10.9   3.2    43   109   130   193   122   206 0.84 NZ_ABFG01000008.1_101 # 115477 # 116379 # 1 # ID=43_101;partial=00;start_type=ATG;rbs_motif=GGAG/GAGG;rbs_spacer=5-10bp;gc_cont=0.581
NZ_ABFG01000001.1:587249-590773|- -           1175 64963at91347         -            149       1.3    6.4  10.2   1   1      0.71   1.3e+02   -0.0  10.2    42    98   685   758   669   780 0.61 NZ_ABFG01000001.1_574 # 587249 # 590773 # -1 # ID=50_574;partial=00;start_type=ATG;rbs_motif=GGA/GAG/AGG;rbs_spacer=5-10bp;gc_cont=0.551
NZ_ABFG01000011.1:35523-36257|+   -            245 64963at91347         -            149       3.1    5.2  16.2   1   3     0.015       2.6    5.4   1.6    44    60    51    67    39    85 0.80 NZ_ABFG01000011.1_42 # 35523 # 36257 # 1 # ID=40_42;partial=00;start_type=ATG;rbs_motif=GGAG/GAGG;rbs_spacer=5-10bp;gc_cont=0.563
NZ_ABFG01000011.1:35523-36257|+   -            245 64963at91347         -            149       3.1    5.2  16.2   2   3    0.0052      0.94    6.9   3.9    43    60   129   146    98   157 0.81 NZ_ABFG01000011.1_42 # 35523 # 36257 # 1 # ID=40_42;partial=00;start_type=ATG;rbs_motif=GGAG/GAGG;rbs_spacer=5-10bp;gc_cont=0.563
NZ_ABFG01000011.1:35523-36257|+   -            245 64963at91347         -            149       3.1    5.2  16.2   3   3    0.0019      0.35    8.3   3.5    43    69   129   155   117   207 0.78 NZ_ABFG01000011.1_42 # 35523 # 36257 # 1 # ID=40_42;partial=00;start_type=ATG;rbs_motif=GGAG/GAGG;rbs_spacer=5-10bp;gc_cont=0.563
#
# Program:         hmmsearch
# Version:         3.4 (Aug 2023)
# Pipeline mode:   SEARCH
# Query file:      /Users/dizzler/Projects/School/BIOL4600-Capstone/databases/lineages/enterobacterales_odb10/hmms/64963at91347.hmm
# Target file:     /Users/dizzler/Projects/School/BIOL4600-Capstone/reports/busco-results/GCF_000171515.1_ASM17151v1_genomic.fna/prodigal_output/predicted_genes/predicted.faa
# Option settings: hmmsearch --domtblout /Users/dizzler/Projects/School/BIOL4600-Capstone/reports/busco-results/GCF_000171515.1_ASM17151v1_genomic.fna/run_enterobacterales_odb10/hmmer_output/64963at91347.out --cpu 1 /Users/dizzler/Projects/School/BIOL4600-Capstone/databases/lineages/enterobacterales_odb10/hmms/64963at91347.hmm /Users/dizzler/Projects/School/BIOL4600-Capstone/reports/busco-results/GCF_000171515.1_ASM17151v1_genomic.fna/prodigal_output/predicted_genes/predicted.faa 
# Current dir:     /Users/dizzler/Projects/School/BIOL4600-Capstone
# Date:            Wed Feb 25 22:53:37 2026
# [ok]
