#                                                                                       --- full sequence --- -------------- this domain -------------   hmm coord   ali coord   env coord
# target name                   accession   tlen query name           accession   qlen   E-value  score  bias   #  of  c-Evalue  i-Evalue  score  bias  from    to  from    to  from    to  acc description of target
#           ------------------- ---------- ----- -------------------- ---------- ----- --------- ------ ----- --- --- --------- --------- ------ ----- ----- ----- ----- ----- ----- ----- ---- ---------------------
NZ_ABFG01000012.1:92559-94442|- -            628 67457at91347         -            424  3.7e-233  771.8  24.1   1   4   1.3e-30   7.4e-28   95.4   3.5     1    70     4    75     4    87 0.93 NZ_ABFG01000012.1_84 # 92559 # 94442 # -1 # ID=39_84;partial=00;start_type=ATG;rbs_motif=GGAG/GAGG;rbs_spacer=5-10bp;gc_cont=0.557
NZ_ABFG01000012.1:92559-94442|- -            628 67457at91347         -            424  3.7e-233  771.8  24.1   2   4     9e-33     5e-30  102.5   1.9     1    72   107   180   107   189 0.94 NZ_ABFG01000012.1_84 # 92559 # 94442 # -1 # ID=39_84;partial=00;start_type=ATG;rbs_motif=GGAG/GAGG;rbs_spacer=5-10bp;gc_cont=0.557
NZ_ABFG01000012.1:92559-94442|- -            628 67457at91347         -            424  3.7e-233  771.8  24.1   3   4     4e-33   2.2e-30  103.7   2.3     1    72   206   279   206   288 0.94 NZ_ABFG01000012.1_84 # 92559 # 94442 # -1 # ID=39_84;partial=00;start_type=ATG;rbs_motif=GGAG/GAGG;rbs_spacer=5-10bp;gc_cont=0.557
NZ_ABFG01000012.1:92559-94442|- -            628 67457at91347         -            424  3.7e-233  771.8  24.1   4   4  1.1e-147    6e-145  481.2   0.0   146   424   320   627   313   627 0.92 NZ_ABFG01000012.1_84 # 92559 # 94442 # -1 # ID=39_84;partial=00;start_type=ATG;rbs_motif=GGAG/GAGG;rbs_spacer=5-10bp;gc_cont=0.557
NZ_ABFG01000015.1:35948-37156|+ -            403 67457at91347         -            424   6.1e-56  187.9   0.0   1   2   5.8e-06    0.0033   14.2   0.4    20    54    26    61     5    87 0.72 NZ_ABFG01000015.1_33 # 35948 # 37156 # 1 # ID=36_33;partial=00;start_type=ATG;rbs_motif=AGGA;rbs_spacer=5-10bp;gc_cont=0.564
NZ_ABFG01000015.1:35948-37156|+ -            403 67457at91347         -            424   6.1e-56  187.9   0.0   2   2   9.7e-54   5.4e-51  171.6   0.0   152   415   114   388    85   400 0.88 NZ_ABFG01000015.1_33 # 35948 # 37156 # 1 # ID=36_33;partial=00;start_type=ATG;rbs_motif=AGGA;rbs_spacer=5-10bp;gc_cont=0.564
NZ_ABFG01000006.1:89179-90948|+ -            590 67457at91347         -            424   0.00019   18.3   0.1   1   1   5.2e-07   0.00029   17.7   0.1    83   140   531   588   524   589 0.78 NZ_ABFG01000006.1_78 # 89179 # 90948 # 1 # ID=45_78;partial=00;start_type=ATG;rbs_motif=GGAGG;rbs_spacer=5-10bp;gc_cont=0.636
NZ_ABFG01000007.1:50177-51946|+ -            590 67457at91347         -            424   0.00019   18.2   0.1   1   1   5.2e-07   0.00029   17.7   0.1    83   140   531   588   524   589 0.78 NZ_ABFG01000007.1_42 # 50177 # 51946 # 1 # ID=44_42;partial=00;start_type=ATG;rbs_motif=GGAGG;rbs_spacer=5-10bp;gc_cont=0.644
NZ_ABFG01000015.1:61036-62805|+ -            590 67457at91347         -            424   0.00024   17.9   0.1   1   1   6.4e-07   0.00036   17.4   0.1    83   140   531   588   524   589 0.77 NZ_ABFG01000015.1_59 # 61036 # 62805 # 1 # ID=36_59;partial=00;start_type=ATG;rbs_motif=GGAGG;rbs_spacer=5-10bp;gc_cont=0.634
NZ_ABFG01000007.1:21442-21912|- -            157 67457at91347         -            424   0.00042   17.2   0.1   1   1     1e-06   0.00058   16.7   0.1    86   140   101   155    94   156 0.90 NZ_ABFG01000007.1_15 # 21442 # 21912 # -1 # ID=44_15;partial=00;start_type=ATG;rbs_motif=GGA/GAG/AGG;rbs_spacer=5-10bp;gc_cont=0.527
NZ_ABFG01000010.1:59925-61043|- -            373 67457at91347         -            424     0.003   14.3   2.3   1   2   0.00016     0.092    9.4   0.1   109   153    62   108    45   129 0.56 NZ_ABFG01000010.1_49 # 59925 # 61043 # -1 # ID=41_49;partial=00;start_type=ATG;rbs_motif=GGA/GAG/AGG;rbs_spacer=5-10bp;gc_cont=0.533
NZ_ABFG01000010.1:59925-61043|- -            373 67457at91347         -            424     0.003   14.3   2.3   2   2    0.0078       4.4    3.9   0.3    79   136   152   211   135   237 0.67 NZ_ABFG01000010.1_49 # 59925 # 61043 # -1 # ID=41_49;partial=00;start_type=ATG;rbs_motif=GGA/GAG/AGG;rbs_spacer=5-10bp;gc_cont=0.533
NZ_ABFG01000024.1:11132-11992|- -            287 67457at91347         -            424     0.016   12.0   0.0   1   2     0.024        13    2.3   0.0   109   152    44    87    30   100 0.83 NZ_ABFG01000024.1_15 # 11132 # 11992 # -1 # ID=27_15;partial=00;start_type=ATG;rbs_motif=None;rbs_spacer=None;gc_cont=0.504
NZ_ABFG01000024.1:11132-11992|- -            287 67457at91347         -            424     0.016   12.0   0.0   2   2   0.00067      0.38    7.4   0.0    93   141   134   183   110   202 0.68 NZ_ABFG01000024.1_15 # 11132 # 11992 # -1 # ID=27_15;partial=00;start_type=ATG;rbs_motif=None;rbs_spacer=None;gc_cont=0.504
#
# Program:         hmmsearch
# Version:         3.4 (Aug 2023)
# Pipeline mode:   SEARCH
# Query file:      /Users/dizzler/Projects/School/BIOL4600-Capstone/databases/lineages/enterobacterales_odb10/hmms/67457at91347.hmm
# Target file:     /Users/dizzler/Projects/School/BIOL4600-Capstone/reports/busco-results/GCF_000171515.1_ASM17151v1_genomic.fna/prodigal_output/predicted_genes/predicted.faa
# Option settings: hmmsearch --domtblout /Users/dizzler/Projects/School/BIOL4600-Capstone/reports/busco-results/GCF_000171515.1_ASM17151v1_genomic.fna/run_enterobacterales_odb10/hmmer_output/67457at91347.out --cpu 1 /Users/dizzler/Projects/School/BIOL4600-Capstone/databases/lineages/enterobacterales_odb10/hmms/67457at91347.hmm /Users/dizzler/Projects/School/BIOL4600-Capstone/reports/busco-results/GCF_000171515.1_ASM17151v1_genomic.fna/prodigal_output/predicted_genes/predicted.faa 
# Current dir:     /Users/dizzler/Projects/School/BIOL4600-Capstone
# Date:            Wed Feb 25 22:53:37 2026
# [ok]
