#                                                                                         --- full sequence --- -------------- this domain -------------   hmm coord   ali coord   env coord
# target name                     accession   tlen query name           accession   qlen   E-value  score  bias   #  of  c-Evalue  i-Evalue  score  bias  from    to  from    to  from    to  acc description of target
#             ------------------- ---------- ----- -------------------- ---------- ----- --------- ------ ----- --- --- --------- --------- ------ ----- ----- ----- ----- ----- ----- ----- ---- ---------------------
NZ_ABFG01000012.1:42284-44806|-   -            841 6990at91347          -            601         0 1037.1  11.4   1   2  5.2e-245  3.9e-242  802.9   0.1     2   439    73   537    70   542 0.95 NZ_ABFG01000012.1_38 # 42284 # 44806 # -1 # ID=39_38;partial=00;start_type=ATG;rbs_motif=GGAG/GAGG;rbs_spacer=5-10bp;gc_cont=0.569
NZ_ABFG01000012.1:42284-44806|-   -            841 6990at91347          -            601         0 1037.1  11.4   2   2   5.2e-72   3.9e-69  231.5   7.9   438   590   556   744   548   754 0.88 NZ_ABFG01000012.1_38 # 42284 # 44806 # -1 # ID=39_38;partial=00;start_type=ATG;rbs_motif=GGAG/GAGG;rbs_spacer=5-10bp;gc_cont=0.569
NZ_ABFG01000002.1:401560-404112|- -            851 6990at91347          -            601   4.1e-72  241.4   4.3   1   4   3.8e-56   2.8e-53  179.2   0.2   122   364    63   307    41   313 0.89 NZ_ABFG01000002.1_352 # 401560 # 404112 # -1 # ID=49_352;partial=00;start_type=GTG;rbs_motif=GGA/GAG/AGG;rbs_spacer=5-10bp;gc_cont=0.568
NZ_ABFG01000002.1:401560-404112|- -            851 6990at91347          -            601   4.1e-72  241.4   4.3   2   4   6.5e-12   4.9e-09   33.1   0.0   365   436   422   492   409   494 0.92 NZ_ABFG01000002.1_352 # 401560 # 404112 # -1 # ID=49_352;partial=00;start_type=GTG;rbs_motif=GGA/GAG/AGG;rbs_spacer=5-10bp;gc_cont=0.568
NZ_ABFG01000002.1:401560-404112|- -            851 6990at91347          -            601   4.1e-72  241.4   4.3   3   4   1.2e-05    0.0086   12.4   0.0   466   517   558   609   551   619 0.92 NZ_ABFG01000002.1_352 # 401560 # 404112 # -1 # ID=49_352;partial=00;start_type=GTG;rbs_motif=GGA/GAG/AGG;rbs_spacer=5-10bp;gc_cont=0.568
NZ_ABFG01000002.1:401560-404112|- -            851 6990at91347          -            601   4.1e-72  241.4   4.3   4   4   2.2e-06    0.0016   14.8   0.4   539   582   713   760   707   764 0.83 NZ_ABFG01000002.1_352 # 401560 # 404112 # -1 # ID=49_352;partial=00;start_type=GTG;rbs_motif=GGA/GAG/AGG;rbs_spacer=5-10bp;gc_cont=0.568
NZ_ABFG01000004.1:73395-75710|+   -            772 6990at91347          -            601   1.3e-35  120.8   0.0   1   1   2.6e-37   1.9e-34  117.0   0.0   136   570    76   542    67   559 0.77 NZ_ABFG01000004.1_68 # 73395 # 75710 # 1 # ID=47_68;partial=00;start_type=ATG;rbs_motif=None;rbs_spacer=None;gc_cont=0.612
NZ_ABFG01000007.1:82375-83103|+   -            243 6990at91347          -            601   5.6e-22   75.8   0.0   1   1   9.7e-25   7.2e-22   75.4   0.0   140   272    80   208    75   236 0.89 NZ_ABFG01000007.1_68 # 82375 # 83103 # 1 # ID=44_68;partial=00;start_type=ATG;rbs_motif=None;rbs_spacer=None;gc_cont=0.557
NZ_ABFG01000006.1:12378-14144|-   -            589 6990at91347          -            601     0.003   13.9   0.1   1   2   4.6e-05     0.035   10.4   0.1   370   438   260   337   237   376 0.73 NZ_ABFG01000006.1_12 # 12378 # 14144 # -1 # ID=45_12;partial=00;start_type=ATG;rbs_motif=AGGA/GGAG/GAGG;rbs_spacer=11-12bp;gc_cont=0.550
NZ_ABFG01000006.1:12378-14144|-   -            589 6990at91347          -            601     0.003   13.9   0.1   2   2     0.034        26    1.0   0.0   474   499   421   446   415   453 0.88 NZ_ABFG01000006.1_12 # 12378 # 14144 # -1 # ID=45_12;partial=00;start_type=ATG;rbs_motif=AGGA/GGAG/GAGG;rbs_spacer=11-12bp;gc_cont=0.550
NZ_ABFG01000001.1:397381-399126|+ -            582 6990at91347          -            601     0.051    9.9   0.0   1   2   0.00074      0.55    6.5   0.0   349   438   234   330   212   337 0.71 NZ_ABFG01000001.1_391 # 397381 # 399126 # 1 # ID=50_391;partial=00;start_type=GTG;rbs_motif=GGAG/GAGG;rbs_spacer=5-10bp;gc_cont=0.529
NZ_ABFG01000001.1:397381-399126|+ -            582 6990at91347          -            601     0.051    9.9   0.0   2   2     0.031        23    1.1   0.0   474   501   414   441   407   501 0.77 NZ_ABFG01000001.1_391 # 397381 # 399126 # 1 # ID=50_391;partial=00;start_type=GTG;rbs_motif=GGAG/GAGG;rbs_spacer=5-10bp;gc_cont=0.529
#
# Program:         hmmsearch
# Version:         3.4 (Aug 2023)
# Pipeline mode:   SEARCH
# Query file:      /Users/dizzler/Projects/School/BIOL4600-Capstone/databases/lineages/enterobacterales_odb10/hmms/6990at91347.hmm
# Target file:     /Users/dizzler/Projects/School/BIOL4600-Capstone/reports/busco-results/GCF_000171515.1_ASM17151v1_genomic.fna/prodigal_output/predicted_genes/predicted.faa
# Option settings: hmmsearch --domtblout /Users/dizzler/Projects/School/BIOL4600-Capstone/reports/busco-results/GCF_000171515.1_ASM17151v1_genomic.fna/run_enterobacterales_odb10/hmmer_output/6990at91347.out --cpu 1 /Users/dizzler/Projects/School/BIOL4600-Capstone/databases/lineages/enterobacterales_odb10/hmms/6990at91347.hmm /Users/dizzler/Projects/School/BIOL4600-Capstone/reports/busco-results/GCF_000171515.1_ASM17151v1_genomic.fna/prodigal_output/predicted_genes/predicted.faa 
# Current dir:     /Users/dizzler/Projects/School/BIOL4600-Capstone
# Date:            Wed Feb 25 22:53:37 2026
# [ok]
