#                                                                                     --- full sequence --- -------------- this domain -------------   hmm coord   ali coord   env coord
# target name                 accession   tlen query name           accession   qlen   E-value  score  bias   #  of  c-Evalue  i-Evalue  score  bias  from    to  from    to  from    to  acc description of target
#         ------------------- ---------- ----- -------------------- ---------- ----- --------- ------ ----- --- --- --------- --------- ------ ----- ----- ----- ----- ----- ----- ----- ---- ---------------------
NC_004631.1:1998383-2000131|- -            583 10523at91347         -            514  1.4e-295  978.6  23.6   1   2  1.2e-183  7.5e-182  603.4  13.7     1   309     4   326     4   334 0.97 NC_004631.1_1954 # 1998383 # 2000131 # -1 # ID=1_1954;partial=00;start_type=ATG;rbs_motif=None;rbs_spacer=None;gc_cont=0.519
NC_004631.1:1998383-2000131|- -            583 10523at91347         -            514  1.4e-295  978.6  23.6   2   2  3.2e-116    2e-114  381.0   2.3   315   514   368   580   342   580 0.95 NC_004631.1_1954 # 1998383 # 2000131 # -1 # ID=1_1954;partial=00;start_type=ATG;rbs_motif=None;rbs_spacer=None;gc_cont=0.519
NC_004631.1:2756502-2760158|+ -           1219 10523at91347         -            514  2.7e-107  357.4  25.6   1   4     4e-06   0.00025   17.7   5.6    18   308    28   324    15   342 0.71 NC_004631.1_2669 # 2756502 # 2760158 # 1 # ID=1_2669;partial=00;start_type=ATG;rbs_motif=AGGAG;rbs_spacer=5-10bp;gc_cont=0.589
NC_004631.1:2756502-2760158|+ -           1219 10523at91347         -            514  2.7e-107  357.4  25.6   2   4     1e-50   6.3e-49  164.8   0.3   309   503   359   564   355   569 0.90 NC_004631.1_2669 # 2756502 # 2760158 # 1 # ID=1_2669;partial=00;start_type=ATG;rbs_motif=AGGAG;rbs_spacer=5-10bp;gc_cont=0.589
NC_004631.1:2756502-2760158|+ -           1219 10523at91347         -            514  2.7e-107  357.4  25.6   3   4   8.2e-15   5.1e-13   46.4   2.6    35   309   669   950   640   959 0.80 NC_004631.1_2669 # 2756502 # 2760158 # 1 # ID=1_2669;partial=00;start_type=ATG;rbs_motif=AGGAG;rbs_spacer=5-10bp;gc_cont=0.589
NC_004631.1:2756502-2760158|+ -           1219 10523at91347         -            514  2.7e-107  357.4  25.6   4   4   3.1e-43   1.9e-41  140.2   0.1   315   509   993  1201   981  1206 0.86 NC_004631.1_2669 # 2756502 # 2760158 # 1 # ID=1_2669;partial=00;start_type=ATG;rbs_motif=AGGAG;rbs_spacer=5-10bp;gc_cont=0.589
NC_004631.1:2469703-2471475|- -            591 10523at91347         -            514   1.5e-73  246.0   2.3   1   2   1.8e-19   1.1e-17   61.8   2.7    48   306    54   316    10   323 0.88 NC_004631.1_2401 # 2469703 # 2471475 # -1 # ID=1_2401;partial=00;start_type=GTG;rbs_motif=AGGA;rbs_spacer=5-10bp;gc_cont=0.556
NC_004631.1:2469703-2471475|- -            591 10523at91347         -            514   1.5e-73  246.0   2.3   2   2   7.5e-56   4.6e-54  181.8   0.0   307   508   352   559   343   569 0.94 NC_004631.1_2401 # 2469703 # 2471475 # -1 # ID=1_2401;partial=00;start_type=GTG;rbs_motif=AGGA;rbs_spacer=5-10bp;gc_cont=0.556
NC_004631.1:2467929-2469710|- -            594 10523at91347         -            514   1.2e-66  223.3  11.1   1   2   6.6e-22   4.1e-20   69.8   3.0    77   307    94   324    65   333 0.91 NC_004631.1_2400 # 2467929 # 2469710 # -1 # ID=1_2400;partial=00;start_type=ATG;rbs_motif=AGGAG;rbs_spacer=5-10bp;gc_cont=0.579
NC_004631.1:2467929-2469710|- -            594 10523at91347         -            514   1.2e-66  223.3  11.1   2   2   8.6e-49   5.3e-47  158.5   1.2   309   513   359   575   352   576 0.90 NC_004631.1_2400 # 2467929 # 2469710 # -1 # ID=1_2400;partial=00;start_type=ATG;rbs_motif=AGGAG;rbs_spacer=5-10bp;gc_cont=0.579
NC_004631.1:2037193-2038914|+ -            574 10523at91347         -            514   1.2e-51  173.8   0.4   1   2   1.6e-07   9.8e-06   22.3   0.7    58   292    66   302     6   330 0.66 NC_004631.1_1982 # 2037193 # 2038914 # 1 # ID=1_1982;partial=00;start_type=ATG;rbs_motif=AGGAG;rbs_spacer=5-10bp;gc_cont=0.572
NC_004631.1:2037193-2038914|+ -            574 10523at91347         -            514   1.2e-51  173.8   0.4   2   2   5.5e-46   3.4e-44  149.2   0.0   315   504   365   557   357   569 0.95 NC_004631.1_1982 # 2037193 # 2038914 # 1 # ID=1_1982;partial=00;start_type=ATG;rbs_motif=AGGAG;rbs_spacer=5-10bp;gc_cont=0.572
NC_004631.1:2035426-2037192|+ -            589 10523at91347         -            514   1.4e-48  163.7   0.0   1   2     3e-11   1.8e-09   34.6   0.4    22   252    32   267    11   328 0.84 NC_004631.1_1981 # 2035426 # 2037192 # 1 # ID=1_1981;partial=00;start_type=ATG;rbs_motif=None;rbs_spacer=None;gc_cont=0.566
NC_004631.1:2035426-2037192|+ -            589 10523at91347         -            514   1.4e-48  163.7   0.0   2   2     4e-39   2.4e-37  126.6   0.0   315   504   375   568   368   574 0.94 NC_004631.1_1981 # 2035426 # 2037192 # 1 # ID=1_1981;partial=00;start_type=ATG;rbs_motif=None;rbs_spacer=None;gc_cont=0.566
NC_004631.1:716583-718172|-   -            530 10523at91347         -            514   3.5e-41  139.3   2.5   1   2   1.7e-18     1e-16   58.5   0.3   314   500    33   238    14   244 0.75 NC_004631.1_638 # 716583 # 718172 # -1 # ID=1_638;partial=00;start_type=ATG;rbs_motif=AGxAGG/AGGxGG;rbs_spacer=5-10bp;gc_cont=0.567
NC_004631.1:716583-718172|-   -            530 10523at91347         -            514   3.5e-41  139.3   2.5   2   2   2.1e-24   1.3e-22   78.0   0.1   307   502   302   509   289   516 0.77 NC_004631.1_638 # 716583 # 718172 # -1 # ID=1_638;partial=00;start_type=ATG;rbs_motif=AGxAGG/AGGxGG;rbs_spacer=5-10bp;gc_cont=0.567
NC_004631.1:2098771-2100642|- -            624 10523at91347         -            514     2e-32  110.4   6.0   1   2   2.2e-14   1.4e-12   44.9   2.2   315   502    41   252    28   259 0.70 NC_004631.1_2042 # 2098771 # 2100642 # -1 # ID=1_2042;partial=00;start_type=GTG;rbs_motif=AGGAG;rbs_spacer=5-10bp;gc_cont=0.574
NC_004631.1:2098771-2100642|- -            624 10523at91347         -            514     2e-32  110.4   6.0   2   2   8.7e-20   5.3e-18   62.8   0.1   307   502   340   547   332   554 0.82 NC_004631.1_2042 # 2098771 # 2100642 # -1 # ID=1_2042;partial=00;start_type=GTG;rbs_motif=AGGAG;rbs_spacer=5-10bp;gc_cont=0.574
NC_004631.1:2731064-2733220|+ -            719 10523at91347         -            514   4.9e-32  109.1   8.9   1   2      0.14       8.7    2.7   7.8    57   306   215   462   170   469 0.65 NC_004631.1_2644 # 2731064 # 2733220 # 1 # ID=1_2644;partial=00;start_type=ATG;rbs_motif=GGAG/GAGG;rbs_spacer=5-10bp;gc_cont=0.570
NC_004631.1:2731064-2733220|+ -            719 10523at91347         -            514   4.9e-32  109.1   8.9   2   2   1.2e-32   7.2e-31  105.3   0.0   315   501   510   701   504   714 0.91 NC_004631.1_2644 # 2731064 # 2733220 # 1 # ID=1_2644;partial=00;start_type=ATG;rbs_motif=GGAG/GAGG;rbs_spacer=5-10bp;gc_cont=0.570
NC_004631.1:3741103-3742608|- -            502 10523at91347         -            514     1e-28   98.1   0.2   1   2   1.8e-18   1.1e-16   58.4   0.0   313   499    27   221    21   230 0.80 NC_004631.1_3619 # 3741103 # 3742608 # -1 # ID=1_3619;partial=00;start_type=ATG;rbs_motif=GGAG/GAGG;rbs_spacer=5-10bp;gc_cont=0.531
NC_004631.1:3741103-3742608|- -            502 10523at91347         -            514     1e-28   98.1   0.2   2   2   3.1e-12   1.9e-10   37.9   0.0   420   497   394   473   268   484 0.80 NC_004631.1_3619 # 3741103 # 3742608 # -1 # ID=1_3619;partial=00;start_type=ATG;rbs_motif=GGAG/GAGG;rbs_spacer=5-10bp;gc_cont=0.531
NC_004631.1:4328967-4331033|+ -            689 10523at91347         -            514     2e-26   90.6   8.4   1   2     0.097         6    3.2  10.6   136   274   276   416   264   449 0.83 NC_004631.1_4163 # 4328967 # 4331033 # 1 # ID=1_4163;partial=00;start_type=ATG;rbs_motif=GGAG/GAGG;rbs_spacer=5-10bp;gc_cont=0.352
NC_004631.1:4328967-4331033|+ -            689 10523at91347         -            514     2e-26   90.6   8.4   2   2     9e-26   5.6e-24   82.5   0.0   315   499   492   679   481   683 0.92 NC_004631.1_4163 # 4328967 # 4331033 # 1 # ID=1_4163;partial=00;start_type=ATG;rbs_motif=GGAG/GAGG;rbs_spacer=5-10bp;gc_cont=0.352
NC_004631.1:2277055-2277780|+ -            242 10523at91347         -            514   1.1e-24   84.8   0.0   1   1   2.3e-26   1.4e-24   84.5   0.0   313   500    24   217    13   225 0.87 NC_004631.1_2213 # 2277055 # 2277780 # 1 # ID=1_2213;partial=00;start_type=ATG;rbs_motif=AGGA;rbs_spacer=5-10bp;gc_cont=0.533
NC_004631.1:4074939-4077680|+ -            914 10523at91347         -            514   2.6e-24   83.6   0.0   1   2   1.1e-12   6.6e-11   39.4   0.0   308   502    29   231    19   241 0.81 NC_004631.1_3927 # 4074939 # 4077680 # 1 # ID=1_3927;partial=00;start_type=ATG;rbs_motif=GGAG/GAGG;rbs_spacer=5-10bp;gc_cont=0.578
NC_004631.1:4074939-4077680|+ -            914 10523at91347         -            514   2.6e-24   83.6   0.0   2   2   2.3e-13   1.4e-11   41.6   0.0   307   502   292   490   284   497 0.84 NC_004631.1_3927 # 4074939 # 4077680 # 1 # ID=1_3927;partial=00;start_type=ATG;rbs_motif=GGAG/GAGG;rbs_spacer=5-10bp;gc_cont=0.578
NC_004631.1:2047706-2049652|- -            649 10523at91347         -            514   5.5e-24   82.6   0.3   1   2   7.4e-25   4.5e-23   79.5   0.0   313   499    31   223     7   229 0.89 NC_004631.1_1993 # 2047706 # 2049652 # -1 # ID=1_1993;partial=00;start_type=ATG;rbs_motif=AGGAG;rbs_spacer=5-10bp;gc_cont=0.544
NC_004631.1:2047706-2049652|- -            649 10523at91347         -            514   5.5e-24   82.6   0.3   2   2      0.66        41    0.5   0.2   201   249   533   581   506   595 0.84 NC_004631.1_1993 # 2047706 # 2049652 # -1 # ID=1_1993;partial=00;start_type=ATG;rbs_motif=AGGAG;rbs_spacer=5-10bp;gc_cont=0.544
NC_004631.1:285312-286343|-   -            344 10523at91347         -            514   1.7e-23   80.9   0.1   1   1   3.6e-25   2.2e-23   80.5   0.1   284   502     4   224     1   231 0.82 NC_004631.1_254 # 285312 # 286343 # -1 # ID=1_254;partial=00;start_type=ATG;rbs_motif=None;rbs_spacer=None;gc_cont=0.526
NC_004631.1:2414882-2415898|- -            339 10523at91347         -            514   2.1e-23   80.6   0.2   1   1   4.8e-25   2.9e-23   80.1   0.2   314   502    30   225    21   235 0.83 NC_004631.1_2349 # 2414882 # 2415898 # -1 # ID=1_2349;partial=00;start_type=ATG;rbs_motif=GGAG/GAGG;rbs_spacer=5-10bp;gc_cont=0.560
NC_004631.1:2121816-2122538|+ -            241 10523at91347         -            514   3.3e-23   80.0   0.0   1   1     7e-25   4.3e-23   79.6   0.0   315   502    26   219    15   224 0.84 NC_004631.1_2063 # 2121816 # 2122538 # 1 # ID=1_2063;partial=00;start_type=GTG;rbs_motif=AGGA;rbs_spacer=5-10bp;gc_cont=0.526
NC_004631.1:3646055-3647590|- -            512 10523at91347         -            514   3.9e-23   79.7   0.0   1   2   2.3e-14   1.4e-12   44.9   0.0   310   498    30   219    18   230 0.77 NC_004631.1_3524 # 3646055 # 3647590 # -1 # ID=1_3524;partial=00;start_type=ATG;rbs_motif=GGAGG;rbs_spacer=3-4bp;gc_cont=0.517
NC_004631.1:3646055-3647590|- -            512 10523at91347         -            514   3.9e-23   79.7   0.0   2   2   1.6e-10     1e-08   32.2   0.1   315   497   288   481   279   488 0.78 NC_004631.1_3524 # 3646055 # 3647590 # -1 # ID=1_3524;partial=00;start_type=ATG;rbs_motif=GGAGG;rbs_spacer=3-4bp;gc_cont=0.517
NC_004631.1:1758532-1759668|+ -            379 10523at91347         -            514   4.1e-23   79.7   0.0   1   1     9e-25   5.6e-23   79.2   0.0   315   502    42   231    31   242 0.86 NC_004631.1_1697 # 1758532 # 1759668 # 1 # ID=1_1697;partial=00;start_type=ATG;rbs_motif=None;rbs_spacer=None;gc_cont=0.496
NC_004631.1:2064882-2065610|+ -            243 10523at91347         -            514   4.4e-23   79.6   0.0   1   1   8.8e-25   5.4e-23   79.3   0.0   315   508    27   230    14   236 0.84 NC_004631.1_2007 # 2064882 # 2065610 # 1 # ID=1_2007;partial=00;start_type=ATG;rbs_motif=GGA/GAG/AGG;rbs_spacer=5-10bp;gc_cont=0.535
NC_004631.1:4016510-4017523|+ -            338 10523at91347         -            514   5.2e-23   79.3   0.0   1   1   2.2e-24   1.4e-22   77.9   0.0   292   503    25   246     6   252 0.78 NC_004631.1_3879 # 4016510 # 4017523 # 1 # ID=1_3879;partial=00;start_type=ATG;rbs_motif=GGAGG;rbs_spacer=5-10bp;gc_cont=0.574
NC_004631.1:2133584-2135320|+ -            579 10523at91347         -            514   2.3e-22   77.2   0.0   1   2   4.1e-09   2.5e-07   27.6   0.0   314   505    31   223    15   229 0.83 NC_004631.1_2076 # 2133584 # 2135320 # 1 # ID=1_2076;partial=00;start_type=ATG;rbs_motif=GGAG/GAGG;rbs_spacer=5-10bp;gc_cont=0.560
NC_004631.1:2133584-2135320|+ -            579 10523at91347         -            514   2.3e-22   77.2   0.0   2   2     4e-15   2.5e-13   47.4   0.0   307   502   345   542   295   550 0.89 NC_004631.1_2076 # 2133584 # 2135320 # 1 # ID=1_2076;partial=00;start_type=ATG;rbs_motif=GGAG/GAGG;rbs_spacer=5-10bp;gc_cont=0.560
NC_004631.1:1020890-1021642|+ -            251 10523at91347         -            514   2.6e-22   77.0   0.0   1   1   5.3e-24   3.3e-22   76.7   0.0   315   502    28   227    15   234 0.81 NC_004631.1_936 # 1020890 # 1021642 # 1 # ID=1_936;partial=00;start_type=ATG;rbs_motif=AGGAG/GGAGG;rbs_spacer=11-12bp;gc_cont=0.548
NC_004631.1:490769-491863|+   -            365 10523at91347         -            514   1.1e-21   75.0   0.0   1   1   2.3e-23   1.4e-21   74.6   0.0   315   497    27   215    18   221 0.86 NC_004631.1_427 # 490769 # 491863 # 1 # ID=1_427;partial=00;start_type=ATG;rbs_motif=AGGAG;rbs_spacer=5-10bp;gc_cont=0.587
NC_004631.1:124816-125523|-   -            236 10523at91347         -            514   1.3e-21   74.7   0.0   1   1   2.6e-23   1.6e-21   74.4   0.0   315   502    24   213     8   218 0.85 NC_004631.1_110 # 124816 # 125523 # -1 # ID=1_110;partial=00;start_type=ATG;rbs_motif=None;rbs_spacer=None;gc_cont=0.583
NC_004631.1:779446-780393|+   -            316 10523at91347         -            514   2.2e-21   74.0   0.0   1   1   5.4e-23   3.4e-21   73.4   0.0   315   502    26   218    14   221 0.86 NC_004631.1_696 # 779446 # 780393 # 1 # ID=1_696;partial=00;start_type=ATG;rbs_motif=GGAG/GAGG;rbs_spacer=5-10bp;gc_cont=0.577
NC_004631.1:3778446-3779219|+ -            258 10523at91347         -            514   3.9e-21   73.2   0.0   1   1     8e-23   4.9e-21   72.8   0.0   315   499    35   232    22   240 0.78 NC_004631.1_3652 # 3778446 # 3779219 # 1 # ID=1_3652;partial=00;start_type=ATG;rbs_motif=AGGA;rbs_spacer=5-10bp;gc_cont=0.521
NC_004631.1:2075946-2077079|- -            378 10523at91347         -            514   4.3e-21   73.0   0.0   1   1   9.8e-23   6.1e-21   72.5   0.0   313   502    42   233    31   240 0.85 NC_004631.1_2019 # 2075946 # 2077079 # -1 # ID=1_2019;partial=00;start_type=GTG;rbs_motif=GGAG/GAGG;rbs_spacer=5-10bp;gc_cont=0.542
NC_004631.1:2424714-2425391|- -            226 10523at91347         -            514   1.1e-20   71.7   0.0   1   1   2.2e-22   1.3e-20   71.4   0.0   308   492    24   210    14   220 0.84 NC_004631.1_2359 # 2424714 # 2425391 # -1 # ID=1_2359;partial=00;start_type=ATG;rbs_motif=GGA/GAG/AGG;rbs_spacer=5-10bp;gc_cont=0.478
NC_004631.1:1456955-1458103|- -            383 10523at91347         -            514   1.1e-20   71.6   0.0   1   1   2.5e-22   1.6e-20   71.2   0.0   309   499    24   221    13   226 0.89 NC_004631.1_1405 # 1456955 # 1458103 # -1 # ID=1_1405;partial=00;start_type=ATG;rbs_motif=GGA/GAG/AGG;rbs_spacer=5-10bp;gc_cont=0.528
NC_004631.1:586788-587561|+   -            258 10523at91347         -            514   1.2e-20   71.5   0.0   1   1   3.8e-22   2.4e-20   70.6   0.0   315   502    30   235    21   241 0.83 NC_004631.1_519 # 586788 # 587561 # 1 # ID=1_519;partial=00;start_type=ATG;rbs_motif=GGA/GAG/AGG;rbs_spacer=5-10bp;gc_cont=0.530
NC_004631.1:2506760-2507869|+ -            370 10523at91347         -            514   2.3e-20   70.6   0.0   1   1     5e-22   3.1e-20   70.2   0.0   316   503    44   234    34   240 0.85 NC_004631.1_2438 # 2506760 # 2507869 # 1 # ID=1_2438;partial=00;start_type=ATG;rbs_motif=GGA/GAG/AGG;rbs_spacer=5-10bp;gc_cont=0.583
NC_004631.1:1917861-1919768|- -            636 10523at91347         -            514   2.9e-19   67.0   0.0   1   2   6.9e-11   4.3e-09   33.4   0.0   315   500    28   234    16   244 0.75 NC_004631.1_1862 # 1917861 # 1919768 # -1 # ID=1_1862;partial=00;start_type=ATG;rbs_motif=AGGA;rbs_spacer=5-10bp;gc_cont=0.530
NC_004631.1:1917861-1919768|- -            636 10523at91347         -            514   2.9e-19   67.0   0.0   2   2   8.4e-09   5.2e-07   26.5   0.0   315   495   344   513   334   532 0.74 NC_004631.1_1862 # 1917861 # 1919768 # -1 # ID=1_1862;partial=00;start_type=ATG;rbs_motif=AGGA;rbs_spacer=5-10bp;gc_cont=0.530
NC_004631.1:2180221-2180997|- -            259 10523at91347         -            514   1.4e-18   64.7   0.1   1   1   4.1e-20   2.5e-18   63.9   0.1   309   502    23   220     6   230 0.79 NC_004631.1_2122 # 2180221 # 2180997 # -1 # ID=1_2122;partial=00;start_type=ATG;rbs_motif=GGAG/GAGG;rbs_spacer=5-10bp;gc_cont=0.565
NC_004631.1:1767123-1767824|- -            234 10523at91347         -            514   1.6e-18   64.5   0.0   1   1   3.3e-20     2e-18   64.2   0.0   308   497    26   223     5   228 0.85 NC_004631.1_1705 # 1767123 # 1767824 # -1 # ID=1_1705;partial=00;start_type=ATG;rbs_motif=GGAG/GAGG;rbs_spacer=5-10bp;gc_cont=0.544
NC_004631.1:204360-205286|+   -            309 10523at91347         -            514   3.1e-18   63.6   0.0   1   1     7e-20   4.3e-18   63.1   0.0   315   501    30   218    24   229 0.86 NC_004631.1_177 # 204360 # 205286 # 1 # ID=1_177;partial=00;start_type=ATG;rbs_motif=GGA/GAG/AGG;rbs_spacer=5-10bp;gc_cont=0.498
NC_004631.1:4280652-4281761|+ -            370 10523at91347         -            514   9.7e-18   61.9   0.0   1   1   2.2e-19   1.4e-17   61.4   0.0   314   502    27   217    14   223 0.86 NC_004631.1_4131 # 4280652 # 4281761 # 1 # ID=1_4131;partial=00;start_type=ATG;rbs_motif=GGAG/GAGG;rbs_spacer=5-10bp;gc_cont=0.571
NC_004631.1:2345403-2346197|+ -            265 10523at91347         -            514   1.2e-17   61.7   0.0   1   1   2.4e-19   1.5e-17   61.3   0.0   315   502    32   227    20   237 0.82 NC_004631.1_2280 # 2345403 # 2346197 # 1 # ID=1_2280;partial=00;start_type=ATG;rbs_motif=AGGAG/GGAGG;rbs_spacer=11-12bp;gc_cont=0.567
NC_004631.1:752294-753391|+   -            366 10523at91347         -            514   1.5e-17   61.3   0.7   1   2   5.4e-09   3.4e-07   27.2   0.0   422   498     9    87     5    94 0.88 NC_004631.1_670 # 752294 # 753391 # 1 # ID=1_670;partial=00;start_type=TTG;rbs_motif=GGA/GAG/AGG;rbs_spacer=5-10bp;gc_cont=0.471
NC_004631.1:752294-753391|+   -            366 10523at91347         -            514   1.5e-17   61.3   0.7   2   2   1.3e-10   7.9e-09   32.5   0.1   314   497   146   343   135   354 0.67 NC_004631.1_670 # 752294 # 753391 # 1 # ID=1_670;partial=00;start_type=TTG;rbs_motif=GGA/GAG/AGG;rbs_spacer=5-10bp;gc_cont=0.471
NC_004631.1:4091901-4092569|+ -            223 10523at91347         -            514   1.6e-17   61.2   0.0   1   1   3.5e-19   2.2e-17   60.8   0.0   309   497    20   215    16   218 0.79 NC_004631.1_3944 # 4091901 # 4092569 # 1 # ID=1_3944;partial=00;start_type=ATG;rbs_motif=GGAG/GAGG;rbs_spacer=5-10bp;gc_cont=0.565
NC_004631.1:4105818-4106888|+ -            357 10523at91347         -            514     2e-17   60.9   0.0   1   1   4.2e-19   2.6e-17   60.5   0.0   315   499    29   215    21   225 0.86 NC_004631.1_3959 # 4105818 # 4106888 # 1 # ID=1_3959;partial=00;start_type=ATG;rbs_motif=GGA/GAG/AGG;rbs_spacer=5-10bp;gc_cont=0.588
NC_004631.1:1663625-1664431|+ -            269 10523at91347         -            514   2.4e-17   60.7   0.1   1   1   1.3e-18   8.1e-17   58.9   0.1   311   503    34   235    16   246 0.82 NC_004631.1_1609 # 1663625 # 1664431 # 1 # ID=1_1609;partial=00;start_type=ATG;rbs_motif=GGAG/GAGG;rbs_spacer=5-10bp;gc_cont=0.534
NC_004631.1:1711097-1712101|- -            335 10523at91347         -            514   3.5e-17   60.1   0.0   1   1   1.3e-18   7.8e-17   58.9   0.0   310   504    43   250    35   258 0.77 NC_004631.1_1657 # 1711097 # 1712101 # -1 # ID=1_1657;partial=00;start_type=ATG;rbs_motif=GGAGG;rbs_spacer=5-10bp;gc_cont=0.545
NC_004631.1:1592819-1593550|+ -            244 10523at91347         -            514     1e-16   58.6   0.0   1   1   2.1e-18   1.3e-16   58.2   0.0   315   502    28   221    16   227 0.81 NC_004631.1_1536 # 1592819 # 1593550 # 1 # ID=1_1536;partial=00;start_type=ATG;rbs_motif=GGAG/GAGG;rbs_spacer=5-10bp;gc_cont=0.439
NC_004631.1:1712098-1713105|- -            336 10523at91347         -            514   1.8e-15   54.5   0.1   1   1     1e-16   6.2e-15   52.7   0.1   308   502    38   250    33   260 0.72 NC_004631.1_1658 # 1712098 # 1713105 # -1 # ID=1_1658;partial=00;start_type=ATG;rbs_motif=AGGAG;rbs_spacer=5-10bp;gc_cont=0.524
NC_004631.1:4015530-4016513|+ -            328 10523at91347         -            514   3.9e-15   53.4   0.5   1   1   1.1e-16   6.6e-15   52.6   0.5   314   502    31   237    18   243 0.70 NC_004631.1_3878 # 4015530 # 4016513 # 1 # ID=1_3878;partial=00;start_type=ATG;rbs_motif=GGAG/GAGG;rbs_spacer=5-10bp;gc_cont=0.560
NC_004631.1:945183-945998|+   -            272 10523at91347         -            514   5.5e-15   52.9   0.0   1   1   1.2e-16   7.4e-15   52.4   0.0   318   504    29   221    16   231 0.78 NC_004631.1_859 # 945183 # 945998 # 1 # ID=1_859;partial=00;start_type=ATG;rbs_motif=AGGA;rbs_spacer=5-10bp;gc_cont=0.523
NC_004631.1:230378-231175|+   -            266 10523at91347         -            514   8.1e-15   52.3   0.0   1   1   1.2e-15   7.7e-14   49.1   0.0   315   502    36   231    25   237 0.75 NC_004631.1_201 # 230378 # 231175 # 1 # ID=1_201;partial=00;start_type=ATG;rbs_motif=None;rbs_spacer=None;gc_cont=0.590
NC_004631.1:2846033-2846854|+ -            274 10523at91347         -            514   8.3e-15   52.3   0.1   1   1   7.2e-16   4.4e-14   49.9   0.1   309   501    24   222    20   231 0.74 NC_004631.1_2757 # 2846033 # 2846854 # 1 # ID=1_2757;partial=00;start_type=ATG;rbs_motif=AGGAG;rbs_spacer=5-10bp;gc_cont=0.540
NC_004631.1:4202412-4204319|- -            636 10523at91347         -            514   2.9e-14   50.5   0.0   1   4    0.0016     0.099    9.1   0.0   305   337    17    48     9    61 0.81 NC_004631.1_4043 # 4202412 # 4204319 # -1 # ID=1_4043;partial=00;start_type=ATG;rbs_motif=None;rbs_spacer=None;gc_cont=0.576
NC_004631.1:4202412-4204319|- -            636 10523at91347         -            514   2.9e-14   50.5   0.0   2   4   2.3e-05    0.0014   15.2   0.0   422   500   150   227   146   238 0.84 NC_004631.1_4043 # 4202412 # 4204319 # -1 # ID=1_4043;partial=00;start_type=ATG;rbs_motif=None;rbs_spacer=None;gc_cont=0.576
NC_004631.1:4202412-4204319|- -            636 10523at91347         -            514   2.9e-14   50.5   0.0   3   4    0.0028      0.17    8.3   0.0   315   346   337   369   326   386 0.77 NC_004631.1_4043 # 4202412 # 4204319 # -1 # ID=1_4043;partial=00;start_type=ATG;rbs_motif=None;rbs_spacer=None;gc_cont=0.576
NC_004631.1:4202412-4204319|- -            636 10523at91347         -            514   2.9e-14   50.5   0.0   4   4   0.00018     0.011   12.3   0.0   417   495   426   503   418   517 0.82 NC_004631.1_4043 # 4202412 # 4204319 # -1 # ID=1_4043;partial=00;start_type=ATG;rbs_motif=None;rbs_spacer=None;gc_cont=0.576
NC_004631.1:4100509-4101276|+ -            256 10523at91347         -            514   1.1e-13   48.5   0.0   1   1   1.1e-14   6.9e-13   45.9   0.0   305   501    19   236    13   240 0.72 NC_004631.1_3953 # 4100509 # 4101276 # 1 # ID=1_3953;partial=00;start_type=ATG;rbs_motif=AGGAG;rbs_spacer=5-10bp;gc_cont=0.578
NC_004631.1:685357-687000|+   -            548 10523at91347         -            514   1.2e-13   48.5   3.4   1   2     0.037       2.3    4.6   5.0    14   202    13   201     5   255 0.73 NC_004631.1_607 # 685357 # 687000 # 1 # ID=1_607;partial=00;start_type=ATG;rbs_motif=None;rbs_spacer=None;gc_cont=0.553
NC_004631.1:685357-687000|+   -            548 10523at91347         -            514   1.2e-13   48.5   3.4   2   2     2e-12   1.2e-10   38.5   0.0   314   499   347   529   337   535 0.79 NC_004631.1_607 # 685357 # 687000 # 1 # ID=1_607;partial=00;start_type=ATG;rbs_motif=None;rbs_spacer=None;gc_cont=0.553
NC_004631.1:4771877-4773544|- -            556 10523at91347         -            514   1.2e-13   48.4   0.0   1   4       0.2        12    2.2   0.0   313   344    29    61    20    64 0.76 NC_004631.1_4613 # 4771877 # 4773544 # -1 # ID=1_4613;partial=00;start_type=GTG;rbs_motif=AGGA/GGAG/GAGG;rbs_spacer=11-12bp;gc_cont=0.578
NC_004631.1:4771877-4773544|- -            556 10523at91347         -            514   1.2e-13   48.4   0.0   2   4   1.8e-07   1.1e-05   22.2   0.0   422   477   163   216   158   244 0.84 NC_004631.1_4613 # 4771877 # 4773544 # -1 # ID=1_4613;partial=00;start_type=GTG;rbs_motif=AGGA/GGAG/GAGG;rbs_spacer=11-12bp;gc_cont=0.578
NC_004631.1:4771877-4773544|- -            556 10523at91347         -            514   1.2e-13   48.4   0.0   3   4      0.35        21    1.4   0.0   315   337   348   370   337   398 0.80 NC_004631.1_4613 # 4771877 # 4773544 # -1 # ID=1_4613;partial=00;start_type=GTG;rbs_motif=AGGA/GGAG/GAGG;rbs_spacer=11-12bp;gc_cont=0.578
NC_004631.1:4771877-4773544|- -            556 10523at91347         -            514   1.2e-13   48.4   0.0   4   4   6.6e-06   0.00041   17.0   0.0   422   479   445   500   432   535 0.82 NC_004631.1_4613 # 4771877 # 4773544 # -1 # ID=1_4613;partial=00;start_type=GTG;rbs_motif=AGGA/GGAG/GAGG;rbs_spacer=11-12bp;gc_cont=0.578
NC_004631.1:2168295-2169353|- -            353 10523at91347         -            514   1.5e-13   48.1   0.0   1   1   3.6e-15   2.2e-13   47.6   0.0   318   498    26   208     8   214 0.82 NC_004631.1_2110 # 2168295 # 2169353 # -1 # ID=1_2110;partial=00;start_type=ATG;rbs_motif=3Base/5BMM;rbs_spacer=13-15bp;gc_cont=0.555
NC_004631.1:2420752-2421438|- -            229 10523at91347         -            514   1.8e-13   47.9   0.0   1   1   4.7e-15   2.9e-13   47.2   0.0   314   499    34   226    23   228 0.79 NC_004631.1_2354 # 2420752 # 2421438 # -1 # ID=1_2354;partial=00;start_type=ATG;rbs_motif=AGGA;rbs_spacer=5-10bp;gc_cont=0.585
NC_004631.1:2109933-2111528|- -            532 10523at91347         -            514   3.7e-13   46.8   0.0   1   4     0.076       4.7    3.6   0.0   315   337    26    48    16    77 0.74 NC_004631.1_2050 # 2109933 # 2111528 # -1 # ID=1_2050;partial=00;start_type=GTG;rbs_motif=AGGA;rbs_spacer=5-10bp;gc_cont=0.528
NC_004631.1:2109933-2111528|- -            532 10523at91347         -            514   3.7e-13   46.8   0.0   2   4   5.8e-06   0.00036   17.2   0.0   424   478   158   210   149   219 0.91 NC_004631.1_2050 # 2109933 # 2111528 # -1 # ID=1_2050;partial=00;start_type=GTG;rbs_motif=AGGA;rbs_spacer=5-10bp;gc_cont=0.528
NC_004631.1:2109933-2111528|- -            532 10523at91347         -            514   3.7e-13   46.8   0.0   3   4      0.38        23    1.3   0.0   315   337   344   366   334   381 0.79 NC_004631.1_2050 # 2109933 # 2111528 # -1 # ID=1_2050;partial=00;start_type=GTG;rbs_motif=AGGA;rbs_spacer=5-10bp;gc_cont=0.528
NC_004631.1:2109933-2111528|- -            532 10523at91347         -            514   3.7e-13   46.8   0.0   4   4   1.6e-06   9.8e-05   19.0   0.0   420   478   437   493   430   525 0.81 NC_004631.1_2050 # 2109933 # 2111528 # -1 # ID=1_2050;partial=00;start_type=GTG;rbs_motif=AGGA;rbs_spacer=5-10bp;gc_cont=0.528
NC_004631.1:4101278-4101991|+ -            238 10523at91347         -            514   6.5e-13   46.0   0.0   1   1   1.4e-14   8.7e-13   45.6   0.0   313   498    28   216    13   224 0.79 NC_004631.1_3954 # 4101278 # 4101991 # 1 # ID=1_3954;partial=00;start_type=ATG;rbs_motif=GGAG/GAGG;rbs_spacer=5-10bp;gc_cont=0.599
NC_004631.1:3323658-3324383|+ -            242 10523at91347         -            514   1.6e-12   44.8   0.0   1   1   3.2e-14   1.9e-12   44.4   0.0   309   502    21   220    17   230 0.83 NC_004631.1_3229 # 3323658 # 3324383 # 1 # ID=1_3229;partial=00;start_type=ATG;rbs_motif=3Base/5BMM;rbs_spacer=13-15bp;gc_cont=0.550
NC_004631.1:3318967-3319779|- -            271 10523at91347         -            514   1.7e-12   44.7   0.0   1   1   3.4e-14   2.1e-12   44.3   0.0   296   503    15   229     5   235 0.86 NC_004631.1_3223 # 3318967 # 3319779 # -1 # ID=1_3223;partial=00;start_type=ATG;rbs_motif=AGGA;rbs_spacer=5-10bp;gc_cont=0.581
NC_004631.1:1072648-1073403|- -            252 10523at91347         -            514   2.1e-11   41.0   0.1   1   2     0.057       3.5    4.0   0.0   315   336    29    50    19    68 0.86 NC_004631.1_989 # 1072648 # 1073403 # -1 # ID=1_989;partial=00;start_type=ATG;rbs_motif=None;rbs_spacer=None;gc_cont=0.530
NC_004631.1:1072648-1073403|- -            252 10523at91347         -            514   2.1e-11   41.0   0.1   2   2   2.1e-11   1.3e-09   35.1   0.0   422   494   121   196   106   207 0.88 NC_004631.1_989 # 1072648 # 1073403 # -1 # ID=1_989;partial=00;start_type=ATG;rbs_motif=None;rbs_spacer=None;gc_cont=0.530
NC_004631.1:3083753-3084430|+ -            226 10523at91347         -            514   2.3e-11   40.9   0.0   1   1   7.8e-13   4.8e-11   39.8   0.0   312   476    23   197    19   204 0.81 NC_004631.1_2985 # 3083753 # 3084430 # 1 # ID=1_2985;partial=00;start_type=ATG;rbs_motif=GGAG/GAGG;rbs_spacer=5-10bp;gc_cont=0.562
NC_004631.1:4302987-4305812|- -            942 10523at91347         -            514   3.6e-11   40.3   2.7   1   4       4.1   2.5e+02   -2.1   0.0   316   333    24    41    13    44 0.80 NC_004631.1_4155 # 4302987 # 4305812 # -1 # ID=1_4155;partial=00;start_type=ATG;rbs_motif=GGA/GAG/AGG;rbs_spacer=5-10bp;gc_cont=0.574
NC_004631.1:4302987-4305812|- -            942 10523at91347         -            514   3.6e-11   40.3   2.7   2   4    0.0028      0.17    8.3   0.1   418   501   483   569   453   577 0.80 NC_004631.1_4155 # 4302987 # 4305812 # -1 # ID=1_4155;partial=00;start_type=ATG;rbs_motif=GGA/GAG/AGG;rbs_spacer=5-10bp;gc_cont=0.574
NC_004631.1:4302987-4305812|- -            942 10523at91347         -            514   3.6e-11   40.3   2.7   3   4       0.8        49    0.2   0.0   316   334   633   651   622   658 0.75 NC_004631.1_4155 # 4302987 # 4305812 # -1 # ID=1_4155;partial=00;start_type=ATG;rbs_motif=GGA/GAG/AGG;rbs_spacer=5-10bp;gc_cont=0.574
NC_004631.1:4302987-4305812|- -            942 10523at91347         -            514   3.6e-11   40.3   2.7   4   4   1.5e-09   9.3e-08   29.0   0.0   399   490   806   902   790   910 0.84 NC_004631.1_4155 # 4302987 # 4305812 # -1 # ID=1_4155;partial=00;start_type=ATG;rbs_motif=GGA/GAG/AGG;rbs_spacer=5-10bp;gc_cont=0.574
NC_004631.1:2172119-2173594|+ -            492 10523at91347         -            514   4.3e-11   40.0   0.0   1   3      0.12       7.3    3.0   0.0   314   336    27    49     4    58 0.81 NC_004631.1_2115 # 2172119 # 2173594 # 1 # ID=1_2115;partial=00;start_type=ATG;rbs_motif=GGA/GAG/AGG;rbs_spacer=5-10bp;gc_cont=0.549
NC_004631.1:2172119-2173594|+ -            492 10523at91347         -            514   4.3e-11   40.0   0.0   2   3   0.00027     0.017   11.7   0.0   410   483   124   198   107   225 0.79 NC_004631.1_2115 # 2172119 # 2173594 # 1 # ID=1_2115;partial=00;start_type=ATG;rbs_motif=GGA/GAG/AGG;rbs_spacer=5-10bp;gc_cont=0.549
NC_004631.1:2172119-2173594|+ -            492 10523at91347         -            514   4.3e-11   40.0   0.0   3   3   2.8e-07   1.8e-05   21.5   0.0   317   478   287   460   280   466 0.75 NC_004631.1_2115 # 2172119 # 2173594 # 1 # ID=1_2115;partial=00;start_type=ATG;rbs_motif=GGA/GAG/AGG;rbs_spacer=5-10bp;gc_cont=0.549
NC_004631.1:1209694-1210491|+ -            266 10523at91347         -            514     5e-11   39.8   0.0   1   1   1.1e-12   6.7e-11   39.4   0.0   308   499    27   226    25   231 0.80 NC_004631.1_1131 # 1209694 # 1210491 # 1 # ID=1_1131;partial=00;start_type=ATG;rbs_motif=AGGAG;rbs_spacer=5-10bp;gc_cont=0.550
NC_004631.1:1662631-1663623|+ -            331 10523at91347         -            514   3.8e-10   36.9   0.0   1   2     0.001     0.064    9.7   0.0   314   372    31    92    18    98 0.68 NC_004631.1_1608 # 1662631 # 1663623 # 1 # ID=1_1608;partial=00;start_type=ATG;rbs_motif=GGxGG;rbs_spacer=5-10bp;gc_cont=0.523
NC_004631.1:1662631-1663623|+ -            331 10523at91347         -            514   3.8e-10   36.9   0.0   2   2   2.3e-08   1.4e-06   25.1   0.0   422   500   159   240   156   245 0.91 NC_004631.1_1608 # 1662631 # 1663623 # 1 # ID=1_1608;partial=00;start_type=ATG;rbs_motif=GGxGG;rbs_spacer=5-10bp;gc_cont=0.523
NC_004631.1:1308878-1309624|+ -            249 10523at91347         -            514   3.9e-10   36.8   0.0   1   1   1.9e-11   1.1e-09   35.3   0.0   316   510    27   237    22   241 0.75 NC_004631.1_1235 # 1308878 # 1309624 # 1 # ID=1_1235;partial=00;start_type=ATG;rbs_motif=AGGA;rbs_spacer=5-10bp;gc_cont=0.522
NC_004631.1:1210485-1211075|+ -            197 10523at91347         -            514   1.9e-08   31.3   0.0   1   2    0.0052      0.32    7.4   0.0   308   353    18    65     3    77 0.86 NC_004631.1_1132 # 1210485 # 1211075 # 1 # ID=1_1132;partial=00;start_type=ATG;rbs_motif=GGAG/GAGG;rbs_spacer=5-10bp;gc_cont=0.574
NC_004631.1:1210485-1211075|+ -            197 10523at91347         -            514   1.9e-08   31.3   0.0   2   2   2.2e-07   1.4e-05   21.9   0.1   421   483   121   185   115   191 0.89 NC_004631.1_1132 # 1210485 # 1211075 # 1 # ID=1_1132;partial=00;start_type=ATG;rbs_motif=GGAG/GAGG;rbs_spacer=5-10bp;gc_cont=0.574
NC_004631.1:2794704-2795264|+ -            187 10523at91347         -            514   2.9e-08   30.7   0.0   1   1   5.5e-10   3.4e-08   30.4   0.0   315   388    53   133    28   143 0.81 NC_004631.1_2707 # 2794704 # 2795264 # 1 # ID=1_2707;partial=00;start_type=ATG;rbs_motif=4Base/6BMM;rbs_spacer=13-15bp;gc_cont=0.501
NC_004631.1:1289637-1290386|+ -            250 10523at91347         -            514   5.7e-07   26.4   0.0   1   1   3.3e-08   2.1e-06   24.6   0.0   315   502    25   216    21   220 0.79 NC_004631.1_1219 # 1289637 # 1290386 # 1 # ID=1_1219;partial=00;start_type=ATG;rbs_motif=None;rbs_spacer=None;gc_cont=0.569
NC_004631.1:3084424-3085080|+ -            219 10523at91347         -            514   5.7e-06   23.1   0.0   1   1   1.2e-07   7.6e-06   22.7   0.0   315   496    28   213    19   217 0.78 NC_004631.1_2986 # 3084424 # 3085080 # 1 # ID=1_2986;partial=00;start_type=ATG;rbs_motif=4Base/6BMM;rbs_spacer=13-15bp;gc_cont=0.595
NC_004631.1:694100-694717|+   -            206 10523at91347         -            514   1.4e-05   21.8   0.0   1   2     0.021       1.3    5.4   0.0   314   355    25    67    15    81 0.77 NC_004631.1_617 # 694100 # 694717 # 1 # ID=1_617;partial=00;start_type=ATG;rbs_motif=GGA/GAG/AGG;rbs_spacer=5-10bp;gc_cont=0.728
NC_004631.1:694100-694717|+   -            206 10523at91347         -            514   1.4e-05   21.8   0.0   2   2   3.5e-05    0.0021   14.6   0.0   421   460   125   164   113   184 0.85 NC_004631.1_617 # 694100 # 694717 # 1 # ID=1_617;partial=00;start_type=ATG;rbs_motif=GGA/GAG/AGG;rbs_spacer=5-10bp;gc_cont=0.728
NC_004631.1:3815616-3816242|+ -            209 10523at91347         -            514   1.4e-05   21.8   0.0   1   2     0.022       1.4    5.4   0.0   314   355    28    70    18    84 0.77 NC_004631.1_3682 # 3815616 # 3816242 # 1 # ID=1_3682;partial=00;start_type=ATG;rbs_motif=None;rbs_spacer=None;gc_cont=0.722
NC_004631.1:3815616-3816242|+ -            209 10523at91347         -            514   1.4e-05   21.8   0.0   2   2   3.6e-05    0.0022   14.6   0.0   421   460   128   167   116   187 0.85 NC_004631.1_3682 # 3815616 # 3816242 # 1 # ID=1_3682;partial=00;start_type=ATG;rbs_motif=None;rbs_spacer=None;gc_cont=0.722
NC_004631.1:751873-752346|+   -            158 10523at91347         -            514   5.3e-05   19.9   0.0   1   1     1e-06   6.2e-05   19.7   0.0   308   374    30   100    16   115 0.78 NC_004631.1_669 # 751873 # 752346 # 1 # ID=1_669;partial=00;start_type=ATG;rbs_motif=GGA/GAG/AGG;rbs_spacer=5-10bp;gc_cont=0.454
NC_004631.1:2795264-2795905|+ -            214 10523at91347         -            514   0.00083   16.0   0.1   1   1   1.8e-05    0.0011   15.5   0.1   445   502     1    61     1    65 0.88 NC_004631.1_2708 # 2795264 # 2795905 # 1 # ID=1_2708;partial=00;start_type=ATG;rbs_motif=None;rbs_spacer=None;gc_cont=0.503
NC_004631.1:2217017-2217727|- -            237 10523at91347         -            514    0.0015   15.2   0.1   1   2   0.00051     0.031   10.8   0.0   307   340    48    82    24    89 0.83 NC_004631.1_2158 # 2217017 # 2217727 # -1 # ID=1_2158;partial=00;start_type=ATG;rbs_motif=None;rbs_spacer=None;gc_cont=0.391
NC_004631.1:2217017-2217727|- -            237 10523at91347         -            514    0.0015   15.2   0.1   2   2      0.16        10    2.5   0.0   437   501   168   234   151   236 0.77 NC_004631.1_2158 # 2217017 # 2217727 # -1 # ID=1_2158;partial=00;start_type=ATG;rbs_motif=None;rbs_spacer=None;gc_cont=0.391
#
# Program:         hmmsearch
# Version:         3.4 (Aug 2023)
# Pipeline mode:   SEARCH
# Query file:      /Users/dizzler/Projects/School/BIOL4600-Capstone/busco_downloads/lineages/enterobacterales_odb10/hmms/10523at91347.hmm
# Target file:     reports/busco-results/prodigal_output/predicted_genes/predicted.faa
# Option settings: hmmsearch --domtblout reports/busco-results/run_enterobacterales_odb10/hmmer_output/10523at91347.out --cpu 1 /Users/dizzler/Projects/School/BIOL4600-Capstone/busco_downloads/lineages/enterobacterales_odb10/hmms/10523at91347.hmm reports/busco-results/prodigal_output/predicted_genes/predicted.faa 
# Current dir:     /Users/dizzler/Projects/School/BIOL4600-Capstone
# Date:            Sat Feb 21 21:37:19 2026
# [ok]
