#                                                                                     --- full sequence --- -------------- this domain -------------   hmm coord   ali coord   env coord
# target name                 accession   tlen query name           accession   qlen   E-value  score  bias   #  of  c-Evalue  i-Evalue  score  bias  from    to  from    to  from    to  acc description of target
#         ------------------- ---------- ----- -------------------- ---------- ----- --------- ------ ----- --- --- --------- --------- ------ ----- ----- ----- ----- ----- ----- ----- ---- ---------------------
NC_004631.1:2445416-2447344|- -            643 12745at91347         -            500  1.5e-243  807.2  10.2   1   3  1.2e-194  1.1e-191  636.2   0.1     1   332     1   362     1   375 0.94 NC_004631.1_2379 # 2445416 # 2447344 # -1 # ID=1_2379;partial=00;start_type=ATG;rbs_motif=GGA/GAG/AGG;rbs_spacer=5-10bp;gc_cont=0.590
NC_004631.1:2445416-2447344|- -            643 12745at91347         -            500  1.5e-243  807.2  10.2   2   3      0.17   1.6e+02   -1.0   0.1   331   352   407   428   404   458 0.58 NC_004631.1_2379 # 2445416 # 2447344 # -1 # ID=1_2379;partial=00;start_type=ATG;rbs_motif=GGA/GAG/AGG;rbs_spacer=5-10bp;gc_cont=0.590
NC_004631.1:2445416-2447344|- -            643 12745at91347         -            500  1.5e-243  807.2  10.2   3   3   2.9e-54   2.7e-51  173.1   4.0   341   500   464   642   433   642 0.81 NC_004631.1_2379 # 2445416 # 2447344 # -1 # ID=1_2379;partial=00;start_type=ATG;rbs_motif=GGA/GAG/AGG;rbs_spacer=5-10bp;gc_cont=0.590
NC_004631.1:1786253-1787257|- -            335 12745at91347         -            500   9.7e-21   72.3   0.0   1   1   1.3e-23   1.2e-20   72.0   0.0    27   213    13   204    10   254 0.87 NC_004631.1_1724 # 1786253 # 1787257 # -1 # ID=1_1724;partial=00;start_type=ATG;rbs_motif=AGGAG;rbs_spacer=5-10bp;gc_cont=0.588
NC_004631.1:2027028-2028371|- -            448 12745at91347         -            500   1.4e-14   52.0   0.0   1   2   1.9e-09   1.7e-06   25.3   0.0     3    61    13    73    11    82 0.89 NC_004631.1_1976 # 2027028 # 2028371 # -1 # ID=1_1976;partial=00;start_type=GTG;rbs_motif=GGAG/GAGG;rbs_spacer=5-10bp;gc_cont=0.568
NC_004631.1:2027028-2028371|- -            448 12745at91347         -            500   1.4e-14   52.0   0.0   2   2   2.4e-09   2.3e-06   24.9   0.0    96   194    83   181    74   185 0.90 NC_004631.1_1976 # 2027028 # 2028371 # -1 # ID=1_1976;partial=00;start_type=GTG;rbs_motif=GGAG/GAGG;rbs_spacer=5-10bp;gc_cont=0.568
NC_004631.1:2044404-2046680|- -            759 12745at91347         -            500    0.0013   15.7   0.0   1   2    0.0095       8.8    3.2   0.0    38    59   207   228   185   235 0.76 NC_004631.1_1990 # 2044404 # 2046680 # -1 # ID=1_1990;partial=00;start_type=ATG;rbs_motif=GGAGG;rbs_spacer=5-10bp;gc_cont=0.541
NC_004631.1:2044404-2046680|- -            759 12745at91347         -            500    0.0013   15.7   0.0   2   2   9.8e-05     0.091    9.7   0.0    18    63   460   513   456   517 0.81 NC_004631.1_1990 # 2044404 # 2046680 # -1 # ID=1_1990;partial=00;start_type=ATG;rbs_motif=GGAGG;rbs_spacer=5-10bp;gc_cont=0.541
NC_004631.1:1070777-1071787|+ -            337 12745at91347         -            500    0.0022   15.0   0.0   1   2   4.9e-06    0.0045   14.0   0.0     5    70    18    87    14    93 0.78 NC_004631.1_987 # 1070777 # 1071787 # 1 # ID=1_987;partial=00;start_type=ATG;rbs_motif=GGAG/GAGG;rbs_spacer=5-10bp;gc_cont=0.570
NC_004631.1:1070777-1071787|+ -            337 12745at91347         -            500    0.0022   15.0   0.0   2   2      0.68   6.3e+02   -3.0   0.1   122   133   109   120   107   131 0.82 NC_004631.1_987 # 1070777 # 1071787 # 1 # ID=1_987;partial=00;start_type=ATG;rbs_motif=GGAG/GAGG;rbs_spacer=5-10bp;gc_cont=0.570
#
# Program:         hmmsearch
# Version:         3.4 (Aug 2023)
# Pipeline mode:   SEARCH
# Query file:      /Users/dizzler/Projects/School/BIOL4600-Capstone/busco_downloads/lineages/enterobacterales_odb10/hmms/12745at91347.hmm
# Target file:     reports/busco-results/prodigal_output/predicted_genes/predicted.faa
# Option settings: hmmsearch --domtblout reports/busco-results/run_enterobacterales_odb10/hmmer_output/12745at91347.out --cpu 1 /Users/dizzler/Projects/School/BIOL4600-Capstone/busco_downloads/lineages/enterobacterales_odb10/hmms/12745at91347.hmm reports/busco-results/prodigal_output/predicted_genes/predicted.faa 
# Current dir:     /Users/dizzler/Projects/School/BIOL4600-Capstone
# Date:            Sat Feb 21 21:37:19 2026
# [ok]
