#                                                                                     --- full sequence --- -------------- this domain -------------   hmm coord   ali coord   env coord
# target name                 accession   tlen query name           accession   qlen   E-value  score  bias   #  of  c-Evalue  i-Evalue  score  bias  from    to  from    to  from    to  acc description of target
#         ------------------- ---------- ----- -------------------- ---------- ----- --------- ------ ----- --- --- --------- --------- ------ ----- ----- ----- ----- ----- ----- ----- ---- ---------------------
NC_004631.1:1694025-1695587|+ -            521 13521at91347         -            420  8.6e-224  741.2   1.4   1   3     8e-30   9.3e-27   92.1   0.0     1    76    17    94    17   105 0.92 NC_004631.1_1637 # 1694025 # 1695587 # 1 # ID=1_1637;partial=00;start_type=ATG;rbs_motif=GGA/GAG/AGG;rbs_spacer=5-10bp;gc_cont=0.583
NC_004631.1:1694025-1695587|+ -            521 13521at91347         -            420  8.6e-224  741.2   1.4   2   3   5.4e-28   6.3e-25   86.1   0.1    73   141   113   200   107   219 0.80 NC_004631.1_1637 # 1694025 # 1695587 # 1 # ID=1_1637;partial=00;start_type=ATG;rbs_motif=GGA/GAG/AGG;rbs_spacer=5-10bp;gc_cont=0.583
NC_004631.1:1694025-1695587|+ -            521 13521at91347         -            420  8.6e-224  741.2   1.4   3   3  4.3e-172    5e-169  560.8   0.1   149   420   239   514   233   514 0.98 NC_004631.1_1637 # 1694025 # 1695587 # 1 # ID=1_1637;partial=00;start_type=ATG;rbs_motif=GGA/GAG/AGG;rbs_spacer=5-10bp;gc_cont=0.583
NC_004631.1:1136998-1138362|- -            455 13521at91347         -            420   1.3e-47  160.9   0.0   1   2    0.0022       2.5    5.0   0.0    99   137   109   153   103   165 0.81 NC_004631.1_1054 # 1136998 # 1138362 # -1 # ID=1_1054;partial=00;start_type=ATG;rbs_motif=GGA/GAG/AGG;rbs_spacer=5-10bp;gc_cont=0.552
NC_004631.1:1136998-1138362|- -            455 13521at91347         -            420   1.3e-47  160.9   0.0   2   2   1.5e-48   1.7e-45  153.8   0.0   156   414   196   450   179   454 0.91 NC_004631.1_1054 # 1136998 # 1138362 # -1 # ID=1_1054;partial=00;start_type=ATG;rbs_motif=GGA/GAG/AGG;rbs_spacer=5-10bp;gc_cont=0.552
NC_004631.1:628444-629739|+   -            432 13521at91347         -            420   7.8e-13   46.2   0.0   1   1   1.5e-15   1.8e-12   45.1   0.0   152   411   169   422   155   429 0.76 NC_004631.1_558 # 628444 # 629739 # 1 # ID=1_558;partial=00;start_type=GTG;rbs_motif=GGAGG;rbs_spacer=5-10bp;gc_cont=0.569
NC_004631.1:2339553-2340728|- -            392 13521at91347         -            420   3.3e-11   40.9   0.0   1   2   1.4e-05     0.016   12.3   0.0   156   261   131   236   104   264 0.73 NC_004631.1_2275 # 2339553 # 2340728 # -1 # ID=1_2275;partial=00;start_type=ATG;rbs_motif=GGAGG;rbs_spacer=5-10bp;gc_cont=0.588
NC_004631.1:2339553-2340728|- -            392 13521at91347         -            420   3.3e-11   40.9   0.0   2   2     6e-10   6.9e-07   26.7   0.0   334   414   303   386   282   389 0.91 NC_004631.1_2275 # 2339553 # 2340728 # -1 # ID=1_2275;partial=00;start_type=ATG;rbs_motif=GGAGG;rbs_spacer=5-10bp;gc_cont=0.588
#
# Program:         hmmsearch
# Version:         3.4 (Aug 2023)
# Pipeline mode:   SEARCH
# Query file:      /Users/dizzler/Projects/School/BIOL4600-Capstone/busco_downloads/lineages/enterobacterales_odb10/hmms/13521at91347.hmm
# Target file:     reports/busco-results/prodigal_output/predicted_genes/predicted.faa
# Option settings: hmmsearch --domtblout reports/busco-results/run_enterobacterales_odb10/hmmer_output/13521at91347.out --cpu 1 /Users/dizzler/Projects/School/BIOL4600-Capstone/busco_downloads/lineages/enterobacterales_odb10/hmms/13521at91347.hmm reports/busco-results/prodigal_output/predicted_genes/predicted.faa 
# Current dir:     /Users/dizzler/Projects/School/BIOL4600-Capstone
# Date:            Sat Feb 21 21:37:19 2026
# [ok]
