#                                                                                     --- full sequence --- -------------- this domain -------------   hmm coord   ali coord   env coord
# target name                 accession   tlen query name           accession   qlen   E-value  score  bias   #  of  c-Evalue  i-Evalue  score  bias  from    to  from    to  from    to  acc description of target
#         ------------------- ---------- ----- -------------------- ---------- ----- --------- ------ ----- --- --- --------- --------- ------ ----- ----- ----- ----- ----- ----- ----- ---- ---------------------
NC_004631.1:152549-154024|+   -            492 19201at91347         -            411  1.2e-208  691.2   0.0   1   2  1.9e-134  1.8e-131  437.0   0.0     6   248    11   264     4   274 0.95 NC_004631.1_133 # 152549 # 154024 # 1 # ID=1_133;partial=00;start_type=ATG;rbs_motif=4Base/6BMM;rbs_spacer=13-15bp;gc_cont=0.565
NC_004631.1:152549-154024|+   -            492 19201at91347         -            411  1.2e-208  691.2   0.0   2   2   5.7e-77   5.3e-74  247.6   0.0   245   410   284   479   279   480 0.89 NC_004631.1_133 # 152549 # 154024 # 1 # ID=1_133;partial=00;start_type=ATG;rbs_motif=4Base/6BMM;rbs_spacer=13-15bp;gc_cont=0.565
NC_004631.1:4618666-4620039|+ -            458 19201at91347         -            411   2.3e-42  143.4   0.0   1   2   1.4e-34   1.3e-31  108.0   0.0    16   221     2   224     1   231 0.84 NC_004631.1_4462 # 4618666 # 4620039 # 1 # ID=1_4462;partial=00;start_type=ATG;rbs_motif=AGGA;rbs_spacer=5-10bp;gc_cont=0.582
NC_004631.1:4618666-4620039|+ -            458 19201at91347         -            411   2.3e-42  143.4   0.0   2   2   6.7e-12   6.2e-09   33.3   0.0   248   356   274   387   266   439 0.87 NC_004631.1_4462 # 4618666 # 4620039 # 1 # ID=1_4462;partial=00;start_type=ATG;rbs_motif=AGGA;rbs_spacer=5-10bp;gc_cont=0.582
NC_004631.1:148806-150122|+   -            439 19201at91347         -            411   4.8e-12   43.6   0.0   1   2   4.1e-09   3.8e-06   24.1   0.0    65   203    65   201    45   217 0.81 NC_004631.1_130 # 148806 # 150122 # 1 # ID=1_130;partial=00;start_type=ATG;rbs_motif=GGA/GAG/AGG;rbs_spacer=5-10bp;gc_cont=0.583
NC_004631.1:148806-150122|+   -            439 19201at91347         -            411   4.8e-12   43.6   0.0   2   2   5.1e-07   0.00048   17.2   0.0   242   291   257   307   251   318 0.87 NC_004631.1_130 # 148806 # 150122 # 1 # ID=1_130;partial=00;start_type=ATG;rbs_motif=GGA/GAG/AGG;rbs_spacer=5-10bp;gc_cont=0.583
NC_004631.1:144885-146372|+   -            496 19201at91347         -            411   6.4e-06   23.4   0.2   1   2   3.2e-05      0.03   11.3   0.7   109   226   112   249   106   265 0.59 NC_004631.1_127 # 144885 # 146372 # 1 # ID=1_127;partial=00;start_type=GTG;rbs_motif=GGAG/GAGG;rbs_spacer=5-10bp;gc_cont=0.588
NC_004631.1:144885-146372|+   -            496 19201at91347         -            411   6.4e-06   23.4   0.2   2   2    0.0021       1.9    5.3   0.0   251   318   305   375   299   385 0.68 NC_004631.1_127 # 144885 # 146372 # 1 # ID=1_127;partial=00;start_type=GTG;rbs_motif=GGAG/GAGG;rbs_spacer=5-10bp;gc_cont=0.588
NC_004631.1:146369-147727|+   -            453 19201at91347         -            411     0.016   12.2   0.1   1   2     0.013        12    2.8   0.0   108   221   102   222    88   231 0.65 NC_004631.1_128 # 146369 # 147727 # 1 # ID=1_128;partial=00;start_type=ATG;rbs_motif=GGxGG;rbs_spacer=5-10bp;gc_cont=0.565
NC_004631.1:146369-147727|+   -            453 19201at91347         -            411     0.016   12.2   0.1   2   2   0.00058      0.54    7.2   0.1   245   284   273   313   267   349 0.72 NC_004631.1_128 # 146369 # 147727 # 1 # ID=1_128;partial=00;start_type=ATG;rbs_motif=GGxGG;rbs_spacer=5-10bp;gc_cont=0.565
#
# Program:         hmmsearch
# Version:         3.4 (Aug 2023)
# Pipeline mode:   SEARCH
# Query file:      /Users/dizzler/Projects/School/BIOL4600-Capstone/busco_downloads/lineages/enterobacterales_odb10/hmms/19201at91347.hmm
# Target file:     reports/busco-results/prodigal_output/predicted_genes/predicted.faa
# Option settings: hmmsearch --domtblout reports/busco-results/run_enterobacterales_odb10/hmmer_output/19201at91347.out --cpu 1 /Users/dizzler/Projects/School/BIOL4600-Capstone/busco_downloads/lineages/enterobacterales_odb10/hmms/19201at91347.hmm reports/busco-results/prodigal_output/predicted_genes/predicted.faa 
# Current dir:     /Users/dizzler/Projects/School/BIOL4600-Capstone
# Date:            Sat Feb 21 21:37:19 2026
# [ok]
