#                                                                                     --- full sequence --- -------------- this domain -------------   hmm coord   ali coord   env coord
# target name                 accession   tlen query name           accession   qlen   E-value  score  bias   #  of  c-Evalue  i-Evalue  score  bias  from    to  from    to  from    to  acc description of target
#         ------------------- ---------- ----- -------------------- ---------- ----- --------- ------ ----- --- --- --------- --------- ------ ----- ----- ----- ----- ----- ----- ----- ---- ---------------------
NC_004631.1:1685267-1687864|- -            866 2121at91347          -            705         0 1324.4   6.2   1   4   6.2e-24   7.1e-21   72.0   0.1     1    43     1    43     1    49 0.96 NC_004631.1_1629 # 1685267 # 1687864 # -1 # ID=1_1629;partial=00;start_type=ATG;rbs_motif=GGA/GAG/AGG;rbs_spacer=5-10bp;gc_cont=0.542
NC_004631.1:1685267-1687864|- -            866 2121at91347          -            705         0 1324.4   6.2   2   4   6.9e-96     8e-93  309.8   0.2    41   196    64   227    54   237 0.95 NC_004631.1_1629 # 1685267 # 1687864 # -1 # ID=1_1629;partial=00;start_type=ATG;rbs_motif=GGA/GAG/AGG;rbs_spacer=5-10bp;gc_cont=0.542
NC_004631.1:1685267-1687864|- -            866 2121at91347          -            705         0 1324.4   6.2   3   4   5.7e-76   6.6e-73  244.0   0.0   192   353   268   457   248   465 0.85 NC_004631.1_1629 # 1685267 # 1687864 # -1 # ID=1_1629;partial=00;start_type=ATG;rbs_motif=GGA/GAG/AGG;rbs_spacer=5-10bp;gc_cont=0.542
NC_004631.1:1685267-1687864|- -            866 2121at91347          -            705         0 1324.4   6.2   4   4  8.9e-214    1e-210  699.5   0.1   339   705   465   860   457   860 0.95 NC_004631.1_1629 # 1685267 # 1687864 # -1 # ID=1_1629;partial=00;start_type=ATG;rbs_motif=GGA/GAG/AGG;rbs_spacer=5-10bp;gc_cont=0.542
NC_004631.1:4403378-4405372|+ -            665 2121at91347          -            705   4.8e-29   99.0   0.0   1   3   1.4e-14   1.6e-11   41.1   0.1    65   194    86   222    74   231 0.86 NC_004631.1_4233 # 4403378 # 4405372 # 1 # ID=1_4233;partial=00;start_type=ATG;rbs_motif=AGGAG;rbs_spacer=5-10bp;gc_cont=0.529
NC_004631.1:4403378-4405372|+ -            665 2121at91347          -            705   4.8e-29   99.0   0.0   2   3   1.2e-08   1.4e-05   21.5   0.0   200   252   274   329   266   437 0.75 NC_004631.1_4233 # 4403378 # 4405372 # 1 # ID=1_4233;partial=00;start_type=ATG;rbs_motif=AGGAG;rbs_spacer=5-10bp;gc_cont=0.529
NC_004631.1:4403378-4405372|+ -            665 2121at91347          -            705   4.8e-29   99.0   0.0   3   3   9.7e-12   1.1e-08   31.7   0.0   344   487   496   642   478   651 0.85 NC_004631.1_4233 # 4403378 # 4405372 # 1 # ID=1_4233;partial=00;start_type=ATG;rbs_motif=AGGAG;rbs_spacer=5-10bp;gc_cont=0.529
NC_004631.1:1244535-1246484|+ -            650 2121at91347          -            705   9.3e-17   58.4   0.1   1   3   9.4e-10   1.1e-06   25.1   0.0    59   194    81   227    68   239 0.77 NC_004631.1_1172 # 1244535 # 1246484 # 1 # ID=1_1172;partial=00;start_type=ATG;rbs_motif=3Base/5BMM;rbs_spacer=13-15bp;gc_cont=0.560
NC_004631.1:1244535-1246484|+ -            650 2121at91347          -            705   9.3e-17   58.4   0.1   2   3   7.5e-10   8.7e-07   25.4   0.0   193   317   277   422   272   444 0.71 NC_004631.1_1172 # 1244535 # 1246484 # 1 # ID=1_1172;partial=00;start_type=ATG;rbs_motif=3Base/5BMM;rbs_spacer=13-15bp;gc_cont=0.560
NC_004631.1:1244535-1246484|+ -            650 2121at91347          -            705   9.3e-17   58.4   0.1   3   3     0.004       4.6    3.2   0.0   302   437   446   592   428   601 0.67 NC_004631.1_1172 # 1244535 # 1246484 # 1 # ID=1_1172;partial=00;start_type=ATG;rbs_motif=3Base/5BMM;rbs_spacer=13-15bp;gc_cont=0.560
NC_004631.1:4238942-4239484|+ -            181 2121at91347          -            705   4.4e-06   23.1   1.1   1   2   1.4e-08   1.7e-05   21.2   0.1   559   640    15    93     5    97 0.83 NC_004631.1_4099 # 4238942 # 4239484 # 1 # ID=1_4099;partial=00;start_type=ATG;rbs_motif=GGA/GAG/AGG;rbs_spacer=5-10bp;gc_cont=0.529
NC_004631.1:4238942-4239484|+ -            181 2121at91347          -            705   4.4e-06   23.1   1.1   2   2      0.04        46   -0.1   0.1   459   497   102   140    97   159 0.70 NC_004631.1_4099 # 4238942 # 4239484 # 1 # ID=1_4099;partial=00;start_type=ATG;rbs_motif=GGA/GAG/AGG;rbs_spacer=5-10bp;gc_cont=0.529
#
# Program:         hmmsearch
# Version:         3.4 (Aug 2023)
# Pipeline mode:   SEARCH
# Query file:      /Users/dizzler/Projects/School/BIOL4600-Capstone/busco_downloads/lineages/enterobacterales_odb10/hmms/2121at91347.hmm
# Target file:     reports/busco-results/prodigal_output/predicted_genes/predicted.faa
# Option settings: hmmsearch --domtblout reports/busco-results/run_enterobacterales_odb10/hmmer_output/2121at91347.out --cpu 1 /Users/dizzler/Projects/School/BIOL4600-Capstone/busco_downloads/lineages/enterobacterales_odb10/hmms/2121at91347.hmm reports/busco-results/prodigal_output/predicted_genes/predicted.faa 
# Current dir:     /Users/dizzler/Projects/School/BIOL4600-Capstone
# Date:            Sat Feb 21 21:37:19 2026
# [ok]
