#                                                                                     --- full sequence --- -------------- this domain -------------   hmm coord   ali coord   env coord
# target name                 accession   tlen query name           accession   qlen   E-value  score  bias   #  of  c-Evalue  i-Evalue  score  bias  from    to  from    to  from    to  acc description of target
#         ------------------- ---------- ----- -------------------- ---------- ----- --------- ------ ----- --- --- --------- --------- ------ ----- ----- ----- ----- ----- ----- ----- ---- ---------------------
NC_004631.1:1977682-1979082|+ -            467 21912at91347         -            383  3.1e-206  683.2   0.0   1   2  1.6e-115  2.5e-112  374.0   0.1     4   227    14   276    11   283 0.91 NC_004631.1_1937 # 1977682 # 1979082 # 1 # ID=1_1937;partial=00;start_type=ATG;rbs_motif=GGA/GAG/AGG;rbs_spacer=5-10bp;gc_cont=0.551
NC_004631.1:1977682-1979082|+ -            467 21912at91347         -            383  3.1e-206  683.2   0.0   2   2   2.1e-94   3.2e-91  304.6   0.0   208   383   280   466   276   466 0.95 NC_004631.1_1937 # 1977682 # 1979082 # 1 # ID=1_1937;partial=00;start_type=ATG;rbs_motif=GGA/GAG/AGG;rbs_spacer=5-10bp;gc_cont=0.551
NC_004631.1:1064639-1066411|+ -            591 21912at91347         -            383   4.5e-18   63.8   0.1   1   3      0.02        31    1.8   0.0     6    34    14    41     9    49 0.78 NC_004631.1_980 # 1064639 # 1066411 # 1 # ID=1_980;partial=00;start_type=ATG;rbs_motif=GGA/GAG/AGG;rbs_spacer=5-10bp;gc_cont=0.564
NC_004631.1:1064639-1066411|+ -            591 21912at91347         -            383   4.5e-18   63.8   0.1   2   3   1.5e-06    0.0023   15.4   0.0    61   214    92   240    67   274 0.78 NC_004631.1_980 # 1064639 # 1066411 # 1 # ID=1_980;partial=00;start_type=ATG;rbs_motif=GGA/GAG/AGG;rbs_spacer=5-10bp;gc_cont=0.564
NC_004631.1:1064639-1066411|+ -            591 21912at91347         -            383   4.5e-18   63.8   0.1   3   3   6.7e-15     1e-11   42.8   0.0   277   380   454   560   451   563 0.86 NC_004631.1_980 # 1064639 # 1066411 # 1 # ID=1_980;partial=00;start_type=ATG;rbs_motif=GGA/GAG/AGG;rbs_spacer=5-10bp;gc_cont=0.564
NC_004631.1:3047236-3048753|- -            506 21912at91347         -            383   1.6e-06   25.8   0.0   1   2   0.00048      0.73    7.1   0.0   107   215   185   287   133   317 0.79 NC_004631.1_2948 # 3047236 # 3048753 # -1 # ID=1_2948;partial=00;start_type=ATG;rbs_motif=GGAG/GAGG;rbs_spacer=5-10bp;gc_cont=0.540
NC_004631.1:3047236-3048753|- -            506 21912at91347         -            383   1.6e-06   25.8   0.0   2   2   6.1e-07   0.00094   16.6   0.0   314   376   434   500   344   504 0.64 NC_004631.1_2948 # 3047236 # 3048753 # -1 # ID=1_2948;partial=00;start_type=ATG;rbs_motif=GGAG/GAGG;rbs_spacer=5-10bp;gc_cont=0.540
#
# Program:         hmmsearch
# Version:         3.4 (Aug 2023)
# Pipeline mode:   SEARCH
# Query file:      /Users/dizzler/Projects/School/BIOL4600-Capstone/busco_downloads/lineages/enterobacterales_odb10/hmms/21912at91347.hmm
# Target file:     reports/busco-results/prodigal_output/predicted_genes/predicted.faa
# Option settings: hmmsearch --domtblout reports/busco-results/run_enterobacterales_odb10/hmmer_output/21912at91347.out --cpu 1 /Users/dizzler/Projects/School/BIOL4600-Capstone/busco_downloads/lineages/enterobacterales_odb10/hmms/21912at91347.hmm reports/busco-results/prodigal_output/predicted_genes/predicted.faa 
# Current dir:     /Users/dizzler/Projects/School/BIOL4600-Capstone
# Date:            Sat Feb 21 21:37:19 2026
# [ok]
