#                                                                                     --- full sequence --- -------------- this domain -------------   hmm coord   ali coord   env coord
# target name                 accession   tlen query name           accession   qlen   E-value  score  bias   #  of  c-Evalue  i-Evalue  score  bias  from    to  from    to  from    to  acc description of target
#         ------------------- ---------- ----- -------------------- ---------- ----- --------- ------ ----- --- --- --------- --------- ------ ----- ----- ----- ----- ----- ----- ----- ---- ---------------------
NC_004631.1:2987540-2991085|- -           1182 2325at91347          -            955         0 1327.7   0.0   1   2  4.8e-310  4.5e-307 1019.2   0.0     2   731     7   846     6   850 0.88 NC_004631.1_2893 # 2987540 # 2991085 # -1 # ID=1_2893;partial=00;start_type=ATG;rbs_motif=GGA/GAG/AGG;rbs_spacer=5-10bp;gc_cont=0.557
NC_004631.1:2987540-2991085|- -           1182 2325at91347          -            955         0 1327.7   0.0   2   2   2.5e-93   2.3e-90  301.9   0.0   731   954   898  1173   880  1174 0.84 NC_004631.1_2893 # 2987540 # 2991085 # -1 # ID=1_2893;partial=00;start_type=ATG;rbs_motif=GGA/GAG/AGG;rbs_spacer=5-10bp;gc_cont=0.557
NC_004631.1:3485500-3487524|- -            675 2325at91347          -            955   1.5e-24   84.1   0.5   1   3     7e-05     0.065    9.2   0.1    11    75    15    71     9    92 0.87 NC_004631.1_3374 # 3485500 # 3487524 # -1 # ID=1_3374;partial=00;start_type=ATG;rbs_motif=GGA/GAG/AGG;rbs_spacer=5-10bp;gc_cont=0.528
NC_004631.1:3485500-3487524|- -            675 2325at91347          -            955   1.5e-24   84.1   0.5   2   3   3.8e-17   3.5e-14   49.8   0.0   286   524   178   408   171   431 0.75 NC_004631.1_3374 # 3485500 # 3487524 # -1 # ID=1_3374;partial=00;start_type=ATG;rbs_motif=GGA/GAG/AGG;rbs_spacer=5-10bp;gc_cont=0.528
NC_004631.1:3485500-3487524|- -            675 2325at91347          -            955   1.5e-24   84.1   0.5   3   3   3.2e-07    0.0003   16.9   0.0   627   709   540   612   496   639 0.78 NC_004631.1_3374 # 3485500 # 3487524 # -1 # ID=1_3374;partial=00;start_type=ATG;rbs_motif=GGA/GAG/AGG;rbs_spacer=5-10bp;gc_cont=0.528
NC_004631.1:3447448-3449610|- -            721 2325at91347          -            955   3.5e-24   82.9   0.2   1   4   2.7e-05     0.025   10.5   0.0    13    74    24    77    17   106 0.81 NC_004631.1_3340 # 3447448 # 3449610 # -1 # ID=1_3340;partial=00;start_type=ATG;rbs_motif=GGxGG;rbs_spacer=5-10bp;gc_cont=0.578
NC_004631.1:3447448-3449610|- -            721 2325at91347          -            955   3.5e-24   82.9   0.2   2   4     2e-16   1.8e-13   47.4   0.1   273   392   170   297   160   300 0.81 NC_004631.1_3340 # 3447448 # 3449610 # -1 # ID=1_3340;partial=00;start_type=ATG;rbs_motif=GGxGG;rbs_spacer=5-10bp;gc_cont=0.578
NC_004631.1:3447448-3449610|- -            721 2325at91347          -            955   3.5e-24   82.9   0.2   3   4     0.099        92   -1.3   0.0   461   542   350   431   345   445 0.79 NC_004631.1_3340 # 3447448 # 3449610 # -1 # ID=1_3340;partial=00;start_type=ATG;rbs_motif=GGxGG;rbs_spacer=5-10bp;gc_cont=0.578
NC_004631.1:3447448-3449610|- -            721 2325at91347          -            955   3.5e-24   82.9   0.2   4   4   4.2e-08   3.9e-05   19.8   0.0   633   709   548   615   483   625 0.75 NC_004631.1_3340 # 3447448 # 3449610 # -1 # ID=1_3340;partial=00;start_type=ATG;rbs_motif=GGxGG;rbs_spacer=5-10bp;gc_cont=0.578
NC_004631.1:1903289-1905343|- -            685 2325at91347          -            955   1.1e-12   44.8   0.4   1   3   0.00057      0.52    6.2   0.1    14    81   212   271   202   291 0.76 NC_004631.1_1849 # 1903289 # 1905343 # -1 # ID=1_1849;partial=00;start_type=ATG;rbs_motif=GGA/GAG/AGG;rbs_spacer=11-12bp;gc_cont=0.549
NC_004631.1:1903289-1905343|- -            685 2325at91347          -            955   1.1e-12   44.8   0.4   2   3   2.2e-08   2.1e-05   20.7   0.0   313   389   430   513   318   519 0.83 NC_004631.1_1849 # 1903289 # 1905343 # -1 # ID=1_1849;partial=00;start_type=ATG;rbs_motif=GGA/GAG/AGG;rbs_spacer=11-12bp;gc_cont=0.549
NC_004631.1:1903289-1905343|- -            685 2325at91347          -            955   1.1e-12   44.8   0.4   3   3   1.9e-06    0.0018   14.4   0.0   635   705   585   658   535   662 0.77 NC_004631.1_1849 # 1903289 # 1905343 # -1 # ID=1_1849;partial=00;start_type=ATG;rbs_motif=GGA/GAG/AGG;rbs_spacer=11-12bp;gc_cont=0.549
NC_004631.1:4508342-4509853|+ -            504 2325at91347          -            955   2.5e-09   33.7   0.1   1   3      0.31   2.9e+02   -2.9   0.0     8    28    13    34    10    36 0.79 NC_004631.1_4354 # 4508342 # 4509853 # 1 # ID=1_4354;partial=00;start_type=ATG;rbs_motif=GGAG/GAGG;rbs_spacer=5-10bp;gc_cont=0.509
NC_004631.1:4508342-4509853|+ -            504 2325at91347          -            955   2.5e-09   33.7   0.1   2   3   2.4e-09   2.2e-06   23.9   0.0   308   384   180   255   168   264 0.76 NC_004631.1_4354 # 4508342 # 4509853 # 1 # ID=1_4354;partial=00;start_type=ATG;rbs_motif=GGAG/GAGG;rbs_spacer=5-10bp;gc_cont=0.509
NC_004631.1:4508342-4509853|+ -            504 2325at91347          -            955   2.5e-09   33.7   0.1   3   3   0.00039      0.36    6.7   0.0   629   657   394   422   357   458 0.72 NC_004631.1_4354 # 4508342 # 4509853 # 1 # ID=1_4354;partial=00;start_type=ATG;rbs_motif=GGAG/GAGG;rbs_spacer=5-10bp;gc_cont=0.509
#
# Program:         hmmsearch
# Version:         3.4 (Aug 2023)
# Pipeline mode:   SEARCH
# Query file:      /Users/dizzler/Projects/School/BIOL4600-Capstone/busco_downloads/lineages/enterobacterales_odb10/hmms/2325at91347.hmm
# Target file:     reports/busco-results/prodigal_output/predicted_genes/predicted.faa
# Option settings: hmmsearch --domtblout reports/busco-results/run_enterobacterales_odb10/hmmer_output/2325at91347.out --cpu 1 /Users/dizzler/Projects/School/BIOL4600-Capstone/busco_downloads/lineages/enterobacterales_odb10/hmms/2325at91347.hmm reports/busco-results/prodigal_output/predicted_genes/predicted.faa 
# Current dir:     /Users/dizzler/Projects/School/BIOL4600-Capstone
# Date:            Sat Feb 21 21:37:19 2026
# [ok]
