#                                                                                     --- full sequence --- -------------- this domain -------------   hmm coord   ali coord   env coord
# target name                 accession   tlen query name           accession   qlen   E-value  score  bias   #  of  c-Evalue  i-Evalue  score  bias  from    to  from    to  from    to  acc description of target
#         ------------------- ---------- ----- -------------------- ---------- ----- --------- ------ ----- --- --- --------- --------- ------ ----- ----- ----- ----- ----- ----- ----- ---- ---------------------
NC_004631.1:184147-185571|+   -            475 25383at91347         -            399  1.8e-208  690.2   4.7   1   1    6e-210    2e-207  686.8   4.7     1   399     5   468     5   468 0.92 NC_004631.1_160 # 184147 # 185571 # 1 # ID=1_160;partial=00;start_type=ATG;rbs_motif=GGAG/GAGG;rbs_spacer=5-10bp;gc_cont=0.540
NC_004631.1:3591481-3592881|+ -            467 25383at91347         -            399     1e-49  167.5   0.0   1   2   2.9e-26   9.6e-24   81.9   0.0     4   189     8   223     6   243 0.81 NC_004631.1_3476 # 3591481 # 3592881 # 1 # ID=1_3476;partial=00;start_type=ATG;rbs_motif=GGA/GAG/AGG;rbs_spacer=5-10bp;gc_cont=0.526
NC_004631.1:3591481-3592881|+ -            467 25383at91347         -            399     1e-49  167.5   0.0   2   2   1.2e-26   4.1e-24   83.2   0.2   222   387   284   458   252   460 0.84 NC_004631.1_3476 # 3591481 # 3592881 # 1 # ID=1_3476;partial=00;start_type=ATG;rbs_motif=GGA/GAG/AGG;rbs_spacer=5-10bp;gc_cont=0.526
NC_004631.1:2367820-2369145|- -            442 25383at91347         -            399   4.1e-47  158.9   0.1   1   1     3e-49   9.9e-47  157.6   0.1     3   384     4   434     2   439 0.82 NC_004631.1_2301 # 2367820 # 2369145 # -1 # ID=1_2301;partial=00;start_type=ATG;rbs_motif=GGAG/GAGG;rbs_spacer=5-10bp;gc_cont=0.523
NC_004631.1:4054874-4056226|- -            451 25383at91347         -            399   1.4e-41  140.7   0.9   1   2   3.1e-23     1e-20   72.0   0.1     5   173     7   195     3   210 0.82 NC_004631.1_3909 # 4054874 # 4056226 # -1 # ID=1_3909;partial=00;start_type=ATG;rbs_motif=AGGAG;rbs_spacer=5-10bp;gc_cont=0.554
NC_004631.1:4054874-4056226|- -            451 25383at91347         -            399   1.4e-41  140.7   0.9   2   2   9.2e-22     3e-19   67.1   0.1   208   382   253   445   212   449 0.80 NC_004631.1_3909 # 4054874 # 4056226 # -1 # ID=1_3909;partial=00;start_type=ATG;rbs_motif=AGGAG;rbs_spacer=5-10bp;gc_cont=0.554
NC_004631.1:755720-756961|-   -            414 25383at91347         -            399   5.7e-07   26.7   0.7   1   3   9.2e-05      0.03   11.2   0.0     4    39   126   161   123   190 0.91 NC_004631.1_674 # 755720 # 756961 # -1 # ID=1_674;partial=00;start_type=ATG;rbs_motif=AGGA;rbs_spacer=5-10bp;gc_cont=0.506
NC_004631.1:755720-756961|-   -            414 25383at91347         -            399   5.7e-07   26.7   0.7   2   3    0.0065       2.1    5.1   0.0   141   169   250   278   235   301 0.89 NC_004631.1_674 # 755720 # 756961 # -1 # ID=1_674;partial=00;start_type=ATG;rbs_motif=AGGA;rbs_spacer=5-10bp;gc_cont=0.506
NC_004631.1:755720-756961|-   -            414 25383at91347         -            399   5.7e-07   26.7   0.7   3   3    0.0015      0.49    7.2   0.4   210   271   339   403   322   410 0.83 NC_004631.1_674 # 755720 # 756961 # -1 # ID=1_674;partial=00;start_type=ATG;rbs_motif=AGGA;rbs_spacer=5-10bp;gc_cont=0.506
NC_004631.1:2034344-2035312|+ -            323 25383at91347         -            399   1.6e-06   25.3   0.3   1   3   1.3e-05    0.0044   13.9   0.0     3    36     7    40     5    47 0.87 NC_004631.1_1980 # 2034344 # 2035312 # 1 # ID=1_1980;partial=00;start_type=ATG;rbs_motif=GGA/GAG/AGG;rbs_spacer=3-4bp;gc_cont=0.547
NC_004631.1:2034344-2035312|+ -            323 25383at91347         -            399   1.6e-06   25.3   0.3   2   3       0.2        67    0.1   0.0   146   176   147   177   107   216 0.79 NC_004631.1_1980 # 2034344 # 2035312 # 1 # ID=1_1980;partial=00;start_type=ATG;rbs_motif=GGA/GAG/AGG;rbs_spacer=3-4bp;gc_cont=0.547
NC_004631.1:2034344-2035312|+ -            323 25383at91347         -            399   1.6e-06   25.3   0.3   3   3    0.0012      0.39    7.5   0.0   200   252   226   290   218   300 0.74 NC_004631.1_1980 # 2034344 # 2035312 # 1 # ID=1_1980;partial=00;start_type=ATG;rbs_motif=GGA/GAG/AGG;rbs_spacer=3-4bp;gc_cont=0.547
NC_004631.1:4188137-4190680|- -            848 25383at91347         -            399   1.6e-06   25.2   0.0   1   3   1.1e-05    0.0036   14.2   0.0   107   176    98   176    47   199 0.74 NC_004631.1_4026 # 4188137 # 4190680 # -1 # ID=1_4026;partial=00;start_type=ATG;rbs_motif=GGAG/GAGG;rbs_spacer=5-10bp;gc_cont=0.564
NC_004631.1:4188137-4190680|- -            848 25383at91347         -            399   1.6e-06   25.2   0.0   2   3     0.007       2.3    4.9   0.0   221   279   253   315   234   330 0.82 NC_004631.1_4026 # 4188137 # 4190680 # -1 # ID=1_4026;partial=00;start_type=ATG;rbs_motif=GGAG/GAGG;rbs_spacer=5-10bp;gc_cont=0.564
NC_004631.1:4188137-4190680|- -            848 25383at91347         -            399   1.6e-06   25.2   0.0   3   3     0.054        18    2.0   0.0   328   375   357   406   345   414 0.83 NC_004631.1_4026 # 4188137 # 4190680 # -1 # ID=1_4026;partial=00;start_type=ATG;rbs_motif=GGAG/GAGG;rbs_spacer=5-10bp;gc_cont=0.564
NC_004631.1:3339008-3340426|+ -            473 25383at91347         -            399   6.5e-06   23.2   0.5   1   2   9.4e-05     0.031   11.1   0.1     4    40   148   184   145   199 0.90 NC_004631.1_3241 # 3339008 # 3340426 # 1 # ID=1_3241;partial=00;start_type=ATG;rbs_motif=AGGA;rbs_spacer=5-10bp;gc_cont=0.564
NC_004631.1:3339008-3340426|+ -            473 25383at91347         -            399   6.5e-06   23.2   0.5   2   2   0.00025     0.082    9.7   0.0   221   271   412   466   383   470 0.79 NC_004631.1_3241 # 3339008 # 3340426 # 1 # ID=1_3241;partial=00;start_type=ATG;rbs_motif=AGGA;rbs_spacer=5-10bp;gc_cont=0.564
NC_004631.1:3230347-3231045|+ -            233 25383at91347         -            399   1.6e-05   22.0   0.0   1   2   7.4e-05     0.024   11.5   0.0     3    50    10    57     8    63 0.88 NC_004631.1_3129 # 3230347 # 3231045 # 1 # ID=1_3129;partial=00;start_type=ATG;rbs_motif=None;rbs_spacer=None;gc_cont=0.577
NC_004631.1:3230347-3231045|+ -            233 25383at91347         -            399   1.6e-05   22.0   0.0   2   2   0.00054      0.18    8.6   0.0   107   164    88   149    61   162 0.80 NC_004631.1_3129 # 3230347 # 3231045 # 1 # ID=1_3129;partial=00;start_type=ATG;rbs_motif=None;rbs_spacer=None;gc_cont=0.577
NC_004631.1:2825254-2826387|+ -            378 25383at91347         -            399   0.00022   18.2   0.0   1   1   1.5e-05     0.005   13.7   0.0   145   250   141   274    99   283 0.68 NC_004631.1_2736 # 2825254 # 2826387 # 1 # ID=1_2736;partial=00;start_type=ATG;rbs_motif=GGAGG;rbs_spacer=3-4bp;gc_cont=0.565
NC_004631.1:2324165-2325730|- -            522 25383at91347         -            399   0.00051   17.0   1.4   1   1   0.00018     0.058   10.2   1.4     4   203   214   415   212   501 0.60 NC_004631.1_2261 # 2324165 # 2325730 # -1 # ID=1_2261;partial=00;start_type=ATG;rbs_motif=GGAG/GAGG;rbs_spacer=5-10bp;gc_cont=0.552
NC_004631.1:655228-656856|-   -            543 25383at91347         -            399    0.0029   14.5   0.1   1   1   1.3e-05    0.0041   14.0   0.1     3    53     9    60     7    84 0.81 NC_004631.1_584 # 655228 # 656856 # -1 # ID=1_584;partial=00;start_type=ATG;rbs_motif=AGGA;rbs_spacer=5-10bp;gc_cont=0.588
NC_004631.1:1083999-1085177|- -            393 25383at91347         -            399     0.012   12.4   0.0   1   1   5.2e-05     0.017   12.0   0.0     3    35    13    45    11    73 0.94 NC_004631.1_998 # 1083999 # 1085177 # -1 # ID=1_998;partial=00;start_type=ATG;rbs_motif=GGA/GAG/AGG;rbs_spacer=5-10bp;gc_cont=0.567
NC_004631.1:3128854-3130155|- -            434 25383at91347         -            399     0.044   10.6   0.5   1   1    0.0002     0.066   10.0   0.5     1    45    28    74    28   111 0.84 NC_004631.1_3034 # 3128854 # 3130155 # -1 # ID=1_3034;partial=00;start_type=ATG;rbs_motif=GGA/GAG/AGG;rbs_spacer=5-10bp;gc_cont=0.495
#
# Program:         hmmsearch
# Version:         3.4 (Aug 2023)
# Pipeline mode:   SEARCH
# Query file:      /Users/dizzler/Projects/School/BIOL4600-Capstone/busco_downloads/lineages/enterobacterales_odb10/hmms/25383at91347.hmm
# Target file:     reports/busco-results/prodigal_output/predicted_genes/predicted.faa
# Option settings: hmmsearch --domtblout reports/busco-results/run_enterobacterales_odb10/hmmer_output/25383at91347.out --cpu 1 /Users/dizzler/Projects/School/BIOL4600-Capstone/busco_downloads/lineages/enterobacterales_odb10/hmms/25383at91347.hmm reports/busco-results/prodigal_output/predicted_genes/predicted.faa 
# Current dir:     /Users/dizzler/Projects/School/BIOL4600-Capstone
# Date:            Sat Feb 21 21:37:19 2026
# [ok]
