#                                                                                     --- full sequence --- -------------- this domain -------------   hmm coord   ali coord   env coord
# target name                 accession   tlen query name           accession   qlen   E-value  score  bias   #  of  c-Evalue  i-Evalue  score  bias  from    to  from    to  from    to  acc description of target
#         ------------------- ---------- ----- -------------------- ---------- ----- --------- ------ ----- --- --- --------- --------- ------ ----- ----- ----- ----- ----- ----- ----- ---- ---------------------
NC_004631.1:262278-263303|+   -            342 34836at91347         -            291  6.8e-156  515.8  25.1   1   1  6.3e-156  3.3e-153  507.0  25.1     1   291     1   336     1   336 0.92 NC_004631.1_229 # 262278 # 263303 # 1 # ID=1_229;partial=00;start_type=ATG;rbs_motif=GGA/GAG/AGG;rbs_spacer=11-12bp;gc_cont=0.519
NC_004631.1:263868-264656|+   -            263 34836at91347         -            291     4e-13   47.2  12.6   1   1   1.2e-15     6e-13   46.7  12.6    78   254     6   181     2   192 0.91 NC_004631.1_231 # 263868 # 264656 # 1 # ID=1_231;partial=00;start_type=GTG;rbs_motif=GGAGG;rbs_spacer=5-10bp;gc_cont=0.531
NC_004631.1:3762288-3763658|+ -            457 34836at91347         -            291   4.1e-07   27.5  10.5   1   1   4.5e-09   2.3e-06   25.0  10.5    77   214   271   427   266   433 0.70 NC_004631.1_3639 # 3762288 # 3763658 # 1 # ID=1_3639;partial=00;start_type=ATG;rbs_motif=AGGA;rbs_spacer=5-10bp;gc_cont=0.530
NC_004631.1:1575553-1576533|+ -            327 34836at91347         -            291   9.6e-07   26.3   6.9   1   2   2.8e-05     0.015   12.6   1.3    73   133    67   128    60   221 0.78 NC_004631.1_1518 # 1575553 # 1576533 # 1 # ID=1_1518;partial=00;start_type=ATG;rbs_motif=GGA/GAG/AGG;rbs_spacer=5-10bp;gc_cont=0.510
NC_004631.1:1575553-1576533|+ -            327 34836at91347         -            291   9.6e-07   26.3   6.9   2   2   4.6e-06    0.0024   15.1   2.5   181   244   231   295   158   307 0.64 NC_004631.1_1518 # 1575553 # 1576533 # 1 # ID=1_1518;partial=00;start_type=ATG;rbs_motif=GGA/GAG/AGG;rbs_spacer=5-10bp;gc_cont=0.510
NC_004631.1:848004-848492|+   -            163 34836at91347         -            291   3.8e-05   21.0  11.8   1   2   6.5e-07   0.00033   17.9   3.2    57   137    47   141    22   144 0.71 NC_004631.1_758 # 848004 # 848492 # 1 # ID=1_758;partial=00;start_type=ATG;rbs_motif=GGxGG;rbs_spacer=5-10bp;gc_cont=0.564
NC_004631.1:848004-848492|+   -            163 34836at91347         -            291   3.8e-05   21.0  11.8   2   2     6e-06    0.0031   14.8   1.4   180   234    88   143    86   159 0.78 NC_004631.1_758 # 848004 # 848492 # 1 # ID=1_758;partial=00;start_type=ATG;rbs_motif=GGxGG;rbs_spacer=5-10bp;gc_cont=0.564
NC_004631.1:2460287-2460838|+ -            184 34836at91347         -            291    0.0014   15.9   3.1   1   2      0.21   1.1e+02   -0.2   0.0   216   229    92   105    61   118 0.58 NC_004631.1_2391 # 2460287 # 2460838 # 1 # ID=1_2391;partial=00;start_type=ATG;rbs_motif=GGAG/GAGG;rbs_spacer=5-10bp;gc_cont=0.495
NC_004631.1:2460287-2460838|+ -            184 34836at91347         -            291    0.0014   15.9   3.1   2   2   3.7e-06    0.0019   15.4   1.0    72   106   130   164   110   173 0.76 NC_004631.1_2391 # 2460287 # 2460838 # 1 # ID=1_2391;partial=00;start_type=ATG;rbs_motif=GGAG/GAGG;rbs_spacer=5-10bp;gc_cont=0.495
NC_004631.1:4241114-4241668|- -            185 34836at91347         -            291     0.004   14.4   7.3   1   1   8.2e-05     0.042   11.0   7.2   124   235    14   133     8   137 0.76 NC_004631.1_4103 # 4241114 # 4241668 # -1 # ID=1_4103;partial=00;start_type=ATG;rbs_motif=GGAG/GAGG;rbs_spacer=5-10bp;gc_cont=0.510
NC_004631.1:3939696-3940517|+ -            274 34836at91347         -            291     0.019   12.2   2.1   1   1     6e-05     0.031   11.5   2.1   159   265   135   240   121   245 0.59 NC_004631.1_3810 # 3939696 # 3940517 # 1 # ID=1_3810;partial=00;start_type=ATG;rbs_motif=GGAG/GAGG;rbs_spacer=5-10bp;gc_cont=0.561
NC_004631.1:80825-81421|-     -            199 34836at91347         -            291      0.21    8.8   9.9   1   1   0.00092      0.47    7.6  10.1   157   251    26   122    16   130 0.82 NC_004631.1_70 # 80825 # 81421 # -1 # ID=1_70;partial=00;start_type=ATG;rbs_motif=GGAG/GAGG;rbs_spacer=5-10bp;gc_cont=0.559
#
# Program:         hmmsearch
# Version:         3.4 (Aug 2023)
# Pipeline mode:   SEARCH
# Query file:      /Users/dizzler/Projects/School/BIOL4600-Capstone/busco_downloads/lineages/enterobacterales_odb10/hmms/34836at91347.hmm
# Target file:     reports/busco-results/prodigal_output/predicted_genes/predicted.faa
# Option settings: hmmsearch --domtblout reports/busco-results/run_enterobacterales_odb10/hmmer_output/34836at91347.out --cpu 1 /Users/dizzler/Projects/School/BIOL4600-Capstone/busco_downloads/lineages/enterobacterales_odb10/hmms/34836at91347.hmm reports/busco-results/prodigal_output/predicted_genes/predicted.faa 
# Current dir:     /Users/dizzler/Projects/School/BIOL4600-Capstone
# Date:            Sat Feb 21 21:37:19 2026
# [ok]
