#                                                                                     --- full sequence --- -------------- this domain -------------   hmm coord   ali coord   env coord
# target name                 accession   tlen query name           accession   qlen   E-value  score  bias   #  of  c-Evalue  i-Evalue  score  bias  from    to  from    to  from    to  acc description of target
#         ------------------- ---------- ----- -------------------- ---------- ----- --------- ------ ----- --- --- --------- --------- ------ ----- ----- ----- ----- ----- ----- ----- ---- ---------------------
NC_004631.1:53852-56686|+     -            945 5062at91347          -            785         0 1252.3   0.0   1   3  1.5e-113  1.4e-110  368.5   0.0     1   203     1   213     1   219 0.97 NC_004631.1_48 # 53852 # 56686 # 1 # ID=1_48;partial=00;start_type=ATG;rbs_motif=GGA/GAG/AGG;rbs_spacer=5-10bp;gc_cont=0.549
NC_004631.1:53852-56686|+     -            945 5062at91347          -            785         0 1252.3   0.0   2   3  4.2e-261  3.9e-258  856.5   0.0   203   750   235   857   233   864 0.89 NC_004631.1_48 # 53852 # 56686 # 1 # ID=1_48;partial=00;start_type=ATG;rbs_motif=GGA/GAG/AGG;rbs_spacer=5-10bp;gc_cont=0.549
NC_004631.1:53852-56686|+     -            945 5062at91347          -            785         0 1252.3   0.0   3   3   4.9e-09   4.6e-06   22.8   0.2   753   785   903   943   886   943 0.80 NC_004631.1_48 # 53852 # 56686 # 1 # ID=1_48;partial=00;start_type=ATG;rbs_motif=GGA/GAG/AGG;rbs_spacer=5-10bp;gc_cont=0.549
NC_004631.1:4655990-4658845|- -            952 5062at91347          -            785   1.8e-49  166.4   2.3   1   2   3.5e-43   3.2e-40  135.8   2.6    41   537    29   570     8   574 0.72 NC_004631.1_4501 # 4655990 # 4658845 # -1 # ID=1_4501;partial=00;start_type=ATG;rbs_motif=GGA/GAG/AGG;rbs_spacer=3-4bp;gc_cont=0.566
NC_004631.1:4655990-4658845|- -            952 5062at91347          -            785   1.8e-49  166.4   2.3   2   2   4.8e-09   4.4e-06   22.9   0.0   536   679   606   766   582   779 0.75 NC_004631.1_4501 # 4655990 # 4658845 # -1 # ID=1_4501;partial=00;start_type=ATG;rbs_motif=GGA/GAG/AGG;rbs_spacer=3-4bp;gc_cont=0.566
NC_004631.1:2284615-2287197|+ -            861 5062at91347          -            785   7.1e-34  114.8   5.2   1   6   1.6e-18   1.5e-15   54.2   0.0    42   190    30   171    10   174 0.87 NC_004631.1_2221 # 2284615 # 2287197 # 1 # ID=1_2221;partial=00;start_type=ATG;rbs_motif=AGGA/GGAG/GAGG;rbs_spacer=11-12bp;gc_cont=0.558
NC_004631.1:2284615-2287197|+ -            861 5062at91347          -            785   7.1e-34  114.8   5.2   2   6   0.00027      0.25    7.2   1.0   345   367   175   197   172   226 0.80 NC_004631.1_2221 # 2284615 # 2287197 # 1 # ID=1_2221;partial=00;start_type=ATG;rbs_motif=AGGA/GGAG/GAGG;rbs_spacer=11-12bp;gc_cont=0.558
NC_004631.1:2284615-2287197|+ -            861 5062at91347          -            785   7.1e-34  114.8   5.2   3   6   1.5e-07   0.00014   18.0   0.0   255   301   310   359   267   373 0.87 NC_004631.1_2221 # 2284615 # 2287197 # 1 # ID=1_2221;partial=00;start_type=ATG;rbs_motif=AGGA/GGAG/GAGG;rbs_spacer=11-12bp;gc_cont=0.558
NC_004631.1:2284615-2287197|+ -            861 5062at91347          -            785   7.1e-34  114.8   5.2   4   6   4.1e-06    0.0038   13.2   0.0   397   417   417   437   406   505 0.79 NC_004631.1_2221 # 2284615 # 2287197 # 1 # ID=1_2221;partial=00;start_type=ATG;rbs_motif=AGGA/GGAG/GAGG;rbs_spacer=11-12bp;gc_cont=0.558
NC_004631.1:2284615-2287197|+ -            861 5062at91347          -            785   7.1e-34  114.8   5.2   5   6   6.7e-08   6.2e-05   19.1   0.0   519   550   617   648   574   676 0.85 NC_004631.1_2221 # 2284615 # 2287197 # 1 # ID=1_2221;partial=00;start_type=ATG;rbs_motif=AGGA/GGAG/GAGG;rbs_spacer=11-12bp;gc_cont=0.558
NC_004631.1:2284615-2287197|+ -            861 5062at91347          -            785   7.1e-34  114.8   5.2   6   6      0.56   5.2e+02   -3.8   0.0   654   680   752   778   741   782 0.84 NC_004631.1_2221 # 2284615 # 2287197 # 1 # ID=1_2221;partial=00;start_type=ATG;rbs_motif=AGGA/GGAG/GAGG;rbs_spacer=11-12bp;gc_cont=0.558
NC_004631.1:786583-788616|-   -            678 5062at91347          -            785   2.2e-15   53.7   0.1   1   2   2.6e-14   2.4e-11   40.3   0.0    51   108    12    69     2    85 0.88 NC_004631.1_705 # 786583 # 788616 # -1 # ID=1_705;partial=00;start_type=ATG;rbs_motif=AGxAG;rbs_spacer=11-12bp;gc_cont=0.550
NC_004631.1:786583-788616|-   -            678 5062at91347          -            785   2.2e-15   53.7   0.1   2   2   1.6e-05     0.015   11.2   0.0   507   551   320   363   300   404 0.73 NC_004631.1_705 # 786583 # 788616 # -1 # ID=1_705;partial=00;start_type=ATG;rbs_motif=AGxAG;rbs_spacer=11-12bp;gc_cont=0.550
NC_004631.1:2387374-2388759|- -            462 5062at91347          -            785   2.5e-09   33.6   0.1   1   2     0.013        12    1.6   0.1    60   146    36   115    22   144 0.66 NC_004631.1_2322 # 2387374 # 2388759 # -1 # ID=1_2322;partial=00;start_type=ATG;rbs_motif=GGA/GAG/AGG;rbs_spacer=5-10bp;gc_cont=0.550
NC_004631.1:2387374-2388759|- -            462 5062at91347          -            785   2.5e-09   33.6   0.1   2   2   3.6e-11   3.3e-08   29.9   0.0   505   578   250   323   219   326 0.84 NC_004631.1_2322 # 2387374 # 2388759 # -1 # ID=1_2322;partial=00;start_type=ATG;rbs_motif=GGA/GAG/AGG;rbs_spacer=5-10bp;gc_cont=0.550
#
# Program:         hmmsearch
# Version:         3.4 (Aug 2023)
# Pipeline mode:   SEARCH
# Query file:      /Users/dizzler/Projects/School/BIOL4600-Capstone/busco_downloads/lineages/enterobacterales_odb10/hmms/5062at91347.hmm
# Target file:     reports/busco-results/prodigal_output/predicted_genes/predicted.faa
# Option settings: hmmsearch --domtblout reports/busco-results/run_enterobacterales_odb10/hmmer_output/5062at91347.out --cpu 1 /Users/dizzler/Projects/School/BIOL4600-Capstone/busco_downloads/lineages/enterobacterales_odb10/hmms/5062at91347.hmm reports/busco-results/prodigal_output/predicted_genes/predicted.faa 
# Current dir:     /Users/dizzler/Projects/School/BIOL4600-Capstone
# Date:            Sat Feb 21 21:37:19 2026
# [ok]
