#                                                                                     --- full sequence --- -------------- this domain -------------   hmm coord   ali coord   env coord
# target name                 accession   tlen query name           accession   qlen   E-value  score  bias   #  of  c-Evalue  i-Evalue  score  bias  from    to  from    to  from    to  acc description of target
#         ------------------- ---------- ----- -------------------- ---------- ----- --------- ------ ----- --- --- --------- --------- ------ ----- ----- ----- ----- ----- ----- ----- ---- ---------------------
NC_004631.1:610648-611310|+   -            221 62648at91347         -            174    7e-113  372.3   1.1   1   2       1.4   1.6e+03   -3.4   0.0     1     9     1     9     1    12 0.85 NC_004631.1_542 # 610648 # 611310 # 1 # ID=1_542;partial=00;start_type=ATG;rbs_motif=GGAG/GAGG;rbs_spacer=5-10bp;gc_cont=0.540
NC_004631.1:610648-611310|+   -            221 62648at91347         -            174    7e-113  372.3   1.1   2   2  6.9e-116    8e-113  372.1   0.5    13   174    41   202    30   202 0.98 NC_004631.1_542 # 610648 # 611310 # 1 # ID=1_542;partial=00;start_type=ATG;rbs_motif=GGAG/GAGG;rbs_spacer=5-10bp;gc_cont=0.540
NC_004631.1:2831322-2832089|- -            256 62648at91347         -            174   5.3e-26   89.4   0.0   1   1   6.2e-29   7.2e-26   89.0   0.0    18   148    32   167    16   174 0.83 NC_004631.1_2742 # 2831322 # 2832089 # -1 # ID=1_2742;partial=00;start_type=ATG;rbs_motif=GGAG/GAGG;rbs_spacer=5-10bp;gc_cont=0.590
NC_004631.1:3154030-3155148|- -            373 62648at91347         -            174    0.0061   14.3   0.1   1   2   1.5e-05     0.017   12.8   0.1    74   141   130   202   124   210 0.76 NC_004631.1_3055 # 3154030 # 3155148 # -1 # ID=1_3055;partial=00;start_type=ATG;rbs_motif=GGA/GAG/AGG;rbs_spacer=11-12bp;gc_cont=0.543
NC_004631.1:3154030-3155148|- -            373 62648at91347         -            174    0.0061   14.3   0.1   2   2      0.91     1e+03   -2.7   0.0    25    53   282   312   275   321 0.74 NC_004631.1_3055 # 3154030 # 3155148 # -1 # ID=1_3055;partial=00;start_type=ATG;rbs_motif=GGA/GAG/AGG;rbs_spacer=11-12bp;gc_cont=0.543
NC_004631.1:1500712-1501815|- -            368 62648at91347         -            174    0.0065   14.2   0.1   1   2       1.3   1.5e+03   -3.3   0.0    19    40    48    69    42    81 0.73 NC_004631.1_1454 # 1500712 # 1501815 # -1 # ID=1_1454;partial=00;start_type=ATG;rbs_motif=GGA/GAG/AGG;rbs_spacer=5-10bp;gc_cont=0.515
NC_004631.1:1500712-1501815|- -            368 62648at91347         -            174    0.0065   14.2   0.1   2   2   1.1e-05     0.013   13.2   0.1    74   139   133   203    93   220 0.79 NC_004631.1_1454 # 1500712 # 1501815 # -1 # ID=1_1454;partial=00;start_type=ATG;rbs_motif=GGA/GAG/AGG;rbs_spacer=5-10bp;gc_cont=0.515
#
# Program:         hmmsearch
# Version:         3.4 (Aug 2023)
# Pipeline mode:   SEARCH
# Query file:      /Users/dizzler/Projects/School/BIOL4600-Capstone/busco_downloads/lineages/enterobacterales_odb10/hmms/62648at91347.hmm
# Target file:     reports/busco-results/prodigal_output/predicted_genes/predicted.faa
# Option settings: hmmsearch --domtblout reports/busco-results/run_enterobacterales_odb10/hmmer_output/62648at91347.out --cpu 1 /Users/dizzler/Projects/School/BIOL4600-Capstone/busco_downloads/lineages/enterobacterales_odb10/hmms/62648at91347.hmm reports/busco-results/prodigal_output/predicted_genes/predicted.faa 
# Current dir:     /Users/dizzler/Projects/School/BIOL4600-Capstone
# Date:            Sat Feb 21 21:37:19 2026
# [ok]
