#                                                                                     --- full sequence --- -------------- this domain -------------   hmm coord   ali coord   env coord
# target name                 accession   tlen query name           accession   qlen   E-value  score  bias   #  of  c-Evalue  i-Evalue  score  bias  from    to  from    to  from    to  acc description of target
#         ------------------- ---------- ----- -------------------- ---------- ----- --------- ------ ----- --- --- --------- --------- ------ ----- ----- ----- ----- ----- ----- ----- ---- ---------------------
NC_004631.1:387670-389142|+   -            491 13669at91347         -            358  2.3e-153  508.2   0.0   1   2   1.7e-42   5.2e-40  135.3   0.0     1   120     1   158     1   160 0.88 NC_004631.1_343 # 387670 # 389142 # 1 # ID=1_343;partial=00;start_type=ATG;rbs_motif=GGAG/GAGG;rbs_spacer=5-10bp;gc_cont=0.544
NC_004631.1:387670-389142|+   -            491 13669at91347         -            358  2.3e-153  508.2   0.0   2   2  4.3e-114  1.3e-111  370.8   0.0   120   358   202   464   199   464 0.93 NC_004631.1_343 # 387670 # 389142 # 1 # ID=1_343;partial=00;start_type=ATG;rbs_motif=GGAG/GAGG;rbs_spacer=5-10bp;gc_cont=0.544
NC_004631.1:315932-316837|+   -            302 13669at91347         -            358   8.4e-21   72.1   0.0   1   1   3.7e-23   1.2e-20   71.7   0.0   123   275    11   173     7   216 0.79 NC_004631.1_279 # 315932 # 316837 # 1 # ID=1_279;partial=00;start_type=ATG;rbs_motif=GGAG/GAGG;rbs_spacer=5-10bp;gc_cont=0.519
NC_004631.1:3786065-3787429|- -            455 13669at91347         -            358   3.5e-18   63.5   0.0   1   1   1.4e-20   4.4e-18   63.2   0.0   114   232   210   338   158   371 0.81 NC_004631.1_3660 # 3786065 # 3787429 # -1 # ID=1_3660;partial=00;start_type=ATG;rbs_motif=GGA/GAG/AGG;rbs_spacer=5-10bp;gc_cont=0.598
NC_004631.1:4564206-4565486|+ -            427 13669at91347         -            358     1e-10   39.0   0.0   1   1   6.3e-13   1.9e-10   38.1   0.0   118   276   195   362   176   373 0.77 NC_004631.1_4405 # 4564206 # 4565486 # 1 # ID=1_4405;partial=00;start_type=TTG;rbs_motif=GGAG/GAGG;rbs_spacer=5-10bp;gc_cont=0.539
NC_004631.1:4148784-4151102|- -            773 13669at91347         -            358   1.4e-08   31.9   0.8   1   2   2.2e-09   6.7e-07   26.4   0.0     3    49     4    49     2    54 0.92 NC_004631.1_3994 # 4148784 # 4151102 # -1 # ID=1_3994;partial=00;start_type=ATG;rbs_motif=GGA/GAG/AGG;rbs_spacer=5-10bp;gc_cont=0.564
NC_004631.1:4148784-4151102|- -            773 13669at91347         -            358   1.4e-08   31.9   0.8   2   2     0.021       6.5    3.4   0.2   194   237    85   128    81   175 0.82 NC_004631.1_3994 # 4148784 # 4151102 # -1 # ID=1_3994;partial=00;start_type=ATG;rbs_motif=GGA/GAG/AGG;rbs_spacer=5-10bp;gc_cont=0.564
NC_004631.1:3721105-3721737|+ -            211 13669at91347         -            358     9e-08   29.3   0.0   1   1   6.1e-10   1.9e-07   28.2   0.0   120   276    26   198    12   201 0.73 NC_004631.1_3603 # 3721105 # 3721737 # 1 # ID=1_3603;partial=00;start_type=TTG;rbs_motif=GGAG/GAGG;rbs_spacer=5-10bp;gc_cont=0.517
NC_004631.1:1176621-1177712|- -            364 13669at91347         -            358   7.8e-05   19.6   0.0   1   2   5.5e-07   0.00017   18.5   0.0     5    26     5    26     1    45 0.75 NC_004631.1_1097 # 1176621 # 1177712 # -1 # ID=1_1097;partial=00;start_type=ATG;rbs_motif=GGA/GAG/AGG;rbs_spacer=5-10bp;gc_cont=0.527
NC_004631.1:1176621-1177712|- -            364 13669at91347         -            358   7.8e-05   19.6   0.0   2   2       1.8   5.6e+02   -2.9   0.0   236   266   185   215   182   228 0.79 NC_004631.1_1097 # 1176621 # 1177712 # -1 # ID=1_1097;partial=00;start_type=ATG;rbs_motif=GGA/GAG/AGG;rbs_spacer=5-10bp;gc_cont=0.527
NC_004631.1:3310236-3311408|- -            391 13669at91347         -            358   0.00086   16.2   0.0   1   1   4.5e-06    0.0014   15.5   0.0   122   272   161   329   150   341 0.70 NC_004631.1_3211 # 3310236 # 3311408 # -1 # ID=1_3211;partial=00;start_type=ATG;rbs_motif=GGAG/GAGG;rbs_spacer=5-10bp;gc_cont=0.549
NC_004631.1:3294916-3297594|- -            893 13669at91347         -            358    0.0036   14.1   0.0   1   2   3.9e-05     0.012   12.4   0.0   192   272   461   551   391   566 0.64 NC_004631.1_3198 # 3294916 # 3297594 # -1 # ID=1_3198;partial=00;start_type=ATG;rbs_motif=AGGA;rbs_spacer=5-10bp;gc_cont=0.554
NC_004631.1:3294916-3297594|- -            893 13669at91347         -            358    0.0036   14.1   0.0   2   2       1.6   5.1e+02   -2.8   0.0    49    98   726   782   704   801 0.63 NC_004631.1_3198 # 3294916 # 3297594 # -1 # ID=1_3198;partial=00;start_type=ATG;rbs_motif=AGGA;rbs_spacer=5-10bp;gc_cont=0.554
NC_004631.1:74013-74834|+     -            274 13669at91347         -            358    0.0068   13.2   0.0   1   1     3e-05    0.0094   12.8   0.0    39   114    92   165    84   173 0.82 NC_004631.1_66 # 74013 # 74834 # 1 # ID=1_66;partial=00;start_type=ATG;rbs_motif=GGA/GAG/AGG;rbs_spacer=5-10bp;gc_cont=0.567
NC_004631.1:1917861-1919768|- -            636 13669at91347         -            358     0.014   12.2   0.1   1   2   0.00065       0.2    8.4   0.0   118   143    27    52    20    61 0.78 NC_004631.1_1862 # 1917861 # 1919768 # -1 # ID=1_1862;partial=00;start_type=ATG;rbs_motif=AGGA;rbs_spacer=5-10bp;gc_cont=0.530
NC_004631.1:1917861-1919768|- -            636 13669at91347         -            358     0.014   12.2   0.1   2   2     0.094        29    1.3   0.0   121   143   346   368   334   379 0.81 NC_004631.1_1862 # 1917861 # 1919768 # -1 # ID=1_1862;partial=00;start_type=ATG;rbs_motif=AGGA;rbs_spacer=5-10bp;gc_cont=0.530
NC_004631.1:4553122-4554174|- -            351 13669at91347         -            358     0.016   12.0   0.5   1   2     0.028       8.8    3.0   0.1   225   267   156   201   120   210 0.75 NC_004631.1_4395 # 4553122 # 4554174 # -1 # ID=1_4395;partial=00;start_type=TTG;rbs_motif=AGGAG;rbs_spacer=5-10bp;gc_cont=0.533
NC_004631.1:4553122-4554174|- -            351 13669at91347         -            358     0.016   12.0   0.5   2   2   0.00058      0.18    8.6   0.1   104   147   189   234   172   244 0.66 NC_004631.1_4395 # 4553122 # 4554174 # -1 # ID=1_4395;partial=00;start_type=TTG;rbs_motif=AGGAG;rbs_spacer=5-10bp;gc_cont=0.533
NC_004631.1:2756502-2760158|+ -           1219 13669at91347         -            358     0.022   11.6   1.2   1   3     0.065        20    1.8   0.0   122   137   369   384   358   391 0.72 NC_004631.1_2669 # 2756502 # 2760158 # 1 # ID=1_2669;partial=00;start_type=ATG;rbs_motif=AGGAG;rbs_spacer=5-10bp;gc_cont=0.589
NC_004631.1:2756502-2760158|+ -           1219 13669at91347         -            358     0.022   11.6   1.2   2   3    0.0036       1.1    6.0   0.1   123   140   997  1014   991  1017 0.70 NC_004631.1_2669 # 2756502 # 2760158 # 1 # ID=1_2669;partial=00;start_type=ATG;rbs_motif=AGGAG;rbs_spacer=5-10bp;gc_cont=0.589
NC_004631.1:2756502-2760158|+ -           1219 13669at91347         -            358     0.022   11.6   1.2   3   3      0.21        64    0.2   0.0    23    55  1153  1184  1146  1190 0.84 NC_004631.1_2669 # 2756502 # 2760158 # 1 # ID=1_2669;partial=00;start_type=ATG;rbs_motif=AGGAG;rbs_spacer=5-10bp;gc_cont=0.589
NC_004631.1:2109933-2111528|- -            532 13669at91347         -            358     0.024   11.4   1.1   1   2      0.66     2e+02   -1.5   0.1   125   138    32    45    29    50 0.60 NC_004631.1_2050 # 2109933 # 2111528 # -1 # ID=1_2050;partial=00;start_type=GTG;rbs_motif=AGGA;rbs_spacer=5-10bp;gc_cont=0.528
NC_004631.1:2109933-2111528|- -            532 13669at91347         -            358     0.024   11.4   1.1   2   2   0.00017     0.052   10.3   0.1   112   142   337   367   334   370 0.91 NC_004631.1_2050 # 2109933 # 2111528 # -1 # ID=1_2050;partial=00;start_type=GTG;rbs_motif=AGGA;rbs_spacer=5-10bp;gc_cont=0.528
NC_004631.1:4202412-4204319|- -            636 13669at91347         -            358     0.044   10.6   0.5   1   2    0.0096         3    4.6   0.1   122   140    29    47    11    58 0.68 NC_004631.1_4043 # 4202412 # 4204319 # -1 # ID=1_4043;partial=00;start_type=ATG;rbs_motif=None;rbs_spacer=None;gc_cont=0.576
NC_004631.1:4202412-4204319|- -            636 13669at91347         -            358     0.044   10.6   0.5   2   2     0.015       4.7    3.9   0.1   122   142   340   360   331   364 0.79 NC_004631.1_4043 # 4202412 # 4204319 # -1 # ID=1_4043;partial=00;start_type=ATG;rbs_motif=None;rbs_spacer=None;gc_cont=0.576
#
# Program:         hmmsearch
# Version:         3.4 (Aug 2023)
# Pipeline mode:   SEARCH
# Query file:      /Users/dizzler/Projects/School/BIOL4600-Capstone/busco_downloads/lineages/enterobacterales_odb10/hmms/13669at91347.hmm
# Target file:     reports/busco-results/GCF_000007545.1_ASM754v1_genomic.fna/prodigal_output/predicted_genes/predicted.faa
# Option settings: hmmsearch --domtblout reports/busco-results/GCF_000007545.1_ASM754v1_genomic.fna/run_enterobacterales_odb10/hmmer_output/13669at91347.out --cpu 1 /Users/dizzler/Projects/School/BIOL4600-Capstone/busco_downloads/lineages/enterobacterales_odb10/hmms/13669at91347.hmm reports/busco-results/GCF_000007545.1_ASM754v1_genomic.fna/prodigal_output/predicted_genes/predicted.faa 
# Current dir:     /Users/dizzler/Projects/School/BIOL4600-Capstone
# Date:            Sat Feb 21 23:14:40 2026
# [ok]
