#                                                                                     --- full sequence --- -------------- this domain -------------   hmm coord   ali coord   env coord
# target name                 accession   tlen query name           accession   qlen   E-value  score  bias   #  of  c-Evalue  i-Evalue  score  bias  from    to  from    to  from    to  acc description of target
#         ------------------- ---------- ----- -------------------- ---------- ----- --------- ------ ----- --- --- --------- --------- ------ ----- ----- ----- ----- ----- ----- ----- ---- ---------------------
NC_004631.1:2499173-2500537|+ -            455 26452at91347         -            382  6.5e-174  576.2  29.9   1   1  1.2e-172  1.6e-170  565.0  29.9     1   382     1   449     1   449 0.89 NC_004631.1_2430 # 2499173 # 2500537 # 1 # ID=1_2430;partial=00;start_type=ATG;rbs_motif=GGAG/GAGG;rbs_spacer=5-10bp;gc_cont=0.555
NC_004631.1:714654-715844|+   -            397 26452at91347         -            382   1.1e-15   55.3  16.7   1   1   7.9e-18   1.1e-15   55.3  16.7    10   190     9   190     1   222 0.83 NC_004631.1_636 # 714654 # 715844 # 1 # ID=1_636;partial=00;start_type=GTG;rbs_motif=AGGAG;rbs_spacer=5-10bp;gc_cont=0.538
NC_004631.1:1360078-1361283|- -            402 26452at91347         -            382   2.6e-15   54.1   3.9   1   2   1.9e-17   2.6e-15   54.1   3.9    22   192    17   188     1   221 0.87 NC_004631.1_1292 # 1360078 # 1361283 # -1 # ID=1_1292;partial=00;start_type=ATG;rbs_motif=GGA/GAG/AGG;rbs_spacer=5-10bp;gc_cont=0.544
NC_004631.1:1360078-1361283|- -            402 26452at91347         -            382   2.6e-15   54.1   3.9   2   2       1.4   1.9e+02   -1.4   0.4   203   224   339   360   291   379 0.56 NC_004631.1_1292 # 1360078 # 1361283 # -1 # ID=1_1292;partial=00;start_type=ATG;rbs_motif=GGA/GAG/AGG;rbs_spacer=5-10bp;gc_cont=0.544
NC_004631.1:3833345-3834529|- -            395 26452at91347         -            382   3.7e-14   50.3   5.0   1   2   2.6e-16   3.7e-14   50.3   5.0    14   173    11   171     1   189 0.76 NC_004631.1_3702 # 3833345 # 3834529 # -1 # ID=1_3702;partial=00;start_type=ATG;rbs_motif=None;rbs_spacer=None;gc_cont=0.583
NC_004631.1:3833345-3834529|- -            395 26452at91347         -            382   3.7e-14   50.3   5.0   2   2       8.7   1.2e+03   -4.0   0.3   316   335   231   245   221   254 0.46 NC_004631.1_3702 # 3833345 # 3834529 # -1 # ID=1_3702;partial=00;start_type=ATG;rbs_motif=None;rbs_spacer=None;gc_cont=0.583
NC_004631.1:3784695-3785882|- -            396 26452at91347         -            382   4.3e-13   46.8  12.6   1   2     3e-15   4.3e-13   46.8  12.6    26   187    18   180     3   304 0.78 NC_004631.1_3659 # 3784695 # 3785882 # -1 # ID=1_3659;partial=00;start_type=ATG;rbs_motif=GGAG/GAGG;rbs_spacer=5-10bp;gc_cont=0.554
NC_004631.1:3784695-3785882|- -            396 26452at91347         -            382   4.3e-13   46.8  12.6   2   2      0.36        51    0.5   0.4   159   190   349   383   327   390 0.64 NC_004631.1_3659 # 3784695 # 3785882 # -1 # ID=1_3659;partial=00;start_type=ATG;rbs_motif=GGAG/GAGG;rbs_spacer=5-10bp;gc_cont=0.554
NC_004631.1:4718906-4720147|- -            414 26452at91347         -            382   9.9e-12   42.3  11.6   1   1   1.3e-13   1.8e-11   41.5  11.6    52   191    56   197    46   276 0.92 NC_004631.1_4561 # 4718906 # 4720147 # -1 # ID=1_4561;partial=00;start_type=ATG;rbs_motif=GGAG/GAGG;rbs_spacer=5-10bp;gc_cont=0.572
NC_004631.1:1451133-1452386|- -            418 26452at91347         -            382   1.6e-11   41.7  18.1   1   2     1e-10   1.5e-08   31.9   8.3    30   205    58   231    34   261 0.80 NC_004631.1_1400 # 1451133 # 1452386 # -1 # ID=1_1400;partial=00;start_type=GTG;rbs_motif=AGGA;rbs_spacer=5-10bp;gc_cont=0.551
NC_004631.1:1451133-1452386|- -            418 26452at91347         -            382   1.6e-11   41.7  18.1   2   2   1.2e-05    0.0017   15.2   2.2   259   328   317   385   294   399 0.86 NC_004631.1_1400 # 1451133 # 1452386 # -1 # ID=1_1400;partial=00;start_type=GTG;rbs_motif=AGGA;rbs_spacer=5-10bp;gc_cont=0.551
NC_004631.1:2405549-2406796|- -            416 26452at91347         -            382   1.9e-11   41.4  26.9   1   2     4e-13   5.7e-11   39.8  12.8    29   184    32   192     8   209 0.81 NC_004631.1_2339 # 2405549 # 2406796 # -1 # ID=1_2339;partial=00;start_type=ATG;rbs_motif=GGA/GAG/AGG;rbs_spacer=5-10bp;gc_cont=0.460
NC_004631.1:2405549-2406796|- -            416 26452at91347         -            382   1.9e-11   41.4  26.9   2   2    0.0027      0.37    7.5   6.1    17   190   228   407   214   414 0.71 NC_004631.1_2339 # 2405549 # 2406796 # -1 # ID=1_2339;partial=00;start_type=ATG;rbs_motif=GGA/GAG/AGG;rbs_spacer=5-10bp;gc_cont=0.460
NC_004631.1:1818639-1819847|+ -            403 26452at91347         -            382   3.1e-10   37.4  15.7   1   1   1.3e-11   1.8e-09   34.9  15.7    22   329    21   358    10   367 0.73 NC_004631.1_1758 # 1818639 # 1819847 # 1 # ID=1_1758;partial=00;start_type=ATG;rbs_motif=GGAGG;rbs_spacer=3-4bp;gc_cont=0.565
NC_004631.1:2086937-2088169|- -            411 26452at91347         -            382   3.2e-10   37.4   3.9   1   2   2.3e-12   3.2e-10   37.4   3.9    60   200    65   207    48   255 0.83 NC_004631.1_2031 # 2086937 # 2088169 # -1 # ID=1_2031;partial=00;start_type=ATG;rbs_motif=GGA/GAG/AGG;rbs_spacer=5-10bp;gc_cont=0.549
NC_004631.1:2086937-2088169|- -            411 26452at91347         -            382   3.2e-10   37.4   3.9   2   2       1.1   1.6e+02   -1.1   0.6    87    98   295   306   257   397 0.68 NC_004631.1_2031 # 2086937 # 2088169 # -1 # ID=1_2031;partial=00;start_type=ATG;rbs_motif=GGA/GAG/AGG;rbs_spacer=5-10bp;gc_cont=0.549
NC_004631.1:1508319-1509560|- -            414 26452at91347         -            382   4.1e-10   37.0  12.3   1   2   2.9e-12   4.1e-10   37.0  12.3    16   216    25   226    12   248 0.79 NC_004631.1_1460 # 1508319 # 1509560 # -1 # ID=1_1460;partial=00;start_type=ATG;rbs_motif=GGA/GAG/AGG;rbs_spacer=5-10bp;gc_cont=0.498
NC_004631.1:1508319-1509560|- -            414 26452at91347         -            382   4.1e-10   37.0  12.3   2   2       8.3   1.2e+03   -4.0  12.1   232   341   273   390   270   412 0.52 NC_004631.1_1460 # 1508319 # 1509560 # -1 # ID=1_1460;partial=00;start_type=ATG;rbs_motif=GGA/GAG/AGG;rbs_spacer=5-10bp;gc_cont=0.498
NC_004631.1:822836-824248|-   -            471 26452at91347         -            382     1e-09   35.7  10.1   1   1   7.1e-12     1e-09   35.7  10.1    49   211    47   211     7   216 0.83 NC_004631.1_742 # 822836 # 824248 # -1 # ID=1_742;partial=00;start_type=ATG;rbs_motif=AGxAG;rbs_spacer=3-4bp;gc_cont=0.541
NC_004631.1:1847804-1849084|- -            427 26452at91347         -            382   1.8e-09   34.9   1.3   1   3   1.3e-11   1.8e-09   34.9   1.3    67   194    73   201    69   251 0.79 NC_004631.1_1791 # 1847804 # 1849084 # -1 # ID=1_1791;partial=00;start_type=GTG;rbs_motif=GGA/GAG/AGG;rbs_spacer=5-10bp;gc_cont=0.451
NC_004631.1:1847804-1849084|- -            427 26452at91347         -            382   1.8e-09   34.9   1.3   2   3     0.029         4    4.1   0.1    64    89   283   308   272   336 0.86 NC_004631.1_1791 # 1847804 # 1849084 # -1 # ID=1_1791;partial=00;start_type=GTG;rbs_motif=GGA/GAG/AGG;rbs_spacer=5-10bp;gc_cont=0.451
NC_004631.1:1847804-1849084|- -            427 26452at91347         -            382   1.8e-09   34.9   1.3   3   3       2.6   3.6e+02   -2.3   0.1   145   181   390   405   371   418 0.49 NC_004631.1_1791 # 1847804 # 1849084 # -1 # ID=1_1791;partial=00;start_type=GTG;rbs_motif=GGA/GAG/AGG;rbs_spacer=5-10bp;gc_cont=0.451
NC_004631.1:3094519-3095913|+ -            465 26452at91347         -            382   2.9e-09   34.2  24.1   1   2     7e-08   9.9e-06   22.6   6.3    65   160    70   167    58   197 0.73 NC_004631.1_2994 # 3094519 # 3095913 # 1 # ID=1_2994;partial=00;start_type=ATG;rbs_motif=GGAGG;rbs_spacer=5-10bp;gc_cont=0.552
NC_004631.1:3094519-3095913|+ -            465 26452at91347         -            382   2.9e-09   34.2  24.1   2   2   1.4e-05     0.002   15.0   9.8    55   202   295   453   249   456 0.71 NC_004631.1_2994 # 3094519 # 3095913 # 1 # ID=1_2994;partial=00;start_type=ATG;rbs_motif=GGAGG;rbs_spacer=5-10bp;gc_cont=0.552
NC_004631.1:3735760-3736242|+ -            161 26452at91347         -            382   4.9e-09   33.5   0.5   1   1   4.9e-11   6.8e-09   33.0   0.5    51   117    50   116     4   132 0.83 NC_004631.1_3613 # 3735760 # 3736242 # 1 # ID=1_3613;partial=00;start_type=ATG;rbs_motif=AGGA;rbs_spacer=5-10bp;gc_cont=0.553
NC_004631.1:3018653-3020068|- -            472 26452at91347         -            382     2e-08   31.5  21.5   1   2   9.7e-09   1.4e-06   25.4   6.5    61   184    72   197    33   219 0.87 NC_004631.1_2918 # 3018653 # 3020068 # -1 # ID=1_2918;partial=00;start_type=ATG;rbs_motif=GGA/GAG/AGG;rbs_spacer=5-10bp;gc_cont=0.523
NC_004631.1:3018653-3020068|- -            472 26452at91347         -            382     2e-08   31.5  21.5   2   2   0.00055     0.078    9.8   7.0    68   201   314   461   257   466 0.72 NC_004631.1_2918 # 3018653 # 3020068 # -1 # ID=1_2918;partial=00;start_type=ATG;rbs_motif=GGA/GAG/AGG;rbs_spacer=5-10bp;gc_cont=0.523
NC_004631.1:1828446-1829660|+ -            405 26452at91347         -            382   4.3e-08   30.4  26.1   1   2   1.4e-07   1.9e-05   21.6  10.0    29   190    30   196    10   226 0.79 NC_004631.1_1770 # 1828446 # 1829660 # 1 # ID=1_1770;partial=00;start_type=ATG;rbs_motif=GGA/GAG/AGG;rbs_spacer=5-10bp;gc_cont=0.548
NC_004631.1:1828446-1829660|+ -            405 26452at91347         -            382   4.3e-08   30.4  26.1   2   2   3.4e-05    0.0047   13.8   9.4    12   174   218   385   209   393 0.74 NC_004631.1_1770 # 1828446 # 1829660 # 1 # ID=1_1770;partial=00;start_type=ATG;rbs_motif=GGA/GAG/AGG;rbs_spacer=5-10bp;gc_cont=0.548
NC_004631.1:563921-565099|+   -            393 26452at91347         -            382   1.3e-07   28.8  21.9   1   2   5.1e-05    0.0072   13.2   4.2    22   177    26   191     8   207 0.76 NC_004631.1_498 # 563921 # 565099 # 1 # ID=1_498;partial=00;start_type=ATG;rbs_motif=GGAG/GAGG;rbs_spacer=5-10bp;gc_cont=0.608
NC_004631.1:563921-565099|+   -            393 26452at91347         -            382   1.3e-07   28.8  21.9   2   2   2.3e-07   3.2e-05   20.9   8.7    47   183   249   387   233   389 0.82 NC_004631.1_498 # 563921 # 565099 # 1 # ID=1_498;partial=00;start_type=ATG;rbs_motif=GGAG/GAGG;rbs_spacer=5-10bp;gc_cont=0.608
NC_004631.1:1487159-1488349|- -            397 26452at91347         -            382   2.7e-07   27.7  14.5   1   3   1.9e-09   2.7e-07   27.7  14.5    45   229    46   230    16   237 0.86 NC_004631.1_1438 # 1487159 # 1488349 # -1 # ID=1_1438;partial=00;start_type=ATG;rbs_motif=None;rbs_spacer=None;gc_cont=0.529
NC_004631.1:1487159-1488349|- -            397 26452at91347         -            382   2.7e-07   27.7  14.5   2   3       7.8   1.1e+03   -3.9   4.4   154   215   233   291   215   326 0.55 NC_004631.1_1438 # 1487159 # 1488349 # -1 # ID=1_1438;partial=00;start_type=ATG;rbs_motif=None;rbs_spacer=None;gc_cont=0.529
NC_004631.1:1487159-1488349|- -            397 26452at91347         -            382   2.7e-07   27.7  14.5   3   3         6   8.4e+02   -3.5   4.3   253   322   277   351   248   368 0.52 NC_004631.1_1438 # 1487159 # 1488349 # -1 # ID=1_1438;partial=00;start_type=ATG;rbs_motif=None;rbs_spacer=None;gc_cont=0.529
NC_004631.1:2552804-2554003|- -            400 26452at91347         -            382   2.8e-07   27.7  26.6   1   1   1.1e-06   0.00015   18.7  26.7    27   331    22   363     6   391 0.68 NC_004631.1_2487 # 2552804 # 2554003 # -1 # ID=1_2487;partial=00;start_type=ATG;rbs_motif=GGA/GAG/AGG;rbs_spacer=3-4bp;gc_cont=0.522
NC_004631.1:2543539-2544144|+ -            202 26452at91347         -            382   5.6e-07   26.7  12.8   1   1   4.9e-09   6.8e-07   26.4  12.8    28   199    20   192     2   197 0.85 NC_004631.1_2473 # 2543539 # 2544144 # 1 # ID=1_2473;partial=00;start_type=ATG;rbs_motif=GGA/GAG/AGG;rbs_spacer=3-4bp;gc_cont=0.556
NC_004631.1:2798192-2799376|+ -            395 26452at91347         -            382   2.3e-06   24.7  10.5   1   3   1.6e-08   2.3e-06   24.7  10.5    58   214    60   213    11   255 0.79 NC_004631.1_2711 # 2798192 # 2799376 # 1 # ID=1_2711;partial=00;start_type=ATG;rbs_motif=None;rbs_spacer=None;gc_cont=0.592
NC_004631.1:2798192-2799376|+ -            395 26452at91347         -            382   2.3e-06   24.7  10.5   2   3       1.3   1.8e+02   -1.3   0.2    54   106   254   307   244   336 0.67 NC_004631.1_2711 # 2798192 # 2799376 # 1 # ID=1_2711;partial=00;start_type=ATG;rbs_motif=None;rbs_spacer=None;gc_cont=0.592
NC_004631.1:2798192-2799376|+ -            395 26452at91347         -            382   2.3e-06   24.7  10.5   3   3      0.97   1.4e+02   -0.9   0.6   290   324   323   356   270   369 0.62 NC_004631.1_2711 # 2798192 # 2799376 # 1 # ID=1_2711;partial=00;start_type=ATG;rbs_motif=None;rbs_spacer=None;gc_cont=0.592
NC_004631.1:1533195-1534682|- -            496 26452at91347         -            382     3e-06   24.3  22.6   1   2   2.1e-08     3e-06   24.3  22.6    37   293    32   289     7   348 0.66 NC_004631.1_1484 # 1533195 # 1534682 # -1 # ID=1_1484;partial=00;start_type=ATG;rbs_motif=GGA/GAG/AGG;rbs_spacer=5-10bp;gc_cont=0.579
NC_004631.1:1533195-1534682|- -            496 26452at91347         -            382     3e-06   24.3  22.6   2   2       3.4   4.8e+02   -2.7   0.2   280   329   361   412   354   420 0.63 NC_004631.1_1484 # 1533195 # 1534682 # -1 # ID=1_1484;partial=00;start_type=ATG;rbs_motif=GGA/GAG/AGG;rbs_spacer=5-10bp;gc_cont=0.579
NC_004631.1:761598-762956|+   -            453 26452at91347         -            382   5.4e-06   23.4   0.7   1   1   3.9e-08   5.4e-06   23.4   0.7    67   188    77   200    65   213 0.89 NC_004631.1_681 # 761598 # 762956 # 1 # ID=1_681;partial=00;start_type=ATG;rbs_motif=GGAG/GAGG;rbs_spacer=5-10bp;gc_cont=0.589
NC_004631.1:2586391-2587644|- -            418 26452at91347         -            382   6.1e-06   23.3  17.7   1   2   3.2e-06   0.00045   17.1   9.0    12   219    14   226     6   241 0.78 NC_004631.1_2514 # 2586391 # 2587644 # -1 # ID=1_2514;partial=00;start_type=ATG;rbs_motif=AGGA;rbs_spacer=5-10bp;gc_cont=0.540
NC_004631.1:2586391-2587644|- -            418 26452at91347         -            382   6.1e-06   23.3  17.7   2   2   0.00038     0.053   10.3   2.4    47    85   250   288   210   313 0.82 NC_004631.1_2514 # 2586391 # 2587644 # -1 # ID=1_2514;partial=00;start_type=ATG;rbs_motif=AGGA;rbs_spacer=5-10bp;gc_cont=0.540
NC_004631.1:1120389-1120817|- -            143 26452at91347         -            382   4.3e-05   20.5   4.1   1   1   3.6e-07     5e-05   20.3   4.1    53   133    31   112    11   140 0.70 NC_004631.1_1037 # 1120389 # 1120817 # -1 # ID=1_1037;partial=00;start_type=ATG;rbs_motif=None;rbs_spacer=None;gc_cont=0.527
NC_004631.1:2684169-2685344|- -            392 26452at91347         -            382     9e-05   19.4  13.8   1   1   6.4e-07     9e-05   19.4  13.8    28   189    20   182     8   211 0.84 NC_004631.1_2612 # 2684169 # 2685344 # -1 # ID=1_2612;partial=00;start_type=ATG;rbs_motif=GGAG/GAGG;rbs_spacer=5-10bp;gc_cont=0.557
NC_004631.1:3941512-3941910|- -            133 26452at91347         -            382   0.00021   18.2   1.0   1   1   1.7e-06   0.00024   18.0   1.0    30    81    35    82     5   122 0.64 NC_004631.1_3812 # 3941512 # 3941910 # -1 # ID=1_3812;partial=00;start_type=ATG;rbs_motif=AGGAG;rbs_spacer=5-10bp;gc_cont=0.451
NC_004631.1:2801719-2803257|+ -            513 26452at91347         -            382   0.00024   18.0   3.8   1   2   1.7e-06   0.00024   18.0   3.8    53   214    55   220    45   223 0.73 NC_004631.1_2714 # 2801719 # 2803257 # 1 # ID=1_2714;partial=00;start_type=ATG;rbs_motif=GGAG/GAGG;rbs_spacer=5-10bp;gc_cont=0.570
NC_004631.1:2801719-2803257|+ -            513 26452at91347         -            382   0.00024   18.0   3.8   2   2      0.98   1.4e+02   -0.9   5.0   170   253   234   324   228   355 0.66 NC_004631.1_2714 # 2801719 # 2803257 # 1 # ID=1_2714;partial=00;start_type=ATG;rbs_motif=GGAG/GAGG;rbs_spacer=5-10bp;gc_cont=0.570
NC_004631.1:660651-661868|+   -            406 26452at91347         -            382    0.0036   14.2  31.6   1   2   1.1e-05    0.0016   15.3  13.3    11   191    17   200     7   232 0.79 NC_004631.1_588 # 660651 # 661868 # 1 # ID=1_588;partial=00;start_type=GTG;rbs_motif=GGA/GAG/AGG;rbs_spacer=5-10bp;gc_cont=0.494
NC_004631.1:660651-661868|+   -            406 26452at91347         -            382    0.0036   14.2  31.6   2   2     0.049       6.9    3.4  11.7    55   177   258   382   221   393 0.80 NC_004631.1_588 # 660651 # 661868 # 1 # ID=1_588;partial=00;start_type=GTG;rbs_motif=GGA/GAG/AGG;rbs_spacer=5-10bp;gc_cont=0.494
NC_004631.1:3346518-3348008|- -            497 26452at91347         -            382    0.0068   13.2  16.5   1   2     1e-05    0.0014   15.5  10.8    66   338    74   349    66   369 0.74 NC_004631.1_3249 # 3346518 # 3348008 # -1 # ID=1_3249;partial=00;start_type=ATG;rbs_motif=GGAG/GAGG;rbs_spacer=5-10bp;gc_cont=0.549
NC_004631.1:3346518-3348008|- -            497 26452at91347         -            382    0.0068   13.2  16.5   2   2      0.78   1.1e+02   -0.6   0.1   148   190   416   459   395   463 0.72 NC_004631.1_3249 # 3346518 # 3348008 # -1 # ID=1_3249;partial=00;start_type=ATG;rbs_motif=GGAG/GAGG;rbs_spacer=5-10bp;gc_cont=0.549
NC_004631.1:2889604-2890812|- -            403 26452at91347         -            382     0.051   10.4  22.6   1   2   8.2e-05     0.012   12.5  14.2    10   222     5   215     1   227 0.78 NC_004631.1_2801 # 2889604 # 2890812 # -1 # ID=1_2801;partial=00;start_type=ATG;rbs_motif=GGAGG;rbs_spacer=5-10bp;gc_cont=0.542
NC_004631.1:2889604-2890812|- -            403 26452at91347         -            382     0.051   10.4  22.6   2   2      0.59        83   -0.2   5.7    15    95   205   286   199   324 0.71 NC_004631.1_2801 # 2889604 # 2890812 # -1 # ID=1_2801;partial=00;start_type=ATG;rbs_motif=GGAGG;rbs_spacer=5-10bp;gc_cont=0.542
NC_004631.1:1482671-1483858|- -            396 26452at91347         -            382      0.26    8.0  26.2   1   1    0.0026      0.36    7.6  25.2    13   235     9   237     1   372 0.76 NC_004631.1_1432 # 1482671 # 1483858 # -1 # ID=1_1432;partial=00;start_type=ATG;rbs_motif=GGA/GAG/AGG;rbs_spacer=5-10bp;gc_cont=0.519
#
# Program:         hmmsearch
# Version:         3.4 (Aug 2023)
# Pipeline mode:   SEARCH
# Query file:      /Users/dizzler/Projects/School/BIOL4600-Capstone/databases/lineages/enterobacterales_odb10/hmms/26452at91347.hmm
# Target file:     /Users/dizzler/Projects/School/BIOL4600-Capstone/reports/busco-results/GCF_000007545.1_ASM754v1_genomic.fna/prodigal_output/predicted_genes/predicted.faa
# Option settings: hmmsearch --domtblout /Users/dizzler/Projects/School/BIOL4600-Capstone/reports/busco-results/GCF_000007545.1_ASM754v1_genomic.fna/run_enterobacterales_odb10/hmmer_output/26452at91347.out --cpu 1 /Users/dizzler/Projects/School/BIOL4600-Capstone/databases/lineages/enterobacterales_odb10/hmms/26452at91347.hmm /Users/dizzler/Projects/School/BIOL4600-Capstone/reports/busco-results/GCF_000007545.1_ASM754v1_genomic.fna/prodigal_output/predicted_genes/predicted.faa 
# Current dir:     /Users/dizzler/Projects/School/BIOL4600-Capstone
# Date:            Wed Feb 25 22:54:56 2026
# [ok]
