#                                                                                     --- full sequence --- -------------- this domain -------------   hmm coord   ali coord   env coord
# target name                 accession   tlen query name           accession   qlen   E-value  score  bias   #  of  c-Evalue  i-Evalue  score  bias  from    to  from    to  from    to  acc description of target
#         ------------------- ---------- ----- -------------------- ---------- ----- --------- ------ ----- --- --- --------- --------- ------ ----- ----- ----- ----- ----- ----- ----- ---- ---------------------
NC_004631.1:263868-264656|+   -            263 53337at91347         -            235  6.6e-135  445.8   5.4   1   1    1e-137    8e-135  445.6   5.4     2   225     7   240     6   255 0.97 NC_004631.1_231 # 263868 # 264656 # 1 # ID=1_231;partial=00;start_type=GTG;rbs_motif=GGAGG;rbs_spacer=5-10bp;gc_cont=0.531
NC_004631.1:262278-263303|+   -            342 53337at91347         -            235   1.6e-14   51.8  17.5   1   2     0.033        25    2.1   0.1    14    38   104   128    96   134 0.65 NC_004631.1_229 # 262278 # 263303 # 1 # ID=1_229;partial=00;start_type=ATG;rbs_motif=GGA/GAG/AGG;rbs_spacer=11-12bp;gc_cont=0.519
NC_004631.1:262278-263303|+   -            342 53337at91347         -            235   1.6e-14   51.8  17.5   2   2   7.8e-17     6e-14   49.9  16.6    12   171   132   295   116   313 0.84 NC_004631.1_229 # 262278 # 263303 # 1 # ID=1_229;partial=00;start_type=ATG;rbs_motif=GGA/GAG/AGG;rbs_spacer=11-12bp;gc_cont=0.519
NC_004631.1:2460287-2460838|+ -            184 53337at91347         -            235   1.4e-05   22.6   1.8   1   1   3.1e-08   2.4e-05   21.8   1.7   102   183    97   178    90   181 0.79 NC_004631.1_2391 # 2460287 # 2460838 # 1 # ID=1_2391;partial=00;start_type=ATG;rbs_motif=GGAG/GAGG;rbs_spacer=5-10bp;gc_cont=0.495
NC_004631.1:246289-247113|-   -            275 53337at91347         -            235    0.0046   14.3   2.4   1   2   0.00025      0.19    9.0   2.3     2    95   110   203   104   206 0.74 NC_004631.1_216 # 246289 # 247113 # -1 # ID=1_216;partial=00;start_type=ATG;rbs_motif=GGA/GAG/AGG;rbs_spacer=5-10bp;gc_cont=0.541
NC_004631.1:246289-247113|-   -            275 53337at91347         -            235    0.0046   14.3   2.4   2   2   0.00036      0.28    8.5   0.2    12    55   174   217   166   227 0.88 NC_004631.1_216 # 246289 # 247113 # -1 # ID=1_216;partial=00;start_type=ATG;rbs_motif=GGA/GAG/AGG;rbs_spacer=5-10bp;gc_cont=0.541
NC_004631.1:4241114-4241668|- -            185 53337at91347         -            235    0.0093   13.3   3.6   1   1   3.2e-05     0.025   11.9   3.6    27   153    14   134    13   149 0.67 NC_004631.1_4103 # 4241114 # 4241668 # -1 # ID=1_4103;partial=00;start_type=ATG;rbs_motif=GGAG/GAGG;rbs_spacer=5-10bp;gc_cont=0.510
NC_004631.1:3939696-3940517|+ -            274 53337at91347         -            235     0.071   10.4   2.5   1   1   0.00022      0.17    9.2   2.5   112   186   169   245   127   248 0.71 NC_004631.1_3810 # 3939696 # 3940517 # 1 # ID=1_3810;partial=00;start_type=ATG;rbs_motif=GGAG/GAGG;rbs_spacer=5-10bp;gc_cont=0.561
#
# Program:         hmmsearch
# Version:         3.4 (Aug 2023)
# Pipeline mode:   SEARCH
# Query file:      /Users/dizzler/Projects/School/BIOL4600-Capstone/databases/lineages/enterobacterales_odb10/hmms/53337at91347.hmm
# Target file:     /Users/dizzler/Projects/School/BIOL4600-Capstone/reports/busco-results/GCF_000007545.1_ASM754v1_genomic.fna/prodigal_output/predicted_genes/predicted.faa
# Option settings: hmmsearch --domtblout /Users/dizzler/Projects/School/BIOL4600-Capstone/reports/busco-results/GCF_000007545.1_ASM754v1_genomic.fna/run_enterobacterales_odb10/hmmer_output/53337at91347.out --cpu 1 /Users/dizzler/Projects/School/BIOL4600-Capstone/databases/lineages/enterobacterales_odb10/hmms/53337at91347.hmm /Users/dizzler/Projects/School/BIOL4600-Capstone/reports/busco-results/GCF_000007545.1_ASM754v1_genomic.fna/prodigal_output/predicted_genes/predicted.faa 
# Current dir:     /Users/dizzler/Projects/School/BIOL4600-Capstone
# Date:            Wed Feb 25 22:54:56 2026
# [ok]
