#                                                                                     --- full sequence --- -------------- this domain -------------   hmm coord   ali coord   env coord
# target name                 accession   tlen query name           accession   qlen   E-value  score  bias   #  of  c-Evalue  i-Evalue  score  bias  from    to  from    to  from    to  acc description of target
#         ------------------- ---------- ----- -------------------- ---------- ----- --------- ------ ----- --- --- --------- --------- ------ ----- ----- ----- ----- ----- ----- ----- ---- ---------------------
NC_004631.1:2696651-2697631|- -            327 56764at91347         -            265  2.3e-138  458.1   4.4   1   1  4.4e-139  3.4e-136  451.0   4.4     1   264    15   314    15   315 0.92 NC_004631.1_2618 # 2696651 # 2697631 # -1 # ID=1_2618;partial=00;start_type=ATG;rbs_motif=AGxAG;rbs_spacer=5-10bp;gc_cont=0.534
NC_004631.1:1797105-1798148|- -            348 56764at91347         -            265     8e-43  144.9   0.1   1   2     0.011       8.8    3.8   0.1     2    37    46    81    45    99 0.82 NC_004631.1_1737 # 1797105 # 1798148 # -1 # ID=1_1737;partial=00;start_type=ATG;rbs_motif=None;rbs_spacer=None;gc_cont=0.537
NC_004631.1:1797105-1798148|- -            348 56764at91347         -            265     8e-43  144.9   0.1   2   2   5.6e-44   4.3e-41  139.2   0.0    50   264   122   345    99   346 0.88 NC_004631.1_1737 # 1797105 # 1798148 # -1 # ID=1_1737;partial=00;start_type=ATG;rbs_motif=None;rbs_spacer=None;gc_cont=0.537
NC_004631.1:109120-109779|-   -            220 56764at91347         -            265     3e-40  136.5   0.0   1   1   4.7e-43   3.6e-40  136.2   0.0    49   250    14   216    12   219 0.88 NC_004631.1_97 # 109120 # 109779 # -1 # ID=1_97;partial=00;start_type=ATG;rbs_motif=GGAG/GAGG;rbs_spacer=5-10bp;gc_cont=0.577
NC_004631.1:2956978-2957760|- -            261 56764at91347         -            265   7.2e-28   95.9   0.1   1   1   1.4e-30   1.1e-27   95.2   0.1    49   259     2   231     1   235 0.78 NC_004631.1_2865 # 2956978 # 2957760 # -1 # ID=1_2865;partial=00;start_type=ATG;rbs_motif=None;rbs_spacer=None;gc_cont=0.582
NC_004631.1:1747413-1748150|+ -            246 56764at91347         -            265   0.00045   17.9   0.2   1   2    0.0064         5    4.6   0.0   100   124   100   124    85   134 0.84 NC_004631.1_1686 # 1747413 # 1748150 # 1 # ID=1_1686;partial=00;start_type=ATG;rbs_motif=3Base/5BMM;rbs_spacer=13-15bp;gc_cont=0.514
NC_004631.1:1747413-1748150|+ -            246 56764at91347         -            265   0.00045   17.9   0.2   2   2   7.6e-05     0.059   10.9   0.1   186   213   190   217   182   229 0.85 NC_004631.1_1686 # 1747413 # 1748150 # 1 # ID=1_1686;partial=00;start_type=ATG;rbs_motif=3Base/5BMM;rbs_spacer=13-15bp;gc_cont=0.514
NC_004631.1:1691279-1692154|- -            292 56764at91347         -            265     0.023   12.3   0.0   1   2      0.77     6e+02   -2.2   0.0    16    36    14    34     2    63 0.73 NC_004631.1_1634 # 1691279 # 1692154 # -1 # ID=1_1634;partial=00;start_type=ATG;rbs_motif=AGGA;rbs_spacer=5-10bp;gc_cont=0.566
NC_004631.1:1691279-1692154|- -            292 56764at91347         -            265     0.023   12.3   0.0   2   2   8.1e-05     0.063   10.8   0.0    95   144   102   149    89   159 0.85 NC_004631.1_1634 # 1691279 # 1692154 # -1 # ID=1_1634;partial=00;start_type=ATG;rbs_motif=AGGA;rbs_spacer=5-10bp;gc_cont=0.566
#
# Program:         hmmsearch
# Version:         3.4 (Aug 2023)
# Pipeline mode:   SEARCH
# Query file:      /Users/dizzler/Projects/School/BIOL4600-Capstone/databases/lineages/enterobacterales_odb10/hmms/56764at91347.hmm
# Target file:     /Users/dizzler/Projects/School/BIOL4600-Capstone/reports/busco-results/GCF_000007545.1_ASM754v1_genomic.fna/prodigal_output/predicted_genes/predicted.faa
# Option settings: hmmsearch --domtblout /Users/dizzler/Projects/School/BIOL4600-Capstone/reports/busco-results/GCF_000007545.1_ASM754v1_genomic.fna/run_enterobacterales_odb10/hmmer_output/56764at91347.out --cpu 1 /Users/dizzler/Projects/School/BIOL4600-Capstone/databases/lineages/enterobacterales_odb10/hmms/56764at91347.hmm /Users/dizzler/Projects/School/BIOL4600-Capstone/reports/busco-results/GCF_000007545.1_ASM754v1_genomic.fna/prodigal_output/predicted_genes/predicted.faa 
# Current dir:     /Users/dizzler/Projects/School/BIOL4600-Capstone
# Date:            Wed Feb 25 22:54:56 2026
# [ok]
