#                                                                                     --- full sequence --- -------------- this domain -------------   hmm coord   ali coord   env coord
# target name                 accession   tlen query name           accession   qlen   E-value  score  bias   #  of  c-Evalue  i-Evalue  score  bias  from    to  from    to  from    to  acc description of target
#         ------------------- ---------- ----- -------------------- ---------- ----- --------- ------ ----- --- --- --------- --------- ------ ----- ----- ----- ----- ----- ----- ----- ---- ---------------------
NC_004631.1:246289-247113|-   -            275 60900at91347         -            223  1.8e-119  395.2   5.9   1   1  8.9e-121  5.9e-118  390.3   5.9    12   223    31   271     3   271 0.94 NC_004631.1_216 # 246289 # 247113 # -1 # ID=1_216;partial=00;start_type=ATG;rbs_motif=GGA/GAG/AGG;rbs_spacer=5-10bp;gc_cont=0.541
NC_004631.1:263868-264656|+   -            263 60900at91347         -            223   0.00061   17.4   1.5   1   2   9.3e-07   0.00061   17.4   1.5    61   164     5   107     1   119 0.86 NC_004631.1_231 # 263868 # 264656 # 1 # ID=1_231;partial=00;start_type=GTG;rbs_motif=GGAGG;rbs_spacer=5-10bp;gc_cont=0.531
NC_004631.1:263868-264656|+   -            263 60900at91347         -            223   0.00061   17.4   1.5   2   2      0.14        95    0.4   1.1   111   147   135   169   116   191 0.44 NC_004631.1_231 # 263868 # 264656 # 1 # ID=1_231;partial=00;start_type=GTG;rbs_motif=GGAGG;rbs_spacer=5-10bp;gc_cont=0.531
NC_004631.1:3762288-3763658|+ -            457 60900at91347         -            223    0.0013   16.4   0.6   1   2       0.1        67    0.9   0.4   134   160   277   302   264   318 0.66 NC_004631.1_3639 # 3762288 # 3763658 # 1 # ID=1_3639;partial=00;start_type=ATG;rbs_motif=AGGA;rbs_spacer=5-10bp;gc_cont=0.530
NC_004631.1:3762288-3763658|+ -            457 60900at91347         -            223    0.0013   16.4   0.6   2   2   1.9e-06    0.0013   16.4   0.6   103   169   365   429   312   444 0.80 NC_004631.1_3639 # 3762288 # 3763658 # 1 # ID=1_3639;partial=00;start_type=ATG;rbs_motif=AGGA;rbs_spacer=5-10bp;gc_cont=0.530
NC_004631.1:2460287-2460838|+ -            184 60900at91347         -            223     0.014   12.9   0.4   1   1   3.4e-05     0.023   12.3   0.4   110   169    95   164    85   167 0.80 NC_004631.1_2391 # 2460287 # 2460838 # 1 # ID=1_2391;partial=00;start_type=ATG;rbs_motif=GGAG/GAGG;rbs_spacer=5-10bp;gc_cont=0.495
NC_004631.1:3939696-3940517|+ -            274 60900at91347         -            223     0.027   12.1   0.7   1   1   6.3e-05     0.042   11.4   0.7    79   167   134   226   122   233 0.82 NC_004631.1_3810 # 3939696 # 3940517 # 1 # ID=1_3810;partial=00;start_type=ATG;rbs_motif=GGAG/GAGG;rbs_spacer=5-10bp;gc_cont=0.561
NC_004631.1:851669-852223|+   -            185 60900at91347         -            223     0.027   12.0   0.1   1   1   5.9e-05     0.039   11.5   0.1    73   163    51   153    40   166 0.79 NC_004631.1_763 # 851669 # 852223 # 1 # ID=1_763;partial=00;start_type=ATG;rbs_motif=GGAG/GAGG;rbs_spacer=5-10bp;gc_cont=0.497
NC_004631.1:262278-263303|+   -            342 60900at91347         -            223      0.72    7.4  19.5   1   2   0.00017      0.11   10.0   4.3    94   170   101   169    85   207 0.70 NC_004631.1_229 # 262278 # 263303 # 1 # ID=1_229;partial=00;start_type=ATG;rbs_motif=GGA/GAG/AGG;rbs_spacer=11-12bp;gc_cont=0.519
NC_004631.1:262278-263303|+   -            342 60900at91347         -            223      0.72    7.4  19.5   2   2     0.054        35    1.8   8.2    92   165   224   290   200   302 0.59 NC_004631.1_229 # 262278 # 263303 # 1 # ID=1_229;partial=00;start_type=ATG;rbs_motif=GGA/GAG/AGG;rbs_spacer=11-12bp;gc_cont=0.519
#
# Program:         hmmsearch
# Version:         3.4 (Aug 2023)
# Pipeline mode:   SEARCH
# Query file:      /Users/dizzler/Projects/School/BIOL4600-Capstone/busco_downloads/lineages/enterobacterales_odb10/hmms/60900at91347.hmm
# Target file:     reports/busco-results/GCF_000007545.1_ASM754v1_genomic.fna/prodigal_output/predicted_genes/predicted.faa
# Option settings: hmmsearch --domtblout reports/busco-results/GCF_000007545.1_ASM754v1_genomic.fna/run_enterobacterales_odb10/hmmer_output/60900at91347.out --cpu 1 /Users/dizzler/Projects/School/BIOL4600-Capstone/busco_downloads/lineages/enterobacterales_odb10/hmms/60900at91347.hmm reports/busco-results/GCF_000007545.1_ASM754v1_genomic.fna/prodigal_output/predicted_genes/predicted.faa 
# Current dir:     /Users/dizzler/Projects/School/BIOL4600-Capstone
# Date:            Sat Feb 21 23:14:41 2026
# [ok]
