#                                                                                     --- full sequence --- -------------- this domain -------------   hmm coord   ali coord   env coord
# target name                 accession   tlen query name           accession   qlen   E-value  score  bias   #  of  c-Evalue  i-Evalue  score  bias  from    to  from    to  from    to  acc description of target
#         ------------------- ---------- ----- -------------------- ---------- ----- --------- ------ ----- --- --- --------- --------- ------ ----- ----- ----- ----- ----- ----- ----- ---- ---------------------
NC_004631.1:1176621-1177712|- -            364 62655at91347         -            286    2e-137  455.1   0.4   1   2   1.1e-89   6.1e-87  289.5   0.1     1   186     1   221     1   241 0.85 NC_004631.1_1097 # 1176621 # 1177712 # -1 # ID=1_1097;partial=00;start_type=ATG;rbs_motif=GGA/GAG/AGG;rbs_spacer=5-10bp;gc_cont=0.527
NC_004631.1:1176621-1177712|- -            364 62655at91347         -            286    2e-137  455.1   0.4   2   2   3.5e-50     2e-47  159.8   0.0   191   286   265   363   242   363 0.92 NC_004631.1_1097 # 1176621 # 1177712 # -1 # ID=1_1097;partial=00;start_type=ATG;rbs_motif=GGA/GAG/AGG;rbs_spacer=5-10bp;gc_cont=0.527
NC_004631.1:3310236-3311408|- -            391 62655at91347         -            286   8.8e-15   52.7   0.1   1   1   2.1e-15   1.2e-12   45.7   0.1     4   124   161   266   158   297 0.83 NC_004631.1_3211 # 3310236 # 3311408 # -1 # ID=1_3211;partial=00;start_type=ATG;rbs_motif=GGAG/GAGG;rbs_spacer=5-10bp;gc_cont=0.549
NC_004631.1:387670-389142|+   -            491 62655at91347         -            286   3.1e-10   37.8   0.0   1   3     6e-08   3.5e-05   21.2   0.0     5    37     5    39     1    56 0.78 NC_004631.1_343 # 387670 # 389142 # 1 # ID=1_343;partial=00;start_type=ATG;rbs_motif=GGAG/GAGG;rbs_spacer=5-10bp;gc_cont=0.544
NC_004631.1:387670-389142|+   -            491 62655at91347         -            286   3.1e-10   37.8   0.0   2   3     2e-05     0.012   12.9   0.0     3    23   203   223   201   256 0.85 NC_004631.1_343 # 387670 # 389142 # 1 # ID=1_343;partial=00;start_type=ATG;rbs_motif=GGAG/GAGG;rbs_spacer=5-10bp;gc_cont=0.544
NC_004631.1:387670-389142|+   -            491 62655at91347         -            286   3.1e-10   37.8   0.0   3   3      0.33   1.9e+02   -0.9   0.0    53    92   326   367   310   373 0.68 NC_004631.1_343 # 387670 # 389142 # 1 # ID=1_343;partial=00;start_type=ATG;rbs_motif=GGAG/GAGG;rbs_spacer=5-10bp;gc_cont=0.544
NC_004631.1:4564206-4565486|+ -            427 62655at91347         -            286   2.1e-05   21.9   0.0   1   1   1.2e-07   6.9e-05   20.2   0.0     5    57   200   253   198   321 0.91 NC_004631.1_4405 # 4564206 # 4565486 # 1 # ID=1_4405;partial=00;start_type=TTG;rbs_motif=GGAG/GAGG;rbs_spacer=5-10bp;gc_cont=0.539
NC_004631.1:4148784-4151102|- -            773 62655at91347         -            286   0.00023   18.5   0.0   1   1   6.9e-07    0.0004   17.7   0.0     3    50     4    52     2    60 0.85 NC_004631.1_3994 # 4148784 # 4151102 # -1 # ID=1_3994;partial=00;start_type=ATG;rbs_motif=GGA/GAG/AGG;rbs_spacer=5-10bp;gc_cont=0.564
NC_004631.1:1436394-1437560|+ -            389 62655at91347         -            286   0.00081   16.7   0.0   1   1   2.6e-06    0.0015   15.8   0.0     6    66   148   208   145   233 0.89 NC_004631.1_1377 # 1436394 # 1437560 # 1 # ID=1_1377;partial=00;start_type=ATG;rbs_motif=AGGAG;rbs_spacer=5-10bp;gc_cont=0.542
NC_004631.1:315932-316837|+   -            302 62655at91347         -            286    0.0035   14.6   0.3   1   2   1.3e-05    0.0076   13.5   0.1     5    23    11    29     8    39 0.84 NC_004631.1_279 # 315932 # 316837 # 1 # ID=1_279;partial=00;start_type=ATG;rbs_motif=GGAG/GAGG;rbs_spacer=5-10bp;gc_cont=0.519
NC_004631.1:315932-316837|+   -            302 62655at91347         -            286    0.0035   14.6   0.3   2   2       1.4   8.2e+02   -3.0   0.0   147   168   132   153   106   170 0.63 NC_004631.1_279 # 315932 # 316837 # 1 # ID=1_279;partial=00;start_type=ATG;rbs_motif=GGAG/GAGG;rbs_spacer=5-10bp;gc_cont=0.519
NC_004631.1:4771877-4773544|- -            556 62655at91347         -            286     0.019   12.2   0.1   1   2     0.013       7.4    3.7   0.0     3    23    33    53    31    70 0.85 NC_004631.1_4613 # 4771877 # 4773544 # -1 # ID=1_4613;partial=00;start_type=GTG;rbs_motif=AGGA/GGAG/GAGG;rbs_spacer=11-12bp;gc_cont=0.578
NC_004631.1:4771877-4773544|- -            556 62655at91347         -            286     0.019   12.2   0.1   2   2    0.0021       1.2    6.3   0.0     5    23   352   370   348   378 0.86 NC_004631.1_4613 # 4771877 # 4773544 # -1 # ID=1_4613;partial=00;start_type=GTG;rbs_motif=AGGA/GGAG/GAGG;rbs_spacer=11-12bp;gc_cont=0.578
#
# Program:         hmmsearch
# Version:         3.4 (Aug 2023)
# Pipeline mode:   SEARCH
# Query file:      /Users/dizzler/Projects/School/BIOL4600-Capstone/databases/lineages/enterobacterales_odb10/hmms/62655at91347.hmm
# Target file:     /Users/dizzler/Projects/School/BIOL4600-Capstone/reports/busco-results/GCF_000007545.1_ASM754v1_genomic.fna/prodigal_output/predicted_genes/predicted.faa
# Option settings: hmmsearch --domtblout /Users/dizzler/Projects/School/BIOL4600-Capstone/reports/busco-results/GCF_000007545.1_ASM754v1_genomic.fna/run_enterobacterales_odb10/hmmer_output/62655at91347.out --cpu 1 /Users/dizzler/Projects/School/BIOL4600-Capstone/databases/lineages/enterobacterales_odb10/hmms/62655at91347.hmm /Users/dizzler/Projects/School/BIOL4600-Capstone/reports/busco-results/GCF_000007545.1_ASM754v1_genomic.fna/prodigal_output/predicted_genes/predicted.faa 
# Current dir:     /Users/dizzler/Projects/School/BIOL4600-Capstone
# Date:            Wed Feb 25 22:54:57 2026
# [ok]
