#                                                                                     --- full sequence --- -------------- this domain -------------   hmm coord   ali coord   env coord
# target name                 accession   tlen query name           accession   qlen   E-value  score  bias   #  of  c-Evalue  i-Evalue  score  bias  from    to  from    to  from    to  acc description of target
#         ------------------- ---------- ----- -------------------- ---------- ----- --------- ------ ----- --- --- --------- --------- ------ ----- ----- ----- ----- ----- ----- ----- ---- ---------------------
NC_004631.1:3294916-3297594|- -            893 6639at91347          -            664         0 1158.5  34.5   1   3   8.4e-32   3.5e-29   99.5   3.0     1   111     3   124     3   149 0.89 NC_004631.1_3198 # 3294916 # 3297594 # -1 # ID=1_3198;partial=00;start_type=ATG;rbs_motif=AGGA;rbs_spacer=5-10bp;gc_cont=0.554
NC_004631.1:3294916-3297594|- -            893 6639at91347          -            664         0 1158.5  34.5   2   3    0.0015      0.64    6.1   0.2    75   101   226   252   211   263 0.86 NC_004631.1_3198 # 3294916 # 3297594 # -1 # ID=1_3198;partial=00;start_type=ATG;rbs_motif=AGGA;rbs_spacer=5-10bp;gc_cont=0.554
NC_004631.1:3294916-3297594|- -            893 6639at91347          -            664         0 1158.5  34.5   3   3         0         0 1064.7  15.3    96   664   285   887   259   887 0.94 NC_004631.1_3198 # 3294916 # 3297594 # -1 # ID=1_3198;partial=00;start_type=ATG;rbs_motif=AGGA;rbs_spacer=5-10bp;gc_cont=0.554
NC_004631.1:3960899-3962749|+ -            617 6639at91347          -            664   2.3e-21   73.7   0.1   1   1   6.9e-24   2.9e-21   73.4   0.1   196   398     2   213     1   228 0.76 NC_004631.1_3828 # 3960899 # 3962749 # 1 # ID=1_3828;partial=00;start_type=ATG;rbs_motif=AGGA/GGAG/GAGG;rbs_spacer=11-12bp;gc_cont=0.569
NC_004631.1:312191-313990|+   -            600 6639at91347          -            664   1.1e-17   61.5   0.8   1   1   3.6e-19   1.5e-16   57.7   0.8   198   393     8   223     5   232 0.77 NC_004631.1_276 # 312191 # 313990 # 1 # ID=1_276;partial=00;start_type=ATG;rbs_motif=None;rbs_spacer=None;gc_cont=0.529
NC_004631.1:3575081-3576265|- -            395 6639at91347          -            664   3.2e-14   50.1   7.5   1   2   1.1e-16   4.6e-14   49.5   3.1   197   310    15   147     5   181 0.71 NC_004631.1_3466 # 3575081 # 3576265 # -1 # ID=1_3466;partial=00;start_type=ATG;rbs_motif=GGAG/GAGG;rbs_spacer=5-10bp;gc_cont=0.538
NC_004631.1:3575081-3576265|- -            395 6639at91347          -            664   3.2e-14   50.1   7.5   2   2      0.07        30    0.6   0.1   577   643   213   278   201   292 0.78 NC_004631.1_3466 # 3575081 # 3576265 # -1 # ID=1_3466;partial=00;start_type=ATG;rbs_motif=GGAG/GAGG;rbs_spacer=5-10bp;gc_cont=0.538
NC_004631.1:4214664-4215848|+ -            395 6639at91347          -            664   3.2e-14   50.1   7.5   1   2   1.1e-16   4.6e-14   49.5   3.1   197   310    15   147     5   181 0.71 NC_004631.1_4057 # 4214664 # 4215848 # 1 # ID=1_4057;partial=00;start_type=GTG;rbs_motif=AGGA;rbs_spacer=5-10bp;gc_cont=0.539
NC_004631.1:4214664-4215848|+ -            395 6639at91347          -            664   3.2e-14   50.1   7.5   2   2      0.07        30    0.6   0.1   577   643   213   278   201   292 0.78 NC_004631.1_4057 # 4214664 # 4215848 # 1 # ID=1_4057;partial=00;start_type=GTG;rbs_motif=AGGA;rbs_spacer=5-10bp;gc_cont=0.539
NC_004631.1:3711782-3713605|- -            608 6639at91347          -            664   2.2e-12   44.0   1.6   1   1   1.7e-14   7.3e-12   42.3   1.6   197   304     8   133     5   175 0.74 NC_004631.1_3595 # 3711782 # 3713605 # -1 # ID=1_3595;partial=00;start_type=GTG;rbs_motif=GGAG/GAGG;rbs_spacer=5-10bp;gc_cont=0.539
NC_004631.1:2908372-2909811|- -            480 6639at91347          -            664   1.8e-09   34.4   0.0   1   2      0.77   3.2e+02   -2.8   0.0   608   625    46    63    36    65 0.86 NC_004631.1_2824 # 2908372 # 2909811 # -1 # ID=1_2824;partial=00;start_type=ATG;rbs_motif=AGGAG;rbs_spacer=5-10bp;gc_cont=0.549
NC_004631.1:2908372-2909811|- -            480 6639at91347          -            664   1.8e-09   34.4   0.0   2   2   1.3e-11   5.5e-09   32.8   0.0   224   340    90   213    77   218 0.79 NC_004631.1_2824 # 2908372 # 2909811 # -1 # ID=1_2824;partial=00;start_type=ATG;rbs_motif=AGGAG;rbs_spacer=5-10bp;gc_cont=0.549
NC_004631.1:4212478-4214592|+ -            705 6639at91347          -            664     5e-08   29.6   0.0   1   1   2.7e-10   1.1e-07   28.5   0.0   237   307    80   150    71   179 0.91 NC_004631.1_4056 # 4212478 # 4214592 # 1 # ID=1_4056;partial=00;start_type=ATG;rbs_motif=GGAG/GAGG;rbs_spacer=5-10bp;gc_cont=0.518
NC_004631.1:4753377-4754966|+ -            530 6639at91347          -            664   1.3e-07   28.2   0.0   1   1   5.4e-10   2.3e-07   27.4   0.0   226   307    69   150    55   166 0.88 NC_004631.1_4596 # 4753377 # 4754966 # 1 # ID=1_4596;partial=00;start_type=ATG;rbs_motif=AGxAG;rbs_spacer=5-10bp;gc_cont=0.543
NC_004631.1:387670-389142|+   -            491 6639at91347          -            664   1.6e-06   24.6   0.0   1   2   1.1e-05    0.0047   13.2   0.0   195   349     3   160     1   162 0.77 NC_004631.1_343 # 387670 # 389142 # 1 # ID=1_343;partial=00;start_type=ATG;rbs_motif=GGAG/GAGG;rbs_spacer=5-10bp;gc_cont=0.544
NC_004631.1:387670-389142|+   -            491 6639at91347          -            664   1.6e-06   24.6   0.0   2   2   0.00016     0.067    9.4   0.0   260   347   282   368   270   382 0.81 NC_004631.1_343 # 387670 # 389142 # 1 # ID=1_343;partial=00;start_type=ATG;rbs_motif=GGAG/GAGG;rbs_spacer=5-10bp;gc_cont=0.544
NC_004631.1:315932-316837|+   -            302 6639at91347          -            664   0.00011   18.6   0.6   1   2   6.3e-07   0.00027   17.3   0.2   194   343     8   165     1   171 0.65 NC_004631.1_279 # 315932 # 316837 # 1 # ID=1_279;partial=00;start_type=ATG;rbs_motif=GGAG/GAGG;rbs_spacer=5-10bp;gc_cont=0.519
NC_004631.1:315932-316837|+   -            302 6639at91347          -            664   0.00011   18.6   0.6   2   2      0.26   1.1e+02   -1.2   0.0    49    78   237   266   229   279 0.76 NC_004631.1_279 # 315932 # 316837 # 1 # ID=1_279;partial=00;start_type=ATG;rbs_motif=GGAG/GAGG;rbs_spacer=5-10bp;gc_cont=0.519
#
# Program:         hmmsearch
# Version:         3.4 (Aug 2023)
# Pipeline mode:   SEARCH
# Query file:      /Users/dizzler/Projects/School/BIOL4600-Capstone/databases/lineages/enterobacterales_odb10/hmms/6639at91347.hmm
# Target file:     /Users/dizzler/Projects/School/BIOL4600-Capstone/reports/busco-results/GCF_000007545.1_ASM754v1_genomic.fna/prodigal_output/predicted_genes/predicted.faa
# Option settings: hmmsearch --domtblout /Users/dizzler/Projects/School/BIOL4600-Capstone/reports/busco-results/GCF_000007545.1_ASM754v1_genomic.fna/run_enterobacterales_odb10/hmmer_output/6639at91347.out --cpu 1 /Users/dizzler/Projects/School/BIOL4600-Capstone/databases/lineages/enterobacterales_odb10/hmms/6639at91347.hmm /Users/dizzler/Projects/School/BIOL4600-Capstone/reports/busco-results/GCF_000007545.1_ASM754v1_genomic.fna/prodigal_output/predicted_genes/predicted.faa 
# Current dir:     /Users/dizzler/Projects/School/BIOL4600-Capstone
# Date:            Wed Feb 25 22:54:57 2026
# [ok]
