#                                                                                     --- full sequence --- -------------- this domain -------------   hmm coord   ali coord   env coord
# target name                 accession   tlen query name           accession   qlen   E-value  score  bias   #  of  c-Evalue  i-Evalue  score  bias  from    to  from    to  from    to  acc description of target
#         ------------------- ---------- ----- -------------------- ---------- ----- --------- ------ ----- --- --- --------- --------- ------ ----- ----- ----- ----- ----- ----- ----- ---- ---------------------
NC_004631.1:182056-183945|+   -            630 67457at91347         -            424  5.3e-233  771.3  24.6   1   4   9.5e-31   6.3e-28   95.7   3.3     1    70     4    75     4    87 0.93 NC_004631.1_159 # 182056 # 183945 # 1 # ID=1_159;partial=00;start_type=ATG;rbs_motif=GGAG/GAGG;rbs_spacer=5-10bp;gc_cont=0.556
NC_004631.1:182056-183945|+   -            630 67457at91347         -            424  5.3e-233  771.3  24.6   2   4   9.6e-33   6.3e-30  102.3   2.4     1    72   107   180   107   189 0.94 NC_004631.1_159 # 182056 # 183945 # 1 # ID=1_159;partial=00;start_type=ATG;rbs_motif=GGAG/GAGG;rbs_spacer=5-10bp;gc_cont=0.556
NC_004631.1:182056-183945|+   -            630 67457at91347         -            424  5.3e-233  771.3  24.6   3   4   4.3e-33   2.8e-30  103.4   2.4     1    72   208   281   208   290 0.94 NC_004631.1_159 # 182056 # 183945 # 1 # ID=1_159;partial=00;start_type=ATG;rbs_motif=GGAG/GAGG;rbs_spacer=5-10bp;gc_cont=0.556
NC_004631.1:182056-183945|+   -            630 67457at91347         -            424  5.3e-233  771.3  24.6   4   4  9.4e-148  6.2e-145  481.2   0.0   146   424   322   629   315   629 0.92 NC_004631.1_159 # 182056 # 183945 # 1 # ID=1_159;partial=00;start_type=ATG;rbs_motif=GGAG/GAGG;rbs_spacer=5-10bp;gc_cont=0.556
NC_004631.1:2200538-2201746|- -            403 67457at91347         -            424   6.3e-56  187.9   0.0   1   2   5.1e-06    0.0034   14.2   0.4    20    54    26    61     5    87 0.72 NC_004631.1_2143 # 2200538 # 2201746 # -1 # ID=1_2143;partial=00;start_type=ATG;rbs_motif=AGGA;rbs_spacer=5-10bp;gc_cont=0.563
NC_004631.1:2200538-2201746|- -            403 67457at91347         -            424   6.3e-56  187.9   0.0   2   2   8.5e-54   5.6e-51  171.6   0.0   152   415   114   388    85   400 0.88 NC_004631.1_2143 # 2200538 # 2201746 # -1 # ID=1_2143;partial=00;start_type=ATG;rbs_motif=AGGA;rbs_spacer=5-10bp;gc_cont=0.563
NC_004631.1:3359150-3360925|- -            592 67457at91347         -            424   0.00023   18.1   0.1   1   1   5.2e-07   0.00034   17.5   0.1    83   140   533   590   526   591 0.80 NC_004631.1_3263 # 3359150 # 3360925 # -1 # ID=1_3263;partial=00;start_type=ATG;rbs_motif=GGAGG;rbs_spacer=5-10bp;gc_cont=0.640
NC_004631.1:64859-66634|-     -            592 67457at91347         -            424   0.00023   18.1   0.1   1   1   5.2e-07   0.00034   17.5   0.1    83   140   533   590   526   591 0.80 NC_004631.1_57 # 64859 # 66634 # -1 # ID=1_57;partial=00;start_type=ATG;rbs_motif=GGAGG;rbs_spacer=5-10bp;gc_cont=0.640
NC_004631.1:3389192-3389662|+ -            157 67457at91347         -            424   0.00043   17.2   0.1   1   1     9e-07   0.00059   16.7   0.1    86   140   101   155    94   156 0.90 NC_004631.1_3290 # 3389192 # 3389662 # 1 # ID=1_3290;partial=00;start_type=ATG;rbs_motif=GGA/GAG/AGG;rbs_spacer=5-10bp;gc_cont=0.531
NC_004631.1:2049649-2050767|- -            373 67457at91347         -            424    0.0027   14.5   1.9   1   2   0.00012     0.079    9.7   0.1   109   153    62   108    39   131 0.58 NC_004631.1_1994 # 2049649 # 2050767 # -1 # ID=1_1994;partial=00;start_type=ATG;rbs_motif=GGA/GAG/AGG;rbs_spacer=5-10bp;gc_cont=0.532
NC_004631.1:2049649-2050767|- -            373 67457at91347         -            424    0.0027   14.5   1.9   2   2    0.0075         5    3.8   0.2    80   136   153   211   131   231 0.66 NC_004631.1_1994 # 2049649 # 2050767 # -1 # ID=1_1994;partial=00;start_type=ATG;rbs_motif=GGA/GAG/AGG;rbs_spacer=5-10bp;gc_cont=0.532
NC_004631.1:1372991-1373851|- -            287 67457at91347         -            424     0.013   12.3   0.0   1   2     0.015       9.8    2.8   0.0   109   152    44    87    30   104 0.83 NC_004631.1_1306 # 1372991 # 1373851 # -1 # ID=1_1306;partial=00;start_type=ATG;rbs_motif=None;rbs_spacer=None;gc_cont=0.498
NC_004631.1:1372991-1373851|- -            287 67457at91347         -            424     0.013   12.3   0.0   2   2   0.00056      0.37    7.5   0.0    93   141   134   183   108   202 0.68 NC_004631.1_1306 # 1372991 # 1373851 # -1 # ID=1_1306;partial=00;start_type=ATG;rbs_motif=None;rbs_spacer=None;gc_cont=0.498
#
# Program:         hmmsearch
# Version:         3.4 (Aug 2023)
# Pipeline mode:   SEARCH
# Query file:      /Users/dizzler/Projects/School/BIOL4600-Capstone/busco_downloads/lineages/enterobacterales_odb10/hmms/67457at91347.hmm
# Target file:     reports/busco-results/GCF_000007545.1_ASM754v1_genomic.fna/prodigal_output/predicted_genes/predicted.faa
# Option settings: hmmsearch --domtblout reports/busco-results/GCF_000007545.1_ASM754v1_genomic.fna/run_enterobacterales_odb10/hmmer_output/67457at91347.out --cpu 1 /Users/dizzler/Projects/School/BIOL4600-Capstone/busco_downloads/lineages/enterobacterales_odb10/hmms/67457at91347.hmm reports/busco-results/GCF_000007545.1_ASM754v1_genomic.fna/prodigal_output/predicted_genes/predicted.faa 
# Current dir:     /Users/dizzler/Projects/School/BIOL4600-Capstone
# Date:            Sat Feb 21 23:14:42 2026
# [ok]
