#                                                                                     --- full sequence --- -------------- this domain -------------   hmm coord   ali coord   env coord
# target name                 accession   tlen query name           accession   qlen   E-value  score  bias   #  of  c-Evalue  i-Evalue  score  bias  from    to  from    to  from    to  acc description of target
#         ------------------- ---------- ----- -------------------- ---------- ----- --------- ------ ----- --- --- --------- --------- ------ ----- ----- ----- ----- ----- ----- ----- ---- ---------------------
NC_004631.1:225323-227845|+   -            841 6990at91347          -            601         0 1032.2  12.0   1   2    2e-244  1.5e-241  801.0   0.1     2   439    73   537    70   542 0.95 NC_004631.1_198 # 225323 # 227845 # 1 # ID=1_198;partial=00;start_type=ATG;rbs_motif=GGAG/GAGG;rbs_spacer=5-10bp;gc_cont=0.564
NC_004631.1:225323-227845|+   -            841 6990at91347          -            601         0 1032.2  12.0   2   2   3.6e-71   2.8e-68  228.8   8.2   438   590   556   744   547   754 0.87 NC_004631.1_198 # 225323 # 227845 # 1 # ID=1_198;partial=00;start_type=ATG;rbs_motif=GGAG/GAGG;rbs_spacer=5-10bp;gc_cont=0.564
NC_004631.1:4166037-4168589|- -            851 6990at91347          -            601   8.2e-72  240.4   4.7   1   4   3.8e-56   2.9e-53  179.2   0.2   122   364    63   307    41   313 0.89 NC_004631.1_4007 # 4166037 # 4168589 # -1 # ID=1_4007;partial=00;start_type=GTG;rbs_motif=GGA/GAG/AGG;rbs_spacer=5-10bp;gc_cont=0.566
NC_004631.1:4166037-4168589|- -            851 6990at91347          -            601   8.2e-72  240.4   4.7   2   4   1.1e-11   8.2e-09   32.3   0.0   365   436   422   492   409   494 0.92 NC_004631.1_4007 # 4166037 # 4168589 # -1 # ID=1_4007;partial=00;start_type=GTG;rbs_motif=GGA/GAG/AGG;rbs_spacer=5-10bp;gc_cont=0.566
NC_004631.1:4166037-4168589|- -            851 6990at91347          -            601   8.2e-72  240.4   4.7   3   4   9.8e-06    0.0076   12.7   0.0   466   518   558   610   551   620 0.91 NC_004631.1_4007 # 4166037 # 4168589 # -1 # ID=1_4007;partial=00;start_type=GTG;rbs_motif=GGA/GAG/AGG;rbs_spacer=5-10bp;gc_cont=0.566
NC_004631.1:4166037-4168589|- -            851 6990at91347          -            601   8.2e-72  240.4   4.7   4   4   2.2e-06    0.0017   14.8   0.4   539   582   713   760   707   764 0.83 NC_004631.1_4007 # 4166037 # 4168589 # -1 # ID=1_4007;partial=00;start_type=GTG;rbs_motif=GGA/GAG/AGG;rbs_spacer=5-10bp;gc_cont=0.566
NC_004631.1:372866-375181|+   -            772 6990at91347          -            601   1.5e-36  123.9   0.0   1   1   2.9e-38   2.3e-35  120.1   0.0   136   570    76   542    67   559 0.77 NC_004631.1_330 # 372866 # 375181 # 1 # ID=1_330;partial=00;start_type=ATG;rbs_motif=None;rbs_spacer=None;gc_cont=0.611
NC_004631.1:3328904-3329632|- -            243 6990at91347          -            601   5.8e-22   75.8   0.0   1   1   9.7e-25   7.5e-22   75.4   0.0   140   272    80   208    75   236 0.89 NC_004631.1_3236 # 3328904 # 3329632 # -1 # ID=1_3236;partial=00;start_type=ATG;rbs_motif=None;rbs_spacer=None;gc_cont=0.560
NC_004631.1:143132-144898|+   -            589 6990at91347          -            601    0.0031   13.9   0.1   1   2   4.6e-05     0.036   10.4   0.1   370   438   260   337   237   376 0.73 NC_004631.1_126 # 143132 # 144898 # 1 # ID=1_126;partial=00;start_type=ATG;rbs_motif=AGGA/GGAG/GAGG;rbs_spacer=11-12bp;gc_cont=0.548
NC_004631.1:143132-144898|+   -            589 6990at91347          -            601    0.0031   13.9   0.1   2   2     0.034        26    1.0   0.0   474   499   421   446   415   453 0.88 NC_004631.1_126 # 143132 # 144898 # 1 # ID=1_126;partial=00;start_type=ATG;rbs_motif=AGGA/GGAG/GAGG;rbs_spacer=11-12bp;gc_cont=0.548
NC_004631.1:1124200-1125945|+ -            582 6990at91347          -            601     0.053    9.9   0.0   1   2   0.00074      0.57    6.5   0.0   349   438   234   330   212   337 0.71 NC_004631.1_1043 # 1124200 # 1125945 # 1 # ID=1_1043;partial=00;start_type=GTG;rbs_motif=GGAG/GAGG;rbs_spacer=5-10bp;gc_cont=0.524
NC_004631.1:1124200-1125945|+ -            582 6990at91347          -            601     0.053    9.9   0.0   2   2     0.031        24    1.1   0.0   474   501   414   441   407   501 0.77 NC_004631.1_1043 # 1124200 # 1125945 # 1 # ID=1_1043;partial=00;start_type=GTG;rbs_motif=GGAG/GAGG;rbs_spacer=5-10bp;gc_cont=0.524
#
# Program:         hmmsearch
# Version:         3.4 (Aug 2023)
# Pipeline mode:   SEARCH
# Query file:      /Users/dizzler/Projects/School/BIOL4600-Capstone/busco_downloads/lineages/enterobacterales_odb10/hmms/6990at91347.hmm
# Target file:     reports/busco-results/GCF_000007545.1_ASM754v1_genomic.fna/prodigal_output/predicted_genes/predicted.faa
# Option settings: hmmsearch --domtblout reports/busco-results/GCF_000007545.1_ASM754v1_genomic.fna/run_enterobacterales_odb10/hmmer_output/6990at91347.out --cpu 1 /Users/dizzler/Projects/School/BIOL4600-Capstone/busco_downloads/lineages/enterobacterales_odb10/hmms/6990at91347.hmm reports/busco-results/GCF_000007545.1_ASM754v1_genomic.fna/prodigal_output/predicted_genes/predicted.faa 
# Current dir:     /Users/dizzler/Projects/School/BIOL4600-Capstone
# Date:            Sat Feb 21 23:14:42 2026
# [ok]
