#                                                                                     --- full sequence --- -------------- this domain -------------   hmm coord   ali coord   env coord
# target name                 accession   tlen query name           accession   qlen   E-value  score  bias   #  of  c-Evalue  i-Evalue  score  bias  from    to  from    to  from    to  acc description of target
#         ------------------- ---------- ----- -------------------- ---------- ----- --------- ------ ----- --- --- --------- --------- ------ ----- ----- ----- ----- ----- ----- ----- ---- ---------------------
NC_004631.1:3721105-3721737|+ -            211 78786at91347         -            172   6.6e-81  268.0   0.0   1   1   2.1e-83     8e-81  267.7   0.0     1   172     9   197     9   197 0.93 NC_004631.1_3603 # 3721105 # 3721737 # 1 # ID=1_3603;partial=00;start_type=TTG;rbs_motif=GGAG/GAGG;rbs_spacer=5-10bp;gc_cont=0.517
NC_004631.1:387670-389142|+   -            491 78786at91347         -            172   7.2e-09   33.5   0.1   1   2   1.5e-05    0.0058   14.3   0.0    21    55     5    38     3   130 0.83 NC_004631.1_343 # 387670 # 389142 # 1 # ID=1_343;partial=00;start_type=ATG;rbs_motif=GGAG/GAGG;rbs_spacer=5-10bp;gc_cont=0.544
NC_004631.1:387670-389142|+   -            491 78786at91347         -            172   7.2e-09   33.5   0.1   2   2   5.2e-06     0.002   15.8   0.1    16   143   200   337   191   372 0.66 NC_004631.1_343 # 387670 # 389142 # 1 # ID=1_343;partial=00;start_type=ATG;rbs_motif=GGAG/GAGG;rbs_spacer=5-10bp;gc_cont=0.544
NC_004631.1:315932-316837|+   -            302 78786at91347         -            172   4.5e-05   21.1   0.3   1   1   2.3e-07   9.1e-05   20.2   0.3    21    94    11    86     2   173 0.58 NC_004631.1_279 # 315932 # 316837 # 1 # ID=1_279;partial=00;start_type=ATG;rbs_motif=GGAG/GAGG;rbs_spacer=5-10bp;gc_cont=0.519
NC_004631.1:3786065-3787429|- -            455 78786at91347         -            172   4.6e-05   21.1   0.0   1   1   2.5e-07   9.7e-05   20.1   0.0    16    55   214   252   205   284 0.85 NC_004631.1_3660 # 3786065 # 3787429 # -1 # ID=1_3660;partial=00;start_type=ATG;rbs_motif=GGA/GAG/AGG;rbs_spacer=5-10bp;gc_cont=0.598
NC_004631.1:4553122-4554174|- -            351 78786at91347         -            172   0.00047   17.8   1.0   1   2    0.0026         1    7.0   0.0    97   168   126   205   120   209 0.72 NC_004631.1_4395 # 4553122 # 4554174 # -1 # ID=1_4395;partial=00;start_type=TTG;rbs_motif=AGGAG;rbs_spacer=5-10bp;gc_cont=0.533
NC_004631.1:4553122-4554174|- -            351 78786at91347         -            172   0.00047   17.8   1.0   2   2   0.00037      0.14    9.7   0.2    23    40   212   229   206   270 0.75 NC_004631.1_4395 # 4553122 # 4554174 # -1 # ID=1_4395;partial=00;start_type=TTG;rbs_motif=AGGAG;rbs_spacer=5-10bp;gc_cont=0.533
NC_004631.1:4564206-4565486|+ -            427 78786at91347         -            172   0.00059   17.5   0.1   1   2       1.4   5.5e+02   -1.9   0.0   110   142   162   194   160   199 0.81 NC_004631.1_4405 # 4564206 # 4565486 # 1 # ID=1_4405;partial=00;start_type=TTG;rbs_motif=GGAG/GAGG;rbs_spacer=5-10bp;gc_cont=0.539
NC_004631.1:4564206-4565486|+ -            427 78786at91347         -            172   0.00059   17.5   0.1   2   2   1.2e-05    0.0046   14.6   0.1    20   166   199   355   190   361 0.58 NC_004631.1_4405 # 4564206 # 4565486 # 1 # ID=1_4405;partial=00;start_type=TTG;rbs_motif=GGAG/GAGG;rbs_spacer=5-10bp;gc_cont=0.539
NC_004631.1:2756502-2760158|+ -           1219 78786at91347         -            172    0.0034   15.0   0.0   1   2     0.013         5    4.7   0.0    14    39   363   388   355   391 0.84 NC_004631.1_2669 # 2756502 # 2760158 # 1 # ID=1_2669;partial=00;start_type=ATG;rbs_motif=AGGAG;rbs_spacer=5-10bp;gc_cont=0.589
NC_004631.1:2756502-2760158|+ -           1219 78786at91347         -            172    0.0034   15.0   0.0   2   2    0.0017      0.67    7.6   0.0    15    39   991  1015   982  1018 0.84 NC_004631.1_2669 # 2756502 # 2760158 # 1 # ID=1_2669;partial=00;start_type=ATG;rbs_motif=AGGAG;rbs_spacer=5-10bp;gc_cont=0.589
NC_004631.1:466003-466482|+   -            160 78786at91347         -            172     0.024   12.2   0.0   1   1   0.00012     0.046   11.3   0.0    21    49     4    32     1    36 0.91 NC_004631.1_400 # 466003 # 466482 # 1 # ID=1_400;partial=00;start_type=ATG;rbs_motif=GGxGG;rbs_spacer=5-10bp;gc_cont=0.519
NC_004631.1:124816-125523|-   -            236 78786at91347         -            172     0.028   12.0   0.0   1   1   0.00012     0.048   11.3   0.0    13    39    20    46    11    53 0.88 NC_004631.1_110 # 124816 # 125523 # -1 # ID=1_110;partial=00;start_type=ATG;rbs_motif=None;rbs_spacer=None;gc_cont=0.583
NC_004631.1:2047706-2049652|- -            649 78786at91347         -            172     0.034   11.8   0.0   1   1   0.00016     0.063   10.9   0.0    13    39    29    55    21    72 0.80 NC_004631.1_1993 # 2047706 # 2049652 # -1 # ID=1_1993;partial=00;start_type=ATG;rbs_motif=AGGAG;rbs_spacer=5-10bp;gc_cont=0.544
NC_004631.1:4202412-4204319|- -            636 78786at91347         -            172     0.035   11.7   0.1   1   2     0.011       4.2    5.0   0.0    13    43    22    52    13    69 0.80 NC_004631.1_4043 # 4202412 # 4204319 # -1 # ID=1_4043;partial=00;start_type=ATG;rbs_motif=None;rbs_spacer=None;gc_cont=0.576
NC_004631.1:4202412-4204319|- -            636 78786at91347         -            172     0.035   11.7   0.1   2   2     0.019       7.5    4.1   0.0    15    39   335   359   327   363 0.84 NC_004631.1_4043 # 4202412 # 4204319 # -1 # ID=1_4043;partial=00;start_type=ATG;rbs_motif=None;rbs_spacer=None;gc_cont=0.576
NC_004631.1:2420752-2421438|- -            229 78786at91347         -            172     0.043   11.4   0.0   1   1   0.00024     0.092   10.4   0.0    12    39    30    57    22    61 0.85 NC_004631.1_2354 # 2420752 # 2421438 # -1 # ID=1_2354;partial=00;start_type=ATG;rbs_motif=AGGA;rbs_spacer=5-10bp;gc_cont=0.585
#
# Program:         hmmsearch
# Version:         3.4 (Aug 2023)
# Pipeline mode:   SEARCH
# Query file:      /Users/dizzler/Projects/School/BIOL4600-Capstone/databases/lineages/enterobacterales_odb10/hmms/78786at91347.hmm
# Target file:     /Users/dizzler/Projects/School/BIOL4600-Capstone/reports/busco-results/GCF_000007545.1_ASM754v1_genomic.fna/prodigal_output/predicted_genes/predicted.faa
# Option settings: hmmsearch --domtblout /Users/dizzler/Projects/School/BIOL4600-Capstone/reports/busco-results/GCF_000007545.1_ASM754v1_genomic.fna/run_enterobacterales_odb10/hmmer_output/78786at91347.out --cpu 1 /Users/dizzler/Projects/School/BIOL4600-Capstone/databases/lineages/enterobacterales_odb10/hmms/78786at91347.hmm /Users/dizzler/Projects/School/BIOL4600-Capstone/reports/busco-results/GCF_000007545.1_ASM754v1_genomic.fna/prodigal_output/predicted_genes/predicted.faa 
# Current dir:     /Users/dizzler/Projects/School/BIOL4600-Capstone
# Date:            Wed Feb 25 22:54:58 2026
# [ok]
