#                                                                                         --- full sequence --- -------------- this domain -------------   hmm coord   ali coord   env coord
# target name                     accession   tlen query name           accession   qlen   E-value  score  bias   #  of  c-Evalue  i-Evalue  score  bias  from    to  from    to  from    to  acc description of target
#             ------------------- ---------- ----- -------------------- ---------- ----- --------- ------ ----- --- --- --------- --------- ------ ----- ----- ----- ----- ----- ----- ----- ---- ---------------------
NZ_ABEW01000003.1:155594-157165|+ -            524 13089at91347         -            442  2.6e-243  805.5  10.2   1   1  5.7e-246  6.7e-243  804.2  10.2     1   442     1   511     1   511 0.94 NZ_ABEW01000003.1_137 # 155594 # 157165 # 1 # ID=61_137;partial=00;start_type=ATG;rbs_motif=AGGA;rbs_spacer=5-10bp;gc_cont=0.551
NZ_ABEW01000023.1:1-729|-         -            243 13089at91347         -            442     7e-08   29.6   0.1   1   2     0.001       1.2    5.8   0.0     5    43     3    42     1    47 0.85 NZ_ABEW01000023.1_1 # 1 # 729 # -1 # ID=41_1;partial=10;start_type=ATG;rbs_motif=GGAGG;rbs_spacer=5-10bp;gc_cont=0.621
NZ_ABEW01000023.1:1-729|-         -            243 13089at91347         -            442     7e-08   29.6   0.1   2   2   1.2e-08   1.4e-05   22.0   0.1   138   222   157   240   124   243 0.87 NZ_ABEW01000023.1_1 # 1 # 729 # -1 # ID=41_1;partial=10;start_type=ATG;rbs_motif=GGAGG;rbs_spacer=5-10bp;gc_cont=0.621
NZ_ABEW01000003.1:222785-224560|+ -            592 13089at91347         -            442   9.3e-08   29.2   0.1   1   2    0.0025       2.9    4.5   0.0     5    43     3    42     1    46 0.85 NZ_ABEW01000003.1_195 # 222785 # 224560 # 1 # ID=61_195;partial=00;start_type=ATG;rbs_motif=GGAGG;rbs_spacer=5-10bp;gc_cont=0.636
NZ_ABEW01000003.1:222785-224560|+ -            592 13089at91347         -            442   9.3e-08   29.2   0.1   2   2   8.6e-09     1e-05   22.5   0.0   138   229   157   247   138   256 0.89 NZ_ABEW01000003.1_195 # 222785 # 224560 # 1 # ID=61_195;partial=00;start_type=ATG;rbs_motif=GGAGG;rbs_spacer=5-10bp;gc_cont=0.636
NZ_ABEW01000002.1:44894-46663|+   -            590 13089at91347         -            442   1.9e-07   28.2   0.1   1   2    0.0034         4    4.0   0.0     5    43     3    42     1    46 0.85 NZ_ABEW01000002.1_41 # 44894 # 46663 # 1 # ID=62_41;partial=00;start_type=ATG;rbs_motif=GGAGG;rbs_spacer=5-10bp;gc_cont=0.632
NZ_ABEW01000002.1:44894-46663|+   -            590 13089at91347         -            442   1.9e-07   28.2   0.1   2   2   1.3e-08   1.5e-05   21.9   0.1   138   229   157   247   138   255 0.88 NZ_ABEW01000002.1_41 # 44894 # 46663 # 1 # ID=62_41;partial=00;start_type=ATG;rbs_motif=GGAGG;rbs_spacer=5-10bp;gc_cont=0.632
#
# Program:         hmmsearch
# Version:         3.4 (Aug 2023)
# Pipeline mode:   SEARCH
# Query file:      /Users/dizzler/Projects/School/BIOL4600-Capstone/databases/lineages/enterobacterales_odb10/hmms/13089at91347.hmm
# Target file:     /Users/dizzler/Projects/School/BIOL4600-Capstone/reports/busco-results/GCF_000171415.1_ASM17141v1_genomic.fna/prodigal_output/predicted_genes/predicted.faa
# Option settings: hmmsearch --domtblout /Users/dizzler/Projects/School/BIOL4600-Capstone/reports/busco-results/GCF_000171415.1_ASM17141v1_genomic.fna/run_enterobacterales_odb10/hmmer_output/13089at91347.out --cpu 1 /Users/dizzler/Projects/School/BIOL4600-Capstone/databases/lineages/enterobacterales_odb10/hmms/13089at91347.hmm /Users/dizzler/Projects/School/BIOL4600-Capstone/reports/busco-results/GCF_000171415.1_ASM17141v1_genomic.fna/prodigal_output/predicted_genes/predicted.faa 
# Current dir:     /Users/dizzler/Projects/School/BIOL4600-Capstone
# Date:            Wed Feb 25 22:54:05 2026
# [ok]
