#                                                                                         --- full sequence --- -------------- this domain -------------   hmm coord   ali coord   env coord
# target name                     accession   tlen query name           accession   qlen   E-value  score  bias   #  of  c-Evalue  i-Evalue  score  bias  from    to  from    to  from    to  acc description of target
#             ------------------- ---------- ----- -------------------- ---------- ----- --------- ------ ----- --- --- --------- --------- ------ ----- ----- ----- ----- ----- ----- ----- ---- ---------------------
NZ_ABEW01000001.1:275591-277153|- -            521 13521at91347         -            420  2.7e-224  742.8   1.1   1   3     2e-29   2.3e-26   90.8   0.0     1    76    17    94    17   105 0.92 NZ_ABEW01000001.1_281 # 275591 # 277153 # -1 # ID=63_281;partial=00;start_type=ATG;rbs_motif=GGA/GAG/AGG;rbs_spacer=5-10bp;gc_cont=0.579
NZ_ABEW01000001.1:275591-277153|- -            521 13521at91347         -            420  2.7e-224  742.8   1.1   2   3   3.8e-28   4.5e-25   86.6   0.1    73   142   113   201   108   220 0.79 NZ_ABEW01000001.1_281 # 275591 # 277153 # -1 # ID=63_281;partial=00;start_type=ATG;rbs_motif=GGA/GAG/AGG;rbs_spacer=5-10bp;gc_cont=0.579
NZ_ABEW01000001.1:275591-277153|- -            521 13521at91347         -            420  2.7e-224  742.8   1.1   3   3    1e-172  1.2e-169  562.9   0.1   149   420   239   514   233   514 0.97 NZ_ABEW01000001.1_281 # 275591 # 277153 # -1 # ID=63_281;partial=00;start_type=ATG;rbs_motif=GGA/GAG/AGG;rbs_spacer=5-10bp;gc_cont=0.579
NZ_ABEW01000001.1:171296-172660|- -            455 13521at91347         -            420   1.3e-47  160.8   0.0   1   2    0.0021       2.5    5.1   0.0    99   137   109   153   103   166 0.81 NZ_ABEW01000001.1_181 # 171296 # 172660 # -1 # ID=63_181;partial=00;start_type=ATG;rbs_motif=GGA/GAG/AGG;rbs_spacer=5-10bp;gc_cont=0.557
NZ_ABEW01000001.1:171296-172660|- -            455 13521at91347         -            420   1.3e-47  160.8   0.0   2   2   1.6e-48   1.9e-45  153.7   0.0   156   414   196   450   178   454 0.91 NZ_ABEW01000001.1_181 # 171296 # 172660 # -1 # ID=63_181;partial=00;start_type=ATG;rbs_motif=GGA/GAG/AGG;rbs_spacer=5-10bp;gc_cont=0.557
NZ_ABEW01000006.1:113261-114556|+ -            432 13521at91347         -            420     8e-13   46.2   0.0   1   1   1.5e-15   1.8e-12   45.1   0.0   152   411   169   422   155   429 0.76 NZ_ABEW01000006.1_105 # 113261 # 114556 # 1 # ID=58_105;partial=00;start_type=GTG;rbs_motif=GGAGG;rbs_spacer=5-10bp;gc_cont=0.567
NZ_ABEW01000005.1:402280-403455|+ -            392 13521at91347         -            420   2.8e-11   41.1   0.0   1   2   1.1e-05     0.013   12.6   0.0   151   261   125   236   102   264 0.73 NZ_ABEW01000005.1_399 # 402280 # 403455 # 1 # ID=59_399;partial=00;start_type=ATG;rbs_motif=GGAGG;rbs_spacer=5-10bp;gc_cont=0.584
NZ_ABEW01000005.1:402280-403455|+ -            392 13521at91347         -            420   2.8e-11   41.1   0.0   2   2     6e-10     7e-07   26.7   0.0   334   414   303   386   282   389 0.91 NZ_ABEW01000005.1_399 # 402280 # 403455 # 1 # ID=59_399;partial=00;start_type=ATG;rbs_motif=GGAGG;rbs_spacer=5-10bp;gc_cont=0.584
#
# Program:         hmmsearch
# Version:         3.4 (Aug 2023)
# Pipeline mode:   SEARCH
# Query file:      /Users/dizzler/Projects/School/BIOL4600-Capstone/busco_downloads/lineages/enterobacterales_odb10/hmms/13521at91347.hmm
# Target file:     reports/busco-results/GCF_000171415.1_ASM17141v1_genomic.fna/prodigal_output/predicted_genes/predicted.faa
# Option settings: hmmsearch --domtblout reports/busco-results/GCF_000171415.1_ASM17141v1_genomic.fna/run_enterobacterales_odb10/hmmer_output/13521at91347.out --cpu 1 /Users/dizzler/Projects/School/BIOL4600-Capstone/busco_downloads/lineages/enterobacterales_odb10/hmms/13521at91347.hmm reports/busco-results/GCF_000171415.1_ASM17141v1_genomic.fna/prodigal_output/predicted_genes/predicted.faa 
# Current dir:     /Users/dizzler/Projects/School/BIOL4600-Capstone
# Date:            Sat Feb 21 23:26:47 2026
# [ok]
