#                                                                                         --- full sequence --- -------------- this domain -------------   hmm coord   ali coord   env coord
# target name                     accession   tlen query name           accession   qlen   E-value  score  bias   #  of  c-Evalue  i-Evalue  score  bias  from    to  from    to  from    to  acc description of target
#             ------------------- ---------- ----- -------------------- ---------- ----- --------- ------ ----- --- --- --------- --------- ------ ----- ----- ----- ----- ----- ----- ----- ---- ---------------------
NZ_ABEW01000008.1:104973-106445|+ -            491 13669at91347         -            358  1.6e-153  508.7   0.0   1   2   1.7e-42   5.3e-40  135.3   0.0     1   120     1   158     1   160 0.88 NZ_ABEW01000008.1_94 # 104973 # 106445 # 1 # ID=56_94;partial=00;start_type=ATG;rbs_motif=GGAG/GAGG;rbs_spacer=5-10bp;gc_cont=0.545
NZ_ABEW01000008.1:104973-106445|+ -            491 13669at91347         -            358  1.6e-153  508.7   0.0   2   2    3e-114  9.6e-112  371.3   0.0   120   358   202   464   199   464 0.93 NZ_ABEW01000008.1_94 # 104973 # 106445 # 1 # ID=56_94;partial=00;start_type=ATG;rbs_motif=GGAG/GAGG;rbs_spacer=5-10bp;gc_cont=0.545
NZ_ABEW01000008.1:33298-34203|+   -            302 13669at91347         -            358   2.1e-20   70.9   0.0   1   1   9.2e-23   2.9e-20   70.4   0.0   123   274    11   172     7   214 0.80 NZ_ABEW01000008.1_32 # 33298 # 34203 # 1 # ID=56_32;partial=00;start_type=ATG;rbs_motif=GGAG/GAGG;rbs_spacer=5-10bp;gc_cont=0.518
NZ_ABEW01000004.1:50003-51367|-   -            455 13669at91347         -            358   5.2e-18   63.0   0.0   1   1   2.1e-20   6.6e-18   62.6   0.0   114   232   210   338   158   371 0.81 NZ_ABEW01000004.1_47 # 50003 # 51367 # -1 # ID=60_47;partial=00;start_type=ATG;rbs_motif=GGA/GAG/AGG;rbs_spacer=5-10bp;gc_cont=0.595
NZ_ABEW01000003.1:526431-527711|- -            427 13669at91347         -            358   1.3e-10   38.7   0.0   1   1   7.6e-13   2.4e-10   37.8   0.0   118   275   195   361   176   371 0.77 NZ_ABEW01000003.1_481 # 526431 # 527711 # -1 # ID=61_481;partial=00;start_type=TTG;rbs_motif=GGAG/GAGG;rbs_spacer=5-10bp;gc_cont=0.542
NZ_ABEW01000004.1:423742-426060|- -            773 13669at91347         -            358   1.5e-08   31.9   0.8   1   2   2.2e-09   6.8e-07   26.4   0.0     3    49     4    49     2    54 0.92 NZ_ABEW01000004.1_373 # 423742 # 426060 # -1 # ID=60_373;partial=00;start_type=ATG;rbs_motif=GGA/GAG/AGG;rbs_spacer=5-10bp;gc_cont=0.564
NZ_ABEW01000004.1:423742-426060|- -            773 13669at91347         -            358   1.5e-08   31.9   0.8   2   2     0.021       6.7    3.4   0.2   194   237    85   128    81   175 0.82 NZ_ABEW01000004.1_373 # 423742 # 426060 # -1 # ID=60_373;partial=00;start_type=ATG;rbs_motif=GGA/GAG/AGG;rbs_spacer=5-10bp;gc_cont=0.564
NZ_ABEW01000011.1:8040-8672|-     -            211 13669at91347         -            358   9.2e-08   29.3   0.0   1   1   6.1e-10   1.9e-07   28.2   0.0   120   276    26   198    12   201 0.73 NZ_ABEW01000011.1_8 # 8040 # 8672 # -1 # ID=53_8;partial=00;start_type=TTG;rbs_motif=GGAG/GAGG;rbs_spacer=5-10bp;gc_cont=0.523
NZ_ABEW01000001.1:213118-214209|- -            364 13669at91347         -            358   7.9e-05   19.6   0.0   1   2   5.5e-07   0.00017   18.5   0.0     5    26     5    26     1    45 0.75 NZ_ABEW01000001.1_223 # 213118 # 214209 # -1 # ID=63_223;partial=00;start_type=ATG;rbs_motif=GGA/GAG/AGG;rbs_spacer=5-10bp;gc_cont=0.530
NZ_ABEW01000001.1:213118-214209|- -            364 13669at91347         -            358   7.9e-05   19.6   0.0   2   2       1.8   5.7e+02   -2.9   0.0   236   266   185   215   182   228 0.79 NZ_ABEW01000001.1_223 # 213118 # 214209 # -1 # ID=63_223;partial=00;start_type=ATG;rbs_motif=GGA/GAG/AGG;rbs_spacer=5-10bp;gc_cont=0.530
NZ_ABEW01000002.1:95319-96491|+   -            391 13669at91347         -            358   0.00094   16.1   0.0   1   1   4.8e-06    0.0015   15.4   0.0   122   272   161   329   150   341 0.70 NZ_ABEW01000002.1_92 # 95319 # 96491 # 1 # ID=62_92;partial=00;start_type=ATG;rbs_motif=GGAG/GAGG;rbs_spacer=5-10bp;gc_cont=0.552
NZ_ABEW01000002.1:110421-113099|+ -            893 13669at91347         -            358    0.0038   14.1   0.0   1   2   3.9e-05     0.012   12.4   0.0   192   272   461   551   391   566 0.64 NZ_ABEW01000002.1_106 # 110421 # 113099 # 1 # ID=62_106;partial=00;start_type=ATG;rbs_motif=AGGA;rbs_spacer=5-10bp;gc_cont=0.552
NZ_ABEW01000002.1:110421-113099|+ -            893 13669at91347         -            358    0.0038   14.1   0.0   2   2       1.6   5.2e+02   -2.8   0.0    49    98   726   782   704   801 0.63 NZ_ABEW01000002.1_106 # 110421 # 113099 # 1 # ID=62_106;partial=00;start_type=ATG;rbs_motif=AGGA;rbs_spacer=5-10bp;gc_cont=0.552
NZ_ABEW01000003.1:214584-215405|- -            274 13669at91347         -            358    0.0069   13.2   0.0   1   1     3e-05    0.0095   12.8   0.0    39   114    92   165    84   173 0.82 NZ_ABEW01000003.1_186 # 214584 # 215405 # -1 # ID=61_186;partial=00;start_type=ATG;rbs_motif=GGA/GAG/AGG;rbs_spacer=5-10bp;gc_cont=0.572
NZ_ABEW01000012.1:16949-18856|+   -            636 13669at91347         -            358     0.015   12.2   0.1   1   2   0.00065       0.2    8.4   0.0   118   143    27    52    20    61 0.78 NZ_ABEW01000012.1_15 # 16949 # 18856 # 1 # ID=52_15;partial=00;start_type=ATG;rbs_motif=AGGA;rbs_spacer=5-10bp;gc_cont=0.527
NZ_ABEW01000012.1:16949-18856|+   -            636 13669at91347         -            358     0.015   12.2   0.1   2   2     0.094        30    1.3   0.0   121   143   346   368   334   379 0.81 NZ_ABEW01000012.1_15 # 16949 # 18856 # 1 # ID=52_15;partial=00;start_type=ATG;rbs_motif=AGGA;rbs_spacer=5-10bp;gc_cont=0.527
NZ_ABEW01000002.1:640647-644303|- -           1219 13669at91347         -            358     0.022   11.6   1.2   1   3     0.065        20    1.8   0.0   122   137   369   384   358   391 0.72 NZ_ABEW01000002.1_612 # 640647 # 644303 # -1 # ID=62_612;partial=00;start_type=ATG;rbs_motif=AGGAGG;rbs_spacer=3-4bp;gc_cont=0.591
NZ_ABEW01000002.1:640647-644303|- -           1219 13669at91347         -            358     0.022   11.6   1.2   2   3    0.0036       1.1    6.0   0.1   123   140   997  1014   991  1017 0.70 NZ_ABEW01000002.1_612 # 640647 # 644303 # -1 # ID=62_612;partial=00;start_type=ATG;rbs_motif=AGGAGG;rbs_spacer=3-4bp;gc_cont=0.591
NZ_ABEW01000002.1:640647-644303|- -           1219 13669at91347         -            358     0.022   11.6   1.2   3   3      0.21        66    0.2   0.0    23    55  1153  1184  1146  1190 0.84 NZ_ABEW01000002.1_612 # 640647 # 644303 # -1 # ID=62_612;partial=00;start_type=ATG;rbs_motif=AGGAGG;rbs_spacer=3-4bp;gc_cont=0.591
NZ_ABEW01000009.1:194845-195897|- -            351 13669at91347         -            358     0.024   11.4   0.4   1   2     0.053        17    2.1   0.0   225   267   156   201   120   210 0.74 NZ_ABEW01000009.1_166 # 194845 # 195897 # -1 # ID=55_166;partial=00;start_type=TTG;rbs_motif=AGGAG;rbs_spacer=5-10bp;gc_cont=0.533
NZ_ABEW01000009.1:194845-195897|- -            351 13669at91347         -            358     0.024   11.4   0.4   2   2   0.00071      0.22    8.3   0.0   109   147   194   234   184   244 0.60 NZ_ABEW01000009.1_166 # 194845 # 195897 # -1 # ID=55_166;partial=00;start_type=TTG;rbs_motif=AGGAG;rbs_spacer=5-10bp;gc_cont=0.533
NZ_ABEW01000007.1:80717-82309|+   -            531 13669at91347         -            358     0.025   11.4   1.1   1   2      0.66   2.1e+02   -1.5   0.1   125   138    32    45    29    50 0.60 NZ_ABEW01000007.1_77 # 80717 # 82309 # 1 # ID=57_77;partial=00;start_type=GTG;rbs_motif=AGGA;rbs_spacer=5-10bp;gc_cont=0.532
NZ_ABEW01000007.1:80717-82309|+   -            531 13669at91347         -            358     0.025   11.4   1.1   2   2   0.00017     0.053   10.3   0.1   112   142   337   367   334   370 0.91 NZ_ABEW01000007.1_77 # 80717 # 82309 # 1 # ID=57_77;partial=00;start_type=GTG;rbs_motif=AGGA;rbs_spacer=5-10bp;gc_cont=0.532
NZ_ABEW01000004.1:477719-479626|- -            636 13669at91347         -            358     0.045   10.6   0.5   1   2    0.0096         3    4.6   0.1   122   140    29    47    11    58 0.68 NZ_ABEW01000004.1_419 # 477719 # 479626 # -1 # ID=60_419;partial=00;start_type=ATG;rbs_motif=None;rbs_spacer=None;gc_cont=0.574
NZ_ABEW01000004.1:477719-479626|- -            636 13669at91347         -            358     0.045   10.6   0.5   2   2     0.015       4.8    3.9   0.1   122   142   340   360   331   364 0.79 NZ_ABEW01000004.1_419 # 477719 # 479626 # -1 # ID=60_419;partial=00;start_type=ATG;rbs_motif=None;rbs_spacer=None;gc_cont=0.574
#
# Program:         hmmsearch
# Version:         3.4 (Aug 2023)
# Pipeline mode:   SEARCH
# Query file:      /Users/dizzler/Projects/School/BIOL4600-Capstone/databases/lineages/enterobacterales_odb10/hmms/13669at91347.hmm
# Target file:     /Users/dizzler/Projects/School/BIOL4600-Capstone/reports/busco-results/GCF_000171415.1_ASM17141v1_genomic.fna/prodigal_output/predicted_genes/predicted.faa
# Option settings: hmmsearch --domtblout /Users/dizzler/Projects/School/BIOL4600-Capstone/reports/busco-results/GCF_000171415.1_ASM17141v1_genomic.fna/run_enterobacterales_odb10/hmmer_output/13669at91347.out --cpu 1 /Users/dizzler/Projects/School/BIOL4600-Capstone/databases/lineages/enterobacterales_odb10/hmms/13669at91347.hmm /Users/dizzler/Projects/School/BIOL4600-Capstone/reports/busco-results/GCF_000171415.1_ASM17141v1_genomic.fna/prodigal_output/predicted_genes/predicted.faa 
# Current dir:     /Users/dizzler/Projects/School/BIOL4600-Capstone
# Date:            Wed Feb 25 22:54:05 2026
# [ok]
