#                                                                                         --- full sequence --- -------------- this domain -------------   hmm coord   ali coord   env coord
# target name                     accession   tlen query name           accession   qlen   E-value  score  bias   #  of  c-Evalue  i-Evalue  score  bias  from    to  from    to  from    to  acc description of target
#             ------------------- ---------- ----- -------------------- ---------- ----- --------- ------ ----- --- --- --------- --------- ------ ----- ----- ----- ----- ----- ----- ----- ---- ---------------------
NZ_ABEW01000005.1:455138-457720|- -            861 1674at91347          -            714         0 1214.8   4.0   1   2         0         0 1201.1   1.3     1   695     1   813     1   820 0.90 NZ_ABEW01000005.1_452 # 455138 # 457720 # -1 # ID=59_452;partial=00;start_type=ATG;rbs_motif=AGGA/GGAG/GAGG;rbs_spacer=11-12bp;gc_cont=0.560
NZ_ABEW01000005.1:455138-457720|- -            861 1674at91347          -            714         0 1214.8   4.0   2   2   0.00054      0.51    6.3   0.1   697   714   842   859   829   859 0.85 NZ_ABEW01000005.1_452 # 455138 # 457720 # -1 # ID=59_452;partial=00;start_type=ATG;rbs_motif=AGGA/GGAG/GAGG;rbs_spacer=11-12bp;gc_cont=0.560
NZ_ABEW01000003.1:433430-436285|+ -            952 1674at91347          -            714   8.7e-41  137.8  10.2   1   5   2.8e-29   2.6e-26   89.9   0.6     1   172     1   190     1   202 0.80 NZ_ABEW01000003.1_389 # 433430 # 436285 # 1 # ID=61_389;partial=00;start_type=ATG;rbs_motif=GGA/GAG/AGG;rbs_spacer=3-4bp;gc_cont=0.569
NZ_ABEW01000003.1:433430-436285|+ -            952 1674at91347          -            714   8.7e-41  137.8  10.2   2   5   1.1e-05      0.01   12.0   0.0   232   335   216   312   209   333 0.81 NZ_ABEW01000003.1_389 # 433430 # 436285 # 1 # ID=61_389;partial=00;start_type=ATG;rbs_motif=GGA/GAG/AGG;rbs_spacer=3-4bp;gc_cont=0.569
NZ_ABEW01000003.1:433430-436285|+ -            952 1674at91347          -            714   8.7e-41  137.8  10.2   3   5     1e-08   9.4e-06   22.0   0.8   354   423   420   485   407   526 0.82 NZ_ABEW01000003.1_389 # 433430 # 436285 # 1 # ID=61_389;partial=00;start_type=ATG;rbs_motif=GGA/GAG/AGG;rbs_spacer=3-4bp;gc_cont=0.569
NZ_ABEW01000003.1:433430-436285|+ -            952 1674at91347          -            714   8.7e-41  137.8  10.2   4   5    0.0025       2.3    4.2   0.1   532   549   553   570   540   573 0.89 NZ_ABEW01000003.1_389 # 433430 # 436285 # 1 # ID=61_389;partial=00;start_type=ATG;rbs_motif=GGA/GAG/AGG;rbs_spacer=3-4bp;gc_cont=0.569
NZ_ABEW01000003.1:433430-436285|+ -            952 1674at91347          -            714   8.7e-41  137.8  10.2   5   5   3.3e-05     0.031   10.4   0.0   548   590   606   648   582   659 0.89 NZ_ABEW01000003.1_389 # 433430 # 436285 # 1 # ID=61_389;partial=00;start_type=ATG;rbs_motif=GGA/GAG/AGG;rbs_spacer=3-4bp;gc_cont=0.569
NZ_ABEW01000003.1:232736-235570|- -            945 1674at91347          -            714   3.9e-23   79.4   0.9   1   5   5.4e-10   5.1e-07   26.2   0.0    15   170    30   200    23   225 0.77 NZ_ABEW01000003.1_204 # 232736 # 235570 # -1 # ID=61_204;partial=00;start_type=ATG;rbs_motif=GGA/GAG/AGG;rbs_spacer=5-10bp;gc_cont=0.549
NZ_ABEW01000003.1:232736-235570|- -            945 1674at91347          -            714   3.9e-23   79.4   0.9   2   5    0.0061       5.8    2.9   0.0   275   321   307   354   280   365 0.86 NZ_ABEW01000003.1_204 # 232736 # 235570 # -1 # ID=61_204;partial=00;start_type=ATG;rbs_motif=GGA/GAG/AGG;rbs_spacer=5-10bp;gc_cont=0.549
NZ_ABEW01000003.1:232736-235570|- -            945 1674at91347          -            714   3.9e-23   79.4   0.9   3   5   2.1e-05      0.02   11.0   0.2   170   210   401   443   374   452 0.75 NZ_ABEW01000003.1_204 # 232736 # 235570 # -1 # ID=61_204;partial=00;start_type=ATG;rbs_motif=GGA/GAG/AGG;rbs_spacer=5-10bp;gc_cont=0.549
NZ_ABEW01000003.1:232736-235570|- -            945 1674at91347          -            714   3.9e-23   79.4   0.9   4   5   1.5e-07   0.00014   18.1   0.4   336   410   438   514   433   528 0.74 NZ_ABEW01000003.1_204 # 232736 # 235570 # -1 # ID=61_204;partial=00;start_type=ATG;rbs_motif=GGA/GAG/AGG;rbs_spacer=5-10bp;gc_cont=0.549
NZ_ABEW01000003.1:232736-235570|- -            945 1674at91347          -            714   3.9e-23   79.4   0.9   5   5   1.1e-06    0.0011   15.2   0.0   532   561   603   632   560   648 0.78 NZ_ABEW01000003.1_204 # 232736 # 235570 # -1 # ID=61_204;partial=00;start_type=ATG;rbs_motif=GGA/GAG/AGG;rbs_spacer=5-10bp;gc_cont=0.549
NZ_ABEW01000006.1:270708-272741|- -            678 1674at91347          -            714   2.2e-12   43.9   0.1   1   3   3.2e-13     3e-10   36.9   0.0    32   180     6   151     2   157 0.85 NZ_ABEW01000006.1_247 # 270708 # 272741 # -1 # ID=58_247;partial=00;start_type=ATG;rbs_motif=AGxAG;rbs_spacer=11-12bp;gc_cont=0.549
NZ_ABEW01000006.1:270708-272741|- -            678 1674at91347          -            714   2.2e-12   43.9   0.1   2   3      0.48   4.6e+02   -3.4   0.0   341   370   214   244   210   246 0.76 NZ_ABEW01000006.1_247 # 270708 # 272741 # -1 # ID=58_247;partial=00;start_type=ATG;rbs_motif=AGxAG;rbs_spacer=11-12bp;gc_cont=0.549
NZ_ABEW01000006.1:270708-272741|- -            678 1674at91347          -            714   2.2e-12   43.9   0.1   3   3     0.002       1.9    4.4   0.0   532   560   332   360   319   456 0.83 NZ_ABEW01000006.1_247 # 270708 # 272741 # -1 # ID=58_247;partial=00;start_type=ATG;rbs_motif=AGxAG;rbs_spacer=11-12bp;gc_cont=0.549
NZ_ABEW01000005.1:311201-312586|+ -            462 1674at91347          -            714   2.2e-07   27.4   0.9   1   2   0.00044      0.42    6.6   0.2    47    70    36    59    19    65 0.91 NZ_ABEW01000005.1_291 # 311201 # 312586 # 1 # ID=59_291;partial=00;start_type=ATG;rbs_motif=GGA/GAG/AGG;rbs_spacer=5-10bp;gc_cont=0.548
NZ_ABEW01000005.1:311201-312586|+ -            462 1674at91347          -            714   2.2e-07   27.4   0.9   2   2   6.6e-08   6.2e-05   19.3   0.0   514   589   247   321   235   331 0.87 NZ_ABEW01000005.1_291 # 311201 # 312586 # 1 # ID=59_291;partial=00;start_type=ATG;rbs_motif=GGA/GAG/AGG;rbs_spacer=5-10bp;gc_cont=0.548
#
# Program:         hmmsearch
# Version:         3.4 (Aug 2023)
# Pipeline mode:   SEARCH
# Query file:      /Users/dizzler/Projects/School/BIOL4600-Capstone/busco_downloads/lineages/enterobacterales_odb10/hmms/1674at91347.hmm
# Target file:     reports/busco-results/GCF_000171415.1_ASM17141v1_genomic.fna/prodigal_output/predicted_genes/predicted.faa
# Option settings: hmmsearch --domtblout reports/busco-results/GCF_000171415.1_ASM17141v1_genomic.fna/run_enterobacterales_odb10/hmmer_output/1674at91347.out --cpu 1 /Users/dizzler/Projects/School/BIOL4600-Capstone/busco_downloads/lineages/enterobacterales_odb10/hmms/1674at91347.hmm reports/busco-results/GCF_000171415.1_ASM17141v1_genomic.fna/prodigal_output/predicted_genes/predicted.faa 
# Current dir:     /Users/dizzler/Projects/School/BIOL4600-Capstone
# Date:            Sat Feb 21 23:26:47 2026
# [ok]
