#                                                                                         --- full sequence --- -------------- this domain -------------   hmm coord   ali coord   env coord
# target name                     accession   tlen query name           accession   qlen   E-value  score  bias   #  of  c-Evalue  i-Evalue  score  bias  from    to  from    to  from    to  acc description of target
#             ------------------- ---------- ----- -------------------- ---------- ----- --------- ------ ----- --- --- --------- --------- ------ ----- ----- ----- ----- ----- ----- ----- ---- ---------------------
NZ_ABEW01000005.1:216050-217321|+ -            424 17277at91347         -            348  8.3e-190  628.2   1.8   1   1  4.8e-192  1.9e-189  627.0   1.8     1   344    12   404    12   413 0.91 NZ_ABEW01000005.1_203 # 216050 # 217321 # 1 # ID=59_203;partial=00;start_type=ATG;rbs_motif=GGAG/GAGG;rbs_spacer=5-10bp;gc_cont=0.528
NZ_ABEW01000011.1:99098-100429|-  -            444 17277at91347         -            348   8.2e-48  161.2   1.1   1   3   7.8e-26   3.1e-23   80.4   0.0    40   134     4   105     1   118 0.89 NZ_ABEW01000011.1_101 # 99098 # 100429 # -1 # ID=53_101;partial=00;start_type=ATG;rbs_motif=AGGA;rbs_spacer=5-10bp;gc_cont=0.533
NZ_ABEW01000011.1:99098-100429|-  -            444 17277at91347         -            348   8.2e-48  161.2   1.1   2   3   2.5e-12   9.7e-10   36.0   0.1   143   219   248   311   226   316 0.83 NZ_ABEW01000011.1_101 # 99098 # 100429 # -1 # ID=53_101;partial=00;start_type=ATG;rbs_motif=AGGA;rbs_spacer=5-10bp;gc_cont=0.533
NZ_ABEW01000011.1:99098-100429|-  -            444 17277at91347         -            348   8.2e-48  161.2   1.1   3   3   3.4e-14   1.3e-11   42.1   0.0   249   343   318   425   312   429 0.81 NZ_ABEW01000011.1_101 # 99098 # 100429 # -1 # ID=53_101;partial=00;start_type=ATG;rbs_motif=AGGA;rbs_spacer=5-10bp;gc_cont=0.533
NZ_ABEW01000007.1:155611-157887|+ -            759 17277at91347         -            348   8.4e-09   32.9   0.0   1   3   1.8e-07   7.2e-05   20.0   0.0    75   156   203   290   196   296 0.73 NZ_ABEW01000007.1_149 # 155611 # 157887 # 1 # ID=57_149;partial=00;start_type=ATG;rbs_motif=GGAGG;rbs_spacer=5-10bp;gc_cont=0.540
NZ_ABEW01000007.1:155611-157887|+ -            759 17277at91347         -            348   8.4e-09   32.9   0.0   2   3    0.0022      0.86    6.6   0.0    40   108   447   517   422   551 0.82 NZ_ABEW01000007.1_149 # 155611 # 157887 # 1 # ID=57_149;partial=00;start_type=ATG;rbs_motif=GGAGG;rbs_spacer=5-10bp;gc_cont=0.540
NZ_ABEW01000007.1:155611-157887|+ -            759 17277at91347         -            348   8.4e-09   32.9   0.0   3   3     0.045        18    2.2   0.0   244   321   631   710   612   718 0.73 NZ_ABEW01000007.1_149 # 155611 # 157887 # 1 # ID=57_149;partial=00;start_type=ATG;rbs_motif=GGAGG;rbs_spacer=5-10bp;gc_cont=0.540
NZ_ABEW01000002.1:100076-102019|+ -            648 17277at91347         -            348   7.5e-07   26.5   0.0   1   1     3e-09   1.2e-06   25.8   0.0    80   159   189   262   141   283 0.79 NZ_ABEW01000002.1_98 # 100076 # 102019 # 1 # ID=62_98;partial=00;start_type=TTG;rbs_motif=GGAG/GAGG;rbs_spacer=5-10bp;gc_cont=0.558
NZ_ABEW01000002.1:700022-702595|+ -            858 17277at91347         -            348     1e-05   22.8   0.0   1   3    0.0079       3.1    4.7   0.0    77   102   197   222   185   281 0.87 NZ_ABEW01000002.1_658 # 700022 # 702595 # 1 # ID=62_658;partial=00;start_type=ATG;rbs_motif=GGAGG;rbs_spacer=3-4bp;gc_cont=0.533
NZ_ABEW01000002.1:700022-702595|+ -            858 17277at91347         -            348     1e-05   22.8   0.0   2   3   9.8e-06    0.0038   14.3   0.0    38   103   555   622   546   633 0.86 NZ_ABEW01000002.1_658 # 700022 # 702595 # 1 # ID=62_658;partial=00;start_type=ATG;rbs_motif=GGAGG;rbs_spacer=3-4bp;gc_cont=0.533
NZ_ABEW01000002.1:700022-702595|+ -            858 17277at91347         -            348     1e-05   22.8   0.0   3   3      0.68   2.7e+02   -1.6   0.0   249   275   749   775   743   822 0.81 NZ_ABEW01000002.1_658 # 700022 # 702595 # 1 # ID=62_658;partial=00;start_type=ATG;rbs_motif=GGAGG;rbs_spacer=3-4bp;gc_cont=0.533
NZ_ABEW01000004.1:447455-447976|+ -            174 17277at91347         -            348   0.00068   16.8   0.0   1   1   2.2e-06   0.00086   16.4   0.0    78   113     3    38     1    75 0.86 NZ_ABEW01000004.1_392 # 447455 # 447976 # 1 # ID=60_392;partial=00;start_type=ATG;rbs_motif=AGxAG;rbs_spacer=5-10bp;gc_cont=0.504
NZ_ABEW01000013.1:86366-87886|+   -            507 17277at91347         -            348    0.0058   13.7   0.0   1   2   3.7e-05     0.014   12.4   0.0    77   103   208   234   186   249 0.84 NZ_ABEW01000013.1_79 # 86366 # 87886 # 1 # ID=51_79;partial=00;start_type=ATG;rbs_motif=AGGAGG;rbs_spacer=3-4bp;gc_cont=0.527
NZ_ABEW01000013.1:86366-87886|+   -            507 17277at91347         -            348    0.0058   13.7   0.0   2   2       2.7     1e+03   -3.6   0.0   140   158   290   308   289   310 0.81 NZ_ABEW01000013.1_79 # 86366 # 87886 # 1 # ID=51_79;partial=00;start_type=ATG;rbs_motif=AGGAGG;rbs_spacer=3-4bp;gc_cont=0.527
NZ_ABEW01000007.1:174102-175445|+ -            448 17277at91347         -            348    0.0062   13.6   0.0   1   1   2.7e-05     0.011   12.8   0.0    81   161    52   123    39   130 0.74 NZ_ABEW01000007.1_163 # 174102 # 175445 # 1 # ID=57_163;partial=00;start_type=GTG;rbs_motif=GGAG/GAGG;rbs_spacer=5-10bp;gc_cont=0.565
NZ_ABEW01000002.1:556633-558711|- -            693 17277at91347         -            348     0.014   12.4   0.0   1   1   6.7e-05     0.026   11.5   0.0    65   100   386   423   368   427 0.85 NZ_ABEW01000002.1_528 # 556633 # 558711 # -1 # ID=62_528;partial=00;start_type=ATG;rbs_motif=GGA/GAG/AGG;rbs_spacer=5-10bp;gc_cont=0.548
NZ_ABEW01000003.1:528174-529124|- -            317 17277at91347         -            348     0.019   12.0   0.1   1   1   8.8e-05     0.035   11.1   0.1    81   113    12    44     6    55 0.86 NZ_ABEW01000003.1_483 # 528174 # 529124 # -1 # ID=61_483;partial=00;start_type=ATG;rbs_motif=None;rbs_spacer=None;gc_cont=0.546
NZ_ABEW01000011.1:122656-123759|- -            368 17277at91347         -            348     0.038   11.0   0.0   1   1   0.00014     0.054   10.5   0.0    78   118    81   122    69   129 0.82 NZ_ABEW01000011.1_119 # 122656 # 123759 # -1 # ID=53_119;partial=00;start_type=ATG;rbs_motif=AGGAG;rbs_spacer=5-10bp;gc_cont=0.583
NZ_ABEW01000001.1:93471-94481|+   -            337 17277at91347         -            348     0.057   10.4   0.0   1   1   0.00024     0.092    9.7   0.0    73   121    49    97    10   106 0.74 NZ_ABEW01000001.1_99 # 93471 # 94481 # 1 # ID=63_99;partial=00;start_type=ATG;rbs_motif=GGAG/GAGG;rbs_spacer=5-10bp;gc_cont=0.577
#
# Program:         hmmsearch
# Version:         3.4 (Aug 2023)
# Pipeline mode:   SEARCH
# Query file:      /Users/dizzler/Projects/School/BIOL4600-Capstone/busco_downloads/lineages/enterobacterales_odb10/hmms/17277at91347.hmm
# Target file:     reports/busco-results/GCF_000171415.1_ASM17141v1_genomic.fna/prodigal_output/predicted_genes/predicted.faa
# Option settings: hmmsearch --domtblout reports/busco-results/GCF_000171415.1_ASM17141v1_genomic.fna/run_enterobacterales_odb10/hmmer_output/17277at91347.out --cpu 1 /Users/dizzler/Projects/School/BIOL4600-Capstone/busco_downloads/lineages/enterobacterales_odb10/hmms/17277at91347.hmm reports/busco-results/GCF_000171415.1_ASM17141v1_genomic.fna/prodigal_output/predicted_genes/predicted.faa 
# Current dir:     /Users/dizzler/Projects/School/BIOL4600-Capstone
# Date:            Sat Feb 21 23:26:47 2026
# [ok]
