#                                                                                         --- full sequence --- -------------- this domain -------------   hmm coord   ali coord   env coord
# target name                     accession   tlen query name           accession   qlen   E-value  score  bias   #  of  c-Evalue  i-Evalue  score  bias  from    to  from    to  from    to  acc description of target
#             ------------------- ---------- ----- -------------------- ---------- ----- --------- ------ ----- --- --- --------- --------- ------ ----- ----- ----- ----- ----- ----- ----- ---- ---------------------
NZ_ABEW01000003.1:136714-138189|- -            492 19201at91347         -            411  1.3e-208  691.1   0.0   1   2  1.9e-134  1.8e-131  437.0   0.0     6   248    11   264     4   274 0.95 NZ_ABEW01000003.1_122 # 136714 # 138189 # -1 # ID=61_122;partial=00;start_type=ATG;rbs_motif=4Base/6BMM;rbs_spacer=13-15bp;gc_cont=0.563
NZ_ABEW01000003.1:136714-138189|- -            492 19201at91347         -            411  1.3e-208  691.1   0.0   2   2   6.2e-77   5.9e-74  247.5   0.0   245   410   284   479   280   480 0.89 NZ_ABEW01000003.1_122 # 136714 # 138189 # -1 # ID=61_122;partial=00;start_type=ATG;rbs_motif=4Base/6BMM;rbs_spacer=13-15bp;gc_cont=0.563
NZ_ABEW01000003.1:471796-473169|- -            458 19201at91347         -            411   2.3e-42  143.4   0.0   1   2   1.4e-34   1.3e-31  108.0   0.0    16   221     2   224     1   231 0.84 NZ_ABEW01000003.1_426 # 471796 # 473169 # -1 # ID=61_426;partial=00;start_type=ATG;rbs_motif=AGGA;rbs_spacer=5-10bp;gc_cont=0.589
NZ_ABEW01000003.1:471796-473169|- -            458 19201at91347         -            411   2.3e-42  143.4   0.0   2   2   6.6e-12   6.2e-09   33.3   0.0   248   356   274   387   266   443 0.87 NZ_ABEW01000003.1_426 # 471796 # 473169 # -1 # ID=61_426;partial=00;start_type=ATG;rbs_motif=AGGA;rbs_spacer=5-10bp;gc_cont=0.589
NZ_ABEW01000003.1:140616-141932|- -            439 19201at91347         -            411   4.9e-12   43.6   0.0   1   2   4.1e-09   3.9e-06   24.1   0.0    65   203    65   201    45   217 0.81 NZ_ABEW01000003.1_125 # 140616 # 141932 # -1 # ID=61_125;partial=00;start_type=ATG;rbs_motif=GGA/GAG/AGG;rbs_spacer=5-10bp;gc_cont=0.583
NZ_ABEW01000003.1:140616-141932|- -            439 19201at91347         -            411   4.9e-12   43.6   0.0   2   2   5.1e-07   0.00048   17.2   0.0   242   291   257   307   251   318 0.87 NZ_ABEW01000003.1_125 # 140616 # 141932 # -1 # ID=61_125;partial=00;start_type=ATG;rbs_motif=GGA/GAG/AGG;rbs_spacer=5-10bp;gc_cont=0.583
NZ_ABEW01000003.1:144366-145853|- -            496 19201at91347         -            411   5.4e-06   23.7   0.2   1   2   3.2e-05      0.03   11.3   0.7   109   226   112   249   106   265 0.59 NZ_ABEW01000003.1_128 # 144366 # 145853 # -1 # ID=61_128;partial=00;start_type=GTG;rbs_motif=GGAG/GAGG;rbs_spacer=5-10bp;gc_cont=0.590
NZ_ABEW01000003.1:144366-145853|- -            496 19201at91347         -            411   5.4e-06   23.7   0.2   2   2    0.0017       1.6    5.6   0.0   251   318   305   375   299   385 0.69 NZ_ABEW01000003.1_128 # 144366 # 145853 # -1 # ID=61_128;partial=00;start_type=GTG;rbs_motif=GGAG/GAGG;rbs_spacer=5-10bp;gc_cont=0.590
NZ_ABEW01000003.1:143011-144369|- -            453 19201at91347         -            411    0.0019   15.2   0.0   1   2    0.0022       2.1    5.2   0.0   108   221   102   222    88   236 0.76 NZ_ABEW01000003.1_127 # 143011 # 144369 # -1 # ID=61_127;partial=00;start_type=ATG;rbs_motif=GGxGG;rbs_spacer=5-10bp;gc_cont=0.565
NZ_ABEW01000003.1:143011-144369|- -            453 19201at91347         -            411    0.0019   15.2   0.0   2   2   0.00038      0.36    7.8   0.1   245   287   273   316   267   349 0.73 NZ_ABEW01000003.1_127 # 143011 # 144369 # -1 # ID=61_127;partial=00;start_type=ATG;rbs_motif=GGxGG;rbs_spacer=5-10bp;gc_cont=0.565
#
# Program:         hmmsearch
# Version:         3.4 (Aug 2023)
# Pipeline mode:   SEARCH
# Query file:      /Users/dizzler/Projects/School/BIOL4600-Capstone/databases/lineages/enterobacterales_odb10/hmms/19201at91347.hmm
# Target file:     /Users/dizzler/Projects/School/BIOL4600-Capstone/reports/busco-results/GCF_000171415.1_ASM17141v1_genomic.fna/prodigal_output/predicted_genes/predicted.faa
# Option settings: hmmsearch --domtblout /Users/dizzler/Projects/School/BIOL4600-Capstone/reports/busco-results/GCF_000171415.1_ASM17141v1_genomic.fna/run_enterobacterales_odb10/hmmer_output/19201at91347.out --cpu 1 /Users/dizzler/Projects/School/BIOL4600-Capstone/databases/lineages/enterobacterales_odb10/hmms/19201at91347.hmm /Users/dizzler/Projects/School/BIOL4600-Capstone/reports/busco-results/GCF_000171415.1_ASM17141v1_genomic.fna/prodigal_output/predicted_genes/predicted.faa 
# Current dir:     /Users/dizzler/Projects/School/BIOL4600-Capstone
# Date:            Wed Feb 25 22:54:05 2026
# [ok]
