#                                                                                         --- full sequence --- -------------- this domain -------------   hmm coord   ali coord   env coord
# target name                     accession   tlen query name           accession   qlen   E-value  score  bias   #  of  c-Evalue  i-Evalue  score  bias  from    to  from    to  from    to  acc description of target
#             ------------------- ---------- ----- -------------------- ---------- ----- --------- ------ ----- --- --- --------- --------- ------ ----- ----- ----- ----- ----- ----- ----- ---- ---------------------
NZ_ABEW01000007.1:223395-224795|- -            467 21912at91347         -            383  3.1e-206  683.2   0.0   1   2  1.6e-115  2.6e-112  374.0   0.1     4   227    14   276    11   283 0.91 NZ_ABEW01000007.1_200 # 223395 # 224795 # -1 # ID=57_200;partial=00;start_type=ATG;rbs_motif=GGA/GAG/AGG;rbs_spacer=5-10bp;gc_cont=0.550
NZ_ABEW01000007.1:223395-224795|- -            467 21912at91347         -            383  3.1e-206  683.2   0.0   2   2   2.1e-94   3.3e-91  304.6   0.0   208   383   280   466   276   466 0.95 NZ_ABEW01000007.1_200 # 223395 # 224795 # -1 # ID=57_200;partial=00;start_type=ATG;rbs_motif=GGA/GAG/AGG;rbs_spacer=5-10bp;gc_cont=0.550
NZ_ABEW01000001.1:86653-88425|+   -            591 21912at91347         -            383   1.4e-18   65.5   0.0   1   3      0.02        31    1.8   0.0     6    34    14    41     9    49 0.78 NZ_ABEW01000001.1_91 # 86653 # 88425 # 1 # ID=63_91;partial=00;start_type=ATG;rbs_motif=GGA/GAG/AGG;rbs_spacer=5-10bp;gc_cont=0.566
NZ_ABEW01000001.1:86653-88425|+   -            591 21912at91347         -            383   1.4e-18   65.5   0.0   2   3   1.5e-06    0.0024   15.4   0.0    61   214    92   240    67   274 0.78 NZ_ABEW01000001.1_91 # 86653 # 88425 # 1 # ID=63_91;partial=00;start_type=ATG;rbs_motif=GGA/GAG/AGG;rbs_spacer=5-10bp;gc_cont=0.566
NZ_ABEW01000001.1:86653-88425|+   -            591 21912at91347         -            383   1.4e-18   65.5   0.0   3   3     2e-15   3.2e-12   44.5   0.0   277   380   454   560   451   563 0.86 NZ_ABEW01000001.1_91 # 86653 # 88425 # 1 # ID=63_91;partial=00;start_type=ATG;rbs_motif=GGA/GAG/AGG;rbs_spacer=5-10bp;gc_cont=0.566
NZ_ABEW01000002.1:364046-365563|+ -            506 21912at91347         -            383   1.6e-06   25.8   0.0   1   2   0.00048      0.75    7.1   0.0   107   215   185   287   133   317 0.79 NZ_ABEW01000002.1_348 # 364046 # 365563 # 1 # ID=62_348;partial=00;start_type=ATG;rbs_motif=GGAG/GAGG;rbs_spacer=5-10bp;gc_cont=0.540
NZ_ABEW01000002.1:364046-365563|+ -            506 21912at91347         -            383   1.6e-06   25.8   0.0   2   2   6.1e-07   0.00096   16.6   0.0   314   376   434   500   344   504 0.64 NZ_ABEW01000002.1_348 # 364046 # 365563 # 1 # ID=62_348;partial=00;start_type=ATG;rbs_motif=GGAG/GAGG;rbs_spacer=5-10bp;gc_cont=0.540
#
# Program:         hmmsearch
# Version:         3.4 (Aug 2023)
# Pipeline mode:   SEARCH
# Query file:      /Users/dizzler/Projects/School/BIOL4600-Capstone/databases/lineages/enterobacterales_odb10/hmms/21912at91347.hmm
# Target file:     /Users/dizzler/Projects/School/BIOL4600-Capstone/reports/busco-results/GCF_000171415.1_ASM17141v1_genomic.fna/prodigal_output/predicted_genes/predicted.faa
# Option settings: hmmsearch --domtblout /Users/dizzler/Projects/School/BIOL4600-Capstone/reports/busco-results/GCF_000171415.1_ASM17141v1_genomic.fna/run_enterobacterales_odb10/hmmer_output/21912at91347.out --cpu 1 /Users/dizzler/Projects/School/BIOL4600-Capstone/databases/lineages/enterobacterales_odb10/hmms/21912at91347.hmm /Users/dizzler/Projects/School/BIOL4600-Capstone/reports/busco-results/GCF_000171415.1_ASM17141v1_genomic.fna/prodigal_output/predicted_genes/predicted.faa 
# Current dir:     /Users/dizzler/Projects/School/BIOL4600-Capstone
# Date:            Wed Feb 25 22:54:05 2026
# [ok]
