#                                                                                         --- full sequence --- -------------- this domain -------------   hmm coord   ali coord   env coord
# target name                     accession   tlen query name           accession   qlen   E-value  score  bias   #  of  c-Evalue  i-Evalue  score  bias  from    to  from    to  from    to  acc description of target
#             ------------------- ---------- ----- -------------------- ---------- ----- --------- ------ ----- --- --- --------- --------- ------ ----- ----- ----- ----- ----- ----- ----- ---- ---------------------
NZ_ABEW01000011.1:99098-100429|-  -            444 22118at91347         -            397  1.8e-234  776.0   8.1   1   1  1.4e-235  7.6e-233  770.7   8.1     1   397     1   443     1   443 0.96 NZ_ABEW01000011.1_101 # 99098 # 100429 # -1 # ID=53_101;partial=00;start_type=ATG;rbs_motif=AGGA;rbs_spacer=5-10bp;gc_cont=0.533
NZ_ABEW01000005.1:216050-217321|+ -            424 22118at91347         -            397     1e-48  164.4   0.5   1   3   8.9e-24   4.6e-21   73.3   0.0     5    99    66   167    63   175 0.87 NZ_ABEW01000005.1_203 # 216050 # 217321 # 1 # ID=59_203;partial=00;start_type=ATG;rbs_motif=GGAG/GAGG;rbs_spacer=5-10bp;gc_cont=0.528
NZ_ABEW01000005.1:216050-217321|+ -            424 22118at91347         -            397     1e-48  164.4   0.5   2   3   4.5e-13   2.4e-10   38.0   0.0   217   280   176   255   171   262 0.76 NZ_ABEW01000005.1_203 # 216050 # 217321 # 1 # ID=59_203;partial=00;start_type=ATG;rbs_motif=GGAG/GAGG;rbs_spacer=5-10bp;gc_cont=0.528
NZ_ABEW01000005.1:216050-217321|+ -            424 22118at91347         -            397     1e-48  164.4   0.5   3   3   1.2e-16   6.1e-14   49.8   0.0   280   372   299   386   271   411 0.81 NZ_ABEW01000005.1_203 # 216050 # 217321 # 1 # ID=59_203;partial=00;start_type=ATG;rbs_motif=GGAG/GAGG;rbs_spacer=5-10bp;gc_cont=0.528
NZ_ABEW01000002.1:100076-102019|+ -            648 22118at91347         -            397   5.3e-08   30.3   0.3   1   3   2.1e-09   1.1e-06   25.9   0.0    15   103   158   245   145   248 0.79 NZ_ABEW01000002.1_98 # 100076 # 102019 # 1 # ID=62_98;partial=00;start_type=TTG;rbs_motif=GGAG/GAGG;rbs_spacer=5-10bp;gc_cont=0.558
NZ_ABEW01000002.1:100076-102019|+ -            648 22118at91347         -            397   5.3e-08   30.3   0.3   2   3     0.047        25    1.8   0.0   220   237   249   266   243   284 0.86 NZ_ABEW01000002.1_98 # 100076 # 102019 # 1 # ID=62_98;partial=00;start_type=TTG;rbs_motif=GGAG/GAGG;rbs_spacer=5-10bp;gc_cont=0.558
NZ_ABEW01000002.1:100076-102019|+ -            648 22118at91347         -            397   5.3e-08   30.3   0.3   3   3       1.8   9.4e+02   -3.4   0.0   293   328   550   588   546   597 0.75 NZ_ABEW01000002.1_98 # 100076 # 102019 # 1 # ID=62_98;partial=00;start_type=TTG;rbs_motif=GGAG/GAGG;rbs_spacer=5-10bp;gc_cont=0.558
NZ_ABEW01000002.1:700022-702595|+ -            858 22118at91347         -            397   5.7e-07   26.9   0.1   1   2    0.0067       3.5    4.6   0.1    33    66   189   221   172   227 0.80 NZ_ABEW01000002.1_658 # 700022 # 702595 # 1 # ID=62_658;partial=00;start_type=ATG;rbs_motif=GGAGG;rbs_spacer=3-4bp;gc_cont=0.533
NZ_ABEW01000002.1:700022-702595|+ -            858 22118at91347         -            397   5.7e-07   26.9   0.1   2   2   2.6e-07   0.00013   19.1   0.0    12    86   568   643   561   649 0.77 NZ_ABEW01000002.1_658 # 700022 # 702595 # 1 # ID=62_658;partial=00;start_type=ATG;rbs_motif=GGAGG;rbs_spacer=3-4bp;gc_cont=0.533
NZ_ABEW01000007.1:155611-157887|+ -            759 22118at91347         -            397     4e-06   24.1   0.4   1   4    0.0067       3.5    4.5   0.0    44    65   207   228   193   246 0.81 NZ_ABEW01000007.1_149 # 155611 # 157887 # 1 # ID=57_149;partial=00;start_type=ATG;rbs_motif=GGAGG;rbs_spacer=5-10bp;gc_cont=0.540
NZ_ABEW01000007.1:155611-157887|+ -            759 22118at91347         -            397     4e-06   24.1   0.4   2   4      0.21   1.1e+02   -0.3   0.0   215   232   273   292   263   318 0.72 NZ_ABEW01000007.1_149 # 155611 # 157887 # 1 # ID=57_149;partial=00;start_type=ATG;rbs_motif=GGAGG;rbs_spacer=5-10bp;gc_cont=0.540
NZ_ABEW01000007.1:155611-157887|+ -            759 22118at91347         -            397     4e-06   24.1   0.4   3   4       1.8   9.3e+02   -3.4   0.0   197   219   383   405   352   407 0.77 NZ_ABEW01000007.1_149 # 155611 # 157887 # 1 # ID=57_149;partial=00;start_type=ATG;rbs_motif=GGAGG;rbs_spacer=5-10bp;gc_cont=0.540
NZ_ABEW01000007.1:155611-157887|+ -            759 22118at91347         -            397     4e-06   24.1   0.4   4   4   4.2e-06    0.0022   15.1   0.0    11    82   457   526   452   536 0.78 NZ_ABEW01000007.1_149 # 155611 # 157887 # 1 # ID=57_149;partial=00;start_type=ATG;rbs_motif=GGAGG;rbs_spacer=5-10bp;gc_cont=0.540
NZ_ABEW01000004.1:447455-447976|+ -            174 22118at91347         -            397   0.00057   17.0   0.2   1   1   1.3e-06    0.0007   16.7   0.2    45   175     5   147     2   171 0.64 NZ_ABEW01000004.1_392 # 447455 # 447976 # 1 # ID=60_392;partial=00;start_type=ATG;rbs_motif=AGxAG;rbs_spacer=5-10bp;gc_cont=0.504
NZ_ABEW01000010.1:129314-129679|+ -            122 22118at91347         -            397     0.038   11.0   0.0   1   1   8.3e-05     0.043   10.8   0.0   265   306    18    61     5    76 0.87 NZ_ABEW01000010.1_149 # 129314 # 129679 # 1 # ID=54_149;partial=00;start_type=ATG;rbs_motif=GGAG/GAGG;rbs_spacer=5-10bp;gc_cont=0.549
NZ_ABEW01000003.1:528174-529124|- -            317 22118at91347         -            397     0.038   11.0   0.0   1   1   0.00012     0.062   10.3   0.0    43    77     9    43     1    55 0.88 NZ_ABEW01000003.1_483 # 528174 # 529124 # -1 # ID=61_483;partial=00;start_type=ATG;rbs_motif=None;rbs_spacer=None;gc_cont=0.546
NZ_ABEW01000004.1:403968-405551|- -            528 22118at91347         -            397     0.054   10.5   0.0   1   1   0.00021      0.11    9.5   0.0    26    75   186   245   182   252 0.62 NZ_ABEW01000004.1_359 # 403968 # 405551 # -1 # ID=60_359;partial=00;start_type=ATG;rbs_motif=AGGA;rbs_spacer=5-10bp;gc_cont=0.602
#
# Program:         hmmsearch
# Version:         3.4 (Aug 2023)
# Pipeline mode:   SEARCH
# Query file:      /Users/dizzler/Projects/School/BIOL4600-Capstone/busco_downloads/lineages/enterobacterales_odb10/hmms/22118at91347.hmm
# Target file:     reports/busco-results/GCF_000171415.1_ASM17141v1_genomic.fna/prodigal_output/predicted_genes/predicted.faa
# Option settings: hmmsearch --domtblout reports/busco-results/GCF_000171415.1_ASM17141v1_genomic.fna/run_enterobacterales_odb10/hmmer_output/22118at91347.out --cpu 1 /Users/dizzler/Projects/School/BIOL4600-Capstone/busco_downloads/lineages/enterobacterales_odb10/hmms/22118at91347.hmm reports/busco-results/GCF_000171415.1_ASM17141v1_genomic.fna/prodigal_output/predicted_genes/predicted.faa 
# Current dir:     /Users/dizzler/Projects/School/BIOL4600-Capstone
# Date:            Sat Feb 21 23:26:47 2026
# [ok]
