#                                                                                         --- full sequence --- -------------- this domain -------------   hmm coord   ali coord   env coord
# target name                     accession   tlen query name           accession   qlen   E-value  score  bias   #  of  c-Evalue  i-Evalue  score  bias  from    to  from    to  from    to  acc description of target
#             ------------------- ---------- ----- -------------------- ---------- ----- --------- ------ ----- --- --- --------- --------- ------ ----- ----- ----- ----- ----- ----- ----- ---- ---------------------
NZ_ABEW01000002.1:686118-687479|+ -            454 22268at91347         -            406  4.2e-204  676.0  15.8   1   1  1.8e-206  7.3e-204  675.2  15.8     1   406     1   446     1   446 0.95 NZ_ABEW01000002.1_643 # 686118 # 687479 # 1 # ID=62_643;partial=00;start_type=ATG;rbs_motif=GGA/GAG/AGG;rbs_spacer=5-10bp;gc_cont=0.552
NZ_ABEW01000004.1:350168-351643|+ -            492 22268at91347         -            406   6.7e-48  161.6   2.0   1   1   2.4e-50   9.4e-48  161.1   2.0    21   267   211   477   189   490 0.80 NZ_ABEW01000004.1_311 # 350168 # 351643 # 1 # ID=60_311;partial=00;start_type=ATG;rbs_motif=4Base/6BMM;rbs_spacer=13-15bp;gc_cont=0.551
NZ_ABEW01000005.1:193000-194109|- -            370 22268at91347         -            406    0.0031   14.5   0.0   1   2   4.3e-05     0.017   12.0   0.0    85   135    33    84    26   112 0.87 NZ_ABEW01000005.1_182 # 193000 # 194109 # -1 # ID=59_182;partial=00;start_type=ATG;rbs_motif=GGA/GAG/AGG;rbs_spacer=5-10bp;gc_cont=0.586
NZ_ABEW01000005.1:193000-194109|- -            370 22268at91347         -            406    0.0031   14.5   0.0   2   2      0.29   1.1e+02   -0.6   0.0   240   283   214   259   169   261 0.66 NZ_ABEW01000005.1_182 # 193000 # 194109 # -1 # ID=59_182;partial=00;start_type=ATG;rbs_motif=GGA/GAG/AGG;rbs_spacer=5-10bp;gc_cont=0.586
NZ_ABEW01000004.1:361023-361736|+ -            238 22268at91347         -            406    0.0045   13.9   0.0   1   1   1.8e-05     0.007   13.3   0.0    83   116    18    51     9    68 0.93 NZ_ABEW01000004.1_321 # 361023 # 361736 # 1 # ID=60_321;partial=00;start_type=ATG;rbs_motif=GGAG/GAGG;rbs_spacer=5-10bp;gc_cont=0.595
NZ_ABEW01000002.1:640647-644303|- -           1219 22268at91347         -            406    0.0097   12.8   0.1   1   2    0.0076         3    4.6   0.0    85   119   356   390   351   394 0.92 NZ_ABEW01000002.1_612 # 640647 # 644303 # -1 # ID=62_612;partial=00;start_type=ATG;rbs_motif=AGGAGG;rbs_spacer=3-4bp;gc_cont=0.591
NZ_ABEW01000002.1:640647-644303|- -           1219 22268at91347         -            406    0.0097   12.8   0.1   2   2    0.0034       1.3    5.8   0.0    85   117   983  1015   978  1019 0.88 NZ_ABEW01000002.1_612 # 640647 # 644303 # -1 # ID=62_612;partial=00;start_type=ATG;rbs_motif=AGGAGG;rbs_spacer=3-4bp;gc_cont=0.591
NZ_ABEW01000007.1:49575-51311|-   -            579 22268at91347         -            406     0.011   12.7   0.3   1   2    0.0054       2.1    5.1   0.0    90   122    27    59    21    62 0.83 NZ_ABEW01000007.1_49 # 49575 # 51311 # -1 # ID=57_49;partial=00;start_type=ATG;rbs_motif=GGAG/GAGG;rbs_spacer=5-10bp;gc_cont=0.561
NZ_ABEW01000007.1:49575-51311|-   -            579 22268at91347         -            406     0.011   12.7   0.3   2   2    0.0043       1.7    5.4   0.1    85   134   344   394   323   413 0.78 NZ_ABEW01000007.1_49 # 49575 # 51311 # -1 # ID=57_49;partial=00;start_type=ATG;rbs_motif=GGAG/GAGG;rbs_spacer=5-10bp;gc_cont=0.561
NZ_ABEW01000002.1:604719-605921|- -            401 22268at91347         -            406     0.012   12.5   0.1   1   1   5.2e-05     0.021   11.7   0.1    86   136    44    95    23   114 0.83 NZ_ABEW01000002.1_574 # 604719 # 605921 # -1 # ID=62_574;partial=00;start_type=ATG;rbs_motif=4Base/6BMM;rbs_spacer=13-15bp;gc_cont=0.501
NZ_ABEW01000006.1:437181-438941|+ -            587 22268at91347         -            406     0.012   12.5   0.3   1   2    0.0031       1.2    5.9   0.0    93   133     5    46     1    60 0.80 NZ_ABEW01000006.1_404 # 437181 # 438941 # 1 # ID=58_404;partial=00;start_type=ATG;rbs_motif=AGGAG;rbs_spacer=5-10bp;gc_cont=0.583
NZ_ABEW01000006.1:437181-438941|+ -            587 22268at91347         -            406     0.012   12.5   0.3   2   2    0.0087       3.4    4.4   0.1    91   120   321   350   314   363 0.85 NZ_ABEW01000006.1_404 # 437181 # 438941 # 1 # ID=58_404;partial=00;start_type=ATG;rbs_motif=AGGAG;rbs_spacer=5-10bp;gc_cont=0.583
NZ_ABEW01000001.1:180200-181012|- -            271 22268at91347         -            406     0.017   12.1   0.6   1   2   5.8e-05     0.023   11.6   0.2    97   133     4    41     1    85 0.87 NZ_ABEW01000001.1_190 # 180200 # 181012 # -1 # ID=63_190;partial=00;start_type=ATG;rbs_motif=AGGA;rbs_spacer=5-10bp;gc_cont=0.515
NZ_ABEW01000001.1:180200-181012|- -            271 22268at91347         -            406     0.017   12.1   0.6   2   2       2.4   9.6e+02   -3.6   0.0   263   283   182   203   170   206 0.72 NZ_ABEW01000001.1_190 # 180200 # 181012 # -1 # ID=63_190;partial=00;start_type=ATG;rbs_motif=AGGA;rbs_spacer=5-10bp;gc_cont=0.515
NZ_ABEW01000006.1:429427-430242|+ -            272 22268at91347         -            406     0.019   11.9   0.0   1   2     0.002      0.79    6.5   0.0    86   125    17    56    14    64 0.88 NZ_ABEW01000006.1_394 # 429427 # 430242 # 1 # ID=58_394;partial=00;start_type=ATG;rbs_motif=AGGA;rbs_spacer=5-10bp;gc_cont=0.526
NZ_ABEW01000006.1:429427-430242|+ -            272 22268at91347         -            406     0.019   11.9   0.0   2   2     0.021       8.3    3.2   0.0   101   133   164   196   115   207 0.83 NZ_ABEW01000006.1_394 # 429427 # 430242 # 1 # ID=58_394;partial=00;start_type=ATG;rbs_motif=AGGA;rbs_spacer=5-10bp;gc_cont=0.526
NZ_ABEW01000004.1:360254-361021|+ -            256 22268at91347         -            406     0.044   10.7   0.0   1   1   0.00016     0.064   10.1   0.0    85   121    20    56    13    64 0.89 NZ_ABEW01000004.1_320 # 360254 # 361021 # 1 # ID=60_320;partial=00;start_type=ATG;rbs_motif=AGGAG;rbs_spacer=5-10bp;gc_cont=0.574
NZ_ABEW01000006.1:263571-264518|+ -            316 22268at91347         -            406     0.056   10.3   0.0   1   1   0.00023     0.089    9.7   0.0    84   122    15    53    12    65 0.91 NZ_ABEW01000006.1_238 # 263571 # 264518 # 1 # ID=58_238;partial=00;start_type=ATG;rbs_motif=GGAG/GAGG;rbs_spacer=5-10bp;gc_cont=0.579
#
# Program:         hmmsearch
# Version:         3.4 (Aug 2023)
# Pipeline mode:   SEARCH
# Query file:      /Users/dizzler/Projects/School/BIOL4600-Capstone/busco_downloads/lineages/enterobacterales_odb10/hmms/22268at91347.hmm
# Target file:     reports/busco-results/GCF_000171415.1_ASM17141v1_genomic.fna/prodigal_output/predicted_genes/predicted.faa
# Option settings: hmmsearch --domtblout reports/busco-results/GCF_000171415.1_ASM17141v1_genomic.fna/run_enterobacterales_odb10/hmmer_output/22268at91347.out --cpu 1 /Users/dizzler/Projects/School/BIOL4600-Capstone/busco_downloads/lineages/enterobacterales_odb10/hmms/22268at91347.hmm reports/busco-results/GCF_000171415.1_ASM17141v1_genomic.fna/prodigal_output/predicted_genes/predicted.faa 
# Current dir:     /Users/dizzler/Projects/School/BIOL4600-Capstone
# Date:            Sat Feb 21 23:26:47 2026
# [ok]
