#                                                                                         --- full sequence --- -------------- this domain -------------   hmm coord   ali coord   env coord
# target name                     accession   tlen query name           accession   qlen   E-value  score  bias   #  of  c-Evalue  i-Evalue  score  bias  from    to  from    to  from    to  acc description of target
#             ------------------- ---------- ----- -------------------- ---------- ----- --------- ------ ----- --- --- --------- --------- ------ ----- ----- ----- ----- ----- ----- ----- ---- ---------------------
NZ_ABEW01000002.1:414358-417903|+ -           1182 2325at91347          -            955         0 1327.3   0.0   1   2         0         0 1018.8   0.0     2   731     7   846     6   850 0.88 NZ_ABEW01000002.1_394 # 414358 # 417903 # 1 # ID=62_394;partial=00;start_type=ATG;rbs_motif=GGA/GAG/AGG;rbs_spacer=5-10bp;gc_cont=0.560
NZ_ABEW01000002.1:414358-417903|+ -           1182 2325at91347          -            955         0 1327.3   0.0   2   2   2.5e-93   2.3e-90  301.9   0.0   731   954   898  1173   880  1174 0.84 NZ_ABEW01000002.1_394 # 414358 # 417903 # 1 # ID=62_394;partial=00;start_type=ATG;rbs_motif=GGA/GAG/AGG;rbs_spacer=5-10bp;gc_cont=0.560
NZ_ABEW01000013.1:73018-75042|-   -            675 2325at91347          -            955   8.6e-26   88.2   0.4   1   3     7e-05     0.066    9.2   0.1    11    75    15    71     9    92 0.87 NZ_ABEW01000013.1_68 # 73018 # 75042 # -1 # ID=51_68;partial=00;start_type=ATG;rbs_motif=GGA/GAG/AGG;rbs_spacer=5-10bp;gc_cont=0.531
NZ_ABEW01000013.1:73018-75042|-   -            675 2325at91347          -            955   8.6e-26   88.2   0.4   2   3   3.8e-17   3.6e-14   49.8   0.0   286   524   178   408   171   431 0.75 NZ_ABEW01000013.1_68 # 73018 # 75042 # -1 # ID=51_68;partial=00;start_type=ATG;rbs_motif=GGA/GAG/AGG;rbs_spacer=5-10bp;gc_cont=0.531
NZ_ABEW01000013.1:73018-75042|-   -            675 2325at91347          -            955   8.6e-26   88.2   0.4   3   3     2e-08   1.9e-05   20.9   0.0   627   709   540   612   496   639 0.79 NZ_ABEW01000013.1_68 # 73018 # 75042 # -1 # ID=51_68;partial=00;start_type=ATG;rbs_motif=GGA/GAG/AGG;rbs_spacer=5-10bp;gc_cont=0.531
NZ_ABEW01000013.1:38001-40163|-   -            721 2325at91347          -            955     3e-25   86.4   0.1   1   4   2.7e-05     0.025   10.5   0.0    13    74    24    77    17   106 0.81 NZ_ABEW01000013.1_36 # 38001 # 40163 # -1 # ID=51_36;partial=00;start_type=ATG;rbs_motif=GGxGG;rbs_spacer=5-10bp;gc_cont=0.580
NZ_ABEW01000013.1:38001-40163|-   -            721 2325at91347          -            955     3e-25   86.4   0.1   2   4   3.4e-17   3.2e-14   49.9   0.1   273   392   170   297   160   300 0.81 NZ_ABEW01000013.1_36 # 38001 # 40163 # -1 # ID=51_36;partial=00;start_type=ATG;rbs_motif=GGxGG;rbs_spacer=5-10bp;gc_cont=0.580
NZ_ABEW01000013.1:38001-40163|-   -            721 2325at91347          -            955     3e-25   86.4   0.1   3   4     0.099        94   -1.3   0.0   461   542   350   431   345   445 0.79 NZ_ABEW01000013.1_36 # 38001 # 40163 # -1 # ID=51_36;partial=00;start_type=ATG;rbs_motif=GGxGG;rbs_spacer=5-10bp;gc_cont=0.580
NZ_ABEW01000013.1:38001-40163|-   -            721 2325at91347          -            955     3e-25   86.4   0.1   4   4   2.1e-08     2e-05   20.8   0.0   632   709   547   615   483   625 0.73 NZ_ABEW01000013.1_36 # 38001 # 40163 # -1 # ID=51_36;partial=00;start_type=ATG;rbs_motif=GGxGG;rbs_spacer=5-10bp;gc_cont=0.580
NZ_ABEW01000012.1:31381-33435|+   -            685 2325at91347          -            955     6e-13   45.7   0.1   1   3   0.00054      0.51    6.2   0.0    14    81   212   271   202   292 0.76 NZ_ABEW01000012.1_27 # 31381 # 33435 # 1 # ID=52_27;partial=00;start_type=ATG;rbs_motif=GGA/GAG/AGG;rbs_spacer=11-12bp;gc_cont=0.555
NZ_ABEW01000012.1:31381-33435|+   -            685 2325at91347          -            955     6e-13   45.7   0.1   2   3   1.9e-08   1.8e-05   21.0   0.0   312   389   429   513   298   520 0.80 NZ_ABEW01000012.1_27 # 31381 # 33435 # 1 # ID=52_27;partial=00;start_type=ATG;rbs_motif=GGA/GAG/AGG;rbs_spacer=11-12bp;gc_cont=0.555
NZ_ABEW01000012.1:31381-33435|+   -            685 2325at91347          -            955     6e-13   45.7   0.1   3   3   1.2e-06    0.0012   15.0   0.0   635   705   585   658   535   662 0.77 NZ_ABEW01000012.1_27 # 31381 # 33435 # 1 # ID=52_27;partial=00;start_type=ATG;rbs_motif=GGA/GAG/AGG;rbs_spacer=11-12bp;gc_cont=0.555
NZ_ABEW01000003.1:361620-363461|+ -            614 2325at91347          -            955   3.3e-08   30.0   2.0   1   3      0.42   3.9e+02   -3.3   0.0    11    36   248   273   245   296 0.76 NZ_ABEW01000003.1_319 # 361620 # 363461 # 1 # ID=61_319;partial=00;start_type=ATG;rbs_motif=GGA/GAG/AGG;rbs_spacer=5-10bp;gc_cont=0.429
NZ_ABEW01000003.1:361620-363461|+ -            614 2325at91347          -            955   3.3e-08   30.0   2.0   2   3     2e-06    0.0018   14.3   1.0   294   388   334   435   330   457 0.81 NZ_ABEW01000003.1_319 # 361620 # 363461 # 1 # ID=61_319;partial=00;start_type=ATG;rbs_motif=GGA/GAG/AGG;rbs_spacer=5-10bp;gc_cont=0.429
NZ_ABEW01000003.1:361620-363461|+ -            614 2325at91347          -            955   3.3e-08   30.0   2.0   3   3   2.8e-06    0.0026   13.8   0.0   670   708   556   594   546   603 0.92 NZ_ABEW01000003.1_319 # 361620 # 363461 # 1 # ID=61_319;partial=00;start_type=ATG;rbs_motif=GGA/GAG/AGG;rbs_spacer=5-10bp;gc_cont=0.429
#
# Program:         hmmsearch
# Version:         3.4 (Aug 2023)
# Pipeline mode:   SEARCH
# Query file:      /Users/dizzler/Projects/School/BIOL4600-Capstone/databases/lineages/enterobacterales_odb10/hmms/2325at91347.hmm
# Target file:     /Users/dizzler/Projects/School/BIOL4600-Capstone/reports/busco-results/GCF_000171415.1_ASM17141v1_genomic.fna/prodigal_output/predicted_genes/predicted.faa
# Option settings: hmmsearch --domtblout /Users/dizzler/Projects/School/BIOL4600-Capstone/reports/busco-results/GCF_000171415.1_ASM17141v1_genomic.fna/run_enterobacterales_odb10/hmmer_output/2325at91347.out --cpu 1 /Users/dizzler/Projects/School/BIOL4600-Capstone/databases/lineages/enterobacterales_odb10/hmms/2325at91347.hmm /Users/dizzler/Projects/School/BIOL4600-Capstone/reports/busco-results/GCF_000171415.1_ASM17141v1_genomic.fna/prodigal_output/predicted_genes/predicted.faa 
# Current dir:     /Users/dizzler/Projects/School/BIOL4600-Capstone
# Date:            Wed Feb 25 22:54:06 2026
# [ok]
