#                                                                                         --- full sequence --- -------------- this domain -------------   hmm coord   ali coord   env coord
# target name                     accession   tlen query name           accession   qlen   E-value  score  bias   #  of  c-Evalue  i-Evalue  score  bias  from    to  from    to  from    to  acc description of target
#             ------------------- ---------- ----- -------------------- ---------- ----- --------- ------ ----- --- --- --------- --------- ------ ----- ----- ----- ----- ----- ----- ----- ---- ---------------------
NZ_ABEW01000001.1:715604-717460|+ -            619 31561at91347         -            514  4.3e-245  812.0   2.2   1   2  2.1e-246  1.4e-243  807.0   0.3     1   488     1   548     1   567 0.92 NZ_ABEW01000001.1_707 # 715604 # 717460 # 1 # ID=63_707;partial=00;start_type=ATG;rbs_motif=GGAG/GAGG;rbs_spacer=5-10bp;gc_cont=0.559
NZ_ABEW01000001.1:715604-717460|+ -            619 31561at91347         -            514  4.3e-245  812.0   2.2   2   2    0.0094       6.3    3.2   0.1   499   514   599   614   563   614 0.80 NZ_ABEW01000001.1_707 # 715604 # 717460 # 1 # ID=63_707;partial=00;start_type=ATG;rbs_motif=GGAG/GAGG;rbs_spacer=5-10bp;gc_cont=0.559
NZ_ABEW01000001.1:281578-282618|+ -            347 31561at91347         -            514   2.5e-24   83.7   0.0   1   1   5.5e-27   3.7e-24   83.1   0.0   308   492   134   317    63   333 0.85 NZ_ABEW01000001.1_287 # 281578 # 282618 # 1 # ID=63_287;partial=00;start_type=TTG;rbs_motif=GGAG/GAGG;rbs_spacer=5-10bp;gc_cont=0.544
NZ_ABEW01000016.1:21545-22453|+   -            303 31561at91347         -            514   3.8e-14   50.1   0.1   1   1   6.6e-17   4.5e-14   49.8   0.1   266   485    74   298    67   302 0.87 NZ_ABEW01000016.1_32 # 21545 # 22453 # 1 # ID=48_32;partial=00;start_type=GTG;rbs_motif=GGAGG;rbs_spacer=5-10bp;gc_cont=0.546
NZ_ABEW01000008.1:4354-5850|+     -            499 31561at91347         -            514     6e-13   46.1   0.3   1   1   1.2e-15   8.4e-13   45.7   0.3   266   483    74   296    67   320 0.85 NZ_ABEW01000008.1_5 # 4354 # 5850 # 1 # ID=56_5;partial=00;start_type=GTG;rbs_motif=GGAGG;rbs_spacer=5-10bp;gc_cont=0.566
NZ_ABEW01000018.1:16739-18235|+   -            499 31561at91347         -            514     6e-13   46.1   0.3   1   1   1.2e-15   8.4e-13   45.7   0.3   266   483    74   296    67   320 0.85 NZ_ABEW01000018.1_22 # 16739 # 18235 # 1 # ID=46_22;partial=00;start_type=GTG;rbs_motif=GGAGG;rbs_spacer=5-10bp;gc_cont=0.566
NZ_ABEW01000022.1:4354-5850|+     -            499 31561at91347         -            514     6e-13   46.1   0.3   1   1   1.2e-15   8.4e-13   45.7   0.3   266   483    74   296    67   320 0.85 NZ_ABEW01000022.1_5 # 4354 # 5850 # 1 # ID=42_5;partial=00;start_type=GTG;rbs_motif=GGAGG;rbs_spacer=5-10bp;gc_cont=0.566
NZ_ABEW01000005.1:215175-215798|+ -            208 31561at91347         -            514   0.00015   18.4   0.0   1   2   3.8e-07   0.00026   17.7   0.0   277   359    47   121     6   123 0.84 NZ_ABEW01000005.1_202 # 215175 # 215798 # 1 # ID=59_202;partial=00;start_type=ATG;rbs_motif=AGGAG;rbs_spacer=5-10bp;gc_cont=0.513
NZ_ABEW01000005.1:215175-215798|+ -            208 31561at91347         -            514   0.00015   18.4   0.0   2   2      0.87   5.8e+02   -3.3   0.0   431   466   166   202   162   202 0.71 NZ_ABEW01000005.1_202 # 215175 # 215798 # 1 # ID=59_202;partial=00;start_type=ATG;rbs_motif=AGGAG;rbs_spacer=5-10bp;gc_cont=0.513
#
# Program:         hmmsearch
# Version:         3.4 (Aug 2023)
# Pipeline mode:   SEARCH
# Query file:      /Users/dizzler/Projects/School/BIOL4600-Capstone/databases/lineages/enterobacterales_odb10/hmms/31561at91347.hmm
# Target file:     /Users/dizzler/Projects/School/BIOL4600-Capstone/reports/busco-results/GCF_000171415.1_ASM17141v1_genomic.fna/prodigal_output/predicted_genes/predicted.faa
# Option settings: hmmsearch --domtblout /Users/dizzler/Projects/School/BIOL4600-Capstone/reports/busco-results/GCF_000171415.1_ASM17141v1_genomic.fna/run_enterobacterales_odb10/hmmer_output/31561at91347.out --cpu 1 /Users/dizzler/Projects/School/BIOL4600-Capstone/databases/lineages/enterobacterales_odb10/hmms/31561at91347.hmm /Users/dizzler/Projects/School/BIOL4600-Capstone/reports/busco-results/GCF_000171415.1_ASM17141v1_genomic.fna/prodigal_output/predicted_genes/predicted.faa 
# Current dir:     /Users/dizzler/Projects/School/BIOL4600-Capstone
# Date:            Wed Feb 25 22:54:05 2026
# [ok]
