#                                                                                         --- full sequence --- -------------- this domain -------------   hmm coord   ali coord   env coord
# target name                     accession   tlen query name           accession   qlen   E-value  score  bias   #  of  c-Evalue  i-Evalue  score  bias  from    to  from    to  from    to  acc description of target
#             ------------------- ---------- ----- -------------------- ---------- ----- --------- ------ ----- --- --- --------- --------- ------ ----- ----- ----- ----- ----- ----- ----- ---- ---------------------
NZ_ABEW01000003.1:22525-23550|-   -            342 34836at91347         -            291    7e-156  515.8  25.1   1   1  8.4e-156  3.3e-153  507.0  25.1     1   291     1   336     1   336 0.92 NZ_ABEW01000003.1_23 # 22525 # 23550 # -1 # ID=61_23;partial=00;start_type=ATG;rbs_motif=GGA/GAG/AGG;rbs_spacer=11-12bp;gc_cont=0.516
NZ_ABEW01000003.1:21172-21960|-   -            263 34836at91347         -            291   5.2e-13   46.9  11.6   1   1     2e-15   7.9e-13   46.3  11.6    81   254     9   181     4   192 0.90 NZ_ABEW01000003.1_21 # 21172 # 21960 # -1 # ID=61_21;partial=00;start_type=GTG;rbs_motif=GGAGG;rbs_spacer=5-10bp;gc_cont=0.535
NZ_ABEW01000004.1:27369-28739|+   -            457 34836at91347         -            291     5e-07   27.2  10.8   1   1   6.7e-09   2.6e-06   24.9  10.8    77   214   271   427   264   434 0.70 NZ_ABEW01000004.1_27 # 27369 # 28739 # 1 # ID=60_27;partial=00;start_type=ATG;rbs_motif=AGGA;rbs_spacer=5-10bp;gc_cont=0.528
NZ_ABEW01000001.1:394651-395631|- -            327 34836at91347         -            291   5.9e-07   27.0   6.7   1   2   2.9e-05     0.011   13.0   0.2    74   132    68   127    61   166 0.83 NZ_ABEW01000001.1_394 # 394651 # 395631 # -1 # ID=63_394;partial=00;start_type=ATG;rbs_motif=GGA/GAG/AGG;rbs_spacer=5-10bp;gc_cont=0.517
NZ_ABEW01000001.1:394651-395631|- -            327 34836at91347         -            291   5.9e-07   27.0   6.7   2   2   3.1e-06    0.0012   16.1   2.3   181   250   231   295   154   311 0.63 NZ_ABEW01000001.1_394 # 394651 # 395631 # -1 # ID=63_394;partial=00;start_type=ATG;rbs_motif=GGA/GAG/AGG;rbs_spacer=5-10bp;gc_cont=0.517
NZ_ABEW01000006.1:330702-331190|+ -            163 34836at91347         -            291   3.9e-05   21.0  11.8   1   2   8.7e-07   0.00034   17.9   3.2    57   137    47   141    22   144 0.71 NZ_ABEW01000006.1_295 # 330702 # 331190 # 1 # ID=58_295;partial=00;start_type=ATG;rbs_motif=GGxGG;rbs_spacer=5-10bp;gc_cont=0.556
NZ_ABEW01000006.1:330702-331190|+ -            163 34836at91347         -            291   3.9e-05   21.0  11.8   2   2     8e-06    0.0032   14.8   1.4   180   234    88   143    86   159 0.78 NZ_ABEW01000006.1_295 # 330702 # 331190 # 1 # ID=58_295;partial=00;start_type=ATG;rbs_motif=GGxGG;rbs_spacer=5-10bp;gc_cont=0.556
NZ_ABEW01000006.1:360983-361597|+ -            205 34836at91347         -            291   0.00016   19.0   2.5   1   2      0.01         4    4.6   0.0    24   138    14   122     6   130 0.52 NZ_ABEW01000006.1_323 # 360983 # 361597 # 1 # ID=58_323;partial=00;start_type=ATG;rbs_motif=AGGA;rbs_spacer=5-10bp;gc_cont=0.332
NZ_ABEW01000006.1:360983-361597|+ -            205 34836at91347         -            291   0.00016   19.0   2.5   2   2   2.6e-05      0.01   13.1   0.9   218   267   150   199   145   204 0.76 NZ_ABEW01000006.1_323 # 360983 # 361597 # 1 # ID=58_323;partial=00;start_type=ATG;rbs_motif=AGGA;rbs_spacer=5-10bp;gc_cont=0.332
NZ_ABEW01000005.1:239367-239918|- -            184 34836at91347         -            291    0.0012   16.1   3.5   1   2      0.28   1.1e+02   -0.1   0.0   216   229    92   105    62   119 0.58 NZ_ABEW01000005.1_225 # 239367 # 239918 # -1 # ID=59_225;partial=00;start_type=ATG;rbs_motif=GGAG/GAGG;rbs_spacer=5-10bp;gc_cont=0.491
NZ_ABEW01000005.1:239367-239918|- -            184 34836at91347         -            291    0.0012   16.1   3.5   2   2   5.6e-06    0.0022   15.3   2.7   216   258   128   169    93   182 0.73 NZ_ABEW01000005.1_225 # 239367 # 239918 # -1 # ID=59_225;partial=00;start_type=ATG;rbs_motif=GGAG/GAGG;rbs_spacer=5-10bp;gc_cont=0.491
NZ_ABEW01000035.1:215-769|-       -            185 34836at91347         -            291     0.004   14.4   7.3   1   1   0.00011     0.043   11.0   7.2   124   235    14   133     8   137 0.76 NZ_ABEW01000035.1_2 # 215 # 769 # -1 # ID=29_2;partial=00;start_type=ATG;rbs_motif=GGAG/GAGG;rbs_spacer=5-10bp;gc_cont=0.505
NZ_ABEW01000039.1:2-514|+         -            171 34836at91347         -            291    0.0065   13.7   6.8   1   1   0.00031      0.12    9.5   6.9   125   235     1   119     1   121 0.72 NZ_ABEW01000039.1_1 # 2 # 514 # 1 # ID=25_1;partial=10;start_type=Edge;rbs_motif=None;rbs_spacer=None;gc_cont=0.519
NZ_ABEW01000004.1:194924-195745|+ -            274 34836at91347         -            291      0.02   12.2   2.1   1   1     8e-05     0.031   11.5   2.1   159   265   135   240   121   245 0.59 NZ_ABEW01000004.1_182 # 194924 # 195745 # 1 # ID=60_182;partial=00;start_type=ATG;rbs_motif=GGAG/GAGG;rbs_spacer=5-10bp;gc_cont=0.557
NZ_ABEW01000020.1:25256-25684|-   -            143 34836at91347         -            291     0.023   11.9   2.8   1   1   0.00026       0.1    9.8   0.5    77   105    61    89    54    98 0.87 NZ_ABEW01000020.1_46 # 25256 # 25684 # -1 # ID=44_46;partial=00;start_type=GTG;rbs_motif=GGA/GAG/AGG;rbs_spacer=11-12bp;gc_cont=0.501
NZ_ABEW01000003.1:207983-208579|+ -            199 34836at91347         -            291      0.18    9.0   9.1   1   1    0.0011      0.44    7.7   9.2   157   251    26   122    20   129 0.81 NZ_ABEW01000003.1_182 # 207983 # 208579 # 1 # ID=61_182;partial=00;start_type=ATG;rbs_motif=GGAG/GAGG;rbs_spacer=5-10bp;gc_cont=0.559
#
# Program:         hmmsearch
# Version:         3.4 (Aug 2023)
# Pipeline mode:   SEARCH
# Query file:      /Users/dizzler/Projects/School/BIOL4600-Capstone/databases/lineages/enterobacterales_odb10/hmms/34836at91347.hmm
# Target file:     /Users/dizzler/Projects/School/BIOL4600-Capstone/reports/busco-results/GCF_000171415.1_ASM17141v1_genomic.fna/prodigal_output/predicted_genes/predicted.faa
# Option settings: hmmsearch --domtblout /Users/dizzler/Projects/School/BIOL4600-Capstone/reports/busco-results/GCF_000171415.1_ASM17141v1_genomic.fna/run_enterobacterales_odb10/hmmer_output/34836at91347.out --cpu 1 /Users/dizzler/Projects/School/BIOL4600-Capstone/databases/lineages/enterobacterales_odb10/hmms/34836at91347.hmm /Users/dizzler/Projects/School/BIOL4600-Capstone/reports/busco-results/GCF_000171415.1_ASM17141v1_genomic.fna/prodigal_output/predicted_genes/predicted.faa 
# Current dir:     /Users/dizzler/Projects/School/BIOL4600-Capstone
# Date:            Wed Feb 25 22:54:05 2026
# [ok]
