#                                                                                         --- full sequence --- -------------- this domain -------------   hmm coord   ali coord   env coord
# target name                     accession   tlen query name           accession   qlen   E-value  score  bias   #  of  c-Evalue  i-Evalue  score  bias  from    to  from    to  from    to  acc description of target
#             ------------------- ---------- ----- -------------------- ---------- ----- --------- ------ ----- --- --- --------- --------- ------ ----- ----- ----- ----- ----- ----- ----- ---- ---------------------
NZ_ABEW01000005.1:217507-219861|+ -            785 4210at91347          -            683         0 1323.4  17.3   1   2   8.8e-55   8.3e-52  174.3   0.2     1    96     1   101     1   105 0.96 NZ_ABEW01000005.1_204 # 217507 # 219861 # 1 # ID=59_204;partial=00;start_type=ATG;rbs_motif=GGA/GAG/AGG;rbs_spacer=5-10bp;gc_cont=0.540
NZ_ABEW01000005.1:217507-219861|+ -            785 4210at91347          -            683         0 1323.4  17.3   2   2         0         0 1151.2  12.0    96   683   126   771   121   771 0.95 NZ_ABEW01000005.1_204 # 217507 # 219861 # 1 # ID=59_204;partial=00;start_type=ATG;rbs_motif=GGA/GAG/AGG;rbs_spacer=5-10bp;gc_cont=0.540
NZ_ABEW01000012.1:23442-25202|-   -            587 4210at91347          -            683   0.00017   18.0   0.0   1   1   2.5e-07   0.00023   17.5   0.0   594   659   434   510   424   541 0.74 NZ_ABEW01000012.1_20 # 23442 # 25202 # -1 # ID=52_20;partial=00;start_type=TTG;rbs_motif=None;rbs_spacer=None;gc_cont=0.535
NZ_ABEW01000003.1:311202-312584|- -            461 4210at91347          -            683   0.00059   16.2   0.0   1   1     1e-06   0.00098   15.5   0.0   580   680   355   455   347   457 0.86 NZ_ABEW01000003.1_270 # 311202 # 312584 # -1 # ID=61_270;partial=00;start_type=GTG;rbs_motif=GGAG/GAGG;rbs_spacer=5-10bp;gc_cont=0.599
NZ_ABEW01000005.1:152821-153366|+ -            182 4210at91347          -            683    0.0071   12.6   0.0   1   1     1e-05    0.0098   12.2   0.0   300   325     5    30     2    35 0.91 NZ_ABEW01000005.1_142 # 152821 # 153366 # 1 # ID=59_142;partial=00;start_type=ATG;rbs_motif=GGA/GAG/AGG;rbs_spacer=5-10bp;gc_cont=0.584
NZ_ABEW01000002.1:100076-102019|+ -            648 4210at91347          -            683      0.02   11.1   0.3   1   2     4e-05     0.038   10.2   0.0   272   319   156   210   138   232 0.77 NZ_ABEW01000002.1_98 # 100076 # 102019 # 1 # ID=62_98;partial=00;start_type=TTG;rbs_motif=GGAG/GAGG;rbs_spacer=5-10bp;gc_cont=0.558
NZ_ABEW01000002.1:100076-102019|+ -            648 4210at91347          -            683      0.02   11.1   0.3   2   2      0.51   4.8e+02   -3.3   0.1   254   289   552   587   548   589 0.86 NZ_ABEW01000002.1_98 # 100076 # 102019 # 1 # ID=62_98;partial=00;start_type=TTG;rbs_motif=GGAG/GAGG;rbs_spacer=5-10bp;gc_cont=0.558
#
# Program:         hmmsearch
# Version:         3.4 (Aug 2023)
# Pipeline mode:   SEARCH
# Query file:      /Users/dizzler/Projects/School/BIOL4600-Capstone/databases/lineages/enterobacterales_odb10/hmms/4210at91347.hmm
# Target file:     /Users/dizzler/Projects/School/BIOL4600-Capstone/reports/busco-results/GCF_000171415.1_ASM17141v1_genomic.fna/prodigal_output/predicted_genes/predicted.faa
# Option settings: hmmsearch --domtblout /Users/dizzler/Projects/School/BIOL4600-Capstone/reports/busco-results/GCF_000171415.1_ASM17141v1_genomic.fna/run_enterobacterales_odb10/hmmer_output/4210at91347.out --cpu 1 /Users/dizzler/Projects/School/BIOL4600-Capstone/databases/lineages/enterobacterales_odb10/hmms/4210at91347.hmm /Users/dizzler/Projects/School/BIOL4600-Capstone/reports/busco-results/GCF_000171415.1_ASM17141v1_genomic.fna/prodigal_output/predicted_genes/predicted.faa 
# Current dir:     /Users/dizzler/Projects/School/BIOL4600-Capstone
# Date:            Wed Feb 25 22:54:06 2026
# [ok]
