#                                                                                         --- full sequence --- -------------- this domain -------------   hmm coord   ali coord   env coord
# target name                     accession   tlen query name           accession   qlen   E-value  score  bias   #  of  c-Evalue  i-Evalue  score  bias  from    to  from    to  from    to  acc description of target
#             ------------------- ---------- ----- -------------------- ---------- ----- --------- ------ ----- --- --- --------- --------- ------ ----- ----- ----- ----- ----- ----- ----- ---- ---------------------
NZ_ABEW01000003.1:518343-519074|- -            244 50332at91347         -            220  1.2e-112  372.7   0.0   1   1  1.7e-115  1.4e-112  372.5   0.0     1   220     1   242     1   242 0.95 NZ_ABEW01000003.1_474 # 518343 # 519074 # -1 # ID=61_474;partial=00;start_type=ATG;rbs_motif=GGA/GAG/AGG;rbs_spacer=5-10bp;gc_cont=0.568
NZ_ABEW01000021.1:12902-13939|-   -            346 50332at91347         -            220   2.7e-21   74.0   0.0   1   1     4e-24   3.1e-21   73.8   0.0    77   219   198   342   110   343 0.89 NZ_ABEW01000021.1_16 # 12902 # 13939 # -1 # ID=43_16;partial=00;start_type=ATG;rbs_motif=GGAG/GAGG;rbs_spacer=5-10bp;gc_cont=0.569
NZ_ABEW01000004.1:152472-153161|- -            230 50332at91347         -            220   5.3e-19   66.5   0.2   1   1   8.7e-22   6.8e-19   66.1   0.2    78   220    21   165    11   165 0.86 NZ_ABEW01000004.1_138 # 152472 # 153161 # -1 # ID=60_138;partial=00;start_type=ATG;rbs_motif=None;rbs_spacer=None;gc_cont=0.543
NZ_ABEW01000008.1:73664-74395|+   -            244 50332at91347         -            220   4.4e-05   21.0   0.3   1   3      0.34   2.7e+02   -1.2   0.1    86   105    14    33     2    79 0.62 NZ_ABEW01000008.1_66 # 73664 # 74395 # 1 # ID=56_66;partial=00;start_type=ATG;rbs_motif=None;rbs_spacer=None;gc_cont=0.572
NZ_ABEW01000008.1:73664-74395|+   -            244 50332at91347         -            220   4.4e-05   21.0   0.3   2   3     3e-07   0.00024   18.6   0.0   166   216   106   156    99   159 0.94 NZ_ABEW01000008.1_66 # 73664 # 74395 # 1 # ID=56_66;partial=00;start_type=ATG;rbs_motif=None;rbs_spacer=None;gc_cont=0.572
NZ_ABEW01000008.1:73664-74395|+   -            244 50332at91347         -            220   4.4e-05   21.0   0.3   3   3      0.56   4.4e+02   -1.9   0.0    52    69   223   240   209   242 0.84 NZ_ABEW01000008.1_66 # 73664 # 74395 # 1 # ID=56_66;partial=00;start_type=ATG;rbs_motif=None;rbs_spacer=None;gc_cont=0.572
NZ_ABEW01000003.1:289452-290138|- -            229 50332at91347         -            220   4.8e-05   20.9   0.0   1   1   1.6e-06    0.0013   16.2   0.0    87   214    13   153     2   157 0.67 NZ_ABEW01000003.1_249 # 289452 # 290138 # -1 # ID=61_249;partial=00;start_type=ATG;rbs_motif=GGA/GAG/AGG;rbs_spacer=5-10bp;gc_cont=0.527
NZ_ABEW01000004.1:199799-200272|- -            158 50332at91347         -            220    0.0019   15.7   0.0   1   1   3.2e-06    0.0025   15.2   0.0   171   219    97   147    86   148 0.84 NZ_ABEW01000004.1_186 # 199799 # 200272 # -1 # ID=60_186;partial=00;start_type=ATG;rbs_motif=AGxAGG/AGGxGG;rbs_spacer=3-4bp;gc_cont=0.561
#
# Program:         hmmsearch
# Version:         3.4 (Aug 2023)
# Pipeline mode:   SEARCH
# Query file:      /Users/dizzler/Projects/School/BIOL4600-Capstone/databases/lineages/enterobacterales_odb10/hmms/50332at91347.hmm
# Target file:     /Users/dizzler/Projects/School/BIOL4600-Capstone/reports/busco-results/GCF_000171415.1_ASM17141v1_genomic.fna/prodigal_output/predicted_genes/predicted.faa
# Option settings: hmmsearch --domtblout /Users/dizzler/Projects/School/BIOL4600-Capstone/reports/busco-results/GCF_000171415.1_ASM17141v1_genomic.fna/run_enterobacterales_odb10/hmmer_output/50332at91347.out --cpu 1 /Users/dizzler/Projects/School/BIOL4600-Capstone/databases/lineages/enterobacterales_odb10/hmms/50332at91347.hmm /Users/dizzler/Projects/School/BIOL4600-Capstone/reports/busco-results/GCF_000171415.1_ASM17141v1_genomic.fna/prodigal_output/predicted_genes/predicted.faa 
# Current dir:     /Users/dizzler/Projects/School/BIOL4600-Capstone
# Date:            Wed Feb 25 22:54:06 2026
# [ok]
