#                                                                                         --- full sequence --- -------------- this domain -------------   hmm coord   ali coord   env coord
# target name                     accession   tlen query name           accession   qlen   E-value  score  bias   #  of  c-Evalue  i-Evalue  score  bias  from    to  from    to  from    to  acc description of target
#             ------------------- ---------- ----- -------------------- ---------- ----- --------- ------ ----- --- --- --------- --------- ------ ----- ----- ----- ----- ----- ----- ----- ---- ---------------------
NZ_ABEW01000003.1:232736-235570|- -            945 5062at91347          -            785         0 1251.4   0.0   1   3  1.5e-113  1.4e-110  368.5   0.0     1   203     1   213     1   219 0.97 NZ_ABEW01000003.1_204 # 232736 # 235570 # -1 # ID=61_204;partial=00;start_type=ATG;rbs_motif=GGA/GAG/AGG;rbs_spacer=5-10bp;gc_cont=0.549
NZ_ABEW01000003.1:232736-235570|- -            945 5062at91347          -            785         0 1251.4   0.0   2   3  6.4e-261  6.1e-258  855.8   0.0   203   750   235   857   231   876 0.89 NZ_ABEW01000003.1_204 # 232736 # 235570 # -1 # ID=61_204;partial=00;start_type=ATG;rbs_motif=GGA/GAG/AGG;rbs_spacer=5-10bp;gc_cont=0.549
NZ_ABEW01000003.1:232736-235570|- -            945 5062at91347          -            785         0 1251.4   0.0   3   3   4.9e-09   4.6e-06   22.8   0.2   753   785   903   943   886   943 0.80 NZ_ABEW01000003.1_204 # 232736 # 235570 # -1 # ID=61_204;partial=00;start_type=ATG;rbs_motif=GGA/GAG/AGG;rbs_spacer=5-10bp;gc_cont=0.549
NZ_ABEW01000003.1:433430-436285|+ -            952 5062at91347          -            785   2.4e-49  166.0   2.2   1   2   3.2e-43     3e-40  135.9   2.5    41   537    29   570     8   574 0.72 NZ_ABEW01000003.1_389 # 433430 # 436285 # 1 # ID=61_389;partial=00;start_type=ATG;rbs_motif=GGA/GAG/AGG;rbs_spacer=3-4bp;gc_cont=0.569
NZ_ABEW01000003.1:433430-436285|+ -            952 5062at91347          -            785   2.4e-49  166.0   2.2   2   2   6.7e-09   6.4e-06   22.4   0.0   536   679   606   766   582   779 0.76 NZ_ABEW01000003.1_389 # 433430 # 436285 # 1 # ID=61_389;partial=00;start_type=ATG;rbs_motif=GGA/GAG/AGG;rbs_spacer=3-4bp;gc_cont=0.569
NZ_ABEW01000005.1:455138-457720|- -            861 5062at91347          -            785   4.1e-34  115.6   5.0   1   6   1.1e-18   1.1e-15   54.7   0.0    42   190    30   171    10   174 0.87 NZ_ABEW01000005.1_452 # 455138 # 457720 # -1 # ID=59_452;partial=00;start_type=ATG;rbs_motif=AGGA/GGAG/GAGG;rbs_spacer=11-12bp;gc_cont=0.560
NZ_ABEW01000005.1:455138-457720|- -            861 5062at91347          -            785   4.1e-34  115.6   5.0   2   6   0.00027      0.25    7.2   1.0   345   367   175   197   172   226 0.80 NZ_ABEW01000005.1_452 # 455138 # 457720 # -1 # ID=59_452;partial=00;start_type=ATG;rbs_motif=AGGA/GGAG/GAGG;rbs_spacer=11-12bp;gc_cont=0.560
NZ_ABEW01000005.1:455138-457720|- -            861 5062at91347          -            785   4.1e-34  115.6   5.0   3   6   1.5e-07   0.00014   18.0   0.0   255   301   310   359   267   373 0.87 NZ_ABEW01000005.1_452 # 455138 # 457720 # -1 # ID=59_452;partial=00;start_type=ATG;rbs_motif=AGGA/GGAG/GAGG;rbs_spacer=11-12bp;gc_cont=0.560
NZ_ABEW01000005.1:455138-457720|- -            861 5062at91347          -            785   4.1e-34  115.6   5.0   4   6   4.1e-06    0.0038   13.2   0.0   397   417   417   437   406   505 0.79 NZ_ABEW01000005.1_452 # 455138 # 457720 # -1 # ID=59_452;partial=00;start_type=ATG;rbs_motif=AGGA/GGAG/GAGG;rbs_spacer=11-12bp;gc_cont=0.560
NZ_ABEW01000005.1:455138-457720|- -            861 5062at91347          -            785   4.1e-34  115.6   5.0   5   6   6.3e-08   5.9e-05   19.2   0.0   519   550   617   648   574   690 0.86 NZ_ABEW01000005.1_452 # 455138 # 457720 # -1 # ID=59_452;partial=00;start_type=ATG;rbs_motif=AGGA/GGAG/GAGG;rbs_spacer=11-12bp;gc_cont=0.560
NZ_ABEW01000005.1:455138-457720|- -            861 5062at91347          -            785   4.1e-34  115.6   5.0   6   6      0.47   4.4e+02   -3.5   0.0   654   680   752   778   730   783 0.84 NZ_ABEW01000005.1_452 # 455138 # 457720 # -1 # ID=59_452;partial=00;start_type=ATG;rbs_motif=AGGA/GGAG/GAGG;rbs_spacer=11-12bp;gc_cont=0.560
NZ_ABEW01000006.1:270708-272741|- -            678 5062at91347          -            785   2.2e-15   53.7   0.1   1   2   2.6e-14   2.5e-11   40.3   0.0    51   108    12    69     2    85 0.88 NZ_ABEW01000006.1_247 # 270708 # 272741 # -1 # ID=58_247;partial=00;start_type=ATG;rbs_motif=AGxAG;rbs_spacer=11-12bp;gc_cont=0.549
NZ_ABEW01000006.1:270708-272741|- -            678 5062at91347          -            785   2.2e-15   53.7   0.1   2   2   1.6e-05     0.015   11.2   0.0   507   551   320   363   300   404 0.73 NZ_ABEW01000006.1_247 # 270708 # 272741 # -1 # ID=58_247;partial=00;start_type=ATG;rbs_motif=AGxAG;rbs_spacer=11-12bp;gc_cont=0.549
NZ_ABEW01000005.1:311201-312586|+ -            462 5062at91347          -            785   2.6e-09   33.6   0.1   1   2     0.013        12    1.6   0.1    60   146    36   115    22   144 0.66 NZ_ABEW01000005.1_291 # 311201 # 312586 # 1 # ID=59_291;partial=00;start_type=ATG;rbs_motif=GGA/GAG/AGG;rbs_spacer=5-10bp;gc_cont=0.548
NZ_ABEW01000005.1:311201-312586|+ -            462 5062at91347          -            785   2.6e-09   33.6   0.1   2   2   3.6e-11   3.4e-08   29.9   0.0   505   578   250   323   219   326 0.84 NZ_ABEW01000005.1_291 # 311201 # 312586 # 1 # ID=59_291;partial=00;start_type=ATG;rbs_motif=GGA/GAG/AGG;rbs_spacer=5-10bp;gc_cont=0.548
#
# Program:         hmmsearch
# Version:         3.4 (Aug 2023)
# Pipeline mode:   SEARCH
# Query file:      /Users/dizzler/Projects/School/BIOL4600-Capstone/databases/lineages/enterobacterales_odb10/hmms/5062at91347.hmm
# Target file:     /Users/dizzler/Projects/School/BIOL4600-Capstone/reports/busco-results/GCF_000171415.1_ASM17141v1_genomic.fna/prodigal_output/predicted_genes/predicted.faa
# Option settings: hmmsearch --domtblout /Users/dizzler/Projects/School/BIOL4600-Capstone/reports/busco-results/GCF_000171415.1_ASM17141v1_genomic.fna/run_enterobacterales_odb10/hmmer_output/5062at91347.out --cpu 1 /Users/dizzler/Projects/School/BIOL4600-Capstone/databases/lineages/enterobacterales_odb10/hmms/5062at91347.hmm /Users/dizzler/Projects/School/BIOL4600-Capstone/reports/busco-results/GCF_000171415.1_ASM17141v1_genomic.fna/prodigal_output/predicted_genes/predicted.faa 
# Current dir:     /Users/dizzler/Projects/School/BIOL4600-Capstone
# Date:            Wed Feb 25 22:54:06 2026
# [ok]
