#                                                                                         --- full sequence --- -------------- this domain -------------   hmm coord   ali coord   env coord
# target name                     accession   tlen query name           accession   qlen   E-value  score  bias   #  of  c-Evalue  i-Evalue  score  bias  from    to  from    to  from    to  acc description of target
#             ------------------- ---------- ----- -------------------- ---------- ----- --------- ------ ----- --- --- --------- --------- ------ ----- ----- ----- ----- ----- ----- ----- ---- ---------------------
NZ_ABEW01000001.1:97136-98455|+   -            440 52475at91347         -            327    8e-162  536.1   0.4   1   3   7.7e-10   6.1e-07   27.1   0.0     1    41     1    43     1    63 0.79 NZ_ABEW01000001.1_103 # 97136 # 98455 # 1 # ID=63_103;partial=00;start_type=GTG;rbs_motif=GGAG/GAGG;rbs_spacer=5-10bp;gc_cont=0.546
NZ_ABEW01000001.1:97136-98455|+   -            440 52475at91347         -            327    8e-162  536.1   0.4   2   3   3.5e-18   2.7e-15   54.5   0.1    35    96    96   168    91   186 0.83 NZ_ABEW01000001.1_103 # 97136 # 98455 # 1 # ID=63_103;partial=00;start_type=GTG;rbs_motif=GGAG/GAGG;rbs_spacer=5-10bp;gc_cont=0.546
NZ_ABEW01000001.1:97136-98455|+   -            440 52475at91347         -            327    8e-162  536.1   0.4   3   3    5e-139  3.9e-136  451.7   0.0    90   327   189   430   168   430 0.95 NZ_ABEW01000001.1_103 # 97136 # 98455 # 1 # ID=63_103;partial=00;start_type=GTG;rbs_motif=GGAG/GAGG;rbs_spacer=5-10bp;gc_cont=0.546
NZ_ABEW01000002.1:494902-496023|+ -            374 52475at91347         -            327   1.6e-20   71.7   0.2   1   1   3.6e-23   2.8e-20   70.9   0.2   213   307   274   368   271   372 0.94 NZ_ABEW01000002.1_463 # 494902 # 496023 # 1 # ID=62_463;partial=00;start_type=ATG;rbs_motif=GGxGG;rbs_spacer=3-4bp;gc_cont=0.520
NZ_ABEW01000002.1:366449-367207|+ -            253 52475at91347         -            327   1.7e-20   71.7   0.2   1   1     4e-23   3.2e-20   70.8   0.2   213   307   147   241   136   248 0.92 NZ_ABEW01000002.1_350 # 366449 # 367207 # 1 # ID=62_350;partial=00;start_type=ATG;rbs_motif=GGA/GAG/AGG;rbs_spacer=5-10bp;gc_cont=0.536
NZ_ABEW01000004.1:189463-190746|- -            428 52475at91347         -            327   7.4e-13   46.5   0.1   1   2      0.77   6.1e+02   -2.5   1.8    66   153   152   239   120   263 0.63 NZ_ABEW01000004.1_176 # 189463 # 190746 # -1 # ID=60_176;partial=00;start_type=ATG;rbs_motif=3Base/5BMM;rbs_spacer=13-15bp;gc_cont=0.592
NZ_ABEW01000004.1:189463-190746|- -            428 52475at91347         -            327   7.4e-13   46.5   0.1   2   2   9.4e-16   7.4e-13   46.5   0.1   214   306   330   422   326   424 0.94 NZ_ABEW01000004.1_176 # 189463 # 190746 # -1 # ID=60_176;partial=00;start_type=ATG;rbs_motif=3Base/5BMM;rbs_spacer=13-15bp;gc_cont=0.592
NZ_ABEW01000001.1:701328-701813|- -            162 52475at91347         -            327     0.036   11.4   1.6   1   1   5.7e-05     0.045   11.1   1.6    95   178    50   134    38   144 0.85 NZ_ABEW01000001.1_693 # 701328 # 701813 # -1 # ID=63_693;partial=00;start_type=ATG;rbs_motif=AGGA;rbs_spacer=5-10bp;gc_cont=0.500
NZ_ABEW01000004.1:308774-309673|- -            300 52475at91347         -            327     0.058   10.7   0.0   1   1   0.00011     0.084   10.2   0.0    93   141    16    64     6    79 0.85 NZ_ABEW01000004.1_275 # 308774 # 309673 # -1 # ID=60_275;partial=00;start_type=ATG;rbs_motif=GGA/GAG/AGG;rbs_spacer=5-10bp;gc_cont=0.537
#
# Program:         hmmsearch
# Version:         3.4 (Aug 2023)
# Pipeline mode:   SEARCH
# Query file:      /Users/dizzler/Projects/School/BIOL4600-Capstone/busco_downloads/lineages/enterobacterales_odb10/hmms/52475at91347.hmm
# Target file:     reports/busco-results/GCF_000171415.1_ASM17141v1_genomic.fna/prodigal_output/predicted_genes/predicted.faa
# Option settings: hmmsearch --domtblout reports/busco-results/GCF_000171415.1_ASM17141v1_genomic.fna/run_enterobacterales_odb10/hmmer_output/52475at91347.out --cpu 1 /Users/dizzler/Projects/School/BIOL4600-Capstone/busco_downloads/lineages/enterobacterales_odb10/hmms/52475at91347.hmm reports/busco-results/GCF_000171415.1_ASM17141v1_genomic.fna/prodigal_output/predicted_genes/predicted.faa 
# Current dir:     /Users/dizzler/Projects/School/BIOL4600-Capstone
# Date:            Sat Feb 21 23:26:48 2026
# [ok]
