#                                                                                         --- full sequence --- -------------- this domain -------------   hmm coord   ali coord   env coord
# target name                     accession   tlen query name           accession   qlen   E-value  score  bias   #  of  c-Evalue  i-Evalue  score  bias  from    to  from    to  from    to  acc description of target
#             ------------------- ---------- ----- -------------------- ---------- ----- --------- ------ ----- --- --- --------- --------- ------ ----- ----- ----- ----- ----- ----- ----- ---- ---------------------
NZ_ABEW01000003.1:38844-39668|+   -            275 60900at91347         -            223    1e-119  396.1   6.6   1   1  5.5e-121  3.2e-118  391.1   6.6    13   223    32   271     3   271 0.94 NZ_ABEW01000003.1_36 # 38844 # 39668 # 1 # ID=61_36;partial=00;start_type=ATG;rbs_motif=GGA/GAG/AGG;rbs_spacer=5-10bp;gc_cont=0.537
NZ_ABEW01000003.1:21172-21960|-   -            263 60900at91347         -            223    0.0011   16.6   1.3   1   2   1.9e-06    0.0011   16.6   1.3    64   164     8   107     2   116 0.86 NZ_ABEW01000003.1_21 # 21172 # 21960 # -1 # ID=61_21;partial=00;start_type=GTG;rbs_motif=GGAGG;rbs_spacer=5-10bp;gc_cont=0.535
NZ_ABEW01000003.1:21172-21960|-   -            263 60900at91347         -            223    0.0011   16.6   1.3   2   2      0.14        83    0.7   1.0   109   147   133   169   113   191 0.45 NZ_ABEW01000003.1_21 # 21172 # 21960 # -1 # ID=61_21;partial=00;start_type=GTG;rbs_motif=GGAGG;rbs_spacer=5-10bp;gc_cont=0.535
NZ_ABEW01000004.1:27369-28739|+   -            457 60900at91347         -            223    0.0012   16.5   4.8   1   2      0.11        64    1.0   0.3   134   161   277   303   264   322 0.70 NZ_ABEW01000004.1_27 # 27369 # 28739 # 1 # ID=60_27;partial=00;start_type=ATG;rbs_motif=AGGA;rbs_spacer=5-10bp;gc_cont=0.528
NZ_ABEW01000004.1:27369-28739|+   -            457 60900at91347         -            223    0.0012   16.5   4.8   2   2   2.1e-06    0.0013   16.4   0.6   103   169   365   429   312   444 0.80 NZ_ABEW01000004.1_27 # 27369 # 28739 # 1 # ID=60_27;partial=00;start_type=ATG;rbs_motif=AGGA;rbs_spacer=5-10bp;gc_cont=0.528
NZ_ABEW01000006.1:360983-361597|+ -            205 60900at91347         -            223     0.017   12.7   1.6   1   2     0.031        18    2.8   0.1   111   147    89   125    84   133 0.84 NZ_ABEW01000006.1_323 # 360983 # 361597 # 1 # ID=58_323;partial=00;start_type=ATG;rbs_motif=AGGA;rbs_spacer=5-10bp;gc_cont=0.332
NZ_ABEW01000006.1:360983-361597|+ -            205 60900at91347         -            223     0.017   12.7   1.6   2   2   0.00047      0.28    8.8   0.2   132   161   153   182   144   187 0.84 NZ_ABEW01000006.1_323 # 360983 # 361597 # 1 # ID=58_323;partial=00;start_type=ATG;rbs_motif=AGGA;rbs_spacer=5-10bp;gc_cont=0.332
NZ_ABEW01000006.1:334368-334922|+ -            185 60900at91347         -            223     0.026   12.1   0.1   1   1   6.3e-05     0.037   11.6   0.1    73   163    51   153    40   166 0.79 NZ_ABEW01000006.1_299 # 334368 # 334922 # 1 # ID=58_299;partial=00;start_type=ATG;rbs_motif=GGAG/GAGG;rbs_spacer=5-10bp;gc_cont=0.514
NZ_ABEW01000004.1:194924-195745|+ -            274 60900at91347         -            223     0.027   12.1   0.7   1   1   7.2e-05     0.043   11.4   0.7    79   167   134   226   122   233 0.82 NZ_ABEW01000004.1_182 # 194924 # 195745 # 1 # ID=60_182;partial=00;start_type=ATG;rbs_motif=GGAG/GAGG;rbs_spacer=5-10bp;gc_cont=0.557
NZ_ABEW01000005.1:239367-239918|- -            184 60900at91347         -            223     0.028   12.0   0.6   1   1   7.4e-05     0.044   11.4   0.6   110   167    95   162    85   167 0.79 NZ_ABEW01000005.1_225 # 239367 # 239918 # -1 # ID=59_225;partial=00;start_type=ATG;rbs_motif=GGAG/GAGG;rbs_spacer=5-10bp;gc_cont=0.491
NZ_ABEW01000003.1:22525-23550|-   -            342 60900at91347         -            223      0.73    7.4  19.5   1   2   0.00019      0.11   10.0   4.3    94   170   101   169    85   207 0.70 NZ_ABEW01000003.1_23 # 22525 # 23550 # -1 # ID=61_23;partial=00;start_type=ATG;rbs_motif=GGA/GAG/AGG;rbs_spacer=11-12bp;gc_cont=0.516
NZ_ABEW01000003.1:22525-23550|-   -            342 60900at91347         -            223      0.73    7.4  19.5   2   2     0.061        36    1.8   8.2    92   165   224   290   200   302 0.59 NZ_ABEW01000003.1_23 # 22525 # 23550 # -1 # ID=61_23;partial=00;start_type=ATG;rbs_motif=GGA/GAG/AGG;rbs_spacer=11-12bp;gc_cont=0.516
#
# Program:         hmmsearch
# Version:         3.4 (Aug 2023)
# Pipeline mode:   SEARCH
# Query file:      /Users/dizzler/Projects/School/BIOL4600-Capstone/databases/lineages/enterobacterales_odb10/hmms/60900at91347.hmm
# Target file:     /Users/dizzler/Projects/School/BIOL4600-Capstone/reports/busco-results/GCF_000171415.1_ASM17141v1_genomic.fna/prodigal_output/predicted_genes/predicted.faa
# Option settings: hmmsearch --domtblout /Users/dizzler/Projects/School/BIOL4600-Capstone/reports/busco-results/GCF_000171415.1_ASM17141v1_genomic.fna/run_enterobacterales_odb10/hmmer_output/60900at91347.out --cpu 1 /Users/dizzler/Projects/School/BIOL4600-Capstone/databases/lineages/enterobacterales_odb10/hmms/60900at91347.hmm /Users/dizzler/Projects/School/BIOL4600-Capstone/reports/busco-results/GCF_000171415.1_ASM17141v1_genomic.fna/prodigal_output/predicted_genes/predicted.faa 
# Current dir:     /Users/dizzler/Projects/School/BIOL4600-Capstone
# Date:            Wed Feb 25 22:54:07 2026
# [ok]
