#                                                                                         --- full sequence --- -------------- this domain -------------   hmm coord   ali coord   env coord
# target name                     accession   tlen query name           accession   qlen   E-value  score  bias   #  of  c-Evalue  i-Evalue  score  bias  from    to  from    to  from    to  acc description of target
#             ------------------- ---------- ----- -------------------- ---------- ----- --------- ------ ----- --- --- --------- --------- ------ ----- ----- ----- ----- ----- ----- ----- ---- ---------------------
NZ_ABEW01000006.1:92783-93445|+   -            221 62648at91347         -            174  7.1e-113  372.3   1.1   1   2       1.4   1.7e+03   -3.4   0.0     1     9     1     9     1    12 0.85 NZ_ABEW01000006.1_87 # 92783 # 93445 # 1 # ID=58_87;partial=00;start_type=ATG;rbs_motif=GGAG/GAGG;rbs_spacer=5-10bp;gc_cont=0.544
NZ_ABEW01000006.1:92783-93445|+   -            221 62648at91347         -            174  7.1e-113  372.3   1.1   2   2  6.9e-116  8.1e-113  372.1   0.5    13   174    41   202    30   202 0.98 NZ_ABEW01000006.1_87 # 92783 # 93445 # 1 # ID=58_87;partial=00;start_type=ATG;rbs_motif=GGAG/GAGG;rbs_spacer=5-10bp;gc_cont=0.544
NZ_ABEW01000002.1:569074-569841|+ -            256 62648at91347         -            174   4.4e-26   89.7   0.0   1   1     5e-29   5.9e-26   89.3   0.0    18   148    32   167    16   174 0.83 NZ_ABEW01000002.1_540 # 569074 # 569841 # 1 # ID=62_540;partial=00;start_type=ATG;rbs_motif=GGAG/GAGG;rbs_spacer=5-10bp;gc_cont=0.595
NZ_ABEW01000002.1:251041-252159|+ -            373 62648at91347         -            174    0.0062   14.3   0.1   1   2   1.5e-05     0.018   12.8   0.1    74   141   130   202   124   210 0.76 NZ_ABEW01000002.1_240 # 251041 # 252159 # 1 # ID=62_240;partial=00;start_type=ATG;rbs_motif=GGA/GAG/AGG;rbs_spacer=11-12bp;gc_cont=0.541
NZ_ABEW01000002.1:251041-252159|+ -            373 62648at91347         -            174    0.0062   14.3   0.1   2   2      0.91   1.1e+03   -2.7   0.0    25    53   282   312   275   321 0.74 NZ_ABEW01000002.1_240 # 251041 # 252159 # 1 # ID=62_240;partial=00;start_type=ATG;rbs_motif=GGA/GAG/AGG;rbs_spacer=11-12bp;gc_cont=0.541
NZ_ABEW01000001.1:478003-479106|+ -            368 62648at91347         -            174    0.0099   13.6   0.1   1   2       1.3   1.5e+03   -3.3   0.0    19    40    48    69    42    81 0.73 NZ_ABEW01000001.1_466 # 478003 # 479106 # 1 # ID=63_466;partial=00;start_type=ATG;rbs_motif=GGA/GAG/AGG;rbs_spacer=5-10bp;gc_cont=0.518
NZ_ABEW01000001.1:478003-479106|+ -            368 62648at91347         -            174    0.0099   13.6   0.1   2   2   1.7e-05      0.02   12.6   0.1    74   139   133   203    93   220 0.79 NZ_ABEW01000001.1_466 # 478003 # 479106 # 1 # ID=63_466;partial=00;start_type=ATG;rbs_motif=GGA/GAG/AGG;rbs_spacer=5-10bp;gc_cont=0.518
#
# Program:         hmmsearch
# Version:         3.4 (Aug 2023)
# Pipeline mode:   SEARCH
# Query file:      /Users/dizzler/Projects/School/BIOL4600-Capstone/databases/lineages/enterobacterales_odb10/hmms/62648at91347.hmm
# Target file:     /Users/dizzler/Projects/School/BIOL4600-Capstone/reports/busco-results/GCF_000171415.1_ASM17141v1_genomic.fna/prodigal_output/predicted_genes/predicted.faa
# Option settings: hmmsearch --domtblout /Users/dizzler/Projects/School/BIOL4600-Capstone/reports/busco-results/GCF_000171415.1_ASM17141v1_genomic.fna/run_enterobacterales_odb10/hmmer_output/62648at91347.out --cpu 1 /Users/dizzler/Projects/School/BIOL4600-Capstone/databases/lineages/enterobacterales_odb10/hmms/62648at91347.hmm /Users/dizzler/Projects/School/BIOL4600-Capstone/reports/busco-results/GCF_000171415.1_ASM17141v1_genomic.fna/prodigal_output/predicted_genes/predicted.faa 
# Current dir:     /Users/dizzler/Projects/School/BIOL4600-Capstone
# Date:            Wed Feb 25 22:54:07 2026
# [ok]
