#                                                                                         --- full sequence --- -------------- this domain -------------   hmm coord   ali coord   env coord
# target name                     accession   tlen query name           accession   qlen   E-value  score  bias   #  of  c-Evalue  i-Evalue  score  bias  from    to  from    to  from    to  acc description of target
#             ------------------- ---------- ----- -------------------- ---------- ----- --------- ------ ----- --- --- --------- --------- ------ ----- ----- ----- ----- ----- ----- ----- ---- ---------------------
NZ_ABEW01000001.1:213118-214209|- -            364 62655at91347         -            286  2.1e-137  455.1   0.4   1   2   7.9e-90   6.2e-87  289.5   0.1     1   186     1   221     1   241 0.85 NZ_ABEW01000001.1_223 # 213118 # 214209 # -1 # ID=63_223;partial=00;start_type=ATG;rbs_motif=GGA/GAG/AGG;rbs_spacer=5-10bp;gc_cont=0.530
NZ_ABEW01000001.1:213118-214209|- -            364 62655at91347         -            286  2.1e-137  455.1   0.4   2   2   2.6e-50   2.1e-47  159.8   0.0   191   286   265   363   242   363 0.92 NZ_ABEW01000001.1_223 # 213118 # 214209 # -1 # ID=63_223;partial=00;start_type=ATG;rbs_motif=GGA/GAG/AGG;rbs_spacer=5-10bp;gc_cont=0.530
NZ_ABEW01000002.1:95319-96491|+   -            391 62655at91347         -            286   8.6e-15   52.8   0.1   1   1   1.6e-15   1.2e-12   45.7   0.1     4   124   161   266   158   296 0.83 NZ_ABEW01000002.1_92 # 95319 # 96491 # 1 # ID=62_92;partial=00;start_type=ATG;rbs_motif=GGAG/GAGG;rbs_spacer=5-10bp;gc_cont=0.552
NZ_ABEW01000008.1:104973-106445|+ -            491 62655at91347         -            286   3.2e-10   37.8   0.0   1   3   4.5e-08   3.6e-05   21.2   0.0     5    37     5    39     1    56 0.78 NZ_ABEW01000008.1_94 # 104973 # 106445 # 1 # ID=56_94;partial=00;start_type=ATG;rbs_motif=GGAG/GAGG;rbs_spacer=5-10bp;gc_cont=0.545
NZ_ABEW01000008.1:104973-106445|+ -            491 62655at91347         -            286   3.2e-10   37.8   0.0   2   3   1.5e-05     0.012   12.9   0.0     3    23   203   223   201   256 0.85 NZ_ABEW01000008.1_94 # 104973 # 106445 # 1 # ID=56_94;partial=00;start_type=ATG;rbs_motif=GGAG/GAGG;rbs_spacer=5-10bp;gc_cont=0.545
NZ_ABEW01000008.1:104973-106445|+ -            491 62655at91347         -            286   3.2e-10   37.8   0.0   3   3      0.25     2e+02   -0.9   0.0    53    92   326   367   310   373 0.68 NZ_ABEW01000008.1_94 # 104973 # 106445 # 1 # ID=56_94;partial=00;start_type=ATG;rbs_motif=GGAG/GAGG;rbs_spacer=5-10bp;gc_cont=0.545
NZ_ABEW01000003.1:526431-527711|- -            427 62655at91347         -            286   1.9e-05   22.1   0.0   1   1   8.1e-08   6.3e-05   20.4   0.0     5    57   200   253   198   321 0.91 NZ_ABEW01000003.1_481 # 526431 # 527711 # -1 # ID=61_481;partial=00;start_type=TTG;rbs_motif=GGAG/GAGG;rbs_spacer=5-10bp;gc_cont=0.542
NZ_ABEW01000004.1:423742-426060|- -            773 62655at91347         -            286   0.00023   18.5   0.0   1   1   5.2e-07   0.00041   17.7   0.0     3    50     4    52     2    60 0.85 NZ_ABEW01000004.1_373 # 423742 # 426060 # -1 # ID=60_373;partial=00;start_type=ATG;rbs_motif=GGA/GAG/AGG;rbs_spacer=5-10bp;gc_cont=0.564
NZ_ABEW01000008.1:33298-34203|+   -            302 62655at91347         -            286    0.0036   14.6   0.2   1   2   9.8e-06    0.0077   13.5   0.1     5    23    11    29     8    39 0.84 NZ_ABEW01000008.1_32 # 33298 # 34203 # 1 # ID=56_32;partial=00;start_type=ATG;rbs_motif=GGAG/GAGG;rbs_spacer=5-10bp;gc_cont=0.518
NZ_ABEW01000008.1:33298-34203|+   -            302 62655at91347         -            286    0.0036   14.6   0.2   2   2       1.3     1e+03   -3.3   0.0   148   168   133   153   106   164 0.61 NZ_ABEW01000008.1_32 # 33298 # 34203 # 1 # ID=56_32;partial=00;start_type=ATG;rbs_motif=GGAG/GAGG;rbs_spacer=5-10bp;gc_cont=0.518
#
# Program:         hmmsearch
# Version:         3.4 (Aug 2023)
# Pipeline mode:   SEARCH
# Query file:      /Users/dizzler/Projects/School/BIOL4600-Capstone/busco_downloads/lineages/enterobacterales_odb10/hmms/62655at91347.hmm
# Target file:     reports/busco-results/GCF_000171415.1_ASM17141v1_genomic.fna/prodigal_output/predicted_genes/predicted.faa
# Option settings: hmmsearch --domtblout reports/busco-results/GCF_000171415.1_ASM17141v1_genomic.fna/run_enterobacterales_odb10/hmmer_output/62655at91347.out --cpu 1 /Users/dizzler/Projects/School/BIOL4600-Capstone/busco_downloads/lineages/enterobacterales_odb10/hmms/62655at91347.hmm reports/busco-results/GCF_000171415.1_ASM17141v1_genomic.fna/prodigal_output/predicted_genes/predicted.faa 
# Current dir:     /Users/dizzler/Projects/School/BIOL4600-Capstone
# Date:            Sat Feb 21 23:26:49 2026
# [ok]
