#                                                                                         --- full sequence --- -------------- this domain -------------   hmm coord   ali coord   env coord
# target name                     accession   tlen query name           accession   qlen   E-value  score  bias   #  of  c-Evalue  i-Evalue  score  bias  from    to  from    to  from    to  acc description of target
#             ------------------- ---------- ----- -------------------- ---------- ----- --------- ------ ----- --- --- --------- --------- ------ ----- ----- ----- ----- ----- ----- ----- ---- ---------------------
NZ_ABEW01000002.1:110421-113099|+ -            893 6639at91347          -            664         0 1161.2  34.2   1   3   6.3e-32     3e-29   99.8   4.1     1   111     3   124     3   159 0.89 NZ_ABEW01000002.1_106 # 110421 # 113099 # 1 # ID=62_106;partial=00;start_type=ATG;rbs_motif=AGGA;rbs_spacer=5-10bp;gc_cont=0.552
NZ_ABEW01000002.1:110421-113099|+ -            893 6639at91347          -            664         0 1161.2  34.2   2   3    0.0013       0.6    6.2   0.2    75   101   226   252   211   267 0.86 NZ_ABEW01000002.1_106 # 110421 # 113099 # 1 # ID=62_106;partial=00;start_type=ATG;rbs_motif=AGGA;rbs_spacer=5-10bp;gc_cont=0.552
NZ_ABEW01000002.1:110421-113099|+ -            893 6639at91347          -            664         0 1161.2  34.2   3   3         0         0 1066.3  14.8    96   664   285   887   263   887 0.94 NZ_ABEW01000002.1_106 # 110421 # 113099 # 1 # ID=62_106;partial=00;start_type=ATG;rbs_motif=AGGA;rbs_spacer=5-10bp;gc_cont=0.552
NZ_ABEW01000004.1:217123-218973|+ -            617 6639at91347          -            664   4.3e-21   72.8   0.1   1   1   1.2e-23   5.5e-21   72.5   0.1   196   398     2   213     1   228 0.76 NZ_ABEW01000004.1_199 # 217123 # 218973 # 1 # ID=60_199;partial=00;start_type=ATG;rbs_motif=AGGA/GGAG/GAGG;rbs_spacer=11-12bp;gc_cont=0.572
NZ_ABEW01000008.1:29557-31356|+   -            600 6639at91347          -            664   1.1e-17   61.5   0.8   1   1   3.3e-19   1.6e-16   57.7   0.8   198   393     8   223     5   232 0.77 NZ_ABEW01000008.1_29 # 29557 # 31356 # 1 # ID=56_29;partial=00;start_type=ATG;rbs_motif=None;rbs_spacer=None;gc_cont=0.529
NZ_ABEW01000011.1:16172-17995|+   -            608 6639at91347          -            664   2.2e-12   44.0   1.6   1   1   1.6e-14   7.4e-12   42.3   1.6   197   304     8   133     5   175 0.74 NZ_ABEW01000011.1_16 # 16172 # 17995 # 1 # ID=53_16;partial=00;start_type=GTG;rbs_motif=GGAG/GAGG;rbs_spacer=5-10bp;gc_cont=0.539
NZ_ABEW01000002.1:488203-489642|+ -            480 6639at91347          -            664   2.2e-09   34.1   0.0   1   2       0.7   3.3e+02   -2.8   0.0   608   625    46    63    36    65 0.86 NZ_ABEW01000002.1_454 # 488203 # 489642 # 1 # ID=62_454;partial=00;start_type=ATG;rbs_motif=AGGAG;rbs_spacer=5-10bp;gc_cont=0.545
NZ_ABEW01000002.1:488203-489642|+ -            480 6639at91347          -            664   2.2e-09   34.1   0.0   2   2   1.2e-11   5.6e-09   32.8   0.0   224   340    90   213    77   218 0.79 NZ_ABEW01000002.1_454 # 488203 # 489642 # 1 # ID=62_454;partial=00;start_type=ATG;rbs_motif=AGGAG;rbs_spacer=5-10bp;gc_cont=0.545
NZ_ABEW01000004.1:487788-489902|+ -            705 6639at91347          -            664   5.1e-08   29.6   0.0   1   1   2.4e-10   1.1e-07   28.5   0.0   237   307    80   150    71   179 0.91 NZ_ABEW01000004.1_433 # 487788 # 489902 # 1 # ID=60_433;partial=00;start_type=ATG;rbs_motif=GGAG/GAGG;rbs_spacer=5-10bp;gc_cont=0.518
NZ_ABEW01000003.1:331383-332972|- -            530 6639at91347          -            664   1.3e-07   28.3   0.0   1   1   4.9e-10   2.3e-07   27.4   0.0   226   307    69   150    55   166 0.88 NZ_ABEW01000003.1_289 # 331383 # 332972 # -1 # ID=61_289;partial=00;start_type=ATG;rbs_motif=AGxAG;rbs_spacer=5-10bp;gc_cont=0.544
NZ_ABEW01000008.1:104973-106445|+ -            491 6639at91347          -            664   1.6e-06   24.6   0.0   1   2     1e-05    0.0048   13.2   0.0   195   349     3   160     1   162 0.77 NZ_ABEW01000008.1_94 # 104973 # 106445 # 1 # ID=56_94;partial=00;start_type=ATG;rbs_motif=GGAG/GAGG;rbs_spacer=5-10bp;gc_cont=0.545
NZ_ABEW01000008.1:104973-106445|+ -            491 6639at91347          -            664   1.6e-06   24.6   0.0   2   2   0.00014     0.068    9.4   0.0   260   347   282   368   270   382 0.81 NZ_ABEW01000008.1_94 # 104973 # 106445 # 1 # ID=56_94;partial=00;start_type=ATG;rbs_motif=GGAG/GAGG;rbs_spacer=5-10bp;gc_cont=0.545
NZ_ABEW01000008.1:33298-34203|+   -            302 6639at91347          -            664   0.00015   18.2   0.6   1   2   7.2e-07   0.00034   17.0   0.2   194   342     8   164     1   170 0.65 NZ_ABEW01000008.1_32 # 33298 # 34203 # 1 # ID=56_32;partial=00;start_type=ATG;rbs_motif=GGAG/GAGG;rbs_spacer=5-10bp;gc_cont=0.518
NZ_ABEW01000008.1:33298-34203|+   -            302 6639at91347          -            664   0.00015   18.2   0.6   2   2      0.23   1.1e+02   -1.2   0.0    49    78   237   266   229   279 0.76 NZ_ABEW01000008.1_32 # 33298 # 34203 # 1 # ID=56_32;partial=00;start_type=ATG;rbs_motif=GGAG/GAGG;rbs_spacer=5-10bp;gc_cont=0.518
NZ_ABEW01000004.1:489974-490102|+ -             43 6639at91347          -            664   0.00077   15.8   0.1   1   1   1.6e-06   0.00077   15.8   0.1   197   223    15    39     4    43 0.71 NZ_ABEW01000004.1_434 # 489974 # 490102 # 1 # ID=60_434;partial=01;start_type=GTG;rbs_motif=AGGA;rbs_spacer=5-10bp;gc_cont=0.512
#
# Program:         hmmsearch
# Version:         3.4 (Aug 2023)
# Pipeline mode:   SEARCH
# Query file:      /Users/dizzler/Projects/School/BIOL4600-Capstone/databases/lineages/enterobacterales_odb10/hmms/6639at91347.hmm
# Target file:     /Users/dizzler/Projects/School/BIOL4600-Capstone/reports/busco-results/GCF_000171415.1_ASM17141v1_genomic.fna/prodigal_output/predicted_genes/predicted.faa
# Option settings: hmmsearch --domtblout /Users/dizzler/Projects/School/BIOL4600-Capstone/reports/busco-results/GCF_000171415.1_ASM17141v1_genomic.fna/run_enterobacterales_odb10/hmmer_output/6639at91347.out --cpu 1 /Users/dizzler/Projects/School/BIOL4600-Capstone/databases/lineages/enterobacterales_odb10/hmms/6639at91347.hmm /Users/dizzler/Projects/School/BIOL4600-Capstone/reports/busco-results/GCF_000171415.1_ASM17141v1_genomic.fna/prodigal_output/predicted_genes/predicted.faa 
# Current dir:     /Users/dizzler/Projects/School/BIOL4600-Capstone
# Date:            Wed Feb 25 22:54:07 2026
# [ok]
