#                                                                                         --- full sequence --- -------------- this domain -------------   hmm coord   ali coord   env coord
# target name                     accession   tlen query name           accession   qlen   E-value  score  bias   #  of  c-Evalue  i-Evalue  score  bias  from    to  from    to  from    to  acc description of target
#             ------------------- ---------- ----- -------------------- ---------- ----- --------- ------ ----- --- --- --------- --------- ------ ----- ----- ----- ----- ----- ----- ----- ---- ---------------------
NZ_ABEW01000003.1:108523-110412|- -            630 67457at91347         -            424  4.6e-233  771.5  24.6   1   4     1e-30   6.9e-28   95.6   3.4     1    70     4    75     4    87 0.93 NZ_ABEW01000003.1_98 # 108523 # 110412 # -1 # ID=61_98;partial=00;start_type=ATG;rbs_motif=GGAG/GAGG;rbs_spacer=5-10bp;gc_cont=0.557
NZ_ABEW01000003.1:108523-110412|- -            630 67457at91347         -            424  4.6e-233  771.5  24.6   2   4   9.6e-33   6.5e-30  102.3   2.4     1    72   107   180   107   189 0.94 NZ_ABEW01000003.1_98 # 108523 # 110412 # -1 # ID=61_98;partial=00;start_type=ATG;rbs_motif=GGAG/GAGG;rbs_spacer=5-10bp;gc_cont=0.557
NZ_ABEW01000003.1:108523-110412|- -            630 67457at91347         -            424  4.6e-233  771.5  24.6   3   4   3.5e-33   2.4e-30  103.7   2.3     1    72   208   281   208   290 0.94 NZ_ABEW01000003.1_98 # 108523 # 110412 # -1 # ID=61_98;partial=00;start_type=ATG;rbs_motif=GGAG/GAGG;rbs_spacer=5-10bp;gc_cont=0.557
NZ_ABEW01000003.1:108523-110412|- -            630 67457at91347         -            424  4.6e-233  771.5  24.6   4   4  9.4e-148  6.3e-145  481.2   0.0   146   424   322   629   315   629 0.92 NZ_ABEW01000003.1_98 # 108523 # 110412 # -1 # ID=61_98;partial=00;start_type=ATG;rbs_motif=GGAG/GAGG;rbs_spacer=5-10bp;gc_cont=0.557
NZ_ABEW01000014.1:12821-14029|-   -            403 67457at91347         -            424   6.5e-56  187.9   0.0   1   2   5.1e-06    0.0034   14.2   0.4    20    54    26    61     5    87 0.72 NZ_ABEW01000014.1_15 # 12821 # 14029 # -1 # ID=50_15;partial=00;start_type=ATG;rbs_motif=AGGA;rbs_spacer=5-10bp;gc_cont=0.561
NZ_ABEW01000014.1:12821-14029|-   -            403 67457at91347         -            424   6.5e-56  187.9   0.0   2   2   8.5e-54   5.7e-51  171.6   0.0   152   415   114   388    85   400 0.88 NZ_ABEW01000014.1_15 # 12821 # 14029 # -1 # ID=50_15;partial=00;start_type=ATG;rbs_motif=AGGA;rbs_spacer=5-10bp;gc_cont=0.561
NZ_ABEW01000003.1:222785-224560|+ -            592 67457at91347         -            424    0.0002   18.3   0.1   1   1   4.6e-07   0.00031   17.6   0.1    83   140   533   590   526   591 0.78 NZ_ABEW01000003.1_195 # 222785 # 224560 # 1 # ID=61_195;partial=00;start_type=ATG;rbs_motif=GGAGG;rbs_spacer=5-10bp;gc_cont=0.636
NZ_ABEW01000002.1:44894-46663|+   -            590 67457at91347         -            424    0.0002   18.3   0.1   1   1   4.6e-07   0.00031   17.7   0.1    83   140   531   588   524   589 0.78 NZ_ABEW01000002.1_41 # 44894 # 46663 # 1 # ID=62_41;partial=00;start_type=ATG;rbs_motif=GGAGG;rbs_spacer=5-10bp;gc_cont=0.632
NZ_ABEW01000002.1:16154-16624|-   -            157 67457at91347         -            424   0.00044   17.2   0.1   1   1     9e-07   0.00061   16.7   0.1    86   140   101   155    94   156 0.90 NZ_ABEW01000002.1_14 # 16154 # 16624 # -1 # ID=62_14;partial=00;start_type=ATG;rbs_motif=GGA/GAG/AGG;rbs_spacer=5-10bp;gc_cont=0.527
NZ_ABEW01000007.1:151524-152642|+ -            373 67457at91347         -            424    0.0029   14.4   1.9   1   2   0.00013     0.089    9.5   0.1   109   153    62   108    40   128 0.58 NZ_ABEW01000007.1_145 # 151524 # 152642 # 1 # ID=57_145;partial=00;start_type=ATG;rbs_motif=GGA/GAG/AGG;rbs_spacer=5-10bp;gc_cont=0.531
NZ_ABEW01000007.1:151524-152642|+ -            373 67457at91347         -            424    0.0029   14.4   1.9   2   2    0.0075       5.1    3.8   0.2    82   136   155   211   134   237 0.67 NZ_ABEW01000007.1_145 # 151524 # 152642 # 1 # ID=57_145;partial=00;start_type=ATG;rbs_motif=GGA/GAG/AGG;rbs_spacer=5-10bp;gc_cont=0.531
NZ_ABEW01000001.1:573485-574345|+ -            287 67457at91347         -            424     0.011   12.6   0.0   1   2     0.016        11    2.7   0.0   109   152    44    87    30   100 0.83 NZ_ABEW01000001.1_563 # 573485 # 574345 # 1 # ID=63_563;partial=00;start_type=ATG;rbs_motif=None;rbs_spacer=None;gc_cont=0.503
NZ_ABEW01000001.1:573485-574345|+ -            287 67457at91347         -            424     0.011   12.6   0.0   2   2    0.0005      0.34    7.6   0.0    92   141   133   183   110   201 0.68 NZ_ABEW01000001.1_563 # 573485 # 574345 # 1 # ID=63_563;partial=00;start_type=ATG;rbs_motif=None;rbs_spacer=None;gc_cont=0.503
#
# Program:         hmmsearch
# Version:         3.4 (Aug 2023)
# Pipeline mode:   SEARCH
# Query file:      /Users/dizzler/Projects/School/BIOL4600-Capstone/busco_downloads/lineages/enterobacterales_odb10/hmms/67457at91347.hmm
# Target file:     reports/busco-results/GCF_000171415.1_ASM17141v1_genomic.fna/prodigal_output/predicted_genes/predicted.faa
# Option settings: hmmsearch --domtblout reports/busco-results/GCF_000171415.1_ASM17141v1_genomic.fna/run_enterobacterales_odb10/hmmer_output/67457at91347.out --cpu 1 /Users/dizzler/Projects/School/BIOL4600-Capstone/busco_downloads/lineages/enterobacterales_odb10/hmms/67457at91347.hmm reports/busco-results/GCF_000171415.1_ASM17141v1_genomic.fna/prodigal_output/predicted_genes/predicted.faa 
# Current dir:     /Users/dizzler/Projects/School/BIOL4600-Capstone
# Date:            Sat Feb 21 23:26:49 2026
# [ok]
