#                                                                                         --- full sequence --- -------------- this domain -------------   hmm coord   ali coord   env coord
# target name                     accession   tlen query name           accession   qlen   E-value  score  bias   #  of  c-Evalue  i-Evalue  score  bias  from    to  from    to  from    to  acc description of target
#             ------------------- ---------- ----- -------------------- ---------- ----- --------- ------ ----- --- --- --------- --------- ------ ----- ----- ----- ----- ----- ----- ----- ---- ---------------------
NZ_ABEW01000003.1:65513-68035|-   -            841 6990at91347          -            601         0 1037.2  11.4   1   2    6e-245    4e-242  802.9   0.1     2   439    73   537    70   542 0.95 NZ_ABEW01000003.1_60 # 65513 # 68035 # -1 # ID=61_60;partial=00;start_type=ATG;rbs_motif=GGAG/GAGG;rbs_spacer=5-10bp;gc_cont=0.568
NZ_ABEW01000003.1:65513-68035|-   -            841 6990at91347          -            601         0 1037.2  11.4   2   2     6e-72   4.1e-69  231.5   7.9   438   590   556   744   548   754 0.88 NZ_ABEW01000003.1_60 # 65513 # 68035 # -1 # ID=61_60;partial=00;start_type=ATG;rbs_motif=GGAG/GAGG;rbs_spacer=5-10bp;gc_cont=0.568
NZ_ABEW01000004.1:440998-443550|- -            851 6990at91347          -            601   6.2e-72  240.9   4.1   1   4   4.4e-56     3e-53  179.2   0.2   122   364    63   307    41   313 0.89 NZ_ABEW01000004.1_386 # 440998 # 443550 # -1 # ID=60_386;partial=00;start_type=GTG;rbs_motif=GGA/GAG/AGG;rbs_spacer=5-10bp;gc_cont=0.566
NZ_ABEW01000004.1:440998-443550|- -            851 6990at91347          -            601   6.2e-72  240.9   4.1   2   4   1.2e-11   8.4e-09   32.3   0.0   365   436   422   492   409   494 0.92 NZ_ABEW01000004.1_386 # 440998 # 443550 # -1 # ID=60_386;partial=00;start_type=GTG;rbs_motif=GGA/GAG/AGG;rbs_spacer=5-10bp;gc_cont=0.566
NZ_ABEW01000004.1:440998-443550|- -            851 6990at91347          -            601   6.2e-72  240.9   4.1   3   4   1.3e-05    0.0091   12.4   0.0   466   517   558   609   551   619 0.92 NZ_ABEW01000004.1_386 # 440998 # 443550 # -1 # ID=60_386;partial=00;start_type=GTG;rbs_motif=GGA/GAG/AGG;rbs_spacer=5-10bp;gc_cont=0.566
NZ_ABEW01000004.1:440998-443550|- -            851 6990at91347          -            601   6.2e-72  240.9   4.1   4   4   2.6e-06    0.0017   14.8   0.4   539   582   713   760   707   764 0.83 NZ_ABEW01000004.1_386 # 440998 # 443550 # -1 # ID=60_386;partial=00;start_type=GTG;rbs_motif=GGA/GAG/AGG;rbs_spacer=5-10bp;gc_cont=0.566
NZ_ABEW01000008.1:90146-92461|+   -            772 6990at91347          -            601   1.6e-36  123.9   0.0   1   1   3.5e-38   2.4e-35  120.0   0.0   136   570    76   542    67   559 0.78 NZ_ABEW01000008.1_82 # 90146 # 92461 # 1 # ID=56_82;partial=00;start_type=ATG;rbs_motif=None;rbs_spacer=None;gc_cont=0.611
NZ_ABEW01000002.1:77092-77820|+   -            243 6990at91347          -            601   5.9e-22   75.8   0.0   1   1   1.1e-24   7.6e-22   75.4   0.0   140   272    80   208    75   236 0.89 NZ_ABEW01000002.1_67 # 77092 # 77820 # 1 # ID=62_67;partial=00;start_type=ATG;rbs_motif=None;rbs_spacer=None;gc_cont=0.557
NZ_ABEW01000008.1:207977-208516|- -            180 6990at91347          -            601   5.9e-07   26.2   0.0   1   1     1e-09     7e-07   26.0   0.0   203   274    86   158    71   177 0.89 NZ_ABEW01000008.1_171 # 207977 # 208516 # -1 # ID=56_171;partial=00;start_type=ATG;rbs_motif=3Base/5BMM;rbs_spacer=13-15bp;gc_cont=0.502
NZ_ABEW01000003.1:145840-147606|- -            589 6990at91347          -            601    0.0032   13.9   0.1   1   2   5.4e-05     0.036   10.4   0.1   370   438   260   337   237   376 0.73 NZ_ABEW01000003.1_129 # 145840 # 147606 # -1 # ID=61_129;partial=00;start_type=ATG;rbs_motif=AGGA/GGAG/GAGG;rbs_spacer=11-12bp;gc_cont=0.549
NZ_ABEW01000003.1:145840-147606|- -            589 6990at91347          -            601    0.0032   13.9   0.1   2   2      0.04        27    1.0   0.0   474   499   421   446   415   453 0.88 NZ_ABEW01000003.1_129 # 145840 # 147606 # -1 # ID=61_129;partial=00;start_type=ATG;rbs_motif=AGGA/GGAG/GAGG;rbs_spacer=11-12bp;gc_cont=0.549
NZ_ABEW01000001.1:158498-160243|+ -            582 6990at91347          -            601     0.054    9.9   0.0   1   2   0.00086      0.58    6.5   0.0   349   438   234   330   212   337 0.71 NZ_ABEW01000001.1_170 # 158498 # 160243 # 1 # ID=63_170;partial=00;start_type=GTG;rbs_motif=GGAG/GAGG;rbs_spacer=5-10bp;gc_cont=0.529
NZ_ABEW01000001.1:158498-160243|+ -            582 6990at91347          -            601     0.054    9.9   0.0   2   2     0.036        25    1.1   0.0   474   501   414   441   407   501 0.77 NZ_ABEW01000001.1_170 # 158498 # 160243 # 1 # ID=63_170;partial=00;start_type=GTG;rbs_motif=GGAG/GAGG;rbs_spacer=5-10bp;gc_cont=0.529
#
# Program:         hmmsearch
# Version:         3.4 (Aug 2023)
# Pipeline mode:   SEARCH
# Query file:      /Users/dizzler/Projects/School/BIOL4600-Capstone/databases/lineages/enterobacterales_odb10/hmms/6990at91347.hmm
# Target file:     /Users/dizzler/Projects/School/BIOL4600-Capstone/reports/busco-results/GCF_000171415.1_ASM17141v1_genomic.fna/prodigal_output/predicted_genes/predicted.faa
# Option settings: hmmsearch --domtblout /Users/dizzler/Projects/School/BIOL4600-Capstone/reports/busco-results/GCF_000171415.1_ASM17141v1_genomic.fna/run_enterobacterales_odb10/hmmer_output/6990at91347.out --cpu 1 /Users/dizzler/Projects/School/BIOL4600-Capstone/databases/lineages/enterobacterales_odb10/hmms/6990at91347.hmm /Users/dizzler/Projects/School/BIOL4600-Capstone/reports/busco-results/GCF_000171415.1_ASM17141v1_genomic.fna/prodigal_output/predicted_genes/predicted.faa 
# Current dir:     /Users/dizzler/Projects/School/BIOL4600-Capstone
# Date:            Wed Feb 25 22:54:07 2026
# [ok]
