#                                                                                         --- full sequence --- -------------- this domain -------------   hmm coord   ali coord   env coord
# target name                     accession   tlen query name           accession   qlen   E-value  score  bias   #  of  c-Evalue  i-Evalue  score  bias  from    to  from    to  from    to  acc description of target
#             ------------------- ---------- ----- -------------------- ---------- ----- --------- ------ ----- --- --- --------- --------- ------ ----- ----- ----- ----- ----- ----- ----- ---- ---------------------
NZ_ABEW01000004.1:447455-447976|+ -            174 72355at91347         -            140     1e-79  263.4   0.3   1   1   3.7e-82   1.6e-79  262.8   0.3     1   140     1   150     1   150 0.96 NZ_ABEW01000004.1_392 # 447455 # 447976 # 1 # ID=60_392;partial=00;start_type=ATG;rbs_motif=AGxAG;rbs_spacer=5-10bp;gc_cont=0.504
NZ_ABEW01000005.1:152821-153366|+ -            182 72355at91347         -            140   5.5e-20   69.8   0.0   1   1   2.3e-22   9.9e-20   69.0   0.0     7   136     5   145     2   149 0.76 NZ_ABEW01000005.1_142 # 152821 # 153366 # 1 # ID=59_142;partial=00;start_type=ATG;rbs_motif=GGA/GAG/AGG;rbs_spacer=5-10bp;gc_cont=0.584
NZ_ABEW01000005.1:216050-217321|+ -            424 72355at91347         -            140   0.00024   19.2   0.0   1   1   1.1e-06   0.00048   18.2   0.0     4    44   112   152   109   168 0.84 NZ_ABEW01000005.1_203 # 216050 # 217321 # 1 # ID=59_203;partial=00;start_type=ATG;rbs_motif=GGAG/GAGG;rbs_spacer=5-10bp;gc_cont=0.528
NZ_ABEW01000011.1:99098-100429|-  -            444 72355at91347         -            140    0.0007   17.6   0.0   1   2   4.7e-06     0.002   16.1   0.0     5    35    51    81    47   129 0.90 NZ_ABEW01000011.1_101 # 99098 # 100429 # -1 # ID=53_101;partial=00;start_type=ATG;rbs_motif=AGGA;rbs_spacer=5-10bp;gc_cont=0.533
NZ_ABEW01000011.1:99098-100429|-  -            444 72355at91347         -            140    0.0007   17.6   0.0   2   2       3.1   1.3e+03   -2.7   0.0    82   103   348   369   336   406 0.63 NZ_ABEW01000011.1_101 # 99098 # 100429 # -1 # ID=53_101;partial=00;start_type=ATG;rbs_motif=AGGA;rbs_spacer=5-10bp;gc_cont=0.533
NZ_ABEW01000007.1:49575-51311|-   -            579 72355at91347         -            140    0.0037   15.3   1.0   1   2    0.0016      0.68    8.0   0.1     9    29    38    58    34    61 0.90 NZ_ABEW01000007.1_49 # 49575 # 51311 # -1 # ID=57_49;partial=00;start_type=ATG;rbs_motif=GGAG/GAGG;rbs_spacer=5-10bp;gc_cont=0.561
NZ_ABEW01000007.1:49575-51311|-   -            579 72355at91347         -            140    0.0037   15.3   1.0   2   2     0.009       3.9    5.5   0.1     4    24   354   375   351   381 0.79 NZ_ABEW01000007.1_49 # 49575 # 51311 # -1 # ID=57_49;partial=00;start_type=ATG;rbs_motif=GGAG/GAGG;rbs_spacer=5-10bp;gc_cont=0.561
NZ_ABEW01000003.1:423557-424087|- -            177 72355at91347         -            140    0.0053   14.8   0.1   1   1   2.5e-05     0.011   13.8   0.1     8    37     7    36     1    50 0.89 NZ_ABEW01000003.1_380 # 423557 # 424087 # -1 # ID=61_380;partial=00;start_type=ATG;rbs_motif=GGAG/GAGG;rbs_spacer=5-10bp;gc_cont=0.461
NZ_ABEW01000004.1:378385-378918|+ -            178 72355at91347         -            140    0.0061   14.6   0.0   1   1   2.7e-05     0.011   13.7   0.0     7    36    11    40     5    53 0.87 NZ_ABEW01000004.1_339 # 378385 # 378918 # 1 # ID=60_339;partial=00;start_type=TTG;rbs_motif=GGA/GAG/AGG;rbs_spacer=11-12bp;gc_cont=0.532
NZ_ABEW01000012.1:16949-18856|+   -            636 72355at91347         -            140    0.0074   14.3   0.0   1   2    0.0071       3.1    5.8   0.0     4    26    29    51    26    64 0.85 NZ_ABEW01000012.1_15 # 16949 # 18856 # 1 # ID=52_15;partial=00;start_type=ATG;rbs_motif=AGGA;rbs_spacer=5-10bp;gc_cont=0.527
NZ_ABEW01000012.1:16949-18856|+   -            636 72355at91347         -            140    0.0074   14.3   0.0   2   2     0.008       3.5    5.7   0.0     6    29   347   370   342   416 0.83 NZ_ABEW01000012.1_15 # 16949 # 18856 # 1 # ID=52_15;partial=00;start_type=ATG;rbs_motif=AGGA;rbs_spacer=5-10bp;gc_cont=0.527
NZ_ABEW01000007.1:155611-157887|+ -            759 72355at91347         -            140      0.01   13.8   0.1   1   3      0.15        64    1.6   0.0     3    26   206   229   204   235 0.86 NZ_ABEW01000007.1_149 # 155611 # 157887 # 1 # ID=57_149;partial=00;start_type=ATG;rbs_motif=GGAGG;rbs_spacer=5-10bp;gc_cont=0.540
NZ_ABEW01000007.1:155611-157887|+ -            759 72355at91347         -            140      0.01   13.8   0.1   2   3       2.2   9.5e+02   -2.2   0.0    22    43   450   471   446   474 0.86 NZ_ABEW01000007.1_149 # 155611 # 157887 # 1 # ID=57_149;partial=00;start_type=ATG;rbs_motif=GGAGG;rbs_spacer=5-10bp;gc_cont=0.540
NZ_ABEW01000007.1:155611-157887|+ -            759 72355at91347         -            140      0.01   13.8   0.1   3   3    0.0012      0.51    8.4   0.0     9    43   493   529   486   535 0.84 NZ_ABEW01000007.1_149 # 155611 # 157887 # 1 # ID=57_149;partial=00;start_type=ATG;rbs_motif=GGAGG;rbs_spacer=5-10bp;gc_cont=0.540
NZ_ABEW01000007.1:196907-197590|+ -            228 72355at91347         -            140     0.015   13.3   0.0   1   3   0.00012     0.053   11.5   0.0     9    37    10    38     5    61 0.83 NZ_ABEW01000007.1_180 # 196907 # 197590 # 1 # ID=57_180;partial=00;start_type=ATG;rbs_motif=AGGAG;rbs_spacer=5-10bp;gc_cont=0.556
NZ_ABEW01000007.1:196907-197590|+ -            228 72355at91347         -            140     0.015   13.3   0.0   2   3       3.8   1.6e+03   -3.0   0.0    24    41    63    80    60    88 0.79 NZ_ABEW01000007.1_180 # 196907 # 197590 # 1 # ID=57_180;partial=00;start_type=ATG;rbs_motif=AGGAG;rbs_spacer=5-10bp;gc_cont=0.556
NZ_ABEW01000007.1:196907-197590|+ -            228 72355at91347         -            140     0.015   13.3   0.0   3   3       2.2   9.4e+02   -2.2   0.0    98   117   167   186   148   217 0.63 NZ_ABEW01000007.1_180 # 196907 # 197590 # 1 # ID=57_180;partial=00;start_type=ATG;rbs_motif=AGGAG;rbs_spacer=5-10bp;gc_cont=0.556
NZ_ABEW01000003.1:528174-529124|- -            317 72355at91347         -            140     0.033   12.2   0.0   1   1   0.00016     0.067   11.2   0.0     5    41    11    47     8    55 0.86 NZ_ABEW01000003.1_483 # 528174 # 529124 # -1 # ID=61_483;partial=00;start_type=ATG;rbs_motif=None;rbs_spacer=None;gc_cont=0.546
#
# Program:         hmmsearch
# Version:         3.4 (Aug 2023)
# Pipeline mode:   SEARCH
# Query file:      /Users/dizzler/Projects/School/BIOL4600-Capstone/databases/lineages/enterobacterales_odb10/hmms/72355at91347.hmm
# Target file:     /Users/dizzler/Projects/School/BIOL4600-Capstone/reports/busco-results/GCF_000171415.1_ASM17141v1_genomic.fna/prodigal_output/predicted_genes/predicted.faa
# Option settings: hmmsearch --domtblout /Users/dizzler/Projects/School/BIOL4600-Capstone/reports/busco-results/GCF_000171415.1_ASM17141v1_genomic.fna/run_enterobacterales_odb10/hmmer_output/72355at91347.out --cpu 1 /Users/dizzler/Projects/School/BIOL4600-Capstone/databases/lineages/enterobacterales_odb10/hmms/72355at91347.hmm /Users/dizzler/Projects/School/BIOL4600-Capstone/reports/busco-results/GCF_000171415.1_ASM17141v1_genomic.fna/prodigal_output/predicted_genes/predicted.faa 
# Current dir:     /Users/dizzler/Projects/School/BIOL4600-Capstone
# Date:            Wed Feb 25 22:54:07 2026
# [ok]
