#                                                                                         --- full sequence --- -------------- this domain -------------   hmm coord   ali coord   env coord
# target name                     accession   tlen query name           accession   qlen   E-value  score  bias   #  of  c-Evalue  i-Evalue  score  bias  from    to  from    to  from    to  acc description of target
#             ------------------- ---------- ----- -------------------- ---------- ----- --------- ------ ----- --- --- --------- --------- ------ ----- ----- ----- ----- ----- ----- ----- ---- ---------------------
NZ_ABEW01000008.1:133272-134849|+ -            526 9375at91347          -            437  2.3e-236  782.6   0.0   1   2   7.6e-43     6e-40  135.3   0.0     1    91     9   116     9   121 0.91 NZ_ABEW01000008.1_103 # 133272 # 134849 # 1 # ID=56_103;partial=00;start_type=ATG;rbs_motif=GGA/GAG/AGG;rbs_spacer=5-10bp;gc_cont=0.568
NZ_ABEW01000008.1:133272-134849|+ -            526 9375at91347          -            437  2.3e-236  782.6   0.0   2   2  3.6e-197  2.8e-194  643.8   0.0    90   437   136   525   120   525 0.93 NZ_ABEW01000008.1_103 # 133272 # 134849 # 1 # ID=56_103;partial=00;start_type=ATG;rbs_motif=GGA/GAG/AGG;rbs_spacer=5-10bp;gc_cont=0.568
NZ_ABEW01000004.1:469136-469699|+ -            188 9375at91347          -            437   2.5e-07   27.8   0.0   1   1     5e-08     4e-05   20.5   0.0     2   141     2   177     1   187 0.61 NZ_ABEW01000004.1_409 # 469136 # 469699 # 1 # ID=60_409;partial=00;start_type=ATG;rbs_motif=GGAG/GAGG;rbs_spacer=5-10bp;gc_cont=0.546
NZ_ABEW01000006.1:376757-377347|- -            197 9375at91347          -            437   0.00011   19.0   0.0   1   2    0.0013         1    6.0   0.0    58    73    69    84    62    97 0.83 NZ_ABEW01000006.1_337 # 376757 # 377347 # -1 # ID=58_337;partial=00;start_type=ATG;rbs_motif=AGGAG;rbs_spacer=5-10bp;gc_cont=0.570
NZ_ABEW01000006.1:376757-377347|- -            197 9375at91347          -            437   0.00011   19.0   0.0   2   2   3.9e-05     0.031   11.0   0.0    97   136   143   182   137   195 0.77 NZ_ABEW01000006.1_337 # 376757 # 377347 # -1 # ID=58_337;partial=00;start_type=ATG;rbs_motif=AGGAG;rbs_spacer=5-10bp;gc_cont=0.570
NZ_ABEW01000003.1:212572-213720|- -            383 9375at91347          -            437   0.00027   17.8   0.0   1   1   4.8e-07   0.00038   17.3   0.0     6    81   198   284   193   319 0.71 NZ_ABEW01000003.1_185 # 212572 # 213720 # -1 # ID=61_185;partial=00;start_type=TTG;rbs_motif=GGAGG;rbs_spacer=5-10bp;gc_cont=0.559
NZ_ABEW01000010.1:96752-97858|-   -            369 9375at91347          -            437   0.00098   15.9   0.0   1   2   4.9e-06    0.0038   14.0   0.0   161   182     6    27     3    40 0.85 NZ_ABEW01000010.1_100 # 96752 # 97858 # -1 # ID=54_100;partial=00;start_type=ATG;rbs_motif=GGA/GAG/AGG;rbs_spacer=5-10bp;gc_cont=0.548
NZ_ABEW01000010.1:96752-97858|-   -            369 9375at91347          -            437   0.00098   15.9   0.0   2   2      0.19   1.5e+02   -1.1   0.0   286   306   168   188   161   192 0.87 NZ_ABEW01000010.1_100 # 96752 # 97858 # -1 # ID=54_100;partial=00;start_type=ATG;rbs_motif=GGA/GAG/AGG;rbs_spacer=5-10bp;gc_cont=0.548
NZ_ABEW01000001.1:273996-275591|- -            532 9375at91347          -            437    0.0011   15.8   0.1   1   2   0.00052      0.41    7.3   0.1    50    84    68   102    50   112 0.89 NZ_ABEW01000001.1_280 # 273996 # 275591 # -1 # ID=63_280;partial=00;start_type=ATG;rbs_motif=AGGAG;rbs_spacer=5-10bp;gc_cont=0.571
NZ_ABEW01000001.1:273996-275591|- -            532 9375at91347          -            437    0.0011   15.8   0.1   2   2     0.001      0.81    6.3   0.0   115   143   153   181   126   194 0.75 NZ_ABEW01000001.1_280 # 273996 # 275591 # -1 # ID=63_280;partial=00;start_type=ATG;rbs_motif=AGGAG;rbs_spacer=5-10bp;gc_cont=0.571
#
# Program:         hmmsearch
# Version:         3.4 (Aug 2023)
# Pipeline mode:   SEARCH
# Query file:      /Users/dizzler/Projects/School/BIOL4600-Capstone/databases/lineages/enterobacterales_odb10/hmms/9375at91347.hmm
# Target file:     /Users/dizzler/Projects/School/BIOL4600-Capstone/reports/busco-results/GCF_000171415.1_ASM17141v1_genomic.fna/prodigal_output/predicted_genes/predicted.faa
# Option settings: hmmsearch --domtblout /Users/dizzler/Projects/School/BIOL4600-Capstone/reports/busco-results/GCF_000171415.1_ASM17141v1_genomic.fna/run_enterobacterales_odb10/hmmer_output/9375at91347.out --cpu 1 /Users/dizzler/Projects/School/BIOL4600-Capstone/databases/lineages/enterobacterales_odb10/hmms/9375at91347.hmm /Users/dizzler/Projects/School/BIOL4600-Capstone/reports/busco-results/GCF_000171415.1_ASM17141v1_genomic.fna/prodigal_output/predicted_genes/predicted.faa 
# Current dir:     /Users/dizzler/Projects/School/BIOL4600-Capstone
# Date:            Wed Feb 25 22:54:07 2026
# [ok]
