#                                                                                           --- full sequence --- -------------- this domain -------------   hmm coord   ali coord   env coord
# target name                       accession   tlen query name           accession   qlen   E-value  score  bias   #  of  c-Evalue  i-Evalue  score  bias  from    to  from    to  from    to  acc description of target
#               ------------------- ---------- ----- -------------------- ---------- ----- --------- ------ ----- --- --- --------- --------- ------ ----- ----- ----- ----- ----- ----- ----- ---- ---------------------
NZ_ABAM02000001.1:3109216-3110688|- -            491 13669at91347         -            358  1.5e-153  508.7   0.0   1   2   1.7e-42   4.9e-40  135.3   0.0     1   120     1   158     1   160 0.88 NZ_ABAM02000001.1_2877 # 3109216 # 3110688 # -1 # ID=2_2877;partial=00;start_type=ATG;rbs_motif=GGAG/GAGG;rbs_spacer=5-10bp;gc_cont=0.547
NZ_ABAM02000001.1:3109216-3110688|- -            491 13669at91347         -            358  1.5e-153  508.7   0.0   2   2    3e-114  8.8e-112  371.3   0.0   120   358   202   464   199   464 0.93 NZ_ABAM02000001.1_2877 # 3109216 # 3110688 # -1 # ID=2_2877;partial=00;start_type=ATG;rbs_motif=GGAG/GAGG;rbs_spacer=5-10bp;gc_cont=0.547
NZ_ABAM02000001.1:3181716-3182621|- -            302 13669at91347         -            358   6.5e-21   72.4   0.0   1   1   3.1e-23     9e-21   72.0   0.0   123   274    11   172     7   214 0.80 NZ_ABAM02000001.1_2939 # 3181716 # 3182621 # -1 # ID=2_2939;partial=00;start_type=ATG;rbs_motif=GGAG/GAGG;rbs_spacer=5-10bp;gc_cont=0.518
NZ_ABAM02000001.1:4420581-4421984|+ -            468 13669at91347         -            358   5.1e-18   62.9   0.0   1   1   2.2e-20   6.5e-18   62.5   0.0   114   232   223   351   171   383 0.81 NZ_ABAM02000001.1_4081 # 4420581 # 4421984 # 1 # ID=2_4081;partial=00;start_type=ATG;rbs_motif=AGxAGG/AGGxGG;rbs_spacer=3-4bp;gc_cont=0.590
NZ_ABAM02000001.1:250449-251729|+   -            427 13669at91347         -            358   1.2e-10   38.7   0.0   1   1   7.6e-13   2.2e-10   37.8   0.0   118   275   195   361   176   371 0.77 NZ_ABAM02000001.1_215 # 250449 # 251729 # 1 # ID=2_215;partial=00;start_type=TTG;rbs_motif=GGAG/GAGG;rbs_spacer=5-10bp;gc_cont=0.542
NZ_ABAM02000001.1:4036810-4039128|+ -            773 13669at91347         -            358   1.3e-08   32.0   0.8   1   2   2.2e-09   6.3e-07   26.4   0.0     3    49     4    49     2    54 0.92 NZ_ABAM02000001.1_3748 # 4036810 # 4039128 # 1 # ID=2_3748;partial=00;start_type=ATG;rbs_motif=GGA/GAG/AGG;rbs_spacer=5-10bp;gc_cont=0.564
NZ_ABAM02000001.1:4036810-4039128|+ -            773 13669at91347         -            358   1.3e-08   32.0   0.8   2   2     0.017         5    3.7   0.2   194   239    85   131    67   176 0.83 NZ_ABAM02000001.1_3748 # 4036810 # 4039128 # 1 # ID=2_3748;partial=00;start_type=ATG;rbs_motif=GGA/GAG/AGG;rbs_spacer=5-10bp;gc_cont=0.564
NZ_ABAM02000001.1:4577023-4577655|- -            211 13669at91347         -            358   8.5e-08   29.3   0.0   1   1   6.1e-10   1.8e-07   28.2   0.0   120   276    26   198    12   201 0.73 NZ_ABAM02000001.1_4216 # 4577023 # 4577655 # -1 # ID=2_4216;partial=00;start_type=TTG;rbs_motif=GGAG/GAGG;rbs_spacer=5-10bp;gc_cont=0.523
NZ_ABAM02000001.1:2341736-2342827|+ -            364 13669at91347         -            358   7.3e-05   19.6   0.0   1   2   5.5e-07   0.00016   18.5   0.0     5    26     5    26     1    45 0.75 NZ_ABAM02000001.1_2167 # 2341736 # 2342827 # 1 # ID=2_2167;partial=00;start_type=ATG;rbs_motif=GGA/GAG/AGG;rbs_spacer=5-10bp;gc_cont=0.528
NZ_ABAM02000001.1:2341736-2342827|+ -            364 13669at91347         -            358   7.3e-05   19.6   0.0   2   2       1.8   5.3e+02   -2.9   0.0   236   266   185   215   182   228 0.79 NZ_ABAM02000001.1_2167 # 2341736 # 2342827 # 1 # ID=2_2167;partial=00;start_type=ATG;rbs_motif=GGA/GAG/AGG;rbs_spacer=5-10bp;gc_cont=0.528
NZ_ABAM02000001.1:3843567-3844739|- -            391 13669at91347         -            358   0.00087   16.1   0.0   1   1   4.8e-06    0.0014   15.4   0.0   122   272   161   329   150   341 0.70 NZ_ABAM02000001.1_3547 # 3843567 # 3844739 # -1 # ID=2_3547;partial=00;start_type=ATG;rbs_motif=GGAG/GAGG;rbs_spacer=5-10bp;gc_cont=0.552
NZ_ABAM02000001.1:3826959-3829637|- -            893 13669at91347         -            358    0.0035   14.1   0.0   1   2   3.9e-05     0.011   12.4   0.0   192   272   461   551   391   566 0.64 NZ_ABAM02000001.1_3533 # 3826959 # 3829637 # -1 # ID=2_3533;partial=00;start_type=ATG;rbs_motif=AGGA;rbs_spacer=5-10bp;gc_cont=0.552
NZ_ABAM02000001.1:3826959-3829637|- -            893 13669at91347         -            358    0.0035   14.1   0.0   2   2       1.6   4.8e+02   -2.8   0.0    49    98   726   782   704   801 0.63 NZ_ABAM02000001.1_3533 # 3826959 # 3829637 # -1 # ID=2_3533;partial=00;start_type=ATG;rbs_motif=AGGA;rbs_spacer=5-10bp;gc_cont=0.552
NZ_ABAM02000001.1:575312-576133|+   -            274 13669at91347         -            358    0.0063   13.2   0.0   1   1     3e-05    0.0088   12.8   0.0    39   114    92   165    84   173 0.82 NZ_ABAM02000001.1_512 # 575312 # 576133 # 1 # ID=2_512;partial=00;start_type=ATG;rbs_motif=GGA/GAG/AGG;rbs_spacer=5-10bp;gc_cont=0.566
NZ_ABAM02000001.1:1561419-1563326|+ -            636 13669at91347         -            358     0.014   12.2   0.1   1   2   0.00065      0.19    8.4   0.0   118   143    27    52    20    61 0.78 NZ_ABAM02000001.1_1393 # 1561419 # 1563326 # 1 # ID=2_1393;partial=00;start_type=ATG;rbs_motif=AGGA;rbs_spacer=5-10bp;gc_cont=0.529
NZ_ABAM02000001.1:1561419-1563326|+ -            636 13669at91347         -            358     0.014   12.2   0.1   2   2     0.094        27    1.3   0.0   121   143   346   368   334   379 0.81 NZ_ABAM02000001.1_1393 # 1561419 # 1563326 # 1 # ID=2_1393;partial=00;start_type=ATG;rbs_motif=AGGA;rbs_spacer=5-10bp;gc_cont=0.529
NZ_ABAM02000001.1:239132-240184|-   -            351 13669at91347         -            358     0.023   11.4   0.4   1   2     0.053        15    2.1   0.0   225   267   156   201   120   210 0.74 NZ_ABAM02000001.1_205 # 239132 # 240184 # -1 # ID=2_205;partial=00;start_type=TTG;rbs_motif=AGGAG;rbs_spacer=5-10bp;gc_cont=0.536
NZ_ABAM02000001.1:239132-240184|-   -            351 13669at91347         -            358     0.023   11.4   0.4   2   2   0.00071      0.21    8.3   0.0   109   147   194   234   184   244 0.60 NZ_ABAM02000001.1_205 # 239132 # 240184 # -1 # ID=2_205;partial=00;start_type=TTG;rbs_motif=AGGAG;rbs_spacer=5-10bp;gc_cont=0.536
NZ_ABAM02000001.1:1403671-1405263|+ -            531 13669at91347         -            358     0.023   11.4   1.1   1   2      0.66   1.9e+02   -1.5   0.1   125   138    32    45    29    50 0.60 NZ_ABAM02000001.1_1260 # 1403671 # 1405263 # 1 # ID=2_1260;partial=00;start_type=GTG;rbs_motif=AGGA;rbs_spacer=5-10bp;gc_cont=0.534
NZ_ABAM02000001.1:1403671-1405263|+ -            531 13669at91347         -            358     0.023   11.4   1.1   2   2   0.00017     0.049   10.3   0.1   112   142   337   367   334   370 0.91 NZ_ABAM02000001.1_1260 # 1403671 # 1405263 # 1 # ID=2_1260;partial=00;start_type=GTG;rbs_motif=AGGA;rbs_spacer=5-10bp;gc_cont=0.534
NZ_ABAM02000001.1:3293321-3296974|+ -           1218 13669at91347         -            358     0.033   10.9   2.2   1   3     0.065        19    1.8   0.0   122   137   369   384   358   391 0.72 NZ_ABAM02000001.1_3028 # 3293321 # 3296974 # 1 # ID=2_3028;partial=00;start_type=ATG;rbs_motif=AGGAGG;rbs_spacer=3-4bp;gc_cont=0.590
NZ_ABAM02000001.1:3293321-3296974|+ -           1218 13669at91347         -            358     0.033   10.9   2.2   2   3    0.0031       0.9    6.2   0.1   122   140   995  1013   985  1016 0.73 NZ_ABAM02000001.1_3028 # 3293321 # 3296974 # 1 # ID=2_3028;partial=00;start_type=ATG;rbs_motif=AGGAGG;rbs_spacer=3-4bp;gc_cont=0.590
NZ_ABAM02000001.1:3293321-3296974|+ -           1218 13669at91347         -            358     0.033   10.9   2.2   3   3      0.19        54    0.3   0.1    23    55  1152  1183  1144  1189 0.83 NZ_ABAM02000001.1_3028 # 3293321 # 3296974 # 1 # ID=2_3028;partial=00;start_type=ATG;rbs_motif=AGGAGG;rbs_spacer=3-4bp;gc_cont=0.590
NZ_ABAM02000001.1:3983133-3985040|+ -            636 13669at91347         -            358     0.042   10.6   0.5   1   2    0.0096       2.8    4.6   0.1   122   140    29    47    11    58 0.68 NZ_ABAM02000001.1_3702 # 3983133 # 3985040 # 1 # ID=2_3702;partial=00;start_type=ATG;rbs_motif=None;rbs_spacer=None;gc_cont=0.575
NZ_ABAM02000001.1:3983133-3985040|+ -            636 13669at91347         -            358     0.042   10.6   0.5   2   2     0.015       4.5    3.9   0.1   122   142   340   360   331   364 0.79 NZ_ABAM02000001.1_3702 # 3983133 # 3985040 # 1 # ID=2_3702;partial=00;start_type=ATG;rbs_motif=None;rbs_spacer=None;gc_cont=0.575
#
# Program:         hmmsearch
# Version:         3.4 (Aug 2023)
# Pipeline mode:   SEARCH
# Query file:      /Users/dizzler/Projects/School/BIOL4600-Capstone/busco_downloads/lineages/enterobacterales_odb10/hmms/13669at91347.hmm
# Target file:     reports/busco-results/data/00-reads/GCF_000170215.1_ASM17021v1_genomic.fna/prodigal_output/predicted_genes/predicted.faa
# Option settings: hmmsearch --domtblout reports/busco-results/data/00-reads/GCF_000170215.1_ASM17021v1_genomic.fna/run_enterobacterales_odb10/hmmer_output/13669at91347.out --cpu 1 /Users/dizzler/Projects/School/BIOL4600-Capstone/busco_downloads/lineages/enterobacterales_odb10/hmms/13669at91347.hmm reports/busco-results/data/00-reads/GCF_000170215.1_ASM17021v1_genomic.fna/prodigal_output/predicted_genes/predicted.faa 
# Current dir:     /Users/dizzler/Projects/School/BIOL4600-Capstone
# Date:            Sat Feb 21 22:04:57 2026
# [ok]
