#                                                                                           --- full sequence --- -------------- this domain -------------   hmm coord   ali coord   env coord
# target name                       accession   tlen query name           accession   qlen   E-value  score  bias   #  of  c-Evalue  i-Evalue  score  bias  from    to  from    to  from    to  acc description of target
#               ------------------- ---------- ----- -------------------- ---------- ----- --------- ------ ----- --- --- --------- --------- ------ ----- ----- ----- ----- ----- ----- ----- ---- ---------------------
NZ_ABAM02000001.1:4442200-4443582|- -            461 17649at91347         -            402    2e-244  808.7   5.7   1   2     5e-39   3.1e-36  123.1   0.8     1    84     3   102     3   109 0.94 NZ_ABAM02000001.1_4100 # 4442200 # 4443582 # -1 # ID=2_4100;partial=00;start_type=ATG;rbs_motif=GGAG/GAGG;rbs_spacer=5-10bp;gc_cont=0.553
NZ_ABAM02000001.1:4442200-4443582|- -            461 17649at91347         -            402    2e-244  808.7   5.7   2   2  1.2e-210  7.3e-208  688.3   0.3    83   399   124   452   119   458 0.97 NZ_ABAM02000001.1_4100 # 4442200 # 4443582 # -1 # ID=2_4100;partial=00;start_type=ATG;rbs_motif=GGAG/GAGG;rbs_spacer=5-10bp;gc_cont=0.553
NZ_ABAM02000001.1:2519021-2520391|+ -            457 17649at91347         -            402   5.5e-36  122.3   0.6   1   1   1.8e-37   1.1e-34  117.9   0.6    84   332   157   409    79   439 0.87 NZ_ABAM02000001.1_2348 # 2519021 # 2520391 # 1 # ID=2_2348;partial=00;start_type=ATG;rbs_motif=GGAG/GAGG;rbs_spacer=5-10bp;gc_cont=0.596
NZ_ABAM02000001.1:1955708-1956886|+ -            393 17649at91347         -            402   1.2e-35  121.1   0.2   1   1   2.8e-36   1.7e-33  114.0   0.2    59   330    49   344    15   371 0.79 NZ_ABAM02000001.1_1800 # 1955708 # 1956886 # 1 # ID=2_1800;partial=00;start_type=ATG;rbs_motif=None;rbs_spacer=None;gc_cont=0.516
NZ_ABAM02000001.1:3412156-3413451|- -            432 17649at91347         -            402     1e-34  118.1   0.1   1   2      0.19   1.2e+02   -0.7   0.0    44    85    63   103    44   132 0.73 NZ_ABAM02000001.1_3146 # 3412156 # 3413451 # -1 # ID=2_3146;partial=00;start_type=ATG;rbs_motif=None;rbs_spacer=None;gc_cont=0.543
NZ_ABAM02000001.1:3412156-3413451|- -            432 17649at91347         -            402     1e-34  118.1   0.1   2   2     6e-37   3.7e-34  116.3   0.0    86   330   136   382   117   420 0.86 NZ_ABAM02000001.1_3146 # 3412156 # 3413451 # -1 # ID=2_3146;partial=00;start_type=ATG;rbs_motif=None;rbs_spacer=None;gc_cont=0.543
NZ_ABAM02000001.1:4444523-4446064|- -            514 17649at91347         -            402   1.1e-18   65.3   3.4   1   2   4.3e-08   2.7e-05   21.2   0.3    42    84    73   121    61   140 0.68 NZ_ABAM02000001.1_4102 # 4444523 # 4446064 # -1 # ID=2_4102;partial=00;start_type=ATG;rbs_motif=GGA/GAG/AGG;rbs_spacer=5-10bp;gc_cont=0.553
NZ_ABAM02000001.1:4444523-4446064|- -            514 17649at91347         -            402   1.1e-18   65.3   3.4   2   2     5e-15   3.1e-12   44.1   0.2    86   326   146   405   135   437 0.80 NZ_ABAM02000001.1_4102 # 4444523 # 4446064 # -1 # ID=2_4102;partial=00;start_type=ATG;rbs_motif=GGA/GAG/AGG;rbs_spacer=5-10bp;gc_cont=0.553
NZ_ABAM02000001.1:4493588-4494847|+ -            420 17649at91347         -            402   1.7e-08   31.8   0.0   1   1     4e-11   2.5e-08   31.2   0.0    90   312   159   378   152   405 0.87 NZ_ABAM02000001.1_4141 # 4493588 # 4494847 # 1 # ID=2_4141;partial=00;start_type=ATG;rbs_motif=None;rbs_spacer=None;gc_cont=0.529
NZ_ABAM02000001.1:1484566-1485477|+ -            304 17649at91347         -            402    0.0029   14.5   0.0   1   1   7.5e-06    0.0047   13.8   0.0   277   333    34    90    21    95 0.92 NZ_ABAM02000001.1_1337 # 1484566 # 1485477 # 1 # ID=2_1337;partial=00;start_type=ATG;rbs_motif=AGGA;rbs_spacer=5-10bp;gc_cont=0.578
#
# Program:         hmmsearch
# Version:         3.4 (Aug 2023)
# Pipeline mode:   SEARCH
# Query file:      /Users/dizzler/Projects/School/BIOL4600-Capstone/busco_downloads/lineages/enterobacterales_odb10/hmms/17649at91347.hmm
# Target file:     reports/busco-results/data/00-reads/GCF_000170215.1_ASM17021v1_genomic.fna/prodigal_output/predicted_genes/predicted.faa
# Option settings: hmmsearch --domtblout reports/busco-results/data/00-reads/GCF_000170215.1_ASM17021v1_genomic.fna/run_enterobacterales_odb10/hmmer_output/17649at91347.out --cpu 1 /Users/dizzler/Projects/School/BIOL4600-Capstone/busco_downloads/lineages/enterobacterales_odb10/hmms/17649at91347.hmm reports/busco-results/data/00-reads/GCF_000170215.1_ASM17021v1_genomic.fna/prodigal_output/predicted_genes/predicted.faa 
# Current dir:     /Users/dizzler/Projects/School/BIOL4600-Capstone
# Date:            Sat Feb 21 22:04:57 2026
# [ok]
