#                                                                                           --- full sequence --- -------------- this domain -------------   hmm coord   ali coord   env coord
# target name                       accession   tlen query name           accession   qlen   E-value  score  bias   #  of  c-Evalue  i-Evalue  score  bias  from    to  from    to  from    to  acc description of target
#               ------------------- ---------- ----- -------------------- ---------- ----- --------- ------ ----- --- --- --------- --------- ------ ----- ----- ----- ----- ----- ----- ----- ---- ---------------------
NZ_ABAM02000001.1:2269708-2272305|- -            866 2121at91347          -            705         0 1324.4   6.2   1   4   4.6e-24   6.7e-21   72.0   0.1     1    43     1    43     1    49 0.96 NZ_ABAM02000001.1_2100 # 2269708 # 2272305 # -1 # ID=2_2100;partial=00;start_type=ATG;rbs_motif=GGA/GAG/AGG;rbs_spacer=5-10bp;gc_cont=0.540
NZ_ABAM02000001.1:2269708-2272305|- -            866 2121at91347          -            705         0 1324.4   6.2   2   4   5.2e-96   7.5e-93  309.8   0.2    41   196    64   227    54   237 0.95 NZ_ABAM02000001.1_2100 # 2269708 # 2272305 # -1 # ID=2_2100;partial=00;start_type=ATG;rbs_motif=GGA/GAG/AGG;rbs_spacer=5-10bp;gc_cont=0.540
NZ_ABAM02000001.1:2269708-2272305|- -            866 2121at91347          -            705         0 1324.4   6.2   3   4   4.3e-76   6.2e-73  244.0   0.0   192   353   268   457   248   465 0.85 NZ_ABAM02000001.1_2100 # 2269708 # 2272305 # -1 # ID=2_2100;partial=00;start_type=ATG;rbs_motif=GGA/GAG/AGG;rbs_spacer=5-10bp;gc_cont=0.540
NZ_ABAM02000001.1:2269708-2272305|- -            866 2121at91347          -            705         0 1324.4   6.2   4   4  6.7e-214  9.7e-211  699.5   0.1   339   705   465   860   457   860 0.95 NZ_ABAM02000001.1_2100 # 2269708 # 2272305 # -1 # ID=2_2100;partial=00;start_type=ATG;rbs_motif=GGA/GAG/AGG;rbs_spacer=5-10bp;gc_cont=0.540
NZ_ABAM02000001.1:1836548-1838497|+ -            650 2121at91347          -            705   1.3e-16   57.8   0.2   1   3     7e-10     1e-06   25.1   0.0    59   194    81   227    68   239 0.77 NZ_ABAM02000001.1_1682 # 1836548 # 1838497 # 1 # ID=2_1682;partial=00;start_type=ATG;rbs_motif=3Base/5BMM;rbs_spacer=13-15bp;gc_cont=0.564
NZ_ABAM02000001.1:1836548-1838497|+ -            650 2121at91347          -            705   1.3e-16   57.8   0.2   2   3   7.1e-10     1e-06   25.1   0.0   193   310   277   415   272   431 0.70 NZ_ABAM02000001.1_1682 # 1836548 # 1838497 # 1 # ID=2_1682;partial=00;start_type=ATG;rbs_motif=3Base/5BMM;rbs_spacer=13-15bp;gc_cont=0.564
NZ_ABAM02000001.1:1836548-1838497|+ -            650 2121at91347          -            705   1.3e-16   57.8   0.2   3   3    0.0048         7    2.5   0.0   332   437   479   592   433   604 0.71 NZ_ABAM02000001.1_1682 # 1836548 # 1838497 # 1 # ID=2_1682;partial=00;start_type=ATG;rbs_motif=3Base/5BMM;rbs_spacer=13-15bp;gc_cont=0.564
NZ_ABAM02000001.1:3947965-3948507|- -            181 2121at91347          -            705   2.8e-06   23.7   0.6   1   2   7.7e-09   1.1e-05   21.7   0.1   559   640    15    93     5   100 0.84 NZ_ABAM02000001.1_3646 # 3947965 # 3948507 # -1 # ID=2_3646;partial=00;start_type=ATG;rbs_motif=GGA/GAG/AGG;rbs_spacer=5-10bp;gc_cont=0.538
NZ_ABAM02000001.1:3947965-3948507|- -            181 2121at91347          -            705   2.8e-06   23.7   0.6   2   2     0.033        48   -0.2   0.1   459   497   102   140    96   150 0.67 NZ_ABAM02000001.1_3646 # 3947965 # 3948507 # -1 # ID=2_3646;partial=00;start_type=ATG;rbs_motif=GGA/GAG/AGG;rbs_spacer=5-10bp;gc_cont=0.538
#
# Program:         hmmsearch
# Version:         3.4 (Aug 2023)
# Pipeline mode:   SEARCH
# Query file:      /Users/dizzler/Projects/School/BIOL4600-Capstone/busco_downloads/lineages/enterobacterales_odb10/hmms/2121at91347.hmm
# Target file:     reports/busco-results/data/00-reads/GCF_000170215.1_ASM17021v1_genomic.fna/prodigal_output/predicted_genes/predicted.faa
# Option settings: hmmsearch --domtblout reports/busco-results/data/00-reads/GCF_000170215.1_ASM17021v1_genomic.fna/run_enterobacterales_odb10/hmmer_output/2121at91347.out --cpu 1 /Users/dizzler/Projects/School/BIOL4600-Capstone/busco_downloads/lineages/enterobacterales_odb10/hmms/2121at91347.hmm reports/busco-results/data/00-reads/GCF_000170215.1_ASM17021v1_genomic.fna/prodigal_output/predicted_genes/predicted.faa 
# Current dir:     /Users/dizzler/Projects/School/BIOL4600-Capstone
# Date:            Sat Feb 21 22:04:57 2026
# [ok]
