#                                                                                           --- full sequence --- -------------- this domain -------------   hmm coord   ali coord   env coord
# target name                       accession   tlen query name           accession   qlen   E-value  score  bias   #  of  c-Evalue  i-Evalue  score  bias  from    to  from    to  from    to  acc description of target
#               ------------------- ---------- ----- -------------------- ---------- ----- --------- ------ ----- --- --- --------- --------- ------ ----- ----- ----- ----- ----- ----- ----- ---- ---------------------
NZ_ABAM02000001.1:682301-683725|+   -            475 25383at91347         -            399  1.9e-208  690.1   4.6   1   1    8e-210  2.1e-207  686.7   4.6     1   399     5   468     5   468 0.92 NZ_ABAM02000001.1_600 # 682301 # 683725 # 1 # ID=2_600;partial=00;start_type=ATG;rbs_motif=GGAG/GAGG;rbs_spacer=5-10bp;gc_cont=0.542
NZ_ABAM02000001.1:4711752-4713152|- -            467 25383at91347         -            399   9.7e-50  167.5   0.0   1   2   3.5e-26     9e-24   81.9   0.0     4   189     8   223     6   243 0.81 NZ_ABAM02000001.1_4342 # 4711752 # 4713152 # -1 # ID=2_4342;partial=00;start_type=ATG;rbs_motif=GGA/GAG/AGG;rbs_spacer=5-10bp;gc_cont=0.530
NZ_ABAM02000001.1:4711752-4713152|- -            467 25383at91347         -            399   9.7e-50  167.5   0.0   2   2   1.5e-26   3.8e-24   83.2   0.2   222   387   284   458   252   460 0.84 NZ_ABAM02000001.1_4342 # 4711752 # 4713152 # -1 # ID=2_4342;partial=00;start_type=ATG;rbs_motif=GGA/GAG/AGG;rbs_spacer=5-10bp;gc_cont=0.530
NZ_ABAM02000001.1:1119234-1120559|+ -            442 25383at91347         -            399   1.2e-47  160.5   0.1   1   1   1.1e-49   2.9e-47  159.3   0.1     3   384     4   434     2   439 0.82 NZ_ABAM02000001.1_997 # 1119234 # 1120559 # 1 # ID=2_997;partial=00;start_type=ATG;rbs_motif=GGAG/GAGG;rbs_spacer=5-10bp;gc_cont=0.524
NZ_ABAM02000001.1:4141048-4142400|+ -            451 25383at91347         -            399   1.1e-41  140.9   0.7   1   1     4e-42     1e-39  134.5   0.7     5   382     7   445     3   449 0.76 NZ_ABAM02000001.1_3836 # 4141048 # 4142400 # 1 # ID=2_3836;partial=00;start_type=ATG;rbs_motif=AGGAG;rbs_spacer=5-10bp;gc_cont=0.552
NZ_ABAM02000001.1:1490449-1491417|- -            323 25383at91347         -            399   1.5e-06   25.3   0.3   1   3   1.6e-05    0.0042   13.9   0.0     3    36     7    40     5    47 0.87 NZ_ABAM02000001.1_1342 # 1490449 # 1491417 # -1 # ID=2_1342;partial=00;start_type=ATG;rbs_motif=GGA/GAG/AGG;rbs_spacer=3-4bp;gc_cont=0.545
NZ_ABAM02000001.1:1490449-1491417|- -            323 25383at91347         -            399   1.5e-06   25.3   0.3   2   3      0.25        63    0.1   0.0   146   176   147   177   107   216 0.79 NZ_ABAM02000001.1_1342 # 1490449 # 1491417 # -1 # ID=2_1342;partial=00;start_type=ATG;rbs_motif=GGA/GAG/AGG;rbs_spacer=3-4bp;gc_cont=0.545
NZ_ABAM02000001.1:1490449-1491417|- -            323 25383at91347         -            399   1.5e-06   25.3   0.3   3   3    0.0014      0.37    7.5   0.0   200   252   226   290   218   300 0.74 NZ_ABAM02000001.1_1342 # 1490449 # 1491417 # -1 # ID=2_1342;partial=00;start_type=ATG;rbs_motif=GGA/GAG/AGG;rbs_spacer=3-4bp;gc_cont=0.545
NZ_ABAM02000001.1:3996816-3999359|+ -            848 25383at91347         -            399   1.8e-06   25.0   0.0   1   3   1.3e-05    0.0034   14.2   0.0   107   176    98   176    47   199 0.74 NZ_ABAM02000001.1_3717 # 3996816 # 3999359 # 1 # ID=2_3717;partial=00;start_type=ATG;rbs_motif=GGAG/GAGG;rbs_spacer=5-10bp;gc_cont=0.569
NZ_ABAM02000001.1:3996816-3999359|+ -            848 25383at91347         -            399   1.8e-06   25.0   0.0   2   3    0.0086       2.2    4.9   0.0   221   279   253   315   234   329 0.82 NZ_ABAM02000001.1_3717 # 3996816 # 3999359 # 1 # ID=2_3717;partial=00;start_type=ATG;rbs_motif=GGAG/GAGG;rbs_spacer=5-10bp;gc_cont=0.569
NZ_ABAM02000001.1:3996816-3999359|+ -            848 25383at91347         -            399   1.8e-06   25.0   0.0   3   3     0.075        19    1.8   0.0   328   375   357   406   345   413 0.83 NZ_ABAM02000001.1_3717 # 3996816 # 3999359 # 1 # ID=2_3717;partial=00;start_type=ATG;rbs_motif=GGAG/GAGG;rbs_spacer=5-10bp;gc_cont=0.569
NZ_ABAM02000001.1:2740495-2741736|+ -            414 25383at91347         -            399   2.6e-06   24.4   0.6   1   3   0.00011     0.028   11.2   0.0     4    39   126   161   123   190 0.91 NZ_ABAM02000001.1_2554 # 2740495 # 2741736 # 1 # ID=2_2554;partial=00;start_type=ATG;rbs_motif=AGGA;rbs_spacer=5-10bp;gc_cont=0.507
NZ_ABAM02000001.1:2740495-2741736|+ -            414 25383at91347         -            399   2.6e-06   24.4   0.6   2   3    0.0076       1.9    5.1   0.0   141   169   250   278   235   302 0.88 NZ_ABAM02000001.1_2554 # 2740495 # 2741736 # 1 # ID=2_2554;partial=00;start_type=ATG;rbs_motif=AGGA;rbs_spacer=5-10bp;gc_cont=0.507
NZ_ABAM02000001.1:2740495-2741736|+ -            414 25383at91347         -            399   2.6e-06   24.4   0.6   3   3    0.0097       2.5    4.8   0.3   210   271   339   403   322   410 0.77 NZ_ABAM02000001.1_2554 # 2740495 # 2741736 # 1 # ID=2_2554;partial=00;start_type=ATG;rbs_motif=AGGA;rbs_spacer=5-10bp;gc_cont=0.507
NZ_ABAM02000001.1:3872343-3873761|+ -            473 25383at91347         -            399   6.1e-06   23.2   0.5   1   2   0.00011     0.029   11.1   0.1     4    40   148   184   145   199 0.90 NZ_ABAM02000001.1_3577 # 3872343 # 3873761 # 1 # ID=2_3577;partial=00;start_type=ATG;rbs_motif=AGGA;rbs_spacer=5-10bp;gc_cont=0.564
NZ_ABAM02000001.1:3872343-3873761|+ -            473 25383at91347         -            399   6.1e-06   23.2   0.5   2   2    0.0003     0.077    9.7   0.0   221   271   412   466   383   470 0.79 NZ_ABAM02000001.1_3577 # 3872343 # 3873761 # 1 # ID=2_3577;partial=00;start_type=ATG;rbs_motif=AGGA;rbs_spacer=5-10bp;gc_cont=0.564
NZ_ABAM02000001.1:3361984-3363117|+ -            378 25383at91347         -            399   9.7e-05   19.3   0.0   1   1   8.2e-06    0.0021   14.9   0.0   142   250   138   274    96   289 0.63 NZ_ABAM02000001.1_3093 # 3361984 # 3363117 # 1 # ID=2_3093;partial=00;start_type=ATG;rbs_motif=GGAGG;rbs_spacer=3-4bp;gc_cont=0.565
NZ_ABAM02000001.1:1170160-1171725|+ -            522 25383at91347         -            399   0.00038   17.3   1.2   1   1   0.00019     0.048   10.4   1.2     4   203   214   415   212   498 0.59 NZ_ABAM02000001.1_1042 # 1170160 # 1171725 # 1 # ID=2_1042;partial=00;start_type=ATG;rbs_motif=GGAG/GAGG;rbs_spacer=5-10bp;gc_cont=0.551
NZ_ABAM02000001.1:3047373-3049334|- -            654 25383at91347         -            399   0.00067   16.5   0.3   1   2   0.00048      0.12    9.1   0.1     4    40   329   365   326   386 0.90 NZ_ABAM02000001.1_2840 # 3047373 # 3049334 # -1 # ID=2_2840;partial=00;start_type=ATG;rbs_motif=AGxAGG/AGGxGG;rbs_spacer=5-10bp;gc_cont=0.585
NZ_ABAM02000001.1:3047373-3049334|- -            654 25383at91347         -            399   0.00067   16.5   0.3   2   2    0.0074       1.9    5.1   0.0   220   271   592   647   567   650 0.74 NZ_ABAM02000001.1_2840 # 3047373 # 3049334 # -1 # ID=2_2840;partial=00;start_type=ATG;rbs_motif=AGxAGG/AGGxGG;rbs_spacer=5-10bp;gc_cont=0.585
NZ_ABAM02000001.1:3759950-3761968|+ -            673 25383at91347         -            399    0.0018   15.1   0.0   1   2    0.0004       0.1    9.3   0.0     3    50   375   422   373   428 0.88 NZ_ABAM02000001.1_3466 # 3759950 # 3761968 # 1 # ID=2_3466;partial=00;start_type=ATG;rbs_motif=GGA/GAG/AGG;rbs_spacer=5-10bp;gc_cont=0.587
NZ_ABAM02000001.1:3759950-3761968|+ -            673 25383at91347         -            399    0.0018   15.1   0.0   2   2     0.025       6.3    3.4   0.0   108   164   454   514   427   527 0.79 NZ_ABAM02000001.1_3466 # 3759950 # 3761968 # 1 # ID=2_3466;partial=00;start_type=ATG;rbs_motif=GGA/GAG/AGG;rbs_spacer=5-10bp;gc_cont=0.587
NZ_ABAM02000001.1:2849358-2850986|+ -            543 25383at91347         -            399    0.0025   14.6   0.1   1   1   1.4e-05    0.0036   14.1   0.1     3    53     9    60     7    84 0.81 NZ_ABAM02000001.1_2651 # 2849358 # 2850986 # 1 # ID=2_2651;partial=00;start_type=ATG;rbs_motif=GGAG/GAGG;rbs_spacer=5-10bp;gc_cont=0.586
NZ_ABAM02000001.1:1892101-1893387|- -            429 25383at91347         -            399    0.0029   14.4   0.2   1   1   1.8e-05    0.0045   13.8   0.2     4    41     7    44     4    59 0.86 NZ_ABAM02000001.1_1737 # 1892101 # 1893387 # -1 # ID=2_1737;partial=00;start_type=ATG;rbs_motif=AGGAG;rbs_spacer=5-10bp;gc_cont=0.554
NZ_ABAM02000001.1:2435591-2436769|+ -            393 25383at91347         -            399     0.012   12.4   0.0   1   1   6.3e-05     0.016   12.0   0.0     3    35    13    45    11    73 0.94 NZ_ABAM02000001.1_2265 # 2435591 # 2436769 # 1 # ID=2_2265;partial=00;start_type=ATG;rbs_motif=GGA/GAG/AGG;rbs_spacer=5-10bp;gc_cont=0.568
NZ_ABAM02000001.1:3661217-3662518|- -            434 25383at91347         -            399     0.042   10.6   0.5   1   1   0.00024     0.062   10.0   0.5     1    45    28    74    28   111 0.84 NZ_ABAM02000001.1_3375 # 3661217 # 3662518 # -1 # ID=2_3375;partial=00;start_type=ATG;rbs_motif=GGA/GAG/AGG;rbs_spacer=5-10bp;gc_cont=0.493
NZ_ABAM02000001.1:4449987-4451876|- -            630 25383at91347         -            399     0.051   10.3   0.1   1   1    0.0003     0.077    9.7   0.1     4    43     8    48     6    76 0.82 NZ_ABAM02000001.1_4109 # 4449987 # 4451876 # -1 # ID=2_4109;partial=00;start_type=ATG;rbs_motif=GGAG/GAGG;rbs_spacer=5-10bp;gc_cont=0.552
#
# Program:         hmmsearch
# Version:         3.4 (Aug 2023)
# Pipeline mode:   SEARCH
# Query file:      /Users/dizzler/Projects/School/BIOL4600-Capstone/busco_downloads/lineages/enterobacterales_odb10/hmms/25383at91347.hmm
# Target file:     reports/busco-results/data/00-reads/GCF_000170215.1_ASM17021v1_genomic.fna/prodigal_output/predicted_genes/predicted.faa
# Option settings: hmmsearch --domtblout reports/busco-results/data/00-reads/GCF_000170215.1_ASM17021v1_genomic.fna/run_enterobacterales_odb10/hmmer_output/25383at91347.out --cpu 1 /Users/dizzler/Projects/School/BIOL4600-Capstone/busco_downloads/lineages/enterobacterales_odb10/hmms/25383at91347.hmm reports/busco-results/data/00-reads/GCF_000170215.1_ASM17021v1_genomic.fna/prodigal_output/predicted_genes/predicted.faa 
# Current dir:     /Users/dizzler/Projects/School/BIOL4600-Capstone
# Date:            Sat Feb 21 22:04:57 2026
# [ok]
