#                                                                                           --- full sequence --- -------------- this domain -------------   hmm coord   ali coord   env coord
# target name                       accession   tlen query name           accession   qlen   E-value  score  bias   #  of  c-Evalue  i-Evalue  score  bias  from    to  from    to  from    to  acc description of target
#               ------------------- ---------- ----- -------------------- ---------- ----- --------- ------ ----- --- --- --------- --------- ------ ----- ----- ----- ----- ----- ----- ----- ---- ---------------------
NZ_ABAM02000001.1:3518800-3520635|- -            612 36271at91347         -            421  2.7e-150  498.8   0.0   1   4   1.2e-12   1.3e-09   35.3   0.0     3    51     7    59     5    61 0.92 NZ_ABAM02000001.1_3244 # 3518800 # 3520635 # -1 # ID=2_3244;partial=00;start_type=ATG;rbs_motif=AGGAGG;rbs_spacer=3-4bp;gc_cont=0.586
NZ_ABAM02000001.1:3518800-3520635|- -            612 36271at91347         -            421  2.7e-150  498.8   0.0   2   4     5e-73   5.4e-70  234.2   0.0    52   242    99   324    95   330 0.86 NZ_ABAM02000001.1_3244 # 3518800 # 3520635 # -1 # ID=2_3244;partial=00;start_type=ATG;rbs_motif=AGGAGG;rbs_spacer=3-4bp;gc_cont=0.586
NZ_ABAM02000001.1:3518800-3520635|- -            612 36271at91347         -            421  2.7e-150  498.8   0.0   3   4   2.6e-09   2.8e-06   24.3   0.0   238   273   344   380   336   397 0.85 NZ_ABAM02000001.1_3244 # 3518800 # 3520635 # -1 # ID=2_3244;partial=00;start_type=ATG;rbs_motif=AGGAGG;rbs_spacer=3-4bp;gc_cont=0.586
NZ_ABAM02000001.1:3518800-3520635|- -            612 36271at91347         -            421  2.7e-150  498.8   0.0   4   4   1.9e-62   2.1e-59  199.4   0.0   279   420   429   594   423   595 0.89 NZ_ABAM02000001.1_3244 # 3518800 # 3520635 # -1 # ID=2_3244;partial=00;start_type=ATG;rbs_motif=AGGAGG;rbs_spacer=3-4bp;gc_cont=0.586
NZ_ABAM02000001.1:4523546-4525708|+ -            721 36271at91347         -            421    0.0019   15.0   0.2   1   2   2.4e-05     0.026   11.3   0.0    80   147     8    79     2   132 0.69 NZ_ABAM02000001.1_4172 # 4523546 # 4525708 # 1 # ID=2_4172;partial=00;start_type=ATG;rbs_motif=GGxGG;rbs_spacer=5-10bp;gc_cont=0.578
NZ_ABAM02000001.1:4523546-4525708|+ -            721 36271at91347         -            421    0.0019   15.0   0.2   2   2     0.036        39    0.8   0.1   391   408   595   612   549   620 0.60 NZ_ABAM02000001.1_4172 # 4523546 # 4525708 # 1 # ID=2_4172;partial=00;start_type=ATG;rbs_motif=GGxGG;rbs_spacer=5-10bp;gc_cont=0.578
NZ_ABAM02000001.1:4487767-4489791|+ -            675 36271at91347         -            421    0.0023   14.7   0.4   1   2   3.9e-05     0.042   10.6   0.1    92   150    11    75     6    96 0.82 NZ_ABAM02000001.1_4137 # 4487767 # 4489791 # 1 # ID=2_4137;partial=00;start_type=ATG;rbs_motif=GGA/GAG/AGG;rbs_spacer=5-10bp;gc_cont=0.532
NZ_ABAM02000001.1:4487767-4489791|+ -            675 36271at91347         -            421    0.0023   14.7   0.4   2   2     0.021        22    1.6   0.0   391   407   592   608   546   614 0.58 NZ_ABAM02000001.1_4137 # 4487767 # 4489791 # 1 # ID=2_4137;partial=00;start_type=ATG;rbs_motif=GGA/GAG/AGG;rbs_spacer=5-10bp;gc_cont=0.532
NZ_ABAM02000001.1:2028444-2029592|- -            383 36271at91347         -            421     0.019   11.7   0.0   1   1   2.6e-05     0.029   11.1   0.0    97   189    33   129    20   133 0.82 NZ_ABAM02000001.1_1872 # 2028444 # 2029592 # -1 # ID=2_1872;partial=00;start_type=ATG;rbs_motif=GGA/GAG/AGG;rbs_spacer=5-10bp;gc_cont=0.532
#
# Program:         hmmsearch
# Version:         3.4 (Aug 2023)
# Pipeline mode:   SEARCH
# Query file:      /Users/dizzler/Projects/School/BIOL4600-Capstone/busco_downloads/lineages/enterobacterales_odb10/hmms/36271at91347.hmm
# Target file:     reports/busco-results/data/00-reads/GCF_000170215.1_ASM17021v1_genomic.fna/prodigal_output/predicted_genes/predicted.faa
# Option settings: hmmsearch --domtblout reports/busco-results/data/00-reads/GCF_000170215.1_ASM17021v1_genomic.fna/run_enterobacterales_odb10/hmmer_output/36271at91347.out --cpu 1 /Users/dizzler/Projects/School/BIOL4600-Capstone/busco_downloads/lineages/enterobacterales_odb10/hmms/36271at91347.hmm reports/busco-results/data/00-reads/GCF_000170215.1_ASM17021v1_genomic.fna/prodigal_output/predicted_genes/predicted.faa 
# Current dir:     /Users/dizzler/Projects/School/BIOL4600-Capstone
# Date:            Sat Feb 21 22:04:57 2026
# [ok]
