#                                                                                           --- full sequence --- -------------- this domain -------------   hmm coord   ali coord   env coord
# target name                       accession   tlen query name           accession   qlen   E-value  score  bias   #  of  c-Evalue  i-Evalue  score  bias  from    to  from    to  from    to  acc description of target
#               ------------------- ---------- ----- -------------------- ---------- ----- --------- ------ ----- --- --- --------- --------- ------ ----- ----- ----- ----- ----- ----- ----- ---- ---------------------
NZ_ABAM02000001.1:259085-259816|+   -            244 50332at91347         -            220  1.1e-112  372.7   0.0   1   1  1.7e-115  1.3e-112  372.5   0.0     1   220     1   242     1   242 0.95 NZ_ABAM02000001.1_222 # 259085 # 259816 # 1 # ID=2_222;partial=00;start_type=ATG;rbs_motif=GGA/GAG/AGG;rbs_spacer=5-10bp;gc_cont=0.568
NZ_ABAM02000001.1:3196713-3197750|- -            346 50332at91347         -            220   2.4e-21   74.0   0.0   1   1     4e-24   2.9e-21   73.8   0.0    77   219   198   342   110   343 0.89 NZ_ABAM02000001.1_2954 # 3196713 # 3197750 # -1 # ID=2_2954;partial=00;start_type=ATG;rbs_motif=GGAG/GAGG;rbs_spacer=5-10bp;gc_cont=0.569
NZ_ABAM02000001.1:4308659-4309348|+ -            230 50332at91347         -            220     2e-19   67.7   0.1   1   1   3.6e-22   2.6e-19   67.4   0.1    78   220    21   165    11   165 0.86 NZ_ABAM02000001.1_3982 # 4308659 # 4309348 # 1 # ID=2_3982;partial=00;start_type=ATG;rbs_motif=None;rbs_spacer=None;gc_cont=0.539
NZ_ABAM02000001.1:3141379-3142110|- -            244 50332at91347         -            220   4.1e-05   21.0   0.3   1   3      0.34   2.5e+02   -1.2   0.1    86   105    14    33     2    79 0.62 NZ_ABAM02000001.1_2905 # 3141379 # 3142110 # -1 # ID=2_2905;partial=00;start_type=ATG;rbs_motif=None;rbs_spacer=None;gc_cont=0.571
NZ_ABAM02000001.1:3141379-3142110|- -            244 50332at91347         -            220   4.1e-05   21.0   0.3   2   3     3e-07   0.00022   18.6   0.0   166   216   106   156    99   159 0.94 NZ_ABAM02000001.1_2905 # 3141379 # 3142110 # -1 # ID=2_2905;partial=00;start_type=ATG;rbs_motif=None;rbs_spacer=None;gc_cont=0.571
NZ_ABAM02000001.1:3141379-3142110|- -            244 50332at91347         -            220   4.1e-05   21.0   0.3   3   3      0.56   4.1e+02   -1.9   0.0    52    69   223   240   209   242 0.84 NZ_ABAM02000001.1_2905 # 3141379 # 3142110 # -1 # ID=2_2905;partial=00;start_type=ATG;rbs_motif=None;rbs_spacer=None;gc_cont=0.571
NZ_ABAM02000001.1:500585-501271|+   -            229 50332at91347         -            220   4.4e-05   20.9   0.0   1   1   1.6e-06    0.0012   16.2   0.0    87   214    13   153     2   157 0.67 NZ_ABAM02000001.1_449 # 500585 # 501271 # 1 # ID=2_449;partial=00;start_type=ATG;rbs_motif=GGA/GAG/AGG;rbs_spacer=5-10bp;gc_cont=0.525
NZ_ABAM02000001.1:4262269-4262742|+ -            158 50332at91347         -            220    0.0017   15.7   0.0   1   1   3.2e-06    0.0023   15.2   0.0   171   219    97   147    86   148 0.84 NZ_ABAM02000001.1_3934 # 4262269 # 4262742 # 1 # ID=2_3934;partial=00;start_type=ATG;rbs_motif=AGxAGG/AGGxGG;rbs_spacer=3-4bp;gc_cont=0.563
#
# Program:         hmmsearch
# Version:         3.4 (Aug 2023)
# Pipeline mode:   SEARCH
# Query file:      /Users/dizzler/Projects/School/BIOL4600-Capstone/busco_downloads/lineages/enterobacterales_odb10/hmms/50332at91347.hmm
# Target file:     reports/busco-results/data/00-reads/GCF_000170215.1_ASM17021v1_genomic.fna/prodigal_output/predicted_genes/predicted.faa
# Option settings: hmmsearch --domtblout reports/busco-results/data/00-reads/GCF_000170215.1_ASM17021v1_genomic.fna/run_enterobacterales_odb10/hmmer_output/50332at91347.out --cpu 1 /Users/dizzler/Projects/School/BIOL4600-Capstone/busco_downloads/lineages/enterobacterales_odb10/hmms/50332at91347.hmm reports/busco-results/data/00-reads/GCF_000170215.1_ASM17021v1_genomic.fna/prodigal_output/predicted_genes/predicted.faa 
# Current dir:     /Users/dizzler/Projects/School/BIOL4600-Capstone
# Date:            Sat Feb 21 22:04:58 2026
# [ok]
