#                                                                                           --- full sequence --- -------------- this domain -------------   hmm coord   ali coord   env coord
# target name                       accession   tlen query name           accession   qlen   E-value  score  bias   #  of  c-Evalue  i-Evalue  score  bias  from    to  from    to  from    to  acc description of target
#               ------------------- ---------- ----- -------------------- ---------- ----- --------- ------ ----- --- --- --------- --------- ------ ----- ----- ----- ----- ----- ----- ----- ---- ---------------------
NZ_ABAM02000001.1:4010666-4011343|- -            226 58196at91347         -            205  5.5e-111  366.8   0.1   1   1    1e-113  6.2e-111  366.6   0.1     1   205     1   217     1   217 0.96 NZ_ABAM02000001.1_3725 # 4010666 # 4011343 # -1 # ID=2_3725;partial=00;start_type=ATG;rbs_motif=AGGAG;rbs_spacer=5-10bp;gc_cont=0.537
NZ_ABAM02000001.1:2165836-2166468|+ -            211 58196at91347         -            205   3.6e-28   96.3   0.0   1   1   6.5e-31     4e-28   96.2   0.0     5   199     2   203     1   209 0.86 NZ_ABAM02000001.1_2003 # 2165836 # 2166468 # 1 # ID=2_2003;partial=00;start_type=ATG;rbs_motif=GGAGG;rbs_spacer=5-10bp;gc_cont=0.566
NZ_ABAM02000001.1:4657183-4657947|+ -            255 58196at91347         -            205   1.3e-23   81.4   0.0   1   1   2.8e-26   1.7e-23   81.0   0.0    27   204    46   235    18   236 0.85 NZ_ABAM02000001.1_4297 # 4657183 # 4657947 # 1 # ID=2_4297;partial=00;start_type=ATG;rbs_motif=AGGAG;rbs_spacer=5-10bp;gc_cont=0.516
NZ_ABAM02000001.1:3269433-3270068|- -            212 58196at91347         -            205   0.00078   16.9   2.5   1   2       0.1        62    0.9   0.2   111   129    13    31     9    83 0.83 NZ_ABAM02000001.1_3008 # 3269433 # 3270068 # -1 # ID=2_3008;partial=00;start_type=ATG;rbs_motif=AGGA;rbs_spacer=5-10bp;gc_cont=0.539
NZ_ABAM02000001.1:3269433-3270068|- -            212 58196at91347         -            205   0.00078   16.9   2.5   2   2   3.5e-06    0.0022   15.4   0.2   159   195   156   192    76   197 0.90 NZ_ABAM02000001.1_3008 # 3269433 # 3270068 # -1 # ID=2_3008;partial=00;start_type=ATG;rbs_motif=AGGA;rbs_spacer=5-10bp;gc_cont=0.539
NZ_ABAM02000001.1:2613750-2614487|+ -            246 58196at91347         -            205    0.0049   14.3   0.4   1   2   0.00015     0.092   10.1   0.1   160   200    71   112    59   115 0.84 NZ_ABAM02000001.1_2444 # 2613750 # 2614487 # 1 # ID=2_2444;partial=00;start_type=ATG;rbs_motif=GGAG/GAGG;rbs_spacer=5-10bp;gc_cont=0.584
NZ_ABAM02000001.1:2613750-2614487|+ -            246 58196at91347         -            205    0.0049   14.3   0.4   2   2      0.04        25    2.2   0.0   162   202   196   237   186   240 0.85 NZ_ABAM02000001.1_2444 # 2613750 # 2614487 # 1 # ID=2_2444;partial=00;start_type=ATG;rbs_motif=GGAG/GAGG;rbs_spacer=5-10bp;gc_cont=0.584
NZ_ABAM02000001.1:669667-670560|-   -            298 58196at91347         -            205    0.0056   14.1   0.2   1   2      0.18   1.1e+02   -0.0   0.0    20    33   223   236   201   242 0.77 NZ_ABAM02000001.1_591 # 669667 # 670560 # -1 # ID=2_591;partial=00;start_type=ATG;rbs_motif=GGAG/GAGG;rbs_spacer=5-10bp;gc_cont=0.577
NZ_ABAM02000001.1:669667-670560|-   -            298 58196at91347         -            205    0.0056   14.1   0.2   2   2   6.4e-05      0.04   11.3   0.1   150   191   241   282   234   290 0.91 NZ_ABAM02000001.1_591 # 669667 # 670560 # -1 # ID=2_591;partial=00;start_type=ATG;rbs_motif=GGAG/GAGG;rbs_spacer=5-10bp;gc_cont=0.577
NZ_ABAM02000001.1:3082210-3083676|- -            489 58196at91347         -            205     0.047   11.1   0.3   1   2       0.1        65    0.8   0.0   172   204   230   262   201   263 0.82 NZ_ABAM02000001.1_2869 # 3082210 # 3083676 # -1 # ID=2_2869;partial=00;start_type=ATG;rbs_motif=GGA/GAG/AGG;rbs_spacer=5-10bp;gc_cont=0.569
NZ_ABAM02000001.1:3082210-3083676|- -            489 58196at91347         -            205     0.047   11.1   0.3   2   2     0.001      0.65    7.3   0.2   151   193   320   364   305   370 0.80 NZ_ABAM02000001.1_2869 # 3082210 # 3083676 # -1 # ID=2_2869;partial=00;start_type=ATG;rbs_motif=GGA/GAG/AGG;rbs_spacer=5-10bp;gc_cont=0.569
#
# Program:         hmmsearch
# Version:         3.4 (Aug 2023)
# Pipeline mode:   SEARCH
# Query file:      /Users/dizzler/Projects/School/BIOL4600-Capstone/busco_downloads/lineages/enterobacterales_odb10/hmms/58196at91347.hmm
# Target file:     reports/busco-results/data/00-reads/GCF_000170215.1_ASM17021v1_genomic.fna/prodigal_output/predicted_genes/predicted.faa
# Option settings: hmmsearch --domtblout reports/busco-results/data/00-reads/GCF_000170215.1_ASM17021v1_genomic.fna/run_enterobacterales_odb10/hmmer_output/58196at91347.out --cpu 1 /Users/dizzler/Projects/School/BIOL4600-Capstone/busco_downloads/lineages/enterobacterales_odb10/hmms/58196at91347.hmm reports/busco-results/data/00-reads/GCF_000170215.1_ASM17021v1_genomic.fna/prodigal_output/predicted_genes/predicted.faa 
# Current dir:     /Users/dizzler/Projects/School/BIOL4600-Capstone
# Date:            Sat Feb 21 22:04:58 2026
# [ok]
