#                                                                                           --- full sequence --- -------------- this domain -------------   hmm coord   ali coord   env coord
# target name                       accession   tlen query name           accession   qlen   E-value  score  bias   #  of  c-Evalue  i-Evalue  score  bias  from    to  from    to  from    to  acc description of target
#               ------------------- ---------- ----- -------------------- ---------- ----- --------- ------ ----- --- --- --------- --------- ------ ----- ----- ----- ----- ----- ----- ----- ---- ---------------------
NZ_ABAM02000001.1:2614469-2615245|+ -            259 62379at91347         -            235  2.1e-129  427.9   1.7   1   1  2.9e-132  2.6e-129  427.6   1.7     1   235     1   258     1   258 0.94 NZ_ABAM02000001.1_2445 # 2614469 # 2615245 # 1 # ID=2_2445;partial=00;start_type=ATG;rbs_motif=AGGAG;rbs_spacer=5-10bp;gc_cont=0.555
NZ_ABAM02000001.1:2613750-2614487|+ -            246 62379at91347         -            235   2.3e-16   57.9   0.1   1   1   3.4e-19   2.9e-16   57.6   0.1     6   202     2   211     1   237 0.83 NZ_ABAM02000001.1_2444 # 2613750 # 2614487 # 1 # ID=2_2444;partial=00;start_type=ATG;rbs_motif=GGAG/GAGG;rbs_spacer=5-10bp;gc_cont=0.584
NZ_ABAM02000001.1:13833-14603|-     -            257 62379at91347         -            235    0.0033   14.8   0.0   1   2      0.13   1.1e+02    0.1   0.0   129   173     6    49     2    85 0.76 NZ_ABAM02000001.1_11 # 13833 # 14603 # -1 # ID=2_11;partial=00;start_type=ATG;rbs_motif=AGxAGG/AGGxGG;rbs_spacer=5-10bp;gc_cont=0.612
NZ_ABAM02000001.1:13833-14603|-     -            257 62379at91347         -            235    0.0033   14.8   0.0   2   2     2e-05     0.018   12.5   0.1    61   115   163   218   135   230 0.78 NZ_ABAM02000001.1_11 # 13833 # 14603 # -1 # ID=2_11;partial=00;start_type=ATG;rbs_motif=AGxAGG/AGGxGG;rbs_spacer=5-10bp;gc_cont=0.612
NZ_ABAM02000001.1:2729826-2730764|- -            313 62379at91347         -            235     0.013   12.9   0.0   1   1     2e-05     0.018   12.5   0.0    33   112   152   234   113   277 0.78 NZ_ABAM02000001.1_2542 # 2729826 # 2730764 # -1 # ID=2_2542;partial=00;start_type=ATG;rbs_motif=GGA/GAG/AGG;rbs_spacer=5-10bp;gc_cont=0.573
NZ_ABAM02000001.1:465295-466074|+   -            260 62379at91347         -            235     0.015   12.7   0.2   1   2    0.0031       2.7    5.3   0.1   200   234   119   153   106   154 0.85 NZ_ABAM02000001.1_416 # 465295 # 466074 # 1 # ID=2_416;partial=00;start_type=ATG;rbs_motif=GGAG/GAGG;rbs_spacer=5-10bp;gc_cont=0.544
NZ_ABAM02000001.1:465295-466074|+   -            260 62379at91347         -            235     0.015   12.7   0.2   2   2    0.0039       3.4    5.0   0.0    70    95   194   219   173   237 0.77 NZ_ABAM02000001.1_416 # 465295 # 466074 # 1 # ID=2_416;partial=00;start_type=ATG;rbs_motif=GGAG/GAGG;rbs_spacer=5-10bp;gc_cont=0.544
#
# Program:         hmmsearch
# Version:         3.4 (Aug 2023)
# Pipeline mode:   SEARCH
# Query file:      /Users/dizzler/Projects/School/BIOL4600-Capstone/busco_downloads/lineages/enterobacterales_odb10/hmms/62379at91347.hmm
# Target file:     reports/busco-results/data/00-reads/GCF_000170215.1_ASM17021v1_genomic.fna/prodigal_output/predicted_genes/predicted.faa
# Option settings: hmmsearch --domtblout reports/busco-results/data/00-reads/GCF_000170215.1_ASM17021v1_genomic.fna/run_enterobacterales_odb10/hmmer_output/62379at91347.out --cpu 1 /Users/dizzler/Projects/School/BIOL4600-Capstone/busco_downloads/lineages/enterobacterales_odb10/hmms/62379at91347.hmm reports/busco-results/data/00-reads/GCF_000170215.1_ASM17021v1_genomic.fna/prodigal_output/predicted_genes/predicted.faa 
# Current dir:     /Users/dizzler/Projects/School/BIOL4600-Capstone
# Date:            Sat Feb 21 22:04:58 2026
# [ok]
