/Users/dizzler/Miniforge3/envs/quast_env/bin/quast -o reports/quast-results data/00-reads/GCF_000007545.1_ASM754v1_genomic.fna data/00-reads/GCF_000020745.1_ASM2074v1_genomic.fna data/00-reads/GCF_000020885.1_ASM2088v1_genomic.fna data/00-reads/GCF_000020925.1_ASM2092v1_genomic.fna data/00-reads/GCF_000022165.1_ASM2216v1_genomic.fna data/00-reads/GCF_000170215.1_ASM17021v1_genomic.fna data/00-reads/GCF_000170255.1_ASM17025v1_genomic.fna data/00-reads/GCF_000171255.1_ASM17125v1_genomic.fna data/00-reads/GCF_000171275.1_ASM17127v1_genomic.fna data/00-reads/GCF_000171315.1_ASM17131v1_genomic.fna data/00-reads/GCF_000171415.1_ASM17141v1_genomic.fna data/00-reads/GCF_000171515.1_ASM17151v1_genomic.fna data/00-reads/GCF_000171535.2_ASM17153v2_genomic.fna

Version: 5.3.0

System information:
  OS: macOS-26.3-x86_64-i386-64bit (macosx)
  Python version: 3.9.23
  CPUs number: 12

Started: 2026-02-25 22:55:34

Logging to /Users/dizzler/Projects/School/BIOL4600-Capstone/reports/quast-results/quast.log
NOTICE: Output directory already exists and looks like a QUAST output dir. Existing results can be reused (e.g. previously generated alignments)!
NOTICE: Maximum number of threads is set to 3 (use --threads option to set it manually)
WARNING: Maximum number of threads is reset to 1 to prevent the crash due to a known bug when using multi-threading in Python 3.8+ on macOS! For multi-threading please downgrade your Python to 3.7. Sorry for the inconvenience! Please find more details in https://github.com/ablab/quast/issues/175

CWD: /Users/dizzler/Projects/School/BIOL4600-Capstone
Main parameters: 
  MODE: default, threads: 1, min contig length: 500, min alignment length: 65, min alignment IDY: 95.0, \
  ambiguity: one, min local misassembly length: 200, min extensive misassembly length: 1000

Contigs:
  Pre-processing...
  1  data/00-reads/GCF_000007545.1_ASM754v1_genomic.fna ==> GCF_000007545.1_ASM754v1_genomic
  2  data/00-reads/GCF_000020745.1_ASM2074v1_genomic.fna ==> GCF_000020745.1_ASM2074v1_genomic
  3  data/00-reads/GCF_000020885.1_ASM2088v1_genomic.fna ==> GCF_000020885.1_ASM2088v1_genomic
  4  data/00-reads/GCF_000020925.1_ASM2092v1_genomic.fna ==> GCF_000020925.1_ASM2092v1_genomic
  5  data/00-reads/GCF_000022165.1_ASM2216v1_genomic.fna ==> GCF_000022165.1_ASM2216v1_genomic
  6  data/00-reads/GCF_000170215.1_ASM17021v1_genomic.fna ==> GCF_000170215.1_ASM17021v1_genomic
  7  data/00-reads/GCF_000170255.1_ASM17025v1_genomic.fna ==> GCF_000170255.1_ASM17025v1_genomic
  8  data/00-reads/GCF_000171255.1_ASM17125v1_genomic.fna ==> GCF_000171255.1_ASM17125v1_genomic
  9  data/00-reads/GCF_000171275.1_ASM17127v1_genomic.fna ==> GCF_000171275.1_ASM17127v1_genomic
  10 data/00-reads/GCF_000171315.1_ASM17131v1_genomic.fna ==> GCF_000171315.1_ASM17131v1_genomic
  11 data/00-reads/GCF_000171415.1_ASM17141v1_genomic.fna ==> GCF_000171415.1_ASM17141v1_genomic
  12 data/00-reads/GCF_000171515.1_ASM17151v1_genomic.fna ==> GCF_000171515.1_ASM17151v1_genomic
  13 data/00-reads/GCF_000171535.2_ASM17153v2_genomic.fna ==> GCF_000171535.2_ASM17153v2_genomic

2026-02-25 22:55:46
Running Basic statistics processor...
  Contig files: 
    1  GCF_000007545.1_ASM754v1_genomic
    2  GCF_000020745.1_ASM2074v1_genomic
    3  GCF_000020885.1_ASM2088v1_genomic
    4  GCF_000020925.1_ASM2092v1_genomic
    5  GCF_000022165.1_ASM2216v1_genomic
    6  GCF_000170215.1_ASM17021v1_genomic
    7  GCF_000170255.1_ASM17025v1_genomic
    8  GCF_000171255.1_ASM17125v1_genomic
    9  GCF_000171275.1_ASM17127v1_genomic
    10 GCF_000171315.1_ASM17131v1_genomic
    11 GCF_000171415.1_ASM17141v1_genomic
    12 GCF_000171515.1_ASM17151v1_genomic
    13 GCF_000171535.2_ASM17153v2_genomic
  Calculating N50 and L50...
    1  GCF_000007545.1_ASM754v1_genomic, N50 = 4791961, L50 = 1, auN = 4791961.0, Total length = 4791961, GC % = 52.05, # N's per 100 kbp =  0.23
    2  GCF_000020745.1_ASM2074v1_genomic, N50 = 4709075, L50 = 1, auN = 4599518.7, Total length = 4823887, GC % = 52.21, # N's per 100 kbp =  0.00
    3  GCF_000020885.1_ASM2088v1_genomic, N50 = 4798660, L50 = 1, auN = 4761278.4, Total length = 4836638, GC % = 52.00, # N's per 100 kbp =  0.00
    4  GCF_000020925.1_ASM2092v1_genomic, N50 = 4842908, L50 = 1, auN = 4770617.5, Total length = 4917459, GC % = 52.13, # N's per 100 kbp =  0.00
    5  GCF_000022165.1_ASM2216v1_genomic, N50 = 4870265, L50 = 1, auN = 4779980.2, Total length = 4964097, GC % = 52.21, # N's per 100 kbp =  0.00
    6  GCF_000170215.1_ASM17021v1_genomic, N50 = 4719855, L50 = 1, auN = 4713254.5, Total length = 4726474, GC % = 52.26, # N's per 100 kbp =  0.00
    7  GCF_000170255.1_ASM17025v1_genomic, N50 = 103713, L50 = 14, auN = 129894.7, Total length = 4895525, GC % = 52.27, # N's per 100 kbp =  0.63
    8  GCF_000171255.1_ASM17125v1_genomic, N50 = 471765, L50 = 4, auN = 472771.9, Total length = 4546142, GC % = 52.24, # N's per 100 kbp =  1.32
    9  GCF_000171275.1_ASM17127v1_genomic, N50 = 233156, L50 = 8, auN = 223923.2, Total length = 4696262, GC % = 52.16, # N's per 100 kbp =  0.00
    10 GCF_000171315.1_ASM17131v1_genomic, N50 = 308442, L50 = 5, auN = 369660.9, Total length = 4728232, GC % = 52.12, # N's per 100 kbp =  0.00
    11 GCF_000171415.1_ASM17141v1_genomic, N50 = 484233, L50 = 5, auN = 450795.3, Total length = 4948011, GC % = 52.10, # N's per 100 kbp =  0.00
    12 GCF_000171515.1_ASM17151v1_genomic, N50 = 370713, L50 = 5, auN = 379247.4, Total length = 4793325, GC % = 52.27, # N's per 100 kbp =  0.00
    13 GCF_000171535.2_ASM17153v2_genomic, N50 = 3027433, L50 = 1, auN = 2571079.9, Total length = 4876885, GC % = 52.07, # N's per 100 kbp =  0.06
  Drawing Nx plot...
    saved to /Users/dizzler/Projects/School/BIOL4600-Capstone/reports/quast-results/basic_stats/Nx_plot.pdf
  Drawing cumulative plot...
    saved to /Users/dizzler/Projects/School/BIOL4600-Capstone/reports/quast-results/basic_stats/cumulative_plot.pdf
  Drawing GC content plot...
    saved to /Users/dizzler/Projects/School/BIOL4600-Capstone/reports/quast-results/basic_stats/GC_content_plot.pdf
  Drawing GCF_000007545.1_ASM754v1_genomic GC content plot...
    saved to /Users/dizzler/Projects/School/BIOL4600-Capstone/reports/quast-results/basic_stats/GCF_000007545.1_ASM754v1_genomic_GC_content_plot.pdf
  Drawing GCF_000020745.1_ASM2074v1_genomic GC content plot...
    saved to /Users/dizzler/Projects/School/BIOL4600-Capstone/reports/quast-results/basic_stats/GCF_000020745.1_ASM2074v1_genomic_GC_content_plot.pdf
  Drawing GCF_000020885.1_ASM2088v1_genomic GC content plot...
    saved to /Users/dizzler/Projects/School/BIOL4600-Capstone/reports/quast-results/basic_stats/GCF_000020885.1_ASM2088v1_genomic_GC_content_plot.pdf
  Drawing GCF_000020925.1_ASM2092v1_genomic GC content plot...
    saved to /Users/dizzler/Projects/School/BIOL4600-Capstone/reports/quast-results/basic_stats/GCF_000020925.1_ASM2092v1_genomic_GC_content_plot.pdf
  Drawing GCF_000022165.1_ASM2216v1_genomic GC content plot...
    saved to /Users/dizzler/Projects/School/BIOL4600-Capstone/reports/quast-results/basic_stats/GCF_000022165.1_ASM2216v1_genomic_GC_content_plot.pdf
  Drawing GCF_000170215.1_ASM17021v1_genomic GC content plot...
    saved to /Users/dizzler/Projects/School/BIOL4600-Capstone/reports/quast-results/basic_stats/GCF_000170215.1_ASM17021v1_genomic_GC_content_plot.pdf
  Drawing GCF_000170255.1_ASM17025v1_genomic GC content plot...
    saved to /Users/dizzler/Projects/School/BIOL4600-Capstone/reports/quast-results/basic_stats/GCF_000170255.1_ASM17025v1_genomic_GC_content_plot.pdf
  Drawing GCF_000171255.1_ASM17125v1_genomic GC content plot...
    saved to /Users/dizzler/Projects/School/BIOL4600-Capstone/reports/quast-results/basic_stats/GCF_000171255.1_ASM17125v1_genomic_GC_content_plot.pdf
  Drawing GCF_000171275.1_ASM17127v1_genomic GC content plot...
    saved to /Users/dizzler/Projects/School/BIOL4600-Capstone/reports/quast-results/basic_stats/GCF_000171275.1_ASM17127v1_genomic_GC_content_plot.pdf
  Drawing GCF_000171315.1_ASM17131v1_genomic GC content plot...
    saved to /Users/dizzler/Projects/School/BIOL4600-Capstone/reports/quast-results/basic_stats/GCF_000171315.1_ASM17131v1_genomic_GC_content_plot.pdf
  Drawing GCF_000171415.1_ASM17141v1_genomic GC content plot...
    saved to /Users/dizzler/Projects/School/BIOL4600-Capstone/reports/quast-results/basic_stats/GCF_000171415.1_ASM17141v1_genomic_GC_content_plot.pdf
  Drawing GCF_000171515.1_ASM17151v1_genomic GC content plot...
    saved to /Users/dizzler/Projects/School/BIOL4600-Capstone/reports/quast-results/basic_stats/GCF_000171515.1_ASM17151v1_genomic_GC_content_plot.pdf
  Drawing GCF_000171535.2_ASM17153v2_genomic GC content plot...
    saved to /Users/dizzler/Projects/School/BIOL4600-Capstone/reports/quast-results/basic_stats/GCF_000171535.2_ASM17153v2_genomic_GC_content_plot.pdf
Done.

NOTICE: Genes are not predicted by default. Use --gene-finding or --glimmer option to enable it.

2026-02-25 22:55:50
Creating large visual summaries...
This may take a while: press Ctrl-C to skip this step..
  1 of 2: Creating PDF with all tables and plots...
  2 of 2: Creating Icarus viewers...
Done

2026-02-25 22:55:51
RESULTS:
  Text versions of total report are saved to /Users/dizzler/Projects/School/BIOL4600-Capstone/reports/quast-results/report.txt, report.tsv, and report.tex
  Text versions of transposed total report are saved to /Users/dizzler/Projects/School/BIOL4600-Capstone/reports/quast-results/transposed_report.txt, transposed_report.tsv, and transposed_report.tex
  HTML version (interactive tables and plots) is saved to /Users/dizzler/Projects/School/BIOL4600-Capstone/reports/quast-results/report.html
  PDF version (tables and plots) is saved to /Users/dizzler/Projects/School/BIOL4600-Capstone/reports/quast-results/report.pdf
  Icarus (contig browser) is saved to /Users/dizzler/Projects/School/BIOL4600-Capstone/reports/quast-results/icarus.html
  Log is saved to /Users/dizzler/Projects/School/BIOL4600-Capstone/reports/quast-results/quast.log

Finished: 2026-02-25 22:55:51
Elapsed time: 0:00:16.463470
NOTICEs: 3; WARNINGs: 1; non-fatal ERRORs: 0

Thank you for using QUAST!
