#                                                                                         --- full sequence --- -------------- this domain -------------   hmm coord   ali coord   env coord
# target name                     accession   tlen query name           accession   qlen   E-value  score  bias   #  of  c-Evalue  i-Evalue  score  bias  from    to  from    to  from    to  acc description of target
#             ------------------- ---------- ----- -------------------- ---------- ----- --------- ------ ----- --- --- --------- --------- ------ ----- ----- ----- ----- ----- ----- ----- ---- ---------------------
NZ_ABAO01000016.3:55521-57320|-   -            600 11342at91347         -            517  6.8e-278  920.5   0.0   1   1  1.2e-280  7.9e-278  920.3   0.0     1   517     1   594     1   594 0.93 NZ_ABAO01000016.3_53 # 55521 # 57320 # -1 # ID=98_53;partial=00;start_type=ATG;rbs_motif=None;rbs_spacer=None;gc_cont=0.529
NZ_ABAO01000060.1:9147-10970|+    -            608 11342at91347         -            517   4.5e-40  135.9   0.2   1   2   1.9e-41   1.3e-38  131.1   0.1     2   204     3   233     2   267 0.84 NZ_ABAO01000060.1_10 # 9147 # 10970 # 1 # ID=54_10;partial=00;start_type=GTG;rbs_motif=GGAG/GAGG;rbs_spacer=5-10bp;gc_cont=0.537
NZ_ABAO01000060.1:9147-10970|+    -            608 11342at91347         -            517   4.5e-40  135.9   0.2   2   2     0.017        12    2.5   0.0   260   372   327   431   313   472 0.68 NZ_ABAO01000060.1_10 # 9147 # 10970 # 1 # ID=54_10;partial=00;start_type=GTG;rbs_motif=GGAG/GAGG;rbs_spacer=5-10bp;gc_cont=0.537
NZ_ABAO01000001.3:2746-4335|+     -            530 11342at91347         -            517   3.1e-24   83.6   0.0   1   2   2.8e-24   1.9e-21   74.4   0.0     4   144    13   164    10   184 0.85 NZ_ABAO01000001.3_5 # 2746 # 4335 # 1 # ID=113_5;partial=00;start_type=ATG;rbs_motif=AGxAG;rbs_spacer=5-10bp;gc_cont=0.543
NZ_ABAO01000001.3:2746-4335|+     -            530 11342at91347         -            517   3.1e-24   83.6   0.0   2   2   0.00072      0.48    7.1   0.0   292   325   436   469   365   491 0.70 NZ_ABAO01000001.3_5 # 2746 # 4335 # 1 # ID=113_5;partial=00;start_type=ATG;rbs_motif=AGxAG;rbs_spacer=5-10bp;gc_cont=0.543
NZ_ABAO01000002.1:10863-13541|+   -            893 11342at91347         -            517     2e-18   64.4   0.1   1   1   2.2e-20   1.4e-17   61.6   0.1    51   208   425   599   394   611 0.79 NZ_ABAO01000002.1_10 # 10863 # 13541 # 1 # ID=112_10;partial=00;start_type=ATG;rbs_motif=AGGA;rbs_spacer=5-10bp;gc_cont=0.554
NZ_ABAO01000021.1:50465-51904|-   -            480 11342at91347         -            517   4.2e-11   40.3   0.1   1   1   1.2e-13   8.1e-11   39.3   0.1    38   138    79   183    25   189 0.76 NZ_ABAO01000021.1_56 # 50465 # 51904 # -1 # ID=93_56;partial=00;start_type=ATG;rbs_motif=AGGAG;rbs_spacer=5-10bp;gc_cont=0.546
NZ_ABAO01000004.3:228567-230417|- -            617 11342at91347         -            517   1.8e-07   28.3   0.0   1   1   5.9e-10   3.9e-07   27.2   0.0    11   164     7   158     2   172 0.71 NZ_ABAO01000004.3_195 # 228567 # 230417 # -1 # ID=110_195;partial=00;start_type=ATG;rbs_motif=AGGA/GGAG/GAGG;rbs_spacer=11-12bp;gc_cont=0.571
NZ_ABAO01000009.1:119015-120487|- -            491 11342at91347         -            517   0.00024   18.0   0.0   1   1   6.2e-07   0.00042   17.2   0.0    79   167   273   368   204   377 0.80 NZ_ABAO01000009.1_99 # 119015 # 120487 # -1 # ID=105_99;partial=00;start_type=ATG;rbs_motif=GGAG/GAGG;rbs_spacer=5-10bp;gc_cont=0.547
#
# Program:         hmmsearch
# Version:         3.4 (Aug 2023)
# Pipeline mode:   SEARCH
# Query file:      /Users/dizzler/Projects/School/BIOL4600-Capstone/busco_downloads/lineages/enterobacterales_odb10/hmms/11342at91347.hmm
# Target file:     reports/busco-results/data/00-reads/GCF_000170255.1_ASM17025v1_genomic.fna/prodigal_output/predicted_genes/predicted.faa
# Option settings: hmmsearch --domtblout reports/busco-results/data/00-reads/GCF_000170255.1_ASM17025v1_genomic.fna/run_enterobacterales_odb10/hmmer_output/11342at91347.out --cpu 1 /Users/dizzler/Projects/School/BIOL4600-Capstone/busco_downloads/lineages/enterobacterales_odb10/hmms/11342at91347.hmm reports/busco-results/data/00-reads/GCF_000170255.1_ASM17025v1_genomic.fna/prodigal_output/predicted_genes/predicted.faa 
# Current dir:     /Users/dizzler/Projects/School/BIOL4600-Capstone
# Date:            Sat Feb 21 22:05:12 2026
# [ok]
