#                                                                                         --- full sequence --- -------------- this domain -------------   hmm coord   ali coord   env coord
# target name                     accession   tlen query name           accession   qlen   E-value  score  bias   #  of  c-Evalue  i-Evalue  score  bias  from    to  from    to  from    to  acc description of target
#             ------------------- ---------- ----- -------------------- ---------- ----- --------- ------ ----- --- --- --------- --------- ------ ----- ----- ----- ----- ----- ----- ----- ---- ---------------------
NZ_ABAO01000020.1:20269-21537|-   -            423 48197at91347         -            361  1.2e-170  565.2   0.0   1   1  5.7e-172  4.5e-169  560.1   0.0     1   360     7   413     7   414 0.90 NZ_ABAO01000020.1_21 # 20269 # 21537 # -1 # ID=94_21;partial=00;start_type=ATG;rbs_motif=AGxAG;rbs_spacer=5-10bp;gc_cont=0.585
NZ_ABAO01000001.3:189769-191256|+ -            496 48197at91347         -            361    0.0032   14.4   0.5   1   3     0.072        57    0.5   0.0   251   319    27    97    20   109 0.79 NZ_ABAO01000001.3_167 # 189769 # 191256 # 1 # ID=113_167;partial=00;start_type=GTG;rbs_motif=GGAG/GAGG;rbs_spacer=5-10bp;gc_cont=0.587
NZ_ABAO01000001.3:189769-191256|+ -            496 48197at91347         -            361    0.0032   14.4   0.5   2   3    0.0012      0.95    6.3   0.4    43    61   110   128    93   140 0.87 NZ_ABAO01000001.3_167 # 189769 # 191256 # 1 # ID=113_167;partial=00;start_type=GTG;rbs_motif=GGAG/GAGG;rbs_spacer=5-10bp;gc_cont=0.587
NZ_ABAO01000001.3:189769-191256|+ -            496 48197at91347         -            361    0.0032   14.4   0.5   3   3      0.01       8.1    3.2   0.0   252   295   340   391   308   468 0.77 NZ_ABAO01000001.3_167 # 189769 # 191256 # 1 # ID=113_167;partial=00;start_type=GTG;rbs_motif=GGAG/GAGG;rbs_spacer=5-10bp;gc_cont=0.587
NZ_ABAO01000001.3:193690-195006|+ -            439 48197at91347         -            361    0.0072   13.3   0.5   1   2   0.00023      0.18    8.7   0.6    30    73    91   136    81   140 0.81 NZ_ABAO01000001.3_170 # 193690 # 195006 # 1 # ID=113_170;partial=00;start_type=ATG;rbs_motif=GGA/GAG/AGG;rbs_spacer=5-10bp;gc_cont=0.582
NZ_ABAO01000001.3:193690-195006|+ -            439 48197at91347         -            361    0.0072   13.3   0.5   2   2     0.021        16    2.3   0.0   119   195   143   217   138   241 0.80 NZ_ABAO01000001.3_170 # 193690 # 195006 # 1 # ID=113_170;partial=00;start_type=ATG;rbs_motif=GGA/GAG/AGG;rbs_spacer=5-10bp;gc_cont=0.582
NZ_ABAO01000001.3:197433-198908|+ -            492 48197at91347         -            361    0.0088   13.0   0.1   1   2   0.00092      0.72    6.7   0.0    43    69   120   146    96   150 0.79 NZ_ABAO01000001.3_173 # 197433 # 198908 # 1 # ID=113_173;partial=00;start_type=ATG;rbs_motif=4Base/6BMM;rbs_spacer=13-15bp;gc_cont=0.564
NZ_ABAO01000001.3:197433-198908|+ -            492 48197at91347         -            361    0.0088   13.0   0.1   2   2    0.0068       5.3    3.8   0.0   149   171   186   208   175   214 0.81 NZ_ABAO01000001.3_173 # 197433 # 198908 # 1 # ID=113_173;partial=00;start_type=ATG;rbs_motif=4Base/6BMM;rbs_spacer=13-15bp;gc_cont=0.564
NZ_ABAO01000001.3:62378-62722|+   -            115 48197at91347         -            361     0.011   12.7   0.1   1   1   1.4e-05     0.011   12.7   0.1    95   141    45    91     9    98 0.90 NZ_ABAO01000001.3_59 # 62378 # 62722 # 1 # ID=113_59;partial=00;start_type=ATG;rbs_motif=GGAG/GAGG;rbs_spacer=5-10bp;gc_cont=0.406
NZ_ABAO01000006.1:25141-26520|+   -            460 48197at91347         -            361     0.051   10.5   0.0   1   1   0.00012     0.094    9.6   0.0    41    72   102   133    96   137 0.89 NZ_ABAO01000006.1_23 # 25141 # 26520 # 1 # ID=108_23;partial=00;start_type=ATG;rbs_motif=AGGA;rbs_spacer=5-10bp;gc_cont=0.586
#
# Program:         hmmsearch
# Version:         3.4 (Aug 2023)
# Pipeline mode:   SEARCH
# Query file:      /Users/dizzler/Projects/School/BIOL4600-Capstone/busco_downloads/lineages/enterobacterales_odb10/hmms/48197at91347.hmm
# Target file:     reports/busco-results/data/00-reads/GCF_000170255.1_ASM17025v1_genomic.fna/prodigal_output/predicted_genes/predicted.faa
# Option settings: hmmsearch --domtblout reports/busco-results/data/00-reads/GCF_000170255.1_ASM17025v1_genomic.fna/run_enterobacterales_odb10/hmmer_output/48197at91347.out --cpu 1 /Users/dizzler/Projects/School/BIOL4600-Capstone/busco_downloads/lineages/enterobacterales_odb10/hmms/48197at91347.hmm reports/busco-results/data/00-reads/GCF_000170255.1_ASM17025v1_genomic.fna/prodigal_output/predicted_genes/predicted.faa 
# Current dir:     /Users/dizzler/Projects/School/BIOL4600-Capstone
# Date:            Sat Feb 21 22:05:13 2026
# [ok]
