#                                                                                         --- full sequence --- -------------- this domain -------------   hmm coord   ali coord   env coord
# target name                     accession   tlen query name           accession   qlen   E-value  score  bias   #  of  c-Evalue  i-Evalue  score  bias  from    to  from    to  from    to  acc description of target
#             ------------------- ---------- ----- -------------------- ---------- ----- --------- ------ ----- --- --- --------- --------- ------ ----- ----- ----- ----- ----- ----- ----- ---- ---------------------
NZ_ABAO01000001.3:313277-314065|+ -            263 53337at91347         -            235  2.4e-135  447.3   5.2   1   1  3.7e-138  2.9e-135  447.0   5.2     1   225     6   240     6   255 0.97 NZ_ABAO01000001.3_274 # 313277 # 314065 # 1 # ID=113_274;partial=00;start_type=GTG;rbs_motif=GGAGG;rbs_spacer=5-10bp;gc_cont=0.535
NZ_ABAO01000001.3:311687-312712|+ -            342 53337at91347         -            235   1.6e-14   51.8  17.5   1   2     0.033        25    2.1   0.1    14    38   104   128    96   134 0.65 NZ_ABAO01000001.3_272 # 311687 # 312712 # 1 # ID=113_272;partial=00;start_type=ATG;rbs_motif=GGA/GAG/AGG;rbs_spacer=11-12bp;gc_cont=0.519
NZ_ABAO01000001.3:311687-312712|+ -            342 53337at91347         -            235   1.6e-14   51.8  17.5   2   2   7.8e-17   6.1e-14   49.9  16.6    12   171   132   295   116   313 0.84 NZ_ABAO01000001.3_272 # 311687 # 312712 # 1 # ID=113_272;partial=00;start_type=ATG;rbs_motif=GGA/GAG/AGG;rbs_spacer=11-12bp;gc_cont=0.519
NZ_ABAO01000003.1:26427-26978|-   -            184 53337at91347         -            235   2.8e-05   21.6   2.2   1   1   6.1e-08   4.8e-05   20.8   2.2   102   183    97   178    85   181 0.80 NZ_ABAO01000003.1_25 # 26427 # 26978 # -1 # ID=111_25;partial=00;start_type=ATG;rbs_motif=GGAG/GAGG;rbs_spacer=5-10bp;gc_cont=0.491
NZ_ABAO01000001.3:295571-296395|- -            275 53337at91347         -            235    0.0047   14.3   2.4   1   2   0.00025      0.19    9.0   2.3     2    95   110   203   104   206 0.74 NZ_ABAO01000001.3_259 # 295571 # 296395 # -1 # ID=113_259;partial=00;start_type=ATG;rbs_motif=GGA/GAG/AGG;rbs_spacer=5-10bp;gc_cont=0.541
NZ_ABAO01000001.3:295571-296395|- -            275 53337at91347         -            235    0.0047   14.3   2.4   2   2   0.00036      0.28    8.5   0.2    12    55   174   217   166   227 0.88 NZ_ABAO01000001.3_259 # 295571 # 296395 # -1 # ID=113_259;partial=00;start_type=ATG;rbs_motif=GGA/GAG/AGG;rbs_spacer=5-10bp;gc_cont=0.541
NZ_ABAO01000064.1:125-679|+       -            185 53337at91347         -            235     0.022   12.1   4.7   1   1   7.9e-05     0.062   10.7   4.7    28   152    15   133    12   145 0.63 NZ_ABAO01000064.1_1 # 125 # 679 # 1 # ID=50_1;partial=00;start_type=ATG;rbs_motif=GGAG/GAGG;rbs_spacer=5-10bp;gc_cont=0.510
NZ_ABAO01000037.1:16325-17146|-   -            274 53337at91347         -            235     0.069   10.5   2.5   1   1   0.00024      0.19    9.1   2.5   113   186   170   245   133   250 0.72 NZ_ABAO01000037.1_14 # 16325 # 17146 # -1 # ID=77_14;partial=00;start_type=ATG;rbs_motif=GGAG/GAGG;rbs_spacer=5-10bp;gc_cont=0.556
#
# Program:         hmmsearch
# Version:         3.4 (Aug 2023)
# Pipeline mode:   SEARCH
# Query file:      /Users/dizzler/Projects/School/BIOL4600-Capstone/busco_downloads/lineages/enterobacterales_odb10/hmms/53337at91347.hmm
# Target file:     reports/busco-results/data/00-reads/GCF_000170255.1_ASM17025v1_genomic.fna/prodigal_output/predicted_genes/predicted.faa
# Option settings: hmmsearch --domtblout reports/busco-results/data/00-reads/GCF_000170255.1_ASM17025v1_genomic.fna/run_enterobacterales_odb10/hmmer_output/53337at91347.out --cpu 1 /Users/dizzler/Projects/School/BIOL4600-Capstone/busco_downloads/lineages/enterobacterales_odb10/hmms/53337at91347.hmm reports/busco-results/data/00-reads/GCF_000170255.1_ASM17025v1_genomic.fna/prodigal_output/predicted_genes/predicted.faa 
# Current dir:     /Users/dizzler/Projects/School/BIOL4600-Capstone
# Date:            Sat Feb 21 22:05:13 2026
# [ok]
