#                                                                                         --- full sequence --- -------------- this domain -------------   hmm coord   ali coord   env coord
# target name                     accession   tlen query name           accession   qlen   E-value  score  bias   #  of  c-Evalue  i-Evalue  score  bias  from    to  from    to  from    to  acc description of target
#             ------------------- ---------- ----- -------------------- ---------- ----- --------- ------ ----- --- --- --------- --------- ------ ----- ----- ----- ----- ----- ----- ----- ---- ---------------------
NZ_ABAO01000022.1:28858-29949|+   -            364 62655at91347         -            286  1.5e-137  455.5   0.6   1   2   5.6e-90   4.4e-87  290.0   0.2     1   186     1   221     1   241 0.84 NZ_ABAO01000022.1_25 # 28858 # 29949 # 1 # ID=92_25;partial=00;start_type=ATG;rbs_motif=GGA/GAG/AGG;rbs_spacer=5-10bp;gc_cont=0.527
NZ_ABAO01000022.1:28858-29949|+   -            364 62655at91347         -            286  1.5e-137  455.5   0.6   2   2   2.6e-50     2e-47  159.8   0.0   191   286   265   363   242   363 0.92 NZ_ABAO01000022.1_25 # 28858 # 29949 # 1 # ID=92_25;partial=00;start_type=ATG;rbs_motif=GGA/GAG/AGG;rbs_spacer=5-10bp;gc_cont=0.527
NZ_ABAO01000074.1:3768-4832|-     -            355 62655at91347         -            286   6.5e-15   53.1   0.1   1   1   1.3e-15     1e-12   45.9   0.1     4   124   125   230   122   260 0.83 NZ_ABAO01000074.1_6 # 3768 # 4832 # -1 # ID=40_6;partial=01;start_type=Edge;rbs_motif=None;rbs_spacer=None;gc_cont=0.554
NZ_ABAO01000009.1:119015-120487|- -            491 62655at91347         -            286   3.2e-10   37.8   0.0   1   3   4.5e-08   3.5e-05   21.2   0.0     5    37     5    39     1    56 0.78 NZ_ABAO01000009.1_99 # 119015 # 120487 # -1 # ID=105_99;partial=00;start_type=ATG;rbs_motif=GGAG/GAGG;rbs_spacer=5-10bp;gc_cont=0.547
NZ_ABAO01000009.1:119015-120487|- -            491 62655at91347         -            286   3.2e-10   37.8   0.0   2   3   1.5e-05     0.012   12.9   0.0     3    23   203   223   201   256 0.85 NZ_ABAO01000009.1_99 # 119015 # 120487 # -1 # ID=105_99;partial=00;start_type=ATG;rbs_motif=GGAG/GAGG;rbs_spacer=5-10bp;gc_cont=0.547
NZ_ABAO01000009.1:119015-120487|- -            491 62655at91347         -            286   3.2e-10   37.8   0.0   3   3      0.25     2e+02   -0.9   0.0    53    92   326   367   310   373 0.68 NZ_ABAO01000009.1_99 # 119015 # 120487 # -1 # ID=105_99;partial=00;start_type=ATG;rbs_motif=GGAG/GAGG;rbs_spacer=5-10bp;gc_cont=0.547
NZ_ABAO01000063.1:3127-4407|-     -            427 62655at91347         -            286   1.9e-05   22.1   0.0   1   1   8.1e-08   6.3e-05   20.4   0.0     5    57   200   253   198   321 0.91 NZ_ABAO01000063.1_6 # 3127 # 4407 # -1 # ID=51_6;partial=00;start_type=TTG;rbs_motif=GGAG/GAGG;rbs_spacer=5-10bp;gc_cont=0.541
NZ_ABAO01000004.3:22064-24382|+   -            773 62655at91347         -            286   0.00023   18.5   0.0   1   1   5.2e-07    0.0004   17.7   0.0     3    50     4    52     2    60 0.85 NZ_ABAO01000004.3_20 # 22064 # 24382 # 1 # ID=110_20;partial=00;start_type=ATG;rbs_motif=GGA/GAG/AGG;rbs_spacer=5-10bp;gc_cont=0.563
NZ_ABAO01000016.3:52674-53579|-   -            302 62655at91347         -            286    0.0037   14.6   0.3   1   2   9.8e-06    0.0077   13.5   0.1     5    23    11    29     8    39 0.84 NZ_ABAO01000016.3_50 # 52674 # 53579 # -1 # ID=98_50;partial=00;start_type=ATG;rbs_motif=GGAG/GAGG;rbs_spacer=5-10bp;gc_cont=0.518
NZ_ABAO01000016.3:52674-53579|-   -            302 62655at91347         -            286    0.0037   14.6   0.3   2   2       1.4   1.1e+03   -3.4   0.0   151   167   136   152   107   164 0.60 NZ_ABAO01000016.3_50 # 52674 # 53579 # -1 # ID=98_50;partial=00;start_type=ATG;rbs_motif=GGAG/GAGG;rbs_spacer=5-10bp;gc_cont=0.518
#
# Program:         hmmsearch
# Version:         3.4 (Aug 2023)
# Pipeline mode:   SEARCH
# Query file:      /Users/dizzler/Projects/School/BIOL4600-Capstone/busco_downloads/lineages/enterobacterales_odb10/hmms/62655at91347.hmm
# Target file:     reports/busco-results/data/00-reads/GCF_000170255.1_ASM17025v1_genomic.fna/prodigal_output/predicted_genes/predicted.faa
# Option settings: hmmsearch --domtblout reports/busco-results/data/00-reads/GCF_000170255.1_ASM17025v1_genomic.fna/run_enterobacterales_odb10/hmmer_output/62655at91347.out --cpu 1 /Users/dizzler/Projects/School/BIOL4600-Capstone/busco_downloads/lineages/enterobacterales_odb10/hmms/62655at91347.hmm reports/busco-results/data/00-reads/GCF_000170255.1_ASM17025v1_genomic.fna/prodigal_output/predicted_genes/predicted.faa 
# Current dir:     /Users/dizzler/Projects/School/BIOL4600-Capstone
# Date:            Sat Feb 21 22:05:14 2026
# [ok]
