#                                                                                         --- full sequence --- -------------- this domain -------------   hmm coord   ali coord   env coord
# target name                     accession   tlen query name           accession   qlen   E-value  score  bias   #  of  c-Evalue  i-Evalue  score  bias  from    to  from    to  from    to  acc description of target
#             ------------------- ---------- ----- -------------------- ---------- ----- --------- ------ ----- --- --- --------- --------- ------ ----- ----- ----- ----- ----- ----- ----- ---- ---------------------
NZ_ABAO01000037.1:16325-17146|-   -            274 64323at91347         -            236  7.4e-124  410.0   0.0   1   1  1.4e-126  8.3e-124  409.8   0.0     6   236    23   273    15   273 0.93 NZ_ABAO01000037.1_14 # 16325 # 17146 # -1 # ID=77_14;partial=00;start_type=ATG;rbs_motif=GGAG/GAGG;rbs_spacer=5-10bp;gc_cont=0.556
NZ_ABAO01000005.1:101267-101755|- -            163 64323at91347         -            236   3.1e-22   77.4   6.4   1   1   9.2e-25   5.4e-22   76.5   6.4    94   216    35   158    14   162 0.86 NZ_ABAO01000005.1_100 # 101267 # 101755 # -1 # ID=109_100;partial=00;start_type=ATG;rbs_motif=GGxGG;rbs_spacer=5-10bp;gc_cont=0.562
NZ_ABAO01000003.1:26427-26978|-   -            184 64323at91347         -            236     6e-09   33.9   1.0   1   1   1.2e-11   7.2e-09   33.6   1.0   129   219    87   182    78   183 0.74 NZ_ABAO01000003.1_25 # 26427 # 26978 # -1 # ID=111_25;partial=00;start_type=ATG;rbs_motif=GGAG/GAGG;rbs_spacer=5-10bp;gc_cont=0.491
NZ_ABAO01000065.1:7488-8858|-     -            457 64323at91347         -            236   2.3e-07   28.7   4.1   1   3   7.7e-05     0.045   11.3   0.0   171   203   270   302   244   319 0.85 NZ_ABAO01000065.1_7 # 7488 # 8858 # -1 # ID=49_7;partial=00;start_type=ATG;rbs_motif=AGGA;rbs_spacer=5-10bp;gc_cont=0.527
NZ_ABAO01000065.1:7488-8858|-     -            457 64323at91347         -            236   2.3e-07   28.7   4.1   2   3     0.042        24    2.4   0.1   181   199   366   384   349   392 0.86 NZ_ABAO01000065.1_7 # 7488 # 8858 # -1 # ID=49_7;partial=00;start_type=ATG;rbs_motif=AGGA;rbs_spacer=5-10bp;gc_cont=0.527
NZ_ABAO01000065.1:7488-8858|-     -            457 64323at91347         -            236   2.3e-07   28.7   4.1   3   3   6.9e-06     0.004   14.8   1.9   145   212   372   440   367   451 0.82 NZ_ABAO01000065.1_7 # 7488 # 8858 # -1 # ID=49_7;partial=00;start_type=ATG;rbs_motif=AGGA;rbs_spacer=5-10bp;gc_cont=0.527
NZ_ABAO01000001.3:311687-312712|+ -            342 64323at91347         -            236   5.4e-05   20.9  15.5   1   2   1.1e-05    0.0066   14.1   0.8   121   199    96   178    80   181 0.73 NZ_ABAO01000001.3_272 # 311687 # 312712 # 1 # ID=113_272;partial=00;start_type=ATG;rbs_motif=GGA/GAG/AGG;rbs_spacer=11-12bp;gc_cont=0.519
NZ_ABAO01000001.3:311687-312712|+ -            342 64323at91347         -            236   5.4e-05   20.9  15.5   2   2   0.00011     0.062   10.9   8.0   118   206   208   298   199   325 0.71 NZ_ABAO01000001.3_272 # 311687 # 312712 # 1 # ID=113_272;partial=00;start_type=ATG;rbs_motif=GGA/GAG/AGG;rbs_spacer=11-12bp;gc_cont=0.519
NZ_ABAO01000005.1:97535-98089|-   -            185 64323at91347         -            236    0.0018   15.9   1.9   1   2      0.18     1e+02    0.3   0.1   180   191    87    98    45   104 0.52 NZ_ABAO01000005.1_96 # 97535 # 98089 # -1 # ID=109_96;partial=00;start_type=ATG;rbs_motif=GGAG/GAGG;rbs_spacer=5-10bp;gc_cont=0.505
NZ_ABAO01000005.1:97535-98089|-   -            185 64323at91347         -            236    0.0018   15.9   1.9   2   2   9.3e-06    0.0054   14.4   1.3   164   220   121   178    63   183 0.70 NZ_ABAO01000005.1_96 # 97535 # 98089 # -1 # ID=109_96;partial=00;start_type=ATG;rbs_motif=GGAG/GAGG;rbs_spacer=5-10bp;gc_cont=0.505
NZ_ABAO01000001.3:313277-314065|+ -            263 64323at91347         -            236     0.036   11.7   9.0   1   2    0.0061       3.6    5.1   1.0   169   203    14    48     6    74 0.79 NZ_ABAO01000001.3_274 # 313277 # 314065 # 1 # ID=113_274;partial=00;start_type=GTG;rbs_motif=GGAGG;rbs_spacer=5-10bp;gc_cont=0.535
NZ_ABAO01000001.3:313277-314065|+ -            263 64323at91347         -            236     0.036   11.7   9.0   2   2   0.00018      0.11   10.1   1.6   145   214   123   192    95   198 0.88 NZ_ABAO01000001.3_274 # 313277 # 314065 # 1 # ID=113_274;partial=00;start_type=GTG;rbs_motif=GGAGG;rbs_spacer=5-10bp;gc_cont=0.535
NZ_ABAO01000064.1:125-679|+       -            185 64323at91347         -            236      0.11   10.1   6.8   1   3     0.017        10    3.6   0.1   164   189    10    35     6    49 0.75 NZ_ABAO01000064.1_1 # 125 # 679 # 1 # ID=50_1;partial=00;start_type=ATG;rbs_motif=GGAG/GAGG;rbs_spacer=5-10bp;gc_cont=0.510
NZ_ABAO01000064.1:125-679|+       -            185 64323at91347         -            236      0.11   10.1   6.8   2   3    0.0059       3.5    5.2   1.6   137   201    52   114    44   116 0.75 NZ_ABAO01000064.1_1 # 125 # 679 # 1 # ID=50_1;partial=00;start_type=ATG;rbs_motif=GGAG/GAGG;rbs_spacer=5-10bp;gc_cont=0.510
NZ_ABAO01000064.1:125-679|+       -            185 64323at91347         -            236      0.11   10.1   6.8   3   3    0.0012      0.69    7.5   1.8   144   201    82   132    77   148 0.79 NZ_ABAO01000064.1_1 # 125 # 679 # 1 # ID=50_1;partial=00;start_type=ATG;rbs_motif=GGAG/GAGG;rbs_spacer=5-10bp;gc_cont=0.510
#
# Program:         hmmsearch
# Version:         3.4 (Aug 2023)
# Pipeline mode:   SEARCH
# Query file:      /Users/dizzler/Projects/School/BIOL4600-Capstone/busco_downloads/lineages/enterobacterales_odb10/hmms/64323at91347.hmm
# Target file:     reports/busco-results/data/00-reads/GCF_000170255.1_ASM17025v1_genomic.fna/prodigal_output/predicted_genes/predicted.faa
# Option settings: hmmsearch --domtblout reports/busco-results/data/00-reads/GCF_000170255.1_ASM17025v1_genomic.fna/run_enterobacterales_odb10/hmmer_output/64323at91347.out --cpu 1 /Users/dizzler/Projects/School/BIOL4600-Capstone/busco_downloads/lineages/enterobacterales_odb10/hmms/64323at91347.hmm reports/busco-results/data/00-reads/GCF_000170255.1_ASM17025v1_genomic.fna/prodigal_output/predicted_genes/predicted.faa 
# Current dir:     /Users/dizzler/Projects/School/BIOL4600-Capstone
# Date:            Sat Feb 21 22:05:14 2026
# [ok]
