#                                                                                         --- full sequence --- -------------- this domain -------------   hmm coord   ali coord   env coord
# target name                     accession   tlen query name           accession   qlen   E-value  score  bias   #  of  c-Evalue  i-Evalue  score  bias  from    to  from    to  from    to  acc description of target
#             ------------------- ---------- ----- -------------------- ---------- ----- --------- ------ ----- --- --- --------- --------- ------ ----- ----- ----- ----- ----- ----- ----- ---- ---------------------
NZ_ABAO01000002.1:10863-13541|+   -            893 6639at91347          -            664         0 1161.2  34.2   1   3     5e-32   2.9e-29   99.8   4.1     1   111     3   124     3   159 0.89 NZ_ABAO01000002.1_10 # 10863 # 13541 # 1 # ID=112_10;partial=00;start_type=ATG;rbs_motif=AGGA;rbs_spacer=5-10bp;gc_cont=0.554
NZ_ABAO01000002.1:10863-13541|+   -            893 6639at91347          -            664         0 1161.2  34.2   2   3     0.001       0.6    6.2   0.2    75   101   226   252   211   267 0.86 NZ_ABAO01000002.1_10 # 10863 # 13541 # 1 # ID=112_10;partial=00;start_type=ATG;rbs_motif=AGGA;rbs_spacer=5-10bp;gc_cont=0.554
NZ_ABAO01000002.1:10863-13541|+   -            893 6639at91347          -            664         0 1161.2  34.2   3   3         0         0 1066.3  14.8    96   664   285   887   263   887 0.94 NZ_ABAO01000002.1_10 # 10863 # 13541 # 1 # ID=112_10;partial=00;start_type=ATG;rbs_motif=AGGA;rbs_spacer=5-10bp;gc_cont=0.554
NZ_ABAO01000004.3:228567-230417|- -            617 6639at91347          -            664   7.7e-21   72.0   0.1   1   1   1.7e-23   9.7e-21   71.6   0.1   196   397     2   212     1   228 0.76 NZ_ABAO01000004.3_195 # 228567 # 230417 # -1 # ID=110_195;partial=00;start_type=ATG;rbs_motif=AGGA/GGAG/GAGG;rbs_spacer=11-12bp;gc_cont=0.571
NZ_ABAO01000016.3:55521-57320|-   -            600 6639at91347          -            664   1.1e-17   61.5   0.8   1   1   2.7e-19   1.6e-16   57.7   0.8   198   393     8   223     5   232 0.77 NZ_ABAO01000016.3_53 # 55521 # 57320 # -1 # ID=98_53;partial=00;start_type=ATG;rbs_motif=None;rbs_spacer=None;gc_cont=0.529
NZ_ABAO01000060.1:9147-10970|+    -            608 6639at91347          -            664   2.2e-12   44.0   1.6   1   1   1.3e-14   7.4e-12   42.3   1.6   197   304     8   133     5   175 0.74 NZ_ABAO01000060.1_10 # 9147 # 10970 # 1 # ID=54_10;partial=00;start_type=GTG;rbs_motif=GGAG/GAGG;rbs_spacer=5-10bp;gc_cont=0.537
NZ_ABAO01000021.1:50465-51904|-   -            480 6639at91347          -            664   2.7e-09   33.8   0.0   1   2      0.56   3.3e+02   -2.8   0.0   608   625    46    63    36    65 0.86 NZ_ABAO01000021.1_56 # 50465 # 51904 # -1 # ID=93_56;partial=00;start_type=ATG;rbs_motif=AGGAG;rbs_spacer=5-10bp;gc_cont=0.546
NZ_ABAO01000021.1:50465-51904|-   -            480 6639at91347          -            664   2.7e-09   33.8   0.0   2   2   1.2e-11   6.8e-09   32.5   0.0   224   340    90   213    77   218 0.79 NZ_ABAO01000021.1_56 # 50465 # 51904 # -1 # ID=93_56;partial=00;start_type=ATG;rbs_motif=AGGAG;rbs_spacer=5-10bp;gc_cont=0.546
NZ_ABAO01000001.3:2746-4335|+     -            530 6639at91347          -            664   1.3e-07   28.3   0.0   1   1   3.9e-10   2.3e-07   27.4   0.0   226   307    69   150    55   166 0.88 NZ_ABAO01000001.3_5 # 2746 # 4335 # 1 # ID=113_5;partial=00;start_type=ATG;rbs_motif=AGxAG;rbs_spacer=5-10bp;gc_cont=0.543
NZ_ABAO01000009.1:119015-120487|- -            491 6639at91347          -            664   1.6e-06   24.6   0.0   1   2   8.2e-06    0.0048   13.2   0.0   195   349     3   160     1   162 0.77 NZ_ABAO01000009.1_99 # 119015 # 120487 # -1 # ID=105_99;partial=00;start_type=ATG;rbs_motif=GGAG/GAGG;rbs_spacer=5-10bp;gc_cont=0.547
NZ_ABAO01000009.1:119015-120487|- -            491 6639at91347          -            664   1.6e-06   24.6   0.0   2   2   0.00012     0.068    9.4   0.0   260   347   282   368   270   382 0.81 NZ_ABAO01000009.1_99 # 119015 # 120487 # -1 # ID=105_99;partial=00;start_type=ATG;rbs_motif=GGAG/GAGG;rbs_spacer=5-10bp;gc_cont=0.547
NZ_ABAO01000016.3:52674-53579|-   -            302 6639at91347          -            664   0.00016   18.0   0.8   1   2   6.2e-07   0.00036   16.9   0.3   194   342     8   164     1   170 0.65 NZ_ABAO01000016.3_50 # 52674 # 53579 # -1 # ID=98_50;partial=00;start_type=ATG;rbs_motif=GGAG/GAGG;rbs_spacer=5-10bp;gc_cont=0.518
NZ_ABAO01000016.3:52674-53579|-   -            302 6639at91347          -            664   0.00016   18.0   0.8   2   2      0.19   1.1e+02   -1.2   0.0    49    78   237   266   229   279 0.76 NZ_ABAO01000016.3_50 # 52674 # 53579 # -1 # ID=98_50;partial=00;start_type=ATG;rbs_motif=GGAG/GAGG;rbs_spacer=5-10bp;gc_cont=0.518
#
# Program:         hmmsearch
# Version:         3.4 (Aug 2023)
# Pipeline mode:   SEARCH
# Query file:      /Users/dizzler/Projects/School/BIOL4600-Capstone/busco_downloads/lineages/enterobacterales_odb10/hmms/6639at91347.hmm
# Target file:     reports/busco-results/data/00-reads/GCF_000170255.1_ASM17025v1_genomic.fna/prodigal_output/predicted_genes/predicted.faa
# Option settings: hmmsearch --domtblout reports/busco-results/data/00-reads/GCF_000170255.1_ASM17025v1_genomic.fna/run_enterobacterales_odb10/hmmer_output/6639at91347.out --cpu 1 /Users/dizzler/Projects/School/BIOL4600-Capstone/busco_downloads/lineages/enterobacterales_odb10/hmms/6639at91347.hmm reports/busco-results/data/00-reads/GCF_000170255.1_ASM17025v1_genomic.fna/prodigal_output/predicted_genes/predicted.faa 
# Current dir:     /Users/dizzler/Projects/School/BIOL4600-Capstone
# Date:            Sat Feb 21 22:05:14 2026
# [ok]
