#                                                                                         --- full sequence --- -------------- this domain -------------   hmm coord   ali coord   env coord
# target name                     accession   tlen query name           accession   qlen   E-value  score  bias   #  of  c-Evalue  i-Evalue  score  bias  from    to  from    to  from    to  acc description of target
#             ------------------- ---------- ----- -------------------- ---------- ----- --------- ------ ----- --- --- --------- --------- ------ ----- ----- ----- ----- ----- ----- ----- ---- ---------------------
NZ_ABAO01000010.1:135148-135882|- -            245 67620at91347         -            204  4.9e-100  331.4   9.3   1   1  7.4e-100   2.5e-97  322.6   9.3     1   204     6   243     6   243 0.90 NZ_ABAO01000010.1_137 # 135148 # 135882 # -1 # ID=104_137;partial=00;start_type=ATG;rbs_motif=GGAG/GAGG;rbs_spacer=5-10bp;gc_cont=0.506
NZ_ABAO01000009.1:24157-24948|-   -            264 67620at91347         -            204     4e-47  158.6   0.4   1   2   0.00039      0.13   10.0   0.0     1    21     7    27     7    49 0.89 NZ_ABAO01000009.1_27 # 24157 # 24948 # -1 # ID=105_27;partial=00;start_type=ATG;rbs_motif=AGGAG;rbs_spacer=5-10bp;gc_cont=0.538
NZ_ABAO01000009.1:24157-24948|-   -            264 67620at91347         -            204     4e-47  158.6   0.4   2   2   4.7e-44   1.6e-41  140.3   0.1    42   202    75   253    56   255 0.86 NZ_ABAO01000009.1_27 # 24157 # 24948 # -1 # ID=105_27;partial=00;start_type=ATG;rbs_motif=AGGAG;rbs_spacer=5-10bp;gc_cont=0.538
NZ_ABAO01000006.1:95647-96411|-   -            255 67620at91347         -            204   1.5e-43  147.0   1.2   1   2     0.011       3.8    5.2   0.3     2    23    11    32    10    61 0.68 NZ_ABAO01000006.1_88 # 95647 # 96411 # -1 # ID=108_88;partial=00;start_type=ATG;rbs_motif=GGA/GAG/AGG;rbs_spacer=5-10bp;gc_cont=0.536
NZ_ABAO01000006.1:95647-96411|-   -            255 67620at91347         -            204   1.5e-43  147.0   1.2   2   2   4.3e-44   1.5e-41  140.5   0.1    21   203    57   251    46   252 0.88 NZ_ABAO01000006.1_88 # 95647 # 96411 # -1 # ID=108_88;partial=00;start_type=ATG;rbs_motif=GGA/GAG/AGG;rbs_spacer=5-10bp;gc_cont=0.536
NZ_ABAO01000033.1:11283-12044|-   -            254 67620at91347         -            204   7.1e-41  138.2   2.6   1   2     0.086        29    2.3   0.2     1    20    11    30    11    53 0.81 NZ_ABAO01000033.1_10 # 11283 # 12044 # -1 # ID=81_10;partial=00;start_type=ATG;rbs_motif=AGGA;rbs_spacer=5-10bp;gc_cont=0.518
NZ_ABAO01000033.1:11283-12044|-   -            254 67620at91347         -            204   7.1e-41  138.2   2.6   2   2   1.7e-42   5.7e-40  135.3   0.3    39   202    75   250    46   252 0.87 NZ_ABAO01000033.1_10 # 11283 # 12044 # -1 # ID=81_10;partial=00;start_type=ATG;rbs_motif=AGGA;rbs_spacer=5-10bp;gc_cont=0.518
NZ_ABAO01000005.1:171788-172549|- -            254 67620at91347         -            204   7.8e-39  131.6   0.1   1   2     0.014       4.6    4.9   0.1     1    22     3    24     3    57 0.81 NZ_ABAO01000005.1_158 # 171788 # 172549 # -1 # ID=109_158;partial=00;start_type=ATG;rbs_motif=GGAG/GAGG;rbs_spacer=5-10bp;gc_cont=0.547
NZ_ABAO01000005.1:171788-172549|- -            254 67620at91347         -            204   7.8e-39  131.6   0.1   2   2   2.9e-39   9.8e-37  124.7   0.0    42   203    73   244    60   245 0.89 NZ_ABAO01000005.1_158 # 171788 # 172549 # -1 # ID=109_158;partial=00;start_type=ATG;rbs_motif=GGAG/GAGG;rbs_spacer=5-10bp;gc_cont=0.547
NZ_ABAO01000028.3:9798-10511|+    -            238 67620at91347         -            204   5.4e-31  105.9   0.0   1   1   8.1e-32   2.7e-29  100.4   0.0     3   200     9   233     7   236 0.76 NZ_ABAO01000028.3_11 # 9798 # 10511 # 1 # ID=86_11;partial=00;start_type=ATG;rbs_motif=AGGA;rbs_spacer=5-10bp;gc_cont=0.574
NZ_ABAO01000003.1:158947-159702|+ -            252 67620at91347         -            204     9e-31  105.2   0.3   1   2   2.8e-24   9.3e-22   75.8   0.2     1   162     9   188     9   193 0.83 NZ_ABAO01000003.1_150 # 158947 # 159702 # 1 # ID=111_150;partial=00;start_type=ATG;rbs_motif=None;rbs_spacer=None;gc_cont=0.589
NZ_ABAO01000003.1:158947-159702|+ -            252 67620at91347         -            204     9e-31  105.2   0.3   2   2   4.9e-09   1.7e-06   26.0   0.0   164   202   209   247   199   249 0.92 NZ_ABAO01000003.1_150 # 158947 # 159702 # 1 # ID=111_150;partial=00;start_type=ATG;rbs_motif=None;rbs_spacer=None;gc_cont=0.589
NZ_ABAO01000034.1:8373-9152|+     -            260 67620at91347         -            204   1.7e-28   97.8   0.0   1   2   3.1e-22     1e-19   69.1   0.0    39   171    71   205    39   215 0.83 NZ_ABAO01000034.1_10 # 8373 # 9152 # 1 # ID=80_10;partial=00;start_type=ATG;rbs_motif=AGGAG;rbs_spacer=5-10bp;gc_cont=0.547
NZ_ABAO01000034.1:8373-9152|+     -            260 67620at91347         -            204   1.7e-28   97.8   0.0   2   2   2.4e-09   8.2e-07   27.0   0.0   161   204   215   258   205   258 0.92 NZ_ABAO01000034.1_10 # 8373 # 9152 # 1 # ID=80_10;partial=00;start_type=ATG;rbs_motif=AGGAG;rbs_spacer=5-10bp;gc_cont=0.547
NZ_ABAO01000002.1:142621-143505|- -            295 67620at91347         -            204   3.4e-25   87.0   0.0   1   2     0.023       7.7    4.2   0.1     3    19    52    68    50   106 0.77 NZ_ABAO01000002.1_134 # 142621 # 143505 # -1 # ID=112_134;partial=00;start_type=ATG;rbs_motif=GGAG/GAGG;rbs_spacer=5-10bp;gc_cont=0.565
NZ_ABAO01000002.1:142621-143505|- -            295 67620at91347         -            204   3.4e-25   87.0   0.0   2   2   1.1e-25   3.6e-23   80.4   0.0    45   203   124   292    93   293 0.84 NZ_ABAO01000002.1_134 # 142621 # 143505 # -1 # ID=112_134;partial=00;start_type=ATG;rbs_motif=GGAG/GAGG;rbs_spacer=5-10bp;gc_cont=0.565
NZ_ABAO01000028.3:56886-57647|+   -            254 67620at91347         -            204   1.5e-23   81.6   0.0   1   2   0.00023     0.077   10.7   0.1     1    38    13    53    13    72 0.76 NZ_ABAO01000028.3_56 # 56886 # 57647 # 1 # ID=86_56;partial=00;start_type=ATG;rbs_motif=AGGAG;rbs_spacer=5-10bp;gc_cont=0.568
NZ_ABAO01000028.3:56886-57647|+   -            254 67620at91347         -            204   1.5e-23   81.6   0.0   2   2   2.9e-22   9.8e-20   69.2   0.0    41   199    84   244    70   248 0.87 NZ_ABAO01000028.3_56 # 56886 # 57647 # 1 # ID=86_56;partial=00;start_type=ATG;rbs_motif=AGGAG;rbs_spacer=5-10bp;gc_cont=0.568
NZ_ABAO01000040.1:40132-40878|-   -            249 67620at91347         -            204   7.9e-23   79.3   0.1   1   2   0.00018     0.062   11.1   0.0     2    37     2    40     1    44 0.87 NZ_ABAO01000040.1_41 # 40132 # 40878 # -1 # ID=74_41;partial=00;start_type=ATG;rbs_motif=GGAG/GAGG;rbs_spacer=5-10bp;gc_cont=0.534
NZ_ABAO01000040.1:40132-40878|-   -            249 67620at91347         -            204   7.9e-23   79.3   0.1   2   2   1.2e-21   4.1e-19   67.2   0.0    16   155    40   181    38   221 0.87 NZ_ABAO01000040.1_41 # 40132 # 40878 # -1 # ID=74_41;partial=00;start_type=ATG;rbs_motif=GGAG/GAGG;rbs_spacer=5-10bp;gc_cont=0.534
NZ_ABAO01000003.1:63955-64725|-   -            257 67620at91347         -            204     1e-17   62.6   0.0   1   1   7.8e-19   2.6e-16   58.0   0.0    53   165    78   190     3   205 0.87 NZ_ABAO01000003.1_60 # 63955 # 64725 # -1 # ID=111_60;partial=00;start_type=ATG;rbs_motif=GGA/GAG/AGG;rbs_spacer=5-10bp;gc_cont=0.547
NZ_ABAO01000028.3:34653-35441|+   -            263 67620at91347         -            204   6.8e-08   30.5   0.1   1   1   3.2e-10   1.1e-07   29.9   0.1   123   202   161   251   116   253 0.84 NZ_ABAO01000028.3_37 # 34653 # 35441 # 1 # ID=86_37;partial=00;start_type=ATG;rbs_motif=AGGA;rbs_spacer=5-10bp;gc_cont=0.542
NZ_ABAO01000003.1:101728-102594|- -            289 67620at91347         -            204     0.022   12.5   0.0   1   1   0.00015     0.052   11.3   0.0   130   192   191   257   182   263 0.87 NZ_ABAO01000003.1_97 # 101728 # 102594 # -1 # ID=111_97;partial=00;start_type=ATG;rbs_motif=GGA/GAG/AGG;rbs_spacer=11-12bp;gc_cont=0.546
#
# Program:         hmmsearch
# Version:         3.4 (Aug 2023)
# Pipeline mode:   SEARCH
# Query file:      /Users/dizzler/Projects/School/BIOL4600-Capstone/busco_downloads/lineages/enterobacterales_odb10/hmms/67620at91347.hmm
# Target file:     reports/busco-results/data/00-reads/GCF_000170255.1_ASM17025v1_genomic.fna/prodigal_output/predicted_genes/predicted.faa
# Option settings: hmmsearch --domtblout reports/busco-results/data/00-reads/GCF_000170255.1_ASM17025v1_genomic.fna/run_enterobacterales_odb10/hmmer_output/67620at91347.out --cpu 1 /Users/dizzler/Projects/School/BIOL4600-Capstone/busco_downloads/lineages/enterobacterales_odb10/hmms/67620at91347.hmm reports/busco-results/data/00-reads/GCF_000170255.1_ASM17025v1_genomic.fna/prodigal_output/predicted_genes/predicted.faa 
# Current dir:     /Users/dizzler/Projects/School/BIOL4600-Capstone
# Date:            Sat Feb 21 22:05:14 2026
# [ok]
