#                                                                                         --- full sequence --- -------------- this domain -------------   hmm coord   ali coord   env coord
# target name                     accession   tlen query name           accession   qlen   E-value  score  bias   #  of  c-Evalue  i-Evalue  score  bias  from    to  from    to  from    to  acc description of target
#             ------------------- ---------- ----- -------------------- ---------- ----- --------- ------ ----- --- --- --------- --------- ------ ----- ----- ----- ----- ----- ----- ----- ---- ---------------------
NZ_ABAO01000060.1:1015-1647|-     -            211 78786at91347         -            172   6.6e-81  268.0   0.0   1   1   2.1e-83   8.1e-81  267.7   0.0     1   172     9   197     9   197 0.93 NZ_ABAO01000060.1_2 # 1015 # 1647 # -1 # ID=54_2;partial=00;start_type=TTG;rbs_motif=GGAG/GAGG;rbs_spacer=5-10bp;gc_cont=0.521
NZ_ABAO01000009.1:119015-120487|- -            491 78786at91347         -            172   7.3e-09   33.5   0.1   1   2   1.5e-05    0.0059   14.3   0.0    21    55     5    38     3   130 0.83 NZ_ABAO01000009.1_99 # 119015 # 120487 # -1 # ID=105_99;partial=00;start_type=ATG;rbs_motif=GGAG/GAGG;rbs_spacer=5-10bp;gc_cont=0.547
NZ_ABAO01000009.1:119015-120487|- -            491 78786at91347         -            172   7.3e-09   33.5   0.1   2   2   5.2e-06     0.002   15.8   0.1    16   143   200   337   191   372 0.66 NZ_ABAO01000009.1_99 # 119015 # 120487 # -1 # ID=105_99;partial=00;start_type=ATG;rbs_motif=GGAG/GAGG;rbs_spacer=5-10bp;gc_cont=0.547
NZ_ABAO01000016.3:52674-53579|-   -            302 78786at91347         -            172   9.4e-05   20.1   0.4   1   1   4.1e-07   0.00016   19.4   0.4    21    55    11    44     2   171 0.72 NZ_ABAO01000016.3_50 # 52674 # 53579 # -1 # ID=98_50;partial=00;start_type=ATG;rbs_motif=GGAG/GAGG;rbs_spacer=5-10bp;gc_cont=0.518
NZ_ABAO01000063.1:3127-4407|-     -            427 78786at91347         -            172   0.00051   17.7   0.1   1   2       1.2   4.7e+02   -1.7   0.0   110   142   162   194   160   201 0.81 NZ_ABAO01000063.1_6 # 3127 # 4407 # -1 # ID=51_6;partial=00;start_type=TTG;rbs_motif=GGAG/GAGG;rbs_spacer=5-10bp;gc_cont=0.541
NZ_ABAO01000063.1:3127-4407|-     -            427 78786at91347         -            172   0.00051   17.7   0.1   2   2   7.6e-06     0.003   15.2   0.0    20   168   199   357   188   361 0.64 NZ_ABAO01000063.1_6 # 3127 # 4407 # -1 # ID=51_6;partial=00;start_type=TTG;rbs_motif=GGAG/GAGG;rbs_spacer=5-10bp;gc_cont=0.541
NZ_ABAO01000048.1:1655-2707|+     -            351 78786at91347         -            172   0.00097   16.8   1.1   1   2    0.0051         2    6.0   0.0    97   168   126   205   120   209 0.71 NZ_ABAO01000048.1_3 # 1655 # 2707 # 1 # ID=66_3;partial=00;start_type=TTG;rbs_motif=AGGAG;rbs_spacer=5-10bp;gc_cont=0.534
NZ_ABAO01000048.1:1655-2707|+     -            351 78786at91347         -            172   0.00097   16.8   1.1   2   2   0.00037      0.14    9.8   0.2    23    40   212   229   206   270 0.75 NZ_ABAO01000048.1_3 # 1655 # 2707 # 1 # ID=66_3;partial=00;start_type=TTG;rbs_motif=AGGAG;rbs_spacer=5-10bp;gc_cont=0.534
NZ_ABAO01000014.1:50481-54134|+   -           1218 78786at91347         -            172    0.0047   14.6   0.1   1   2     0.013         5    4.7   0.0    14    39   363   388   355   391 0.84 NZ_ABAO01000014.1_40 # 50481 # 54134 # 1 # ID=100_40;partial=00;start_type=ATG;rbs_motif=AGGAGG;rbs_spacer=3-4bp;gc_cont=0.590
NZ_ABAO01000014.1:50481-54134|+   -           1218 78786at91347         -            172    0.0047   14.6   0.1   2   2    0.0023       0.9    7.2   0.0    17    39   992  1014   982  1017 0.86 NZ_ABAO01000014.1_40 # 50481 # 54134 # 1 # ID=100_40;partial=00;start_type=ATG;rbs_motif=AGGAGG;rbs_spacer=3-4bp;gc_cont=0.590
NZ_ABAO01000009.1:45581-46060|-   -            160 78786at91347         -            172     0.025   12.2   0.0   1   1   0.00012     0.047   11.3   0.0    21    49     4    32     1    36 0.91 NZ_ABAO01000009.1_51 # 45581 # 46060 # -1 # ID=105_51;partial=00;start_type=ATG;rbs_motif=GGxGG;rbs_spacer=5-10bp;gc_cont=0.510
NZ_ABAO01000001.3:169700-170407|- -            236 78786at91347         -            172     0.029   12.0   0.0   1   1   0.00012     0.048   11.3   0.0    13    39    20    46    11    53 0.88 NZ_ABAO01000001.3_150 # 169700 # 170407 # -1 # ID=113_150;partial=00;start_type=ATG;rbs_motif=None;rbs_spacer=None;gc_cont=0.581
NZ_ABAO01000072.1:1-702|+         -            234 78786at91347         -            172     0.033   11.8   0.1   1   1   0.00014     0.053   11.2   0.1    20    39    23    42    14    49 0.86 NZ_ABAO01000072.1_1 # 1 # 702 # 1 # ID=42_1;partial=10;start_type=Edge;rbs_motif=None;rbs_spacer=None;gc_cont=0.566
NZ_ABAO01000011.3:112928-114874|+ -            649 78786at91347         -            172     0.035   11.8   0.0   1   1   0.00016     0.064   10.9   0.0    13    39    29    55    21    72 0.80 NZ_ABAO01000011.3_109 # 112928 # 114874 # 1 # ID=103_109;partial=00;start_type=ATG;rbs_motif=AGGAG;rbs_spacer=5-10bp;gc_cont=0.544
NZ_ABAO01000042.1:7563-9470|+     -            636 78786at91347         -            172     0.036   11.7   0.1   1   2     0.011       4.3    5.0   0.0    13    43    22    52    13    69 0.80 NZ_ABAO01000042.1_12 # 7563 # 9470 # 1 # ID=72_12;partial=00;start_type=ATG;rbs_motif=None;rbs_spacer=None;gc_cont=0.575
NZ_ABAO01000042.1:7563-9470|+     -            636 78786at91347         -            172     0.036   11.7   0.1   2   2     0.019       7.6    4.1   0.0    15    39   335   359   327   363 0.84 NZ_ABAO01000042.1_12 # 7563 # 9470 # 1 # ID=72_12;partial=00;start_type=ATG;rbs_motif=None;rbs_spacer=None;gc_cont=0.575
NZ_ABAO01000003.1:65465-66151|+   -            229 78786at91347         -            172     0.044   11.4   0.0   1   1   0.00024     0.093   10.4   0.0    12    39    30    57    22    61 0.85 NZ_ABAO01000003.1_62 # 65465 # 66151 # 1 # ID=111_62;partial=00;start_type=ATG;rbs_motif=AGGA;rbs_spacer=5-10bp;gc_cont=0.591
#
# Program:         hmmsearch
# Version:         3.4 (Aug 2023)
# Pipeline mode:   SEARCH
# Query file:      /Users/dizzler/Projects/School/BIOL4600-Capstone/busco_downloads/lineages/enterobacterales_odb10/hmms/78786at91347.hmm
# Target file:     reports/busco-results/data/00-reads/GCF_000170255.1_ASM17025v1_genomic.fna/prodigal_output/predicted_genes/predicted.faa
# Option settings: hmmsearch --domtblout reports/busco-results/data/00-reads/GCF_000170255.1_ASM17025v1_genomic.fna/run_enterobacterales_odb10/hmmer_output/78786at91347.out --cpu 1 /Users/dizzler/Projects/School/BIOL4600-Capstone/busco_downloads/lineages/enterobacterales_odb10/hmms/78786at91347.hmm reports/busco-results/data/00-reads/GCF_000170255.1_ASM17025v1_genomic.fna/prodigal_output/predicted_genes/predicted.faa 
# Current dir:     /Users/dizzler/Projects/School/BIOL4600-Capstone
# Date:            Sat Feb 21 22:05:14 2026
# [ok]
