#                                                                                         --- full sequence --- -------------- this domain -------------   hmm coord   ali coord   env coord
# target name                     accession   tlen query name           accession   qlen   E-value  score  bias   #  of  c-Evalue  i-Evalue  score  bias  from    to  from    to  from    to  acc description of target
#             ------------------- ---------- ----- -------------------- ---------- ----- --------- ------ ----- --- --- --------- --------- ------ ----- ----- ----- ----- ----- ----- ----- ---- ---------------------
NZ_ABAO01000060.1:9147-10970|+    -            608 9913at91347          -            518  1.6e-292  968.4   2.4   1   1  4.3e-295  2.9e-292  967.6   2.4     1   518     5   602     5   602 0.91 NZ_ABAO01000060.1_10 # 9147 # 10970 # 1 # ID=54_10;partial=00;start_type=GTG;rbs_motif=GGAG/GAGG;rbs_spacer=5-10bp;gc_cont=0.537
NZ_ABAO01000016.3:55521-57320|-   -            600 9913at91347          -            518   1.4e-32  110.8   1.7   1   3   1.2e-34   7.8e-32  108.3   0.1     1   209     4   230     4   249 0.81 NZ_ABAO01000016.3_53 # 55521 # 57320 # -1 # ID=98_53;partial=00;start_type=ATG;rbs_motif=None;rbs_spacer=None;gc_cont=0.529
NZ_ABAO01000016.3:55521-57320|-   -            600 9913at91347          -            518   1.4e-32  110.8   1.7   2   3      0.49   3.3e+02   -2.6   0.0   306   341   340   376   337   386 0.75 NZ_ABAO01000016.3_53 # 55521 # 57320 # -1 # ID=98_53;partial=00;start_type=ATG;rbs_motif=None;rbs_spacer=None;gc_cont=0.529
NZ_ABAO01000016.3:55521-57320|-   -            600 9913at91347          -            518   1.4e-32  110.8   1.7   3   3     0.068        46    0.2   0.1   347   444   420   521   408   560 0.75 NZ_ABAO01000016.3_53 # 55521 # 57320 # -1 # ID=98_53;partial=00;start_type=ATG;rbs_motif=None;rbs_spacer=None;gc_cont=0.529
NZ_ABAO01000001.3:2746-4335|+     -            530 9913at91347          -            518   3.6e-15   53.4   0.3   1   2   1.4e-17   9.2e-15   52.0   0.0     2   121    14   147    13   165 0.80 NZ_ABAO01000001.3_5 # 2746 # 4335 # 1 # ID=113_5;partial=00;start_type=ATG;rbs_motif=AGxAG;rbs_spacer=5-10bp;gc_cont=0.543
NZ_ABAO01000001.3:2746-4335|+     -            530 9913at91347          -            518   3.6e-15   53.4   0.3   2   2      0.29     2e+02   -1.9   0.0   437   452   355   370   351   385 0.80 NZ_ABAO01000001.3_5 # 2746 # 4335 # 1 # ID=113_5;partial=00;start_type=ATG;rbs_motif=AGxAG;rbs_spacer=5-10bp;gc_cont=0.543
NZ_ABAO01000002.1:10863-13541|+   -            893 9913at91347          -            518   1.3e-12   44.9   0.6   1   1   4.5e-15     3e-12   43.7   0.6     4   121   396   505   394   560 0.78 NZ_ABAO01000002.1_10 # 10863 # 13541 # 1 # ID=112_10;partial=00;start_type=ATG;rbs_motif=AGGA;rbs_spacer=5-10bp;gc_cont=0.554
NZ_ABAO01000021.1:50465-51904|-   -            480 9913at91347          -            518     1e-08   32.0   0.1   1   2   2.5e-10   1.7e-07   28.1   0.1    31   120    81   172    31   219 0.85 NZ_ABAO01000021.1_56 # 50465 # 51904 # -1 # ID=93_56;partial=00;start_type=ATG;rbs_motif=AGGAG;rbs_spacer=5-10bp;gc_cont=0.546
NZ_ABAO01000021.1:50465-51904|-   -            480 9913at91347          -            518     1e-08   32.0   0.1   2   2     0.056        38    0.5   0.0   181   241   262   320   249   342 0.78 NZ_ABAO01000021.1_56 # 50465 # 51904 # -1 # ID=93_56;partial=00;start_type=ATG;rbs_motif=AGGAG;rbs_spacer=5-10bp;gc_cont=0.546
NZ_ABAO01000004.3:228567-230417|- -            617 9913at91347          -            518     5e-08   29.8   0.0   1   1   9.7e-11   6.5e-08   29.4   0.0     4   131     3   127     1   197 0.79 NZ_ABAO01000004.3_195 # 228567 # 230417 # -1 # ID=110_195;partial=00;start_type=ATG;rbs_motif=AGGA/GGAG/GAGG;rbs_spacer=11-12bp;gc_cont=0.571
NZ_ABAO01000009.1:119015-120487|- -            491 9913at91347          -            518     0.011   12.1   0.1   1   2    0.0034       2.3    4.5   0.0    80   124    82   127    52   137 0.80 NZ_ABAO01000009.1_99 # 119015 # 120487 # -1 # ID=105_99;partial=00;start_type=ATG;rbs_motif=GGAG/GAGG;rbs_spacer=5-10bp;gc_cont=0.547
NZ_ABAO01000009.1:119015-120487|- -            491 9913at91347          -            518     0.011   12.1   0.1   2   2     0.002       1.4    5.3   0.0    81   158   286   361   254   385 0.84 NZ_ABAO01000009.1_99 # 119015 # 120487 # -1 # ID=105_99;partial=00;start_type=ATG;rbs_motif=GGAG/GAGG;rbs_spacer=5-10bp;gc_cont=0.547
#
# Program:         hmmsearch
# Version:         3.4 (Aug 2023)
# Pipeline mode:   SEARCH
# Query file:      /Users/dizzler/Projects/School/BIOL4600-Capstone/busco_downloads/lineages/enterobacterales_odb10/hmms/9913at91347.hmm
# Target file:     reports/busco-results/data/00-reads/GCF_000170255.1_ASM17025v1_genomic.fna/prodigal_output/predicted_genes/predicted.faa
# Option settings: hmmsearch --domtblout reports/busco-results/data/00-reads/GCF_000170255.1_ASM17025v1_genomic.fna/run_enterobacterales_odb10/hmmer_output/9913at91347.out --cpu 1 /Users/dizzler/Projects/School/BIOL4600-Capstone/busco_downloads/lineages/enterobacterales_odb10/hmms/9913at91347.hmm reports/busco-results/data/00-reads/GCF_000170255.1_ASM17025v1_genomic.fna/prodigal_output/predicted_genes/predicted.faa 
# Current dir:     /Users/dizzler/Projects/School/BIOL4600-Capstone
# Date:            Sat Feb 21 22:05:15 2026
# [ok]
