#                                                                                         --- full sequence --- -------------- this domain -------------   hmm coord   ali coord   env coord
# target name                     accession   tlen query name           accession   qlen   E-value  score  bias   #  of  c-Evalue  i-Evalue  score  bias  from    to  from    to  from    to  acc description of target
#             ------------------- ---------- ----- -------------------- ---------- ----- --------- ------ ----- --- --- --------- --------- ------ ----- ----- ----- ----- ----- ----- ----- ---- ---------------------
NZ_ABAO01000065.1:5470-7299|-     -            610 15960at91347         -            495  1.4e-257  853.4   1.1   1   1  3.6e-257  2.1e-254  842.9   1.1     1   495     1   609     1   609 0.88 NZ_ABAO01000065.1_6 # 5470 # 7299 # -1 # ID=49_6;partial=00;start_type=ATG;rbs_motif=AGGA;rbs_spacer=5-10bp;gc_cont=0.545
NZ_ABAO01000006.1:165748-166809|+ -            354 15960at91347         -            495   7.9e-16   56.0   0.1   1   1   1.7e-17     1e-14   52.4   0.1   208   482    36   337     7   340 0.73 NZ_ABAO01000006.1_146 # 165748 # 166809 # 1 # ID=108_146;partial=00;start_type=ATG;rbs_motif=GGAG/GAGG;rbs_spacer=5-10bp;gc_cont=0.530
NZ_ABAO01000003.1:132266-133327|- -            354 15960at91347         -            495   4.7e-13   46.9   0.0   1   1   1.1e-14   6.4e-12   43.1   0.0   211   480    37   333    30   341 0.74 NZ_ABAO01000003.1_125 # 132266 # 133327 # -1 # ID=111_125;partial=00;start_type=ATG;rbs_motif=GGAG/GAGG;rbs_spacer=5-10bp;gc_cont=0.578
NZ_ABAO01000003.1:131213-132199|- -            329 15960at91347         -            495   1.7e-09   35.1   0.0   1   1   5.4e-11   3.2e-08   31.0   0.0   209   480    19   315     5   326 0.73 NZ_ABAO01000003.1_124 # 131213 # 132199 # -1 # ID=111_124;partial=00;start_type=ATG;rbs_motif=AGGAG;rbs_spacer=5-10bp;gc_cont=0.526
NZ_ABAO01000020.1:17251-18768|-   -            506 15960at91347         -            495   3.1e-09   34.3   1.4   1   3     3e-10   1.8e-07   28.5   0.5     1    89     1   111     1   124 0.78 NZ_ABAO01000020.1_18 # 17251 # 18768 # -1 # ID=94_18;partial=00;start_type=ATG;rbs_motif=GGAG/GAGG;rbs_spacer=5-10bp;gc_cont=0.536
NZ_ABAO01000020.1:17251-18768|-   -            506 15960at91347         -            495   3.1e-09   34.3   1.4   2   3     0.067        39    1.0   0.0   101   155   156   222   135   242 0.70 NZ_ABAO01000020.1_18 # 17251 # 18768 # -1 # ID=94_18;partial=00;start_type=ATG;rbs_motif=GGAG/GAGG;rbs_spacer=5-10bp;gc_cont=0.536
NZ_ABAO01000020.1:17251-18768|-   -            506 15960at91347         -            495   3.1e-09   34.3   1.4   3   3      0.55   3.2e+02   -2.0   0.0    85   120   404   440   402   455 0.71 NZ_ABAO01000020.1_18 # 17251 # 18768 # -1 # ID=94_18;partial=00;start_type=ATG;rbs_motif=GGAG/GAGG;rbs_spacer=5-10bp;gc_cont=0.536
NZ_ABAO01000004.3:131107-132084|- -            326 15960at91347         -            495   1.6e-08   31.9   0.0   1   1   6.7e-11   3.9e-08   30.6   0.0   210   413    20   243     2   263 0.77 NZ_ABAO01000004.3_113 # 131107 # 132084 # -1 # ID=110_113;partial=00;start_type=ATG;rbs_motif=GGAG/GAGG;rbs_spacer=5-10bp;gc_cont=0.505
NZ_ABAO01000006.1:166827-167837|+ -            337 15960at91347         -            495   2.7e-07   27.9   0.0   1   1   1.6e-09   9.2e-07   26.1   0.0   219   419    43   259    36   287 0.75 NZ_ABAO01000006.1_147 # 166827 # 167837 # 1 # ID=108_147;partial=00;start_type=ATG;rbs_motif=AGGAG;rbs_spacer=5-10bp;gc_cont=0.505
NZ_ABAO01000016.3:45328-46221|-   -            298 15960at91347         -            495    0.0019   15.2   0.0   1   1   4.3e-06    0.0025   14.8   0.0   254   332   131   210   126   248 0.81 NZ_ABAO01000016.3_41 # 45328 # 46221 # -1 # ID=98_41;partial=00;start_type=ATG;rbs_motif=GGAG/GAGG;rbs_spacer=5-10bp;gc_cont=0.569
#
# Program:         hmmsearch
# Version:         3.4 (Aug 2023)
# Pipeline mode:   SEARCH
# Query file:      /Users/dizzler/Projects/School/BIOL4600-Capstone/busco_downloads/lineages/enterobacterales_odb10/hmms/15960at91347.hmm
# Target file:     reports/busco-results/GCF_000170255.1_ASM17025v1_genomic.fna/prodigal_output/predicted_genes/predicted.faa
# Option settings: hmmsearch --domtblout reports/busco-results/GCF_000170255.1_ASM17025v1_genomic.fna/run_enterobacterales_odb10/hmmer_output/15960at91347.out --cpu 1 /Users/dizzler/Projects/School/BIOL4600-Capstone/busco_downloads/lineages/enterobacterales_odb10/hmms/15960at91347.hmm reports/busco-results/GCF_000170255.1_ASM17025v1_genomic.fna/prodigal_output/predicted_genes/predicted.faa 
# Current dir:     /Users/dizzler/Projects/School/BIOL4600-Capstone
# Date:            Sat Feb 21 23:25:09 2026
# [ok]
