#                                                                                         --- full sequence --- -------------- this domain -------------   hmm coord   ali coord   env coord
# target name                     accession   tlen query name           accession   qlen   E-value  score  bias   #  of  c-Evalue  i-Evalue  score  bias  from    to  from    to  from    to  acc description of target
#             ------------------- ---------- ----- -------------------- ---------- ----- --------- ------ ----- --- --- --------- --------- ------ ----- ----- ----- ----- ----- ----- ----- ---- ---------------------
NZ_ABAO01000003.1:207954-210536|- -            861 1674at91347          -            714         0 1214.0   4.2   1   2         0         0 1200.7   1.4     1   695     1   813     1   818 0.90 NZ_ABAO01000003.1_200 # 207954 # 210536 # -1 # ID=111_200;partial=00;start_type=ATG;rbs_motif=AGGA/GGAG/GAGG;rbs_spacer=11-12bp;gc_cont=0.558
NZ_ABAO01000003.1:207954-210536|- -            861 1674at91347          -            714         0 1214.0   4.2   2   2   0.00054      0.51    6.3   0.1   697   714   842   859   829   859 0.85 NZ_ABAO01000003.1_200 # 207954 # 210536 # -1 # ID=111_200;partial=00;start_type=ATG;rbs_motif=AGGA/GGAG/GAGG;rbs_spacer=11-12bp;gc_cont=0.558
NZ_ABAO01000006.1:85486-88341|-   -            952 1674at91347          -            714   8.9e-41  137.7  10.4   1   5   2.8e-29   2.6e-26   89.9   0.6     1   172     1   190     1   202 0.80 NZ_ABAO01000006.1_81 # 85486 # 88341 # -1 # ID=108_81;partial=00;start_type=ATG;rbs_motif=GGA/GAG/AGG;rbs_spacer=3-4bp;gc_cont=0.570
NZ_ABAO01000006.1:85486-88341|-   -            952 1674at91347          -            714   8.9e-41  137.7  10.4   2   5   6.2e-06    0.0058   12.7   0.0   232   335   216   312   209   333 0.83 NZ_ABAO01000006.1_81 # 85486 # 88341 # -1 # ID=108_81;partial=00;start_type=ATG;rbs_motif=GGA/GAG/AGG;rbs_spacer=3-4bp;gc_cont=0.570
NZ_ABAO01000006.1:85486-88341|-   -            952 1674at91347          -            714   8.9e-41  137.7  10.4   3   5   1.4e-08   1.3e-05   21.5   0.9   353   423   419   485   397   526 0.82 NZ_ABAO01000006.1_81 # 85486 # 88341 # -1 # ID=108_81;partial=00;start_type=ATG;rbs_motif=GGA/GAG/AGG;rbs_spacer=3-4bp;gc_cont=0.570
NZ_ABAO01000006.1:85486-88341|-   -            952 1674at91347          -            714   8.9e-41  137.7  10.4   4   5    0.0022       2.1    4.3   0.1   532   549   553   570   528   573 0.89 NZ_ABAO01000006.1_81 # 85486 # 88341 # -1 # ID=108_81;partial=00;start_type=ATG;rbs_motif=GGA/GAG/AGG;rbs_spacer=3-4bp;gc_cont=0.570
NZ_ABAO01000006.1:85486-88341|-   -            952 1674at91347          -            714   8.9e-41  137.7  10.4   5   5   3.3e-05     0.031   10.4   0.0   548   590   606   648   582   659 0.89 NZ_ABAO01000006.1_81 # 85486 # 88341 # -1 # ID=108_81;partial=00;start_type=ATG;rbs_motif=GGA/GAG/AGG;rbs_spacer=3-4bp;gc_cont=0.570
NZ_ABAO01000001.3:100145-102979|+ -            945 1674at91347          -            714   2.3e-23   80.2   0.4   1   5   5.4e-10   5.1e-07   26.2   0.0    15   170    30   200    23   225 0.77 NZ_ABAO01000001.3_90 # 100145 # 102979 # 1 # ID=113_90;partial=00;start_type=ATG;rbs_motif=GGA/GAG/AGG;rbs_spacer=5-10bp;gc_cont=0.548
NZ_ABAO01000001.3:100145-102979|+ -            945 1674at91347          -            714   2.3e-23   80.2   0.4   2   5    0.0056       5.3    3.0   0.0   275   321   307   354   291   375 0.85 NZ_ABAO01000001.3_90 # 100145 # 102979 # 1 # ID=113_90;partial=00;start_type=ATG;rbs_motif=GGA/GAG/AGG;rbs_spacer=5-10bp;gc_cont=0.548
NZ_ABAO01000001.3:100145-102979|+ -            945 1674at91347          -            714   2.3e-23   80.2   0.4   3   5   2.2e-05      0.02   10.9   0.2   170   210   401   443   372   449 0.75 NZ_ABAO01000001.3_90 # 100145 # 102979 # 1 # ID=113_90;partial=00;start_type=ATG;rbs_motif=GGA/GAG/AGG;rbs_spacer=5-10bp;gc_cont=0.548
NZ_ABAO01000001.3:100145-102979|+ -            945 1674at91347          -            714   2.3e-23   80.2   0.4   4   5   1.5e-07   0.00014   18.1   0.4   336   410   438   514   433   528 0.74 NZ_ABAO01000001.3_90 # 100145 # 102979 # 1 # ID=113_90;partial=00;start_type=ATG;rbs_motif=GGA/GAG/AGG;rbs_spacer=5-10bp;gc_cont=0.548
NZ_ABAO01000001.3:100145-102979|+ -            945 1674at91347          -            714   2.3e-23   80.2   0.4   5   5   1.1e-06     0.001   15.2   0.0   532   561   603   632   560   648 0.78 NZ_ABAO01000001.3_90 # 100145 # 102979 # 1 # ID=113_90;partial=00;start_type=ATG;rbs_motif=GGA/GAG/AGG;rbs_spacer=5-10bp;gc_cont=0.548
NZ_ABAO01000005.1:153525-155558|+ -            678 1674at91347          -            714   2.2e-12   43.9   0.1   1   3   3.2e-13     3e-10   36.9   0.0    32   180     6   151     2   157 0.85 NZ_ABAO01000005.1_141 # 153525 # 155558 # 1 # ID=109_141;partial=00;start_type=ATG;rbs_motif=AGxAG;rbs_spacer=11-12bp;gc_cont=0.548
NZ_ABAO01000005.1:153525-155558|+ -            678 1674at91347          -            714   2.2e-12   43.9   0.1   2   3      0.48   4.5e+02   -3.4   0.0   341   370   214   244   210   246 0.76 NZ_ABAO01000005.1_141 # 153525 # 155558 # 1 # ID=109_141;partial=00;start_type=ATG;rbs_motif=AGxAG;rbs_spacer=11-12bp;gc_cont=0.548
NZ_ABAO01000005.1:153525-155558|+ -            678 1674at91347          -            714   2.2e-12   43.9   0.1   3   3     0.002       1.9    4.4   0.0   532   560   332   360   319   456 0.83 NZ_ABAO01000005.1_141 # 153525 # 155558 # 1 # ID=109_141;partial=00;start_type=ATG;rbs_motif=AGxAG;rbs_spacer=11-12bp;gc_cont=0.548
NZ_ABAO01000003.1:98161-99546|+   -            462 1674at91347          -            714   2.1e-07   27.4   0.9   1   2   0.00044      0.42    6.6   0.2    47    70    36    59    19    65 0.91 NZ_ABAO01000003.1_92 # 98161 # 99546 # 1 # ID=111_92;partial=00;start_type=ATG;rbs_motif=GGA/GAG/AGG;rbs_spacer=5-10bp;gc_cont=0.549
NZ_ABAO01000003.1:98161-99546|+   -            462 1674at91347          -            714   2.1e-07   27.4   0.9   2   2   6.6e-08   6.2e-05   19.3   0.0   514   589   247   321   235   331 0.87 NZ_ABAO01000003.1_92 # 98161 # 99546 # 1 # ID=111_92;partial=00;start_type=ATG;rbs_motif=GGA/GAG/AGG;rbs_spacer=5-10bp;gc_cont=0.549
#
# Program:         hmmsearch
# Version:         3.4 (Aug 2023)
# Pipeline mode:   SEARCH
# Query file:      /Users/dizzler/Projects/School/BIOL4600-Capstone/busco_downloads/lineages/enterobacterales_odb10/hmms/1674at91347.hmm
# Target file:     reports/busco-results/GCF_000170255.1_ASM17025v1_genomic.fna/prodigal_output/predicted_genes/predicted.faa
# Option settings: hmmsearch --domtblout reports/busco-results/GCF_000170255.1_ASM17025v1_genomic.fna/run_enterobacterales_odb10/hmmer_output/1674at91347.out --cpu 1 /Users/dizzler/Projects/School/BIOL4600-Capstone/busco_downloads/lineages/enterobacterales_odb10/hmms/1674at91347.hmm reports/busco-results/GCF_000170255.1_ASM17025v1_genomic.fna/prodigal_output/predicted_genes/predicted.faa 
# Current dir:     /Users/dizzler/Projects/School/BIOL4600-Capstone
# Date:            Sat Feb 21 23:25:09 2026
# [ok]
