#                                                                                         --- full sequence --- -------------- this domain -------------   hmm coord   ali coord   env coord
# target name                     accession   tlen query name           accession   qlen   E-value  score  bias   #  of  c-Evalue  i-Evalue  score  bias  from    to  from    to  from    to  acc description of target
#             ------------------- ---------- ----- -------------------- ---------- ----- --------- ------ ----- --- --- --------- --------- ------ ----- ----- ----- ----- ----- ----- ----- ---- ---------------------
NZ_ABAO01000012.1:105989-107353|- -            455 26452at91347         -            382  6.6e-174  576.2  29.7   1   1  1.2e-172  1.6e-170  565.0  29.7     1   382     1   449     1   449 0.89 NZ_ABAO01000012.1_98 # 105989 # 107353 # -1 # ID=102_98;partial=00;start_type=ATG;rbs_motif=GGAG/GAGG;rbs_spacer=5-10bp;gc_cont=0.555
NZ_ABAO01000005.1:226269-227459|- -            397 26452at91347         -            382   4.5e-16   56.6  16.4   1   1   3.4e-18   4.5e-16   56.6  16.4    10   190     9   190     1   221 0.83 NZ_ABAO01000005.1_207 # 226269 # 227459 # -1 # ID=109_207;partial=00;start_type=GTG;rbs_motif=AGGAG;rbs_spacer=5-10bp;gc_cont=0.537
NZ_ABAO01000036.1:3824-5029|-     -            402 26452at91347         -            382   2.7e-15   54.1   3.3   1   2     2e-17   2.7e-15   54.1   3.3    22   191    17   187     1   221 0.87 NZ_ABAO01000036.1_4 # 3824 # 5029 # -1 # ID=78_4;partial=00;start_type=ATG;rbs_motif=GGA/GAG/AGG;rbs_spacer=5-10bp;gc_cont=0.550
NZ_ABAO01000036.1:3824-5029|-     -            402 26452at91347         -            382   2.7e-15   54.1   3.3   2   2       1.4   1.9e+02   -1.4   0.4   203   224   339   360   291   379 0.56 NZ_ABAO01000036.1_4 # 3824 # 5029 # -1 # ID=78_4;partial=00;start_type=ATG;rbs_motif=GGA/GAG/AGG;rbs_spacer=5-10bp;gc_cont=0.550
NZ_ABAO01000069.1:2799-3986|+     -            396 26452at91347         -            382     1e-13   48.9  11.1   1   2   7.6e-16     1e-13   48.9  11.1    26   219    18   224     3   302 0.78 NZ_ABAO01000069.1_3 # 2799 # 3986 # 1 # ID=45_3;partial=00;start_type=ATG;rbs_motif=GGAG/GAGG;rbs_spacer=5-10bp;gc_cont=0.554
NZ_ABAO01000069.1:2799-3986|+     -            396 26452at91347         -            382     1e-13   48.9  11.1   2   2      0.42        57    0.4   0.5   159   190   349   383   331   390 0.64 NZ_ABAO01000069.1_3 # 2799 # 3986 # 1 # ID=45_3;partial=00;start_type=ATG;rbs_motif=GGAG/GAGG;rbs_spacer=5-10bp;gc_cont=0.554
NZ_ABAO01000013.1:65576-66760|+   -            395 26452at91347         -            382   1.4e-13   48.5   4.5   1   2     1e-15   1.4e-13   48.5   4.5    14   174    11   172     1   189 0.78 NZ_ABAO01000013.1_59 # 65576 # 66760 # 1 # ID=101_59;partial=00;start_type=ATG;rbs_motif=None;rbs_spacer=None;gc_cont=0.584
NZ_ABAO01000013.1:65576-66760|+   -            395 26452at91347         -            382   1.4e-13   48.5   4.5   2   2       8.6   1.2e+03   -4.0   0.3   316   336   231   246   221   255 0.46 NZ_ABAO01000013.1_59 # 65576 # 66760 # 1 # ID=101_59;partial=00;start_type=ATG;rbs_motif=None;rbs_spacer=None;gc_cont=0.584
NZ_ABAO01000006.1:140515-141555|- -            347 26452at91347         -            382     4e-13   46.9  11.7   1   1   6.1e-15   8.1e-13   45.9  11.7    52   201    56   207    46   212 0.91 NZ_ABAO01000006.1_125 # 140515 # 141555 # -1 # ID=108_125;partial=00;start_type=ATG;rbs_motif=GGAG/GAGG;rbs_spacer=5-10bp;gc_cont=0.569
NZ_ABAO01000003.1:80108-81355|+   -            416 26452at91347         -            382   2.5e-12   44.3  28.6   1   2   6.6e-14   8.9e-12   42.5  14.2    29   184    32   192     8   209 0.81 NZ_ABAO01000003.1_76 # 80108 # 81355 # 1 # ID=111_76;partial=00;start_type=ATG;rbs_motif=GGA/GAG/AGG;rbs_spacer=5-10bp;gc_cont=0.461
NZ_ABAO01000003.1:80108-81355|+   -            416 26452at91347         -            382   2.5e-12   44.3  28.6   2   2    0.0024      0.33    7.7   6.5    17   190   228   407   214   414 0.71 NZ_ABAO01000003.1_76 # 80108 # 81355 # 1 # ID=111_76;partial=00;start_type=ATG;rbs_motif=GGA/GAG/AGG;rbs_spacer=5-10bp;gc_cont=0.461
NZ_ABAO01000040.1:14031-15284|-   -            418 26452at91347         -            382   1.6e-11   41.7  18.1   1   2   1.1e-10   1.5e-08   31.9   8.3    30   205    58   231    34   261 0.80 NZ_ABAO01000040.1_14 # 14031 # 15284 # -1 # ID=74_14;partial=00;start_type=GTG;rbs_motif=AGGA;rbs_spacer=5-10bp;gc_cont=0.551
NZ_ABAO01000040.1:14031-15284|-   -            418 26452at91347         -            382   1.6e-11   41.7  18.1   2   2   1.3e-05    0.0018   15.2   2.2   259   328   317   385   294   399 0.86 NZ_ABAO01000040.1_14 # 14031 # 15284 # -1 # ID=74_14;partial=00;start_type=GTG;rbs_motif=AGGA;rbs_spacer=5-10bp;gc_cont=0.551
NZ_ABAO01000032.3:26251-27459|-   -            403 26452at91347         -            382   1.9e-10   38.2  16.9   1   1   1.4e-11   1.9e-09   34.8  16.9    22   330    21   359    12   368 0.72 NZ_ABAO01000032.3_32 # 26251 # 27459 # -1 # ID=82_32;partial=00;start_type=ATG;rbs_motif=GGAGG;rbs_spacer=3-4bp;gc_cont=0.562
NZ_ABAO01000011.3:74420-75652|+   -            411 26452at91347         -            382   3.3e-10   37.4   3.9   1   2   2.4e-12   3.3e-10   37.4   3.9    60   200    65   207    48   255 0.83 NZ_ABAO01000011.3_71 # 74420 # 75652 # 1 # ID=103_71;partial=00;start_type=ATG;rbs_motif=GGA/GAG/AGG;rbs_spacer=5-10bp;gc_cont=0.554
NZ_ABAO01000011.3:74420-75652|+   -            411 26452at91347         -            382   3.3e-10   37.4   3.9   2   2       1.2   1.6e+02   -1.1   0.6    87    98   295   306   257   397 0.68 NZ_ABAO01000011.3_71 # 74420 # 75652 # 1 # ID=103_71;partial=00;start_type=ATG;rbs_motif=GGA/GAG/AGG;rbs_spacer=5-10bp;gc_cont=0.554
NZ_ABAO01000018.3:31219-32460|-   -            414 26452at91347         -            382   6.5e-10   36.4  12.0   1   2   4.8e-12   6.5e-10   36.4  12.0    16   211    25   221    12   249 0.72 NZ_ABAO01000018.3_35 # 31219 # 32460 # -1 # ID=96_35;partial=00;start_type=ATG;rbs_motif=GGA/GAG/AGG;rbs_spacer=5-10bp;gc_cont=0.494
NZ_ABAO01000018.3:31219-32460|-   -            414 26452at91347         -            382   6.5e-10   36.4  12.0   2   2       1.7   2.3e+02   -1.7  11.8   232   363   273   411   270   413 0.62 NZ_ABAO01000018.3_35 # 31219 # 32460 # -1 # ID=96_35;partial=00;start_type=ATG;rbs_motif=GGA/GAG/AGG;rbs_spacer=5-10bp;gc_cont=0.494
NZ_ABAO01000061.1:12081-13361|+   -            427 26452at91347         -            382   1.5e-09   35.1   0.8   1   3   1.2e-11   1.5e-09   35.1   0.8    67   193    73   200    69   252 0.80 NZ_ABAO01000061.1_10 # 12081 # 13361 # 1 # ID=53_10;partial=00;start_type=GTG;rbs_motif=GGA/GAG/AGG;rbs_spacer=5-10bp;gc_cont=0.453
NZ_ABAO01000061.1:12081-13361|+   -            427 26452at91347         -            382   1.5e-09   35.1   0.8   2   3      0.03         4    4.2   0.1    64    89   283   308   270   337 0.86 NZ_ABAO01000061.1_10 # 12081 # 13361 # 1 # ID=53_10;partial=00;start_type=GTG;rbs_motif=GGA/GAG/AGG;rbs_spacer=5-10bp;gc_cont=0.453
NZ_ABAO01000061.1:12081-13361|+   -            427 26452at91347         -            382   1.5e-09   35.1   0.8   3   3       2.6   3.5e+02   -2.2   0.1   145   183   390   407   371   419 0.49 NZ_ABAO01000061.1_10 # 12081 # 13361 # 1 # ID=53_10;partial=00;start_type=GTG;rbs_motif=GGA/GAG/AGG;rbs_spacer=5-10bp;gc_cont=0.453
NZ_ABAO01000005.1:125511-126923|+ -            471 26452at91347         -            382     2e-09   34.8  10.8   1   1   1.5e-11     2e-09   34.8  10.8    49   211    47   211     7   216 0.83 NZ_ABAO01000005.1_117 # 125511 # 126923 # 1 # ID=109_117;partial=00;start_type=ATG;rbs_motif=AGxAG;rbs_spacer=3-4bp;gc_cont=0.545
NZ_ABAO01000004.3:51668-53002|+   -            445 26452at91347         -            382   2.4e-09   34.5   1.4   1   2   1.8e-11   2.4e-09   34.5   1.4    46   185    52   193    45   206 0.89 NZ_ABAO01000004.3_43 # 51668 # 53002 # 1 # ID=110_43;partial=00;start_type=ATG;rbs_motif=GGA/GAG/AGG;rbs_spacer=5-10bp;gc_cont=0.541
NZ_ABAO01000004.3:51668-53002|+   -            445 26452at91347         -            382   2.4e-09   34.5   1.4   2   2       1.2   1.7e+02   -1.2   0.6   318   354   374   410   363   416 0.81 NZ_ABAO01000004.3_43 # 51668 # 53002 # 1 # ID=110_43;partial=00;start_type=ATG;rbs_motif=GGA/GAG/AGG;rbs_spacer=5-10bp;gc_cont=0.541
NZ_ABAO01000002.1:206483-207877|- -            465 26452at91347         -            382   2.9e-09   34.2  24.1   1   2   7.5e-08     1e-05   22.6   6.3    65   160    70   167    58   197 0.73 NZ_ABAO01000002.1_200 # 206483 # 207877 # -1 # ID=112_200;partial=00;start_type=ATG;rbs_motif=GGAGG;rbs_spacer=5-10bp;gc_cont=0.551
NZ_ABAO01000002.1:206483-207877|- -            465 26452at91347         -            382   2.9e-09   34.2  24.1   2   2   1.5e-05     0.002   15.0   9.8    55   202   295   453   249   456 0.71 NZ_ABAO01000002.1_200 # 206483 # 207877 # -1 # ID=112_200;partial=00;start_type=ATG;rbs_motif=GGAGG;rbs_spacer=5-10bp;gc_cont=0.551
NZ_ABAO01000033.1:9511-10929|-    -            473 26452at91347         -            382   1.6e-08   31.8  21.2   1   2   9.2e-09   1.2e-06   25.6   6.3    61   184    73   198    35   220 0.87 NZ_ABAO01000033.1_9 # 9511 # 10929 # -1 # ID=81_9;partial=00;start_type=ATG;rbs_motif=GGA/GAG/AGG;rbs_spacer=5-10bp;gc_cont=0.527
NZ_ABAO01000033.1:9511-10929|-    -            473 26452at91347         -            382   1.6e-08   31.8  21.2   2   2   0.00023     0.031   11.1   5.4    69   201   316   462   290   467 0.69 NZ_ABAO01000033.1_9 # 9511 # 10929 # -1 # ID=81_9;partial=00;start_type=ATG;rbs_motif=GGA/GAG/AGG;rbs_spacer=5-10bp;gc_cont=0.527
NZ_ABAO01000032.3:16436-17650|-   -            405 26452at91347         -            382   4.8e-08   30.2  25.5   1   2   1.8e-07   2.4e-05   21.4   9.9    29   190    30   196    10   226 0.79 NZ_ABAO01000032.3_20 # 16436 # 17650 # -1 # ID=82_20;partial=00;start_type=ATG;rbs_motif=GGA/GAG/AGG;rbs_spacer=5-10bp;gc_cont=0.550
NZ_ABAO01000032.3:16436-17650|-   -            405 26452at91347         -            382   4.8e-08   30.2  25.5   2   2   3.3e-05    0.0044   13.9   8.9    12   174   218   385   209   393 0.74 NZ_ABAO01000032.3_20 # 16436 # 17650 # -1 # ID=82_20;partial=00;start_type=ATG;rbs_motif=GGA/GAG/AGG;rbs_spacer=5-10bp;gc_cont=0.550
NZ_ABAO01000051.1:22289-23716|-   -            476 26452at91347         -            382     7e-08   29.7  10.8   1   2   5.2e-10     7e-08   29.7  10.8    52   249    51   246     5   268 0.75 NZ_ABAO01000051.1_23 # 22289 # 23716 # -1 # ID=63_23;partial=00;start_type=ATG;rbs_motif=AGGA;rbs_spacer=5-10bp;gc_cont=0.520
NZ_ABAO01000051.1:22289-23716|-   -            476 26452at91347         -            382     7e-08   29.7  10.8   2   2       5.4   7.2e+02   -3.3   4.5    84   152   334   414   309   462 0.47 NZ_ABAO01000051.1_23 # 22289 # 23716 # -1 # ID=63_23;partial=00;start_type=ATG;rbs_motif=AGGA;rbs_spacer=5-10bp;gc_cont=0.520
NZ_ABAO01000012.1:53231-54442|+   -            404 26452at91347         -            382   1.1e-07   29.1  12.1   1   2   7.9e-10   1.1e-07   29.1  12.1    27   187    22   187     7   205 0.84 NZ_ABAO01000012.1_44 # 53231 # 54442 # 1 # ID=102_44;partial=00;start_type=ATG;rbs_motif=GGA/GAG/AGG;rbs_spacer=3-4bp;gc_cont=0.524
NZ_ABAO01000012.1:53231-54442|+   -            404 26452at91347         -            382   1.1e-07   29.1  12.1   2   2     0.053       7.1    3.3  11.2    30   178   231   384   211   399 0.73 NZ_ABAO01000012.1_44 # 53231 # 54442 # 1 # ID=102_44;partial=00;start_type=ATG;rbs_motif=GGA/GAG/AGG;rbs_spacer=3-4bp;gc_cont=0.524
NZ_ABAO01000020.1:27508-28686|-   -            393 26452at91347         -            382   1.8e-07   28.4  21.6   1   2   4.4e-05    0.0059   13.5   4.1    22   177    26   191     6   207 0.76 NZ_ABAO01000020.1_28 # 27508 # 28686 # -1 # ID=94_28;partial=00;start_type=ATG;rbs_motif=GGAG/GAGG;rbs_spacer=5-10bp;gc_cont=0.610
NZ_ABAO01000020.1:27508-28686|-   -            393 26452at91347         -            382   1.8e-07   28.4  21.6   2   2     4e-07   5.4e-05   20.2   8.0    47   183   249   387   232   389 0.79 NZ_ABAO01000020.1_28 # 27508 # 28686 # -1 # ID=94_28;partial=00;start_type=ATG;rbs_motif=GGAG/GAGG;rbs_spacer=5-10bp;gc_cont=0.610
NZ_ABAO01000018.3:66621-68108|-   -            496 26452at91347         -            382   7.5e-07   26.3  18.8   1   2   5.6e-09   7.5e-07   26.3  18.8    38   285    33   281    21   329 0.65 NZ_ABAO01000018.3_67 # 66621 # 68108 # -1 # ID=96_67;partial=00;start_type=ATG;rbs_motif=GGA/GAG/AGG;rbs_spacer=5-10bp;gc_cont=0.577
NZ_ABAO01000018.3:66621-68108|-   -            496 26452at91347         -            382   7.5e-07   26.3  18.8   2   2       2.2     3e+02   -2.0   0.0   279   329   360   412   349   419 0.72 NZ_ABAO01000018.3_67 # 66621 # 68108 # -1 # ID=96_67;partial=00;start_type=ATG;rbs_motif=GGA/GAG/AGG;rbs_spacer=5-10bp;gc_cont=0.577
NZ_ABAO01000014.1:92350-93534|+   -            395 26452at91347         -            382   1.9e-06   24.9  10.3   1   3   1.4e-08   1.9e-06   24.9  10.3    49   214    51   213     6   250 0.79 NZ_ABAO01000014.1_80 # 92350 # 93534 # 1 # ID=100_80;partial=00;start_type=ATG;rbs_motif=None;rbs_spacer=None;gc_cont=0.590
NZ_ABAO01000014.1:92350-93534|+   -            395 26452at91347         -            382   1.9e-06   24.9  10.3   2   3       1.6   2.2e+02   -1.6   0.6    54   106   254   307   244   327 0.67 NZ_ABAO01000014.1_80 # 92350 # 93534 # 1 # ID=100_80;partial=00;start_type=ATG;rbs_motif=None;rbs_spacer=None;gc_cont=0.590
NZ_ABAO01000014.1:92350-93534|+   -            395 26452at91347         -            382   1.9e-06   24.9  10.3   3   3         1   1.4e+02   -0.9   0.8   285   324   318   356   270   366 0.59 NZ_ABAO01000014.1_80 # 92350 # 93534 # 1 # ID=100_80;partial=00;start_type=ATG;rbs_motif=None;rbs_spacer=None;gc_cont=0.590
NZ_ABAO01000029.1:9677-11050|+    -            458 26452at91347         -            382   2.6e-06   24.5  12.2   1   2   1.9e-08   2.6e-06   24.5  12.2    53   194    57   200    15   223 0.76 NZ_ABAO01000029.1_13 # 9677 # 11050 # 1 # ID=85_13;partial=00;start_type=ATG;rbs_motif=None;rbs_spacer=None;gc_cont=0.551
NZ_ABAO01000029.1:9677-11050|+    -            458 26452at91347         -            382   2.6e-06   24.5  12.2   2   2       2.7   3.6e+02   -2.3   0.1   291   328   383   420   361   423 0.81 NZ_ABAO01000029.1_13 # 9677 # 11050 # 1 # ID=85_13;partial=00;start_type=ATG;rbs_motif=None;rbs_spacer=None;gc_cont=0.551
NZ_ABAO01000012.1:19523-20776|+   -            418 26452at91347         -            382   4.1e-06   23.9  17.5   1   2   2.2e-06   0.00029   17.8   8.9     8   220    10   227     5   243 0.79 NZ_ABAO01000012.1_18 # 19523 # 20776 # 1 # ID=102_18;partial=00;start_type=ATG;rbs_motif=AGGA;rbs_spacer=5-10bp;gc_cont=0.539
NZ_ABAO01000012.1:19523-20776|+   -            418 26452at91347         -            382   4.1e-06   23.9  17.5   2   2   0.00051     0.069   10.0   3.2    45    86   248   289   202   320 0.79 NZ_ABAO01000012.1_18 # 19523 # 20776 # 1 # ID=102_18;partial=00;start_type=ATG;rbs_motif=AGGA;rbs_spacer=5-10bp;gc_cont=0.539
NZ_ABAO01000059.1:2256-3431|+     -            392 26452at91347         -            382   5.3e-06   23.5  13.8   1   1   3.9e-08   5.3e-06   23.5  13.8    28   189    20   182     6   206 0.85 NZ_ABAO01000059.1_3 # 2256 # 3431 # 1 # ID=55_3;partial=00;start_type=ATG;rbs_motif=GGAG/GAGG;rbs_spacer=5-10bp;gc_cont=0.558
NZ_ABAO01000005.1:179184-180542|- -            453 26452at91347         -            382   5.5e-06   23.4   0.7   1   1   4.1e-08   5.5e-06   23.4   0.7    67   188    77   200    65   213 0.89 NZ_ABAO01000005.1_165 # 179184 # 180542 # -1 # ID=109_165;partial=00;start_type=ATG;rbs_motif=GGAG/GAGG;rbs_spacer=5-10bp;gc_cont=0.589
NZ_ABAO01000023.1:59004-60236|+   -            411 26452at91347         -            382   0.00019   18.4  27.6   1   1   7.2e-06   0.00096   16.1  27.6    65   337    67   375    36   406 0.71 NZ_ABAO01000023.1_61 # 59004 # 60236 # 1 # ID=91_61;partial=00;start_type=ATG;rbs_motif=GGA/GAG/AGG;rbs_spacer=5-10bp;gc_cont=0.429
NZ_ABAO01000018.3:8712-9902|-     -            397 26452at91347         -            382   0.00032   17.6  28.4   1   1   2.3e-05    0.0031   14.4  28.4    45   229    46   230    16   369 0.89 NZ_ABAO01000018.3_12 # 8712 # 9902 # -1 # ID=96_12;partial=00;start_type=ATG;rbs_motif=None;rbs_spacer=None;gc_cont=0.533
NZ_ABAO01000014.1:95877-97415|+   -            513 26452at91347         -            382   0.00037   17.4   3.7   1   2   2.8e-06   0.00037   17.4   3.7    53   214    55   220    43   223 0.71 NZ_ABAO01000014.1_83 # 95877 # 97415 # 1 # ID=100_83;partial=00;start_type=ATG;rbs_motif=GGAG/GAGG;rbs_spacer=5-10bp;gc_cont=0.569
NZ_ABAO01000014.1:95877-97415|+   -            513 26452at91347         -            382   0.00037   17.4   3.7   2   2       1.3   1.8e+02   -1.3   5.4   170   253   234   324   228   355 0.66 NZ_ABAO01000014.1_83 # 95877 # 97415 # 1 # ID=100_83;partial=00;start_type=ATG;rbs_motif=GGAG/GAGG;rbs_spacer=5-10bp;gc_cont=0.569
NZ_ABAO01000006.1:46457-47683|+   -            409 26452at91347         -            382   0.00053   16.9  22.0   1   2   0.00022     0.029   11.2   7.5    42   183    47   195    28   222 0.70 NZ_ABAO01000006.1_40 # 46457 # 47683 # 1 # ID=108_40;partial=00;start_type=ATG;rbs_motif=GGAG/GAGG;rbs_spacer=5-10bp;gc_cont=0.515
NZ_ABAO01000006.1:46457-47683|+   -            409 26452at91347         -            382   0.00053   16.9  22.0   2   2   0.00012     0.017   12.0   6.5    54   139   267   358   226   408 0.71 NZ_ABAO01000006.1_40 # 46457 # 47683 # 1 # ID=108_40;partial=00;start_type=ATG;rbs_motif=GGAG/GAGG;rbs_spacer=5-10bp;gc_cont=0.515
NZ_ABAO01000015.3:61382-62599|-   -            406 26452at91347         -            382   0.00071   16.5  14.2   1   2   5.3e-06   0.00071   16.5  14.2    11   191    17   200     8   232 0.79 NZ_ABAO01000015.3_58 # 61382 # 62599 # -1 # ID=99_58;partial=00;start_type=GTG;rbs_motif=GGA/GAG/AGG;rbs_spacer=5-10bp;gc_cont=0.498
NZ_ABAO01000015.3:61382-62599|-   -            406 26452at91347         -            382   0.00071   16.5  14.2   2   2     0.047       6.3    3.5  11.6    55   177   258   382   221   393 0.80 NZ_ABAO01000015.3_58 # 61382 # 62599 # -1 # ID=99_58;partial=00;start_type=GTG;rbs_motif=GGA/GAG/AGG;rbs_spacer=5-10bp;gc_cont=0.498
NZ_ABAO01000041.1:35174-36664|-   -            497 26452at91347         -            382    0.0069   13.2  16.5   1   2   1.1e-05    0.0015   15.5  10.8    66   338    74   349    66   369 0.74 NZ_ABAO01000041.1_37 # 35174 # 36664 # -1 # ID=73_37;partial=00;start_type=ATG;rbs_motif=GGAG/GAGG;rbs_spacer=5-10bp;gc_cont=0.553
NZ_ABAO01000041.1:35174-36664|-   -            497 26452at91347         -            382    0.0069   13.2  16.5   2   2      0.83   1.1e+02   -0.6   0.1   148   190   416   459   395   463 0.72 NZ_ABAO01000041.1_37 # 35174 # 36664 # -1 # ID=73_37;partial=00;start_type=ATG;rbs_motif=GGAG/GAGG;rbs_spacer=5-10bp;gc_cont=0.553
NZ_ABAO01000018.3:4224-5411|-     -            396 26452at91347         -            382     0.056   10.3  23.5   1   1    0.0011      0.15    8.9  22.7    13   188     9   185     1   372 0.84 NZ_ABAO01000018.3_6 # 4224 # 5411 # -1 # ID=96_6;partial=00;start_type=ATG;rbs_motif=GGA/GAG/AGG;rbs_spacer=5-10bp;gc_cont=0.521
NZ_ABAO01000006.1:39660-40826|-   -            389 26452at91347         -            382      0.06   10.2  12.0   1   3      0.17        23    1.7   5.4    20   113    20   121     5   126 0.69 NZ_ABAO01000006.1_36 # 39660 # 40826 # -1 # ID=108_36;partial=00;start_type=ATG;rbs_motif=AGGA;rbs_spacer=5-10bp;gc_cont=0.608
NZ_ABAO01000006.1:39660-40826|-   -            389 26452at91347         -            382      0.06   10.2  12.0   2   3    0.0092       1.2    5.8   0.3    49   114   247   312   230   316 0.93 NZ_ABAO01000006.1_36 # 39660 # 40826 # -1 # ID=108_36;partial=00;start_type=ATG;rbs_motif=AGGA;rbs_spacer=5-10bp;gc_cont=0.608
NZ_ABAO01000006.1:39660-40826|-   -            389 26452at91347         -            382      0.06   10.2  12.0   3   3     0.015         2    5.1   0.0   292   331   322   361   313   382 0.85 NZ_ABAO01000006.1_36 # 39660 # 40826 # -1 # ID=108_36;partial=00;start_type=ATG;rbs_motif=AGGA;rbs_spacer=5-10bp;gc_cont=0.608
NZ_ABAO01000021.1:30814-32022|-   -            403 26452at91347         -            382      0.15    8.8  24.9   1   2   9.4e-05     0.013   12.4  14.2    10   221     5   214     1   227 0.78 NZ_ABAO01000021.1_33 # 30814 # 32022 # -1 # ID=93_33;partial=00;start_type=ATG;rbs_motif=GGAGG;rbs_spacer=5-10bp;gc_cont=0.543
NZ_ABAO01000021.1:30814-32022|-   -            403 26452at91347         -            382      0.15    8.8  24.9   2   2       1.8   2.5e+02   -1.7   8.3    15   105   205   301   200   395 0.71 NZ_ABAO01000021.1_33 # 30814 # 32022 # -1 # ID=93_33;partial=00;start_type=ATG;rbs_motif=GGAGG;rbs_spacer=5-10bp;gc_cont=0.543
#
# Program:         hmmsearch
# Version:         3.4 (Aug 2023)
# Pipeline mode:   SEARCH
# Query file:      /Users/dizzler/Projects/School/BIOL4600-Capstone/databases/lineages/enterobacterales_odb10/hmms/26452at91347.hmm
# Target file:     /Users/dizzler/Projects/School/BIOL4600-Capstone/reports/busco-results/GCF_000170255.1_ASM17025v1_genomic.fna/prodigal_output/predicted_genes/predicted.faa
# Option settings: hmmsearch --domtblout /Users/dizzler/Projects/School/BIOL4600-Capstone/reports/busco-results/GCF_000170255.1_ASM17025v1_genomic.fna/run_enterobacterales_odb10/hmmer_output/26452at91347.out --cpu 1 /Users/dizzler/Projects/School/BIOL4600-Capstone/databases/lineages/enterobacterales_odb10/hmms/26452at91347.hmm /Users/dizzler/Projects/School/BIOL4600-Capstone/reports/busco-results/GCF_000170255.1_ASM17025v1_genomic.fna/prodigal_output/predicted_genes/predicted.faa 
# Current dir:     /Users/dizzler/Projects/School/BIOL4600-Capstone
# Date:            Wed Feb 25 22:54:36 2026
# [ok]
