#                                                                                         --- full sequence --- -------------- this domain -------------   hmm coord   ali coord   env coord
# target name                     accession   tlen query name           accession   qlen   E-value  score  bias   #  of  c-Evalue  i-Evalue  score  bias  from    to  from    to  from    to  acc description of target
#             ------------------- ---------- ----- -------------------- ---------- ----- --------- ------ ----- --- --- --------- --------- ------ ----- ----- ----- ----- ----- ----- ----- ---- ---------------------
NZ_ABAO01000074.1:3768-4832|-     -            355 31545at91347         -            292  7.6e-128  423.9   0.1   1   2  2.5e-127  1.7e-124  412.9   0.0    36   273     1   253     1   267 0.94 NZ_ABAO01000074.1_6 # 3768 # 4832 # -1 # ID=40_6;partial=01;start_type=Edge;rbs_motif=None;rbs_spacer=None;gc_cont=0.554
NZ_ABAO01000074.1:3768-4832|-     -            355 31545at91347         -            292  7.6e-128  423.9   0.1   2   2   0.00024      0.16    9.2   0.0   273   292   273   296   271   296 0.88 NZ_ABAO01000074.1_6 # 3768 # 4832 # -1 # ID=40_6;partial=01;start_type=Edge;rbs_motif=None;rbs_spacer=None;gc_cont=0.554
NZ_ABAO01000022.1:28858-29949|+   -            364 31545at91347         -            292     2e-14   51.6   0.4   1   2     1e-15   6.9e-13   46.5   0.3   151   240     5   111     3   139 0.72 NZ_ABAO01000022.1_25 # 28858 # 29949 # 1 # ID=92_25;partial=00;start_type=ATG;rbs_motif=GGA/GAG/AGG;rbs_spacer=5-10bp;gc_cont=0.527
NZ_ABAO01000022.1:28858-29949|+   -            364 31545at91347         -            292     2e-14   51.6   0.4   2   2      0.54   3.6e+02   -1.8   0.0   156   197   172   213   137   215 0.66 NZ_ABAO01000022.1_25 # 28858 # 29949 # 1 # ID=92_25;partial=00;start_type=ATG;rbs_motif=GGA/GAG/AGG;rbs_spacer=5-10bp;gc_cont=0.527
NZ_ABAO01000063.1:3127-4407|-     -            427 31545at91347         -            292   2.6e-14   51.2   0.0   1   1   6.7e-17   4.5e-14   50.5   0.0   141   273   193   323   167   327 0.78 NZ_ABAO01000063.1_6 # 3127 # 4407 # -1 # ID=51_6;partial=00;start_type=TTG;rbs_motif=GGAG/GAGG;rbs_spacer=5-10bp;gc_cont=0.541
NZ_ABAO01000009.1:119015-120487|- -            491 31545at91347         -            292   1.2e-13   49.0   0.0   1   2   6.1e-11   4.1e-08   30.9   0.0   151   271     5   122     1   132 0.85 NZ_ABAO01000009.1_99 # 119015 # 120487 # -1 # ID=105_99;partial=00;start_type=ATG;rbs_motif=GGAG/GAGG;rbs_spacer=5-10bp;gc_cont=0.547
NZ_ABAO01000009.1:119015-120487|- -            491 31545at91347         -            292   1.2e-13   49.0   0.0   2   2   2.1e-06    0.0014   16.0   0.0   151   238   205   297   198   327 0.80 NZ_ABAO01000009.1_99 # 119015 # 120487 # -1 # ID=105_99;partial=00;start_type=ATG;rbs_motif=GGAG/GAGG;rbs_spacer=5-10bp;gc_cont=0.547
NZ_ABAO01000004.3:22064-24382|+   -            773 31545at91347         -            292   4.1e-05   21.0   0.0   1   1   9.3e-08   6.3e-05   20.4   0.0   151   206     6    61     3   139 0.85 NZ_ABAO01000004.3_20 # 22064 # 24382 # 1 # ID=110_20;partial=00;start_type=ATG;rbs_motif=GGA/GAG/AGG;rbs_spacer=5-10bp;gc_cont=0.563
NZ_ABAO01000001.3:26017-27684|-   -            556 31545at91347         -            292   0.00098   16.5   0.1   1   2   0.00015       0.1    9.9   0.0   140   169    24    53    10    60 0.88 NZ_ABAO01000001.3_26 # 26017 # 27684 # -1 # ID=113_26;partial=00;start_type=GTG;rbs_motif=AGGA/GGAG/GAGG;rbs_spacer=11-12bp;gc_cont=0.579
NZ_ABAO01000001.3:26017-27684|-   -            556 31545at91347         -            292   0.00098   16.5   0.1   2   2     0.008       5.4    4.2   0.0   149   170   350   371   327   377 0.85 NZ_ABAO01000001.3_26 # 26017 # 27684 # -1 # ID=113_26;partial=00;start_type=GTG;rbs_motif=AGGA/GGAG/GAGG;rbs_spacer=11-12bp;gc_cont=0.579
NZ_ABAO01000016.3:52674-53579|-   -            302 31545at91347         -            292     0.011   13.1   0.2   1   2   3.3e-05     0.022   12.1   0.0   151   212    11    73     6   133 0.83 NZ_ABAO01000016.3_50 # 52674 # 53579 # -1 # ID=98_50;partial=00;start_type=ATG;rbs_motif=GGAG/GAGG;rbs_spacer=5-10bp;gc_cont=0.518
NZ_ABAO01000016.3:52674-53579|-   -            302 31545at91347         -            292     0.011   13.1   0.2   2   2       1.5     1e+03   -3.3   0.0    72   136   241   268   230   282 0.50 NZ_ABAO01000016.3_50 # 52674 # 53579 # -1 # ID=98_50;partial=00;start_type=ATG;rbs_motif=GGAG/GAGG;rbs_spacer=5-10bp;gc_cont=0.518
#
# Program:         hmmsearch
# Version:         3.4 (Aug 2023)
# Pipeline mode:   SEARCH
# Query file:      /Users/dizzler/Projects/School/BIOL4600-Capstone/busco_downloads/lineages/enterobacterales_odb10/hmms/31545at91347.hmm
# Target file:     reports/busco-results/GCF_000170255.1_ASM17025v1_genomic.fna/prodigal_output/predicted_genes/predicted.faa
# Option settings: hmmsearch --domtblout reports/busco-results/GCF_000170255.1_ASM17025v1_genomic.fna/run_enterobacterales_odb10/hmmer_output/31545at91347.out --cpu 1 /Users/dizzler/Projects/School/BIOL4600-Capstone/busco_downloads/lineages/enterobacterales_odb10/hmms/31545at91347.hmm reports/busco-results/GCF_000170255.1_ASM17025v1_genomic.fna/prodigal_output/predicted_genes/predicted.faa 
# Current dir:     /Users/dizzler/Projects/School/BIOL4600-Capstone
# Date:            Sat Feb 21 23:25:10 2026
# [ok]
