#                                                                                         --- full sequence --- -------------- this domain -------------   hmm coord   ali coord   env coord
# target name                     accession   tlen query name           accession   qlen   E-value  score  bias   #  of  c-Evalue  i-Evalue  score  bias  from    to  from    to  from    to  acc description of target
#             ------------------- ---------- ----- -------------------- ---------- ----- --------- ------ ----- --- --- --------- --------- ------ ----- ----- ----- ----- ----- ----- ----- ---- ---------------------
NZ_ABAO01000016.3:52674-53579|-   -            302 35495at91347         -            238  2.8e-100  332.6   0.1   1   1  2.4e-102   1.6e-99  330.1   0.1     1   238     7   300     7   300 0.88 NZ_ABAO01000016.3_50 # 52674 # 53579 # -1 # ID=98_50;partial=00;start_type=ATG;rbs_motif=GGAG/GAGG;rbs_spacer=5-10bp;gc_cont=0.518
NZ_ABAO01000009.1:119015-120487|- -            491 35495at91347         -            238   2.7e-22   77.3   0.0   1   2   3.6e-11   2.4e-08   31.6   0.0     4   105     4   122     1   125 0.76 NZ_ABAO01000009.1_99 # 119015 # 120487 # -1 # ID=105_99;partial=00;start_type=ATG;rbs_motif=GGAG/GAGG;rbs_spacer=5-10bp;gc_cont=0.547
NZ_ABAO01000009.1:119015-120487|- -            491 35495at91347         -            238   2.7e-22   77.3   0.0   2   2   2.4e-14   1.6e-11   42.0   0.2     5   105   205   325   203   328 0.76 NZ_ABAO01000009.1_99 # 119015 # 120487 # -1 # ID=105_99;partial=00;start_type=ATG;rbs_motif=GGAG/GAGG;rbs_spacer=5-10bp;gc_cont=0.547
NZ_ABAO01000063.1:3127-4407|-     -            427 35495at91347         -            238   6.2e-06   23.7   0.0   1   1   1.6e-08     1e-05   23.0   0.0     4   106   199   322   197   328 0.74 NZ_ABAO01000063.1_6 # 3127 # 4407 # -1 # ID=51_6;partial=00;start_type=TTG;rbs_motif=GGAG/GAGG;rbs_spacer=5-10bp;gc_cont=0.541
NZ_ABAO01000060.1:1015-1647|-     -            211 35495at91347         -            238   0.00022   18.6   0.0   1   1   5.8e-07   0.00039   17.8   0.0     2    57    25    82    24    94 0.87 NZ_ABAO01000060.1_2 # 1015 # 1647 # -1 # ID=54_2;partial=00;start_type=TTG;rbs_motif=GGAG/GAGG;rbs_spacer=5-10bp;gc_cont=0.521
NZ_ABAO01000002.1:10863-13541|+   -            893 35495at91347         -            238   0.00054   17.4   0.0   1   1   1.7e-06    0.0011   16.3   0.0     4   105   395   504   393   507 0.72 NZ_ABAO01000002.1_10 # 10863 # 13541 # 1 # ID=112_10;partial=00;start_type=ATG;rbs_motif=AGGA;rbs_spacer=5-10bp;gc_cont=0.554
NZ_ABAO01000022.1:28858-29949|+   -            364 35495at91347         -            238    0.0011   16.3   0.0   1   1   2.8e-06    0.0019   15.6   0.0     6    27     6    27     2    33 0.87 NZ_ABAO01000022.1_25 # 28858 # 29949 # 1 # ID=92_25;partial=00;start_type=ATG;rbs_motif=GGA/GAG/AGG;rbs_spacer=5-10bp;gc_cont=0.527
NZ_ABAO01000004.3:22064-24382|+   -            773 35495at91347         -            238     0.003   14.9   0.0   1   1   7.3e-06    0.0049   14.2   0.0     5    59     6    62     4   123 0.84 NZ_ABAO01000004.3_20 # 22064 # 24382 # 1 # ID=110_20;partial=00;start_type=ATG;rbs_motif=GGA/GAG/AGG;rbs_spacer=5-10bp;gc_cont=0.563
#
# Program:         hmmsearch
# Version:         3.4 (Aug 2023)
# Pipeline mode:   SEARCH
# Query file:      /Users/dizzler/Projects/School/BIOL4600-Capstone/databases/lineages/enterobacterales_odb10/hmms/35495at91347.hmm
# Target file:     /Users/dizzler/Projects/School/BIOL4600-Capstone/reports/busco-results/GCF_000170255.1_ASM17025v1_genomic.fna/prodigal_output/predicted_genes/predicted.faa
# Option settings: hmmsearch --domtblout /Users/dizzler/Projects/School/BIOL4600-Capstone/reports/busco-results/GCF_000170255.1_ASM17025v1_genomic.fna/run_enterobacterales_odb10/hmmer_output/35495at91347.out --cpu 1 /Users/dizzler/Projects/School/BIOL4600-Capstone/databases/lineages/enterobacterales_odb10/hmms/35495at91347.hmm /Users/dizzler/Projects/School/BIOL4600-Capstone/reports/busco-results/GCF_000170255.1_ASM17025v1_genomic.fna/prodigal_output/predicted_genes/predicted.faa 
# Current dir:     /Users/dizzler/Projects/School/BIOL4600-Capstone
# Date:            Wed Feb 25 22:54:36 2026
# [ok]
