#                                                                                       --- full sequence --- -------------- this domain -------------   hmm coord   ali coord   env coord
# target name                   accession   tlen query name           accession   qlen   E-value  score  bias   #  of  c-Evalue  i-Evalue  score  bias  from    to  from    to  from    to  acc description of target
#           ------------------- ---------- ----- -------------------- ---------- ----- --------- ------ ----- --- --- --------- --------- ------ ----- ----- ----- ----- ----- ----- ----- ---- ---------------------
NZ_ABAO01000025.1:46351-48186|- -            612 36271at91347         -            421  5.1e-150  498.0   0.0   1   4   1.2e-12   1.4e-09   35.3   0.0     3    51     7    59     5    61 0.92 NZ_ABAO01000025.1_41 # 46351 # 48186 # -1 # ID=89_41;partial=00;start_type=ATG;rbs_motif=AGGAGG;rbs_spacer=3-4bp;gc_cont=0.582
NZ_ABAO01000025.1:46351-48186|- -            612 36271at91347         -            421  5.1e-150  498.0   0.0   2   4   1.1e-72   1.2e-69  233.1   0.0    52   242    99   324    95   330 0.86 NZ_ABAO01000025.1_41 # 46351 # 48186 # -1 # ID=89_41;partial=00;start_type=ATG;rbs_motif=AGGAGG;rbs_spacer=3-4bp;gc_cont=0.582
NZ_ABAO01000025.1:46351-48186|- -            612 36271at91347         -            421  5.1e-150  498.0   0.0   3   4   2.1e-09   2.4e-06   24.6   0.0   237   273   343   380   335   397 0.84 NZ_ABAO01000025.1_41 # 46351 # 48186 # -1 # ID=89_41;partial=00;start_type=ATG;rbs_motif=AGGAGG;rbs_spacer=3-4bp;gc_cont=0.582
NZ_ABAO01000025.1:46351-48186|- -            612 36271at91347         -            421  5.1e-150  498.0   0.0   4   4   1.8e-62   2.1e-59  199.4   0.0   279   420   429   594   423   595 0.89 NZ_ABAO01000025.1_41 # 46351 # 48186 # -1 # ID=89_41;partial=00;start_type=ATG;rbs_motif=AGGAGG;rbs_spacer=3-4bp;gc_cont=0.582
NZ_ABAO01000030.1:14228-16390|+ -            721 36271at91347         -            421    0.0021   15.0   0.2   1   2   2.4e-05     0.028   11.3   0.0    80   147     8    79     2   132 0.69 NZ_ABAO01000030.1_18 # 14228 # 16390 # 1 # ID=84_18;partial=00;start_type=ATG;rbs_motif=GGxGG;rbs_spacer=5-10bp;gc_cont=0.578
NZ_ABAO01000030.1:14228-16390|+ -            721 36271at91347         -            421    0.0021   15.0   0.2   2   2     0.036        42    0.8   0.1   391   408   595   612   549   620 0.60 NZ_ABAO01000030.1_18 # 14228 # 16390 # 1 # ID=84_18;partial=00;start_type=ATG;rbs_motif=GGxGG;rbs_spacer=5-10bp;gc_cont=0.578
NZ_ABAO01000043.1:14445-16469|+ -            675 36271at91347         -            421    0.0025   14.7   0.4   1   2   3.9e-05     0.046   10.6   0.1    92   150    11    75     6    96 0.82 NZ_ABAO01000043.1_14 # 14445 # 16469 # 1 # ID=71_14;partial=00;start_type=ATG;rbs_motif=GGA/GAG/AGG;rbs_spacer=5-10bp;gc_cont=0.532
NZ_ABAO01000043.1:14445-16469|+ -            675 36271at91347         -            421    0.0025   14.7   0.4   2   2     0.021        24    1.6   0.0   391   407   592   608   546   614 0.58 NZ_ABAO01000043.1_14 # 14445 # 16469 # 1 # ID=71_14;partial=00;start_type=ATG;rbs_motif=GGA/GAG/AGG;rbs_spacer=5-10bp;gc_cont=0.532
NZ_ABAO01000040.1:19853-21001|- -            383 36271at91347         -            421     0.011   12.6   0.0   1   1   1.4e-05     0.016   12.1   0.0    97   189    33   129    20   133 0.83 NZ_ABAO01000040.1_19 # 19853 # 21001 # -1 # ID=74_19;partial=00;start_type=ATG;rbs_motif=GGA/GAG/AGG;rbs_spacer=5-10bp;gc_cont=0.529
#
# Program:         hmmsearch
# Version:         3.4 (Aug 2023)
# Pipeline mode:   SEARCH
# Query file:      /Users/dizzler/Projects/School/BIOL4600-Capstone/databases/lineages/enterobacterales_odb10/hmms/36271at91347.hmm
# Target file:     /Users/dizzler/Projects/School/BIOL4600-Capstone/reports/busco-results/GCF_000170255.1_ASM17025v1_genomic.fna/prodigal_output/predicted_genes/predicted.faa
# Option settings: hmmsearch --domtblout /Users/dizzler/Projects/School/BIOL4600-Capstone/reports/busco-results/GCF_000170255.1_ASM17025v1_genomic.fna/run_enterobacterales_odb10/hmmer_output/36271at91347.out --cpu 1 /Users/dizzler/Projects/School/BIOL4600-Capstone/databases/lineages/enterobacterales_odb10/hmms/36271at91347.hmm /Users/dizzler/Projects/School/BIOL4600-Capstone/reports/busco-results/GCF_000170255.1_ASM17025v1_genomic.fna/prodigal_output/predicted_genes/predicted.faa 
# Current dir:     /Users/dizzler/Projects/School/BIOL4600-Capstone
# Date:            Wed Feb 25 22:54:36 2026
# [ok]
