#                                                                                       --- full sequence --- -------------- this domain -------------   hmm coord   ali coord   env coord
# target name                   accession   tlen query name           accession   qlen   E-value  score  bias   #  of  c-Evalue  i-Evalue  score  bias  from    to  from    to  from    to  acc description of target
#           ------------------- ---------- ----- -------------------- ---------- ----- --------- ------ ----- --- --- --------- --------- ------ ----- ----- ----- ----- ----- ----- ----- ---- ---------------------
NZ_ABAO01000055.1:3304-4035|+   -            244 50332at91347         -            220  1.2e-112  372.7   0.0   1   1  1.7e-115  1.4e-112  372.5   0.0     1   220     1   242     1   242 0.95 NZ_ABAO01000055.1_4 # 3304 # 4035 # 1 # ID=59_4;partial=00;start_type=ATG;rbs_motif=GGA/GAG/AGG;rbs_spacer=5-10bp;gc_cont=0.575
NZ_ABAO01000050.3:16158-17195|- -            346 50332at91347         -            220   2.6e-21   74.0   0.0   1   1     4e-24   3.1e-21   73.8   0.0    77   219   198   342   110   343 0.89 NZ_ABAO01000050.3_17 # 16158 # 17195 # -1 # ID=64_17;partial=00;start_type=ATG;rbs_motif=GGAG/GAGG;rbs_spacer=5-10bp;gc_cont=0.569
NZ_ABAO01000013.1:2073-2762|+   -            230 50332at91347         -            220   2.5e-19   67.6   0.2   1   1   4.1e-22   3.2e-19   67.2   0.2    78   220    21   165    11   165 0.86 NZ_ABAO01000013.1_2 # 2073 # 2762 # 1 # ID=101_2;partial=00;start_type=ATG;rbs_motif=None;rbs_spacer=None;gc_cont=0.545
NZ_ABAO01000016.3:12334-13065|- -            244 50332at91347         -            220   4.4e-05   21.0   0.3   1   3      0.34   2.7e+02   -1.2   0.1    86   105    14    33     2    79 0.62 NZ_ABAO01000016.3_16 # 12334 # 13065 # -1 # ID=98_16;partial=00;start_type=ATG;rbs_motif=None;rbs_spacer=None;gc_cont=0.568
NZ_ABAO01000016.3:12334-13065|- -            244 50332at91347         -            220   4.4e-05   21.0   0.3   2   3     3e-07   0.00024   18.6   0.0   166   216   106   156    99   159 0.94 NZ_ABAO01000016.3_16 # 12334 # 13065 # -1 # ID=98_16;partial=00;start_type=ATG;rbs_motif=None;rbs_spacer=None;gc_cont=0.568
NZ_ABAO01000016.3:12334-13065|- -            244 50332at91347         -            220   4.4e-05   21.0   0.3   3   3      0.56   4.4e+02   -1.9   0.0    52    69   223   240   209   242 0.84 NZ_ABAO01000016.3_16 # 12334 # 13065 # -1 # ID=98_16;partial=00;start_type=ATG;rbs_motif=None;rbs_spacer=None;gc_cont=0.568
NZ_ABAO01000001.3:45580-46266|+ -            229 50332at91347         -            220   4.7e-05   20.9   0.0   1   1   1.6e-06    0.0013   16.2   0.0    87   214    13   153     2   157 0.67 NZ_ABAO01000001.3_45 # 45580 # 46266 # 1 # ID=113_45;partial=00;start_type=ATG;rbs_motif=GGA/GAG/AGG;rbs_spacer=5-10bp;gc_cont=0.527
NZ_ABAO01000037.1:11798-12271|+ -            158 50332at91347         -            220    0.0018   15.7   0.0   1   1   3.2e-06    0.0025   15.2   0.0   171   219    97   147    86   148 0.84 NZ_ABAO01000037.1_10 # 11798 # 12271 # 1 # ID=77_10;partial=00;start_type=ATG;rbs_motif=AGxAGG/AGGxGG;rbs_spacer=3-4bp;gc_cont=0.563
#
# Program:         hmmsearch
# Version:         3.4 (Aug 2023)
# Pipeline mode:   SEARCH
# Query file:      /Users/dizzler/Projects/School/BIOL4600-Capstone/busco_downloads/lineages/enterobacterales_odb10/hmms/50332at91347.hmm
# Target file:     reports/busco-results/GCF_000170255.1_ASM17025v1_genomic.fna/prodigal_output/predicted_genes/predicted.faa
# Option settings: hmmsearch --domtblout reports/busco-results/GCF_000170255.1_ASM17025v1_genomic.fna/run_enterobacterales_odb10/hmmer_output/50332at91347.out --cpu 1 /Users/dizzler/Projects/School/BIOL4600-Capstone/busco_downloads/lineages/enterobacterales_odb10/hmms/50332at91347.hmm reports/busco-results/GCF_000170255.1_ASM17025v1_genomic.fna/prodigal_output/predicted_genes/predicted.faa 
# Current dir:     /Users/dizzler/Projects/School/BIOL4600-Capstone
# Date:            Sat Feb 21 23:25:11 2026
# [ok]
