#                                                                                         --- full sequence --- -------------- this domain -------------   hmm coord   ali coord   env coord
# target name                     accession   tlen query name           accession   qlen   E-value  score  bias   #  of  c-Evalue  i-Evalue  score  bias  from    to  from    to  from    to  acc description of target
#             ------------------- ---------- ----- -------------------- ---------- ----- --------- ------ ----- --- --- --------- --------- ------ ----- ----- ----- ----- ----- ----- ----- ---- ---------------------
NZ_ABAO01000004.3:25816-26586|-   -            257 50585at91347         -            204   1.3e-85  284.4   0.0   1   1   2.1e-88   1.6e-85  284.0   0.0     6   203    14   242     4   243 0.87 NZ_ABAO01000004.3_23 # 25816 # 26586 # -1 # ID=110_23;partial=00;start_type=ATG;rbs_motif=GGA/GAG/AGG;rbs_spacer=11-12bp;gc_cont=0.568
NZ_ABAO01000015.3:91475-91828|-   -            118 50585at91347         -            204   6.7e-05   20.8   0.6   1   1   4.1e-07   0.00032   18.5   0.6     7    75    16   101    12   113 0.64 NZ_ABAO01000015.3_87 # 91475 # 91828 # -1 # ID=99_87;partial=00;start_type=ATG;rbs_motif=GGA/GAG/AGG;rbs_spacer=5-10bp;gc_cont=0.573
NZ_ABAO01000023.1:63310-64224|+   -            305 50585at91347         -            204   0.00053   17.8   0.0   1   1   1.2e-05    0.0092   13.8   0.0     8    87    40   143    36   155 0.64 NZ_ABAO01000023.1_65 # 63310 # 64224 # 1 # ID=91_65;partial=00;start_type=ATG;rbs_motif=GGAG/GAGG;rbs_spacer=5-10bp;gc_cont=0.515
NZ_ABAO01000019.1:18546-19316|-   -            257 50585at91347         -            204     0.002   15.9   0.0   1   1   4.6e-06    0.0036   15.1   0.0    32    88    62   117    60   133 0.85 NZ_ABAO01000019.1_17 # 18546 # 19316 # -1 # ID=95_17;partial=00;start_type=ATG;rbs_motif=None;rbs_spacer=None;gc_cont=0.562
NZ_ABAO01000002.1:219665-220555|+ -            297 50585at91347         -            204     0.022   12.5   0.0   1   1   0.00011     0.085   10.6   0.0     8    82    50   143    46   159 0.70 NZ_ABAO01000002.1_210 # 219665 # 220555 # 1 # ID=112_210;partial=00;start_type=ATG;rbs_motif=GGA/GAG/AGG;rbs_spacer=5-10bp;gc_cont=0.477
NZ_ABAO01000056.1:1537-2430|-     -            298 50585at91347         -            204     0.045   11.5   0.0   1   2   0.00012     0.093   10.5   0.0    55   115   104   164    90   193 0.82 NZ_ABAO01000056.1_2 # 1537 # 2430 # -1 # ID=58_2;partial=00;start_type=ATG;rbs_motif=GGA/GAG/AGG;rbs_spacer=11-12bp;gc_cont=0.509
NZ_ABAO01000056.1:1537-2430|-     -            298 50585at91347         -            204     0.045   11.5   0.0   2   2         3   2.3e+03   -3.9   0.0   165   190   238   263   235   276 0.68 NZ_ABAO01000056.1_2 # 1537 # 2430 # -1 # ID=58_2;partial=00;start_type=ATG;rbs_motif=GGA/GAG/AGG;rbs_spacer=11-12bp;gc_cont=0.509
#
# Program:         hmmsearch
# Version:         3.4 (Aug 2023)
# Pipeline mode:   SEARCH
# Query file:      /Users/dizzler/Projects/School/BIOL4600-Capstone/busco_downloads/lineages/enterobacterales_odb10/hmms/50585at91347.hmm
# Target file:     reports/busco-results/GCF_000170255.1_ASM17025v1_genomic.fna/prodigal_output/predicted_genes/predicted.faa
# Option settings: hmmsearch --domtblout reports/busco-results/GCF_000170255.1_ASM17025v1_genomic.fna/run_enterobacterales_odb10/hmmer_output/50585at91347.out --cpu 1 /Users/dizzler/Projects/School/BIOL4600-Capstone/busco_downloads/lineages/enterobacterales_odb10/hmms/50585at91347.hmm reports/busco-results/GCF_000170255.1_ASM17025v1_genomic.fna/prodigal_output/predicted_genes/predicted.faa 
# Current dir:     /Users/dizzler/Projects/School/BIOL4600-Capstone
# Date:            Sat Feb 21 23:25:11 2026
# [ok]
