#                                                                                         --- full sequence --- -------------- this domain -------------   hmm coord   ali coord   env coord
# target name                     accession   tlen query name           accession   qlen   E-value  score  bias   #  of  c-Evalue  i-Evalue  score  bias  from    to  from    to  from    to  acc description of target
#             ------------------- ---------- ----- -------------------- ---------- ----- --------- ------ ----- --- --- --------- --------- ------ ----- ----- ----- ----- ----- ----- ----- ---- ---------------------
NZ_ABAO01000035.1:816-2135|-      -            440 52475at91347         -            327  6.5e-162  536.4   0.2   1   3     7e-10   5.4e-07   27.2   0.0     1    42     1    44     1    67 0.78 NZ_ABAO01000035.1_2 # 816 # 2135 # -1 # ID=79_2;partial=00;start_type=GTG;rbs_motif=GGAG/GAGG;rbs_spacer=5-10bp;gc_cont=0.548
NZ_ABAO01000035.1:816-2135|-      -            440 52475at91347         -            327  6.5e-162  536.4   0.2   2   3   3.5e-18   2.7e-15   54.5   0.1    35    96    96   168    91   186 0.83 NZ_ABAO01000035.1_2 # 816 # 2135 # -1 # ID=79_2;partial=00;start_type=GTG;rbs_motif=GGAG/GAGG;rbs_spacer=5-10bp;gc_cont=0.548
NZ_ABAO01000035.1:816-2135|-      -            440 52475at91347         -            327  6.5e-162  536.4   0.2   3   3    5e-139  3.9e-136  451.7   0.0    90   327   189   430   168   430 0.95 NZ_ABAO01000035.1_2 # 816 # 2135 # -1 # ID=79_2;partial=00;start_type=GTG;rbs_motif=GGAG/GAGG;rbs_spacer=5-10bp;gc_cont=0.548
NZ_ABAO01000021.1:44084-45205|-   -            374 52475at91347         -            327   1.6e-20   71.7   0.2   1   1   3.6e-23   2.8e-20   70.9   0.2   213   307   274   368   271   372 0.94 NZ_ABAO01000021.1_47 # 44084 # 45205 # -1 # ID=93_47;partial=00;start_type=ATG;rbs_motif=GGxGG;rbs_spacer=3-4bp;gc_cont=0.518
NZ_ABAO01000033.1:30554-31312|-   -            253 52475at91347         -            327   2.1e-20   71.4   0.6   1   2       1.4   1.1e+03   -3.4   0.0    38    59    43    64    40    98 0.62 NZ_ABAO01000033.1_30 # 30554 # 31312 # -1 # ID=81_30;partial=00;start_type=ATG;rbs_motif=GGA/GAG/AGG;rbs_spacer=5-10bp;gc_cont=0.536
NZ_ABAO01000033.1:30554-31312|-   -            253 52475at91347         -            327   2.1e-20   71.4   0.6   2   2     4e-23   3.2e-20   70.8   0.2   213   307   147   241   136   248 0.92 NZ_ABAO01000033.1_30 # 30554 # 31312 # -1 # ID=81_30;partial=00;start_type=ATG;rbs_motif=GGA/GAG/AGG;rbs_spacer=5-10bp;gc_cont=0.536
NZ_ABAO01000037.1:21325-22608|+   -            428 52475at91347         -            327   7.4e-13   46.5   0.1   1   3      0.49   3.8e+02   -1.8   0.2    56    62    80    86    26   173 0.58 NZ_ABAO01000037.1_20 # 21325 # 22608 # 1 # ID=77_20;partial=00;start_type=ATG;rbs_motif=3Base/5BMM;rbs_spacer=13-15bp;gc_cont=0.591
NZ_ABAO01000037.1:21325-22608|+   -            428 52475at91347         -            327   7.4e-13   46.5   0.1   2   3      0.84   6.6e+02   -2.6   1.8    66   153   152   239   128   263 0.61 NZ_ABAO01000037.1_20 # 21325 # 22608 # 1 # ID=77_20;partial=00;start_type=ATG;rbs_motif=3Base/5BMM;rbs_spacer=13-15bp;gc_cont=0.591
NZ_ABAO01000037.1:21325-22608|+   -            428 52475at91347         -            327   7.4e-13   46.5   0.1   3   3   9.4e-16   7.4e-13   46.5   0.1   214   306   330   422   326   424 0.94 NZ_ABAO01000037.1_20 # 21325 # 22608 # 1 # ID=77_20;partial=00;start_type=ATG;rbs_motif=3Base/5BMM;rbs_spacer=13-15bp;gc_cont=0.591
NZ_ABAO01000010.1:25351-25836|-   -            162 52475at91347         -            327     0.044   11.1   2.2   1   1     7e-05     0.055   10.8   2.2    95   178    50   134    38   144 0.85 NZ_ABAO01000010.1_27 # 25351 # 25836 # -1 # ID=104_27;partial=00;start_type=ATG;rbs_motif=AGGA;rbs_spacer=5-10bp;gc_cont=0.500
NZ_ABAO01000004.3:138432-139331|+ -            300 52475at91347         -            327     0.058   10.7   0.0   1   1   0.00011     0.083   10.2   0.0    93   141    16    64     6    79 0.85 NZ_ABAO01000004.3_119 # 138432 # 139331 # 1 # ID=110_119;partial=00;start_type=ATG;rbs_motif=GGA/GAG/AGG;rbs_spacer=5-10bp;gc_cont=0.536
#
# Program:         hmmsearch
# Version:         3.4 (Aug 2023)
# Pipeline mode:   SEARCH
# Query file:      /Users/dizzler/Projects/School/BIOL4600-Capstone/busco_downloads/lineages/enterobacterales_odb10/hmms/52475at91347.hmm
# Target file:     reports/busco-results/GCF_000170255.1_ASM17025v1_genomic.fna/prodigal_output/predicted_genes/predicted.faa
# Option settings: hmmsearch --domtblout reports/busco-results/GCF_000170255.1_ASM17025v1_genomic.fna/run_enterobacterales_odb10/hmmer_output/52475at91347.out --cpu 1 /Users/dizzler/Projects/School/BIOL4600-Capstone/busco_downloads/lineages/enterobacterales_odb10/hmms/52475at91347.hmm reports/busco-results/GCF_000170255.1_ASM17025v1_genomic.fna/prodigal_output/predicted_genes/predicted.faa 
# Current dir:     /Users/dizzler/Projects/School/BIOL4600-Capstone
# Date:            Sat Feb 21 23:25:11 2026
# [ok]
