#                                                                                         --- full sequence --- -------------- this domain -------------   hmm coord   ali coord   env coord
# target name                     accession   tlen query name           accession   qlen   E-value  score  bias   #  of  c-Evalue  i-Evalue  score  bias  from    to  from    to  from    to  acc description of target
#             ------------------- ---------- ----- -------------------- ---------- ----- --------- ------ ----- --- --- --------- --------- ------ ----- ----- ----- ----- ----- ----- ----- ---- ---------------------
NZ_ABAO01000084.1:1984-2517|+     -            178 52476at91347         -            371   1.3e-81  272.4   0.0   1   1   2.7e-84   1.4e-81  272.3   0.0     1   160     5   177     5   178 0.94 NZ_ABAO01000084.1_2 # 1984 # 2517 # 1 # ID=30_2;partial=01;start_type=ATG;rbs_motif=GGA/GAG/AGG;rbs_spacer=5-10bp;gc_cont=0.597
NZ_ABAO01000009.1:119015-120487|- -            491 52476at91347         -            371   3.2e-36  123.0   0.2   1   2   3.2e-18   1.7e-15   54.9   0.0   187   273     5    92     2    98 0.94 NZ_ABAO01000009.1_99 # 119015 # 120487 # -1 # ID=105_99;partial=00;start_type=ATG;rbs_motif=GGAG/GAGG;rbs_spacer=5-10bp;gc_cont=0.547
NZ_ABAO01000009.1:119015-120487|- -            491 52476at91347         -            371   3.2e-36  123.0   0.2   2   2   1.5e-21     8e-19   65.8   0.2   185   273   203   295   199   300 0.94 NZ_ABAO01000009.1_99 # 119015 # 120487 # -1 # ID=105_99;partial=00;start_type=ATG;rbs_motif=GGAG/GAGG;rbs_spacer=5-10bp;gc_cont=0.547
NZ_ABAO01000016.3:52674-53579|-   -            302 52476at91347         -            371   2.7e-12   44.3   0.2   1   1   7.9e-15   4.1e-12   43.7   0.2   187   306    11   137     8   173 0.81 NZ_ABAO01000016.3_50 # 52674 # 53579 # -1 # ID=98_50;partial=00;start_type=ATG;rbs_motif=GGAG/GAGG;rbs_spacer=5-10bp;gc_cont=0.518
NZ_ABAO01000063.1:3127-4407|-     -            427 52476at91347         -            371   8.8e-06   22.9   0.3   1   2   6.8e-08   3.5e-05   20.9   0.1   176   281   189   295   172   305 0.79 NZ_ABAO01000063.1_6 # 3127 # 4407 # -1 # ID=51_6;partial=00;start_type=TTG;rbs_motif=GGAG/GAGG;rbs_spacer=5-10bp;gc_cont=0.541
NZ_ABAO01000063.1:3127-4407|-     -            427 52476at91347         -            371   8.8e-06   22.9   0.3   2   2     0.043        22    1.8   0.1   256   289   291   326   289   358 0.78 NZ_ABAO01000063.1_6 # 3127 # 4407 # -1 # ID=51_6;partial=00;start_type=TTG;rbs_motif=GGAG/GAGG;rbs_spacer=5-10bp;gc_cont=0.541
NZ_ABAO01000060.1:1015-1647|-     -            211 52476at91347         -            371   0.00014   18.9   0.0   1   2     7e-07   0.00037   17.5   0.0   184   219    26    62     3    77 0.77 NZ_ABAO01000060.1_2 # 1015 # 1647 # -1 # ID=54_2;partial=00;start_type=TTG;rbs_motif=GGAG/GAGG;rbs_spacer=5-10bp;gc_cont=0.521
NZ_ABAO01000060.1:1015-1647|-     -            211 52476at91347         -            371   0.00014   18.9   0.0   2   2      0.53   2.7e+02   -1.8   0.0   284   306   173   194   145   199 0.75 NZ_ABAO01000060.1_2 # 1015 # 1647 # -1 # ID=54_2;partial=00;start_type=TTG;rbs_motif=GGAG/GAGG;rbs_spacer=5-10bp;gc_cont=0.521
NZ_ABAO01000048.1:1655-2707|+     -            351 52476at91347         -            371    0.0066   13.4   0.1   1   1   2.8e-05     0.014   12.3   0.1   188   214   211   237   168   247 0.88 NZ_ABAO01000048.1_3 # 1655 # 2707 # 1 # ID=66_3;partial=00;start_type=TTG;rbs_motif=AGGAG;rbs_spacer=5-10bp;gc_cont=0.534
NZ_ABAO01000022.1:28858-29949|+   -            364 52476at91347         -            371     0.007   13.3   0.2   1   1   2.6e-05     0.013   12.4   0.2   184   207     2    25     1   142 0.82 NZ_ABAO01000022.1_25 # 28858 # 29949 # 1 # ID=92_25;partial=00;start_type=ATG;rbs_motif=GGA/GAG/AGG;rbs_spacer=5-10bp;gc_cont=0.527
NZ_ABAO01000072.1:1-702|+         -            234 52476at91347         -            371     0.012   12.5   0.3   1   2   3.8e-05      0.02   11.8   0.0   181   206    18    43    10    48 0.89 NZ_ABAO01000072.1_1 # 1 # 702 # 1 # ID=42_1;partial=10;start_type=Edge;rbs_motif=None;rbs_spacer=None;gc_cont=0.566
NZ_ABAO01000072.1:1-702|+         -            234 52476at91347         -            371     0.012   12.5   0.3   2   2       1.6   8.4e+02   -3.4   0.0   119   135   161   177   142   192 0.58 NZ_ABAO01000072.1_1 # 1 # 702 # 1 # ID=42_1;partial=10;start_type=Edge;rbs_motif=None;rbs_spacer=None;gc_cont=0.566
NZ_ABAO01000004.3:22064-24382|+   -            773 52476at91347         -            371     0.042   10.8   0.0   1   1   0.00011      0.06   10.3   0.0   186   241     5    59     1   101 0.75 NZ_ABAO01000004.3_20 # 22064 # 24382 # 1 # ID=110_20;partial=00;start_type=ATG;rbs_motif=GGA/GAG/AGG;rbs_spacer=5-10bp;gc_cont=0.563
#
# Program:         hmmsearch
# Version:         3.4 (Aug 2023)
# Pipeline mode:   SEARCH
# Query file:      /Users/dizzler/Projects/School/BIOL4600-Capstone/databases/lineages/enterobacterales_odb10/hmms/52476at91347.hmm
# Target file:     /Users/dizzler/Projects/School/BIOL4600-Capstone/reports/busco-results/GCF_000170255.1_ASM17025v1_genomic.fna/prodigal_output/predicted_genes/predicted.faa
# Option settings: hmmsearch --domtblout /Users/dizzler/Projects/School/BIOL4600-Capstone/reports/busco-results/GCF_000170255.1_ASM17025v1_genomic.fna/run_enterobacterales_odb10/hmmer_output/52476at91347.out --cpu 1 /Users/dizzler/Projects/School/BIOL4600-Capstone/databases/lineages/enterobacterales_odb10/hmms/52476at91347.hmm /Users/dizzler/Projects/School/BIOL4600-Capstone/reports/busco-results/GCF_000170255.1_ASM17025v1_genomic.fna/prodigal_output/predicted_genes/predicted.faa 
# Current dir:     /Users/dizzler/Projects/School/BIOL4600-Capstone
# Date:            Wed Feb 25 22:54:37 2026
# [ok]
