#                                                                                         --- full sequence --- -------------- this domain -------------   hmm coord   ali coord   env coord
# target name                     accession   tlen query name           accession   qlen   E-value  score  bias   #  of  c-Evalue  i-Evalue  score  bias  from    to  from    to  from    to  acc description of target
#             ------------------- ---------- ----- -------------------- ---------- ----- --------- ------ ----- --- --- --------- --------- ------ ----- ----- ----- ----- ----- ----- ----- ---- ---------------------
NZ_ABAO01000001.3:295571-296395|- -            275 60900at91347         -            223  8.8e-120  396.3   6.0   1   1  3.2e-121  2.2e-118  391.7   6.0    13   223    32   271     3   271 0.94 NZ_ABAO01000001.3_259 # 295571 # 296395 # -1 # ID=113_259;partial=00;start_type=ATG;rbs_motif=GGA/GAG/AGG;rbs_spacer=5-10bp;gc_cont=0.541
NZ_ABAO01000001.3:313277-314065|+ -            263 60900at91347         -            223    0.0011   16.6   1.3   1   2   1.6e-06    0.0011   16.6   1.3    64   164     8   107     2   116 0.86 NZ_ABAO01000001.3_274 # 313277 # 314065 # 1 # ID=113_274;partial=00;start_type=GTG;rbs_motif=GGAGG;rbs_spacer=5-10bp;gc_cont=0.535
NZ_ABAO01000001.3:313277-314065|+ -            263 60900at91347         -            223    0.0011   16.6   1.3   2   2      0.12        83    0.7   1.0   109   147   133   169   113   191 0.45 NZ_ABAO01000001.3_274 # 313277 # 314065 # 1 # ID=113_274;partial=00;start_type=GTG;rbs_motif=GGAGG;rbs_spacer=5-10bp;gc_cont=0.535
NZ_ABAO01000065.1:7488-8858|-     -            457 60900at91347         -            223    0.0011   16.5   4.8   1   2     0.094        63    1.0   0.3   134   161   277   303   264   322 0.70 NZ_ABAO01000065.1_7 # 7488 # 8858 # -1 # ID=49_7;partial=00;start_type=ATG;rbs_motif=AGGA;rbs_spacer=5-10bp;gc_cont=0.527
NZ_ABAO01000065.1:7488-8858|-     -            457 60900at91347         -            223    0.0011   16.5   4.8   2   2   1.9e-06    0.0013   16.4   0.6   103   169   365   429   312   444 0.80 NZ_ABAO01000065.1_7 # 7488 # 8858 # -1 # ID=49_7;partial=00;start_type=ATG;rbs_motif=AGGA;rbs_spacer=5-10bp;gc_cont=0.527
NZ_ABAO01000005.1:97535-98089|-   -            185 60900at91347         -            223     0.026   12.1   0.1   1   1   5.5e-05     0.037   11.6   0.1    73   163    51   153    40   166 0.79 NZ_ABAO01000005.1_96 # 97535 # 98089 # -1 # ID=109_96;partial=00;start_type=ATG;rbs_motif=GGAG/GAGG;rbs_spacer=5-10bp;gc_cont=0.505
NZ_ABAO01000037.1:16325-17146|-   -            274 60900at91347         -            223     0.027   12.1   0.7   1   1   6.3e-05     0.042   11.4   0.7    79   167   134   226   122   233 0.82 NZ_ABAO01000037.1_14 # 16325 # 17146 # -1 # ID=77_14;partial=00;start_type=ATG;rbs_motif=GGAG/GAGG;rbs_spacer=5-10bp;gc_cont=0.556
NZ_ABAO01000003.1:26427-26978|-   -            184 60900at91347         -            223     0.028   12.0   0.6   1   1   6.5e-05     0.044   11.4   0.6   110   167    95   162    85   167 0.79 NZ_ABAO01000003.1_25 # 26427 # 26978 # -1 # ID=111_25;partial=00;start_type=ATG;rbs_motif=GGAG/GAGG;rbs_spacer=5-10bp;gc_cont=0.491
NZ_ABAO01000001.3:311687-312712|+ -            342 60900at91347         -            223      0.73    7.4  19.5   1   2   0.00017      0.11   10.0   4.3    94   170   101   169    85   207 0.70 NZ_ABAO01000001.3_272 # 311687 # 312712 # 1 # ID=113_272;partial=00;start_type=ATG;rbs_motif=GGA/GAG/AGG;rbs_spacer=11-12bp;gc_cont=0.519
NZ_ABAO01000001.3:311687-312712|+ -            342 60900at91347         -            223      0.73    7.4  19.5   2   2     0.054        36    1.8   8.2    92   165   224   290   200   302 0.59 NZ_ABAO01000001.3_272 # 311687 # 312712 # 1 # ID=113_272;partial=00;start_type=ATG;rbs_motif=GGA/GAG/AGG;rbs_spacer=11-12bp;gc_cont=0.519
#
# Program:         hmmsearch
# Version:         3.4 (Aug 2023)
# Pipeline mode:   SEARCH
# Query file:      /Users/dizzler/Projects/School/BIOL4600-Capstone/databases/lineages/enterobacterales_odb10/hmms/60900at91347.hmm
# Target file:     /Users/dizzler/Projects/School/BIOL4600-Capstone/reports/busco-results/GCF_000170255.1_ASM17025v1_genomic.fna/prodigal_output/predicted_genes/predicted.faa
# Option settings: hmmsearch --domtblout /Users/dizzler/Projects/School/BIOL4600-Capstone/reports/busco-results/GCF_000170255.1_ASM17025v1_genomic.fna/run_enterobacterales_odb10/hmmer_output/60900at91347.out --cpu 1 /Users/dizzler/Projects/School/BIOL4600-Capstone/databases/lineages/enterobacterales_odb10/hmms/60900at91347.hmm /Users/dizzler/Projects/School/BIOL4600-Capstone/reports/busco-results/GCF_000170255.1_ASM17025v1_genomic.fna/prodigal_output/predicted_genes/predicted.faa 
# Current dir:     /Users/dizzler/Projects/School/BIOL4600-Capstone
# Date:            Wed Feb 25 22:54:37 2026
# [ok]
