#                                                                                       --- full sequence --- -------------- this domain -------------   hmm coord   ali coord   env coord
# target name                   accession   tlen query name           accession   qlen   E-value  score  bias   #  of  c-Evalue  i-Evalue  score  bias  from    to  from    to  from    to  acc description of target
#           ------------------- ---------- ----- -------------------- ---------- ----- --------- ------ ----- --- --- --------- --------- ------ ----- ----- ----- ----- ----- ----- ----- ---- ---------------------
NZ_ABAO01000022.1:19538-20371|- -            278 70738at91347         -            220   1.7e-88  293.7   0.0   1   1   5.5e-91   3.7e-88  292.6   0.0     6   220    18   274    13   274 0.91 NZ_ABAO01000022.1_16 # 19538 # 20371 # -1 # ID=92_16;partial=00;start_type=ATG;rbs_motif=AGxAGG/AGGxGG;rbs_spacer=3-4bp;gc_cont=0.586
NZ_ABAO01000020.1:38577-39509|- -            311 70738at91347         -            220   2.7e-22   77.2   0.0   1   1   6.5e-25   4.4e-22   76.6   0.0    36   184    75   244    58   248 0.82 NZ_ABAO01000020.1_41 # 38577 # 39509 # -1 # ID=94_41;partial=00;start_type=GTG;rbs_motif=GGAGG;rbs_spacer=5-10bp;gc_cont=0.533
NZ_ABAO01000001.3:2-1024|-      -            341 70738at91347         -            220     1e-07   29.6   0.0   1   1   2.6e-10   1.8e-07   28.8   0.0    87   153   200   273   195   287 0.77 NZ_ABAO01000001.3_1 # 2 # 1024 # -1 # ID=113_1;partial=10;start_type=ATG;rbs_motif=AGGAG;rbs_spacer=5-10bp;gc_cont=0.575
NZ_ABAO01000050.3:10780-11517|- -            246 70738at91347         -            220   1.2e-07   29.4   0.0   1   1   3.2e-10   2.1e-07   28.5   0.0    86   154    47   128    42   154 0.71 NZ_ABAO01000050.3_11 # 10780 # 11517 # -1 # ID=64_11;partial=00;start_type=ATG;rbs_motif=GGA/GAG/AGG;rbs_spacer=5-10bp;gc_cont=0.537
NZ_ABAO01000002.1:72592-73728|+ -            379 70738at91347         -            220     4e-05   21.1   0.0   1   1   1.3e-07   8.6e-05   20.0   0.0    87   165   232   320   228   326 0.73 NZ_ABAO01000002.1_71 # 72592 # 73728 # 1 # ID=112_71;partial=00;start_type=ATG;rbs_motif=AGGAGG;rbs_spacer=3-4bp;gc_cont=0.537
NZ_ABAO01000005.1:12303-12881|- -            193 70738at91347         -            220     0.022   12.1   0.0   1   1   4.6e-05     0.031   11.7   0.0    86   115    34    63    27    88 0.81 NZ_ABAO01000005.1_16 # 12303 # 12881 # -1 # ID=109_16;partial=00;start_type=ATG;rbs_motif=None;rbs_spacer=None;gc_cont=0.561
NZ_ABAO01000052.1:9600-10811|-  -            404 70738at91347         -            220     0.025   12.0   0.0   1   1   7.5e-05      0.05   11.0   0.0    77   183   221   330   218   337 0.70 NZ_ABAO01000052.1_11 # 9600 # 10811 # -1 # ID=62_11;partial=00;start_type=ATG;rbs_motif=GGAG/GAGG;rbs_spacer=5-10bp;gc_cont=0.543
#
# Program:         hmmsearch
# Version:         3.4 (Aug 2023)
# Pipeline mode:   SEARCH
# Query file:      /Users/dizzler/Projects/School/BIOL4600-Capstone/busco_downloads/lineages/enterobacterales_odb10/hmms/70738at91347.hmm
# Target file:     reports/busco-results/GCF_000170255.1_ASM17025v1_genomic.fna/prodigal_output/predicted_genes/predicted.faa
# Option settings: hmmsearch --domtblout reports/busco-results/GCF_000170255.1_ASM17025v1_genomic.fna/run_enterobacterales_odb10/hmmer_output/70738at91347.out --cpu 1 /Users/dizzler/Projects/School/BIOL4600-Capstone/busco_downloads/lineages/enterobacterales_odb10/hmms/70738at91347.hmm reports/busco-results/GCF_000170255.1_ASM17025v1_genomic.fna/prodigal_output/predicted_genes/predicted.faa 
# Current dir:     /Users/dizzler/Projects/School/BIOL4600-Capstone
# Date:            Sat Feb 21 23:25:11 2026
# [ok]
