#                                                                                       --- full sequence --- -------------- this domain -------------   hmm coord   ali coord   env coord
# target name                   accession   tlen query name           accession   qlen   E-value  score  bias   #  of  c-Evalue  i-Evalue  score  bias  from    to  from    to  from    to  acc description of target
#           ------------------- ---------- ----- -------------------- ---------- ----- --------- ------ ----- --- --- --------- --------- ------ ----- ----- ----- ----- ----- ----- ----- ---- ---------------------
NZ_ABAO01000064.1:909-1730|-    -            274 72088at91347         -            221   7.4e-98  324.2   0.2   1   2   4.1e-66   3.8e-63  210.7   0.3     1   143     4   161     4   172 0.92 NZ_ABAO01000064.1_3 # 909 # 1730 # -1 # ID=50_3;partial=00;start_type=ATG;rbs_motif=GGA/GAG/AGG;rbs_spacer=5-10bp;gc_cont=0.501
NZ_ABAO01000064.1:909-1730|-    -            274 72088at91347         -            221   7.4e-98  324.2   0.2   2   2   1.7e-35   1.6e-32  110.6   0.0   142   221   180   268   169   268 0.91 NZ_ABAO01000064.1_3 # 909 # 1730 # -1 # ID=50_3;partial=00;start_type=ATG;rbs_motif=GGA/GAG/AGG;rbs_spacer=5-10bp;gc_cont=0.501
NZ_ABAO01000038.1:25449-26315|- -            289 72088at91347         -            221   2.4e-24   83.9   0.4   1   2   2.9e-19   2.7e-16   57.5   0.1     4   134    12   157     9   174 0.76 NZ_ABAO01000038.1_25 # 25449 # 26315 # -1 # ID=76_25;partial=00;start_type=ATG;rbs_motif=AGGAG;rbs_spacer=5-10bp;gc_cont=0.480
NZ_ABAO01000038.1:25449-26315|- -            289 72088at91347         -            221   2.4e-24   83.9   0.4   2   2   5.6e-09   5.3e-06   23.9   0.0   125   210   176   274   171   285 0.73 NZ_ABAO01000038.1_25 # 25449 # 26315 # -1 # ID=76_25;partial=00;start_type=ATG;rbs_motif=AGGAG;rbs_spacer=5-10bp;gc_cont=0.480
NZ_ABAO01000065.1:2649-3467|-   -            273 72088at91347         -            221   4.6e-10   37.2   0.0   1   2   2.2e-11   2.1e-08   31.8   0.0    40   122    59   141    27   162 0.91 NZ_ABAO01000065.1_4 # 2649 # 3467 # -1 # ID=49_4;partial=00;start_type=ATG;rbs_motif=GGAG/GAGG;rbs_spacer=5-10bp;gc_cont=0.527
NZ_ABAO01000065.1:2649-3467|-   -            273 72088at91347         -            221   4.6e-10   37.2   0.0   2   2     0.011        10    3.3   0.0   144   212   179   259   173   264 0.64 NZ_ABAO01000065.1_4 # 2649 # 3467 # -1 # ID=49_4;partial=00;start_type=ATG;rbs_motif=GGAG/GAGG;rbs_spacer=5-10bp;gc_cont=0.527
NZ_ABAO01000064.1:7414-8790|+   -            459 72088at91347         -            221   0.00032   18.1   0.1   1   2      0.46   4.3e+02   -2.0   0.1   105   146     2    45     1    49 0.69 NZ_ABAO01000064.1_11 # 7414 # 8790 # 1 # ID=50_11;partial=00;start_type=ATG;rbs_motif=None;rbs_spacer=None;gc_cont=0.516
NZ_ABAO01000064.1:7414-8790|+   -            459 72088at91347         -            221   0.00032   18.1   0.1   2   2   1.1e-06    0.0011   16.4   0.0    92   143   221   272   206   285 0.95 NZ_ABAO01000064.1_11 # 7414 # 8790 # 1 # ID=50_11;partial=00;start_type=ATG;rbs_motif=None;rbs_spacer=None;gc_cont=0.516
NZ_ABAO01000022.1:21494-22750|- -            419 72088at91347         -            221     0.004   14.5   0.3   1   2   1.3e-05     0.012   13.0   0.1   103   143   182   224   171   231 0.85 NZ_ABAO01000022.1_18 # 21494 # 22750 # -1 # ID=92_18;partial=00;start_type=ATG;rbs_motif=None;rbs_spacer=None;gc_cont=0.567
NZ_ABAO01000022.1:21494-22750|- -            419 72088at91347         -            221     0.004   14.5   0.3   2   2      0.62   5.8e+02   -2.4   0.0   195   207   324   336   295   365 0.67 NZ_ABAO01000022.1_18 # 21494 # 22750 # -1 # ID=92_18;partial=00;start_type=ATG;rbs_motif=None;rbs_spacer=None;gc_cont=0.567
#
# Program:         hmmsearch
# Version:         3.4 (Aug 2023)
# Pipeline mode:   SEARCH
# Query file:      /Users/dizzler/Projects/School/BIOL4600-Capstone/busco_downloads/lineages/enterobacterales_odb10/hmms/72088at91347.hmm
# Target file:     reports/busco-results/GCF_000170255.1_ASM17025v1_genomic.fna/prodigal_output/predicted_genes/predicted.faa
# Option settings: hmmsearch --domtblout reports/busco-results/GCF_000170255.1_ASM17025v1_genomic.fna/run_enterobacterales_odb10/hmmer_output/72088at91347.out --cpu 1 /Users/dizzler/Projects/School/BIOL4600-Capstone/busco_downloads/lineages/enterobacterales_odb10/hmms/72088at91347.hmm reports/busco-results/GCF_000170255.1_ASM17025v1_genomic.fna/prodigal_output/predicted_genes/predicted.faa 
# Current dir:     /Users/dizzler/Projects/School/BIOL4600-Capstone
# Date:            Sat Feb 21 23:25:11 2026
# [ok]
