#                                                                                         --- full sequence --- -------------- this domain -------------   hmm coord   ali coord   env coord
# target name                     accession   tlen query name           accession   qlen   E-value  score  bias   #  of  c-Evalue  i-Evalue  score  bias  from    to  from    to  from    to  acc description of target
#             ------------------- ---------- ----- -------------------- ---------- ----- --------- ------ ----- --- --- --------- --------- ------ ----- ----- ----- ----- ----- ----- ----- ---- ---------------------
NZ_ABAO01000009.1:12144-12401|+   -             86 92978at91347         -             67   3.5e-38  127.4   3.9   1   1   5.1e-39   5.9e-36  120.3   3.9     1    67     1    84     1    84 0.93 NZ_ABAO01000009.1_13 # 12144 # 12401 # 1 # ID=105_13;partial=00;start_type=ATG;rbs_motif=GGA/GAG/AGG;rbs_spacer=5-10bp;gc_cont=0.512
NZ_ABAO01000013.1:45438-45707|-   -             90 92978at91347         -             67   4.1e-07   27.9   0.2   1   2   4.8e-09   5.6e-06   24.2   0.0     1    33     1    33     1    38 0.94 NZ_ABAO01000013.1_38 # 45438 # 45707 # -1 # ID=101_38;partial=00;start_type=ATG;rbs_motif=AGGA;rbs_spacer=5-10bp;gc_cont=0.396
NZ_ABAO01000013.1:45438-45707|-   -             90 92978at91347         -             67   4.1e-07   27.9   0.2   2   2     0.042        49    2.0   0.0    40    60    57    77    47    83 0.81 NZ_ABAO01000013.1_38 # 45438 # 45707 # -1 # ID=101_38;partial=00;start_type=ATG;rbs_motif=AGGA;rbs_spacer=5-10bp;gc_cont=0.396
NZ_ABAO01000005.1:210010-211140|- -            377 92978at91347         -             67   7.6e-05   20.6   0.2   1   3       1.8   2.1e+03   -3.3   0.0    30    39   161   170   159   173 0.80 NZ_ABAO01000005.1_192 # 210010 # 211140 # -1 # ID=109_192;partial=00;start_type=ATG;rbs_motif=AGGAG;rbs_spacer=5-10bp;gc_cont=0.566
NZ_ABAO01000005.1:210010-211140|- -            377 92978at91347         -             67   7.6e-05   20.6   0.2   2   3     2e-05     0.023   12.6   0.0     5    30   289   314   285   323 0.90 NZ_ABAO01000005.1_192 # 210010 # 211140 # -1 # ID=109_192;partial=00;start_type=ATG;rbs_motif=AGGAG;rbs_spacer=5-10bp;gc_cont=0.566
NZ_ABAO01000005.1:210010-211140|- -            377 92978at91347         -             67   7.6e-05   20.6   0.2   3   3    0.0045       5.3    5.1   0.0    31    60   332   364   327   370 0.81 NZ_ABAO01000005.1_192 # 210010 # 211140 # -1 # ID=109_192;partial=00;start_type=ATG;rbs_motif=AGGAG;rbs_spacer=5-10bp;gc_cont=0.566
NZ_ABAO01000041.1:16320-16592|+   -             91 92978at91347         -             67   0.00045   18.1   0.2   1   2   6.8e-06     0.008   14.1   0.0     3    29     4    30     2    38 0.84 NZ_ABAO01000041.1_23 # 16320 # 16592 # 1 # ID=73_23;partial=00;start_type=ATG;rbs_motif=GGA/GAG/AGG;rbs_spacer=11-12bp;gc_cont=0.535
NZ_ABAO01000041.1:16320-16592|+   -             91 92978at91347         -             67   0.00045   18.1   0.2   2   2     0.035        41    2.2   0.1    43    64    62    83    43    85 0.80 NZ_ABAO01000041.1_23 # 16320 # 16592 # 1 # ID=73_23;partial=00;start_type=ATG;rbs_motif=GGA/GAG/AGG;rbs_spacer=11-12bp;gc_cont=0.535
#
# Program:         hmmsearch
# Version:         3.4 (Aug 2023)
# Pipeline mode:   SEARCH
# Query file:      /Users/dizzler/Projects/School/BIOL4600-Capstone/busco_downloads/lineages/enterobacterales_odb10/hmms/92978at91347.hmm
# Target file:     reports/busco-results/GCF_000170255.1_ASM17025v1_genomic.fna/prodigal_output/predicted_genes/predicted.faa
# Option settings: hmmsearch --domtblout reports/busco-results/GCF_000170255.1_ASM17025v1_genomic.fna/run_enterobacterales_odb10/hmmer_output/92978at91347.out --cpu 1 /Users/dizzler/Projects/School/BIOL4600-Capstone/busco_downloads/lineages/enterobacterales_odb10/hmms/92978at91347.hmm reports/busco-results/GCF_000170255.1_ASM17025v1_genomic.fna/prodigal_output/predicted_genes/predicted.faa 
# Current dir:     /Users/dizzler/Projects/School/BIOL4600-Capstone
# Date:            Sat Feb 21 23:25:12 2026
# [ok]
