#                                                                                         --- full sequence --- -------------- this domain -------------   hmm coord   ali coord   env coord
# target name                     accession   tlen query name           accession   qlen   E-value  score  bias   #  of  c-Evalue  i-Evalue  score  bias  from    to  from    to  from    to  acc description of target
#             ------------------- ---------- ----- -------------------- ---------- ----- --------- ------ ----- --- --- --------- --------- ------ ----- ----- ----- ----- ----- ----- ----- ---- ---------------------
NZ_ABEH02000006.1:262683-264155|+ -            491 13669at91347         -            358  1.5e-153  508.7   0.0   1   2   1.7e-42   4.7e-40  135.3   0.0     1   120     1   158     1   160 0.88 NZ_ABEH02000006.1_245 # 262683 # 264155 # 1 # ID=14_245;partial=00;start_type=ATG;rbs_motif=GGAG/GAGG;rbs_spacer=5-10bp;gc_cont=0.547
NZ_ABEH02000006.1:262683-264155|+ -            491 13669at91347         -            358  1.5e-153  508.7   0.0   2   2    3e-114  8.6e-112  371.3   0.0   120   358   202   464   199   464 0.93 NZ_ABEH02000006.1_245 # 262683 # 264155 # 1 # ID=14_245;partial=00;start_type=ATG;rbs_motif=GGAG/GAGG;rbs_spacer=5-10bp;gc_cont=0.547
NZ_ABEH02000006.1:190974-191879|+ -            302 13669at91347         -            358   1.9e-20   70.9   0.0   1   1   9.2e-23   2.6e-20   70.4   0.0   123   274    11   172     7   214 0.80 NZ_ABEH02000006.1_183 # 190974 # 191879 # 1 # ID=14_183;partial=00;start_type=ATG;rbs_motif=GGAG/GAGG;rbs_spacer=5-10bp;gc_cont=0.521
NZ_ABEH02000004.1:47829-49193|-   -            455 13669at91347         -            358   4.6e-18   63.0   0.0   1   1   2.1e-20   5.8e-18   62.7   0.0   114   232   210   338   158   374 0.81 NZ_ABEH02000004.1_45 # 47829 # 49193 # -1 # ID=16_45;partial=00;start_type=ATG;rbs_motif=GGA/GAG/AGG;rbs_spacer=5-10bp;gc_cont=0.596
NZ_ABEH02000001.1:195487-196767|+ -            427 13669at91347         -            358   1.2e-10   38.7   0.0   1   1   7.6e-13   2.1e-10   37.8   0.0   118   275   195   361   176   371 0.77 NZ_ABEH02000001.1_158 # 195487 # 196767 # 1 # ID=19_158;partial=00;start_type=TTG;rbs_motif=GGAG/GAGG;rbs_spacer=5-10bp;gc_cont=0.541
NZ_ABEH02000004.1:411387-413705|- -            773 13669at91347         -            358   1.2e-08   32.0   0.8   1   2   2.2e-09   6.1e-07   26.4   0.0     3    49     4    49     2    54 0.92 NZ_ABEH02000004.1_370 # 411387 # 413705 # -1 # ID=16_370;partial=00;start_type=ATG;rbs_motif=GGA/GAG/AGG;rbs_spacer=5-10bp;gc_cont=0.562
NZ_ABEH02000004.1:411387-413705|- -            773 13669at91347         -            358   1.2e-08   32.0   0.8   2   2     0.017       4.8    3.7   0.2   194   239    85   131    67   176 0.83 NZ_ABEH02000004.1_370 # 411387 # 413705 # -1 # ID=16_370;partial=00;start_type=ATG;rbs_motif=GGA/GAG/AGG;rbs_spacer=5-10bp;gc_cont=0.562
NZ_ABEH02000008.1:112075-112707|- -            211 13669at91347         -            358   8.2e-08   29.3   0.0   1   1   6.1e-10   1.7e-07   28.2   0.0   120   276    26   198    12   201 0.73 NZ_ABEH02000008.1_97 # 112075 # 112707 # -1 # ID=12_97;partial=00;start_type=TTG;rbs_motif=GGAG/GAGG;rbs_spacer=5-10bp;gc_cont=0.523
NZ_ABEH02000002.1:541737-542828|+ -            364 13669at91347         -            358   7.1e-05   19.6   0.0   1   2   5.5e-07   0.00015   18.5   0.0     5    26     5    26     1    45 0.75 NZ_ABEH02000002.1_522 # 541737 # 542828 # 1 # ID=18_522;partial=00;start_type=ATG;rbs_motif=GGA/GAG/AGG;rbs_spacer=5-10bp;gc_cont=0.528
NZ_ABEH02000002.1:541737-542828|+ -            364 13669at91347         -            358   7.1e-05   19.6   0.0   2   2       1.8   5.1e+02   -2.9   0.0   236   266   185   215   182   228 0.79 NZ_ABEH02000002.1_522 # 541737 # 542828 # 1 # ID=18_522;partial=00;start_type=ATG;rbs_motif=GGA/GAG/AGG;rbs_spacer=5-10bp;gc_cont=0.528
NZ_ABEH02000012.1:100625-101797|+ -            391 13669at91347         -            358   0.00084   16.1   0.0   1   1   4.8e-06    0.0014   15.4   0.0   122   272   161   329   150   341 0.70 NZ_ABEH02000012.1_93 # 100625 # 101797 # 1 # ID=8_93;partial=00;start_type=ATG;rbs_motif=GGAG/GAGG;rbs_spacer=5-10bp;gc_cont=0.554
NZ_ABEH02000003.1:472326-475004|- -            893 13669at91347         -            358    0.0034   14.1   0.0   1   2   3.9e-05     0.011   12.4   0.0   192   272   461   551   391   566 0.64 NZ_ABEH02000003.1_446 # 472326 # 475004 # -1 # ID=17_446;partial=00;start_type=ATG;rbs_motif=AGGA;rbs_spacer=5-10bp;gc_cont=0.555
NZ_ABEH02000003.1:472326-475004|- -            893 13669at91347         -            358    0.0034   14.1   0.0   2   2       1.6   4.6e+02   -2.8   0.0    49    98   726   782   704   801 0.63 NZ_ABEH02000003.1_446 # 472326 # 475004 # -1 # ID=17_446;partial=00;start_type=ATG;rbs_motif=AGGA;rbs_spacer=5-10bp;gc_cont=0.555
NZ_ABEH02000001.1:467373-468194|+ -            274 13669at91347         -            358    0.0062   13.2   0.0   1   1     3e-05    0.0085   12.8   0.0    39   114    92   165    84   173 0.82 NZ_ABEH02000001.1_425 # 467373 # 468194 # 1 # ID=19_425;partial=00;start_type=ATG;rbs_motif=GGA/GAG/AGG;rbs_spacer=5-10bp;gc_cont=0.566
NZ_ABEH02000007.1:336081-337988|+ -            636 13669at91347         -            358     0.013   12.2   0.1   1   2   0.00065      0.18    8.4   0.0   118   143    27    52    20    61 0.78 NZ_ABEH02000007.1_308 # 336081 # 337988 # 1 # ID=13_308;partial=00;start_type=ATG;rbs_motif=AGGA;rbs_spacer=5-10bp;gc_cont=0.528
NZ_ABEH02000007.1:336081-337988|+ -            636 13669at91347         -            358     0.013   12.2   0.1   2   2     0.094        27    1.3   0.0   121   143   346   368   334   379 0.81 NZ_ABEH02000007.1_308 # 336081 # 337988 # 1 # ID=13_308;partial=00;start_type=ATG;rbs_motif=AGGA;rbs_spacer=5-10bp;gc_cont=0.528
NZ_ABEH02000001.1:184290-185342|- -            351 13669at91347         -            358     0.022   11.4   0.4   1   2     0.053        15    2.1   0.0   225   267   156   201   120   210 0.74 NZ_ABEH02000001.1_148 # 184290 # 185342 # -1 # ID=19_148;partial=00;start_type=TTG;rbs_motif=AGGAG;rbs_spacer=5-10bp;gc_cont=0.533
NZ_ABEH02000001.1:184290-185342|- -            351 13669at91347         -            358     0.022   11.4   0.4   2   2   0.00071       0.2    8.3   0.0   109   147   194   234   184   244 0.60 NZ_ABEH02000001.1_148 # 184290 # 185342 # -1 # ID=19_148;partial=00;start_type=TTG;rbs_motif=AGGAG;rbs_spacer=5-10bp;gc_cont=0.533
NZ_ABEH02000007.1:138080-139675|+ -            532 13669at91347         -            358     0.022   11.4   1.1   1   2      0.66   1.9e+02   -1.5   0.1   125   138    32    45    29    50 0.60 NZ_ABEH02000007.1_132 # 138080 # 139675 # 1 # ID=13_132;partial=00;start_type=GTG;rbs_motif=AGGA;rbs_spacer=5-10bp;gc_cont=0.530
NZ_ABEH02000007.1:138080-139675|+ -            532 13669at91347         -            358     0.022   11.4   1.1   2   2   0.00017     0.047   10.3   0.1   112   142   337   367   334   370 0.91 NZ_ABEH02000007.1_132 # 138080 # 139675 # 1 # ID=13_132;partial=00;start_type=GTG;rbs_motif=AGGA;rbs_spacer=5-10bp;gc_cont=0.530
NZ_ABEH02000006.1:49680-53336|-   -           1219 13669at91347         -            358     0.027   11.2   0.6   1   3     0.061        17    1.9   0.0   122   137   369   384   358   392 0.71 NZ_ABEH02000006.1_48 # 49680 # 53336 # -1 # ID=14_48;partial=00;start_type=ATG;rbs_motif=AGGAGG;rbs_spacer=3-4bp;gc_cont=0.589
NZ_ABEH02000006.1:49680-53336|-   -           1219 13669at91347         -            358     0.027   11.2   0.6   2   3    0.0073       2.1    4.9   0.0   123   139   997  1013   991  1018 0.69 NZ_ABEH02000006.1_48 # 49680 # 53336 # -1 # ID=14_48;partial=00;start_type=ATG;rbs_motif=AGGAGG;rbs_spacer=3-4bp;gc_cont=0.589
NZ_ABEH02000006.1:49680-53336|-   -           1219 13669at91347         -            358     0.027   11.2   0.6   3   3      0.21        59    0.2   0.0    23    55  1153  1184  1146  1190 0.84 NZ_ABEH02000006.1_48 # 49680 # 53336 # -1 # ID=14_48;partial=00;start_type=ATG;rbs_motif=AGGAGG;rbs_spacer=3-4bp;gc_cont=0.589
NZ_ABEH02000004.1:465243-467150|- -            636 13669at91347         -            358      0.04   10.6   0.5   1   2    0.0096       2.7    4.6   0.1   122   140    29    47    11    58 0.68 NZ_ABEH02000004.1_416 # 465243 # 467150 # -1 # ID=16_416;partial=00;start_type=ATG;rbs_motif=None;rbs_spacer=None;gc_cont=0.577
NZ_ABEH02000004.1:465243-467150|- -            636 13669at91347         -            358      0.04   10.6   0.5   2   2     0.015       4.3    3.9   0.1   122   142   340   360   331   364 0.79 NZ_ABEH02000004.1_416 # 465243 # 467150 # -1 # ID=16_416;partial=00;start_type=ATG;rbs_motif=None;rbs_spacer=None;gc_cont=0.577
#
# Program:         hmmsearch
# Version:         3.4 (Aug 2023)
# Pipeline mode:   SEARCH
# Query file:      /Users/dizzler/Projects/School/BIOL4600-Capstone/busco_downloads/lineages/enterobacterales_odb10/hmms/13669at91347.hmm
# Target file:     reports/busco-results/data/00-reads/GCF_000171255.1_ASM17125v1_genomic.fna/prodigal_output/predicted_genes/predicted.faa
# Option settings: hmmsearch --domtblout reports/busco-results/data/00-reads/GCF_000171255.1_ASM17125v1_genomic.fna/run_enterobacterales_odb10/hmmer_output/13669at91347.out --cpu 1 /Users/dizzler/Projects/School/BIOL4600-Capstone/busco_downloads/lineages/enterobacterales_odb10/hmms/13669at91347.hmm reports/busco-results/data/00-reads/GCF_000171255.1_ASM17125v1_genomic.fna/prodigal_output/predicted_genes/predicted.faa 
# Current dir:     /Users/dizzler/Projects/School/BIOL4600-Capstone
# Date:            Sat Feb 21 22:05:27 2026
# [ok]
