#                                                                                         --- full sequence --- -------------- this domain -------------   hmm coord   ali coord   env coord
# target name                     accession   tlen query name           accession   qlen   E-value  score  bias   #  of  c-Evalue  i-Evalue  score  bias  from    to  from    to  from    to  acc description of target
#             ------------------- ---------- ----- -------------------- ---------- ----- --------- ------ ----- --- --- --------- --------- ------ ----- ----- ----- ----- ----- ----- ----- ---- ---------------------
NZ_ABEH02000006.1:125828-127189|+ -            454 22268at91347         -            406  3.7e-204  676.0  15.8   1   1  1.7e-206  6.5e-204  675.2  15.8     1   406     1   446     1   446 0.95 NZ_ABEH02000006.1_121 # 125828 # 127189 # 1 # ID=14_121;partial=00;start_type=ATG;rbs_motif=GGA/GAG/AGG;rbs_spacer=5-10bp;gc_cont=0.554
NZ_ABEH02000004.1:350719-352194|+ -            492 22268at91347         -            406     6e-48  161.6   2.0   1   1   2.2e-50   8.4e-48  161.1   2.0    21   267   211   477   189   490 0.80 NZ_ABEH02000004.1_317 # 350719 # 352194 # 1 # ID=16_317;partial=00;start_type=ATG;rbs_motif=4Base/6BMM;rbs_spacer=13-15bp;gc_cont=0.548
NZ_ABEH02000001.1:833297-834406|- -            370 22268at91347         -            406    0.0028   14.5   0.0   1   2   3.9e-05     0.015   12.0   0.0    85   135    33    84    26   112 0.87 NZ_ABEH02000001.1_743 # 833297 # 834406 # -1 # ID=19_743;partial=00;start_type=ATG;rbs_motif=GGA/GAG/AGG;rbs_spacer=5-10bp;gc_cont=0.586
NZ_ABEH02000001.1:833297-834406|- -            370 22268at91347         -            406    0.0028   14.5   0.0   2   2      0.26        98   -0.5   0.0   240   283   214   259   169   262 0.67 NZ_ABEH02000001.1_743 # 833297 # 834406 # -1 # ID=19_743;partial=00;start_type=ATG;rbs_motif=GGA/GAG/AGG;rbs_spacer=5-10bp;gc_cont=0.586
NZ_ABEH02000004.1:361574-362287|+ -            238 22268at91347         -            406    0.0032   14.3   0.0   1   1   1.3e-05    0.0049   13.6   0.0    83   116    18    51     9    68 0.93 NZ_ABEH02000004.1_327 # 361574 # 362287 # 1 # ID=16_327;partial=00;start_type=ATG;rbs_motif=GGAG/GAGG;rbs_spacer=5-10bp;gc_cont=0.597
NZ_ABEH02000006.1:49680-53336|-   -           1219 22268at91347         -            406    0.0041   13.9   0.1   1   2    0.0066       2.5    4.7   0.0    85   119   356   390   351   397 0.92 NZ_ABEH02000006.1_48 # 49680 # 53336 # -1 # ID=14_48;partial=00;start_type=ATG;rbs_motif=AGGAGG;rbs_spacer=3-4bp;gc_cont=0.589
NZ_ABEH02000006.1:49680-53336|-   -           1219 22268at91347         -            406    0.0041   13.9   0.1   2   2    0.0016      0.61    6.8   0.1    85   117   983  1015   978  1025 0.89 NZ_ABEH02000006.1_48 # 49680 # 53336 # -1 # ID=14_48;partial=00;start_type=ATG;rbs_motif=AGGAGG;rbs_spacer=3-4bp;gc_cont=0.589
NZ_ABEH02000007.1:115003-116739|- -            579 22268at91347         -            406    0.0091   12.8   0.2   1   2    0.0048       1.8    5.2   0.0    90   122    27    59    21    63 0.83 NZ_ABEH02000007.1_111 # 115003 # 116739 # -1 # ID=13_111;partial=00;start_type=ATG;rbs_motif=GGAG/GAGG;rbs_spacer=5-10bp;gc_cont=0.559
NZ_ABEH02000007.1:115003-116739|- -            579 22268at91347         -            406    0.0091   12.8   0.2   2   2    0.0039       1.5    5.4   0.1    85   134   344   394   323   413 0.78 NZ_ABEH02000007.1_111 # 115003 # 116739 # -1 # ID=13_111;partial=00;start_type=ATG;rbs_motif=GGAG/GAGG;rbs_spacer=5-10bp;gc_cont=0.559
NZ_ABEH02000006.1:13545-14747|-   -            401 22268at91347         -            406     0.011   12.5   0.1   1   1   4.8e-05     0.018   11.7   0.1    86   136    44    95    23   114 0.83 NZ_ABEH02000006.1_12 # 13545 # 14747 # -1 # ID=14_12;partial=00;start_type=ATG;rbs_motif=4Base/6BMM;rbs_spacer=13-15bp;gc_cont=0.500
NZ_ABEH02000005.1:3254-5014|-     -            587 22268at91347         -            406      0.02   11.6   0.2   1   2    0.0028       1.1    5.9   0.0    93   133     5    46     1    60 0.80 NZ_ABEH02000005.1_4 # 3254 # 5014 # -1 # ID=15_4;partial=00;start_type=ATG;rbs_motif=AGGAG;rbs_spacer=5-10bp;gc_cont=0.594
NZ_ABEH02000005.1:3254-5014|-     -            587 22268at91347         -            406      0.02   11.6   0.2   2   2     0.016       6.2    3.4   0.1    92   120   322   350   315   363 0.83 NZ_ABEH02000005.1_4 # 3254 # 5014 # -1 # ID=15_4;partial=00;start_type=ATG;rbs_motif=AGGAG;rbs_spacer=5-10bp;gc_cont=0.594
NZ_ABEH02000005.1:20839-21654|-   -            272 22268at91347         -            406     0.031   11.0   0.0   1   2    0.0018      0.71    6.5   0.0    86   125    17    56    14    64 0.88 NZ_ABEH02000005.1_21 # 20839 # 21654 # -1 # ID=15_21;partial=00;start_type=ATG;rbs_motif=AGGA;rbs_spacer=5-10bp;gc_cont=0.527
NZ_ABEH02000005.1:20839-21654|-   -            272 22268at91347         -            406     0.031   11.0   0.0   2   2     0.037        14    2.2   0.0   101   133   164   196   113   206 0.82 NZ_ABEH02000005.1_21 # 20839 # 21654 # -1 # ID=15_21;partial=00;start_type=ATG;rbs_motif=AGGA;rbs_spacer=5-10bp;gc_cont=0.527
NZ_ABEH02000004.1:360805-361572|+ -            256 22268at91347         -            406     0.039   10.7   0.0   1   1   0.00015     0.057   10.1   0.0    85   121    20    56    13    64 0.89 NZ_ABEH02000004.1_326 # 360805 # 361572 # 1 # ID=16_326;partial=00;start_type=ATG;rbs_motif=AGGAG;rbs_spacer=5-10bp;gc_cont=0.572
NZ_ABEH02000005.1:186033-186980|- -            316 22268at91347         -            406     0.051   10.3   0.0   1   1   0.00021      0.08    9.7   0.0    84   122    15    53    12    65 0.91 NZ_ABEH02000005.1_175 # 186033 # 186980 # -1 # ID=15_175;partial=00;start_type=ATG;rbs_motif=GGAG/GAGG;rbs_spacer=5-10bp;gc_cont=0.579
#
# Program:         hmmsearch
# Version:         3.4 (Aug 2023)
# Pipeline mode:   SEARCH
# Query file:      /Users/dizzler/Projects/School/BIOL4600-Capstone/busco_downloads/lineages/enterobacterales_odb10/hmms/22268at91347.hmm
# Target file:     reports/busco-results/data/00-reads/GCF_000171255.1_ASM17125v1_genomic.fna/prodigal_output/predicted_genes/predicted.faa
# Option settings: hmmsearch --domtblout reports/busco-results/data/00-reads/GCF_000171255.1_ASM17125v1_genomic.fna/run_enterobacterales_odb10/hmmer_output/22268at91347.out --cpu 1 /Users/dizzler/Projects/School/BIOL4600-Capstone/busco_downloads/lineages/enterobacterales_odb10/hmms/22268at91347.hmm reports/busco-results/data/00-reads/GCF_000171255.1_ASM17125v1_genomic.fna/prodigal_output/predicted_genes/predicted.faa 
# Current dir:     /Users/dizzler/Projects/School/BIOL4600-Capstone
# Date:            Sat Feb 21 22:05:27 2026
# [ok]
