#                                                                                         --- full sequence --- -------------- this domain -------------   hmm coord   ali coord   env coord
# target name                     accession   tlen query name           accession   qlen   E-value  score  bias   #  of  c-Evalue  i-Evalue  score  bias  from    to  from    to  from    to  acc description of target
#             ------------------- ---------- ----- -------------------- ---------- ----- --------- ------ ----- --- --- --------- --------- ------ ----- ----- ----- ----- ----- ----- ----- ---- ---------------------
NZ_ABEH02000006.1:374122-375849|- -            576 25024at91347         -            499  2.3e-271  898.4  11.4   1   1  4.2e-272  3.5e-269  891.3  11.4     1   494     1   567     1   575 0.93 NZ_ABEH02000006.1_332 # 374122 # 375849 # -1 # ID=14_332;partial=00;start_type=ATG;rbs_motif=GGA/GAG/AGG;rbs_spacer=5-10bp;gc_cont=0.519
NZ_ABEH02000005.1:423605-426100|- -            832 25024at91347         -            499  1.8e-124  413.9   0.0   1   2   4.1e-20   3.4e-17   60.0   0.1    38   175   156   313   141   319 0.75 NZ_ABEH02000005.1_389 # 423605 # 426100 # -1 # ID=15_389;partial=00;start_type=ATG;rbs_motif=AGGAG;rbs_spacer=5-10bp;gc_cont=0.546
NZ_ABEH02000005.1:423605-426100|- -            832 25024at91347         -            499  1.8e-124  413.9   0.0   2   2  1.6e-108  1.4e-105  351.6   0.0   197   494   362   676   348   680 0.91 NZ_ABEH02000005.1_389 # 423605 # 426100 # -1 # ID=15_389;partial=00;start_type=ATG;rbs_motif=AGGAG;rbs_spacer=5-10bp;gc_cont=0.546
NZ_ABEH02000008.1:225194-227695|- -            834 25024at91347         -            499    1e-107  358.6   0.0   1   1  1.6e-108  1.4e-105  351.6   0.0    56   493   180   678   168   683 0.80 NZ_ABEH02000008.1_208 # 225194 # 227695 # -1 # ID=12_208;partial=00;start_type=ATG;rbs_motif=GGAG/GAGG;rbs_spacer=5-10bp;gc_cont=0.580
NZ_ABEH02000003.1:178382-180628|- -            749 25024at91347         -            499   4.4e-91  303.8   0.0   1   1   2.4e-93   2.1e-90  301.6   0.0    54   492   235   731   217   736 0.84 NZ_ABEH02000003.1_168 # 178382 # 180628 # -1 # ID=17_168;partial=00;start_type=ATG;rbs_motif=None;rbs_spacer=None;gc_cont=0.570
NZ_ABEH02000002.1:78183-80561|+   -            793 25024at91347         -            499   1.9e-31  107.0   0.0   1   2   1.7e-08   1.5e-05   21.7   0.0   113   176   376   437   361   519 0.75 NZ_ABEH02000002.1_82 # 78183 # 80561 # 1 # ID=18_82;partial=00;start_type=ATG;rbs_motif=AGGA;rbs_spacer=5-10bp;gc_cont=0.553
NZ_ABEH02000002.1:78183-80561|+   -            793 25024at91347         -            499   1.9e-31  107.0   0.0   2   2   4.9e-27   4.2e-24   82.8   0.0   288   459   598   777   569   788 0.84 NZ_ABEH02000002.1_82 # 78183 # 80561 # 1 # ID=18_82;partial=00;start_type=ATG;rbs_motif=AGGA;rbs_spacer=5-10bp;gc_cont=0.553
#
# Program:         hmmsearch
# Version:         3.4 (Aug 2023)
# Pipeline mode:   SEARCH
# Query file:      /Users/dizzler/Projects/School/BIOL4600-Capstone/busco_downloads/lineages/enterobacterales_odb10/hmms/25024at91347.hmm
# Target file:     reports/busco-results/data/00-reads/GCF_000171255.1_ASM17125v1_genomic.fna/prodigal_output/predicted_genes/predicted.faa
# Option settings: hmmsearch --domtblout reports/busco-results/data/00-reads/GCF_000171255.1_ASM17125v1_genomic.fna/run_enterobacterales_odb10/hmmer_output/25024at91347.out --cpu 1 /Users/dizzler/Projects/School/BIOL4600-Capstone/busco_downloads/lineages/enterobacterales_odb10/hmms/25024at91347.hmm reports/busco-results/data/00-reads/GCF_000171255.1_ASM17125v1_genomic.fna/prodigal_output/predicted_genes/predicted.faa 
# Current dir:     /Users/dizzler/Projects/School/BIOL4600-Capstone
# Date:            Sat Feb 21 22:05:27 2026
# [ok]
