#                                                                                         --- full sequence --- -------------- this domain -------------   hmm coord   ali coord   env coord
# target name                     accession   tlen query name           accession   qlen   E-value  score  bias   #  of  c-Evalue  i-Evalue  score  bias  from    to  from    to  from    to  acc description of target
#             ------------------- ---------- ----- -------------------- ---------- ----- --------- ------ ----- --- --- --------- --------- ------ ----- ----- ----- ----- ----- ----- ----- ---- ---------------------
NZ_ABEH02000001.1:447215-450049|+ -            945 5062at91347          -            785         0 1253.4   0.0   1   3  1.5e-113  1.2e-110  368.5   0.0     1   203     1   213     1   219 0.97 NZ_ABEH02000001.1_407 # 447215 # 450049 # 1 # ID=19_407;partial=00;start_type=ATG;rbs_motif=GGA/GAG/AGG;rbs_spacer=5-10bp;gc_cont=0.547
NZ_ABEH02000001.1:447215-450049|+ -            945 5062at91347          -            785         0 1253.4   0.0   2   3  1.7e-261  1.4e-258  857.8   0.0   203   750   235   857   232   876 0.89 NZ_ABEH02000001.1_407 # 447215 # 450049 # 1 # ID=19_407;partial=00;start_type=ATG;rbs_motif=GGA/GAG/AGG;rbs_spacer=5-10bp;gc_cont=0.547
NZ_ABEH02000001.1:447215-450049|+ -            945 5062at91347          -            785         0 1253.4   0.0   3   3   4.9e-09   4.2e-06   22.8   0.2   753   785   903   943   886   943 0.80 NZ_ABEH02000001.1_407 # 447215 # 450049 # 1 # ID=19_407;partial=00;start_type=ATG;rbs_motif=GGA/GAG/AGG;rbs_spacer=5-10bp;gc_cont=0.547
NZ_ABEH02000001.1:284293-287148|- -            952 5062at91347          -            785   1.3e-49  166.7   1.4   1   2   2.8e-43   2.3e-40  136.1   2.0    41   537    29   570     6   574 0.71 NZ_ABEH02000001.1_250 # 284293 # 287148 # -1 # ID=19_250;partial=00;start_type=ATG;rbs_motif=GGA/GAG/AGG;rbs_spacer=3-4bp;gc_cont=0.567
NZ_ABEH02000001.1:284293-287148|- -            952 5062at91347          -            785   1.3e-49  166.7   1.4   2   2   5.7e-09   4.8e-06   22.6   0.0   536   679   606   766   582   779 0.75 NZ_ABEH02000001.1_250 # 284293 # 287148 # -1 # ID=19_250;partial=00;start_type=ATG;rbs_motif=GGA/GAG/AGG;rbs_spacer=3-4bp;gc_cont=0.567
NZ_ABEH02000009.1:178838-181420|- -            861 5062at91347          -            785   2.4e-34  116.2   4.5   1   6   1.1e-18   9.6e-16   54.7   0.0    42   190    30   171    10   174 0.87 NZ_ABEH02000009.1_175 # 178838 # 181420 # -1 # ID=11_175;partial=00;start_type=ATG;rbs_motif=AGGA/GGAG/GAGG;rbs_spacer=11-12bp;gc_cont=0.559
NZ_ABEH02000009.1:178838-181420|- -            861 5062at91347          -            785   2.4e-34  116.2   4.5   2   6   0.00027      0.23    7.2   1.0   345   367   175   197   172   226 0.80 NZ_ABEH02000009.1_175 # 178838 # 181420 # -1 # ID=11_175;partial=00;start_type=ATG;rbs_motif=AGGA/GGAG/GAGG;rbs_spacer=11-12bp;gc_cont=0.559
NZ_ABEH02000009.1:178838-181420|- -            861 5062at91347          -            785   2.4e-34  116.2   4.5   3   6   1.3e-07   0.00011   18.1   0.0   255   301   310   359   267   373 0.86 NZ_ABEH02000009.1_175 # 178838 # 181420 # -1 # ID=11_175;partial=00;start_type=ATG;rbs_motif=AGGA/GGAG/GAGG;rbs_spacer=11-12bp;gc_cont=0.559
NZ_ABEH02000009.1:178838-181420|- -            861 5062at91347          -            785   2.4e-34  116.2   4.5   4   6   4.1e-06    0.0034   13.2   0.0   397   417   417   437   406   505 0.79 NZ_ABEH02000009.1_175 # 178838 # 181420 # -1 # ID=11_175;partial=00;start_type=ATG;rbs_motif=AGGA/GGAG/GAGG;rbs_spacer=11-12bp;gc_cont=0.559
NZ_ABEH02000009.1:178838-181420|- -            861 5062at91347          -            785   2.4e-34  116.2   4.5   5   6   6.7e-08   5.6e-05   19.1   0.0   519   550   617   648   574   676 0.85 NZ_ABEH02000009.1_175 # 178838 # 181420 # -1 # ID=11_175;partial=00;start_type=ATG;rbs_motif=AGGA/GGAG/GAGG;rbs_spacer=11-12bp;gc_cont=0.559
NZ_ABEH02000009.1:178838-181420|- -            861 5062at91347          -            785   2.4e-34  116.2   4.5   6   6      0.56   4.7e+02   -3.8   0.0   654   680   752   778   741   782 0.84 NZ_ABEH02000009.1_175 # 178838 # 181420 # -1 # ID=11_175;partial=00;start_type=ATG;rbs_motif=AGGA/GGAG/GAGG;rbs_spacer=11-12bp;gc_cont=0.559
NZ_ABEH02000005.1:177808-179841|+ -            678 5062at91347          -            785     2e-15   53.7   0.1   1   2   2.6e-14   2.2e-11   40.3   0.0    51   108    12    69     2    85 0.88 NZ_ABEH02000005.1_166 # 177808 # 179841 # 1 # ID=15_166;partial=00;start_type=ATG;rbs_motif=AGxAG;rbs_spacer=11-12bp;gc_cont=0.551
NZ_ABEH02000005.1:177808-179841|+ -            678 5062at91347          -            785     2e-15   53.7   0.1   2   2   1.6e-05     0.014   11.2   0.0   507   551   320   363   300   403 0.73 NZ_ABEH02000005.1_166 # 177808 # 179841 # 1 # ID=15_166;partial=00;start_type=ATG;rbs_motif=AGxAG;rbs_spacer=11-12bp;gc_cont=0.551
NZ_ABEH02000009.1:76448-77833|+   -            462 5062at91347          -            785   2.3e-09   33.6   0.1   1   2     0.013        11    1.6   0.1    60   146    36   115    22   144 0.66 NZ_ABEH02000009.1_73 # 76448 # 77833 # 1 # ID=11_73;partial=00;start_type=ATG;rbs_motif=GGA/GAG/AGG;rbs_spacer=5-10bp;gc_cont=0.549
NZ_ABEH02000009.1:76448-77833|+   -            462 5062at91347          -            785   2.3e-09   33.6   0.1   2   2   3.6e-11     3e-08   29.9   0.0   505   578   250   323   219   326 0.84 NZ_ABEH02000009.1_73 # 76448 # 77833 # 1 # ID=11_73;partial=00;start_type=ATG;rbs_motif=GGA/GAG/AGG;rbs_spacer=5-10bp;gc_cont=0.549
#
# Program:         hmmsearch
# Version:         3.4 (Aug 2023)
# Pipeline mode:   SEARCH
# Query file:      /Users/dizzler/Projects/School/BIOL4600-Capstone/busco_downloads/lineages/enterobacterales_odb10/hmms/5062at91347.hmm
# Target file:     reports/busco-results/data/00-reads/GCF_000171255.1_ASM17125v1_genomic.fna/prodigal_output/predicted_genes/predicted.faa
# Option settings: hmmsearch --domtblout reports/busco-results/data/00-reads/GCF_000171255.1_ASM17125v1_genomic.fna/run_enterobacterales_odb10/hmmer_output/5062at91347.out --cpu 1 /Users/dizzler/Projects/School/BIOL4600-Capstone/busco_downloads/lineages/enterobacterales_odb10/hmms/5062at91347.hmm reports/busco-results/data/00-reads/GCF_000171255.1_ASM17125v1_genomic.fna/prodigal_output/predicted_genes/predicted.faa 
# Current dir:     /Users/dizzler/Projects/School/BIOL4600-Capstone
# Date:            Sat Feb 21 22:05:28 2026
# [ok]
