#                                                                                         --- full sequence --- -------------- this domain -------------   hmm coord   ali coord   env coord
# target name                     accession   tlen query name           accession   qlen   E-value  score  bias   #  of  c-Evalue  i-Evalue  score  bias  from    to  from    to  from    to  acc description of target
#             ------------------- ---------- ----- -------------------- ---------- ----- --------- ------ ----- --- --- --------- --------- ------ ----- ----- ----- ----- ----- ----- ----- ---- ---------------------
NZ_ABEH02000004.1:201685-202506|+ -            274 64323at91347         -            236  6.7e-124  410.0   0.0   1   1  1.2e-126  7.5e-124  409.8   0.0     6   236    23   273    15   273 0.94 NZ_ABEH02000004.1_192 # 201685 # 202506 # 1 # ID=16_192;partial=00;start_type=ATG;rbs_motif=GGAG/GAGG;rbs_spacer=5-10bp;gc_cont=0.555
NZ_ABEH02000005.1:118361-118849|- -            163 64323at91347         -            236   3.7e-22   76.9   6.7   1   1   1.1e-24   6.5e-22   76.1   6.7    94   216    35   158    14   162 0.86 NZ_ABEH02000005.1_116 # 118361 # 118849 # -1 # ID=15_116;partial=00;start_type=ATG;rbs_motif=GGxGG;rbs_spacer=5-10bp;gc_cont=0.562
NZ_ABEH02000009.1:25956-26507|-   -            184 64323at91347         -            236   1.6e-08   32.3   0.8   1   1   3.2e-11     2e-08   32.0   0.8   129   219    87   182    78   183 0.74 NZ_ABEH02000009.1_25 # 25956 # 26507 # -1 # ID=11_25;partial=00;start_type=ATG;rbs_motif=GGAG/GAGG;rbs_spacer=5-10bp;gc_cont=0.496
NZ_ABEH02000004.1:29276-30646|+   -            457 64323at91347         -            236   1.7e-08   32.3   4.2   1   3   4.8e-06    0.0029   15.1   0.0   171   203   270   302   245   319 0.88 NZ_ABEH02000004.1_28 # 29276 # 30646 # 1 # ID=16_28;partial=00;start_type=ATG;rbs_motif=AGGA;rbs_spacer=5-10bp;gc_cont=0.530
NZ_ABEH02000004.1:29276-30646|+   -            457 64323at91347         -            236   1.7e-08   32.3   4.2   2   3     0.036        22    2.4   0.1   181   199   366   384   349   392 0.86 NZ_ABEH02000004.1_28 # 29276 # 30646 # 1 # ID=16_28;partial=00;start_type=ATG;rbs_motif=AGGA;rbs_spacer=5-10bp;gc_cont=0.530
NZ_ABEH02000004.1:29276-30646|+   -            457 64323at91347         -            236   1.7e-08   32.3   4.2   3   3     6e-06    0.0036   14.8   1.9   145   212   372   440   367   451 0.82 NZ_ABEH02000004.1_28 # 29276 # 30646 # 1 # ID=16_28;partial=00;start_type=ATG;rbs_motif=AGGA;rbs_spacer=5-10bp;gc_cont=0.530
NZ_ABEH02000001.1:663299-664324|+ -            342 64323at91347         -            236   4.9e-05   20.9  15.5   1   2   9.9e-06     0.006   14.1   0.8   121   199    96   178    80   181 0.73 NZ_ABEH02000001.1_587 # 663299 # 664324 # 1 # ID=19_587;partial=00;start_type=ATG;rbs_motif=GGA/GAG/AGG;rbs_spacer=11-12bp;gc_cont=0.518
NZ_ABEH02000001.1:663299-664324|+ -            342 64323at91347         -            236   4.9e-05   20.9  15.5   2   2   9.2e-05     0.056   10.9   8.0   118   206   208   298   199   325 0.71 NZ_ABEH02000001.1_587 # 663299 # 664324 # 1 # ID=19_587;partial=00;start_type=ATG;rbs_motif=GGA/GAG/AGG;rbs_spacer=11-12bp;gc_cont=0.518
NZ_ABEH02000005.1:114629-115183|- -            185 64323at91347         -            236    0.0017   15.9   1.9   1   2      0.16        94    0.3   0.1   180   191    87    98    45   104 0.52 NZ_ABEH02000005.1_112 # 114629 # 115183 # -1 # ID=15_112;partial=00;start_type=ATG;rbs_motif=GGAG/GAGG;rbs_spacer=5-10bp;gc_cont=0.505
NZ_ABEH02000005.1:114629-115183|- -            185 64323at91347         -            236    0.0017   15.9   1.9   2   2   8.1e-06    0.0049   14.4   1.3   164   220   121   178    63   183 0.70 NZ_ABEH02000005.1_112 # 114629 # 115183 # -1 # ID=15_112;partial=00;start_type=ATG;rbs_motif=GGAG/GAGG;rbs_spacer=5-10bp;gc_cont=0.505
NZ_ABEH02000001.1:664889-665677|+ -            263 64323at91347         -            236     0.025   12.0   8.5   1   2    0.0044       2.7    5.4   1.0   169   204    14    49     5    79 0.79 NZ_ABEH02000001.1_589 # 664889 # 665677 # 1 # ID=19_589;partial=00;start_type=GTG;rbs_motif=GGAGG;rbs_spacer=5-10bp;gc_cont=0.532
NZ_ABEH02000001.1:664889-665677|+ -            263 64323at91347         -            236     0.025   12.0   8.5   2   2   0.00013     0.076   10.5   1.3   145   214   123   192    95   198 0.88 NZ_ABEH02000001.1_589 # 664889 # 665677 # 1 # ID=19_589;partial=00;start_type=GTG;rbs_motif=GGAGG;rbs_spacer=5-10bp;gc_cont=0.532
#
# Program:         hmmsearch
# Version:         3.4 (Aug 2023)
# Pipeline mode:   SEARCH
# Query file:      /Users/dizzler/Projects/School/BIOL4600-Capstone/busco_downloads/lineages/enterobacterales_odb10/hmms/64323at91347.hmm
# Target file:     reports/busco-results/data/00-reads/GCF_000171255.1_ASM17125v1_genomic.fna/prodigal_output/predicted_genes/predicted.faa
# Option settings: hmmsearch --domtblout reports/busco-results/data/00-reads/GCF_000171255.1_ASM17125v1_genomic.fna/run_enterobacterales_odb10/hmmer_output/64323at91347.out --cpu 1 /Users/dizzler/Projects/School/BIOL4600-Capstone/busco_downloads/lineages/enterobacterales_odb10/hmms/64323at91347.hmm reports/busco-results/data/00-reads/GCF_000171255.1_ASM17125v1_genomic.fna/prodigal_output/predicted_genes/predicted.faa 
# Current dir:     /Users/dizzler/Projects/School/BIOL4600-Capstone
# Date:            Sat Feb 21 22:05:29 2026
# [ok]
