#                                                                                         --- full sequence --- -------------- this domain -------------   hmm coord   ali coord   env coord
# target name                     accession   tlen query name           accession   qlen   E-value  score  bias   #  of  c-Evalue  i-Evalue  score  bias  from    to  from    to  from    to  acc description of target
#             ------------------- ---------- ----- -------------------- ---------- ----- --------- ------ ----- --- --- --------- --------- ------ ----- ----- ----- ----- ----- ----- ----- ---- ---------------------
NZ_ABEH02000001.1:574245-576134|+ -            630 67457at91347         -            424  3.1e-233  772.0  24.0   1   4     1e-30   6.2e-28   95.6   3.4     1    70     4    75     4    87 0.93 NZ_ABEH02000001.1_514 # 574245 # 576134 # 1 # ID=19_514;partial=00;start_type=ATG;rbs_motif=GGAG/GAGG;rbs_spacer=5-10bp;gc_cont=0.559
NZ_ABEH02000001.1:574245-576134|+ -            630 67457at91347         -            424  3.1e-233  772.0  24.0   2   4   7.9e-33   4.8e-30  102.5   1.9     1    72   107   180   107   189 0.94 NZ_ABEH02000001.1_514 # 574245 # 576134 # 1 # ID=19_514;partial=00;start_type=ATG;rbs_motif=GGAG/GAGG;rbs_spacer=5-10bp;gc_cont=0.559
NZ_ABEH02000001.1:574245-576134|+ -            630 67457at91347         -            424  3.1e-233  772.0  24.0   3   4   3.5e-33   2.1e-30  103.7   2.3     1    72   208   281   208   290 0.94 NZ_ABEH02000001.1_514 # 574245 # 576134 # 1 # ID=19_514;partial=00;start_type=ATG;rbs_motif=GGAG/GAGG;rbs_spacer=5-10bp;gc_cont=0.559
NZ_ABEH02000001.1:574245-576134|+ -            630 67457at91347         -            424  3.1e-233  772.0  24.0   4   4  9.4e-148  5.7e-145  481.2   0.0   146   424   322   629   315   629 0.92 NZ_ABEH02000001.1_514 # 574245 # 576134 # 1 # ID=19_514;partial=00;start_type=ATG;rbs_motif=GGAG/GAGG;rbs_spacer=5-10bp;gc_cont=0.559
NZ_ABEH02000007.1:46210-47418|+   -            403 67457at91347         -            424   5.8e-56  187.9   0.0   1   2   5.1e-06    0.0031   14.2   0.4    20    54    26    61     5    87 0.72 NZ_ABEH02000007.1_40 # 46210 # 47418 # 1 # ID=13_40;partial=00;start_type=ATG;rbs_motif=AGGA;rbs_spacer=5-10bp;gc_cont=0.562
NZ_ABEH02000007.1:46210-47418|+   -            403 67457at91347         -            424   5.8e-56  187.9   0.0   2   2   8.5e-54   5.1e-51  171.6   0.0   152   415   114   388    85   400 0.88 NZ_ABEH02000007.1_40 # 46210 # 47418 # 1 # ID=13_40;partial=00;start_type=ATG;rbs_motif=AGGA;rbs_spacer=5-10bp;gc_cont=0.562
NZ_ABEH02000001.1:458225-459994|- -            590 67457at91347         -            424   0.00018   18.3   0.1   1   1   4.6e-07   0.00028   17.7   0.1    83   140   531   588   524   589 0.78 NZ_ABEH02000001.1_416 # 458225 # 459994 # -1 # ID=19_416;partial=00;start_type=ATG;rbs_motif=GGAGG;rbs_spacer=5-10bp;gc_cont=0.635
NZ_ABEH02000012.1:50198-51973|+   -            592 67457at91347         -            424   0.00021   18.0   0.1   1   1   5.6e-07   0.00034   17.4   0.1    83   140   533   590   526   591 0.77 NZ_ABEH02000012.1_42 # 50198 # 51973 # 1 # ID=8_42;partial=00;start_type=ATG;rbs_motif=GGAGG;rbs_spacer=5-10bp;gc_cont=0.634
NZ_ABEH02000012.1:21457-21927|-   -            157 67457at91347         -            424   0.00038   17.2   0.1   1   1     9e-07   0.00054   16.7   0.1    86   140   101   155    94   156 0.90 NZ_ABEH02000012.1_15 # 21457 # 21927 # -1 # ID=8_15;partial=00;start_type=ATG;rbs_motif=GGA/GAG/AGG;rbs_spacer=5-10bp;gc_cont=0.522
NZ_ABEH02000007.1:206753-207871|+ -            373 67457at91347         -            424    0.0031   14.2   2.5   1   2   0.00012     0.075    9.6   0.1   109   153    62   108    39   129 0.58 NZ_ABEH02000007.1_197 # 206753 # 207871 # 1 # ID=13_197;partial=00;start_type=ATG;rbs_motif=GGA/GAG/AGG;rbs_spacer=5-10bp;gc_cont=0.534
NZ_ABEH02000007.1:206753-207871|+ -            373 67457at91347         -            424    0.0031   14.2   2.5   2   2    0.0063       3.8    4.0   0.4    79   136   152   211   132   237 0.67 NZ_ABEH02000007.1_197 # 206753 # 207871 # 1 # ID=13_197;partial=00;start_type=ATG;rbs_motif=GGA/GAG/AGG;rbs_spacer=5-10bp;gc_cont=0.534
NZ_ABEH02000002.1:169269-170129|- -            287 67457at91347         -            424    0.0095   12.6   0.0   1   2     0.016       9.5    2.7   0.0   109   152    44    87    30   100 0.83 NZ_ABEH02000002.1_174 # 169269 # 170129 # -1 # ID=18_174;partial=00;start_type=ATG;rbs_motif=None;rbs_spacer=None;gc_cont=0.496
NZ_ABEH02000002.1:169269-170129|- -            287 67457at91347         -            424    0.0095   12.6   0.0   2   2    0.0005       0.3    7.6   0.0    92   141   133   183   110   201 0.68 NZ_ABEH02000002.1_174 # 169269 # 170129 # -1 # ID=18_174;partial=00;start_type=ATG;rbs_motif=None;rbs_spacer=None;gc_cont=0.496
#
# Program:         hmmsearch
# Version:         3.4 (Aug 2023)
# Pipeline mode:   SEARCH
# Query file:      /Users/dizzler/Projects/School/BIOL4600-Capstone/busco_downloads/lineages/enterobacterales_odb10/hmms/67457at91347.hmm
# Target file:     reports/busco-results/data/00-reads/GCF_000171255.1_ASM17125v1_genomic.fna/prodigal_output/predicted_genes/predicted.faa
# Option settings: hmmsearch --domtblout reports/busco-results/data/00-reads/GCF_000171255.1_ASM17125v1_genomic.fna/run_enterobacterales_odb10/hmmer_output/67457at91347.out --cpu 1 /Users/dizzler/Projects/School/BIOL4600-Capstone/busco_downloads/lineages/enterobacterales_odb10/hmms/67457at91347.hmm reports/busco-results/data/00-reads/GCF_000171255.1_ASM17125v1_genomic.fna/prodigal_output/predicted_genes/predicted.faa 
# Current dir:     /Users/dizzler/Projects/School/BIOL4600-Capstone
# Date:            Sat Feb 21 22:05:29 2026
# [ok]
