#                                                                                         --- full sequence --- -------------- this domain -------------   hmm coord   ali coord   env coord
# target name                     accession   tlen query name           accession   qlen   E-value  score  bias   #  of  c-Evalue  i-Evalue  score  bias  from    to  from    to  from    to  acc description of target
#             ------------------- ---------- ----- -------------------- ---------- ----- --------- ------ ----- --- --- --------- --------- ------ ----- ----- ----- ----- ----- ----- ----- ---- ---------------------
NZ_ABEH02000004.1:435095-435616|+ -            174 72355at91347         -            140   9.4e-80  263.4   0.3   1   1   3.7e-82   1.4e-79  262.8   0.3     1   140     1   150     1   150 0.96 NZ_ABEH02000004.1_389 # 435095 # 435616 # 1 # ID=16_389;partial=00;start_type=ATG;rbs_motif=AGxAG;rbs_spacer=5-10bp;gc_cont=0.504
NZ_ABEH02000001.1:794428-794973|+ -            182 72355at91347         -            140   4.9e-20   69.8   0.0   1   1   2.3e-22   8.8e-20   69.0   0.0     7   136     5   145     2   149 0.76 NZ_ABEH02000001.1_705 # 794428 # 794973 # 1 # ID=19_705;partial=00;start_type=ATG;rbs_motif=GGA/GAG/AGG;rbs_spacer=5-10bp;gc_cont=0.577
NZ_ABEH02000009.1:2896-3909|+     -            338 72355at91347         -            140   0.00015   19.7   0.0   1   1     8e-07   0.00031   18.6   0.0     4    44    26    66    23    83 0.84 NZ_ABEH02000009.1_3 # 2896 # 3909 # 1 # ID=11_3;partial=00;start_type=GTG;rbs_motif=AGGAG/GGAGG;rbs_spacer=11-12bp;gc_cont=0.538
NZ_ABEH02000008.1:200671-202002|- -            444 72355at91347         -            140   0.00062   17.6   0.0   1   2   4.7e-06    0.0018   16.1   0.0     5    35    51    81    47   129 0.90 NZ_ABEH02000008.1_189 # 200671 # 202002 # -1 # ID=12_189;partial=00;start_type=ATG;rbs_motif=AGGA;rbs_spacer=5-10bp;gc_cont=0.532
NZ_ABEH02000008.1:200671-202002|- -            444 72355at91347         -            140   0.00062   17.6   0.0   2   2       3.1   1.2e+03   -2.7   0.0    82   103   348   369   336   406 0.63 NZ_ABEH02000008.1_189 # 200671 # 202002 # -1 # ID=12_189;partial=00;start_type=ATG;rbs_motif=AGGA;rbs_spacer=5-10bp;gc_cont=0.532
NZ_ABEH02000007.1:115003-116739|- -            579 72355at91347         -            140    0.0032   15.3   1.0   1   2    0.0016      0.61    8.0   0.1     9    29    38    58    34    61 0.90 NZ_ABEH02000007.1_111 # 115003 # 116739 # -1 # ID=13_111;partial=00;start_type=ATG;rbs_motif=GGAG/GAGG;rbs_spacer=5-10bp;gc_cont=0.559
NZ_ABEH02000007.1:115003-116739|- -            579 72355at91347         -            140    0.0032   15.3   1.0   2   2     0.009       3.5    5.5   0.1     4    24   354   375   351   381 0.79 NZ_ABEH02000007.1_111 # 115003 # 116739 # -1 # ID=13_111;partial=00;start_type=ATG;rbs_motif=GGAG/GAGG;rbs_spacer=5-10bp;gc_cont=0.559
NZ_ABEH02000001.1:296523-297053|+ -            177 72355at91347         -            140    0.0047   14.8   0.1   1   1   2.5e-05    0.0096   13.8   0.1     8    37     7    36     1    50 0.89 NZ_ABEH02000001.1_259 # 296523 # 297053 # 1 # ID=19_259;partial=00;start_type=ATG;rbs_motif=GGAG/GAGG;rbs_spacer=5-10bp;gc_cont=0.460
NZ_ABEH02000004.1:378891-379424|+ -            178 72355at91347         -            140    0.0055   14.6   0.0   1   1   2.7e-05      0.01   13.7   0.0     7    36    11    40     5    53 0.87 NZ_ABEH02000004.1_344 # 378891 # 379424 # 1 # ID=16_344;partial=00;start_type=TTG;rbs_motif=GGA/GAG/AGG;rbs_spacer=11-12bp;gc_cont=0.532
NZ_ABEH02000007.1:336081-337988|+ -            636 72355at91347         -            140    0.0067   14.3   0.0   1   2    0.0071       2.7    5.8   0.0     4    26    29    51    26    64 0.85 NZ_ABEH02000007.1_308 # 336081 # 337988 # 1 # ID=13_308;partial=00;start_type=ATG;rbs_motif=AGGA;rbs_spacer=5-10bp;gc_cont=0.528
NZ_ABEH02000007.1:336081-337988|+ -            636 72355at91347         -            140    0.0067   14.3   0.0   2   2     0.008       3.1    5.7   0.0     6    29   347   370   342   416 0.83 NZ_ABEH02000007.1_308 # 336081 # 337988 # 1 # ID=13_308;partial=00;start_type=ATG;rbs_motif=AGGA;rbs_spacer=5-10bp;gc_cont=0.528
NZ_ABEH02000007.1:210840-213116|+ -            759 72355at91347         -            140    0.0092   13.8   0.1   1   3      0.15        57    1.6   0.0     3    26   206   229   204   235 0.86 NZ_ABEH02000007.1_201 # 210840 # 213116 # 1 # ID=13_201;partial=00;start_type=ATG;rbs_motif=GGAGG;rbs_spacer=5-10bp;gc_cont=0.544
NZ_ABEH02000007.1:210840-213116|+ -            759 72355at91347         -            140    0.0092   13.8   0.1   2   3       2.2   8.5e+02   -2.2   0.0    22    43   450   471   446   474 0.86 NZ_ABEH02000007.1_201 # 210840 # 213116 # 1 # ID=13_201;partial=00;start_type=ATG;rbs_motif=GGAGG;rbs_spacer=5-10bp;gc_cont=0.544
NZ_ABEH02000007.1:210840-213116|+ -            759 72355at91347         -            140    0.0092   13.8   0.1   3   3    0.0012      0.46    8.4   0.0     9    43   493   529   486   535 0.84 NZ_ABEH02000007.1_201 # 210840 # 213116 # 1 # ID=13_201;partial=00;start_type=ATG;rbs_motif=GGAGG;rbs_spacer=5-10bp;gc_cont=0.544
NZ_ABEH02000007.1:251061-251744|+ -            228 72355at91347         -            140     0.013   13.3   0.0   1   3   0.00012     0.048   11.5   0.0     9    37    10    38     5    61 0.83 NZ_ABEH02000007.1_230 # 251061 # 251744 # 1 # ID=13_230;partial=00;start_type=ATG;rbs_motif=AGGAG;rbs_spacer=5-10bp;gc_cont=0.553
NZ_ABEH02000007.1:251061-251744|+ -            228 72355at91347         -            140     0.013   13.3   0.0   2   3       3.8   1.4e+03   -3.0   0.0    24    41    63    80    60    88 0.79 NZ_ABEH02000007.1_230 # 251061 # 251744 # 1 # ID=13_230;partial=00;start_type=ATG;rbs_motif=AGGAG;rbs_spacer=5-10bp;gc_cont=0.553
NZ_ABEH02000007.1:251061-251744|+ -            228 72355at91347         -            140     0.013   13.3   0.0   3   3       2.2   8.4e+02   -2.2   0.0    98   117   167   186   148   217 0.63 NZ_ABEH02000007.1_230 # 251061 # 251744 # 1 # ID=13_230;partial=00;start_type=ATG;rbs_motif=AGGAG;rbs_spacer=5-10bp;gc_cont=0.553
NZ_ABEH02000001.1:194074-195024|+ -            317 72355at91347         -            140     0.029   12.3   0.0   1   1   0.00016      0.06   11.2   0.0     5    41    11    47     8    55 0.86 NZ_ABEH02000001.1_156 # 194074 # 195024 # 1 # ID=19_156;partial=00;start_type=ATG;rbs_motif=None;rbs_spacer=None;gc_cont=0.542
#
# Program:         hmmsearch
# Version:         3.4 (Aug 2023)
# Pipeline mode:   SEARCH
# Query file:      /Users/dizzler/Projects/School/BIOL4600-Capstone/busco_downloads/lineages/enterobacterales_odb10/hmms/72355at91347.hmm
# Target file:     reports/busco-results/data/00-reads/GCF_000171255.1_ASM17125v1_genomic.fna/prodigal_output/predicted_genes/predicted.faa
# Option settings: hmmsearch --domtblout reports/busco-results/data/00-reads/GCF_000171255.1_ASM17125v1_genomic.fna/run_enterobacterales_odb10/hmmer_output/72355at91347.out --cpu 1 /Users/dizzler/Projects/School/BIOL4600-Capstone/busco_downloads/lineages/enterobacterales_odb10/hmms/72355at91347.hmm reports/busco-results/data/00-reads/GCF_000171255.1_ASM17125v1_genomic.fna/prodigal_output/predicted_genes/predicted.faa 
# Current dir:     /Users/dizzler/Projects/School/BIOL4600-Capstone
# Date:            Sat Feb 21 22:05:29 2026
# [ok]
