#                                                                                         --- full sequence --- -------------- this domain -------------   hmm coord   ali coord   env coord
# target name                     accession   tlen query name           accession   qlen   E-value  score  bias   #  of  c-Evalue  i-Evalue  score  bias  from    to  from    to  from    to  acc description of target
#             ------------------- ---------- ----- -------------------- ---------- ----- --------- ------ ----- --- --- --------- --------- ------ ----- ----- ----- ----- ----- ----- ----- ---- ---------------------
NZ_ABEH02000012.1:21457-21927|-   -            157 86613at91347         -            110   5.3e-58  191.7   2.0   1   2   6.8e-18   7.2e-15   52.8   0.1     1    56     1    57     1    75 0.88 NZ_ABEH02000012.1_15 # 21457 # 21927 # -1 # ID=8_15;partial=00;start_type=ATG;rbs_motif=GGA/GAG/AGG;rbs_spacer=5-10bp;gc_cont=0.522
NZ_ABEH02000012.1:21457-21927|-   -            157 86613at91347         -            110   5.3e-58  191.7   2.0   2   2   1.2e-44   1.3e-41  139.0   0.3    34   110    79   156    70   156 0.96 NZ_ABEH02000012.1_15 # 21457 # 21927 # -1 # ID=8_15;partial=00;start_type=ATG;rbs_motif=GGA/GAG/AGG;rbs_spacer=5-10bp;gc_cont=0.522
NZ_ABEH02000012.1:50198-51973|+   -            592 86613at91347         -            110     4e-09   34.4   0.4   1   2       1.1   1.2e+03   -2.6   0.0    72    92   209   229   161   234 0.69 NZ_ABEH02000012.1_42 # 50198 # 51973 # 1 # ID=8_42;partial=00;start_type=ATG;rbs_motif=GGAGG;rbs_spacer=5-10bp;gc_cont=0.634
NZ_ABEH02000012.1:50198-51973|+   -            592 86613at91347         -            110     4e-09   34.4   0.4   2   2   9.7e-12     1e-08   33.0   0.1    61   109   541   590   522   591 0.88 NZ_ABEH02000012.1_42 # 50198 # 51973 # 1 # ID=8_42;partial=00;start_type=ATG;rbs_motif=GGAGG;rbs_spacer=5-10bp;gc_cont=0.634
NZ_ABEH02000001.1:458225-459994|- -            590 86613at91347         -            110   4.2e-09   34.3   0.1   1   1   9.7e-12     1e-08   33.0   0.1    61   109   539   588   521   589 0.88 NZ_ABEH02000001.1_416 # 458225 # 459994 # -1 # ID=19_416;partial=00;start_type=ATG;rbs_motif=GGAGG;rbs_spacer=5-10bp;gc_cont=0.635
NZ_ABEH02000001.1:574245-576134|+ -            630 86613at91347         -            110   1.1e-08   32.9  13.6   1   3   1.5e-05     0.016   13.1   0.7    56   108    20    73    11    75 0.87 NZ_ABEH02000001.1_514 # 574245 # 576134 # 1 # ID=19_514;partial=00;start_type=ATG;rbs_motif=GGAG/GAGG;rbs_spacer=5-10bp;gc_cont=0.559
NZ_ABEH02000001.1:574245-576134|+ -            630 86613at91347         -            110   1.1e-08   32.9  13.6   2   3   1.5e-05     0.015   13.1   0.5    55   109   122   177   115   178 0.88 NZ_ABEH02000001.1_514 # 574245 # 576134 # 1 # ID=19_514;partial=00;start_type=ATG;rbs_motif=GGAG/GAGG;rbs_spacer=5-10bp;gc_cont=0.559
NZ_ABEH02000001.1:574245-576134|+ -            630 86613at91347         -            110   1.1e-08   32.9  13.6   3   3     8e-06    0.0084   14.0   0.7    55   109   223   278   218   279 0.88 NZ_ABEH02000001.1_514 # 574245 # 576134 # 1 # ID=19_514;partial=00;start_type=ATG;rbs_motif=GGAG/GAGG;rbs_spacer=5-10bp;gc_cont=0.559
#
# Program:         hmmsearch
# Version:         3.4 (Aug 2023)
# Pipeline mode:   SEARCH
# Query file:      /Users/dizzler/Projects/School/BIOL4600-Capstone/busco_downloads/lineages/enterobacterales_odb10/hmms/86613at91347.hmm
# Target file:     reports/busco-results/data/00-reads/GCF_000171255.1_ASM17125v1_genomic.fna/prodigal_output/predicted_genes/predicted.faa
# Option settings: hmmsearch --domtblout reports/busco-results/data/00-reads/GCF_000171255.1_ASM17125v1_genomic.fna/run_enterobacterales_odb10/hmmer_output/86613at91347.out --cpu 1 /Users/dizzler/Projects/School/BIOL4600-Capstone/busco_downloads/lineages/enterobacterales_odb10/hmms/86613at91347.hmm reports/busco-results/data/00-reads/GCF_000171255.1_ASM17125v1_genomic.fna/prodigal_output/predicted_genes/predicted.faa 
# Current dir:     /Users/dizzler/Projects/School/BIOL4600-Capstone
# Date:            Sat Feb 21 22:05:30 2026
# [ok]
