#                                                                                         --- full sequence --- -------------- this domain -------------   hmm coord   ali coord   env coord
# target name                     accession   tlen query name           accession   qlen   E-value  score  bias   #  of  c-Evalue  i-Evalue  score  bias  from    to  from    to  from    to  acc description of target
#             ------------------- ---------- ----- -------------------- ---------- ----- --------- ------ ----- --- --- --------- --------- ------ ----- ----- ----- ----- ----- ----- ----- ---- ---------------------
NZ_ABEH02000006.1:290891-292468|+ -            526 9375at91347          -            437    2e-236  782.6   0.0   1   2   7.6e-43   5.4e-40  135.3   0.0     1    91     9   116     9   121 0.91 NZ_ABEH02000006.1_254 # 290891 # 292468 # 1 # ID=14_254;partial=00;start_type=ATG;rbs_motif=GGA/GAG/AGG;rbs_spacer=5-10bp;gc_cont=0.561
NZ_ABEH02000006.1:290891-292468|+ -            526 9375at91347          -            437    2e-236  782.6   0.0   2   2  3.6e-197  2.5e-194  643.8   0.0    90   437   136   525   120   525 0.93 NZ_ABEH02000006.1_254 # 290891 # 292468 # 1 # ID=14_254;partial=00;start_type=ATG;rbs_motif=GGA/GAG/AGG;rbs_spacer=5-10bp;gc_cont=0.561
NZ_ABEH02000004.1:456807-457370|+ -            188 9375at91347          -            437   2.4e-07   27.7   0.0   1   2   5.8e-07   0.00041   17.1   0.0     2    81     2    94     1   132 0.77 NZ_ABEH02000004.1_406 # 456807 # 457370 # 1 # ID=16_406;partial=00;start_type=ATG;rbs_motif=GGAG/GAGG;rbs_spacer=5-10bp;gc_cont=0.555
NZ_ABEH02000004.1:456807-457370|+ -            188 9375at91347          -            437   2.4e-07   27.7   0.0   2   2   0.00012     0.087    9.4   0.0   107   142   143   178   122   187 0.81 NZ_ABEH02000004.1_406 # 456807 # 457370 # 1 # ID=16_406;partial=00;start_type=ATG;rbs_motif=GGAG/GAGG;rbs_spacer=5-10bp;gc_cont=0.555
NZ_ABEH02000005.1:73719-74309|+   -            197 9375at91347          -            437    0.0001   19.1   0.0   1   2    0.0013      0.89    6.0   0.0    58    73    69    84    62    97 0.83 NZ_ABEH02000005.1_76 # 73719 # 74309 # 1 # ID=15_76;partial=00;start_type=ATG;rbs_motif=AGGAG;rbs_spacer=5-10bp;gc_cont=0.565
NZ_ABEH02000005.1:73719-74309|+   -            197 9375at91347          -            437    0.0001   19.1   0.0   2   2   3.9e-05     0.027   11.0   0.0    97   136   143   182   137   195 0.77 NZ_ABEH02000005.1_76 # 73719 # 74309 # 1 # ID=15_76;partial=00;start_type=ATG;rbs_motif=AGGAG;rbs_spacer=5-10bp;gc_cont=0.565
NZ_ABEH02000001.1:469236-470384|+ -            383 9375at91347          -            437   0.00084   16.0   0.0   1   1   1.7e-06    0.0012   15.5   0.0     6    81   198   284   193   319 0.71 NZ_ABEH02000001.1_427 # 469236 # 470384 # 1 # ID=19_427;partial=00;start_type=TTG;rbs_motif=GGAGG;rbs_spacer=5-10bp;gc_cont=0.556
NZ_ABEH02000010.1:165183-166289|- -            369 9375at91347          -            437   0.00088   15.9   0.0   1   2   4.9e-06    0.0034   14.0   0.0   161   182     6    27     3    40 0.85 NZ_ABEH02000010.1_166 # 165183 # 166289 # -1 # ID=10_166;partial=00;start_type=ATG;rbs_motif=GGA/GAG/AGG;rbs_spacer=5-10bp;gc_cont=0.547
NZ_ABEH02000010.1:165183-166289|- -            369 9375at91347          -            437   0.00088   15.9   0.0   2   2      0.19   1.3e+02   -1.1   0.0   286   306   168   188   161   192 0.87 NZ_ABEH02000010.1_166 # 165183 # 166289 # -1 # ID=10_166;partial=00;start_type=ATG;rbs_motif=GGA/GAG/AGG;rbs_spacer=5-10bp;gc_cont=0.547
NZ_ABEH02000002.1:482200-483795|+ -            532 9375at91347          -            437    0.0012   15.5   0.1   1   2   0.00064      0.45    7.0   0.1    50    84    68   102    47   112 0.89 NZ_ABEH02000002.1_466 # 482200 # 483795 # 1 # ID=18_466;partial=00;start_type=ATG;rbs_motif=AGGAG;rbs_spacer=5-10bp;gc_cont=0.572
NZ_ABEH02000002.1:482200-483795|+ -            532 9375at91347          -            437    0.0012   15.5   0.1   2   2     0.001      0.72    6.3   0.0   115   143   153   181   126   194 0.75 NZ_ABEH02000002.1_466 # 482200 # 483795 # 1 # ID=18_466;partial=00;start_type=ATG;rbs_motif=AGGAG;rbs_spacer=5-10bp;gc_cont=0.572
#
# Program:         hmmsearch
# Version:         3.4 (Aug 2023)
# Pipeline mode:   SEARCH
# Query file:      /Users/dizzler/Projects/School/BIOL4600-Capstone/busco_downloads/lineages/enterobacterales_odb10/hmms/9375at91347.hmm
# Target file:     reports/busco-results/data/00-reads/GCF_000171255.1_ASM17125v1_genomic.fna/prodigal_output/predicted_genes/predicted.faa
# Option settings: hmmsearch --domtblout reports/busco-results/data/00-reads/GCF_000171255.1_ASM17125v1_genomic.fna/run_enterobacterales_odb10/hmmer_output/9375at91347.out --cpu 1 /Users/dizzler/Projects/School/BIOL4600-Capstone/busco_downloads/lineages/enterobacterales_odb10/hmms/9375at91347.hmm reports/busco-results/data/00-reads/GCF_000171255.1_ASM17125v1_genomic.fna/prodigal_output/predicted_genes/predicted.faa 
# Current dir:     /Users/dizzler/Projects/School/BIOL4600-Capstone
# Date:            Sat Feb 21 22:05:29 2026
# [ok]
