#                                                                                     --- full sequence --- -------------- this domain -------------   hmm coord   ali coord   env coord
# target name                 accession   tlen query name           accession   qlen   E-value  score  bias   #  of  c-Evalue  i-Evalue  score  bias  from    to  from    to  from    to  acc description of target
#         ------------------- ---------- ----- -------------------- ---------- ----- --------- ------ ----- --- --- --------- --------- ------ ----- ----- ----- ----- ----- ----- ----- ---- ---------------------
NC_016856.1:1028794-1030542|+ -            583 10523at91347         -            514  1.4e-295  978.6  23.6   1   2  1.2e-183  7.6e-182  603.4  13.7     1   309     4   326     4   334 0.97 NC_016856.1_927 # 1028794 # 1030542 # 1 # ID=1_927;partial=00;start_type=ATG;rbs_motif=None;rbs_spacer=None;gc_cont=0.517
NC_016856.1:1028794-1030542|+ -            583 10523at91347         -            514  1.4e-295  978.6  23.6   2   2  3.1e-116    2e-114  381.0   2.3   315   514   368   580   342   580 0.95 NC_016856.1_927 # 1028794 # 1030542 # 1 # ID=1_927;partial=00;start_type=ATG;rbs_motif=None;rbs_spacer=None;gc_cont=0.517
NC_016856.1:2937808-2941461|+ -           1218 10523at91347         -            514  9.8e-108  358.9  25.4   1   4     2e-06   0.00012   18.7   5.6    18   308    28   324    15   342 0.72 NC_016856.1_2769 # 2937808 # 2941461 # 1 # ID=1_2769;partial=00;start_type=ATG;rbs_motif=AGGAG;rbs_spacer=5-10bp;gc_cont=0.590
NC_016856.1:2937808-2941461|+ -           1218 10523at91347         -            514  9.8e-108  358.9  25.4   2   4   9.6e-51     6e-49  164.9   0.4   309   503   359   564   355   569 0.90 NC_016856.1_2769 # 2937808 # 2941461 # 1 # ID=1_2769;partial=00;start_type=ATG;rbs_motif=AGGAG;rbs_spacer=5-10bp;gc_cont=0.590
NC_016856.1:2937808-2941461|+ -           1218 10523at91347         -            514  9.8e-108  358.9  25.4   3   4   1.8e-14   1.2e-12   45.2   2.7    35   309   669   950   639   959 0.80 NC_016856.1_2769 # 2937808 # 2941461 # 1 # ID=1_2769;partial=00;start_type=ATG;rbs_motif=AGGAG;rbs_spacer=5-10bp;gc_cont=0.590
NC_016856.1:2937808-2941461|+ -           1218 10523at91347         -            514  9.8e-108  358.9  25.4   4   4   1.3e-43   8.3e-42  141.3   0.1   315   506   992  1190   982  1204 0.88 NC_016856.1_2769 # 2937808 # 2941461 # 1 # ID=1_2769;partial=00;start_type=ATG;rbs_motif=AGGAG;rbs_spacer=5-10bp;gc_cont=0.590
NC_016856.1:517459-519231|+   -            591 10523at91347         -            514   1.7e-73  245.9   2.6   1   2     2e-19   1.2e-17   61.6   3.0    48   306    54   316    10   323 0.87 NC_016856.1_457 # 517459 # 519231 # 1 # ID=1_457;partial=00;start_type=GTG;rbs_motif=AGGA;rbs_spacer=5-10bp;gc_cont=0.557
NC_016856.1:517459-519231|+   -            591 10523at91347         -            514   1.7e-73  245.9   2.6   2   2   6.6e-56   4.1e-54  181.9   0.0   307   508   352   559   343   569 0.94 NC_016856.1_457 # 517459 # 519231 # 1 # ID=1_457;partial=00;start_type=GTG;rbs_motif=AGGA;rbs_spacer=5-10bp;gc_cont=0.557
NC_016856.1:519224-521005|+   -            594 10523at91347         -            514   5.9e-67  224.3  11.1   1   2     7e-22   4.4e-20   69.7   2.9    76   307    93   324     8   333 0.91 NC_016856.1_458 # 519224 # 521005 # 1 # ID=1_458;partial=00;start_type=ATG;rbs_motif=AGGAG;rbs_spacer=5-10bp;gc_cont=0.577
NC_016856.1:519224-521005|+   -            594 10523at91347         -            514   5.9e-67  224.3  11.1   2   2   3.5e-49   2.2e-47  159.7   1.2   309   513   359   575   352   576 0.90 NC_016856.1_458 # 519224 # 521005 # 1 # ID=1_458;partial=00;start_type=ATG;rbs_motif=AGGAG;rbs_spacer=5-10bp;gc_cont=0.577
NC_016856.1:989955-991676|-   -            574 10523at91347         -            514   9.9e-51  170.8   0.3   1   2   4.7e-07   2.9e-05   20.8   0.5    58   291    66   301     6   330 0.65 NC_016856.1_900 # 989955 # 991676 # -1 # ID=1_900;partial=00;start_type=ATG;rbs_motif=AGGAG;rbs_spacer=5-10bp;gc_cont=0.570
NC_016856.1:989955-991676|-   -            574 10523at91347         -            514   9.9e-51  170.8   0.3   2   2   1.4e-45     9e-44  147.8   0.0   315   504   365   557   357   569 0.95 NC_016856.1_900 # 989955 # 991676 # -1 # ID=1_900;partial=00;start_type=ATG;rbs_motif=AGGAG;rbs_spacer=5-10bp;gc_cont=0.570
NC_016856.1:991677-993443|-   -            589 10523at91347         -            514   1.8e-49  166.6   0.0   1   2   3.6e-11   2.3e-09   34.3   0.4    22   252    32   267    11   328 0.84 NC_016856.1_901 # 991677 # 993443 # -1 # ID=1_901;partial=00;start_type=ATG;rbs_motif=None;rbs_spacer=None;gc_cont=0.566
NC_016856.1:991677-993443|-   -            589 10523at91347         -            514   1.8e-49  166.6   0.0   2   2   4.2e-40   2.7e-38  129.8   0.0   315   504   375   568   368   574 0.94 NC_016856.1_901 # 991677 # 993443 # -1 # ID=1_901;partial=00;start_type=ATG;rbs_motif=None;rbs_spacer=None;gc_cont=0.566
NC_016856.1:2371708-2373297|+ -            530 10523at91347         -            514   3.4e-41  139.3   2.5   1   2   1.6e-18   9.9e-17   58.6   0.3   314   500    33   238    14   244 0.75 NC_016856.1_2266 # 2371708 # 2373297 # 1 # ID=1_2266;partial=00;start_type=ATG;rbs_motif=AGxAGG/AGGxGG;rbs_spacer=5-10bp;gc_cont=0.568
NC_016856.1:2371708-2373297|+ -            530 10523at91347         -            514   3.4e-41  139.3   2.5   2   2     2e-24   1.3e-22   78.0   0.1   307   502   302   509   289   516 0.77 NC_016856.1_2266 # 2371708 # 2373297 # 1 # ID=1_2266;partial=00;start_type=ATG;rbs_motif=AGxAGG/AGGxGG;rbs_spacer=5-10bp;gc_cont=0.568
NC_016856.1:919153-921024|+   -            624 10523at91347         -            514   4.5e-33  112.5   5.7   1   2   5.1e-15   3.2e-13   47.0   2.0   315   502    41   252    28   259 0.70 NC_016856.1_830 # 919153 # 921024 # 1 # ID=1_830;partial=00;start_type=GTG;rbs_motif=AGGAG;rbs_spacer=5-10bp;gc_cont=0.575
NC_016856.1:919153-921024|+   -            624 10523at91347         -            514   4.5e-33  112.5   5.7   2   2   8.5e-20   5.4e-18   62.8   0.1   307   502   340   547   332   554 0.82 NC_016856.1_830 # 919153 # 921024 # 1 # ID=1_830;partial=00;start_type=GTG;rbs_motif=AGGAG;rbs_spacer=5-10bp;gc_cont=0.575
NC_016856.1:2894442-2896622|+ -            727 10523at91347         -            514   5.3e-32  109.0   8.6   1   2      0.15       9.4    2.6   7.5    57   306   215   462   170   469 0.66 NC_016856.1_2731 # 2894442 # 2896622 # 1 # ID=1_2731;partial=00;start_type=ATG;rbs_motif=GGAG/GAGG;rbs_spacer=5-10bp;gc_cont=0.569
NC_016856.1:2894442-2896622|+ -            727 10523at91347         -            514   5.3e-32  109.0   8.6   2   2   1.2e-32   7.3e-31  105.2   0.0   315   501   510   701   504   714 0.91 NC_016856.1_2731 # 2894442 # 2896622 # 1 # ID=1_2731;partial=00;start_type=ATG;rbs_motif=GGAG/GAGG;rbs_spacer=5-10bp;gc_cont=0.569
NC_016856.1:4105779-4107284|+ -            502 10523at91347         -            514   4.6e-29   99.3   0.2   1   2   1.8e-18   1.1e-16   58.4   0.0   313   499    27   221    21   230 0.80 NC_016856.1_3865 # 4105779 # 4107284 # 1 # ID=1_3865;partial=00;start_type=ATG;rbs_motif=GGAG/GAGG;rbs_spacer=5-10bp;gc_cont=0.535
NC_016856.1:4105779-4107284|+ -            502 10523at91347         -            514   4.6e-29   99.3   0.2   2   2   1.6e-12     1e-10   38.8   0.0   316   497   278   473   267   484 0.63 NC_016856.1_3865 # 4105779 # 4107284 # 1 # ID=1_3865;partial=00;start_type=ATG;rbs_motif=GGAG/GAGG;rbs_spacer=5-10bp;gc_cont=0.535
NC_016856.1:4512735-4514801|+ -            689 10523at91347         -            514   2.7e-27   93.5   8.4   1   2     0.064         4    3.8  10.6   136   274   276   416   264   449 0.82 NC_016856.1_4210 # 4512735 # 4514801 # 1 # ID=1_4210;partial=00;start_type=ATG;rbs_motif=GGAG/GAGG;rbs_spacer=5-10bp;gc_cont=0.353
NC_016856.1:4512735-4514801|+ -            689 10523at91347         -            514   2.7e-27   93.5   8.4   2   2   1.8e-26   1.1e-24   84.8   0.0   315   499   492   679   481   683 0.92 NC_016856.1_4210 # 4512735 # 4514801 # 1 # ID=1_4210;partial=00;start_type=ATG;rbs_motif=GGAG/GAGG;rbs_spacer=5-10bp;gc_cont=0.353
NC_016856.1:2976186-2977388|+ -            401 10523at91347         -            514   5.1e-25   85.9   0.4   1   1   1.1e-26   7.2e-25   85.5   0.4   315   502    53   248    37   252 0.88 NC_016856.1_2806 # 2976186 # 2977388 # 1 # ID=1_2806;partial=00;start_type=ATG;rbs_motif=4Base/6BMM;rbs_spacer=13-15bp;gc_cont=0.505
NC_016856.1:727107-727832|-   -            242 10523at91347         -            514   1.1e-24   84.8   0.0   1   1   2.3e-26   1.4e-24   84.5   0.0   313   500    24   217    13   225 0.87 NC_016856.1_655 # 727107 # 727832 # -1 # ID=1_655;partial=00;start_type=ATG;rbs_motif=AGGA;rbs_spacer=5-10bp;gc_cont=0.518
NC_016856.1:2336517-2338037|- -            507 10523at91347         -            514   3.1e-24   83.4   0.4   1   2   1.7e-15   1.1e-13   48.6   0.0   308   498    30   228    17   235 0.78 NC_016856.1_2236 # 2336517 # 2338037 # -1 # ID=1_2236;partial=00;start_type=ATG;rbs_motif=GGA/GAG/AGG;rbs_spacer=5-10bp;gc_cont=0.461
NC_016856.1:2336517-2338037|- -            507 10523at91347         -            514   3.1e-24   83.4   0.4   2   2     1e-10   6.4e-09   32.9   0.1   310   497   282   484   276   495 0.70 NC_016856.1_2236 # 2336517 # 2338037 # -1 # ID=1_2236;partial=00;start_type=ATG;rbs_motif=GGA/GAG/AGG;rbs_spacer=5-10bp;gc_cont=0.461
NC_016856.1:978055-980001|+   -            649 10523at91347         -            514   5.5e-24   82.6   0.3   1   2   7.3e-25   4.6e-23   79.5   0.0   313   499    31   223     7   229 0.89 NC_016856.1_888 # 978055 # 980001 # 1 # ID=1_888;partial=00;start_type=ATG;rbs_motif=AGGAG;rbs_spacer=5-10bp;gc_cont=0.544
NC_016856.1:978055-980001|+   -            649 10523at91347         -            514   5.5e-24   82.6   0.3   2   2      0.65        41    0.5   0.2   201   249   533   581   506   595 0.84 NC_016856.1_888 # 978055 # 980001 # 1 # ID=1_888;partial=00;start_type=ATG;rbs_motif=AGGAG;rbs_spacer=5-10bp;gc_cont=0.544
NC_016856.1:3766656-3769397|- -            914 10523at91347         -            514   6.3e-24   82.4   0.0   1   2   2.6e-12   1.6e-10   38.1   0.0   308   502    29   231    19   241 0.81 NC_016856.1_3565 # 3766656 # 3769397 # -1 # ID=1_3565;partial=00;start_type=ATG;rbs_motif=GGAG/GAGG;rbs_spacer=5-10bp;gc_cont=0.580
NC_016856.1:3766656-3769397|- -            914 10523at91347         -            514   6.3e-24   82.4   0.0   2   2   2.3e-13   1.4e-11   41.6   0.0   307   502   292   490   284   497 0.84 NC_016856.1_3565 # 3766656 # 3769397 # -1 # ID=1_3565;partial=00;start_type=ATG;rbs_motif=GGAG/GAGG;rbs_spacer=5-10bp;gc_cont=0.580
NC_016856.1:572673-573689|+   -            339 10523at91347         -            514   9.3e-24   81.8   0.2   1   1   2.1e-25   1.3e-23   81.3   0.2   314   502    30   225    21   235 0.84 NC_016856.1_508 # 572673 # 573689 # 1 # ID=1_508;partial=00;start_type=ATG;rbs_motif=GGAG/GAGG;rbs_spacer=5-10bp;gc_cont=0.561
NC_016856.1:3824031-3825044|- -            338 10523at91347         -            514   1.5e-23   81.1   0.0   1   1   3.8e-25   2.4e-23   80.5   0.0   292   503    25   246     6   252 0.80 NC_016856.1_3606 # 3824031 # 3825044 # -1 # ID=1_3606;partial=00;start_type=ATG;rbs_motif=GGAGG;rbs_spacer=5-10bp;gc_cont=0.571
NC_016856.1:4297086-4298621|+ -            512 10523at91347         -            514   2.2e-23   80.5   0.0   1   2   1.7e-14     1e-12   45.3   0.0   310   501    30   222    18   229 0.77 NC_016856.1_4040 # 4297086 # 4298621 # 1 # ID=1_4040;partial=00;start_type=ATG;rbs_motif=GGAGG;rbs_spacer=3-4bp;gc_cont=0.516
NC_016856.1:4297086-4298621|+ -            512 10523at91347         -            514   2.2e-23   80.5   0.0   2   2   1.3e-10     8e-09   32.5   0.1   315   497   288   481   279   488 0.79 NC_016856.1_4040 # 4297086 # 4298621 # 1 # ID=1_4040;partial=00;start_type=ATG;rbs_motif=GGAGG;rbs_spacer=3-4bp;gc_cont=0.516
NC_016856.1:895794-896516|-   -            241 10523at91347         -            514   3.3e-23   80.0   0.0   1   1   6.9e-25   4.3e-23   79.6   0.0   315   502    26   219    15   224 0.84 NC_016856.1_809 # 895794 # 896516 # -1 # ID=1_809;partial=00;start_type=GTG;rbs_motif=AGGA;rbs_spacer=5-10bp;gc_cont=0.521
NC_016856.1:1270193-1271329|- -            379 10523at91347         -            514   4.2e-23   79.7   0.0   1   1   8.9e-25   5.6e-23   79.2   0.0   315   502    42   231    31   242 0.86 NC_016856.1_1169 # 1270193 # 1271329 # -1 # ID=1_1169;partial=00;start_type=ATG;rbs_motif=None;rbs_spacer=None;gc_cont=0.495
NC_016856.1:962095-962823|-   -            243 10523at91347         -            514   4.4e-23   79.6   0.0   1   1   8.7e-25   5.5e-23   79.3   0.0   315   508    27   230    14   236 0.84 NC_016856.1_874 # 962095 # 962823 # -1 # ID=1_874;partial=00;start_type=ATG;rbs_motif=GGA/GAG/AGG;rbs_spacer=5-10bp;gc_cont=0.536
NC_016856.1:287723-288754|-   -            344 10523at91347         -            514   4.6e-23   79.5   0.1   1   1   9.4e-25   5.9e-23   79.1   0.1   284   502     4   224     1   231 0.82 NC_016856.1_247 # 287723 # 288754 # -1 # ID=1_247;partial=00;start_type=ATG;rbs_motif=None;rbs_spacer=None;gc_cont=0.524
NC_016856.1:2052017-2052769|- -            251 10523at91347         -            514   5.2e-23   79.3   0.0   1   1   1.1e-24   6.7e-23   79.0   0.0   315   502    28   227    15   234 0.82 NC_016856.1_1951 # 2052017 # 2052769 # -1 # ID=1_1951;partial=00;start_type=ATG;rbs_motif=AGGAG/GGAGG;rbs_spacer=11-12bp;gc_cont=0.548
NC_016856.1:883010-884746|-   -            579 10523at91347         -            514   9.9e-23   78.4   0.0   1   2   1.7e-09   1.1e-07   28.8   0.0   314   505    31   223    15   229 0.84 NC_016856.1_799 # 883010 # 884746 # -1 # ID=1_799;partial=00;start_type=ATG;rbs_motif=GGAG/GAGG;rbs_spacer=5-10bp;gc_cont=0.559
NC_016856.1:883010-884746|-   -            579 10523at91347         -            514   9.9e-23   78.4   0.0   2   2   3.9e-15   2.5e-13   47.4   0.0   307   502   345   542   295   550 0.89 NC_016856.1_799 # 883010 # 884746 # -1 # ID=1_799;partial=00;start_type=ATG;rbs_motif=GGAG/GAGG;rbs_spacer=5-10bp;gc_cont=0.559
NC_016856.1:2604182-2605279|- -            366 10523at91347         -            514   1.1e-21   75.0   0.0   1   1   2.3e-23   1.5e-21   74.5   0.0   315   497    27   215    18   221 0.86 NC_016856.1_2482 # 2604182 # 2605279 # -1 # ID=1_2482;partial=00;start_type=ATG;rbs_motif=AGGAG;rbs_spacer=5-10bp;gc_cont=0.583
NC_016856.1:124122-124829|-   -            236 10523at91347         -            514   1.9e-21   74.2   0.0   1   1   3.9e-23   2.4e-21   73.8   0.0   315   502    24   213     8   218 0.84 NC_016856.1_104 # 124122 # 124829 # -1 # ID=1_104;partial=00;start_type=ATG;rbs_motif=None;rbs_spacer=None;gc_cont=0.581
NC_016856.1:2309515-2310462|- -            316 10523at91347         -            514   2.2e-21   74.0   0.0   1   1   5.4e-23   3.4e-21   73.4   0.0   315   502    26   218    14   221 0.86 NC_016856.1_2211 # 2309515 # 2310462 # -1 # ID=1_2211;partial=00;start_type=ATG;rbs_motif=GGAG/GAGG;rbs_spacer=5-10bp;gc_cont=0.581
NC_016856.1:4074433-4075206|- -            258 10523at91347         -            514   3.9e-21   73.2   0.0   1   1   7.9e-23     5e-21   72.8   0.0   315   499    35   232    22   240 0.78 NC_016856.1_3836 # 4074433 # 4075206 # -1 # ID=1_3836;partial=00;start_type=ATG;rbs_motif=AGGA;rbs_spacer=5-10bp;gc_cont=0.522
NC_016856.1:950637-951770|+   -            378 10523at91347         -            514   4.9e-21   72.8   0.0   1   1   1.1e-22   6.8e-21   72.3   0.0   313   502    42   233    31   240 0.85 NC_016856.1_862 # 950637 # 951770 # 1 # ID=1_862;partial=00;start_type=GTG;rbs_motif=GGAG/GAGG;rbs_spacer=5-10bp;gc_cont=0.548
NC_016856.1:563180-563857|+   -            226 10523at91347         -            514   7.5e-21   72.2   0.0   1   1   1.5e-22   9.6e-21   71.9   0.0   308   492    24   210    17   220 0.84 NC_016856.1_498 # 563180 # 563857 # 1 # ID=1_498;partial=00;start_type=ATG;rbs_motif=GGA/GAG/AGG;rbs_spacer=5-10bp;gc_cont=0.475
NC_016856.1:1578501-1579649|- -            383 10523at91347         -            514   1.1e-20   71.6   0.0   1   1   2.5e-22   1.6e-20   71.1   0.0   309   499    24   221    13   226 0.89 NC_016856.1_1492 # 1578501 # 1579649 # -1 # ID=1_1492;partial=00;start_type=ATG;rbs_motif=GGA/GAG/AGG;rbs_spacer=5-10bp;gc_cont=0.529
NC_016856.1:481716-482825|-   -            370 10523at91347         -            514   1.7e-20   71.1   0.0   1   1   3.7e-22   2.3e-20   70.6   0.0   316   504    44   235    34   241 0.85 NC_016856.1_425 # 481716 # 482825 # -1 # ID=1_425;partial=00;start_type=ATG;rbs_motif=GGA/GAG/AGG;rbs_spacer=5-10bp;gc_cont=0.588
NC_016856.1:2513683-2514456|- -            258 10523at91347         -            514   1.9e-19   67.6   0.0   1   1   5.7e-21   3.6e-19   66.7   0.0   315   502    30   235    21   241 0.82 NC_016856.1_2396 # 2513683 # 2514456 # -1 # ID=1_2396;partial=00;start_type=ATG;rbs_motif=GGA/GAG/AGG;rbs_spacer=5-10bp;gc_cont=0.532
NC_016856.1:1110350-1112257|+ -            636 10523at91347         -            514   2.9e-19   67.0   0.0   1   2   6.9e-11   4.3e-09   33.4   0.0   315   500    28   234    16   244 0.75 NC_016856.1_1010 # 1110350 # 1112257 # 1 # ID=1_1010;partial=00;start_type=ATG;rbs_motif=AGGA;rbs_spacer=5-10bp;gc_cont=0.529
NC_016856.1:1110350-1112257|+ -            636 10523at91347         -            514   2.9e-19   67.0   0.0   2   2   8.3e-09   5.2e-07   26.5   0.0   315   495   344   513   334   532 0.74 NC_016856.1_1010 # 1110350 # 1112257 # 1 # ID=1_1010;partial=00;start_type=ATG;rbs_motif=AGGA;rbs_spacer=5-10bp;gc_cont=0.529
NC_016856.1:1262034-1262735|+ -            234 10523at91347         -            514   1.6e-18   64.5   0.0   1   1   3.2e-20     2e-18   64.2   0.0   308   497    26   223     5   228 0.85 NC_016856.1_1161 # 1262034 # 1262735 # 1 # ID=1_1161;partial=00;start_type=ATG;rbs_motif=GGAG/GAGG;rbs_spacer=5-10bp;gc_cont=0.556
NC_016856.1:835836-836612|+   -            259 10523at91347         -            514   5.7e-18   62.7   0.0   1   1   1.6e-19     1e-17   61.8   0.0   309   502    23   220     6   230 0.79 NC_016856.1_752 # 835836 # 836612 # 1 # ID=1_752;partial=00;start_type=ATG;rbs_motif=GGAG/GAGG;rbs_spacer=5-10bp;gc_cont=0.564
NC_016856.1:1846312-1847316|- -            335 10523at91347         -            514   5.9e-18   62.6   0.0   1   1   2.1e-19   1.3e-17   61.5   0.0   310   504    43   250    35   258 0.77 NC_016856.1_1749 # 1846312 # 1847316 # -1 # ID=1_1749;partial=00;start_type=ATG;rbs_motif=GGAGG;rbs_spacer=5-10bp;gc_cont=0.542
NC_016856.1:4464422-4465531|+ -            370 10523at91347         -            514   9.7e-18   61.9   0.0   1   1   2.2e-19   1.4e-17   61.4   0.0   314   502    27   217    14   223 0.86 NC_016856.1_4179 # 4464422 # 4465531 # 1 # ID=1_4179;partial=00;start_type=ATG;rbs_motif=GGAG/GAGG;rbs_spacer=5-10bp;gc_cont=0.577
NC_016856.1:651479-652273|-   -            265 10523at91347         -            514   1.2e-17   61.7   0.0   1   1   2.4e-19   1.5e-17   61.3   0.0   315   502    32   227    20   237 0.82 NC_016856.1_583 # 651479 # 652273 # -1 # ID=1_583;partial=00;start_type=ATG;rbs_motif=AGGAG/GGAGG;rbs_spacer=11-12bp;gc_cont=0.567
NC_016856.1:3751773-3752441|- -            223 10523at91347         -            514   1.6e-17   61.2   0.0   1   1   3.4e-19   2.2e-17   60.8   0.0   309   497    20   215    16   218 0.79 NC_016856.1_3549 # 3751773 # 3752441 # -1 # ID=1_3549;partial=00;start_type=ATG;rbs_motif=GGAG/GAGG;rbs_spacer=5-10bp;gc_cont=0.564
NC_016856.1:3737194-3738264|- -            357 10523at91347         -            514     2e-17   60.9   0.0   1   1   4.1e-19   2.6e-17   60.5   0.0   315   499    29   215    21   225 0.86 NC_016856.1_3534 # 3737194 # 3738264 # -1 # ID=1_3534;partial=00;start_type=ATG;rbs_motif=GGA/GAG/AGG;rbs_spacer=5-10bp;gc_cont=0.580
NC_016856.1:202886-203812|+   -            309 10523at91347         -            514   2.6e-17   60.5   0.0   1   1   5.9e-19   3.7e-17   60.0   0.0   315   501    30   218    24   229 0.86 NC_016856.1_171 # 202886 # 203812 # 1 # ID=1_171;partial=00;start_type=ATG;rbs_motif=GGA/GAG/AGG;rbs_spacer=5-10bp;gc_cont=0.497
NC_016856.1:1735308-1736039|+ -            244 10523at91347         -            514   3.8e-17   60.0   0.0   1   1   7.7e-19   4.8e-17   59.6   0.0   315   502    28   221    16   227 0.81 NC_016856.1_1641 # 1735308 # 1736039 # 1 # ID=1_1641;partial=00;start_type=ATG;rbs_motif=GGAG/GAGG;rbs_spacer=5-10bp;gc_cont=0.434
NC_016856.1:1798850-1799656|+ -            269 10523at91347         -            514     4e-17   59.9   0.1   1   1   3.1e-18     2e-16   57.6   0.1   311   503    34   235    22   246 0.79 NC_016856.1_1702 # 1798850 # 1799656 # 1 # ID=1_1702;partial=00;start_type=ATG;rbs_motif=GGAG/GAGG;rbs_spacer=5-10bp;gc_cont=0.543
NC_016856.1:1847313-1848320|- -            336 10523at91347         -            514   1.9e-15   54.4   0.1   1   1   1.3e-16   8.1e-15   52.3   0.1   308   502    38   250    33   260 0.69 NC_016856.1_1750 # 1847313 # 1848320 # -1 # ID=1_1750;partial=00;start_type=ATG;rbs_motif=AGGAG;rbs_spacer=5-10bp;gc_cont=0.527
NC_016856.1:2152750-2153565|- -            272 10523at91347         -            514   3.4e-15   53.5   0.0   1   1   7.4e-17   4.6e-15   53.1   0.0   318   504    29   221    16   231 0.78 NC_016856.1_2067 # 2152750 # 2153565 # -1 # ID=1_2067;partial=00;start_type=ATG;rbs_motif=AGGA;rbs_spacer=5-10bp;gc_cont=0.523
NC_016856.1:3027520-3028341|+ -            274 10523at91347         -            514   3.8e-15   53.4   0.1   1   1   3.1e-16     2e-14   51.0   0.1   309   501    24   222    19   232 0.74 NC_016856.1_2855 # 3027520 # 3028341 # 1 # ID=1_2855;partial=00;start_type=ATG;rbs_motif=AGGAG;rbs_spacer=5-10bp;gc_cont=0.545
NC_016856.1:3825041-3826024|- -            328 10523at91347         -            514   3.9e-15   53.4   0.5   1   1   1.1e-16   6.7e-15   52.6   0.5   314   502    31   237    18   243 0.70 NC_016856.1_3607 # 3825041 # 3826024 # -1 # ID=1_3607;partial=00;start_type=ATG;rbs_motif=GGAG/GAGG;rbs_spacer=5-10bp;gc_cont=0.568
NC_016856.1:226681-227478|+   -            266 10523at91347         -            514   8.8e-15   52.2   0.0   1   1   1.3e-15     8e-14   49.0   0.0   315   502    36   231    25   239 0.76 NC_016856.1_191 # 226681 # 227478 # 1 # ID=1_191;partial=00;start_type=ATG;rbs_motif=None;rbs_spacer=None;gc_cont=0.589
NC_016856.1:3623691-3625598|+ -            636 10523at91347         -            514   2.9e-14   50.5   0.0   1   4    0.0016     0.099    9.1   0.0   305   337    17    48     9    61 0.81 NC_016856.1_3440 # 3623691 # 3625598 # 1 # ID=1_3440;partial=00;start_type=ATG;rbs_motif=None;rbs_spacer=None;gc_cont=0.575
NC_016856.1:3623691-3625598|+ -            636 10523at91347         -            514   2.9e-14   50.5   0.0   2   4   2.2e-05    0.0014   15.2   0.0   422   500   150   227   146   238 0.84 NC_016856.1_3440 # 3623691 # 3625598 # 1 # ID=1_3440;partial=00;start_type=ATG;rbs_motif=None;rbs_spacer=None;gc_cont=0.575
NC_016856.1:3623691-3625598|+ -            636 10523at91347         -            514   2.9e-14   50.5   0.0   3   4    0.0028      0.18    8.3   0.0   315   346   337   369   326   386 0.77 NC_016856.1_3440 # 3623691 # 3625598 # 1 # ID=1_3440;partial=00;start_type=ATG;rbs_motif=None;rbs_spacer=None;gc_cont=0.575
NC_016856.1:3623691-3625598|+ -            636 10523at91347         -            514   2.9e-14   50.5   0.0   4   4   0.00018     0.011   12.3   0.0   417   495   426   503   418   517 0.82 NC_016856.1_3440 # 3623691 # 3625598 # 1 # ID=1_3440;partial=00;start_type=ATG;rbs_motif=None;rbs_spacer=None;gc_cont=0.575
NC_016856.1:4849992-4851659|- -            556 10523at91347         -            514   6.1e-14   49.4   0.0   1   4      0.19        12    2.2   0.0   313   344    29    61    20    64 0.76 NC_016856.1_4518 # 4849992 # 4851659 # -1 # ID=1_4518;partial=00;start_type=GTG;rbs_motif=AGGA/GGAG/GAGG;rbs_spacer=11-12bp;gc_cont=0.579
NC_016856.1:4849992-4851659|- -            556 10523at91347         -            514   6.1e-14   49.4   0.0   2   4   1.8e-07   1.1e-05   22.2   0.0   422   477   163   216   158   244 0.84 NC_016856.1_4518 # 4849992 # 4851659 # -1 # ID=1_4518;partial=00;start_type=GTG;rbs_motif=AGGA/GGAG/GAGG;rbs_spacer=11-12bp;gc_cont=0.579
NC_016856.1:4849992-4851659|- -            556 10523at91347         -            514   6.1e-14   49.4   0.0   3   4      0.16        10    2.5   0.0   315   337   348   370   337   399 0.79 NC_016856.1_4518 # 4849992 # 4851659 # -1 # ID=1_4518;partial=00;start_type=GTG;rbs_motif=AGGA/GGAG/GAGG;rbs_spacer=11-12bp;gc_cont=0.579
NC_016856.1:4849992-4851659|- -            556 10523at91347         -            514   6.1e-14   49.4   0.0   4   4   6.5e-06   0.00041   17.0   0.0   422   479   445   500   432   535 0.82 NC_016856.1_4518 # 4849992 # 4851659 # -1 # ID=1_4518;partial=00;start_type=GTG;rbs_motif=AGGA/GGAG/GAGG;rbs_spacer=11-12bp;gc_cont=0.579
NC_016856.1:3743067-3743834|- -            256 10523at91347         -            514   1.1e-13   48.5   0.0   1   1   1.1e-14   6.9e-13   45.9   0.0   305   501    19   236    13   240 0.72 NC_016856.1_3541 # 3743067 # 3743834 # -1 # ID=1_3541;partial=00;start_type=ATG;rbs_motif=AGGAG;rbs_spacer=5-10bp;gc_cont=0.578
NC_016856.1:2412315-2413958|- -            548 10523at91347         -            514   1.6e-13   48.0   4.0   1   2     0.053       3.3    4.1   5.4    14   202    13   201     5   255 0.69 NC_016856.1_2310 # 2412315 # 2413958 # -1 # ID=1_2310;partial=00;start_type=ATG;rbs_motif=None;rbs_spacer=None;gc_cont=0.549
NC_016856.1:2412315-2413958|- -            548 10523at91347         -            514   1.6e-13   48.0   4.0   2   2   1.9e-12   1.2e-10   38.6   0.0   314   499   347   529   337   534 0.79 NC_016856.1_2310 # 2412315 # 2413958 # -1 # ID=1_2310;partial=00;start_type=ATG;rbs_motif=None;rbs_spacer=None;gc_cont=0.549
NC_016856.1:567133-567819|+   -            229 10523at91347         -            514   1.8e-13   47.9   0.0   1   1   4.7e-15   2.9e-13   47.2   0.0   314   499    34   226    23   228 0.79 NC_016856.1_503 # 567133 # 567819 # 1 # ID=1_503;partial=00;start_type=ATG;rbs_motif=AGGA;rbs_spacer=5-10bp;gc_cont=0.591
NC_016856.1:847480-848538|+   -            353 10523at91347         -            514   2.3e-13   47.5   0.0   1   1   5.4e-15   3.4e-13   46.9   0.0   318   498    26   208     8   214 0.82 NC_016856.1_764 # 847480 # 848538 # 1 # ID=1_764;partial=00;start_type=ATG;rbs_motif=3Base/5BMM;rbs_spacer=13-15bp;gc_cont=0.559
NC_016856.1:906088-907680|+   -            531 10523at91347         -            514   3.7e-13   46.8   0.0   1   4     0.075       4.7    3.6   0.0   315   337    26    48    16    77 0.74 NC_016856.1_820 # 906088 # 907680 # 1 # ID=1_820;partial=00;start_type=GTG;rbs_motif=AGGA;rbs_spacer=5-10bp;gc_cont=0.533
NC_016856.1:906088-907680|+   -            531 10523at91347         -            514   3.7e-13   46.8   0.0   2   4   5.7e-06   0.00036   17.2   0.0   424   478   158   210   149   219 0.91 NC_016856.1_820 # 906088 # 907680 # 1 # ID=1_820;partial=00;start_type=GTG;rbs_motif=AGGA;rbs_spacer=5-10bp;gc_cont=0.533
NC_016856.1:906088-907680|+   -            531 10523at91347         -            514   3.7e-13   46.8   0.0   3   4      0.37        23    1.3   0.0   315   337   344   366   334   381 0.79 NC_016856.1_820 # 906088 # 907680 # 1 # ID=1_820;partial=00;start_type=GTG;rbs_motif=AGGA;rbs_spacer=5-10bp;gc_cont=0.533
NC_016856.1:906088-907680|+   -            531 10523at91347         -            514   3.7e-13   46.8   0.0   4   4   1.6e-06    0.0001   19.0   0.0   420   478   437   493   430   524 0.82 NC_016856.1_820 # 906088 # 907680 # 1 # ID=1_820;partial=00;start_type=GTG;rbs_motif=AGGA;rbs_spacer=5-10bp;gc_cont=0.533
NC_016856.1:3742352-3743065|- -            238 10523at91347         -            514   6.5e-13   46.0   0.0   1   1   1.4e-14   8.7e-13   45.6   0.0   313   498    28   216    13   224 0.79 NC_016856.1_3540 # 3742352 # 3743065 # -1 # ID=1_3540;partial=00;start_type=ATG;rbs_motif=GGAG/GAGG;rbs_spacer=5-10bp;gc_cont=0.599
NC_016856.1:3497533-3498258|+ -            242 10523at91347         -            514   1.6e-12   44.8   0.0   1   1   3.1e-14     2e-12   44.4   0.0   309   502    21   220    17   230 0.83 NC_016856.1_3304 # 3497533 # 3498258 # 1 # ID=1_3304;partial=00;start_type=ATG;rbs_motif=3Base/5BMM;rbs_spacer=13-15bp;gc_cont=0.550
NC_016856.1:3492842-3493654|- -            271 10523at91347         -            514   4.6e-12   43.2   0.0   1   1   9.4e-14   5.9e-12   42.9   0.0   314   503    32   229    17   235 0.86 NC_016856.1_3298 # 3492842 # 3493654 # -1 # ID=1_3298;partial=00;start_type=ATG;rbs_motif=AGGA;rbs_spacer=5-10bp;gc_cont=0.583
NC_016856.1:3254161-3254838|+ -            226 10523at91347         -            514   8.3e-12   42.4   0.0   1   1   2.5e-13   1.5e-11   41.5   0.0   312   477    23   198    19   219 0.82 NC_016856.1_3065 # 3254161 # 3254838 # 1 # ID=1_3065;partial=00;start_type=ATG;rbs_motif=GGAG/GAGG;rbs_spacer=5-10bp;gc_cont=0.559
NC_016856.1:1998843-1999598|+ -            252 10523at91347         -            514     2e-11   41.1   0.1   1   2     0.053       3.3    4.1   0.0   315   336    29    50    19    69 0.84 NC_016856.1_1896 # 1998843 # 1999598 # 1 # ID=1_1896;partial=00;start_type=ATG;rbs_motif=None;rbs_spacer=None;gc_cont=0.533
NC_016856.1:1998843-1999598|+ -            252 10523at91347         -            514     2e-11   41.1   0.1   2   2   2.1e-11   1.3e-09   35.1   0.0   422   494   121   196   107   207 0.88 NC_016856.1_1896 # 1998843 # 1999598 # 1 # ID=1_1896;partial=00;start_type=ATG;rbs_motif=None;rbs_spacer=None;gc_cont=0.533
NC_016856.1:4486755-4489580|- -            942 10523at91347         -            514   3.6e-11   40.3   2.7   1   4         4   2.5e+02   -2.1   0.0   316   333    24    41    13    44 0.80 NC_016856.1_4203 # 4486755 # 4489580 # -1 # ID=1_4203;partial=00;start_type=ATG;rbs_motif=GGA/GAG/AGG;rbs_spacer=5-10bp;gc_cont=0.571
NC_016856.1:4486755-4489580|- -            942 10523at91347         -            514   3.6e-11   40.3   2.7   2   4    0.0028      0.17    8.3   0.1   418   501   483   569   453   577 0.80 NC_016856.1_4203 # 4486755 # 4489580 # -1 # ID=1_4203;partial=00;start_type=ATG;rbs_motif=GGA/GAG/AGG;rbs_spacer=5-10bp;gc_cont=0.571
NC_016856.1:4486755-4489580|- -            942 10523at91347         -            514   3.6e-11   40.3   2.7   3   4      0.79        50    0.2   0.0   316   334   633   651   622   658 0.75 NC_016856.1_4203 # 4486755 # 4489580 # -1 # ID=1_4203;partial=00;start_type=ATG;rbs_motif=GGA/GAG/AGG;rbs_spacer=5-10bp;gc_cont=0.571
NC_016856.1:4486755-4489580|- -            942 10523at91347         -            514   3.6e-11   40.3   2.7   4   4   1.5e-09   9.3e-08   29.0   0.0   399   490   806   902   790   910 0.84 NC_016856.1_4203 # 4486755 # 4489580 # -1 # ID=1_4203;partial=00;start_type=ATG;rbs_motif=GGA/GAG/AGG;rbs_spacer=5-10bp;gc_cont=0.571
NC_016856.1:843239-844714|-   -            492 10523at91347         -            514   4.3e-11   40.0   0.0   1   3      0.12       7.6    2.9   0.0   314   336    27    49     4    55 0.80 NC_016856.1_759 # 843239 # 844714 # -1 # ID=1_759;partial=00;start_type=ATG;rbs_motif=GGA/GAG/AGG;rbs_spacer=5-10bp;gc_cont=0.554
NC_016856.1:843239-844714|-   -            492 10523at91347         -            514   4.3e-11   40.0   0.0   2   3   0.00027     0.017   11.7   0.0   410   483   124   198   107   225 0.79 NC_016856.1_759 # 843239 # 844714 # -1 # ID=1_759;partial=00;start_type=ATG;rbs_motif=GGA/GAG/AGG;rbs_spacer=5-10bp;gc_cont=0.554
NC_016856.1:843239-844714|-   -            492 10523at91347         -            514   4.3e-11   40.0   0.0   3   3   2.8e-07   1.8e-05   21.5   0.0   317   478   287   460   280   466 0.75 NC_016856.1_759 # 843239 # 844714 # -1 # ID=1_759;partial=00;start_type=ATG;rbs_motif=GGA/GAG/AGG;rbs_spacer=5-10bp;gc_cont=0.554
NC_016856.1:1352502-1353299|+ -            266 10523at91347         -            514   5.8e-11   39.6   0.0   1   1   1.3e-12     8e-11   39.1   0.0   308   499    27   226    25   231 0.79 NC_016856.1_1265 # 1352502 # 1353299 # 1 # ID=1_1265;partial=00;start_type=ATG;rbs_motif=AGGAG;rbs_spacer=5-10bp;gc_cont=0.554
NC_016856.1:1797856-1798848|+ -            331 10523at91347         -            514   3.7e-10   36.9   0.0   1   2     0.001     0.064    9.7   0.0   314   372    31    92    18    98 0.68 NC_016856.1_1701 # 1797856 # 1798848 # 1 # ID=1_1701;partial=00;start_type=ATG;rbs_motif=GGxGG;rbs_spacer=5-10bp;gc_cont=0.519
NC_016856.1:1797856-1798848|+ -            331 10523at91347         -            514   3.7e-10   36.9   0.0   2   2   2.3e-08   1.4e-06   25.1   0.0   422   500   159   240   156   246 0.91 NC_016856.1_1701 # 1797856 # 1798848 # 1 # ID=1_1701;partial=00;start_type=ATG;rbs_motif=GGxGG;rbs_spacer=5-10bp;gc_cont=0.519
NC_016856.1:1464172-1464918|+ -            249 10523at91347         -            514   3.9e-10   36.9   0.0   1   1   1.7e-11   1.1e-09   35.4   0.0   316   510    27   237    20   241 0.75 NC_016856.1_1376 # 1464172 # 1464918 # 1 # ID=1_1376;partial=00;start_type=ATG;rbs_motif=AGGA;rbs_spacer=5-10bp;gc_cont=0.526
NC_016856.1:1353293-1353883|+ -            197 10523at91347         -            514   1.7e-08   31.4   0.0   1   2    0.0057      0.36    7.3   0.0   308   353    18    65     3    77 0.86 NC_016856.1_1266 # 1353293 # 1353883 # 1 # ID=1_1266;partial=00;start_type=ATG;rbs_motif=GGAG/GAGG;rbs_spacer=5-10bp;gc_cont=0.574
NC_016856.1:1353293-1353883|+ -            197 10523at91347         -            514   1.7e-08   31.4   0.0   2   2   1.7e-07   1.1e-05   22.2   0.1   421   483   121   185   115   191 0.89 NC_016856.1_1266 # 1353293 # 1353883 # 1 # ID=1_1266;partial=00;start_type=ATG;rbs_motif=GGAG/GAGG;rbs_spacer=5-10bp;gc_cont=0.574
NC_016856.1:1431170-1431919|+ -            250 10523at91347         -            514   5.7e-07   26.4   0.0   1   1   3.3e-08   2.1e-06   24.6   0.0   315   502    25   216    21   220 0.79 NC_016856.1_1348 # 1431170 # 1431919 # 1 # ID=1_1348;partial=00;start_type=ATG;rbs_motif=None;rbs_spacer=None;gc_cont=0.565
NC_016856.1:3254832-3255488|+ -            219 10523at91347         -            514   3.5e-06   23.8   0.0   1   1   7.3e-08   4.6e-06   23.4   0.0   315   496    28   213    19   217 0.78 NC_016856.1_3066 # 3254832 # 3255488 # 1 # ID=1_3066;partial=00;start_type=ATG;rbs_motif=4Base/6BMM;rbs_spacer=13-15bp;gc_cont=0.583
NC_016856.1:2404598-2405215|- -            206 10523at91347         -            514   1.4e-05   21.8   0.0   1   2     0.021       1.3    5.4   0.0   314   355    25    67    15    81 0.77 NC_016856.1_2300 # 2404598 # 2405215 # -1 # ID=1_2300;partial=00;start_type=ATG;rbs_motif=GGA/GAG/AGG;rbs_spacer=5-10bp;gc_cont=0.727
NC_016856.1:2404598-2405215|- -            206 10523at91347         -            514   1.4e-05   21.8   0.0   2   2   3.4e-05    0.0022   14.6   0.0   421   460   125   164   113   184 0.85 NC_016856.1_2300 # 2404598 # 2405215 # -1 # ID=1_2300;partial=00;start_type=ATG;rbs_motif=GGA/GAG/AGG;rbs_spacer=5-10bp;gc_cont=0.727
NC_016856.1:4031665-4032291|- -            209 10523at91347         -            514   1.5e-05   21.8   0.0   1   2     0.022       1.4    5.4   0.0   314   355    28    70    18    84 0.77 NC_016856.1_3800 # 4031665 # 4032291 # -1 # ID=1_3800;partial=00;start_type=ATG;rbs_motif=None;rbs_spacer=None;gc_cont=0.721
NC_016856.1:4031665-4032291|- -            209 10523at91347         -            514   1.5e-05   21.8   0.0   2   2   3.5e-05    0.0022   14.6   0.0   421   460   128   167   116   187 0.85 NC_016856.1_3800 # 4031665 # 4032291 # -1 # ID=1_3800;partial=00;start_type=ATG;rbs_motif=None;rbs_spacer=None;gc_cont=0.721
NC_016856.1:788607-789317|+   -            237 10523at91347         -            514    0.0002   18.0   0.0   1   2    0.0005     0.031   10.8   0.0   307   340    48    82    24    89 0.83 NC_016856.1_708 # 788607 # 789317 # 1 # ID=1_708;partial=00;start_type=ATG;rbs_motif=None;rbs_spacer=None;gc_cont=0.397
NC_016856.1:788607-789317|+   -            237 10523at91347         -            514    0.0002   18.0   0.0   2   2     0.022       1.4    5.4   0.0   436   501   167   234   151   236 0.82 NC_016856.1_708 # 788607 # 789317 # 1 # ID=1_708;partial=00;start_type=ATG;rbs_motif=None;rbs_spacer=None;gc_cont=0.397
NC_016856.1:394586-397753|-   -           1056 10523at91347         -            514     0.088    9.3   7.0   1   2   0.00016    0.0099   12.4   0.9   109   162   325   378   315   393 0.87 NC_016856.1_348 # 394586 # 397753 # -1 # ID=1_348;partial=00;start_type=ATG;rbs_motif=AGxAGG/AGGxGG;rbs_spacer=5-10bp;gc_cont=0.567
NC_016856.1:394586-397753|-   -           1056 10523at91347         -            514     0.088    9.3   7.0   2   2         2   1.3e+02   -1.2   0.7   137   162   893   918   872   929 0.71 NC_016856.1_348 # 394586 # 397753 # -1 # ID=1_348;partial=00;start_type=ATG;rbs_motif=AGxAGG/AGGxGG;rbs_spacer=5-10bp;gc_cont=0.567
#
# Program:         hmmsearch
# Version:         3.4 (Aug 2023)
# Pipeline mode:   SEARCH
# Query file:      /Users/dizzler/Projects/School/BIOL4600-Capstone/busco_downloads/lineages/enterobacterales_odb10/hmms/10523at91347.hmm
# Target file:     reports/busco-results/GCF_000022165.1_ASM2216v1_genomic.fna/prodigal_output/predicted_genes/predicted.faa
# Option settings: hmmsearch --domtblout reports/busco-results/GCF_000022165.1_ASM2216v1_genomic.fna/run_enterobacterales_odb10/hmmer_output/10523at91347.out --cpu 1 /Users/dizzler/Projects/School/BIOL4600-Capstone/busco_downloads/lineages/enterobacterales_odb10/hmms/10523at91347.hmm reports/busco-results/GCF_000022165.1_ASM2216v1_genomic.fna/prodigal_output/predicted_genes/predicted.faa 
# Current dir:     /Users/dizzler/Projects/School/BIOL4600-Capstone
# Date:            Sat Feb 21 23:24:23 2026
# [ok]
