#                                                                                     --- full sequence --- -------------- this domain -------------   hmm coord   ali coord   env coord
# target name                 accession   tlen query name           accession   qlen   E-value  score  bias   #  of  c-Evalue  i-Evalue  score  bias  from    to  from    to  from    to  acc description of target
#         ------------------- ---------- ----- -------------------- ---------- ----- --------- ------ ----- --- --- --------- --------- ------ ----- ----- ----- ----- ----- ----- ----- ---- ---------------------
NC_016856.1:2703009-2704481|- -            491 13669at91347         -            358  1.6e-153  508.7   0.0   1   2   1.7e-42   5.2e-40  135.3   0.0     1   120     1   158     1   160 0.88 NC_016856.1_2558 # 2703009 # 2704481 # -1 # ID=1_2558;partial=00;start_type=ATG;rbs_motif=GGAG/GAGG;rbs_spacer=5-10bp;gc_cont=0.547
NC_016856.1:2703009-2704481|- -            491 13669at91347         -            358  1.6e-153  508.7   0.0   2   2    3e-114  9.4e-112  371.3   0.0   120   358   202   464   199   464 0.93 NC_016856.1_2558 # 2703009 # 2704481 # -1 # ID=1_2558;partial=00;start_type=ATG;rbs_motif=GGAG/GAGG;rbs_spacer=5-10bp;gc_cont=0.547
NC_016856.1:2775478-2776383|- -            302 13669at91347         -            358   6.9e-21   72.4   0.0   1   1   3.1e-23   9.7e-21   72.0   0.0   123   274    11   172     7   214 0.80 NC_016856.1_2620 # 2775478 # 2776383 # -1 # ID=1_2620;partial=00;start_type=ATG;rbs_motif=GGAG/GAGG;rbs_spacer=5-10bp;gc_cont=0.518
NC_016856.1:4061906-4063270|+ -            455 13669at91347         -            358   5.2e-18   63.0   0.0   1   1   2.1e-20   6.6e-18   62.6   0.0   114   232   210   338   158   370 0.81 NC_016856.1_3823 # 4061906 # 4063270 # 1 # ID=1_3823;partial=00;start_type=ATG;rbs_motif=GGA/GAG/AGG;rbs_spacer=5-10bp;gc_cont=0.596
NC_016856.1:4617786-4619066|+ -            427 13669at91347         -            358   1.3e-10   38.7   0.0   1   1   7.6e-13   2.4e-10   37.8   0.0   118   275   195   361   176   371 0.77 NC_016856.1_4304 # 4617786 # 4619066 # 1 # ID=1_4304;partial=00;start_type=TTG;rbs_motif=GGAG/GAGG;rbs_spacer=5-10bp;gc_cont=0.540
NC_016856.1:3678034-3680352|+ -            773 13669at91347         -            358   1.3e-08   32.0   0.8   1   2   2.2e-09   6.7e-07   26.4   0.0     3    49     4    49     2    54 0.92 NC_016856.1_3487 # 3678034 # 3680352 # 1 # ID=1_3487;partial=00;start_type=ATG;rbs_motif=GGA/GAG/AGG;rbs_spacer=5-10bp;gc_cont=0.563
NC_016856.1:3678034-3680352|+ -            773 13669at91347         -            358   1.3e-08   32.0   0.8   2   2     0.017       5.3    3.7   0.2   194   239    85   131    67   176 0.83 NC_016856.1_3487 # 3678034 # 3680352 # 1 # ID=1_3487;partial=00;start_type=ATG;rbs_motif=GGA/GAG/AGG;rbs_spacer=5-10bp;gc_cont=0.563
NC_016856.1:4222836-4223468|- -            211 13669at91347         -            358   9.1e-08   29.3   0.0   1   1   6.1e-10   1.9e-07   28.2   0.0   120   276    26   198    12   201 0.73 NC_016856.1_3965 # 4222836 # 4223468 # -1 # ID=1_3965;partial=00;start_type=TTG;rbs_motif=GGAG/GAGG;rbs_spacer=5-10bp;gc_cont=0.521
NC_016856.1:1892507-1893598|+ -            364 13669at91347         -            358   7.7e-05   19.6   0.0   1   2   5.5e-07   0.00017   18.5   0.0     5    26     5    26     1    45 0.75 NC_016856.1_1787 # 1892507 # 1893598 # 1 # ID=1_1787;partial=00;start_type=ATG;rbs_motif=GGA/GAG/AGG;rbs_spacer=5-10bp;gc_cont=0.527
NC_016856.1:1892507-1893598|+ -            364 13669at91347         -            358   7.7e-05   19.6   0.0   2   2       1.8   5.7e+02   -2.9   0.0   236   266   185   215   182   228 0.79 NC_016856.1_1787 # 1892507 # 1893598 # 1 # ID=1_1787;partial=00;start_type=ATG;rbs_motif=GGA/GAG/AGG;rbs_spacer=5-10bp;gc_cont=0.527
NC_016856.1:3484114-3485286|- -            391 13669at91347         -            358   0.00093   16.1   0.0   1   1   4.8e-06    0.0015   15.4   0.0   122   272   161   329   150   341 0.70 NC_016856.1_3286 # 3484114 # 3485286 # -1 # ID=1_3286;partial=00;start_type=ATG;rbs_motif=GGAG/GAGG;rbs_spacer=5-10bp;gc_cont=0.552
NC_016856.1:3466794-3469472|- -            893 13669at91347         -            358    0.0037   14.1   0.0   1   2   3.9e-05     0.012   12.4   0.0   192   272   461   551   391   566 0.64 NC_016856.1_3271 # 3466794 # 3469472 # -1 # ID=1_3271;partial=00;start_type=ATG;rbs_motif=AGGA;rbs_spacer=5-10bp;gc_cont=0.555
NC_016856.1:3466794-3469472|- -            893 13669at91347         -            358    0.0037   14.1   0.0   2   2       1.6   5.1e+02   -2.8   0.0    49    98   726   782   704   801 0.63 NC_016856.1_3271 # 3466794 # 3469472 # -1 # ID=1_3271;partial=00;start_type=ATG;rbs_motif=AGGA;rbs_spacer=5-10bp;gc_cont=0.555
NC_016856.1:74017-74838|+     -            274 13669at91347         -            358    0.0068   13.2   0.0   1   1     3e-05    0.0094   12.8   0.0    39   114    92   165    84   173 0.82 NC_016856.1_63 # 74017 # 74838 # 1 # ID=1_63;partial=00;start_type=ATG;rbs_motif=GGA/GAG/AGG;rbs_spacer=5-10bp;gc_cont=0.566
NC_016856.1:1110350-1112257|+ -            636 13669at91347         -            358     0.015   12.2   0.1   1   2   0.00065       0.2    8.4   0.0   118   143    27    52    20    61 0.78 NC_016856.1_1010 # 1110350 # 1112257 # 1 # ID=1_1010;partial=00;start_type=ATG;rbs_motif=AGGA;rbs_spacer=5-10bp;gc_cont=0.529
NC_016856.1:1110350-1112257|+ -            636 13669at91347         -            358     0.015   12.2   0.1   2   2     0.094        29    1.3   0.0   121   143   346   368   334   379 0.81 NC_016856.1_1010 # 1110350 # 1112257 # 1 # ID=1_1010;partial=00;start_type=ATG;rbs_motif=AGGA;rbs_spacer=5-10bp;gc_cont=0.529
NC_016856.1:4606469-4607521|- -            351 13669at91347         -            358     0.024   11.4   0.4   1   2     0.053        16    2.1   0.0   225   267   156   201   120   210 0.74 NC_016856.1_4294 # 4606469 # 4607521 # -1 # ID=1_4294;partial=00;start_type=TTG;rbs_motif=AGGAG;rbs_spacer=5-10bp;gc_cont=0.534
NC_016856.1:4606469-4607521|- -            351 13669at91347         -            358     0.024   11.4   0.4   2   2   0.00071      0.22    8.3   0.0   109   147   194   234   184   244 0.60 NC_016856.1_4294 # 4606469 # 4607521 # -1 # ID=1_4294;partial=00;start_type=TTG;rbs_motif=AGGAG;rbs_spacer=5-10bp;gc_cont=0.534
NC_016856.1:906088-907680|+   -            531 13669at91347         -            358     0.024   11.4   1.1   1   2      0.66     2e+02   -1.5   0.1   125   138    32    45    29    50 0.60 NC_016856.1_820 # 906088 # 907680 # 1 # ID=1_820;partial=00;start_type=GTG;rbs_motif=AGGA;rbs_spacer=5-10bp;gc_cont=0.533
NC_016856.1:906088-907680|+   -            531 13669at91347         -            358     0.024   11.4   1.1   2   2   0.00017     0.052   10.3   0.1   112   142   337   367   334   370 0.91 NC_016856.1_820 # 906088 # 907680 # 1 # ID=1_820;partial=00;start_type=GTG;rbs_motif=AGGA;rbs_spacer=5-10bp;gc_cont=0.533
NC_016856.1:3623691-3625598|+ -            636 13669at91347         -            358     0.045   10.6   0.5   1   2    0.0096         3    4.6   0.1   122   140    29    47    11    58 0.68 NC_016856.1_3440 # 3623691 # 3625598 # 1 # ID=1_3440;partial=00;start_type=ATG;rbs_motif=None;rbs_spacer=None;gc_cont=0.575
NC_016856.1:3623691-3625598|+ -            636 13669at91347         -            358     0.045   10.6   0.5   2   2     0.015       4.8    3.9   0.1   122   142   340   360   331   364 0.79 NC_016856.1_3440 # 3623691 # 3625598 # 1 # ID=1_3440;partial=00;start_type=ATG;rbs_motif=None;rbs_spacer=None;gc_cont=0.575
NC_016856.1:2937808-2941461|+ -           1218 13669at91347         -            358     0.047   10.5   2.5   1   3     0.065        20    1.8   0.0   122   137   369   384   358   391 0.72 NC_016856.1_2769 # 2937808 # 2941461 # 1 # ID=1_2769;partial=00;start_type=ATG;rbs_motif=AGGAG;rbs_spacer=5-10bp;gc_cont=0.590
NC_016856.1:2937808-2941461|+ -           1218 13669at91347         -            358     0.047   10.5   2.5   2   3    0.0031      0.96    6.2   0.1   122   140   995  1013   985  1016 0.73 NC_016856.1_2769 # 2937808 # 2941461 # 1 # ID=1_2769;partial=00;start_type=ATG;rbs_motif=AGGAG;rbs_spacer=5-10bp;gc_cont=0.590
NC_016856.1:2937808-2941461|+ -           1218 13669at91347         -            358     0.047   10.5   2.5   3   3      0.19        60    0.3   0.1    23    55  1152  1183  1144  1188 0.83 NC_016856.1_2769 # 2937808 # 2941461 # 1 # ID=1_2769;partial=00;start_type=ATG;rbs_motif=AGGAG;rbs_spacer=5-10bp;gc_cont=0.590
#
# Program:         hmmsearch
# Version:         3.4 (Aug 2023)
# Pipeline mode:   SEARCH
# Query file:      /Users/dizzler/Projects/School/BIOL4600-Capstone/busco_downloads/lineages/enterobacterales_odb10/hmms/13669at91347.hmm
# Target file:     reports/busco-results/GCF_000022165.1_ASM2216v1_genomic.fna/prodigal_output/predicted_genes/predicted.faa
# Option settings: hmmsearch --domtblout reports/busco-results/GCF_000022165.1_ASM2216v1_genomic.fna/run_enterobacterales_odb10/hmmer_output/13669at91347.out --cpu 1 /Users/dizzler/Projects/School/BIOL4600-Capstone/busco_downloads/lineages/enterobacterales_odb10/hmms/13669at91347.hmm reports/busco-results/GCF_000022165.1_ASM2216v1_genomic.fna/prodigal_output/predicted_genes/predicted.faa 
# Current dir:     /Users/dizzler/Projects/School/BIOL4600-Capstone
# Date:            Sat Feb 21 23:24:24 2026
# [ok]
