#                                                                                     --- full sequence --- -------------- this domain -------------   hmm coord   ali coord   env coord
# target name                 accession   tlen query name           accession   qlen   E-value  score  bias   #  of  c-Evalue  i-Evalue  score  bias  from    to  from    to  from    to  acc description of target
#         ------------------- ---------- ----- -------------------- ---------- ----- --------- ------ ----- --- --- --------- --------- ------ ----- ----- ----- ----- ----- ----- ----- ---- ---------------------
NC_016856.1:4082728-4084557|- -            610 15960at91347         -            495  1.4e-257  853.4   1.1   1   1    4e-257  2.1e-254  842.9   1.1     1   495     1   609     1   609 0.88 NC_016856.1_3844 # 4082728 # 4084557 # -1 # ID=1_3844;partial=00;start_type=ATG;rbs_motif=AGGA;rbs_spacer=5-10bp;gc_cont=0.545
NC_016856.1:4810309-4811370|+ -            354 15960at91347         -            495   7.8e-16   56.0   0.1   1   1   1.9e-17   9.9e-15   52.4   0.1   208   482    36   337     7   340 0.73 NC_016856.1_4479 # 4810309 # 4811370 # 1 # ID=1_4479;partial=00;start_type=ATG;rbs_motif=GGAG/GAGG;rbs_spacer=5-10bp;gc_cont=0.530
NC_016856.1:633934-634995|-   -            354 15960at91347         -            495   4.6e-13   46.9   0.0   1   1   1.2e-14   6.4e-12   43.1   0.0   211   480    37   333    30   341 0.74 NC_016856.1_566 # 633934 # 634995 # -1 # ID=1_566;partial=00;start_type=ATG;rbs_motif=GGAG/GAGG;rbs_spacer=5-10bp;gc_cont=0.578
NC_016856.1:632881-633867|-   -            329 15960at91347         -            495   1.7e-09   35.1   0.0   1   1   6.1e-11   3.1e-08   31.0   0.0   209   480    19   315     5   326 0.73 NC_016856.1_565 # 632881 # 633867 # -1 # ID=1_565;partial=00;start_type=ATG;rbs_motif=AGGAG;rbs_spacer=5-10bp;gc_cont=0.526
NC_016856.1:2525888-2527405|- -            506 15960at91347         -            495     3e-09   34.3   1.4   1   3   3.4e-10   1.7e-07   28.5   0.5     1    89     1   111     1   124 0.78 NC_016856.1_2407 # 2525888 # 2527405 # -1 # ID=1_2407;partial=00;start_type=ATG;rbs_motif=GGAG/GAGG;rbs_spacer=5-10bp;gc_cont=0.536
NC_016856.1:2525888-2527405|- -            506 15960at91347         -            495     3e-09   34.3   1.4   2   3     0.075        39    1.0   0.0   101   155   156   222   135   242 0.70 NC_016856.1_2407 # 2525888 # 2527405 # -1 # ID=1_2407;partial=00;start_type=ATG;rbs_motif=GGAG/GAGG;rbs_spacer=5-10bp;gc_cont=0.536
NC_016856.1:2525888-2527405|- -            506 15960at91347         -            495     3e-09   34.3   1.4   3   3      0.62   3.2e+02   -2.0   0.0    85   120   404   440   402   455 0.71 NC_016856.1_2407 # 2525888 # 2527405 # -1 # ID=1_2407;partial=00;start_type=ATG;rbs_motif=GGAG/GAGG;rbs_spacer=5-10bp;gc_cont=0.536
NC_016856.1:3787077-3788054|- -            326 15960at91347         -            495   1.6e-08   31.9   0.0   1   1   7.6e-11   3.9e-08   30.6   0.0   210   413    20   243     2   263 0.77 NC_016856.1_3580 # 3787077 # 3788054 # -1 # ID=1_3580;partial=00;start_type=ATG;rbs_motif=GGAG/GAGG;rbs_spacer=5-10bp;gc_cont=0.505
NC_016856.1:4811388-4812398|+ -            337 15960at91347         -            495   2.7e-07   27.9   0.0   1   1   1.8e-09   9.1e-07   26.1   0.0   219   419    43   259    36   287 0.75 NC_016856.1_4480 # 4811388 # 4812398 # 1 # ID=1_4480;partial=00;start_type=ATG;rbs_motif=AGGAG;rbs_spacer=5-10bp;gc_cont=0.505
NC_016856.1:2768132-2769025|- -            298 15960at91347         -            495    0.0019   15.2   0.0   1   1   4.9e-06    0.0025   14.8   0.0   254   332   131   210   126   248 0.81 NC_016856.1_2611 # 2768132 # 2769025 # -1 # ID=1_2611;partial=00;start_type=ATG;rbs_motif=GGAG/GAGG;rbs_spacer=5-10bp;gc_cont=0.569
NC_016856.1:2821795-2822634|+ -            280 15960at91347         -            495    0.0082   13.1   0.1   1   1   2.4e-05     0.012   12.5   0.1   403   474   102   174    96   189 0.87 NC_016856.1_2673 # 2821795 # 2822634 # 1 # ID=1_2673;partial=00;start_type=ATG;rbs_motif=AGGA;rbs_spacer=5-10bp;gc_cont=0.352
#
# Program:         hmmsearch
# Version:         3.4 (Aug 2023)
# Pipeline mode:   SEARCH
# Query file:      /Users/dizzler/Projects/School/BIOL4600-Capstone/databases/lineages/enterobacterales_odb10/hmms/15960at91347.hmm
# Target file:     /Users/dizzler/Projects/School/BIOL4600-Capstone/reports/busco-results/GCF_000022165.1_ASM2216v1_genomic.fna/prodigal_output/predicted_genes/predicted.faa
# Option settings: hmmsearch --domtblout /Users/dizzler/Projects/School/BIOL4600-Capstone/reports/busco-results/GCF_000022165.1_ASM2216v1_genomic.fna/run_enterobacterales_odb10/hmmer_output/15960at91347.out --cpu 1 /Users/dizzler/Projects/School/BIOL4600-Capstone/databases/lineages/enterobacterales_odb10/hmms/15960at91347.hmm /Users/dizzler/Projects/School/BIOL4600-Capstone/reports/busco-results/GCF_000022165.1_ASM2216v1_genomic.fna/prodigal_output/predicted_genes/predicted.faa 
# Current dir:     /Users/dizzler/Projects/School/BIOL4600-Capstone
# Date:            Wed Feb 25 22:55:26 2026
# [ok]
