#                                                                                     --- full sequence --- -------------- this domain -------------   hmm coord   ali coord   env coord
# target name                 accession   tlen query name           accession   qlen   E-value  score  bias   #  of  c-Evalue  i-Evalue  score  bias  from    to  from    to  from    to  acc description of target
#         ------------------- ---------- ----- -------------------- ---------- ----- --------- ------ ----- --- --- --------- --------- ------ ----- ----- ----- ----- ----- ----- ----- ---- ---------------------
NC_016856.1:504778-506049|+   -            424 17277at91347         -            348  8.2e-190  628.2   1.8   1   1  4.8e-192  1.9e-189  627.0   1.8     1   344    12   404    12   413 0.91 NC_016856.1_446 # 504778 # 506049 # 1 # ID=1_446;partial=00;start_type=ATG;rbs_motif=GGAG/GAGG;rbs_spacer=5-10bp;gc_cont=0.528
NC_016856.1:4312735-4314066|- -            444 17277at91347         -            348     8e-48  161.2   1.1   1   3   7.8e-26     3e-23   80.4   0.0    40   134     4   105     1   118 0.89 NC_016856.1_4057 # 4312735 # 4314066 # -1 # ID=1_4057;partial=00;start_type=ATG;rbs_motif=AGGA;rbs_spacer=5-10bp;gc_cont=0.532
NC_016856.1:4312735-4314066|- -            444 17277at91347         -            348     8e-48  161.2   1.1   2   3   2.5e-12   9.6e-10   36.0   0.1   143   219   248   311   226   316 0.83 NC_016856.1_4057 # 4312735 # 4314066 # -1 # ID=1_4057;partial=00;start_type=ATG;rbs_motif=AGGA;rbs_spacer=5-10bp;gc_cont=0.532
NC_016856.1:4312735-4314066|- -            444 17277at91347         -            348     8e-48  161.2   1.1   3   3   3.4e-14   1.3e-11   42.1   0.0   249   343   318   425   312   429 0.81 NC_016856.1_4057 # 4312735 # 4314066 # -1 # ID=1_4057;partial=00;start_type=ATG;rbs_motif=AGGA;rbs_spacer=5-10bp;gc_cont=0.532
NC_016856.1:981027-983303|+   -            759 17277at91347         -            348   8.1e-09   32.9   0.0   1   3   1.8e-07   7.1e-05   20.0   0.0    75   156   203   290   196   296 0.73 NC_016856.1_891 # 981027 # 983303 # 1 # ID=1_891;partial=00;start_type=ATG;rbs_motif=GGAGG;rbs_spacer=5-10bp;gc_cont=0.542
NC_016856.1:981027-983303|+   -            759 17277at91347         -            348   8.1e-09   32.9   0.0   2   3    0.0022      0.85    6.6   0.0    40   108   447   517   422   551 0.82 NC_016856.1_891 # 981027 # 983303 # 1 # ID=1_891;partial=00;start_type=ATG;rbs_motif=GGAGG;rbs_spacer=5-10bp;gc_cont=0.542
NC_016856.1:981027-983303|+   -            759 17277at91347         -            348   8.1e-09   32.9   0.0   3   3     0.045        18    2.2   0.0   244   321   631   710   612   718 0.73 NC_016856.1_891 # 981027 # 983303 # 1 # ID=1_891;partial=00;start_type=ATG;rbs_motif=GGAGG;rbs_spacer=5-10bp;gc_cont=0.542
NC_016856.1:3478585-3480528|- -            648 17277at91347         -            348   7.4e-07   26.5   0.0   1   1     3e-09   1.2e-06   25.8   0.0    80   159   189   262   141   283 0.79 NC_016856.1_3280 # 3478585 # 3480528 # -1 # ID=1_3280;partial=00;start_type=TTG;rbs_motif=GGAG/GAGG;rbs_spacer=5-10bp;gc_cont=0.558
NC_016856.1:2856033-2858606|- -            858 17277at91347         -            348   9.8e-06   22.8   0.0   1   3    0.0079       3.1    4.7   0.0    77   102   197   222   185   281 0.87 NC_016856.1_2703 # 2856033 # 2858606 # -1 # ID=1_2703;partial=00;start_type=ATG;rbs_motif=GGAGG;rbs_spacer=3-4bp;gc_cont=0.533
NC_016856.1:2856033-2858606|- -            858 17277at91347         -            348   9.8e-06   22.8   0.0   2   3   9.6e-06    0.0037   14.3   0.0    38   103   555   622   546   633 0.86 NC_016856.1_2703 # 2856033 # 2858606 # -1 # ID=1_2703;partial=00;start_type=ATG;rbs_motif=GGAGG;rbs_spacer=3-4bp;gc_cont=0.533
NC_016856.1:2856033-2858606|- -            858 17277at91347         -            348   9.8e-06   22.8   0.0   3   3      0.68   2.6e+02   -1.6   0.0   249   275   749   775   743   822 0.81 NC_016856.1_2703 # 2856033 # 2858606 # -1 # ID=1_2703;partial=00;start_type=ATG;rbs_motif=GGAGG;rbs_spacer=3-4bp;gc_cont=0.533
NC_016856.1:3656122-3656643|- -            174 17277at91347         -            348   0.00067   16.8   0.0   1   1   2.2e-06   0.00085   16.4   0.0    78   113     3    38     1    75 0.86 NC_016856.1_3468 # 3656122 # 3656643 # -1 # ID=1_3468;partial=00;start_type=ATG;rbs_motif=AGxAG;rbs_spacer=5-10bp;gc_cont=0.502
NC_016856.1:4120554-4122074|- -            507 17277at91347         -            348    0.0055   13.8   0.0   1   2   3.4e-05     0.013   12.5   0.0    77   103   208   234   179   249 0.84 NC_016856.1_3875 # 4120554 # 4122074 # -1 # ID=1_3875;partial=00;start_type=ATG;rbs_motif=AGGAG;rbs_spacer=5-10bp;gc_cont=0.525
NC_016856.1:4120554-4122074|- -            507 17277at91347         -            348    0.0055   13.8   0.0   2   2       2.7     1e+03   -3.6   0.0   140   158   290   308   289   310 0.81 NC_016856.1_3875 # 4120554 # 4122074 # -1 # ID=1_3875;partial=00;start_type=ATG;rbs_motif=AGGAG;rbs_spacer=5-10bp;gc_cont=0.525
NC_016856.1:1000549-1001892|+ -            448 17277at91347         -            348    0.0061   13.6   0.0   1   1   2.7e-05     0.011   12.8   0.0    81   161    52   123    39   130 0.74 NC_016856.1_906 # 1000549 # 1001892 # 1 # ID=1_906;partial=00;start_type=GTG;rbs_motif=GGAG/GAGG;rbs_spacer=5-10bp;gc_cont=0.570
NC_016856.1:3023940-3026018|+ -            693 17277at91347         -            348     0.014   12.4   0.0   1   1   6.7e-05     0.026   11.5   0.0    65   100   386   423   368   427 0.85 NC_016856.1_2852 # 3023940 # 3026018 # 1 # ID=1_2852;partial=00;start_type=ATG;rbs_motif=GGA/GAG/AGG;rbs_spacer=5-10bp;gc_cont=0.550
NC_016856.1:4616373-4617323|+ -            317 17277at91347         -            348     0.019   12.0   0.1   1   1   8.8e-05     0.034   11.1   0.1    81   113    12    44     6    55 0.86 NC_016856.1_4302 # 4616373 # 4617323 # 1 # ID=1_4302;partial=00;start_type=ATG;rbs_motif=None;rbs_spacer=None;gc_cont=0.544
NC_016856.1:4336288-4337391|- -            368 17277at91347         -            348     0.037   11.0   0.0   1   1   0.00014     0.053   10.5   0.0    78   118    81   122    69   129 0.82 NC_016856.1_4075 # 4336288 # 4337391 # -1 # ID=1_4075;partial=00;start_type=ATG;rbs_motif=AGGAG;rbs_spacer=5-10bp;gc_cont=0.582
NC_016856.1:2000459-2001469|- -            337 17277at91347         -            348     0.045   10.7   0.0   1   1   0.00019     0.074   10.0   0.0    54   121    32    97     9   106 0.75 NC_016856.1_1898 # 2000459 # 2001469 # -1 # ID=1_1898;partial=00;start_type=ATG;rbs_motif=GGAG/GAGG;rbs_spacer=5-10bp;gc_cont=0.573
#
# Program:         hmmsearch
# Version:         3.4 (Aug 2023)
# Pipeline mode:   SEARCH
# Query file:      /Users/dizzler/Projects/School/BIOL4600-Capstone/databases/lineages/enterobacterales_odb10/hmms/17277at91347.hmm
# Target file:     /Users/dizzler/Projects/School/BIOL4600-Capstone/reports/busco-results/GCF_000022165.1_ASM2216v1_genomic.fna/prodigal_output/predicted_genes/predicted.faa
# Option settings: hmmsearch --domtblout /Users/dizzler/Projects/School/BIOL4600-Capstone/reports/busco-results/GCF_000022165.1_ASM2216v1_genomic.fna/run_enterobacterales_odb10/hmmer_output/17277at91347.out --cpu 1 /Users/dizzler/Projects/School/BIOL4600-Capstone/databases/lineages/enterobacterales_odb10/hmms/17277at91347.hmm /Users/dizzler/Projects/School/BIOL4600-Capstone/reports/busco-results/GCF_000022165.1_ASM2216v1_genomic.fna/prodigal_output/predicted_genes/predicted.faa 
# Current dir:     /Users/dizzler/Projects/School/BIOL4600-Capstone
# Date:            Wed Feb 25 22:55:27 2026
# [ok]
