#                                                                                     --- full sequence --- -------------- this domain -------------   hmm coord   ali coord   env coord
# target name                 accession   tlen query name           accession   qlen   E-value  score  bias   #  of  c-Evalue  i-Evalue  score  bias  from    to  from    to  from    to  acc description of target
#         ------------------- ---------- ----- -------------------- ---------- ----- --------- ------ ----- --- --- --------- --------- ------ ----- ----- ----- ----- ----- ----- ----- ---- ---------------------
NC_016856.1:4087804-4089186|- -            461 17649at91347         -            402  2.1e-244  808.7   5.7   1   2     5e-39   3.4e-36  123.1   0.8     1    84     3   102     3   109 0.94 NC_016856.1_3848 # 4087804 # 4089186 # -1 # ID=1_3848;partial=00;start_type=ATG;rbs_motif=GGAG/GAGG;rbs_spacer=5-10bp;gc_cont=0.553
NC_016856.1:4087804-4089186|- -            461 17649at91347         -            402  2.1e-244  808.7   5.7   2   2  1.2e-210  7.8e-208  688.3   0.3    83   399   124   452   119   458 0.97 NC_016856.1_3848 # 4087804 # 4089186 # -1 # ID=1_3848;partial=00;start_type=ATG;rbs_motif=GGAG/GAGG;rbs_spacer=5-10bp;gc_cont=0.553
NC_016856.1:2071314-2072684|+ -            457 17649at91347         -            402   5.9e-36  122.3   0.6   1   1   1.8e-37   1.2e-34  117.9   0.6    84   332   157   409    79   439 0.87 NC_016856.1_1971 # 2071314 # 2072684 # 1 # ID=1_1971;partial=00;start_type=ATG;rbs_motif=GGAG/GAGG;rbs_spacer=5-10bp;gc_cont=0.602
NC_016856.1:1505667-1506968|+ -            434 17649at91347         -            402   1.9e-35  120.6   0.2   1   1   3.9e-36   2.6e-33  113.6   0.2    59   330    90   385    56   412 0.79 NC_016856.1_1420 # 1505667 # 1506968 # 1 # ID=1_1420;partial=00;start_type=ATG;rbs_motif=AGGAG;rbs_spacer=5-10bp;gc_cont=0.512
NC_016856.1:3056914-3058209|- -            432 17649at91347         -            402   1.1e-34  118.1   0.1   1   2      0.19   1.3e+02   -0.7   0.0    44    85    63   103    44   132 0.73 NC_016856.1_2887 # 3056914 # 3058209 # -1 # ID=1_2887;partial=00;start_type=ATG;rbs_motif=None;rbs_spacer=None;gc_cont=0.543
NC_016856.1:3056914-3058209|- -            432 17649at91347         -            402   1.1e-34  118.1   0.1   2   2     6e-37     4e-34  116.3   0.0    86   330   136   382   117   420 0.86 NC_016856.1_2887 # 3056914 # 3058209 # -1 # ID=1_2887;partial=00;start_type=ATG;rbs_motif=None;rbs_spacer=None;gc_cont=0.543
NC_016856.1:4090127-4091668|- -            514 17649at91347         -            402   1.2e-18   65.3   3.4   1   2   4.3e-08   2.9e-05   21.2   0.3    42    84    73   121    61   140 0.68 NC_016856.1_3850 # 4090127 # 4091668 # -1 # ID=1_3850;partial=00;start_type=ATG;rbs_motif=GGA/GAG/AGG;rbs_spacer=5-10bp;gc_cont=0.553
NC_016856.1:4090127-4091668|- -            514 17649at91347         -            402   1.2e-18   65.3   3.4   2   2     5e-15   3.3e-12   44.1   0.2    86   326   146   405   135   437 0.80 NC_016856.1_3850 # 4090127 # 4091668 # -1 # ID=1_3850;partial=00;start_type=ATG;rbs_motif=GGA/GAG/AGG;rbs_spacer=5-10bp;gc_cont=0.553
NC_016856.1:4139275-4140534|+ -            420 17649at91347         -            402   1.8e-08   31.8   0.0   1   1     4e-11   2.7e-08   31.2   0.0    90   312   159   378   152   405 0.87 NC_016856.1_3890 # 4139275 # 4140534 # 1 # ID=1_3890;partial=00;start_type=ATG;rbs_motif=None;rbs_spacer=None;gc_cont=0.529
NC_016856.1:987674-988585|+   -            304 17649at91347         -            402    0.0031   14.5   0.0   1   1   7.5e-06     0.005   13.8   0.0   277   333    34    90    21    95 0.92 NC_016856.1_897 # 987674 # 988585 # 1 # ID=1_897;partial=00;start_type=ATG;rbs_motif=AGGA;rbs_spacer=5-10bp;gc_cont=0.579
#
# Program:         hmmsearch
# Version:         3.4 (Aug 2023)
# Pipeline mode:   SEARCH
# Query file:      /Users/dizzler/Projects/School/BIOL4600-Capstone/busco_downloads/lineages/enterobacterales_odb10/hmms/17649at91347.hmm
# Target file:     reports/busco-results/GCF_000022165.1_ASM2216v1_genomic.fna/prodigal_output/predicted_genes/predicted.faa
# Option settings: hmmsearch --domtblout reports/busco-results/GCF_000022165.1_ASM2216v1_genomic.fna/run_enterobacterales_odb10/hmmer_output/17649at91347.out --cpu 1 /Users/dizzler/Projects/School/BIOL4600-Capstone/busco_downloads/lineages/enterobacterales_odb10/hmms/17649at91347.hmm reports/busco-results/GCF_000022165.1_ASM2216v1_genomic.fna/prodigal_output/predicted_genes/predicted.faa 
# Current dir:     /Users/dizzler/Projects/School/BIOL4600-Capstone
# Date:            Sat Feb 21 23:24:24 2026
# [ok]
