#                                                                                     --- full sequence --- -------------- this domain -------------   hmm coord   ali coord   env coord
# target name                 accession   tlen query name           accession   qlen   E-value  score  bias   #  of  c-Evalue  i-Evalue  score  bias  from    to  from    to  from    to  acc description of target
#         ------------------- ---------- ----- -------------------- ---------- ----- --------- ------ ----- --- --- --------- --------- ------ ----- ----- ----- ----- ----- ----- ----- ---- ---------------------
NC_016856.1:2871119-2872480|- -            454 22268at91347         -            406  4.1e-204  676.0  15.8   1   1  1.7e-206  7.2e-204  675.2  15.8     1   406     1   446     1   446 0.95 NC_016856.1_2718 # 2871119 # 2872480 # -1 # ID=1_2718;partial=00;start_type=ATG;rbs_motif=GGA/GAG/AGG;rbs_spacer=5-10bp;gc_cont=0.550
NC_016856.1:3752444-3753919|- -            492 22268at91347         -            406   6.6e-48  161.6   2.0   1   1   2.2e-50   9.3e-48  161.1   2.0    21   267   211   477   189   490 0.80 NC_016856.1_3550 # 3752444 # 3753919 # -1 # ID=1_3550;partial=00;start_type=ATG;rbs_motif=4Base/6BMM;rbs_spacer=13-15bp;gc_cont=0.551
NC_016856.1:481716-482825|-   -            370 22268at91347         -            406    0.0031   14.4   0.0   1   2   3.9e-05     0.017   12.0   0.0    85   135    33    84    26   112 0.87 NC_016856.1_425 # 481716 # 482825 # -1 # ID=1_425;partial=00;start_type=ATG;rbs_motif=GGA/GAG/AGG;rbs_spacer=5-10bp;gc_cont=0.588
NC_016856.1:481716-482825|-   -            370 22268at91347         -            406    0.0031   14.4   0.0   2   2      0.26   1.1e+02   -0.6   0.0   240   283   214   259   169   261 0.66 NC_016856.1_425 # 481716 # 482825 # -1 # ID=1_425;partial=00;start_type=ATG;rbs_motif=GGA/GAG/AGG;rbs_spacer=5-10bp;gc_cont=0.588
NC_016856.1:3742352-3743065|- -            238 22268at91347         -            406    0.0045   13.9   0.0   1   1   1.6e-05    0.0069   13.3   0.0    83   116    18    51     9    68 0.93 NC_016856.1_3540 # 3742352 # 3743065 # -1 # ID=1_3540;partial=00;start_type=ATG;rbs_motif=GGAG/GAGG;rbs_spacer=5-10bp;gc_cont=0.599
NC_016856.1:883010-884746|-   -            579 22268at91347         -            406     0.011   12.7   0.3   1   2    0.0049       2.1    5.1   0.0    90   122    27    59    21    62 0.83 NC_016856.1_799 # 883010 # 884746 # -1 # ID=1_799;partial=00;start_type=ATG;rbs_motif=GGAG/GAGG;rbs_spacer=5-10bp;gc_cont=0.559
NC_016856.1:883010-884746|-   -            579 22268at91347         -            406     0.011   12.7   0.3   2   2    0.0039       1.7    5.4   0.1    85   134   344   394   323   413 0.78 NC_016856.1_799 # 883010 # 884746 # -1 # ID=1_799;partial=00;start_type=ATG;rbs_motif=GGAG/GAGG;rbs_spacer=5-10bp;gc_cont=0.559
NC_016856.1:2937808-2941461|+ -           1218 22268at91347         -            406     0.011   12.6   0.0   1   2     0.007         3    4.6   0.0    85   119   356   390   351   394 0.92 NC_016856.1_2769 # 2937808 # 2941461 # 1 # ID=1_2769;partial=00;start_type=ATG;rbs_motif=AGGAG;rbs_spacer=5-10bp;gc_cont=0.590
NC_016856.1:2937808-2941461|+ -           1218 22268at91347         -            406     0.011   12.6   0.0   2   2    0.0037       1.6    5.5   0.0    85   117   982  1014   967  1018 0.89 NC_016856.1_2769 # 2937808 # 2941461 # 1 # ID=1_2769;partial=00;start_type=ATG;rbs_motif=AGGAG;rbs_spacer=5-10bp;gc_cont=0.590
NC_016856.1:2976186-2977388|+ -            401 22268at91347         -            406     0.012   12.5   0.1   1   1   4.8e-05      0.02   11.7   0.1    86   136    44    95    23   114 0.83 NC_016856.1_2806 # 2976186 # 2977388 # 1 # ID=1_2806;partial=00;start_type=ATG;rbs_motif=4Base/6BMM;rbs_spacer=13-15bp;gc_cont=0.505
NC_016856.1:1923507-1924319|+ -            271 22268at91347         -            406     0.016   12.1   0.6   1   2   5.3e-05     0.023   11.6   0.2    97   133     4    41     1    85 0.87 NC_016856.1_1818 # 1923507 # 1924319 # 1 # ID=1_1818;partial=00;start_type=ATG;rbs_motif=AGGA;rbs_spacer=5-10bp;gc_cont=0.518
NC_016856.1:1923507-1924319|+ -            271 22268at91347         -            406     0.016   12.1   0.6   2   2       2.2   9.4e+02   -3.6   0.0   263   283   182   203   170   206 0.72 NC_016856.1_1818 # 1923507 # 1924319 # 1 # ID=1_1818;partial=00;start_type=ATG;rbs_motif=AGGA;rbs_spacer=5-10bp;gc_cont=0.518
NC_016856.1:2152750-2153565|- -            272 22268at91347         -            406     0.031   11.1   0.0   1   2    0.0031       1.3    5.8   0.0    86   125    17    56    12    64 0.87 NC_016856.1_2067 # 2152750 # 2153565 # -1 # ID=1_2067;partial=00;start_type=ATG;rbs_motif=AGGA;rbs_spacer=5-10bp;gc_cont=0.523
NC_016856.1:2152750-2153565|- -            272 22268at91347         -            406     0.031   11.1   0.0   2   2     0.019         8    3.2   0.0   101   133   164   196   113   207 0.83 NC_016856.1_2067 # 2152750 # 2153565 # -1 # ID=1_2067;partial=00;start_type=ATG;rbs_motif=AGGA;rbs_spacer=5-10bp;gc_cont=0.523
NC_016856.1:3743067-3743834|- -            256 22268at91347         -            406     0.046   10.6   0.0   1   1   0.00016     0.069   10.0   0.0    85   121    20    56    13    62 0.89 NC_016856.1_3541 # 3743067 # 3743834 # -1 # ID=1_3541;partial=00;start_type=ATG;rbs_motif=AGGAG;rbs_spacer=5-10bp;gc_cont=0.578
NC_016856.1:2309515-2310462|- -            316 22268at91347         -            406     0.056   10.3   0.0   1   1   0.00021     0.088    9.7   0.0    84   122    15    53    12    65 0.91 NC_016856.1_2211 # 2309515 # 2310462 # -1 # ID=1_2211;partial=00;start_type=ATG;rbs_motif=GGAG/GAGG;rbs_spacer=5-10bp;gc_cont=0.581
#
# Program:         hmmsearch
# Version:         3.4 (Aug 2023)
# Pipeline mode:   SEARCH
# Query file:      /Users/dizzler/Projects/School/BIOL4600-Capstone/databases/lineages/enterobacterales_odb10/hmms/22268at91347.hmm
# Target file:     /Users/dizzler/Projects/School/BIOL4600-Capstone/reports/busco-results/GCF_000022165.1_ASM2216v1_genomic.fna/prodigal_output/predicted_genes/predicted.faa
# Option settings: hmmsearch --domtblout /Users/dizzler/Projects/School/BIOL4600-Capstone/reports/busco-results/GCF_000022165.1_ASM2216v1_genomic.fna/run_enterobacterales_odb10/hmmer_output/22268at91347.out --cpu 1 /Users/dizzler/Projects/School/BIOL4600-Capstone/databases/lineages/enterobacterales_odb10/hmms/22268at91347.hmm /Users/dizzler/Projects/School/BIOL4600-Capstone/reports/busco-results/GCF_000022165.1_ASM2216v1_genomic.fna/prodigal_output/predicted_genes/predicted.faa 
# Current dir:     /Users/dizzler/Projects/School/BIOL4600-Capstone
# Date:            Wed Feb 25 22:55:27 2026
# [ok]
