#                                                                                     --- full sequence --- -------------- this domain -------------   hmm coord   ali coord   env coord
# target name                 accession   tlen query name           accession   qlen   E-value  score  bias   #  of  c-Evalue  i-Evalue  score  bias  from    to  from    to  from    to  acc description of target
#         ------------------- ---------- ----- -------------------- ---------- ----- --------- ------ ----- --- --- --------- --------- ------ ----- ----- ----- ----- ----- ----- ----- ---- ---------------------
NC_016856.1:859135-860424|-   -            430 23619at91347         -            365  2.3e-200  663.2   0.5   1   2  2.8e-101   2.2e-98  327.6   0.1     1   173     1   179     1   183 0.95 NC_016856.1_774 # 859135 # 860424 # -1 # ID=1_774;partial=00;start_type=ATG;rbs_motif=None;rbs_spacer=None;gc_cont=0.587
NC_016856.1:859135-860424|-   -            430 23619at91347         -            365  2.3e-200  663.2   0.5   2   2  3.9e-103  3.1e-100  333.7   0.1   167   365   197   421   193   421 0.94 NC_016856.1_774 # 859135 # 860424 # -1 # ID=1_774;partial=00;start_type=ATG;rbs_motif=None;rbs_spacer=None;gc_cont=0.587
NC_016856.1:3402958-3404337|+ -            460 23619at91347         -            365   5.8e-45  151.8   0.0   1   1   4.2e-47   3.3e-44  149.4   0.0    38   299    79   356    67   367 0.78 NC_016856.1_3208 # 3402958 # 3404337 # 1 # ID=1_3208;partial=00;start_type=TTG;rbs_motif=GGAG/GAGG;rbs_spacer=5-10bp;gc_cont=0.543
NC_016856.1:1392170-1393396|+ -            409 23619at91347         -            365   3.1e-36  123.1   0.0   1   1   6.6e-39   5.1e-36  122.4   0.0    32   298    30   304    12   320 0.81 NC_016856.1_1308 # 1392170 # 1393396 # 1 # ID=1_1308;partial=00;start_type=ATG;rbs_motif=GGAG/GAGG;rbs_spacer=5-10bp;gc_cont=0.562
NC_016856.1:3632315-3633532|- -            406 23619at91347         -            365   7.7e-36  121.8   0.0   1   1   1.5e-38   1.2e-35  121.2   0.0    38   303    39   313    17   329 0.79 NC_016856.1_3449 # 3632315 # 3633532 # -1 # ID=1_3449;partial=00;start_type=ATG;rbs_motif=GGxGG;rbs_spacer=5-10bp;gc_cont=0.558
NC_016856.1:2961832-2963115|+ -            428 23619at91347         -            365   9.7e-33  111.6   0.5   1   2   2.3e-10   1.8e-07   28.5   0.0    56   149    56   149    22   171 0.85 NC_016856.1_2788 # 2961832 # 2963115 # 1 # ID=1_2788;partial=00;start_type=ATG;rbs_motif=AGGAG;rbs_spacer=5-10bp;gc_cont=0.579
NC_016856.1:2961832-2963115|+ -            428 23619at91347         -            365   9.7e-33  111.6   0.5   2   2   1.8e-26   1.4e-23   81.5   0.2   170   306   195   328   175   341 0.89 NC_016856.1_2788 # 2961832 # 2963115 # 1 # ID=1_2788;partial=00;start_type=ATG;rbs_motif=AGGAG;rbs_spacer=5-10bp;gc_cont=0.579
NC_016856.1:237915-239195|-   -            427 23619at91347         -            365   2.2e-21   74.2   0.0   1   1     7e-24   5.4e-21   73.0   0.0    32   296    39   318    32   332 0.77 NC_016856.1_202 # 237915 # 239195 # -1 # ID=1_202;partial=00;start_type=ATG;rbs_motif=AGGA;rbs_spacer=5-10bp;gc_cont=0.594
#
# Program:         hmmsearch
# Version:         3.4 (Aug 2023)
# Pipeline mode:   SEARCH
# Query file:      /Users/dizzler/Projects/School/BIOL4600-Capstone/databases/lineages/enterobacterales_odb10/hmms/23619at91347.hmm
# Target file:     /Users/dizzler/Projects/School/BIOL4600-Capstone/reports/busco-results/GCF_000022165.1_ASM2216v1_genomic.fna/prodigal_output/predicted_genes/predicted.faa
# Option settings: hmmsearch --domtblout /Users/dizzler/Projects/School/BIOL4600-Capstone/reports/busco-results/GCF_000022165.1_ASM2216v1_genomic.fna/run_enterobacterales_odb10/hmmer_output/23619at91347.out --cpu 1 /Users/dizzler/Projects/School/BIOL4600-Capstone/databases/lineages/enterobacterales_odb10/hmms/23619at91347.hmm /Users/dizzler/Projects/School/BIOL4600-Capstone/reports/busco-results/GCF_000022165.1_ASM2216v1_genomic.fna/prodigal_output/predicted_genes/predicted.faa 
# Current dir:     /Users/dizzler/Projects/School/BIOL4600-Capstone
# Date:            Wed Feb 25 22:55:27 2026
# [ok]
