#                                                                                     --- full sequence --- -------------- this domain -------------   hmm coord   ali coord   env coord
# target name                 accession   tlen query name           accession   qlen   E-value  score  bias   #  of  c-Evalue  i-Evalue  score  bias  from    to  from    to  from    to  acc description of target
#         ------------------- ---------- ----- -------------------- ---------- ----- --------- ------ ----- --- --- --------- --------- ------ ----- ----- ----- ----- ----- ----- ----- ---- ---------------------
NC_016856.1:3484114-3485286|- -            391 31545at91347         -            292  2.4e-148  491.2   0.2   1   2  7.5e-148  4.3e-145  480.5   0.1     1   273     1   289     1   303 0.95 NC_016856.1_3286 # 3484114 # 3485286 # -1 # ID=1_3286;partial=00;start_type=ATG;rbs_motif=GGAG/GAGG;rbs_spacer=5-10bp;gc_cont=0.552
NC_016856.1:3484114-3485286|- -            391 31545at91347         -            292  2.4e-148  491.2   0.2   2   2   0.00031      0.18    9.1   0.0   273   292   309   332   307   332 0.88 NC_016856.1_3286 # 3484114 # 3485286 # -1 # ID=1_3286;partial=00;start_type=ATG;rbs_motif=GGAG/GAGG;rbs_spacer=5-10bp;gc_cont=0.552
NC_016856.1:1892507-1893598|+ -            364 31545at91347         -            292     2e-14   51.6   0.4   1   2   1.2e-15   6.9e-13   46.5   0.3   151   240     5   111     3   139 0.72 NC_016856.1_1787 # 1892507 # 1893598 # 1 # ID=1_1787;partial=00;start_type=ATG;rbs_motif=GGA/GAG/AGG;rbs_spacer=5-10bp;gc_cont=0.527
NC_016856.1:1892507-1893598|+ -            364 31545at91347         -            292     2e-14   51.6   0.4   2   2      0.61   3.6e+02   -1.8   0.0   156   197   172   213   137   215 0.66 NC_016856.1_1787 # 1892507 # 1893598 # 1 # ID=1_1787;partial=00;start_type=ATG;rbs_motif=GGA/GAG/AGG;rbs_spacer=5-10bp;gc_cont=0.527
NC_016856.1:4617786-4619066|+ -            427 31545at91347         -            292   2.5e-14   51.2   0.0   1   1   7.6e-17   4.4e-14   50.5   0.0   141   273   193   323   167   327 0.78 NC_016856.1_4304 # 4617786 # 4619066 # 1 # ID=1_4304;partial=00;start_type=TTG;rbs_motif=GGAG/GAGG;rbs_spacer=5-10bp;gc_cont=0.540
NC_016856.1:2703009-2704481|- -            491 31545at91347         -            292   1.2e-13   49.0   0.0   1   2   6.9e-11     4e-08   30.9   0.0   151   271     5   122     1   132 0.85 NC_016856.1_2558 # 2703009 # 2704481 # -1 # ID=1_2558;partial=00;start_type=ATG;rbs_motif=GGAG/GAGG;rbs_spacer=5-10bp;gc_cont=0.547
NC_016856.1:2703009-2704481|- -            491 31545at91347         -            292   1.2e-13   49.0   0.0   2   2   2.4e-06    0.0014   16.0   0.0   151   238   205   297   198   327 0.80 NC_016856.1_2558 # 2703009 # 2704481 # -1 # ID=1_2558;partial=00;start_type=ATG;rbs_motif=GGAG/GAGG;rbs_spacer=5-10bp;gc_cont=0.547
NC_016856.1:3678034-3680352|+ -            773 31545at91347         -            292   4.1e-05   21.0   0.0   1   1   1.1e-07   6.2e-05   20.4   0.0   151   206     6    61     3   139 0.85 NC_016856.1_3487 # 3678034 # 3680352 # 1 # ID=1_3487;partial=00;start_type=ATG;rbs_motif=GGA/GAG/AGG;rbs_spacer=5-10bp;gc_cont=0.563
NC_016856.1:4061906-4063270|+ -            455 31545at91347         -            292   0.00078   16.8   0.0   1   1     2e-06    0.0012   16.3   0.0   151   272   219   340   212   350 0.88 NC_016856.1_3823 # 4061906 # 4063270 # 1 # ID=1_3823;partial=00;start_type=ATG;rbs_motif=GGA/GAG/AGG;rbs_spacer=5-10bp;gc_cont=0.596
NC_016856.1:4849992-4851659|- -            556 31545at91347         -            292   0.00097   16.5   0.1   1   2   0.00017       0.1    9.9   0.0   140   169    24    53    10    60 0.88 NC_016856.1_4518 # 4849992 # 4851659 # -1 # ID=1_4518;partial=00;start_type=GTG;rbs_motif=AGGA/GGAG/GAGG;rbs_spacer=11-12bp;gc_cont=0.579
NC_016856.1:4849992-4851659|- -            556 31545at91347         -            292   0.00097   16.5   0.1   2   2    0.0091       5.3    4.2   0.0   149   170   350   371   327   377 0.85 NC_016856.1_4518 # 4849992 # 4851659 # -1 # ID=1_4518;partial=00;start_type=GTG;rbs_motif=AGGA/GGAG/GAGG;rbs_spacer=11-12bp;gc_cont=0.579
NC_016856.1:2775478-2776383|- -            302 31545at91347         -            292     0.011   13.1   0.2   1   2   3.8e-05     0.022   12.1   0.0   151   212    11    73     6   133 0.83 NC_016856.1_2620 # 2775478 # 2776383 # -1 # ID=1_2620;partial=00;start_type=ATG;rbs_motif=GGAG/GAGG;rbs_spacer=5-10bp;gc_cont=0.518
NC_016856.1:2775478-2776383|- -            302 31545at91347         -            292     0.011   13.1   0.2   2   2       1.8     1e+03   -3.3   0.0    72   136   241   268   230   282 0.50 NC_016856.1_2620 # 2775478 # 2776383 # -1 # ID=1_2620;partial=00;start_type=ATG;rbs_motif=GGAG/GAGG;rbs_spacer=5-10bp;gc_cont=0.518
#
# Program:         hmmsearch
# Version:         3.4 (Aug 2023)
# Pipeline mode:   SEARCH
# Query file:      /Users/dizzler/Projects/School/BIOL4600-Capstone/databases/lineages/enterobacterales_odb10/hmms/31545at91347.hmm
# Target file:     /Users/dizzler/Projects/School/BIOL4600-Capstone/reports/busco-results/GCF_000022165.1_ASM2216v1_genomic.fna/prodigal_output/predicted_genes/predicted.faa
# Option settings: hmmsearch --domtblout /Users/dizzler/Projects/School/BIOL4600-Capstone/reports/busco-results/GCF_000022165.1_ASM2216v1_genomic.fna/run_enterobacterales_odb10/hmmer_output/31545at91347.out --cpu 1 /Users/dizzler/Projects/School/BIOL4600-Capstone/databases/lineages/enterobacterales_odb10/hmms/31545at91347.hmm /Users/dizzler/Projects/School/BIOL4600-Capstone/reports/busco-results/GCF_000022165.1_ASM2216v1_genomic.fna/prodigal_output/predicted_genes/predicted.faa 
# Current dir:     /Users/dizzler/Projects/School/BIOL4600-Capstone
# Date:            Wed Feb 25 22:55:27 2026
# [ok]
