#                                                                                     --- full sequence --- -------------- this domain -------------   hmm coord   ali coord   env coord
# target name                 accession   tlen query name           accession   qlen   E-value  score  bias   #  of  c-Evalue  i-Evalue  score  bias  from    to  from    to  from    to  acc description of target
#         ------------------- ---------- ----- -------------------- ---------- ----- --------- ------ ----- --- --- --------- --------- ------ ----- ----- ----- ----- ----- ----- ----- ---- ---------------------
NC_016856.1:1833768-1834961|+ -            398 33224at91347         -            349  4.9e-207  684.7   0.1   1   1  7.1e-210  6.6e-207  684.3   0.1     1   349     3   387     3   387 0.95 NC_016856.1_1732 # 1833768 # 1834961 # 1 # ID=1_1732;partial=00;start_type=ATG;rbs_motif=AGGA;rbs_spacer=5-10bp;gc_cont=0.564
NC_016856.1:2603203-2604114|- -            304 33224at91347         -            349   4.7e-06   23.8   0.1   1   2     1e-06   0.00093   16.2   0.0    43   149    10   116     2   133 0.83 NC_016856.1_2481 # 2603203 # 2604114 # -1 # ID=1_2481;partial=00;start_type=GTG;rbs_motif=GGA/GAG/AGG;rbs_spacer=5-10bp;gc_cont=0.572
NC_016856.1:2603203-2604114|- -            304 33224at91347         -            349   4.7e-06   23.8   0.1   2   2    0.0016       1.5    5.6   0.0   306   348   245   289   226   290 0.81 NC_016856.1_2481 # 2603203 # 2604114 # -1 # ID=1_2481;partial=00;start_type=GTG;rbs_motif=GGA/GAG/AGG;rbs_spacer=5-10bp;gc_cont=0.572
NC_016856.1:3429639-3430628|- -            330 33224at91347         -            349     2e-05   21.7   1.6   1   2   2.4e-07   0.00022   18.3   0.0    44   122    28   106    12   118 0.87 NC_016856.1_3234 # 3429639 # 3430628 # -1 # ID=1_3234;partial=00;start_type=ATG;rbs_motif=GGAG/GAGG;rbs_spacer=5-10bp;gc_cont=0.465
NC_016856.1:3429639-3430628|- -            330 33224at91347         -            349     2e-05   21.7   1.6   2   2     0.014        13    2.6   0.3   189   233   162   211   138   233 0.72 NC_016856.1_3234 # 3429639 # 3430628 # -1 # ID=1_3234;partial=00;start_type=ATG;rbs_motif=GGAG/GAGG;rbs_spacer=5-10bp;gc_cont=0.465
NC_016856.1:2594783-2595754|+ -            324 33224at91347         -            349     0.006   13.5   0.0   1   2     0.036        33    1.2   0.0    95   173    66   141    58   192 0.71 NC_016856.1_2471 # 2594783 # 2595754 # 1 # ID=1_2471;partial=00;start_type=ATG;rbs_motif=AGGA;rbs_spacer=5-10bp;gc_cont=0.534
NC_016856.1:2594783-2595754|+ -            324 33224at91347         -            349     0.006   13.5   0.0   2   2   6.6e-05     0.062   10.2   0.0   294   343   246   304   236   310 0.73 NC_016856.1_2471 # 2594783 # 2595754 # 1 # ID=1_2471;partial=00;start_type=ATG;rbs_motif=AGGA;rbs_spacer=5-10bp;gc_cont=0.534
NC_016856.1:4127531-4129075|+ -            515 33224at91347         -            349     0.025   11.5   0.2   1   1     5e-05     0.046   10.6   0.2    40   126    28   114    14   218 0.78 NC_016856.1_3880 # 4127531 # 4129075 # 1 # ID=1_3880;partial=00;start_type=ATG;rbs_motif=GGAGG;rbs_spacer=5-10bp;gc_cont=0.573
#
# Program:         hmmsearch
# Version:         3.4 (Aug 2023)
# Pipeline mode:   SEARCH
# Query file:      /Users/dizzler/Projects/School/BIOL4600-Capstone/databases/lineages/enterobacterales_odb10/hmms/33224at91347.hmm
# Target file:     /Users/dizzler/Projects/School/BIOL4600-Capstone/reports/busco-results/GCF_000022165.1_ASM2216v1_genomic.fna/prodigal_output/predicted_genes/predicted.faa
# Option settings: hmmsearch --domtblout /Users/dizzler/Projects/School/BIOL4600-Capstone/reports/busco-results/GCF_000022165.1_ASM2216v1_genomic.fna/run_enterobacterales_odb10/hmmer_output/33224at91347.out --cpu 1 /Users/dizzler/Projects/School/BIOL4600-Capstone/databases/lineages/enterobacterales_odb10/hmms/33224at91347.hmm /Users/dizzler/Projects/School/BIOL4600-Capstone/reports/busco-results/GCF_000022165.1_ASM2216v1_genomic.fna/prodigal_output/predicted_genes/predicted.faa 
# Current dir:     /Users/dizzler/Projects/School/BIOL4600-Capstone
# Date:            Wed Feb 25 22:55:27 2026
# [ok]
