#                                                                                     --- full sequence --- -------------- this domain -------------   hmm coord   ali coord   env coord
# target name                 accession   tlen query name           accession   qlen   E-value  score  bias   #  of  c-Evalue  i-Evalue  score  bias  from    to  from    to  from    to  acc description of target
#         ------------------- ---------- ----- -------------------- ---------- ----- --------- ------ ----- --- --- --------- --------- ------ ----- ----- ----- ----- ----- ----- ----- ---- ---------------------
NC_016856.1:2775478-2776383|- -            302 35495at91347         -            238  2.8e-100  332.6   0.1   1   1  2.8e-102   1.6e-99  330.1   0.1     1   238     7   300     7   300 0.88 NC_016856.1_2620 # 2775478 # 2776383 # -1 # ID=1_2620;partial=00;start_type=ATG;rbs_motif=GGAG/GAGG;rbs_spacer=5-10bp;gc_cont=0.518
NC_016856.1:2703009-2704481|- -            491 35495at91347         -            238   2.7e-22   77.3   0.0   1   2   4.2e-11   2.4e-08   31.6   0.0     4   105     4   122     1   125 0.76 NC_016856.1_2558 # 2703009 # 2704481 # -1 # ID=1_2558;partial=00;start_type=ATG;rbs_motif=GGAG/GAGG;rbs_spacer=5-10bp;gc_cont=0.547
NC_016856.1:2703009-2704481|- -            491 35495at91347         -            238   2.7e-22   77.3   0.0   2   2   2.7e-14   1.6e-11   42.0   0.2     5   105   205   325   203   328 0.76 NC_016856.1_2558 # 2703009 # 2704481 # -1 # ID=1_2558;partial=00;start_type=ATG;rbs_motif=GGAG/GAGG;rbs_spacer=5-10bp;gc_cont=0.547
NC_016856.1:4061906-4063270|+ -            455 35495at91347         -            238     1e-07   29.5   0.0   1   1   3.3e-10   1.9e-07   28.7   0.0     5    80   219   306   216   314 0.71 NC_016856.1_3823 # 4061906 # 4063270 # 1 # ID=1_3823;partial=00;start_type=ATG;rbs_motif=GGA/GAG/AGG;rbs_spacer=5-10bp;gc_cont=0.596
NC_016856.1:4617786-4619066|+ -            427 35495at91347         -            238   6.2e-06   23.7   0.0   1   1   1.8e-08     1e-05   23.0   0.0     4   106   199   322   197   328 0.74 NC_016856.1_4304 # 4617786 # 4619066 # 1 # ID=1_4304;partial=00;start_type=TTG;rbs_motif=GGAG/GAGG;rbs_spacer=5-10bp;gc_cont=0.540
NC_016856.1:4222836-4223468|- -            211 35495at91347         -            238   0.00022   18.6   0.0   1   1   6.7e-07   0.00039   17.8   0.0     2    57    25    82    24    94 0.87 NC_016856.1_3965 # 4222836 # 4223468 # -1 # ID=1_3965;partial=00;start_type=TTG;rbs_motif=GGAG/GAGG;rbs_spacer=5-10bp;gc_cont=0.521
NC_016856.1:3466794-3469472|- -            893 35495at91347         -            238   0.00053   17.4   0.0   1   1   1.9e-06    0.0011   16.3   0.0     4   105   395   504   393   507 0.72 NC_016856.1_3271 # 3466794 # 3469472 # -1 # ID=1_3271;partial=00;start_type=ATG;rbs_motif=AGGA;rbs_spacer=5-10bp;gc_cont=0.555
NC_016856.1:1892507-1893598|+ -            364 35495at91347         -            238    0.0011   16.3   0.0   1   1   3.2e-06    0.0019   15.6   0.0     6    27     6    27     2    33 0.87 NC_016856.1_1787 # 1892507 # 1893598 # 1 # ID=1_1787;partial=00;start_type=ATG;rbs_motif=GGA/GAG/AGG;rbs_spacer=5-10bp;gc_cont=0.527
NC_016856.1:3678034-3680352|+ -            773 35495at91347         -            238     0.003   14.9   0.0   1   1   8.3e-06    0.0048   14.2   0.0     5    59     6    62     4   123 0.84 NC_016856.1_3487 # 3678034 # 3680352 # 1 # ID=1_3487;partial=00;start_type=ATG;rbs_motif=GGA/GAG/AGG;rbs_spacer=5-10bp;gc_cont=0.563
#
# Program:         hmmsearch
# Version:         3.4 (Aug 2023)
# Pipeline mode:   SEARCH
# Query file:      /Users/dizzler/Projects/School/BIOL4600-Capstone/busco_downloads/lineages/enterobacterales_odb10/hmms/35495at91347.hmm
# Target file:     reports/busco-results/GCF_000022165.1_ASM2216v1_genomic.fna/prodigal_output/predicted_genes/predicted.faa
# Option settings: hmmsearch --domtblout reports/busco-results/GCF_000022165.1_ASM2216v1_genomic.fna/run_enterobacterales_odb10/hmmer_output/35495at91347.out --cpu 1 /Users/dizzler/Projects/School/BIOL4600-Capstone/busco_downloads/lineages/enterobacterales_odb10/hmms/35495at91347.hmm reports/busco-results/GCF_000022165.1_ASM2216v1_genomic.fna/prodigal_output/predicted_genes/predicted.faa 
# Current dir:     /Users/dizzler/Projects/School/BIOL4600-Capstone
# Date:            Sat Feb 21 23:24:24 2026
# [ok]
