#                                                                                     --- full sequence --- -------------- this domain -------------   hmm coord   ali coord   env coord
# target name                 accession   tlen query name           accession   qlen   E-value  score  bias   #  of  c-Evalue  i-Evalue  score  bias  from    to  from    to  from    to  acc description of target
#         ------------------- ---------- ----- -------------------- ---------- ----- --------- ------ ----- --- --- --------- --------- ------ ----- ----- ----- ----- ----- ----- ----- ---- ---------------------
NC_016856.1:506235-508589|+   -            785 4210at91347          -            683         0 1323.4  17.3   1   2   1.1e-54   8.2e-52  174.3   0.2     1    96     1   101     1   105 0.96 NC_016856.1_447 # 506235 # 508589 # 1 # ID=1_447;partial=00;start_type=ATG;rbs_motif=GGA/GAG/AGG;rbs_spacer=5-10bp;gc_cont=0.540
NC_016856.1:506235-508589|+   -            785 4210at91347          -            683         0 1323.4  17.3   2   2         0         0 1151.2  12.0    96   683   126   771   121   771 0.95 NC_016856.1_447 # 506235 # 508589 # 1 # ID=1_447;partial=00;start_type=ATG;rbs_motif=GGA/GAG/AGG;rbs_spacer=5-10bp;gc_cont=0.540
NC_016856.1:4749510-4751594|- -            695 4210at91347          -            683   1.2e-05   21.8   0.0   1   1   2.5e-08     2e-05   21.1   0.0   532   672   531   677   514   686 0.71 NC_016856.1_4429 # 4749510 # 4751594 # -1 # ID=1_4429;partial=00;start_type=ATG;rbs_motif=GGA/GAG/AGG;rbs_spacer=5-10bp;gc_cont=0.509
NC_016856.1:1116839-1118599|- -            587 4210at91347          -            683   0.00017   18.0   0.0   1   1     3e-07   0.00023   17.5   0.0   594   659   434   510   424   541 0.74 NC_016856.1_1015 # 1116839 # 1118599 # -1 # ID=1_1015;partial=00;start_type=TTG;rbs_motif=None;rbs_spacer=None;gc_cont=0.535
NC_016856.1:4847109-4848491|+ -            461 4210at91347          -            683    0.0014   15.0   0.0   1   1   2.9e-06    0.0023   14.2   0.0   580   680   355   455   347   457 0.83 NC_016856.1_4516 # 4847109 # 4848491 # 1 # ID=1_4516;partial=00;start_type=GTG;rbs_motif=GGAG/GAGG;rbs_spacer=5-10bp;gc_cont=0.597
NC_016856.1:441538-442083|+   -            182 4210at91347          -            683     0.007   12.6   0.0   1   1   1.2e-05    0.0097   12.2   0.0   300   325     5    30     2    35 0.91 NC_016856.1_385 # 441538 # 442083 # 1 # ID=1_385;partial=00;start_type=ATG;rbs_motif=GGA/GAG/AGG;rbs_spacer=5-10bp;gc_cont=0.582
NC_016856.1:3478585-3480528|- -            648 4210at91347          -            683      0.02   11.1   0.3   1   2   4.8e-05     0.037   10.2   0.0   272   319   156   210   138   232 0.77 NC_016856.1_3280 # 3478585 # 3480528 # -1 # ID=1_3280;partial=00;start_type=TTG;rbs_motif=GGAG/GAGG;rbs_spacer=5-10bp;gc_cont=0.558
NC_016856.1:3478585-3480528|- -            648 4210at91347          -            683      0.02   11.1   0.3   2   2      0.61   4.7e+02   -3.3   0.1   254   289   552   587   548   589 0.86 NC_016856.1_3280 # 3478585 # 3480528 # -1 # ID=1_3280;partial=00;start_type=TTG;rbs_motif=GGAG/GAGG;rbs_spacer=5-10bp;gc_cont=0.558
#
# Program:         hmmsearch
# Version:         3.4 (Aug 2023)
# Pipeline mode:   SEARCH
# Query file:      /Users/dizzler/Projects/School/BIOL4600-Capstone/databases/lineages/enterobacterales_odb10/hmms/4210at91347.hmm
# Target file:     /Users/dizzler/Projects/School/BIOL4600-Capstone/reports/busco-results/GCF_000022165.1_ASM2216v1_genomic.fna/prodigal_output/predicted_genes/predicted.faa
# Option settings: hmmsearch --domtblout /Users/dizzler/Projects/School/BIOL4600-Capstone/reports/busco-results/GCF_000022165.1_ASM2216v1_genomic.fna/run_enterobacterales_odb10/hmmer_output/4210at91347.out --cpu 1 /Users/dizzler/Projects/School/BIOL4600-Capstone/databases/lineages/enterobacterales_odb10/hmms/4210at91347.hmm /Users/dizzler/Projects/School/BIOL4600-Capstone/reports/busco-results/GCF_000022165.1_ASM2216v1_genomic.fna/prodigal_output/predicted_genes/predicted.faa 
# Current dir:     /Users/dizzler/Projects/School/BIOL4600-Capstone
# Date:            Wed Feb 25 22:55:27 2026
# [ok]
