#                                                                                     --- full sequence --- -------------- this domain -------------   hmm coord   ali coord   env coord
# target name                 accession   tlen query name           accession   qlen   E-value  score  bias   #  of  c-Evalue  i-Evalue  score  bias  from    to  from    to  from    to  acc description of target
#         ------------------- ---------- ----- -------------------- ---------- ----- --------- ------ ----- --- --- --------- --------- ------ ----- ----- ----- ----- ----- ----- ----- ---- ---------------------
NC_016856.1:4061906-4063270|+ -            455 52476at91347         -            371    3e-171  567.3   0.0   1   1  7.6e-171  3.9e-168  557.1   0.0     1   371     5   454     5   454 0.88 NC_016856.1_3823 # 4061906 # 4063270 # 1 # ID=1_3823;partial=00;start_type=ATG;rbs_motif=GGA/GAG/AGG;rbs_spacer=5-10bp;gc_cont=0.596
NC_016856.1:2703009-2704481|- -            491 52476at91347         -            371   3.2e-36  123.0   0.2   1   2   3.2e-18   1.6e-15   54.9   0.0   187   273     5    92     2    98 0.94 NC_016856.1_2558 # 2703009 # 2704481 # -1 # ID=1_2558;partial=00;start_type=ATG;rbs_motif=GGAG/GAGG;rbs_spacer=5-10bp;gc_cont=0.547
NC_016856.1:2703009-2704481|- -            491 52476at91347         -            371   3.2e-36  123.0   0.2   2   2   1.5e-21   7.9e-19   65.8   0.2   185   273   203   295   199   300 0.94 NC_016856.1_2558 # 2703009 # 2704481 # -1 # ID=1_2558;partial=00;start_type=ATG;rbs_motif=GGAG/GAGG;rbs_spacer=5-10bp;gc_cont=0.547
NC_016856.1:2775478-2776383|- -            302 52476at91347         -            371   2.7e-12   44.3   0.2   1   1   7.9e-15   4.1e-12   43.7   0.2   187   306    11   137     8   173 0.81 NC_016856.1_2620 # 2775478 # 2776383 # -1 # ID=1_2620;partial=00;start_type=ATG;rbs_motif=GGAG/GAGG;rbs_spacer=5-10bp;gc_cont=0.518
NC_016856.1:4617786-4619066|+ -            427 52476at91347         -            371   8.7e-06   22.9   0.3   1   2   6.8e-08   3.5e-05   20.9   0.1   176   281   189   295   172   305 0.79 NC_016856.1_4304 # 4617786 # 4619066 # 1 # ID=1_4304;partial=00;start_type=TTG;rbs_motif=GGAG/GAGG;rbs_spacer=5-10bp;gc_cont=0.540
NC_016856.1:4617786-4619066|+ -            427 52476at91347         -            371   8.7e-06   22.9   0.3   2   2     0.043        22    1.8   0.1   256   289   291   326   289   358 0.78 NC_016856.1_4304 # 4617786 # 4619066 # 1 # ID=1_4304;partial=00;start_type=TTG;rbs_motif=GGAG/GAGG;rbs_spacer=5-10bp;gc_cont=0.540
NC_016856.1:4222836-4223468|- -            211 52476at91347         -            371   0.00014   18.9   0.0   1   2     7e-07   0.00036   17.5   0.0   184   219    26    62     3    77 0.77 NC_016856.1_3965 # 4222836 # 4223468 # -1 # ID=1_3965;partial=00;start_type=TTG;rbs_motif=GGAG/GAGG;rbs_spacer=5-10bp;gc_cont=0.521
NC_016856.1:4222836-4223468|- -            211 52476at91347         -            371   0.00014   18.9   0.0   2   2      0.53   2.7e+02   -1.8   0.0   284   306   173   194   145   199 0.75 NC_016856.1_3965 # 4222836 # 4223468 # -1 # ID=1_3965;partial=00;start_type=TTG;rbs_motif=GGAG/GAGG;rbs_spacer=5-10bp;gc_cont=0.521
NC_016856.1:4606469-4607521|- -            351 52476at91347         -            371    0.0066   13.4   0.1   1   1   2.8e-05     0.014   12.3   0.1   188   214   211   237   168   247 0.88 NC_016856.1_4294 # 4606469 # 4607521 # -1 # ID=1_4294;partial=00;start_type=TTG;rbs_motif=AGGAG;rbs_spacer=5-10bp;gc_cont=0.534
NC_016856.1:1892507-1893598|+ -            364 52476at91347         -            371    0.0069   13.3   0.2   1   1   2.6e-05     0.013   12.4   0.2   184   207     2    25     1   142 0.82 NC_016856.1_1787 # 1892507 # 1893598 # 1 # ID=1_1787;partial=00;start_type=ATG;rbs_motif=GGA/GAG/AGG;rbs_spacer=5-10bp;gc_cont=0.527
NC_016856.1:991677-993443|-   -            589 52476at91347         -            371     0.029   11.3   0.0   1   1   0.00011     0.058   10.3   0.0   180   206   372   398   357   402 0.90 NC_016856.1_901 # 991677 # 993443 # -1 # ID=1_901;partial=00;start_type=ATG;rbs_motif=None;rbs_spacer=None;gc_cont=0.566
NC_016856.1:3678034-3680352|+ -            773 52476at91347         -            371     0.041   10.8   0.0   1   1   0.00011     0.059   10.3   0.0   186   241     5    59     1   101 0.75 NC_016856.1_3487 # 3678034 # 3680352 # 1 # ID=1_3487;partial=00;start_type=ATG;rbs_motif=GGA/GAG/AGG;rbs_spacer=5-10bp;gc_cont=0.563
#
# Program:         hmmsearch
# Version:         3.4 (Aug 2023)
# Pipeline mode:   SEARCH
# Query file:      /Users/dizzler/Projects/School/BIOL4600-Capstone/busco_downloads/lineages/enterobacterales_odb10/hmms/52476at91347.hmm
# Target file:     reports/busco-results/GCF_000022165.1_ASM2216v1_genomic.fna/prodigal_output/predicted_genes/predicted.faa
# Option settings: hmmsearch --domtblout reports/busco-results/GCF_000022165.1_ASM2216v1_genomic.fna/run_enterobacterales_odb10/hmmer_output/52476at91347.out --cpu 1 /Users/dizzler/Projects/School/BIOL4600-Capstone/busco_downloads/lineages/enterobacterales_odb10/hmms/52476at91347.hmm reports/busco-results/GCF_000022165.1_ASM2216v1_genomic.fna/prodigal_output/predicted_genes/predicted.faa 
# Current dir:     /Users/dizzler/Projects/School/BIOL4600-Capstone
# Date:            Sat Feb 21 23:24:25 2026
# [ok]
