#                                                                                     --- full sequence --- -------------- this domain -------------   hmm coord   ali coord   env coord
# target name                 accession   tlen query name           accession   qlen   E-value  score  bias   #  of  c-Evalue  i-Evalue  score  bias  from    to  from    to  from    to  acc description of target
#         ------------------- ---------- ----- -------------------- ---------- ----- --------- ------ ----- --- --- --------- --------- ------ ----- ----- ----- ----- ----- ----- ----- ---- ---------------------
NC_016856.1:2859464-2860444|- -            327 56764at91347         -            265  2.3e-138  458.1   4.4   1   1  4.4e-139  3.4e-136  451.0   4.4     1   264    15   314    15   315 0.92 NC_016856.1_2705 # 2859464 # 2860444 # -1 # ID=1_2705;partial=00;start_type=ATG;rbs_motif=AGxAG;rbs_spacer=5-10bp;gc_cont=0.532
NC_016856.1:1230210-1231253|+ -            348 56764at91347         -            265     1e-42  144.5   0.1   1   2     0.011       8.3    3.9   0.1     2    37    46    81    45   107 0.83 NC_016856.1_1129 # 1230210 # 1231253 # 1 # ID=1_1129;partial=00;start_type=ATG;rbs_motif=None;rbs_spacer=None;gc_cont=0.546
NC_016856.1:1230210-1231253|+ -            348 56764at91347         -            265     1e-42  144.5   0.1   2   2     7e-44   5.4e-41  138.9   0.0    50   264   122   345    98   346 0.87 NC_016856.1_1129 # 1230210 # 1231253 # 1 # ID=1_1129;partial=00;start_type=ATG;rbs_motif=None;rbs_spacer=None;gc_cont=0.546
NC_016856.1:110043-110702|-   -            220 56764at91347         -            265   6.3e-40  135.4   0.0   1   1   9.8e-43   7.6e-40  135.1   0.0    49   250    14   216    12   219 0.88 NC_016856.1_94 # 110043 # 110702 # -1 # ID=1_94;partial=00;start_type=ATG;rbs_motif=GGAG/GAGG;rbs_spacer=5-10bp;gc_cont=0.573
NC_016856.1:3135354-3136136|- -            261 56764at91347         -            265   1.4e-27   94.9   0.1   1   1   2.9e-30   2.2e-27   94.3   0.1    49   252     2   224     1   234 0.78 NC_016856.1_2957 # 3135354 # 3136136 # -1 # ID=1_2957;partial=00;start_type=ATG;rbs_motif=None;rbs_spacer=None;gc_cont=0.584
NC_016856.1:1282422-1283159|- -            246 56764at91347         -            265     0.011   13.3   0.2   1   2    0.0064         5    4.6   0.0   100   124   100   124    85   134 0.84 NC_016856.1_1181 # 1282422 # 1283159 # -1 # ID=1_1181;partial=00;start_type=ATG;rbs_motif=3Base/5BMM;rbs_spacer=13-15bp;gc_cont=0.512
NC_016856.1:1282422-1283159|- -            246 56764at91347         -            265     0.011   13.3   0.2   2   2     0.002       1.5    6.3   0.1   186   213   190   217   182   229 0.85 NC_016856.1_1181 # 1282422 # 1283159 # -1 # ID=1_1181;partial=00;start_type=ATG;rbs_motif=3Base/5BMM;rbs_spacer=13-15bp;gc_cont=0.512
NC_016856.1:1826493-1827368|- -            292 56764at91347         -            265     0.023   12.3   0.0   1   2      0.77     6e+02   -2.2   0.0    16    36    14    34     2    63 0.73 NC_016856.1_1726 # 1826493 # 1827368 # -1 # ID=1_1726;partial=00;start_type=ATG;rbs_motif=AGGA;rbs_spacer=5-10bp;gc_cont=0.567
NC_016856.1:1826493-1827368|- -            292 56764at91347         -            265     0.023   12.3   0.0   2   2   8.1e-05     0.063   10.8   0.0    95   144   102   149    89   159 0.85 NC_016856.1_1726 # 1826493 # 1827368 # -1 # ID=1_1726;partial=00;start_type=ATG;rbs_motif=AGGA;rbs_spacer=5-10bp;gc_cont=0.567
#
# Program:         hmmsearch
# Version:         3.4 (Aug 2023)
# Pipeline mode:   SEARCH
# Query file:      /Users/dizzler/Projects/School/BIOL4600-Capstone/databases/lineages/enterobacterales_odb10/hmms/56764at91347.hmm
# Target file:     /Users/dizzler/Projects/School/BIOL4600-Capstone/reports/busco-results/GCF_000022165.1_ASM2216v1_genomic.fna/prodigal_output/predicted_genes/predicted.faa
# Option settings: hmmsearch --domtblout /Users/dizzler/Projects/School/BIOL4600-Capstone/reports/busco-results/GCF_000022165.1_ASM2216v1_genomic.fna/run_enterobacterales_odb10/hmmer_output/56764at91347.out --cpu 1 /Users/dizzler/Projects/School/BIOL4600-Capstone/databases/lineages/enterobacterales_odb10/hmms/56764at91347.hmm /Users/dizzler/Projects/School/BIOL4600-Capstone/reports/busco-results/GCF_000022165.1_ASM2216v1_genomic.fna/prodigal_output/predicted_genes/predicted.faa 
# Current dir:     /Users/dizzler/Projects/School/BIOL4600-Capstone
# Date:            Wed Feb 25 22:55:28 2026
# [ok]
