#                                                                                   --- full sequence --- -------------- this domain -------------   hmm coord   ali coord   env coord
# target name               accession   tlen query name           accession   qlen   E-value  score  bias   #  of  c-Evalue  i-Evalue  score  bias  from    to  from    to  from    to  acc description of target
#       ------------------- ---------- ----- -------------------- ---------- ----- --------- ------ ----- --- --- --------- --------- ------ ----- ----- ----- ----- ----- ----- ----- ---- ---------------------
NC_016856.1:805058-806266|+ -            403 57147at91347         -            335  1.3e-178  591.1   2.1   1   3   3.1e-36   7.3e-33  112.0   0.7     1   125     1   129     1   135 0.78 NC_016856.1_722 # 805058 # 806266 # 1 # ID=1_722;partial=00;start_type=ATG;rbs_motif=AGGA;rbs_spacer=5-10bp;gc_cont=0.563
NC_016856.1:805058-806266|+ -            403 57147at91347         -            335  1.3e-178  591.1   2.1   2   3     0.018        41    1.1   0.0    74   105   106   148    87   151 0.60 NC_016856.1_722 # 805058 # 806266 # 1 # ID=1_722;partial=00;start_type=ATG;rbs_motif=AGGA;rbs_spacer=5-10bp;gc_cont=0.563
NC_016856.1:805058-806266|+ -            403 57147at91347         -            335  1.3e-178  591.1   2.1   3   3  1.6e-147  3.7e-144  477.9   0.0   104   335   171   402   163   402 0.99 NC_016856.1_722 # 805058 # 806266 # 1 # ID=1_722;partial=00;start_type=ATG;rbs_motif=AGGA;rbs_spacer=5-10bp;gc_cont=0.563
NC_016856.1:179631-181520|+ -            630 57147at91347         -            335   5.4e-57  191.3  15.6   1   4   4.6e-07    0.0011   16.1   1.4     4    74     3    74     1    95 0.81 NC_016856.1_151 # 179631 # 181520 # 1 # ID=1_151;partial=00;start_type=ATG;rbs_motif=GGAG/GAGG;rbs_spacer=5-10bp;gc_cont=0.556
NC_016856.1:179631-181520|+ -            630 57147at91347         -            335   5.4e-57  191.3  15.6   2   4   4.8e-08   0.00011   19.3   0.5     4    74   106   177   103   192 0.83 NC_016856.1_151 # 179631 # 181520 # 1 # ID=1_151;partial=00;start_type=ATG;rbs_motif=GGAG/GAGG;rbs_spacer=5-10bp;gc_cont=0.556
NC_016856.1:179631-181520|+ -            630 57147at91347         -            335   5.4e-57  191.3  15.6   3   4   8.6e-08    0.0002   18.5   0.3     5    74   208   278   205   298 0.81 NC_016856.1_151 # 179631 # 181520 # 1 # ID=1_151;partial=00;start_type=ATG;rbs_motif=GGAG/GAGG;rbs_spacer=5-10bp;gc_cont=0.556
NC_016856.1:179631-181520|+ -            630 57147at91347         -            335   5.4e-57  191.3  15.6   4   4   2.3e-46   5.3e-43  145.3   0.0   106   333   399   629   388   629 0.92 NC_016856.1_151 # 179631 # 181520 # 1 # ID=1_151;partial=00;start_type=ATG;rbs_motif=GGAG/GAGG;rbs_spacer=5-10bp;gc_cont=0.556
#
# Program:         hmmsearch
# Version:         3.4 (Aug 2023)
# Pipeline mode:   SEARCH
# Query file:      /Users/dizzler/Projects/School/BIOL4600-Capstone/databases/lineages/enterobacterales_odb10/hmms/57147at91347.hmm
# Target file:     /Users/dizzler/Projects/School/BIOL4600-Capstone/reports/busco-results/GCF_000022165.1_ASM2216v1_genomic.fna/prodigal_output/predicted_genes/predicted.faa
# Option settings: hmmsearch --domtblout /Users/dizzler/Projects/School/BIOL4600-Capstone/reports/busco-results/GCF_000022165.1_ASM2216v1_genomic.fna/run_enterobacterales_odb10/hmmer_output/57147at91347.out --cpu 1 /Users/dizzler/Projects/School/BIOL4600-Capstone/databases/lineages/enterobacterales_odb10/hmms/57147at91347.hmm /Users/dizzler/Projects/School/BIOL4600-Capstone/reports/busco-results/GCF_000022165.1_ASM2216v1_genomic.fna/prodigal_output/predicted_genes/predicted.faa 
# Current dir:     /Users/dizzler/Projects/School/BIOL4600-Capstone
# Date:            Wed Feb 25 22:55:28 2026
# [ok]
