#                                                                                     --- full sequence --- -------------- this domain -------------   hmm coord   ali coord   env coord
# target name                 accession   tlen query name           accession   qlen   E-value  score  bias   #  of  c-Evalue  i-Evalue  score  bias  from    to  from    to  from    to  acc description of target
#         ------------------- ---------- ----- -------------------- ---------- ----- --------- ------ ----- --- --- --------- --------- ------ ----- ----- ----- ----- ----- ----- ----- ---- ---------------------
NC_016856.1:3651890-3652567|- -            226 58196at91347         -            205  4.8e-111  367.1   0.1   1   1  8.2e-114  5.4e-111  366.9   0.1     1   205     1   217     1   217 0.96 NC_016856.1_3464 # 3651890 # 3652567 # -1 # ID=1_3464;partial=00;start_type=ATG;rbs_motif=AGGAG;rbs_spacer=5-10bp;gc_cont=0.538
NC_016856.1:1715896-1716528|+ -            211 58196at91347         -            205   1.2e-27   94.7   0.0   1   1   2.1e-30   1.4e-27   94.5   0.0     5   196     2   197     1   209 0.87 NC_016856.1_1623 # 1715896 # 1716528 # 1 # ID=1_1623;partial=00;start_type=ATG;rbs_motif=GGAGG;rbs_spacer=5-10bp;gc_cont=0.566
NC_016856.1:4302994-4303758|+ -            255 58196at91347         -            205   1.4e-23   81.4   0.0   1   1   2.8e-26   1.9e-23   81.0   0.0    27   204    46   235    18   236 0.85 NC_016856.1_4046 # 4302994 # 4303758 # 1 # ID=1_4046;partial=00;start_type=ATG;rbs_motif=AGGAG;rbs_spacer=5-10bp;gc_cont=0.516
NC_016856.1:2913910-2914545|- -            212 58196at91347         -            205   0.00083   16.9   2.5   1   2       0.1        66    0.9   0.2   111   129    13    31     9    83 0.83 NC_016856.1_2748 # 2913910 # 2914545 # -1 # ID=1_2748;partial=00;start_type=ATG;rbs_motif=AGGA;rbs_spacer=5-10bp;gc_cont=0.539
NC_016856.1:2913910-2914545|- -            212 58196at91347         -            205   0.00083   16.9   2.5   2   2   3.5e-06    0.0024   15.4   0.2   159   195   156   192    76   197 0.90 NC_016856.1_2748 # 2913910 # 2914545 # -1 # ID=1_2748;partial=00;start_type=ATG;rbs_motif=AGGA;rbs_spacer=5-10bp;gc_cont=0.539
NC_016856.1:2206203-2206940|+ -            246 58196at91347         -            205    0.0053   14.3   0.4   1   2   0.00015     0.099   10.1   0.1   160   200    71   112    59   115 0.84 NC_016856.1_2123 # 2206203 # 2206940 # 1 # ID=1_2123;partial=00;start_type=ATG;rbs_motif=GGAG/GAGG;rbs_spacer=5-10bp;gc_cont=0.584
NC_016856.1:2206203-2206940|+ -            246 58196at91347         -            205    0.0053   14.3   0.4   2   2      0.04        27    2.2   0.0   162   202   196   237   186   240 0.85 NC_016856.1_2123 # 2206203 # 2206940 # 1 # ID=1_2123;partial=00;start_type=ATG;rbs_motif=GGAG/GAGG;rbs_spacer=5-10bp;gc_cont=0.584
NC_016856.1:169086-169979|-   -            298 58196at91347         -            205    0.0059   14.1   0.2   1   2      0.18   1.2e+02   -0.0   0.0    20    33   223   236   201   242 0.77 NC_016856.1_143 # 169086 # 169979 # -1 # ID=1_143;partial=00;start_type=ATG;rbs_motif=GGAG/GAGG;rbs_spacer=5-10bp;gc_cont=0.578
NC_016856.1:169086-169979|-   -            298 58196at91347         -            205    0.0059   14.1   0.2   2   2   6.4e-05     0.042   11.3   0.1   150   191   241   282   234   290 0.91 NC_016856.1_143 # 169086 # 169979 # -1 # ID=1_143;partial=00;start_type=ATG;rbs_motif=GGAG/GAGG;rbs_spacer=5-10bp;gc_cont=0.578
NC_016856.1:2676004-2677470|- -            489 58196at91347         -            205      0.05   11.1   0.3   1   2       0.1        69    0.8   0.0   172   204   230   262   201   263 0.82 NC_016856.1_2549 # 2676004 # 2677470 # -1 # ID=1_2549;partial=00;start_type=ATG;rbs_motif=GGA/GAG/AGG;rbs_spacer=5-10bp;gc_cont=0.570
NC_016856.1:2676004-2677470|- -            489 58196at91347         -            205      0.05   11.1   0.3   2   2     0.001       0.7    7.3   0.2   151   193   320   364   305   370 0.80 NC_016856.1_2549 # 2676004 # 2677470 # -1 # ID=1_2549;partial=00;start_type=ATG;rbs_motif=GGA/GAG/AGG;rbs_spacer=5-10bp;gc_cont=0.570
#
# Program:         hmmsearch
# Version:         3.4 (Aug 2023)
# Pipeline mode:   SEARCH
# Query file:      /Users/dizzler/Projects/School/BIOL4600-Capstone/databases/lineages/enterobacterales_odb10/hmms/58196at91347.hmm
# Target file:     /Users/dizzler/Projects/School/BIOL4600-Capstone/reports/busco-results/GCF_000022165.1_ASM2216v1_genomic.fna/prodigal_output/predicted_genes/predicted.faa
# Option settings: hmmsearch --domtblout /Users/dizzler/Projects/School/BIOL4600-Capstone/reports/busco-results/GCF_000022165.1_ASM2216v1_genomic.fna/run_enterobacterales_odb10/hmmer_output/58196at91347.out --cpu 1 /Users/dizzler/Projects/School/BIOL4600-Capstone/databases/lineages/enterobacterales_odb10/hmms/58196at91347.hmm /Users/dizzler/Projects/School/BIOL4600-Capstone/reports/busco-results/GCF_000022165.1_ASM2216v1_genomic.fna/prodigal_output/predicted_genes/predicted.faa 
# Current dir:     /Users/dizzler/Projects/School/BIOL4600-Capstone
# Date:            Wed Feb 25 22:55:28 2026
# [ok]
