#                                                                                     --- full sequence --- -------------- this domain -------------   hmm coord   ali coord   env coord
# target name                 accession   tlen query name           accession   qlen   E-value  score  bias   #  of  c-Evalue  i-Evalue  score  bias  from    to  from    to  from    to  acc description of target
#         ------------------- ---------- ----- -------------------- ---------- ----- --------- ------ ----- --- --- --------- --------- ------ ----- ----- ----- ----- ----- ----- ----- ---- ---------------------
NC_016856.1:2481915-2482457|- -            181 64963at91347         -            149   1.4e-85  282.3   0.5   1   1   1.9e-86   3.5e-84  277.7   0.5     7   144    12   158     1   180 0.92 NC_016856.1_2367 # 2481915 # 2482457 # -1 # ID=1_2367;partial=00;start_type=ATG;rbs_motif=GGA/GAG/AGG;rbs_spacer=5-10bp;gc_cont=0.541
NC_016856.1:3013577-3014119|- -            181 64963at91347         -            149   5.6e-16   56.4   4.8   1   2   3.1e-18   5.6e-16   56.4   4.8    21   119    15   109     4   136 0.82 NC_016856.1_2841 # 3013577 # 3014119 # -1 # ID=1_2841;partial=00;start_type=ATG;rbs_motif=AGGA;rbs_spacer=5-10bp;gc_cont=0.560
NC_016856.1:3013577-3014119|- -            181 64963at91347         -            149   5.6e-16   56.4   4.8   2   2       5.8     1e+03   -2.9   0.0    44    63   153   172   139   177 0.54 NC_016856.1_2841 # 3013577 # 3014119 # -1 # ID=1_2841;partial=00;start_type=ATG;rbs_motif=AGGA;rbs_spacer=5-10bp;gc_cont=0.560
NC_016856.1:2712174-2713037|- -            288 64963at91347         -            149   1.5e-05   22.5  21.4   1   3    0.0058         1    6.8   8.5    45   101    22    68    12    73 0.76 NC_016856.1_2566 # 2712174 # 2713037 # -1 # ID=1_2566;partial=00;start_type=ATG;rbs_motif=None;rbs_spacer=None;gc_cont=0.600
NC_016856.1:2712174-2713037|- -            288 64963at91347         -            149   1.5e-05   22.5  21.4   2   3    0.0059       1.1    6.8   0.8    83   103   191   211   176   215 0.85 NC_016856.1_2566 # 2712174 # 2713037 # -1 # ID=1_2566;partial=00;start_type=ATG;rbs_motif=None;rbs_spacer=None;gc_cont=0.600
NC_016856.1:2712174-2713037|- -            288 64963at91347         -            149   1.5e-05   22.5  21.4   3   3   6.3e-05     0.011   13.2   0.2    78   110   215   247   212   255 0.83 NC_016856.1_2566 # 2712174 # 2713037 # -1 # ID=1_2566;partial=00;start_type=ATG;rbs_motif=None;rbs_spacer=None;gc_cont=0.600
NC_016856.1:2334181-2335416|+ -            412 64963at91347         -            149   3.1e-05   21.5   9.5   1   2     0.005       0.9    7.0   0.5    72    97   331   356   322   369 0.77 NC_016856.1_2234 # 2334181 # 2335416 # 1 # ID=1_2234;partial=00;start_type=ATG;rbs_motif=AGGAG;rbs_spacer=5-10bp;gc_cont=0.511
NC_016856.1:2334181-2335416|+ -            412 64963at91347         -            149   3.1e-05   21.5   9.5   2   2     2e-06   0.00035   18.1   3.1    42    71   374   403   367   408 0.83 NC_016856.1_2234 # 2334181 # 2335416 # 1 # ID=1_2234;partial=00;start_type=ATG;rbs_motif=AGGAG;rbs_spacer=5-10bp;gc_cont=0.511
NC_016856.1:1541546-1543753|- -            736 64963at91347         -            149   5.8e-05   20.6   2.7   1   1   5.7e-07    0.0001   19.8   2.7    40   103   371   433   365   451 0.88 NC_016856.1_1461 # 1541546 # 1543753 # -1 # ID=1_1461;partial=00;start_type=ATG;rbs_motif=GGA/GAG/AGG;rbs_spacer=5-10bp;gc_cont=0.599
NC_016856.1:1543746-1544324|- -            193 64963at91347         -            149   6.3e-05   20.5  10.1   1   2    0.0033      0.59    7.6   2.7    43    61   114   132   106   141 0.79 NC_016856.1_1462 # 1543746 # 1544324 # -1 # ID=1_1462;partial=00;start_type=ATG;rbs_motif=None;rbs_spacer=None;gc_cont=0.551
NC_016856.1:1543746-1544324|- -            193 64963at91347         -            149   6.3e-05   20.5  10.1   2   2     3e-06   0.00053   17.5   0.8    43    74   144   175   135   185 0.84 NC_016856.1_1462 # 1543746 # 1544324 # -1 # ID=1_1462;partial=00;start_type=ATG;rbs_motif=None;rbs_spacer=None;gc_cont=0.551
NC_016856.1:3018608-3019216|- -            203 64963at91347         -            149   0.00013   19.4  18.6   1   3     0.043       7.6    4.0   1.4    82    99     9    26     1    34 0.76 NC_016856.1_2845 # 3018608 # 3019216 # -1 # ID=1_2845;partial=00;start_type=GTG;rbs_motif=GGAG/GAGG;rbs_spacer=5-10bp;gc_cont=0.578
NC_016856.1:3018608-3019216|- -            203 64963at91347         -            149   0.00013   19.4  18.6   2   3   0.00072      0.13    9.7   7.1    33   101    38    98    27    99 0.73 NC_016856.1_2845 # 3018608 # 3019216 # -1 # ID=1_2845;partial=00;start_type=GTG;rbs_motif=GGAG/GAGG;rbs_spacer=5-10bp;gc_cont=0.578
NC_016856.1:3018608-3019216|- -            203 64963at91347         -            149   0.00013   19.4  18.6   3   3    0.0064       1.1    6.7   0.0    90   118   154   184   131   196 0.71 NC_016856.1_2845 # 3018608 # 3019216 # -1 # ID=1_2845;partial=00;start_type=GTG;rbs_motif=GGAG/GAGG;rbs_spacer=5-10bp;gc_cont=0.578
NC_016856.1:2737996-2739039|+ -            348 64963at91347         -            149   0.00023   18.6   1.8   1   2   6.5e-05     0.012   13.1   0.3    83   107   228   252   191   267 0.77 NC_016856.1_2589 # 2737996 # 2739039 # 1 # ID=1_2589;partial=00;start_type=ATG;rbs_motif=GGAG/GAGG;rbs_spacer=5-10bp;gc_cont=0.527
NC_016856.1:2737996-2739039|+ -            348 64963at91347         -            149   0.00023   18.6   1.8   2   2     0.033       5.9    4.4   0.1    84    97   311   324   288   344 0.73 NC_016856.1_2589 # 2737996 # 2739039 # 1 # ID=1_2589;partial=00;start_type=ATG;rbs_motif=GGAG/GAGG;rbs_spacer=5-10bp;gc_cont=0.527
NC_016856.1:2739872-2740885|+ -            338 64963at91347         -            149    0.0004   17.9   9.5   1   2   0.00086      0.15    9.5   2.9    54   100   151   195   146   203 0.71 NC_016856.1_2591 # 2739872 # 2740885 # 1 # ID=1_2591;partial=00;start_type=ATG;rbs_motif=AGGAG;rbs_spacer=5-10bp;gc_cont=0.559
NC_016856.1:2739872-2740885|+ -            338 64963at91347         -            149    0.0004   17.9   9.5   2   2   2.1e-05    0.0038   14.7   7.5    42   105   176   232   167   236 0.82 NC_016856.1_2591 # 2739872 # 2740885 # 1 # ID=1_2591;partial=00;start_type=ATG;rbs_motif=AGGAG;rbs_spacer=5-10bp;gc_cont=0.559
NC_016856.1:2641167-2643128|- -            654 64963at91347         -            149   0.00071   17.1   3.7   1   3      0.11        19    2.7   6.3    43   105     9    78     2    86 0.63 NC_016856.1_2520 # 2641167 # 2643128 # -1 # ID=1_2520;partial=00;start_type=ATG;rbs_motif=AGxAGG/AGGxGG;rbs_spacer=5-10bp;gc_cont=0.585
NC_016856.1:2641167-2643128|- -            654 64963at91347         -            149   0.00071   17.1   3.7   2   3     4e-06   0.00071   17.1   3.7    43   111    84   153    76   165 0.85 NC_016856.1_2520 # 2641167 # 2643128 # -1 # ID=1_2520;partial=00;start_type=ATG;rbs_motif=AGxAGG/AGGxGG;rbs_spacer=5-10bp;gc_cont=0.585
NC_016856.1:2641167-2643128|- -            654 64963at91347         -            149   0.00071   17.1   3.7   3   3      0.12        21    2.6   0.1    82    98   224   243   215   263 0.82 NC_016856.1_2520 # 2641167 # 2643128 # -1 # ID=1_2520;partial=00;start_type=ATG;rbs_motif=AGxAGG/AGGxGG;rbs_spacer=5-10bp;gc_cont=0.585
NC_016856.1:4596086-4596820|- -            245 64963at91347         -            149   0.00078   16.9   4.9   1   3         5     9e+02   -2.7   0.2    83   100    61    78    55    88 0.70 NC_016856.1_4287 # 4596086 # 4596820 # -1 # ID=1_4287;partial=00;start_type=ATG;rbs_motif=AGGAG;rbs_spacer=5-10bp;gc_cont=0.535
NC_016856.1:4596086-4596820|- -            245 64963at91347         -            149   0.00078   16.9   4.9   2   3   8.1e-05     0.015   12.8   0.4    81    98   145   162   137   169 0.87 NC_016856.1_4287 # 4596086 # 4596820 # -1 # ID=1_4287;partial=00;start_type=ATG;rbs_motif=AGGAG;rbs_spacer=5-10bp;gc_cont=0.535
NC_016856.1:4596086-4596820|- -            245 64963at91347         -            149   0.00078   16.9   4.9   3   3     0.011         2    5.9   0.0    84    97   204   217   173   236 0.78 NC_016856.1_4287 # 4596086 # 4596820 # -1 # ID=1_4287;partial=00;start_type=ATG;rbs_motif=AGGAG;rbs_spacer=5-10bp;gc_cont=0.535
NC_016856.1:1659521-1660405|- -            295 64963at91347         -            149    0.0014   16.1   2.5   1   2     0.043       7.6    4.0   0.2    44    56    37    49     8    55 0.74 NC_016856.1_1574 # 1659521 # 1660405 # -1 # ID=1_1574;partial=00;start_type=ATG;rbs_motif=GGAGG;rbs_spacer=5-10bp;gc_cont=0.534
NC_016856.1:1659521-1660405|- -            295 64963at91347         -            149    0.0014   16.1   2.5   2   2   7.7e-06    0.0014   16.1   2.5    43   114   130   198   115   207 0.83 NC_016856.1_1574 # 1659521 # 1660405 # -1 # ID=1_1574;partial=00;start_type=ATG;rbs_motif=GGAGG;rbs_spacer=5-10bp;gc_cont=0.534
NC_016856.1:1583768-1584385|- -            206 64963at91347         -            149    0.0022   15.5  13.0   1   3    0.0016      0.29    8.6   0.2    78   107     7    35     3    43 0.82 NC_016856.1_1498 # 1583768 # 1584385 # -1 # ID=1_1498;partial=00;start_type=ATG;rbs_motif=AGGAG;rbs_spacer=5-10bp;gc_cont=0.571
NC_016856.1:1583768-1584385|- -            206 64963at91347         -            149    0.0022   15.5  13.0   2   3     0.046       8.2    3.9   0.3    68   101    49    85    45    92 0.72 NC_016856.1_1498 # 1583768 # 1584385 # -1 # ID=1_1498;partial=00;start_type=ATG;rbs_motif=AGGAG;rbs_spacer=5-10bp;gc_cont=0.571
NC_016856.1:1583768-1584385|- -            206 64963at91347         -            149    0.0022   15.5  13.0   3   3    0.0015      0.27    8.7   2.8    42   104    95   154    91   164 0.78 NC_016856.1_1498 # 1583768 # 1584385 # -1 # ID=1_1498;partial=00;start_type=ATG;rbs_motif=AGGAG;rbs_spacer=5-10bp;gc_cont=0.571
NC_016856.1:1006135-1006752|+ -            206 64963at91347         -            149    0.0025   15.3  13.4   1   3    0.0016      0.29    8.6   0.2    78   107     7    35     3    43 0.82 NC_016856.1_909 # 1006135 # 1006752 # 1 # ID=1_909;partial=00;start_type=ATG;rbs_motif=AGGAG;rbs_spacer=5-10bp;gc_cont=0.571
NC_016856.1:1006135-1006752|+ -            206 64963at91347         -            149    0.0025   15.3  13.4   2   3     0.044       7.9    3.9   0.2    68   101    49    85    45    93 0.73 NC_016856.1_909 # 1006135 # 1006752 # 1 # ID=1_909;partial=00;start_type=ATG;rbs_motif=AGGAG;rbs_spacer=5-10bp;gc_cont=0.571
NC_016856.1:1006135-1006752|+ -            206 64963at91347         -            149    0.0025   15.3  13.4   3   3    0.0017       0.3    8.5   3.1    43   104    96   154    92   164 0.81 NC_016856.1_909 # 1006135 # 1006752 # 1 # ID=1_909;partial=00;start_type=ATG;rbs_motif=AGGAG;rbs_spacer=5-10bp;gc_cont=0.571
NC_016856.1:3867710-3868183|- -            158 64963at91347         -            149    0.0091   13.5  25.4   1   3     0.033       5.9    4.4   9.5    44   100    10    75     2    78 0.73 NC_016856.1_3646 # 3867710 # 3868183 # -1 # ID=1_3646;partial=00;start_type=ATG;rbs_motif=AGxAGG/AGGxGG;rbs_spacer=5-10bp;gc_cont=0.608
NC_016856.1:3867710-3868183|- -            158 64963at91347         -            149    0.0091   13.5  25.4   2   3    0.0074       1.3    6.5   9.8    39   119    51   123    42   127 0.68 NC_016856.1_3646 # 3867710 # 3868183 # -1 # ID=1_3646;partial=00;start_type=ATG;rbs_motif=AGxAGG/AGGxGG;rbs_spacer=5-10bp;gc_cont=0.608
NC_016856.1:3867710-3868183|- -            158 64963at91347         -            149    0.0091   13.5  25.4   3   3    0.0002     0.036   11.5   7.9    43   106    86   145    75   154 0.70 NC_016856.1_3646 # 3867710 # 3868183 # -1 # ID=1_3646;partial=00;start_type=ATG;rbs_motif=AGxAGG/AGGxGG;rbs_spacer=5-10bp;gc_cont=0.608
NC_016856.1:3010358-3010903|- -            182 64963at91347         -            149    0.0095   13.4  24.3   1   2    0.0073       1.3    6.5   8.4    43    99     9    74     2    81 0.74 NC_016856.1_2836 # 3010358 # 3010903 # -1 # ID=1_2836;partial=00;start_type=ATG;rbs_motif=GGAG/GAGG;rbs_spacer=5-10bp;gc_cont=0.566
NC_016856.1:3010358-3010903|- -            182 64963at91347         -            149    0.0095   13.4  24.3   2   2    0.0002     0.036   11.5   7.5    43   107    86   159    77   171 0.69 NC_016856.1_2836 # 3010358 # 3010903 # -1 # ID=1_2836;partial=00;start_type=ATG;rbs_motif=GGAG/GAGG;rbs_spacer=5-10bp;gc_cont=0.566
NC_016856.1:2773243-2773503|+ -             87 64963at91347         -            149     0.013   12.9   5.5   1   2   8.2e-05     0.015   12.8   2.8    83   105     7    29     3    47 0.78 NC_016856.1_2616 # 2773243 # 2773503 # 1 # ID=1_2616;partial=00;start_type=ATG;rbs_motif=GGA/GAG/AGG;rbs_spacer=5-10bp;gc_cont=0.471
NC_016856.1:2773243-2773503|+ -             87 64963at91347         -            149     0.013   12.9   5.5   2   2      0.19        34    1.9   0.2    50    66    48    64    27    83 0.54 NC_016856.1_2616 # 2773243 # 2773503 # 1 # ID=1_2616;partial=00;start_type=ATG;rbs_motif=GGA/GAG/AGG;rbs_spacer=5-10bp;gc_cont=0.471
NC_016856.1:2713839-2714468|- -            210 64963at91347         -            149     0.016   12.7  14.2   1   4     0.026       4.7    4.7   0.3    43    56    21    34    14    52 0.68 NC_016856.1_2568 # 2713839 # 2714468 # -1 # ID=1_2568;partial=00;start_type=ATG;rbs_motif=GGAGG;rbs_spacer=5-10bp;gc_cont=0.541
NC_016856.1:2713839-2714468|- -            210 64963at91347         -            149     0.016   12.7  14.2   2   4     0.066        12    3.4   0.4    84   101    77    96    60   100 0.71 NC_016856.1_2568 # 2713839 # 2714468 # -1 # ID=1_2568;partial=00;start_type=ATG;rbs_motif=GGAGG;rbs_spacer=5-10bp;gc_cont=0.541
NC_016856.1:2713839-2714468|- -            210 64963at91347         -            149     0.016   12.7  14.2   3   4   0.00019     0.033   11.6   4.7    47   105    76   131    74   150 0.77 NC_016856.1_2568 # 2713839 # 2714468 # -1 # ID=1_2568;partial=00;start_type=ATG;rbs_motif=GGAGG;rbs_spacer=5-10bp;gc_cont=0.541
NC_016856.1:2713839-2714468|- -            210 64963at91347         -            149     0.016   12.7  14.2   4   4   0.00094      0.17    9.4   2.5    44   104   109   130   105   174 0.64 NC_016856.1_2568 # 2713839 # 2714468 # -1 # ID=1_2568;partial=00;start_type=ATG;rbs_motif=GGAGG;rbs_spacer=5-10bp;gc_cont=0.541
NC_016856.1:2189634-2190212|- -            193 64963at91347         -            149     0.019   12.4  18.7   1   3     0.073        13    3.2   8.5    42    59    13    30     7    84 0.52 NC_016856.1_2111 # 2189634 # 2190212 # -1 # ID=1_2111;partial=00;start_type=ATG;rbs_motif=GGAGG;rbs_spacer=5-10bp;gc_cont=0.544
NC_016856.1:2189634-2190212|- -            193 64963at91347         -            149     0.019   12.4  18.7   2   3    0.0025      0.44    8.0   6.1    74   106    85   117    54   125 0.66 NC_016856.1_2111 # 2189634 # 2190212 # -1 # ID=1_2111;partial=00;start_type=ATG;rbs_motif=GGAGG;rbs_spacer=5-10bp;gc_cont=0.544
NC_016856.1:2189634-2190212|- -            193 64963at91347         -            149     0.019   12.4  18.7   3   3    0.0002     0.037   11.5   2.6    43   121    93   171    90   185 0.67 NC_016856.1_2111 # 2189634 # 2190212 # -1 # ID=1_2111;partial=00;start_type=ATG;rbs_motif=GGAGG;rbs_spacer=5-10bp;gc_cont=0.544
NC_016856.1:2444663-2445853|+ -            397 64963at91347         -            149     0.073   10.5   9.1   1   2     0.003      0.54    7.7   9.1    44    97     7    68     2    77 0.68 NC_016856.1_2332 # 2444663 # 2445853 # 1 # ID=1_2332;partial=00;start_type=ATG;rbs_motif=AGGAG;rbs_spacer=5-10bp;gc_cont=0.539
NC_016856.1:2444663-2445853|+ -            397 64963at91347         -            149     0.073   10.5   9.1   2   2    0.0074       1.3    6.4   0.8    44    59    54    69    37    89 0.70 NC_016856.1_2332 # 2444663 # 2445853 # 1 # ID=1_2332;partial=00;start_type=ATG;rbs_motif=AGGAG;rbs_spacer=5-10bp;gc_cont=0.539
NC_016856.1:2407269-2407964|- -            232 64963at91347         -            149       0.1   10.1  16.2   1   2     0.011       1.9    5.9   5.8    45    93    60   104    52   129 0.60 NC_016856.1_2304 # 2407269 # 2407964 # -1 # ID=1_2304;partial=00;start_type=ATG;rbs_motif=GGA/GAG/AGG;rbs_spacer=11-12bp;gc_cont=0.606
NC_016856.1:2407269-2407964|- -            232 64963at91347         -            149       0.1   10.1  16.2   2   2    0.0016      0.29    8.6   2.5    34    97   132   198   121   217 0.73 NC_016856.1_2304 # 2407269 # 2407964 # -1 # ID=1_2304;partial=00;start_type=ATG;rbs_motif=GGA/GAG/AGG;rbs_spacer=11-12bp;gc_cont=0.606
NC_016856.1:4567865-4568491|+ -            209 64963at91347         -            149      0.38    8.2  11.2   1   4     0.059        10    3.5   0.1    43    57    10    24     4    37 0.73 NC_016856.1_4255 # 4567865 # 4568491 # 1 # ID=1_4255;partial=00;start_type=ATG;rbs_motif=AGGAG;rbs_spacer=5-10bp;gc_cont=0.539
NC_016856.1:4567865-4568491|+ -            209 64963at91347         -            149      0.38    8.2  11.2   2   4     0.064        12    3.4   0.2    71   101    51    84    44    91 0.69 NC_016856.1_4255 # 4567865 # 4568491 # 1 # ID=1_4255;partial=00;start_type=ATG;rbs_motif=AGGAG;rbs_spacer=5-10bp;gc_cont=0.539
NC_016856.1:4567865-4568491|+ -            209 64963at91347         -            149      0.38    8.2  11.2   3   4    0.0077       1.4    6.4   4.5    47   104    64   118    56   126 0.73 NC_016856.1_4255 # 4567865 # 4568491 # 1 # ID=1_4255;partial=00;start_type=ATG;rbs_motif=AGGAG;rbs_spacer=5-10bp;gc_cont=0.539
NC_016856.1:4567865-4568491|+ -            209 64963at91347         -            149      0.38    8.2  11.2   4   4     0.016       2.9    5.4   1.7    83   102    97   116    90   166 0.70 NC_016856.1_4255 # 4567865 # 4568491 # 1 # ID=1_4255;partial=00;start_type=ATG;rbs_motif=AGGAG;rbs_spacer=5-10bp;gc_cont=0.539
NC_016856.1:4257427-4258329|- -            301 64963at91347         -            149      0.75    7.3  12.7   1   2      0.11        20    2.7   0.2    83    95    37    49    22    57 0.69 NC_016856.1_4001 # 4257427 # 4258329 # -1 # ID=1_4001;partial=00;start_type=ATG;rbs_motif=GGAG/GAGG;rbs_spacer=5-10bp;gc_cont=0.581
NC_016856.1:4257427-4258329|- -            301 64963at91347         -            149      0.75    7.3  12.7   2   2   0.00049     0.088   10.3   3.4    43   108   130   192   125   204 0.84 NC_016856.1_4001 # 4257427 # 4258329 # -1 # ID=1_4001;partial=00;start_type=ATG;rbs_motif=GGAG/GAGG;rbs_spacer=5-10bp;gc_cont=0.581
NC_016856.1:1752102-1755626|+ -           1175 64963at91347         -            149       1.3    6.4  10.2   1   1      0.73   1.3e+02   -0.0  10.2    42    98   685   758   669   780 0.61 NC_016856.1_1657 # 1752102 # 1755626 # 1 # ID=1_1657;partial=00;start_type=ATG;rbs_motif=GGA/GAG/AGG;rbs_spacer=5-10bp;gc_cont=0.552
NC_016856.1:1480409-1481143|- -            245 64963at91347         -            149       4.9    4.6  16.6   1   3      0.16        29    2.1   5.3    44    61    51    68    39   116 0.84 NC_016856.1_1390 # 1480409 # 1481143 # -1 # ID=1_1390;partial=00;start_type=ATG;rbs_motif=GGAG/GAGG;rbs_spacer=5-10bp;gc_cont=0.563
NC_016856.1:1480409-1481143|- -            245 64963at91347         -            149       4.9    4.6  16.6   2   3    0.0098       1.8    6.1   4.7    43    60   129   146    97   157 0.81 NC_016856.1_1390 # 1480409 # 1481143 # -1 # ID=1_1390;partial=00;start_type=ATG;rbs_motif=GGAG/GAGG;rbs_spacer=5-10bp;gc_cont=0.563
NC_016856.1:1480409-1481143|- -            245 64963at91347         -            149       4.9    4.6  16.6   3   3    0.0029      0.52    7.8   3.6    43    66   129   152   123   188 0.79 NC_016856.1_1390 # 1480409 # 1481143 # -1 # ID=1_1390;partial=00;start_type=ATG;rbs_motif=GGAG/GAGG;rbs_spacer=5-10bp;gc_cont=0.563
NC_016856.1:676674-677033|+   -            120 64963at91347         -            149       5.8    4.4   9.8   1   2     0.021       3.8    5.0   1.4    78    96     5    23     2    35 0.63 NC_016856.1_605 # 676674 # 677033 # 1 # ID=1_605;partial=00;start_type=ATG;rbs_motif=GGA/GAG/AGG;rbs_spacer=5-10bp;gc_cont=0.553
NC_016856.1:676674-677033|+   -            120 64963at91347         -            149       5.8    4.4   9.8   2   2     0.056        10    3.6   1.8    46    63    57    76    45    83 0.68 NC_016856.1_605 # 676674 # 677033 # 1 # ID=1_605;partial=00;start_type=ATG;rbs_motif=GGA/GAG/AGG;rbs_spacer=5-10bp;gc_cont=0.553
#
# Program:         hmmsearch
# Version:         3.4 (Aug 2023)
# Pipeline mode:   SEARCH
# Query file:      /Users/dizzler/Projects/School/BIOL4600-Capstone/busco_downloads/lineages/enterobacterales_odb10/hmms/64963at91347.hmm
# Target file:     reports/busco-results/GCF_000022165.1_ASM2216v1_genomic.fna/prodigal_output/predicted_genes/predicted.faa
# Option settings: hmmsearch --domtblout reports/busco-results/GCF_000022165.1_ASM2216v1_genomic.fna/run_enterobacterales_odb10/hmmer_output/64963at91347.out --cpu 1 /Users/dizzler/Projects/School/BIOL4600-Capstone/busco_downloads/lineages/enterobacterales_odb10/hmms/64963at91347.hmm reports/busco-results/GCF_000022165.1_ASM2216v1_genomic.fna/prodigal_output/predicted_genes/predicted.faa 
# Current dir:     /Users/dizzler/Projects/School/BIOL4600-Capstone
# Date:            Sat Feb 21 23:24:26 2026
# [ok]
