#                                                                                     --- full sequence --- -------------- this domain -------------   hmm coord   ali coord   env coord
# target name                 accession   tlen query name           accession   qlen   E-value  score  bias   #  of  c-Evalue  i-Evalue  score  bias  from    to  from    to  from    to  acc description of target
#         ------------------- ---------- ----- -------------------- ---------- ----- --------- ------ ----- --- --- --------- --------- ------ ----- ----- ----- ----- ----- ----- ----- ---- ---------------------
NC_016856.1:3587124-3587945|- -            274 72088at91347         -            221   7.4e-98  324.2   0.2   1   2   4.1e-66   3.8e-63  210.7   0.3     1   143     4   161     4   172 0.92 NC_016856.1_3382 # 3587124 # 3587945 # -1 # ID=1_3382;partial=00;start_type=ATG;rbs_motif=GGA/GAG/AGG;rbs_spacer=5-10bp;gc_cont=0.501
NC_016856.1:3587124-3587945|- -            274 72088at91347         -            221   7.4e-98  324.2   0.2   2   2   1.7e-35   1.6e-32  110.6   0.0   142   221   180   268   169   268 0.91 NC_016856.1_3382 # 3587124 # 3587945 # -1 # ID=1_3382;partial=00;start_type=ATG;rbs_motif=GGA/GAG/AGG;rbs_spacer=5-10bp;gc_cont=0.501
NC_016856.1:1450396-1451262|- -            289 72088at91347         -            221   2.4e-24   83.9   0.4   1   2   2.9e-19   2.7e-16   57.5   0.1     4   134    12   157     9   174 0.76 NC_016856.1_1365 # 1450396 # 1451262 # -1 # ID=1_1365;partial=00;start_type=ATG;rbs_motif=AGGAG;rbs_spacer=5-10bp;gc_cont=0.480
NC_016856.1:1450396-1451262|- -            289 72088at91347         -            221   2.4e-24   83.9   0.4   2   2   5.6e-09   5.2e-06   23.9   0.0   125   210   176   274   171   285 0.73 NC_016856.1_1365 # 1450396 # 1451262 # -1 # ID=1_1365;partial=00;start_type=ATG;rbs_motif=AGGAG;rbs_spacer=5-10bp;gc_cont=0.480
NC_016856.1:4079907-4080725|- -            273 72088at91347         -            221   4.6e-10   37.2   0.0   1   2   2.2e-11   2.1e-08   31.8   0.0    40   122    59   141    27   162 0.91 NC_016856.1_3842 # 4079907 # 4080725 # -1 # ID=1_3842;partial=00;start_type=ATG;rbs_motif=GGAG/GAGG;rbs_spacer=5-10bp;gc_cont=0.527
NC_016856.1:4079907-4080725|- -            273 72088at91347         -            221   4.6e-10   37.2   0.0   2   2     0.011        10    3.3   0.0   144   212   179   259   173   264 0.64 NC_016856.1_3842 # 4079907 # 4080725 # -1 # ID=1_3842;partial=00;start_type=ATG;rbs_motif=GGAG/GAGG;rbs_spacer=5-10bp;gc_cont=0.527
NC_016856.1:3593629-3595005|+ -            459 72088at91347         -            221   0.00032   18.1   0.1   1   2      0.46   4.3e+02   -2.0   0.1   105   146     2    45     1    49 0.69 NC_016856.1_3390 # 3593629 # 3595005 # 1 # ID=1_3390;partial=00;start_type=ATG;rbs_motif=None;rbs_spacer=None;gc_cont=0.516
NC_016856.1:3593629-3595005|+ -            459 72088at91347         -            221   0.00032   18.1   0.1   2   2   1.1e-06    0.0011   16.4   0.0    92   143   221   272   206   285 0.95 NC_016856.1_3390 # 3593629 # 3595005 # 1 # ID=1_3390;partial=00;start_type=ATG;rbs_motif=None;rbs_spacer=None;gc_cont=0.516
NC_016856.1:1885143-1886399|- -            419 72088at91347         -            221    0.0039   14.5   0.3   1   2   1.3e-05     0.012   13.0   0.1   103   143   182   224   171   231 0.85 NC_016856.1_1780 # 1885143 # 1886399 # -1 # ID=1_1780;partial=00;start_type=ATG;rbs_motif=None;rbs_spacer=None;gc_cont=0.567
NC_016856.1:1885143-1886399|- -            419 72088at91347         -            221    0.0039   14.5   0.3   2   2      0.62   5.8e+02   -2.4   0.0   195   207   324   336   295   365 0.67 NC_016856.1_1780 # 1885143 # 1886399 # -1 # ID=1_1780;partial=00;start_type=ATG;rbs_motif=None;rbs_spacer=None;gc_cont=0.567
#
# Program:         hmmsearch
# Version:         3.4 (Aug 2023)
# Pipeline mode:   SEARCH
# Query file:      /Users/dizzler/Projects/School/BIOL4600-Capstone/databases/lineages/enterobacterales_odb10/hmms/72088at91347.hmm
# Target file:     /Users/dizzler/Projects/School/BIOL4600-Capstone/reports/busco-results/GCF_000022165.1_ASM2216v1_genomic.fna/prodigal_output/predicted_genes/predicted.faa
# Option settings: hmmsearch --domtblout /Users/dizzler/Projects/School/BIOL4600-Capstone/reports/busco-results/GCF_000022165.1_ASM2216v1_genomic.fna/run_enterobacterales_odb10/hmmer_output/72088at91347.out --cpu 1 /Users/dizzler/Projects/School/BIOL4600-Capstone/databases/lineages/enterobacterales_odb10/hmms/72088at91347.hmm /Users/dizzler/Projects/School/BIOL4600-Capstone/reports/busco-results/GCF_000022165.1_ASM2216v1_genomic.fna/prodigal_output/predicted_genes/predicted.faa 
# Current dir:     /Users/dizzler/Projects/School/BIOL4600-Capstone
# Date:            Wed Feb 25 22:55:28 2026
# [ok]
