#                                                                                     --- full sequence --- -------------- this domain -------------   hmm coord   ali coord   env coord
# target name                 accession   tlen query name           accession   qlen   E-value  score  bias   #  of  c-Evalue  i-Evalue  score  bias  from    to  from    to  from    to  acc description of target
#         ------------------- ---------- ----- -------------------- ---------- ----- --------- ------ ----- --- --- --------- --------- ------ ----- ----- ----- ----- ----- ----- ----- ---- ---------------------
NC_016856.1:3656122-3656643|- -            174 72355at91347         -            140     1e-79  263.4   0.3   1   1   3.7e-82   1.6e-79  262.8   0.3     1   140     1   150     1   150 0.96 NC_016856.1_3468 # 3656122 # 3656643 # -1 # ID=1_3468;partial=00;start_type=ATG;rbs_motif=AGxAG;rbs_spacer=5-10bp;gc_cont=0.502
NC_016856.1:441538-442083|+   -            182 72355at91347         -            140   5.5e-20   69.8   0.0   1   1   2.3e-22   9.7e-20   69.0   0.0     7   136     5   145     2   149 0.76 NC_016856.1_385 # 441538 # 442083 # 1 # ID=1_385;partial=00;start_type=ATG;rbs_motif=GGA/GAG/AGG;rbs_spacer=5-10bp;gc_cont=0.582
NC_016856.1:504778-506049|+   -            424 72355at91347         -            140   0.00023   19.2   0.0   1   1   1.1e-06   0.00047   18.2   0.0     4    44   112   152   109   168 0.84 NC_016856.1_446 # 504778 # 506049 # 1 # ID=1_446;partial=00;start_type=ATG;rbs_motif=GGAG/GAGG;rbs_spacer=5-10bp;gc_cont=0.528
NC_016856.1:4312735-4314066|- -            444 72355at91347         -            140   0.00069   17.6   0.0   1   2   4.7e-06     0.002   16.1   0.0     5    35    51    81    47   129 0.90 NC_016856.1_4057 # 4312735 # 4314066 # -1 # ID=1_4057;partial=00;start_type=ATG;rbs_motif=AGGA;rbs_spacer=5-10bp;gc_cont=0.532
NC_016856.1:4312735-4314066|- -            444 72355at91347         -            140   0.00069   17.6   0.0   2   2       3.1   1.3e+03   -2.7   0.0    82   103   348   369   336   406 0.63 NC_016856.1_4057 # 4312735 # 4314066 # -1 # ID=1_4057;partial=00;start_type=ATG;rbs_motif=AGGA;rbs_spacer=5-10bp;gc_cont=0.532
NC_016856.1:883010-884746|-   -            579 72355at91347         -            140    0.0037   15.3   1.0   1   2    0.0016      0.67    8.0   0.1     9    29    38    58    34    61 0.90 NC_016856.1_799 # 883010 # 884746 # -1 # ID=1_799;partial=00;start_type=ATG;rbs_motif=GGAG/GAGG;rbs_spacer=5-10bp;gc_cont=0.559
NC_016856.1:883010-884746|-   -            579 72355at91347         -            140    0.0037   15.3   1.0   2   2     0.009       3.8    5.5   0.1     4    24   354   375   351   381 0.79 NC_016856.1_799 # 883010 # 884746 # -1 # ID=1_799;partial=00;start_type=ATG;rbs_motif=GGAG/GAGG;rbs_spacer=5-10bp;gc_cont=0.559
NC_016856.1:4742044-4742574|+ -            177 72355at91347         -            140    0.0053   14.8   0.1   1   1   2.5e-05     0.011   13.8   0.1     8    37     7    36     1    50 0.89 NC_016856.1_4424 # 4742044 # 4742574 # 1 # ID=1_4424;partial=00;start_type=ATG;rbs_motif=GGAG/GAGG;rbs_spacer=5-10bp;gc_cont=0.458
NC_016856.1:3725194-3725727|- -            178 72355at91347         -            140     0.006   14.6   0.0   1   1   2.7e-05     0.011   13.7   0.0     7    36    11    40     5    53 0.87 NC_016856.1_3521 # 3725194 # 3725727 # -1 # ID=1_3521;partial=00;start_type=TTG;rbs_motif=GGxGG;rbs_spacer=5-10bp;gc_cont=0.536
NC_016856.1:1110350-1112257|+ -            636 72355at91347         -            140    0.0073   14.3   0.0   1   2    0.0071         3    5.8   0.0     4    26    29    51    26    64 0.85 NC_016856.1_1010 # 1110350 # 1112257 # 1 # ID=1_1010;partial=00;start_type=ATG;rbs_motif=AGGA;rbs_spacer=5-10bp;gc_cont=0.529
NC_016856.1:1110350-1112257|+ -            636 72355at91347         -            140    0.0073   14.3   0.0   2   2     0.008       3.4    5.7   0.0     6    29   347   370   342   416 0.83 NC_016856.1_1010 # 1110350 # 1112257 # 1 # ID=1_1010;partial=00;start_type=ATG;rbs_motif=AGGA;rbs_spacer=5-10bp;gc_cont=0.529
NC_016856.1:981027-983303|+   -            759 72355at91347         -            140      0.01   13.9   0.1   1   3      0.15        63    1.6   0.0     3    26   206   229   204   235 0.86 NC_016856.1_891 # 981027 # 983303 # 1 # ID=1_891;partial=00;start_type=ATG;rbs_motif=GGAGG;rbs_spacer=5-10bp;gc_cont=0.542
NC_016856.1:981027-983303|+   -            759 72355at91347         -            140      0.01   13.9   0.1   2   3       2.2   9.4e+02   -2.2   0.0    22    43   450   471   446   474 0.86 NC_016856.1_891 # 981027 # 983303 # 1 # ID=1_891;partial=00;start_type=ATG;rbs_motif=GGAGG;rbs_spacer=5-10bp;gc_cont=0.542
NC_016856.1:981027-983303|+   -            759 72355at91347         -            140      0.01   13.9   0.1   3   3    0.0012      0.51    8.4   0.0     9    43   493   529   486   535 0.84 NC_016856.1_891 # 981027 # 983303 # 1 # ID=1_891;partial=00;start_type=ATG;rbs_motif=GGAGG;rbs_spacer=5-10bp;gc_cont=0.542
NC_016856.1:1023353-1024036|+ -            228 72355at91347         -            140     0.015   13.3   0.0   1   2   0.00012     0.053   11.5   0.0     9    37    10    38     5    61 0.83 NC_016856.1_923 # 1023353 # 1024036 # 1 # ID=1_923;partial=00;start_type=ATG;rbs_motif=AGGAG;rbs_spacer=5-10bp;gc_cont=0.557
NC_016856.1:1023353-1024036|+ -            228 72355at91347         -            140     0.015   13.3   0.0   2   2       3.8   1.6e+03   -3.0   0.0    24    41    63    80    60    88 0.79 NC_016856.1_923 # 1023353 # 1024036 # 1 # ID=1_923;partial=00;start_type=ATG;rbs_motif=AGGAG;rbs_spacer=5-10bp;gc_cont=0.557
NC_016856.1:4616373-4617323|+ -            317 72355at91347         -            140     0.032   12.2   0.0   1   1   0.00016     0.066   11.2   0.0     5    41    11    47     8    55 0.86 NC_016856.1_4302 # 4616373 # 4617323 # 1 # ID=1_4302;partial=00;start_type=ATG;rbs_motif=None;rbs_spacer=None;gc_cont=0.544
#
# Program:         hmmsearch
# Version:         3.4 (Aug 2023)
# Pipeline mode:   SEARCH
# Query file:      /Users/dizzler/Projects/School/BIOL4600-Capstone/databases/lineages/enterobacterales_odb10/hmms/72355at91347.hmm
# Target file:     /Users/dizzler/Projects/School/BIOL4600-Capstone/reports/busco-results/GCF_000022165.1_ASM2216v1_genomic.fna/prodigal_output/predicted_genes/predicted.faa
# Option settings: hmmsearch --domtblout /Users/dizzler/Projects/School/BIOL4600-Capstone/reports/busco-results/GCF_000022165.1_ASM2216v1_genomic.fna/run_enterobacterales_odb10/hmmer_output/72355at91347.out --cpu 1 /Users/dizzler/Projects/School/BIOL4600-Capstone/databases/lineages/enterobacterales_odb10/hmms/72355at91347.hmm /Users/dizzler/Projects/School/BIOL4600-Capstone/reports/busco-results/GCF_000022165.1_ASM2216v1_genomic.fna/prodigal_output/predicted_genes/predicted.faa 
# Current dir:     /Users/dizzler/Projects/School/BIOL4600-Capstone
# Date:            Wed Feb 25 22:55:28 2026
# [ok]
