#                                                                                     --- full sequence --- -------------- this domain -------------   hmm coord   ali coord   env coord
# target name                 accession   tlen query name           accession   qlen   E-value  score  bias   #  of  c-Evalue  i-Evalue  score  bias  from    to  from    to  from    to  acc description of target
#         ------------------- ---------- ----- -------------------- ---------- ----- --------- ------ ----- --- --- --------- --------- ------ ----- ----- ----- ----- ----- ----- ----- ---- ---------------------
NC_016856.1:4222836-4223468|- -            211 78786at91347         -            172   6.6e-81  268.0   0.0   1   1   2.1e-83     8e-81  267.7   0.0     1   172     9   197     9   197 0.93 NC_016856.1_3965 # 4222836 # 4223468 # -1 # ID=1_3965;partial=00;start_type=TTG;rbs_motif=GGAG/GAGG;rbs_spacer=5-10bp;gc_cont=0.521
NC_016856.1:2703009-2704481|- -            491 78786at91347         -            172   7.2e-09   33.5   0.1   1   2   1.5e-05    0.0058   14.3   0.0    21    55     5    38     3   130 0.83 NC_016856.1_2558 # 2703009 # 2704481 # -1 # ID=1_2558;partial=00;start_type=ATG;rbs_motif=GGAG/GAGG;rbs_spacer=5-10bp;gc_cont=0.547
NC_016856.1:2703009-2704481|- -            491 78786at91347         -            172   7.2e-09   33.5   0.1   2   2   5.2e-06     0.002   15.8   0.1    16   143   200   337   191   372 0.66 NC_016856.1_2558 # 2703009 # 2704481 # -1 # ID=1_2558;partial=00;start_type=ATG;rbs_motif=GGAG/GAGG;rbs_spacer=5-10bp;gc_cont=0.547
NC_016856.1:4061906-4063270|+ -            455 78786at91347         -            172   4.8e-05   21.1   0.0   1   1   2.7e-07    0.0001   20.0   0.0    16    55   214   252   205   279 0.85 NC_016856.1_3823 # 4061906 # 4063270 # 1 # ID=1_3823;partial=00;start_type=ATG;rbs_motif=GGA/GAG/AGG;rbs_spacer=5-10bp;gc_cont=0.596
NC_016856.1:2775478-2776383|- -            302 78786at91347         -            172   9.4e-05   20.1   0.4   1   1   4.1e-07   0.00016   19.4   0.4    21    55    11    44     2   171 0.72 NC_016856.1_2620 # 2775478 # 2776383 # -1 # ID=1_2620;partial=00;start_type=ATG;rbs_motif=GGAG/GAGG;rbs_spacer=5-10bp;gc_cont=0.518
NC_016856.1:4617786-4619066|+ -            427 78786at91347         -            172    0.0005   17.7   0.1   1   2       1.2   4.6e+02   -1.7   0.0   110   142   162   194   160   201 0.81 NC_016856.1_4304 # 4617786 # 4619066 # 1 # ID=1_4304;partial=00;start_type=TTG;rbs_motif=GGAG/GAGG;rbs_spacer=5-10bp;gc_cont=0.540
NC_016856.1:4617786-4619066|+ -            427 78786at91347         -            172    0.0005   17.7   0.1   2   2   7.6e-06     0.003   15.2   0.0    20   168   199   357   188   361 0.64 NC_016856.1_4304 # 4617786 # 4619066 # 1 # ID=1_4304;partial=00;start_type=TTG;rbs_motif=GGAG/GAGG;rbs_spacer=5-10bp;gc_cont=0.540
NC_016856.1:4606469-4607521|- -            351 78786at91347         -            172   0.00096   16.8   1.1   1   2    0.0051         2    6.0   0.0    97   168   126   205   120   209 0.71 NC_016856.1_4294 # 4606469 # 4607521 # -1 # ID=1_4294;partial=00;start_type=TTG;rbs_motif=AGGAG;rbs_spacer=5-10bp;gc_cont=0.534
NC_016856.1:4606469-4607521|- -            351 78786at91347         -            172   0.00096   16.8   1.1   2   2   0.00037      0.14    9.8   0.2    23    40   212   229   206   270 0.75 NC_016856.1_4294 # 4606469 # 4607521 # -1 # ID=1_4294;partial=00;start_type=TTG;rbs_motif=AGGAG;rbs_spacer=5-10bp;gc_cont=0.534
NC_016856.1:2937808-2941461|+ -           1218 78786at91347         -            172    0.0047   14.6   0.1   1   2     0.013         5    4.7   0.0    14    39   363   388   355   391 0.84 NC_016856.1_2769 # 2937808 # 2941461 # 1 # ID=1_2769;partial=00;start_type=ATG;rbs_motif=AGGAG;rbs_spacer=5-10bp;gc_cont=0.590
NC_016856.1:2937808-2941461|+ -           1218 78786at91347         -            172    0.0047   14.6   0.1   2   2    0.0023      0.89    7.2   0.0    17    39   992  1014   982  1017 0.86 NC_016856.1_2769 # 2937808 # 2941461 # 1 # ID=1_2769;partial=00;start_type=ATG;rbs_motif=AGGAG;rbs_spacer=5-10bp;gc_cont=0.590
NC_016856.1:2629575-2630054|- -            160 78786at91347         -            172     0.024   12.2   0.0   1   1   0.00012     0.047   11.3   0.0    21    49     4    32     1    36 0.91 NC_016856.1_2510 # 2629575 # 2630054 # -1 # ID=1_2510;partial=00;start_type=ATG;rbs_motif=GGxGG;rbs_spacer=5-10bp;gc_cont=0.510
NC_016856.1:124122-124829|-   -            236 78786at91347         -            172     0.028   12.0   0.0   1   1   0.00012     0.048   11.3   0.0    13    39    20    46    11    53 0.88 NC_016856.1_104 # 124122 # 124829 # -1 # ID=1_104;partial=00;start_type=ATG;rbs_motif=None;rbs_spacer=None;gc_cont=0.581
NC_016856.1:978055-980001|+   -            649 78786at91347         -            172     0.034   11.8   0.0   1   1   0.00016     0.063   10.9   0.0    13    39    29    55    21    72 0.80 NC_016856.1_888 # 978055 # 980001 # 1 # ID=1_888;partial=00;start_type=ATG;rbs_motif=AGGAG;rbs_spacer=5-10bp;gc_cont=0.544
NC_016856.1:3623691-3625598|+ -            636 78786at91347         -            172     0.035   11.7   0.1   1   2     0.011       4.2    5.0   0.0    13    43    22    52    13    69 0.80 NC_016856.1_3440 # 3623691 # 3625598 # 1 # ID=1_3440;partial=00;start_type=ATG;rbs_motif=None;rbs_spacer=None;gc_cont=0.575
NC_016856.1:3623691-3625598|+ -            636 78786at91347         -            172     0.035   11.7   0.1   2   2     0.019       7.6    4.1   0.0    15    39   335   359   327   363 0.84 NC_016856.1_3440 # 3623691 # 3625598 # 1 # ID=1_3440;partial=00;start_type=ATG;rbs_motif=None;rbs_spacer=None;gc_cont=0.575
NC_016856.1:567133-567819|+   -            229 78786at91347         -            172     0.043   11.4   0.0   1   1   0.00024     0.092   10.4   0.0    12    39    30    57    22    61 0.85 NC_016856.1_503 # 567133 # 567819 # 1 # ID=1_503;partial=00;start_type=ATG;rbs_motif=AGGA;rbs_spacer=5-10bp;gc_cont=0.591
#
# Program:         hmmsearch
# Version:         3.4 (Aug 2023)
# Pipeline mode:   SEARCH
# Query file:      /Users/dizzler/Projects/School/BIOL4600-Capstone/busco_downloads/lineages/enterobacterales_odb10/hmms/78786at91347.hmm
# Target file:     reports/busco-results/GCF_000022165.1_ASM2216v1_genomic.fna/prodigal_output/predicted_genes/predicted.faa
# Option settings: hmmsearch --domtblout reports/busco-results/GCF_000022165.1_ASM2216v1_genomic.fna/run_enterobacterales_odb10/hmmer_output/78786at91347.out --cpu 1 /Users/dizzler/Projects/School/BIOL4600-Capstone/busco_downloads/lineages/enterobacterales_odb10/hmms/78786at91347.hmm reports/busco-results/GCF_000022165.1_ASM2216v1_genomic.fna/prodigal_output/predicted_genes/predicted.faa 
# Current dir:     /Users/dizzler/Projects/School/BIOL4600-Capstone
# Date:            Sat Feb 21 23:24:26 2026
# [ok]
