#                                                                                         --- full sequence --- -------------- this domain -------------   hmm coord   ali coord   env coord
# target name                     accession   tlen query name           accession   qlen   E-value  score  bias   #  of  c-Evalue  i-Evalue  score  bias  from    to  from    to  from    to  acc description of target
#             ------------------- ---------- ----- -------------------- ---------- ----- --------- ------ ----- --- --- --------- --------- ------ ----- ----- ----- ----- ----- ----- ----- ---- ---------------------
NZ_ABEW01000001.1:299424-301358|- -            645 11564at91347         -            534  1.3e-265  880.1   0.0   1   2    2e-184  3.1e-181  601.6   0.0     1   375     1   430     1   439 0.91 NZ_ABEW01000001.1_303 # 299424 # 301358 # -1 # ID=63_303;partial=00;start_type=ATG;rbs_motif=None;rbs_spacer=None;gc_cont=0.556
NZ_ABEW01000001.1:299424-301358|- -            645 11564at91347         -            534  1.3e-265  880.1   0.0   2   2     1e-85   1.6e-82  275.8   0.0   365   534   442   642   433   642 0.94 NZ_ABEW01000001.1_303 # 299424 # 301358 # -1 # ID=63_303;partial=00;start_type=ATG;rbs_motif=None;rbs_spacer=None;gc_cont=0.556
NZ_ABEW01000045.1:2-847|+         -            282 11564at91347         -            534   2.3e-99  331.4   0.1   1   1  3.2e-102   5.1e-99  330.3   0.1    80   310     1   282     1   282 0.89 NZ_ABEW01000045.1_1 # 2 # 847 # 1 # ID=19_1;partial=11;start_type=Edge;rbs_motif=None;rbs_spacer=None;gc_cont=0.561
NZ_ABEW01000003.1:519165-521603|- -            813 11564at91347         -            534   3.2e-50  169.2   0.0   1   4     7e-08   0.00011   18.9   0.0    20    90    83   160    68   211 0.74 NZ_ABEW01000003.1_475 # 519165 # 521603 # -1 # ID=61_475;partial=00;start_type=ATG;rbs_motif=GGAGG;rbs_spacer=5-10bp;gc_cont=0.552
NZ_ABEW01000003.1:519165-521603|- -            813 11564at91347         -            534   3.2e-50  169.2   0.0   2   4   2.4e-36   3.8e-33  112.9   0.0   157   374   255   499   246   507 0.84 NZ_ABEW01000003.1_475 # 519165 # 521603 # -1 # ID=61_475;partial=00;start_type=ATG;rbs_motif=GGAGG;rbs_spacer=5-10bp;gc_cont=0.552
NZ_ABEW01000003.1:519165-521603|- -            813 11564at91347         -            534   3.2e-50  169.2   0.0   3   4     3e-11   4.8e-08   30.0   0.0   384   443   532   591   518   605 0.82 NZ_ABEW01000003.1_475 # 519165 # 521603 # -1 # ID=61_475;partial=00;start_type=ATG;rbs_motif=GGAGG;rbs_spacer=5-10bp;gc_cont=0.552
NZ_ABEW01000003.1:519165-521603|- -            813 11564at91347         -            534   3.2e-50  169.2   0.0   4   4     0.011        17    1.8   0.0   441   467   620   643   612   673 0.66 NZ_ABEW01000003.1_475 # 519165 # 521603 # -1 # ID=61_475;partial=00;start_type=ATG;rbs_motif=GGAGG;rbs_spacer=5-10bp;gc_cont=0.552
#
# Program:         hmmsearch
# Version:         3.4 (Aug 2023)
# Pipeline mode:   SEARCH
# Query file:      /Users/dizzler/Projects/School/BIOL4600-Capstone/busco_downloads/lineages/enterobacterales_odb10/hmms/11564at91347.hmm
# Target file:     reports/busco-results/data/00-reads/GCF_000171415.1_ASM17141v1_genomic.fna/prodigal_output/predicted_genes/predicted.faa
# Option settings: hmmsearch --domtblout reports/busco-results/data/00-reads/GCF_000171415.1_ASM17141v1_genomic.fna/run_enterobacterales_odb10/hmmer_output/11564at91347.out --cpu 1 /Users/dizzler/Projects/School/BIOL4600-Capstone/busco_downloads/lineages/enterobacterales_odb10/hmms/11564at91347.hmm reports/busco-results/data/00-reads/GCF_000171415.1_ASM17141v1_genomic.fna/prodigal_output/predicted_genes/predicted.faa 
# Current dir:     /Users/dizzler/Projects/School/BIOL4600-Capstone
# Date:            Sat Feb 21 22:06:12 2026
# [ok]
