#                                                                                         --- full sequence --- -------------- this domain -------------   hmm coord   ali coord   env coord
# target name                     accession   tlen query name           accession   qlen   E-value  score  bias   #  of  c-Evalue  i-Evalue  score  bias  from    to  from    to  from    to  acc description of target
#             ------------------- ---------- ----- -------------------- ---------- ----- --------- ------ ----- --- --- --------- --------- ------ ----- ----- ----- ----- ----- ----- ----- ---- ---------------------
NZ_ABEW01000004.1:21817-23358|+   -            514 16772at91347         -            446  5.7e-261  864.0   7.6   1   1  5.4e-263  4.2e-260  861.1   7.6     1   433     1   476     1   487 0.94 NZ_ABEW01000004.1_22 # 21817 # 23358 # 1 # ID=60_22;partial=00;start_type=ATG;rbs_motif=GGA/GAG/AGG;rbs_spacer=5-10bp;gc_cont=0.553
NZ_ABEW01000001.1:595938-597239|- -            434 16772at91347         -            446   3.1e-39  133.2   0.0   1   1   5.1e-42     4e-39  132.9   0.0    62   403    65   414    22   420 0.87 NZ_ABEW01000001.1_589 # 595938 # 597239 # -1 # ID=63_589;partial=00;start_type=ATG;rbs_motif=AGGAG;rbs_spacer=5-10bp;gc_cont=0.511
NZ_ABEW01000002.1:524440-525735|+ -            432 16772at91347         -            446   3.4e-35  119.9   0.0   1   1   5.8e-38   4.5e-35  119.5   0.0    55   376    52   381    38   405 0.92 NZ_ABEW01000002.1_493 # 524440 # 525735 # 1 # ID=62_493;partial=00;start_type=ATG;rbs_motif=None;rbs_spacer=None;gc_cont=0.544
NZ_ABEW01000004.1:24299-25681|+   -            461 16772at91347         -            446   3.6e-33  113.3   0.0   1   2   1.7e-34   1.3e-31  108.1   0.0    62   401    50   403    11   412 0.87 NZ_ABEW01000004.1_24 # 24299 # 25681 # 1 # ID=60_24;partial=00;start_type=ATG;rbs_motif=GGAG/GAGG;rbs_spacer=5-10bp;gc_cont=0.554
NZ_ABEW01000004.1:24299-25681|+   -            461 16772at91347         -            446   3.6e-33  113.3   0.0   2   2     0.011       8.5    3.2   0.0    24    56   415   447   406   457 0.85 NZ_ABEW01000004.1_24 # 24299 # 25681 # 1 # ID=60_24;partial=00;start_type=ATG;rbs_motif=GGAG/GAGG;rbs_spacer=5-10bp;gc_cont=0.554
NZ_ABEW01000001.1:22946-24316|-   -            457 16772at91347         -            446     1e-30  105.2   0.0   1   1     2e-33   1.6e-30  104.6   0.0    87   385   109   418   102   441 0.82 NZ_ABEW01000001.1_27 # 22946 # 24316 # -1 # ID=63_27;partial=00;start_type=ATG;rbs_motif=GGAG/GAGG;rbs_spacer=5-10bp;gc_cont=0.598
NZ_ABEW01000013.1:67962-69221|-   -            420 16772at91347         -            446    0.0074   13.3   0.1   1   1   1.5e-05     0.011   12.7   0.0   135   255   161   276   153   326 0.77 NZ_ABEW01000013.1_64 # 67962 # 69221 # -1 # ID=51_64;partial=00;start_type=ATG;rbs_motif=None;rbs_spacer=None;gc_cont=0.528
#
# Program:         hmmsearch
# Version:         3.4 (Aug 2023)
# Pipeline mode:   SEARCH
# Query file:      /Users/dizzler/Projects/School/BIOL4600-Capstone/busco_downloads/lineages/enterobacterales_odb10/hmms/16772at91347.hmm
# Target file:     reports/busco-results/data/00-reads/GCF_000171415.1_ASM17141v1_genomic.fna/prodigal_output/predicted_genes/predicted.faa
# Option settings: hmmsearch --domtblout reports/busco-results/data/00-reads/GCF_000171415.1_ASM17141v1_genomic.fna/run_enterobacterales_odb10/hmmer_output/16772at91347.out --cpu 1 /Users/dizzler/Projects/School/BIOL4600-Capstone/busco_downloads/lineages/enterobacterales_odb10/hmms/16772at91347.hmm reports/busco-results/data/00-reads/GCF_000171415.1_ASM17141v1_genomic.fna/prodigal_output/predicted_genes/predicted.faa 
# Current dir:     /Users/dizzler/Projects/School/BIOL4600-Capstone
# Date:            Sat Feb 21 22:06:12 2026
# [ok]
