#                                                                                         --- full sequence --- -------------- this domain -------------   hmm coord   ali coord   env coord
# target name                     accession   tlen query name           accession   qlen   E-value  score  bias   #  of  c-Evalue  i-Evalue  score  bias  from    to  from    to  from    to  acc description of target
#             ------------------- ---------- ----- -------------------- ---------- ----- --------- ------ ----- --- --- --------- --------- ------ ----- ----- ----- ----- ----- ----- ----- ---- ---------------------
NZ_ABEW01000001.1:283314-285911|+ -            866 2121at91347          -            705         0 1324.4   6.2   1   4   4.6e-24   7.3e-21   72.0   0.1     1    43     1    43     1    49 0.96 NZ_ABEW01000001.1_289 # 283314 # 285911 # 1 # ID=63_289;partial=00;start_type=ATG;rbs_motif=GGA/GAG/AGG;rbs_spacer=5-10bp;gc_cont=0.542
NZ_ABEW01000001.1:283314-285911|+ -            866 2121at91347          -            705         0 1324.4   6.2   2   4   5.2e-96   8.1e-93  309.8   0.2    41   196    64   227    54   237 0.95 NZ_ABEW01000001.1_289 # 283314 # 285911 # 1 # ID=63_289;partial=00;start_type=ATG;rbs_motif=GGA/GAG/AGG;rbs_spacer=5-10bp;gc_cont=0.542
NZ_ABEW01000001.1:283314-285911|+ -            866 2121at91347          -            705         0 1324.4   6.2   3   4   4.3e-76   6.7e-73  244.0   0.0   192   353   268   457   248   465 0.85 NZ_ABEW01000001.1_289 # 283314 # 285911 # 1 # ID=63_289;partial=00;start_type=ATG;rbs_motif=GGA/GAG/AGG;rbs_spacer=5-10bp;gc_cont=0.542
NZ_ABEW01000001.1:283314-285911|+ -            866 2121at91347          -            705         0 1324.4   6.2   4   4  6.7e-214    1e-210  699.5   0.1   339   705   465   860   457   860 0.95 NZ_ABEW01000001.1_289 # 283314 # 285911 # 1 # ID=63_289;partial=00;start_type=ATG;rbs_motif=GGA/GAG/AGG;rbs_spacer=5-10bp;gc_cont=0.542
NZ_ABEW01000001.1:711764-713713|- -            650 2121at91347          -            705   1.5e-16   57.8   0.2   1   3     7e-10   1.1e-06   25.1   0.0    59   194    81   227    68   239 0.77 NZ_ABEW01000001.1_704 # 711764 # 713713 # -1 # ID=63_704;partial=00;start_type=ATG;rbs_motif=3Base/5BMM;rbs_spacer=13-15bp;gc_cont=0.565
NZ_ABEW01000001.1:711764-713713|- -            650 2121at91347          -            705   1.5e-16   57.8   0.2   2   3   7.1e-10   1.1e-06   25.1   0.0   193   310   277   415   272   431 0.70 NZ_ABEW01000001.1_704 # 711764 # 713713 # -1 # ID=63_704;partial=00;start_type=ATG;rbs_motif=3Base/5BMM;rbs_spacer=13-15bp;gc_cont=0.565
NZ_ABEW01000001.1:711764-713713|- -            650 2121at91347          -            705   1.5e-16   57.8   0.2   3   3    0.0048       7.6    2.5   0.0   332   437   479   592   433   604 0.71 NZ_ABEW01000001.1_704 # 711764 # 713713 # -1 # ID=63_704;partial=00;start_type=ATG;rbs_motif=3Base/5BMM;rbs_spacer=13-15bp;gc_cont=0.565
NZ_ABEW01000020.1:23084-23626|+   -            181 2121at91347          -            705   2.1e-07   27.5   0.9   1   3   1.1e-08   1.7e-05   21.2   0.1   558   640    14    93     4    96 0.83 NZ_ABEW01000020.1_42 # 23084 # 23626 # 1 # ID=44_42;partial=00;start_type=ATG;rbs_motif=GGA/GAG/AGG;rbs_spacer=5-10bp;gc_cont=0.532
NZ_ABEW01000020.1:23084-23626|+   -            181 2121at91347          -            705   2.1e-07   27.5   0.9   2   3   7.8e-06     0.012   11.8   0.1   559   596    64   102    52   116 0.82 NZ_ABEW01000020.1_42 # 23084 # 23626 # 1 # ID=44_42;partial=00;start_type=ATG;rbs_motif=GGA/GAG/AGG;rbs_spacer=5-10bp;gc_cont=0.532
NZ_ABEW01000020.1:23084-23626|+   -            181 2121at91347          -            705   2.1e-07   27.5   0.9   3   3     0.035        55   -0.3   0.1   459   496   102   139    97   149 0.67 NZ_ABEW01000020.1_42 # 23084 # 23626 # 1 # ID=44_42;partial=00;start_type=ATG;rbs_motif=GGA/GAG/AGG;rbs_spacer=5-10bp;gc_cont=0.532
#
# Program:         hmmsearch
# Version:         3.4 (Aug 2023)
# Pipeline mode:   SEARCH
# Query file:      /Users/dizzler/Projects/School/BIOL4600-Capstone/busco_downloads/lineages/enterobacterales_odb10/hmms/2121at91347.hmm
# Target file:     reports/busco-results/data/00-reads/GCF_000171415.1_ASM17141v1_genomic.fna/prodigal_output/predicted_genes/predicted.faa
# Option settings: hmmsearch --domtblout reports/busco-results/data/00-reads/GCF_000171415.1_ASM17141v1_genomic.fna/run_enterobacterales_odb10/hmmer_output/2121at91347.out --cpu 1 /Users/dizzler/Projects/School/BIOL4600-Capstone/busco_downloads/lineages/enterobacterales_odb10/hmms/2121at91347.hmm reports/busco-results/data/00-reads/GCF_000171415.1_ASM17141v1_genomic.fna/prodigal_output/predicted_genes/predicted.faa 
# Current dir:     /Users/dizzler/Projects/School/BIOL4600-Capstone
# Date:            Sat Feb 21 22:06:13 2026
# [ok]
