#                                                                                         --- full sequence --- -------------- this domain -------------   hmm coord   ali coord   env coord
# target name                     accession   tlen query name           accession   qlen   E-value  score  bias   #  of  c-Evalue  i-Evalue  score  bias  from    to  from    to  from    to  acc description of target
#             ------------------- ---------- ----- -------------------- ---------- ----- --------- ------ ----- --- --- --------- --------- ------ ----- ----- ----- ----- ----- ----- ----- ---- ---------------------
NZ_ABEW01000007.1:26442-27731|-   -            430 23619at91347         -            365  3.1e-199  659.5   0.3   1   2  4.2e-101   3.3e-98  327.1   0.1     1   173     1   179     1   183 0.95 NZ_ABEW01000007.1_26 # 26442 # 27731 # -1 # ID=57_26;partial=00;start_type=ATG;rbs_motif=None;rbs_spacer=None;gc_cont=0.587
NZ_ABEW01000007.1:26442-27731|-   -            430 23619at91347         -            365  3.1e-199  659.5   0.3   2   2    4e-102   3.1e-99  330.4   0.0   167   365   197   421   193   421 0.94 NZ_ABEW01000007.1_26 # 26442 # 27731 # -1 # ID=57_26;partial=00;start_type=ATG;rbs_motif=None;rbs_spacer=None;gc_cont=0.587
NZ_ABEW01000002.1:178926-180305|- -            460 23619at91347         -            365   5.9e-45  151.8   0.0   1   1   4.2e-47   3.3e-44  149.4   0.0    38   299    79   356    67   367 0.78 NZ_ABEW01000002.1_171 # 178926 # 180305 # -1 # ID=62_171;partial=00;start_type=TTG;rbs_motif=GGAG/GAGG;rbs_spacer=5-10bp;gc_cont=0.543
NZ_ABEW01000004.1:469785-471002|+ -            406 23619at91347         -            365   5.2e-36  122.4   0.0   1   1   9.9e-39   7.8e-36  121.8   0.0    38   303    39   313    17   329 0.78 NZ_ABEW01000004.1_410 # 469785 # 471002 # 1 # ID=60_410;partial=00;start_type=ATG;rbs_motif=GGxGG;rbs_spacer=5-10bp;gc_cont=0.560
NZ_ABEW01000001.1:706950-708176|- -            409 23619at91347         -            365   5.4e-36  122.3   0.0   1   1   1.1e-38     9e-36  121.6   0.0    32   298    30   304    12   321 0.81 NZ_ABEW01000001.1_699 # 706950 # 708176 # -1 # ID=63_699;partial=00;start_type=ATG;rbs_motif=GGAG/GAGG;rbs_spacer=5-10bp;gc_cont=0.559
NZ_ABEW01000002.1:618991-620274|- -            428 23619at91347         -            365   9.9e-33  111.6   0.5   1   2   2.3e-10   1.8e-07   28.5   0.0    56   149    56   149    22   171 0.85 NZ_ABEW01000002.1_592 # 618991 # 620274 # -1 # ID=62_592;partial=00;start_type=ATG;rbs_motif=AGGAG;rbs_spacer=5-10bp;gc_cont=0.575
NZ_ABEW01000002.1:618991-620274|- -            428 23619at91347         -            365   9.9e-33  111.6   0.5   2   2   1.8e-26   1.4e-23   81.5   0.2   170   306   195   328   175   341 0.89 NZ_ABEW01000002.1_592 # 618991 # 620274 # -1 # ID=62_592;partial=00;start_type=ATG;rbs_motif=AGGAG;rbs_spacer=5-10bp;gc_cont=0.575
NZ_ABEW01000003.1:50466-51746|+   -            427 23619at91347         -            365   2.6e-21   74.0   0.0   1   1   7.4e-24   5.9e-21   72.9   0.0    32   298    39   320    31   344 0.77 NZ_ABEW01000003.1_47 # 50466 # 51746 # 1 # ID=61_47;partial=00;start_type=ATG;rbs_motif=AGGA;rbs_spacer=5-10bp;gc_cont=0.589
#
# Program:         hmmsearch
# Version:         3.4 (Aug 2023)
# Pipeline mode:   SEARCH
# Query file:      /Users/dizzler/Projects/School/BIOL4600-Capstone/busco_downloads/lineages/enterobacterales_odb10/hmms/23619at91347.hmm
# Target file:     reports/busco-results/data/00-reads/GCF_000171415.1_ASM17141v1_genomic.fna/prodigal_output/predicted_genes/predicted.faa
# Option settings: hmmsearch --domtblout reports/busco-results/data/00-reads/GCF_000171415.1_ASM17141v1_genomic.fna/run_enterobacterales_odb10/hmmer_output/23619at91347.out --cpu 1 /Users/dizzler/Projects/School/BIOL4600-Capstone/busco_downloads/lineages/enterobacterales_odb10/hmms/23619at91347.hmm reports/busco-results/data/00-reads/GCF_000171415.1_ASM17141v1_genomic.fna/prodigal_output/predicted_genes/predicted.faa 
# Current dir:     /Users/dizzler/Projects/School/BIOL4600-Capstone
# Date:            Sat Feb 21 22:06:12 2026
# [ok]
