#                                                                                         --- full sequence --- -------------- this domain -------------   hmm coord   ali coord   env coord
# target name                     accession   tlen query name           accession   qlen   E-value  score  bias   #  of  c-Evalue  i-Evalue  score  bias  from    to  from    to  from    to  acc description of target
#             ------------------- ---------- ----- -------------------- ---------- ----- --------- ------ ----- --- --- --------- --------- ------ ----- ----- ----- ----- ----- ----- ----- ---- ---------------------
NZ_ABEW01000003.1:127937-130642|- -            902 3734at91347          -            766         0 1441.5  14.7   1   3         0         0 1260.1   2.5     1   641     1   685     1   692 0.95 NZ_ABEW01000003.1_115 # 127937 # 130642 # -1 # ID=61_115;partial=00;start_type=ATG;rbs_motif=GGA/GAG/AGG;rbs_spacer=5-10bp;gc_cont=0.538
NZ_ABEW01000003.1:127937-130642|- -            902 3734at91347          -            766         0 1441.5  14.7   2   3   9.9e-50   9.4e-47  157.7   2.8   621   740   692   833   671   844 0.82 NZ_ABEW01000003.1_115 # 127937 # 130642 # -1 # ID=61_115;partial=00;start_type=ATG;rbs_motif=GGA/GAG/AGG;rbs_spacer=5-10bp;gc_cont=0.538
NZ_ABEW01000003.1:127937-130642|- -            902 3734at91347          -            766         0 1441.5  14.7   3   3   4.6e-11   4.3e-08   29.9   0.1   732   766   866   900   838   900 0.78 NZ_ABEW01000003.1_115 # 127937 # 130642 # -1 # ID=61_115;partial=00;start_type=ATG;rbs_motif=GGA/GAG/AGG;rbs_spacer=5-10bp;gc_cont=0.538
NZ_ABEW01000001.1:51183-51848|+   -            222 3734at91347          -            766   1.9e-05   21.2   0.2   1   1   2.6e-08   2.4e-05   20.8   0.2   741   763   197   219   189   221 0.88 NZ_ABEW01000001.1_55 # 51183 # 51848 # 1 # ID=63_55;partial=00;start_type=ATG;rbs_motif=GGAG/GAGG;rbs_spacer=5-10bp;gc_cont=0.530
NZ_ABEW01000001.1:244193-244651|- -            153 3734at91347          -            766   2.5e-05   20.8   4.4   1   2    0.0069       6.5    2.8   0.4   749   766     3    20     1    20 0.91 NZ_ABEW01000001.1_249 # 244193 # 244651 # -1 # ID=63_249;partial=00;start_type=GTG;rbs_motif=GGAG/GAGG;rbs_spacer=5-10bp;gc_cont=0.484
NZ_ABEW01000001.1:244193-244651|- -            153 3734at91347          -            766   2.5e-05   20.8   4.4   2   2   5.3e-08     5e-05   19.8   0.4   743   765   130   152   121   152 0.89 NZ_ABEW01000001.1_249 # 244193 # 244651 # -1 # ID=63_249;partial=00;start_type=GTG;rbs_motif=GGAG/GAGG;rbs_spacer=5-10bp;gc_cont=0.484
NZ_ABEW01000013.1:21987-23282|-   -            432 3734at91347          -            766   6.4e-05   19.4   0.1   1   1     9e-08   8.5e-05   19.0   0.1   740   765   405   430   381   431 0.81 NZ_ABEW01000013.1_21 # 21987 # 23282 # -1 # ID=51_21;partial=00;start_type=ATG;rbs_motif=GGAG/GAGG;rbs_spacer=5-10bp;gc_cont=0.541
NZ_ABEW01000004.1:150385-152466|- -            694 3734at91347          -            766    0.0013   15.1   0.0   1   1   2.1e-06     0.002   14.5   0.0    94   158   298   362   288   372 0.88 NZ_ABEW01000004.1_137 # 150385 # 152466 # -1 # ID=60_137;partial=00;start_type=ATG;rbs_motif=GGA/GAG/AGG;rbs_spacer=5-10bp;gc_cont=0.584
#
# Program:         hmmsearch
# Version:         3.4 (Aug 2023)
# Pipeline mode:   SEARCH
# Query file:      /Users/dizzler/Projects/School/BIOL4600-Capstone/busco_downloads/lineages/enterobacterales_odb10/hmms/3734at91347.hmm
# Target file:     reports/busco-results/data/00-reads/GCF_000171415.1_ASM17141v1_genomic.fna/prodigal_output/predicted_genes/predicted.faa
# Option settings: hmmsearch --domtblout reports/busco-results/data/00-reads/GCF_000171415.1_ASM17141v1_genomic.fna/run_enterobacterales_odb10/hmmer_output/3734at91347.out --cpu 1 /Users/dizzler/Projects/School/BIOL4600-Capstone/busco_downloads/lineages/enterobacterales_odb10/hmms/3734at91347.hmm reports/busco-results/data/00-reads/GCF_000171415.1_ASM17141v1_genomic.fna/prodigal_output/predicted_genes/predicted.faa 
# Current dir:     /Users/dizzler/Projects/School/BIOL4600-Capstone
# Date:            Sat Feb 21 22:06:13 2026
# [ok]
