#                                                                                         --- full sequence --- -------------- this domain -------------   hmm coord   ali coord   env coord
# target name                     accession   tlen query name           accession   qlen   E-value  score  bias   #  of  c-Evalue  i-Evalue  score  bias  from    to  from    to  from    to  acc description of target
#             ------------------- ---------- ----- -------------------- ---------- ----- --------- ------ ----- --- --- --------- --------- ------ ----- ----- ----- ----- ----- ----- ----- ---- ---------------------
NZ_ABEW01000006.1:53201-54469|+   -            423 48197at91347         -            361  1.3e-170  565.1   0.0   1   1    9e-172  7.1e-169  559.4   0.0     1   360     7   413     7   414 0.90 NZ_ABEW01000006.1_50 # 53201 # 54469 # 1 # ID=58_50;partial=00;start_type=ATG;rbs_motif=AGxAG;rbs_spacer=5-10bp;gc_cont=0.580
NZ_ABEW01000003.1:144366-145853|- -            496 48197at91347         -            361    0.0032   14.4   0.5   1   3     0.072        57    0.5   0.0   251   319    27    97    20   109 0.79 NZ_ABEW01000003.1_128 # 144366 # 145853 # -1 # ID=61_128;partial=00;start_type=GTG;rbs_motif=GGAG/GAGG;rbs_spacer=5-10bp;gc_cont=0.590
NZ_ABEW01000003.1:144366-145853|- -            496 48197at91347         -            361    0.0032   14.4   0.5   2   3    0.0012      0.96    6.3   0.4    43    61   110   128    93   140 0.87 NZ_ABEW01000003.1_128 # 144366 # 145853 # -1 # ID=61_128;partial=00;start_type=GTG;rbs_motif=GGAG/GAGG;rbs_spacer=5-10bp;gc_cont=0.590
NZ_ABEW01000003.1:144366-145853|- -            496 48197at91347         -            361    0.0032   14.4   0.5   3   3      0.01       8.2    3.2   0.0   252   295   340   391   308   468 0.77 NZ_ABEW01000003.1_128 # 144366 # 145853 # -1 # ID=61_128;partial=00;start_type=GTG;rbs_motif=GGAG/GAGG;rbs_spacer=5-10bp;gc_cont=0.590
NZ_ABEW01000003.1:140616-141932|- -            439 48197at91347         -            361    0.0072   13.3   0.5   1   2   0.00023      0.18    8.7   0.6    30    73    91   136    81   140 0.81 NZ_ABEW01000003.1_125 # 140616 # 141932 # -1 # ID=61_125;partial=00;start_type=ATG;rbs_motif=GGA/GAG/AGG;rbs_spacer=5-10bp;gc_cont=0.583
NZ_ABEW01000003.1:140616-141932|- -            439 48197at91347         -            361    0.0072   13.3   0.5   2   2     0.021        16    2.3   0.0   119   195   143   217   138   241 0.80 NZ_ABEW01000003.1_125 # 140616 # 141932 # -1 # ID=61_125;partial=00;start_type=ATG;rbs_motif=GGA/GAG/AGG;rbs_spacer=5-10bp;gc_cont=0.583
NZ_ABEW01000003.1:136714-138189|- -            492 48197at91347         -            361    0.0084   13.1   0.1   1   2   0.00092      0.72    6.7   0.0    43    69   120   146    96   150 0.79 NZ_ABEW01000003.1_122 # 136714 # 138189 # -1 # ID=61_122;partial=00;start_type=ATG;rbs_motif=4Base/6BMM;rbs_spacer=13-15bp;gc_cont=0.563
NZ_ABEW01000003.1:136714-138189|- -            492 48197at91347         -            361    0.0084   13.1   0.1   2   2    0.0068       5.4    3.8   0.0   149   171   186   208   175   214 0.81 NZ_ABEW01000003.1_122 # 136714 # 138189 # -1 # ID=61_122;partial=00;start_type=ATG;rbs_motif=4Base/6BMM;rbs_spacer=13-15bp;gc_cont=0.563
NZ_ABEW01000003.1:272990-273334|- -            115 48197at91347         -            361     0.011   12.7   0.1   1   1   1.4e-05     0.011   12.7   0.1    95   141    45    91     9    98 0.90 NZ_ABEW01000003.1_235 # 272990 # 273334 # -1 # ID=61_235;partial=00;start_type=ATG;rbs_motif=None;rbs_spacer=None;gc_cont=0.406
NZ_ABEW01000003.1:471796-473169|- -            458 48197at91347         -            361     0.051   10.5   0.0   1   1   0.00012     0.094    9.6   0.0    41    72   102   133    96   137 0.89 NZ_ABEW01000003.1_426 # 471796 # 473169 # -1 # ID=61_426;partial=00;start_type=ATG;rbs_motif=AGGA;rbs_spacer=5-10bp;gc_cont=0.589
#
# Program:         hmmsearch
# Version:         3.4 (Aug 2023)
# Pipeline mode:   SEARCH
# Query file:      /Users/dizzler/Projects/School/BIOL4600-Capstone/busco_downloads/lineages/enterobacterales_odb10/hmms/48197at91347.hmm
# Target file:     reports/busco-results/data/00-reads/GCF_000171415.1_ASM17141v1_genomic.fna/prodigal_output/predicted_genes/predicted.faa
# Option settings: hmmsearch --domtblout reports/busco-results/data/00-reads/GCF_000171415.1_ASM17141v1_genomic.fna/run_enterobacterales_odb10/hmmer_output/48197at91347.out --cpu 1 /Users/dizzler/Projects/School/BIOL4600-Capstone/busco_downloads/lineages/enterobacterales_odb10/hmms/48197at91347.hmm reports/busco-results/data/00-reads/GCF_000171415.1_ASM17141v1_genomic.fna/prodigal_output/predicted_genes/predicted.faa 
# Current dir:     /Users/dizzler/Projects/School/BIOL4600-Capstone
# Date:            Sat Feb 21 22:06:13 2026
# [ok]
