#                                                                                         --- full sequence --- -------------- this domain -------------   hmm coord   ali coord   env coord
# target name                     accession   tlen query name           accession   qlen   E-value  score  bias   #  of  c-Evalue  i-Evalue  score  bias  from    to  from    to  from    to  acc description of target
#             ------------------- ---------- ----- -------------------- ---------- ----- --------- ------ ----- --- --- --------- --------- ------ ----- ----- ----- ----- ----- ----- ----- ---- ---------------------
NZ_ABEW01000006.1:375262-376038|- -            259 62379at91347         -            235  3.6e-130  430.5   2.1   1   1  4.7e-133  4.4e-130  430.2   2.1     1   235     1   258     1   258 0.94 NZ_ABEW01000006.1_335 # 375262 # 376038 # -1 # ID=58_335;partial=00;start_type=ATG;rbs_motif=AGGAG;rbs_spacer=5-10bp;gc_cont=0.555
NZ_ABEW01000006.1:376020-376757|- -            246 62379at91347         -            235   2.6e-16   57.9   0.1   1   1   3.5e-19   3.3e-16   57.5   0.1     6   202     2   211     1   237 0.83 NZ_ABEW01000006.1_336 # 376020 # 376757 # -1 # ID=58_336;partial=00;start_type=ATG;rbs_motif=GGAG/GAGG;rbs_spacer=5-10bp;gc_cont=0.585
NZ_ABEW01000017.1:15444-16214|+   -            257 62379at91347         -            235    0.0036   14.9   0.0   1   2      0.13   1.2e+02    0.1   0.0   129   173     6    49     2    85 0.76 NZ_ABEW01000017.1_17 # 15444 # 16214 # 1 # ID=47_17;partial=00;start_type=ATG;rbs_motif=AGxAGG/AGGxGG;rbs_spacer=5-10bp;gc_cont=0.617
NZ_ABEW01000017.1:15444-16214|+   -            257 62379at91347         -            235    0.0036   14.9   0.0   2   2     2e-05     0.019   12.5   0.1    61   115   163   218   135   230 0.78 NZ_ABEW01000017.1_17 # 15444 # 16214 # 1 # ID=47_17;partial=00;start_type=ATG;rbs_motif=AGxAGG/AGGxGG;rbs_spacer=5-10bp;gc_cont=0.617
NZ_ABEW01000006.1:250818-251756|+ -            313 62379at91347         -            235     0.014   12.9   0.0   1   1     2e-05     0.019   12.5   0.0    33   112   152   234   113   277 0.78 NZ_ABEW01000006.1_228 # 250818 # 251756 # 1 # ID=58_228;partial=00;start_type=ATG;rbs_motif=GGA/GAG/AGG;rbs_spacer=5-10bp;gc_cont=0.570
NZ_ABEW01000003.1:324650-325429|- -            260 62379at91347         -            235     0.017   12.7   0.2   1   2    0.0031       2.9    5.3   0.1   200   234   119   153   106   154 0.85 NZ_ABEW01000003.1_282 # 324650 # 325429 # -1 # ID=61_282;partial=00;start_type=ATG;rbs_motif=GGAG/GAGG;rbs_spacer=5-10bp;gc_cont=0.546
NZ_ABEW01000003.1:324650-325429|- -            260 62379at91347         -            235     0.017   12.7   0.2   2   2    0.0039       3.7    5.0   0.0    70    95   194   219   173   237 0.77 NZ_ABEW01000003.1_282 # 324650 # 325429 # -1 # ID=61_282;partial=00;start_type=ATG;rbs_motif=GGAG/GAGG;rbs_spacer=5-10bp;gc_cont=0.546
#
# Program:         hmmsearch
# Version:         3.4 (Aug 2023)
# Pipeline mode:   SEARCH
# Query file:      /Users/dizzler/Projects/School/BIOL4600-Capstone/busco_downloads/lineages/enterobacterales_odb10/hmms/62379at91347.hmm
# Target file:     reports/busco-results/data/00-reads/GCF_000171415.1_ASM17141v1_genomic.fna/prodigal_output/predicted_genes/predicted.faa
# Option settings: hmmsearch --domtblout reports/busco-results/data/00-reads/GCF_000171415.1_ASM17141v1_genomic.fna/run_enterobacterales_odb10/hmmer_output/62379at91347.out --cpu 1 /Users/dizzler/Projects/School/BIOL4600-Capstone/busco_downloads/lineages/enterobacterales_odb10/hmms/62379at91347.hmm reports/busco-results/data/00-reads/GCF_000171415.1_ASM17141v1_genomic.fna/prodigal_output/predicted_genes/predicted.faa 
# Current dir:     /Users/dizzler/Projects/School/BIOL4600-Capstone
# Date:            Sat Feb 21 22:06:14 2026
# [ok]
