#                                                                                         --- full sequence --- -------------- this domain -------------   hmm coord   ali coord   env coord
# target name                     accession   tlen query name           accession   qlen   E-value  score  bias   #  of  c-Evalue  i-Evalue  score  bias  from    to  from    to  from    to  acc description of target
#             ------------------- ---------- ----- -------------------- ---------- ----- --------- ------ ----- --- --- --------- --------- ------ ----- ----- ----- ----- ----- ----- ----- ---- ---------------------
NZ_ABEW01000001.1:222696-223529|+ -            278 70738at91347         -            220   1.8e-88  293.7   0.0   1   1   5.4e-91   3.7e-88  292.6   0.0     6   220    18   274    13   274 0.90 NZ_ABEW01000001.1_232 # 222696 # 223529 # 1 # ID=63_232;partial=00;start_type=ATG;rbs_motif=AGxAGG/AGGxGG;rbs_spacer=3-4bp;gc_cont=0.589
NZ_ABEW01000006.1:35229-36161|+   -            311 70738at91347         -            220   2.7e-22   77.2   0.0   1   1   6.5e-25   4.4e-22   76.6   0.0    36   184    75   244    58   248 0.82 NZ_ABEW01000006.1_30 # 35229 # 36161 # 1 # ID=58_30;partial=00;start_type=GTG;rbs_motif=GGAGG;rbs_spacer=5-10bp;gc_cont=0.532
NZ_ABEW01000003.1:334694-335722|+ -            343 70738at91347         -            220     1e-07   29.6   0.0   1   1   2.7e-10   1.8e-07   28.8   0.0    87   153   200   273   195   287 0.77 NZ_ABEW01000003.1_293 # 334694 # 335722 # 1 # ID=61_293;partial=00;start_type=ATG;rbs_motif=AGGAG;rbs_spacer=5-10bp;gc_cont=0.572
NZ_ABEW01000021.1:7525-8262|-     -            246 70738at91347         -            220   1.2e-07   29.4   0.0   1   1   3.6e-10   2.5e-07   28.3   0.0    86   154    47   128    42   145 0.71 NZ_ABEW01000021.1_10 # 7525 # 8262 # -1 # ID=43_10;partial=00;start_type=ATG;rbs_motif=GGA/GAG/AGG;rbs_spacer=5-10bp;gc_cont=0.537
NZ_ABEW01000002.1:175520-176656|+ -            379 70738at91347         -            220   4.1e-05   21.1   0.0   1   1   1.3e-07   8.6e-05   20.0   0.0    87   165   232   320   228   326 0.73 NZ_ABEW01000002.1_169 # 175520 # 176656 # 1 # ID=62_169;partial=00;start_type=ATG;rbs_motif=AGGAGG;rbs_spacer=3-4bp;gc_cont=0.536
NZ_ABEW01000006.1:422340-422918|+ -            193 70738at91347         -            220     0.022   12.1   0.0   1   1   4.6e-05     0.031   11.7   0.0    86   115    34    63    27    88 0.81 NZ_ABEW01000006.1_384 # 422340 # 422918 # 1 # ID=58_384;partial=00;start_type=ATG;rbs_motif=None;rbs_spacer=None;gc_cont=0.561
NZ_ABEW01000012.1:35694-36905|-   -            404 70738at91347         -            220     0.025   12.0   0.0   1   1   7.5e-05     0.051   11.0   0.0    77   183   221   330   218   337 0.70 NZ_ABEW01000012.1_32 # 35694 # 36905 # -1 # ID=52_32;partial=00;start_type=ATG;rbs_motif=GGAG/GAGG;rbs_spacer=5-10bp;gc_cont=0.543
#
# Program:         hmmsearch
# Version:         3.4 (Aug 2023)
# Pipeline mode:   SEARCH
# Query file:      /Users/dizzler/Projects/School/BIOL4600-Capstone/busco_downloads/lineages/enterobacterales_odb10/hmms/70738at91347.hmm
# Target file:     reports/busco-results/data/00-reads/GCF_000171415.1_ASM17141v1_genomic.fna/prodigal_output/predicted_genes/predicted.faa
# Option settings: hmmsearch --domtblout reports/busco-results/data/00-reads/GCF_000171415.1_ASM17141v1_genomic.fna/run_enterobacterales_odb10/hmmer_output/70738at91347.out --cpu 1 /Users/dizzler/Projects/School/BIOL4600-Capstone/busco_downloads/lineages/enterobacterales_odb10/hmms/70738at91347.hmm reports/busco-results/data/00-reads/GCF_000171415.1_ASM17141v1_genomic.fna/prodigal_output/predicted_genes/predicted.faa 
# Current dir:     /Users/dizzler/Projects/School/BIOL4600-Capstone
# Date:            Sat Feb 21 22:06:14 2026
# [ok]
