#                                                                                         --- full sequence --- -------------- this domain -------------   hmm coord   ali coord   env coord
# target name                     accession   tlen query name           accession   qlen   E-value  score  bias   #  of  c-Evalue  i-Evalue  score  bias  from    to  from    to  from    to  acc description of target
#             ------------------- ---------- ----- -------------------- ---------- ----- --------- ------ ----- --- --- --------- --------- ------ ----- ----- ----- ----- ----- ----- ----- ---- ---------------------
NZ_ABEW01000006.1:376757-377347|- -            197 72076at91347         -            168   1.3e-81  270.6   0.0   1   1   5.5e-84   3.7e-81  269.2   0.0     1   168     1   196     1   196 0.89 NZ_ABEW01000006.1_337 # 376757 # 377347 # -1 # ID=58_337;partial=00;start_type=ATG;rbs_motif=AGGAG;rbs_spacer=5-10bp;gc_cont=0.570
NZ_ABEW01000008.1:133272-134849|+ -            526 72076at91347         -            168   1.2e-06   26.7   0.0   1   2    0.0018       1.2    7.2   0.0    67    89    79   101    61   127 0.79 NZ_ABEW01000008.1_103 # 133272 # 134849 # 1 # ID=56_103;partial=00;start_type=ATG;rbs_motif=GGA/GAG/AGG;rbs_spacer=5-10bp;gc_cont=0.568
NZ_ABEW01000008.1:133272-134849|+ -            526 72076at91347         -            168   1.2e-06   26.7   0.0   2   2   1.7e-06    0.0011   17.0   0.0   124   166   155   198   150   200 0.80 NZ_ABEW01000008.1_103 # 133272 # 134849 # 1 # ID=56_103;partial=00;start_type=ATG;rbs_motif=GGA/GAG/AGG;rbs_spacer=5-10bp;gc_cont=0.568
NZ_ABEW01000004.1:469136-469699|+ -            188 72076at91347         -            168   0.00011   20.4   0.1   1   1   7.5e-07   0.00051   18.1   0.1    68   167    73   186    58   187 0.68 NZ_ABEW01000004.1_409 # 469136 # 469699 # 1 # ID=60_409;partial=00;start_type=ATG;rbs_motif=GGAG/GAGG;rbs_spacer=5-10bp;gc_cont=0.546
NZ_ABEW01000006.1:430239-431759|+ -            507 72076at91347         -            168   0.00039   18.5   0.0   1   1   1.4e-06   0.00094   17.3   0.0    33    93   288   351   277   370 0.85 NZ_ABEW01000006.1_395 # 430239 # 431759 # 1 # ID=58_395;partial=00;start_type=ATG;rbs_motif=GGAGG;rbs_spacer=3-4bp;gc_cont=0.557
NZ_ABEW01000001.1:273996-275591|- -            532 72076at91347         -            168    0.0066   14.5   0.0   1   1   2.5e-05     0.017   13.2   0.0    67   164    77   185    66   188 0.68 NZ_ABEW01000001.1_280 # 273996 # 275591 # -1 # ID=63_280;partial=00;start_type=ATG;rbs_motif=AGGAG;rbs_spacer=5-10bp;gc_cont=0.571
NZ_ABEW01000008.1:208968-209687|- -            240 72076at91347         -            168     0.024   12.7   0.1   1   2   0.00015     0.098   10.7   0.0    55    82    72    99    65   118 0.84 NZ_ABEW01000008.1_173 # 208968 # 209687 # -1 # ID=56_173;partial=00;start_type=GTG;rbs_motif=AGGAG;rbs_spacer=5-10bp;gc_cont=0.551
NZ_ABEW01000008.1:208968-209687|- -            240 72076at91347         -            168     0.024   12.7   0.1   2   2      0.57   3.9e+02   -1.0   0.0   138   162   166   191   158   194 0.79 NZ_ABEW01000008.1_173 # 208968 # 209687 # -1 # ID=56_173;partial=00;start_type=GTG;rbs_motif=AGGAG;rbs_spacer=5-10bp;gc_cont=0.551
NZ_ABEW01000003.1:212572-213720|- -            383 72076at91347         -            168     0.026   12.6   0.1   1   1   7.3e-05     0.049   11.7   0.1    65   101   260   295   249   373 0.71 NZ_ABEW01000003.1_185 # 212572 # 213720 # -1 # ID=61_185;partial=00;start_type=TTG;rbs_motif=GGAGG;rbs_spacer=5-10bp;gc_cont=0.559
#
# Program:         hmmsearch
# Version:         3.4 (Aug 2023)
# Pipeline mode:   SEARCH
# Query file:      /Users/dizzler/Projects/School/BIOL4600-Capstone/busco_downloads/lineages/enterobacterales_odb10/hmms/72076at91347.hmm
# Target file:     reports/busco-results/data/00-reads/GCF_000171415.1_ASM17141v1_genomic.fna/prodigal_output/predicted_genes/predicted.faa
# Option settings: hmmsearch --domtblout reports/busco-results/data/00-reads/GCF_000171415.1_ASM17141v1_genomic.fna/run_enterobacterales_odb10/hmmer_output/72076at91347.out --cpu 1 /Users/dizzler/Projects/School/BIOL4600-Capstone/busco_downloads/lineages/enterobacterales_odb10/hmms/72076at91347.hmm reports/busco-results/data/00-reads/GCF_000171415.1_ASM17141v1_genomic.fna/prodigal_output/predicted_genes/predicted.faa 
# Current dir:     /Users/dizzler/Projects/School/BIOL4600-Capstone
# Date:            Sat Feb 21 22:06:14 2026
# [ok]
