#                                                                                         --- full sequence --- -------------- this domain -------------   hmm coord   ali coord   env coord
# target name                     accession   tlen query name           accession   qlen   E-value  score  bias   #  of  c-Evalue  i-Evalue  score  bias  from    to  from    to  from    to  acc description of target
#             ------------------- ---------- ----- -------------------- ---------- ----- --------- ------ ----- --- --- --------- --------- ------ ----- ----- ----- ----- ----- ----- ----- ---- ---------------------
NZ_ABEW01000020.1:24205-25026|+   -            274 72088at91347         -            221     5e-98  324.8   0.2   1   1     6e-98   4.7e-95  315.1   0.2     1   221     4   268     4   268 0.88 NZ_ABEW01000020.1_44 # 24205 # 25026 # 1 # ID=44_44;partial=00;start_type=ATG;rbs_motif=GGA/GAG/AGG;rbs_spacer=5-10bp;gc_cont=0.501
NZ_ABEW01000001.1:651642-652508|+ -            289 72088at91347         -            221   3.2e-24   83.5   0.5   1   2   4.3e-19   3.4e-16   57.3   0.2     4   135    12   158     9   175 0.76 NZ_ABEW01000001.1_644 # 651642 # 652508 # 1 # ID=63_644;partial=00;start_type=ATG;rbs_motif=AGGAG;rbs_spacer=5-10bp;gc_cont=0.484
NZ_ABEW01000001.1:651642-652508|+ -            289 72088at91347         -            221   3.2e-24   83.5   0.5   2   2   6.8e-09   5.3e-06   23.9   0.0   125   210   176   274   171   285 0.73 NZ_ABEW01000001.1_644 # 651642 # 652508 # 1 # ID=63_644;partial=00;start_type=ATG;rbs_motif=AGGAG;rbs_spacer=5-10bp;gc_cont=0.484
NZ_ABEW01000039.1:744-914|-       -             57 72088at91347         -            221   2.8e-15   54.3   0.1   1   1   3.8e-18     3e-15   54.2   0.1   182   221     9    51     3    51 0.89 NZ_ABEW01000039.1_3 # 744 # 914 # -1 # ID=25_3;partial=01;start_type=Edge;rbs_motif=None;rbs_spacer=None;gc_cont=0.520
NZ_ABEW01000004.1:32760-33578|+   -            273 72088at91347         -            221   4.6e-10   37.2   0.0   1   2   2.7e-11   2.1e-08   31.8   0.0    40   122    59   141    27   162 0.91 NZ_ABEW01000004.1_30 # 32760 # 33578 # 1 # ID=60_30;partial=00;start_type=ATG;rbs_motif=GGAG/GAGG;rbs_spacer=5-10bp;gc_cont=0.525
NZ_ABEW01000004.1:32760-33578|+   -            273 72088at91347         -            221   4.6e-10   37.2   0.0   2   2     0.013        10    3.3   0.0   144   212   179   259   173   264 0.64 NZ_ABEW01000004.1_30 # 32760 # 33578 # 1 # ID=60_30;partial=00;start_type=ATG;rbs_motif=GGAG/GAGG;rbs_spacer=5-10bp;gc_cont=0.525
NZ_ABEW01000020.1:17145-18521|-   -            459 72088at91347         -            221   0.00033   18.1   0.1   1   2      0.56   4.4e+02   -2.0   0.1   105   146     2    45     1    49 0.69 NZ_ABEW01000020.1_36 # 17145 # 18521 # -1 # ID=44_36;partial=00;start_type=ATG;rbs_motif=None;rbs_spacer=None;gc_cont=0.514
NZ_ABEW01000020.1:17145-18521|-   -            459 72088at91347         -            221   0.00033   18.1   0.1   2   2   1.4e-06    0.0011   16.4   0.0    92   143   221   272   206   285 0.95 NZ_ABEW01000020.1_36 # 17145 # 18521 # -1 # ID=44_36;partial=00;start_type=ATG;rbs_motif=None;rbs_spacer=None;gc_cont=0.514
NZ_ABEW01000001.1:220317-221573|+ -            419 72088at91347         -            221     0.004   14.5   0.3   1   2   1.5e-05     0.012   13.0   0.1   103   143   182   224   171   231 0.85 NZ_ABEW01000001.1_230 # 220317 # 221573 # 1 # ID=63_230;partial=00;start_type=ATG;rbs_motif=None;rbs_spacer=None;gc_cont=0.566
NZ_ABEW01000001.1:220317-221573|+ -            419 72088at91347         -            221     0.004   14.5   0.3   2   2      0.74   5.8e+02   -2.4   0.0   195   207   324   336   295   365 0.67 NZ_ABEW01000001.1_230 # 220317 # 221573 # 1 # ID=63_230;partial=00;start_type=ATG;rbs_motif=None;rbs_spacer=None;gc_cont=0.566
#
# Program:         hmmsearch
# Version:         3.4 (Aug 2023)
# Pipeline mode:   SEARCH
# Query file:      /Users/dizzler/Projects/School/BIOL4600-Capstone/busco_downloads/lineages/enterobacterales_odb10/hmms/72088at91347.hmm
# Target file:     reports/busco-results/data/00-reads/GCF_000171415.1_ASM17141v1_genomic.fna/prodigal_output/predicted_genes/predicted.faa
# Option settings: hmmsearch --domtblout reports/busco-results/data/00-reads/GCF_000171415.1_ASM17141v1_genomic.fna/run_enterobacterales_odb10/hmmer_output/72088at91347.out --cpu 1 /Users/dizzler/Projects/School/BIOL4600-Capstone/busco_downloads/lineages/enterobacterales_odb10/hmms/72088at91347.hmm reports/busco-results/data/00-reads/GCF_000171415.1_ASM17141v1_genomic.fna/prodigal_output/predicted_genes/predicted.faa 
# Current dir:     /Users/dizzler/Projects/School/BIOL4600-Capstone
# Date:            Sat Feb 21 22:06:14 2026
# [ok]
