#                                                                                         --- full sequence --- -------------- this domain -------------   hmm coord   ali coord   env coord
# target name                     accession   tlen query name           accession   qlen   E-value  score  bias   #  of  c-Evalue  i-Evalue  score  bias  from    to  from    to  from    to  acc description of target
#             ------------------- ---------- ----- -------------------- ---------- ----- --------- ------ ----- --- --- --------- --------- ------ ----- ----- ----- ----- ----- ----- ----- ---- ---------------------
NZ_ABEW01000002.1:16154-16624|-   -            157 86613at91347         -            110   3.2e-58  192.5   1.0   1   2   8.1e-18   9.6e-15   52.6   0.0     1    56     1    57     1    63 0.87 NZ_ABEW01000002.1_14 # 16154 # 16624 # -1 # ID=62_14;partial=00;start_type=ATG;rbs_motif=GGA/GAG/AGG;rbs_spacer=5-10bp;gc_cont=0.527
NZ_ABEW01000002.1:16154-16624|-   -            157 86613at91347         -            110   3.2e-58  192.5   1.0   2   2   1.1e-44   1.3e-41  139.0   0.2    34   110    79   156    71   156 0.97 NZ_ABEW01000002.1_14 # 16154 # 16624 # -1 # ID=62_14;partial=00;start_type=ATG;rbs_motif=GGA/GAG/AGG;rbs_spacer=5-10bp;gc_cont=0.527
NZ_ABEW01000002.1:44894-46663|+   -            590 86613at91347         -            110   4.2e-09   34.4   0.4   1   2       1.1   1.3e+03   -2.6   0.0    72    92   209   229   161   234 0.69 NZ_ABEW01000002.1_41 # 44894 # 46663 # 1 # ID=62_41;partial=00;start_type=ATG;rbs_motif=GGAGG;rbs_spacer=5-10bp;gc_cont=0.632
NZ_ABEW01000002.1:44894-46663|+   -            590 86613at91347         -            110   4.2e-09   34.4   0.4   2   2   9.7e-12   1.1e-08   33.0   0.1    61   109   539   588   521   589 0.88 NZ_ABEW01000002.1_41 # 44894 # 46663 # 1 # ID=62_41;partial=00;start_type=ATG;rbs_motif=GGAGG;rbs_spacer=5-10bp;gc_cont=0.632
NZ_ABEW01000003.1:222785-224560|+ -            592 86613at91347         -            110   4.7e-09   34.3   0.4   1   2       1.7     2e+03   -3.2   0.0    74    92   211   229   168   233 0.76 NZ_ABEW01000003.1_195 # 222785 # 224560 # 1 # ID=61_195;partial=00;start_type=ATG;rbs_motif=GGAGG;rbs_spacer=5-10bp;gc_cont=0.636
NZ_ABEW01000003.1:222785-224560|+ -            592 86613at91347         -            110   4.7e-09   34.3   0.4   2   2   9.7e-12   1.1e-08   33.0   0.1    61   109   541   590   523   591 0.88 NZ_ABEW01000003.1_195 # 222785 # 224560 # 1 # ID=61_195;partial=00;start_type=ATG;rbs_motif=GGAGG;rbs_spacer=5-10bp;gc_cont=0.636
NZ_ABEW01000003.1:108523-110412|- -            630 86613at91347         -            110   1.3e-08   32.9  13.6   1   3   1.5e-05     0.018   13.1   0.7    56   108    20    73    11    75 0.87 NZ_ABEW01000003.1_98 # 108523 # 110412 # -1 # ID=61_98;partial=00;start_type=ATG;rbs_motif=GGAG/GAGG;rbs_spacer=5-10bp;gc_cont=0.557
NZ_ABEW01000003.1:108523-110412|- -            630 86613at91347         -            110   1.3e-08   32.9  13.6   2   3   1.5e-05     0.017   13.1   0.5    55   109   122   177   115   178 0.88 NZ_ABEW01000003.1_98 # 108523 # 110412 # -1 # ID=61_98;partial=00;start_type=ATG;rbs_motif=GGAG/GAGG;rbs_spacer=5-10bp;gc_cont=0.557
NZ_ABEW01000003.1:108523-110412|- -            630 86613at91347         -            110   1.3e-08   32.9  13.6   3   3     8e-06    0.0094   14.0   0.7    55   109   223   278   218   279 0.88 NZ_ABEW01000003.1_98 # 108523 # 110412 # -1 # ID=61_98;partial=00;start_type=ATG;rbs_motif=GGAG/GAGG;rbs_spacer=5-10bp;gc_cont=0.557
#
# Program:         hmmsearch
# Version:         3.4 (Aug 2023)
# Pipeline mode:   SEARCH
# Query file:      /Users/dizzler/Projects/School/BIOL4600-Capstone/busco_downloads/lineages/enterobacterales_odb10/hmms/86613at91347.hmm
# Target file:     reports/busco-results/data/00-reads/GCF_000171415.1_ASM17141v1_genomic.fna/prodigal_output/predicted_genes/predicted.faa
# Option settings: hmmsearch --domtblout reports/busco-results/data/00-reads/GCF_000171415.1_ASM17141v1_genomic.fna/run_enterobacterales_odb10/hmmer_output/86613at91347.out --cpu 1 /Users/dizzler/Projects/School/BIOL4600-Capstone/busco_downloads/lineages/enterobacterales_odb10/hmms/86613at91347.hmm reports/busco-results/data/00-reads/GCF_000171415.1_ASM17141v1_genomic.fna/prodigal_output/predicted_genes/predicted.faa 
# Current dir:     /Users/dizzler/Projects/School/BIOL4600-Capstone
# Date:            Sat Feb 21 22:06:15 2026
# [ok]
