#                                                                                           --- full sequence --- -------------- this domain -------------   hmm coord   ali coord   env coord
# target name                       accession   tlen query name           accession   qlen   E-value  score  bias   #  of  c-Evalue  i-Evalue  score  bias  from    to  from    to  from    to  acc description of target
#               ------------------- ---------- ----- -------------------- ---------- ----- --------- ------ ----- --- --- --------- --------- ------ ----- ----- ----- ----- ----- ----- ----- ---- ---------------------
NZ_ABFH02000001.1:165396-166967|+   -            524 13089at91347         -            442  5.8e-243  804.3   9.8   1   1  1.3e-245  1.5e-242  803.0   9.8     1   442     1   511     1   511 0.94 NZ_ABFH02000001.1_146 # 165396 # 166967 # 1 # ID=5_146;partial=00;start_type=ATG;rbs_motif=AGGA;rbs_spacer=5-10bp;gc_cont=0.550
NZ_ABFH02000001.1:232441-234210|+   -            590 13089at91347         -            442   1.7e-07   28.3   0.1   1   2    0.0025       2.8    4.5   0.0     5    43     3    42     1    46 0.85 NZ_ABFH02000001.1_203 # 232441 # 234210 # 1 # ID=5_203;partial=00;start_type=ATG;rbs_motif=GGAGG;rbs_spacer=5-10bp;gc_cont=0.642
NZ_ABFH02000001.1:232441-234210|+   -            590 13089at91347         -            442   1.7e-07   28.3   0.1   2   2   1.6e-08   1.9e-05   21.5   0.1   138   229   157   247   138   255 0.88 NZ_ABFH02000001.1_203 # 232441 # 234210 # 1 # ID=5_203;partial=00;start_type=ATG;rbs_motif=GGAGG;rbs_spacer=5-10bp;gc_cont=0.642
NZ_ABFH02000001.1:1649295-1651064|+ -            590 13089at91347         -            442   1.9e-07   28.2   0.1   1   2    0.0034       3.9    4.0   0.0     5    43     3    42     1    46 0.85 NZ_ABFH02000001.1_1487 # 1649295 # 1651064 # 1 # ID=5_1487;partial=00;start_type=ATG;rbs_motif=GGAGG;rbs_spacer=5-10bp;gc_cont=0.632
NZ_ABFH02000001.1:1649295-1651064|+ -            590 13089at91347         -            442   1.9e-07   28.2   0.1   2   2   1.3e-08   1.5e-05   21.9   0.1   138   229   157   247   138   255 0.88 NZ_ABFH02000001.1_1487 # 1649295 # 1651064 # 1 # ID=5_1487;partial=00;start_type=ATG;rbs_motif=GGAGG;rbs_spacer=5-10bp;gc_cont=0.632
NZ_ABFH02000002.1:1306528-1308297|- -            590 13089at91347         -            442   5.9e-07   26.5   0.1   1   2     0.011        13    2.3   0.0     5    42     3    41     1    46 0.85 NZ_ABFH02000002.1_1315 # 1306528 # 1308297 # -1 # ID=4_1315;partial=00;start_type=ATG;rbs_motif=GGAGG;rbs_spacer=5-10bp;gc_cont=0.640
NZ_ABFH02000002.1:1306528-1308297|- -            590 13089at91347         -            442   5.9e-07   26.5   0.1   2   2   1.3e-08   1.5e-05   21.9   0.1   138   229   157   247   138   255 0.88 NZ_ABFH02000002.1_1315 # 1306528 # 1308297 # -1 # ID=4_1315;partial=00;start_type=ATG;rbs_motif=GGAGG;rbs_spacer=5-10bp;gc_cont=0.640
#
# Program:         hmmsearch
# Version:         3.4 (Aug 2023)
# Pipeline mode:   SEARCH
# Query file:      /Users/dizzler/Projects/School/BIOL4600-Capstone/busco_downloads/lineages/enterobacterales_odb10/hmms/13089at91347.hmm
# Target file:     reports/busco-results/data/00-reads/GCF_000171535.2_ASM17153v2_genomic.fna/prodigal_output/predicted_genes/predicted.faa
# Option settings: hmmsearch --domtblout reports/busco-results/data/00-reads/GCF_000171535.2_ASM17153v2_genomic.fna/run_enterobacterales_odb10/hmmer_output/13089at91347.out --cpu 1 /Users/dizzler/Projects/School/BIOL4600-Capstone/busco_downloads/lineages/enterobacterales_odb10/hmms/13089at91347.hmm reports/busco-results/data/00-reads/GCF_000171535.2_ASM17153v2_genomic.fna/prodigal_output/predicted_genes/predicted.faa 
# Current dir:     /Users/dizzler/Projects/School/BIOL4600-Capstone
# Date:            Sat Feb 21 22:06:43 2026
# [ok]
