#                                                                                           --- full sequence --- -------------- this domain -------------   hmm coord   ali coord   env coord
# target name                       accession   tlen query name           accession   qlen   E-value  score  bias   #  of  c-Evalue  i-Evalue  score  bias  from    to  from    to  from    to  acc description of target
#               ------------------- ---------- ----- -------------------- ---------- ----- --------- ------ ----- --- --- --------- --------- ------ ----- ----- ----- ----- ----- ----- ----- ---- ---------------------
NZ_ABFH02000002.1:1056063-1057463|+ -            467 21912at91347         -            383  3.1e-206  683.2   0.0   1   2  1.5e-115  2.3e-112  374.2   0.1     4   227    14   276    11   285 0.91 NZ_ABFH02000002.1_1076 # 1056063 # 1057463 # 1 # ID=4_1076;partial=00;start_type=ATG;rbs_motif=GGA/GAG/AGG;rbs_spacer=5-10bp;gc_cont=0.552
NZ_ABFH02000002.1:1056063-1057463|+ -            467 21912at91347         -            383  3.1e-206  683.2   0.0   2   2   2.1e-94   3.2e-91  304.6   0.0   208   383   280   466   276   466 0.95 NZ_ABFH02000002.1_1076 # 1056063 # 1057463 # 1 # ID=4_1076;partial=00;start_type=ATG;rbs_motif=GGA/GAG/AGG;rbs_spacer=5-10bp;gc_cont=0.552
NZ_ABFH02000002.1:94198-95970|+     -            591 21912at91347         -            383   1.6e-18   65.2   0.0   1   3      0.02        30    1.8   0.0     6    34    14    41     9    49 0.78 NZ_ABFH02000002.1_97 # 94198 # 95970 # 1 # ID=4_97;partial=00;start_type=ATG;rbs_motif=GGA/GAG/AGG;rbs_spacer=5-10bp;gc_cont=0.569
NZ_ABFH02000002.1:94198-95970|+     -            591 21912at91347         -            383   1.6e-18   65.2   0.0   2   3   1.5e-06    0.0023   15.4   0.0    61   214    92   240    67   274 0.78 NZ_ABFH02000002.1_97 # 94198 # 95970 # 1 # ID=4_97;partial=00;start_type=ATG;rbs_motif=GGA/GAG/AGG;rbs_spacer=5-10bp;gc_cont=0.569
NZ_ABFH02000002.1:94198-95970|+     -            591 21912at91347         -            383   1.6e-18   65.2   0.0   3   3   2.4e-15   3.7e-12   44.3   0.0   277   380   454   560   451   563 0.86 NZ_ABFH02000002.1_97 # 94198 # 95970 # 1 # ID=4_97;partial=00;start_type=ATG;rbs_motif=GGA/GAG/AGG;rbs_spacer=5-10bp;gc_cont=0.569
NZ_ABFH02000001.1:1980831-1982348|+ -            506 21912at91347         -            383   1.5e-06   25.8   0.0   1   2   0.00048      0.73    7.1   0.0   107   215   185   287   133   317 0.79 NZ_ABFH02000001.1_1800 # 1980831 # 1982348 # 1 # ID=5_1800;partial=00;start_type=ATG;rbs_motif=GGAG/GAGG;rbs_spacer=5-10bp;gc_cont=0.542
NZ_ABFH02000001.1:1980831-1982348|+ -            506 21912at91347         -            383   1.5e-06   25.8   0.0   2   2   6.1e-07   0.00094   16.6   0.0   314   376   434   500   344   504 0.64 NZ_ABFH02000001.1_1800 # 1980831 # 1982348 # 1 # ID=5_1800;partial=00;start_type=ATG;rbs_motif=GGAG/GAGG;rbs_spacer=5-10bp;gc_cont=0.542
#
# Program:         hmmsearch
# Version:         3.4 (Aug 2023)
# Pipeline mode:   SEARCH
# Query file:      /Users/dizzler/Projects/School/BIOL4600-Capstone/busco_downloads/lineages/enterobacterales_odb10/hmms/21912at91347.hmm
# Target file:     reports/busco-results/data/00-reads/GCF_000171535.2_ASM17153v2_genomic.fna/prodigal_output/predicted_genes/predicted.faa
# Option settings: hmmsearch --domtblout reports/busco-results/data/00-reads/GCF_000171535.2_ASM17153v2_genomic.fna/run_enterobacterales_odb10/hmmer_output/21912at91347.out --cpu 1 /Users/dizzler/Projects/School/BIOL4600-Capstone/busco_downloads/lineages/enterobacterales_odb10/hmms/21912at91347.hmm reports/busco-results/data/00-reads/GCF_000171535.2_ASM17153v2_genomic.fna/prodigal_output/predicted_genes/predicted.faa 
# Current dir:     /Users/dizzler/Projects/School/BIOL4600-Capstone
# Date:            Sat Feb 21 22:06:43 2026
# [ok]
