#                                                                                           --- full sequence --- -------------- this domain -------------   hmm coord   ali coord   env coord
# target name                       accession   tlen query name           accession   qlen   E-value  score  bias   #  of  c-Evalue  i-Evalue  score  bias  from    to  from    to  from    to  acc description of target
#               ------------------- ---------- ----- -------------------- ---------- ----- --------- ------ ----- --- --- --------- --------- ------ ----- ----- ----- ----- ----- ----- ----- ---- ---------------------
NZ_ABFH02000001.1:2029996-2033541|+ -           1182 2325at91347          -            955         0 1327.6   0.0   1   2         0         0 1019.2   0.0     2   731     7   846     6   850 0.88 NZ_ABFH02000001.1_1845 # 2029996 # 2033541 # 1 # ID=5_1845;partial=00;start_type=ATG;rbs_motif=GGA/GAG/AGG;rbs_spacer=5-10bp;gc_cont=0.558
NZ_ABFH02000001.1:2029996-2033541|+ -           1182 2325at91347          -            955         0 1327.6   0.0   2   2   2.6e-93   2.4e-90  301.9   0.0   731   954   898  1173   880  1174 0.84 NZ_ABFH02000001.1_1845 # 2029996 # 2033541 # 1 # ID=5_1845;partial=00;start_type=ATG;rbs_motif=GGA/GAG/AGG;rbs_spacer=5-10bp;gc_cont=0.558
NZ_ABFH02000001.1:1009824-1011848|- -            675 2325at91347          -            955   8.4e-26   88.2   0.4   1   3     7e-05     0.064    9.2   0.1    11    75    15    71     9    92 0.87 NZ_ABFH02000001.1_902 # 1009824 # 1011848 # -1 # ID=5_902;partial=00;start_type=ATG;rbs_motif=GGA/GAG/AGG;rbs_spacer=5-10bp;gc_cont=0.532
NZ_ABFH02000001.1:1009824-1011848|- -            675 2325at91347          -            955   8.4e-26   88.2   0.4   2   3   3.8e-17   3.5e-14   49.8   0.0   286   524   178   408   171   431 0.75 NZ_ABFH02000001.1_902 # 1009824 # 1011848 # -1 # ID=5_902;partial=00;start_type=ATG;rbs_motif=GGA/GAG/AGG;rbs_spacer=5-10bp;gc_cont=0.532
NZ_ABFH02000001.1:1009824-1011848|- -            675 2325at91347          -            955   8.4e-26   88.2   0.4   3   3     2e-08   1.8e-05   20.9   0.0   627   709   540   612   496   639 0.79 NZ_ABFH02000001.1_902 # 1009824 # 1011848 # -1 # ID=5_902;partial=00;start_type=ATG;rbs_motif=GGA/GAG/AGG;rbs_spacer=5-10bp;gc_cont=0.532
NZ_ABFH02000001.1:974797-976959|-   -            721 2325at91347          -            955   3.4e-25   86.2   0.1   1   4   2.7e-05     0.025   10.5   0.0    13    74    24    77    17   106 0.81 NZ_ABFH02000001.1_870 # 974797 # 976959 # -1 # ID=5_870;partial=00;start_type=ATG;rbs_motif=GGxGG;rbs_spacer=5-10bp;gc_cont=0.580
NZ_ABFH02000001.1:974797-976959|-   -            721 2325at91347          -            955   3.4e-25   86.2   0.1   2   4   3.4e-17   3.2e-14   49.9   0.1   273   392   170   297   160   300 0.81 NZ_ABFH02000001.1_870 # 974797 # 976959 # -1 # ID=5_870;partial=00;start_type=ATG;rbs_motif=GGxGG;rbs_spacer=5-10bp;gc_cont=0.580
NZ_ABFH02000001.1:974797-976959|-   -            721 2325at91347          -            955   3.4e-25   86.2   0.1   3   4     0.099        91   -1.3   0.0   461   542   350   431   345   445 0.79 NZ_ABFH02000001.1_870 # 974797 # 976959 # -1 # ID=5_870;partial=00;start_type=ATG;rbs_motif=GGxGG;rbs_spacer=5-10bp;gc_cont=0.580
NZ_ABFH02000001.1:974797-976959|-   -            721 2325at91347          -            955   3.4e-25   86.2   0.1   4   4   2.4e-08   2.2e-05   20.6   0.0   633   709   548   615   483   625 0.76 NZ_ABFH02000001.1_870 # 974797 # 976959 # -1 # ID=5_870;partial=00;start_type=ATG;rbs_motif=GGxGG;rbs_spacer=5-10bp;gc_cont=0.580
NZ_ABFH02000001.1:1110970-1112631|+ -            554 2325at91347          -            955   1.9e-17   60.6   0.5   1   3      0.22   2.1e+02   -2.4   0.0    52    75    61    84    59    95 0.87 NZ_ABFH02000001.1_996 # 1110970 # 1112631 # 1 # ID=5_996;partial=00;start_type=GTG;rbs_motif=GGAG/GAGG;rbs_spacer=5-10bp;gc_cont=0.471
NZ_ABFH02000001.1:1110970-1112631|+ -            554 2325at91347          -            955   1.9e-17   60.6   0.5   2   3   8.5e-14   7.8e-11   38.7   0.3   278   391   123   243   112   249 0.80 NZ_ABFH02000001.1_996 # 1110970 # 1112631 # 1 # ID=5_996;partial=00;start_type=GTG;rbs_motif=GGAG/GAGG;rbs_spacer=5-10bp;gc_cont=0.471
NZ_ABFH02000001.1:1110970-1112631|+ -            554 2325at91347          -            955   1.9e-17   60.6   0.5   3   3     9e-08   8.3e-05   18.7   0.0   628   671   457   500   440   515 0.81 NZ_ABFH02000001.1_996 # 1110970 # 1112631 # 1 # ID=5_996;partial=00;start_type=GTG;rbs_motif=GGAG/GAGG;rbs_spacer=5-10bp;gc_cont=0.471
NZ_ABFH02000002.1:978876-980930|-   -            685 2325at91347          -            955   7.6e-13   45.3   0.5   1   3   0.00061      0.56    6.1   0.1    14    80   212   270   202   289 0.76 NZ_ABFH02000002.1_997 # 978876 # 980930 # -1 # ID=4_997;partial=00;start_type=ATG;rbs_motif=GGA/GAG/AGG;rbs_spacer=11-12bp;gc_cont=0.553
NZ_ABFH02000002.1:978876-980930|-   -            685 2325at91347          -            955   7.6e-13   45.3   0.5   2   3   2.9e-08   2.7e-05   20.4   0.0   314   388   431   512   395   518 0.77 NZ_ABFH02000002.1_997 # 978876 # 980930 # -1 # ID=4_997;partial=00;start_type=ATG;rbs_motif=GGA/GAG/AGG;rbs_spacer=11-12bp;gc_cont=0.553
NZ_ABFH02000002.1:978876-980930|-   -            685 2325at91347          -            955   7.6e-13   45.3   0.5   3   3   1.2e-06    0.0011   15.0   0.0   635   705   585   658   535   662 0.77 NZ_ABFH02000002.1_997 # 978876 # 980930 # -1 # ID=4_997;partial=00;start_type=ATG;rbs_motif=GGA/GAG/AGG;rbs_spacer=11-12bp;gc_cont=0.553
#
# Program:         hmmsearch
# Version:         3.4 (Aug 2023)
# Pipeline mode:   SEARCH
# Query file:      /Users/dizzler/Projects/School/BIOL4600-Capstone/busco_downloads/lineages/enterobacterales_odb10/hmms/2325at91347.hmm
# Target file:     reports/busco-results/data/00-reads/GCF_000171535.2_ASM17153v2_genomic.fna/prodigal_output/predicted_genes/predicted.faa
# Option settings: hmmsearch --domtblout reports/busco-results/data/00-reads/GCF_000171535.2_ASM17153v2_genomic.fna/run_enterobacterales_odb10/hmmer_output/2325at91347.out --cpu 1 /Users/dizzler/Projects/School/BIOL4600-Capstone/busco_downloads/lineages/enterobacterales_odb10/hmms/2325at91347.hmm reports/busco-results/data/00-reads/GCF_000171535.2_ASM17153v2_genomic.fna/prodigal_output/predicted_genes/predicted.faa 
# Current dir:     /Users/dizzler/Projects/School/BIOL4600-Capstone
# Date:            Sat Feb 21 22:06:43 2026
# [ok]
