#                                                                                           --- full sequence --- -------------- this domain -------------   hmm coord   ali coord   env coord
# target name                       accession   tlen query name           accession   qlen   E-value  score  bias   #  of  c-Evalue  i-Evalue  score  bias  from    to  from    to  from    to  acc description of target
#               ------------------- ---------- ----- -------------------- ---------- ----- --------- ------ ----- --- --- --------- --------- ------ ----- ----- ----- ----- ----- ----- ----- ---- ---------------------
NZ_ABFH02000001.1:39695-40519|+     -            275 60900at91347         -            223  4.5e-120  397.2   6.4   1   1  2.2e-121  1.4e-118  392.3   6.4    12   223    31   271     3   271 0.94 NZ_ABFH02000001.1_37 # 39695 # 40519 # 1 # ID=5_37;partial=00;start_type=ATG;rbs_motif=GGA/GAG/AGG;rbs_spacer=5-10bp;gc_cont=0.536
NZ_ABFH02000001.1:22005-22793|-     -            263 60900at91347         -            223    0.0011   16.6   1.3   1   2   1.6e-06    0.0011   16.6   1.3    64   164     8   107     2   116 0.86 NZ_ABFH02000001.1_22 # 22005 # 22793 # -1 # ID=5_22;partial=00;start_type=GTG;rbs_motif=GGAGG;rbs_spacer=5-10bp;gc_cont=0.534
NZ_ABFH02000001.1:22005-22793|-     -            263 60900at91347         -            223    0.0011   16.6   1.3   2   2      0.12        81    0.7   1.0   109   147   133   169   113   191 0.45 NZ_ABFH02000001.1_22 # 22005 # 22793 # -1 # ID=5_22;partial=00;start_type=GTG;rbs_motif=GGAGG;rbs_spacer=5-10bp;gc_cont=0.534
NZ_ABFH02000001.1:1059169-1060539|+ -            457 60900at91347         -            223    0.0012   16.4   4.8   1   2     0.094        62    1.0   0.3   134   161   277   303   264   322 0.70 NZ_ABFH02000001.1_943 # 1059169 # 1060539 # 1 # ID=5_943;partial=00;start_type=ATG;rbs_motif=AGGA;rbs_spacer=5-10bp;gc_cont=0.532
NZ_ABFH02000001.1:1059169-1060539|+ -            457 60900at91347         -            223    0.0012   16.4   4.8   2   2   1.9e-06    0.0012   16.4   0.6   103   169   365   429   312   444 0.80 NZ_ABFH02000001.1_943 # 1059169 # 1060539 # 1 # ID=5_943;partial=00;start_type=ATG;rbs_motif=AGGA;rbs_spacer=5-10bp;gc_cont=0.532
NZ_ABFH02000001.1:2931889-2932443|+ -            185 60900at91347         -            223     0.025   12.1   0.1   1   1   5.5e-05     0.036   11.6   0.1    73   163    51   153    40   166 0.79 NZ_ABFH02000001.1_2673 # 2931889 # 2932443 # 1 # ID=5_2673;partial=00;start_type=ATG;rbs_motif=GGAG/GAGG;rbs_spacer=5-10bp;gc_cont=0.506
NZ_ABFH02000001.1:1278904-1279725|+ -            274 60900at91347         -            223     0.027   12.1   0.7   1   1   6.3e-05     0.041   11.4   0.7    79   167   134   226   122   233 0.82 NZ_ABFH02000001.1_1152 # 1278904 # 1279725 # 1 # ID=5_1152;partial=00;start_type=ATG;rbs_motif=GGAG/GAGG;rbs_spacer=5-10bp;gc_cont=0.557
NZ_ABFH02000002.1:1606407-1606958|+ -            184 60900at91347         -            223     0.028   12.0   0.6   1   1   6.5e-05     0.043   11.4   0.6   110   167    95   162    85   167 0.79 NZ_ABFH02000002.1_1594 # 1606407 # 1606958 # 1 # ID=4_1594;partial=00;start_type=ATG;rbs_motif=GGAG/GAGG;rbs_spacer=5-10bp;gc_cont=0.489
NZ_ABFH02000001.1:23358-24383|-     -            342 60900at91347         -            223      0.71    7.4  19.5   1   2   0.00017      0.11   10.0   4.3    94   170   101   169    85   207 0.70 NZ_ABFH02000001.1_24 # 23358 # 24383 # -1 # ID=5_24;partial=00;start_type=ATG;rbs_motif=GGA/GAG/AGG;rbs_spacer=11-12bp;gc_cont=0.518
NZ_ABFH02000001.1:23358-24383|-     -            342 60900at91347         -            223      0.71    7.4  19.5   2   2     0.054        35    1.8   8.2    92   165   224   290   200   302 0.59 NZ_ABFH02000001.1_24 # 23358 # 24383 # -1 # ID=5_24;partial=00;start_type=ATG;rbs_motif=GGA/GAG/AGG;rbs_spacer=11-12bp;gc_cont=0.518
#
# Program:         hmmsearch
# Version:         3.4 (Aug 2023)
# Pipeline mode:   SEARCH
# Query file:      /Users/dizzler/Projects/School/BIOL4600-Capstone/busco_downloads/lineages/enterobacterales_odb10/hmms/60900at91347.hmm
# Target file:     reports/busco-results/data/00-reads/GCF_000171535.2_ASM17153v2_genomic.fna/prodigal_output/predicted_genes/predicted.faa
# Option settings: hmmsearch --domtblout reports/busco-results/data/00-reads/GCF_000171535.2_ASM17153v2_genomic.fna/run_enterobacterales_odb10/hmmer_output/60900at91347.out --cpu 1 /Users/dizzler/Projects/School/BIOL4600-Capstone/busco_downloads/lineages/enterobacterales_odb10/hmms/60900at91347.hmm reports/busco-results/data/00-reads/GCF_000171535.2_ASM17153v2_genomic.fna/prodigal_output/predicted_genes/predicted.faa 
# Current dir:     /Users/dizzler/Projects/School/BIOL4600-Capstone
# Date:            Sat Feb 21 22:06:45 2026
# [ok]
