#                                                                                           --- full sequence --- -------------- this domain -------------   hmm coord   ali coord   env coord
# target name                       accession   tlen query name           accession   qlen   E-value  score  bias   #  of  c-Evalue  i-Evalue  score  bias  from    to  from    to  from    to  acc description of target
#               ------------------- ---------- ----- -------------------- ---------- ----- --------- ------ ----- --- --- --------- --------- ------ ----- ----- ----- ----- ----- ----- ----- ---- ---------------------
NZ_ABFH02000001.1:338613-339641|+   -            343 63025at91347         -            277  6.2e-125  414.0   0.0   1   2   1.7e-42   5.6e-40  135.3   0.0     1   114     1   145     1   151 0.82 NZ_ABFH02000001.1_300 # 338613 # 339641 # 1 # ID=5_300;partial=00;start_type=ATG;rbs_motif=AGGAG;rbs_spacer=5-10bp;gc_cont=0.572
NZ_ABFH02000001.1:338613-339641|+   -            343 63025at91347         -            277  6.2e-125  414.0   0.0   2   2   2.4e-84   7.8e-82  272.6   0.0   113   277   165   334   160   334 0.97 NZ_ABFH02000001.1_300 # 338613 # 339641 # 1 # ID=5_300;partial=00;start_type=ATG;rbs_motif=AGGAG;rbs_spacer=5-10bp;gc_cont=0.572
NZ_ABFH02000001.1:1772276-1773412|+ -            379 63025at91347         -            277   9.6e-31  105.0   0.0   1   1   5.3e-33   1.7e-30  104.2   0.0   114   277   198   371   194   371 0.91 NZ_ABFH02000001.1_1608 # 1772276 # 1773412 # 1 # ID=5_1608;partial=00;start_type=ATG;rbs_motif=AGGAGG;rbs_spacer=3-4bp;gc_cont=0.536
NZ_ABFH02000002.1:220414-221247|+   -            278 63025at91347         -            277   1.4e-10   38.9   0.0   1   1   6.3e-13   2.1e-10   38.3   0.0   142   217   111   188   105   195 0.87 NZ_ABFH02000002.1_228 # 220414 # 221247 # 1 # ID=4_228;partial=00;start_type=ATG;rbs_motif=AGxAGG/AGGxGG;rbs_spacer=3-4bp;gc_cont=0.588
NZ_ABFH02000001.1:2636535-2637467|+ -            311 63025at91347         -            277   1.7e-10   38.6   0.0   1   1     8e-13   2.6e-10   38.0   0.0   136   217   128   212   123   218 0.91 NZ_ABFH02000001.1_2404 # 2636535 # 2637467 # 1 # ID=5_2404;partial=00;start_type=GTG;rbs_motif=GGAGG;rbs_spacer=5-10bp;gc_cont=0.535
NZ_ABFH02000001.1:2404067-2404804|+ -            246 63025at91347         -            277     4e-07   27.6   0.0   1   1   1.7e-09   5.7e-07   27.1   0.0   142   217    46   127    36   160 0.84 NZ_ABFH02000001.1_2205 # 2404067 # 2404804 # 1 # ID=5_2205;partial=00;start_type=ATG;rbs_motif=GGA/GAG/AGG;rbs_spacer=5-10bp;gc_cont=0.537
NZ_ABFH02000001.1:1616513-1617394|- -            294 63025at91347         -            277   0.00017   18.9   0.0   1   1     8e-07   0.00026   18.3   0.0   142   190   160   207   155   213 0.85 NZ_ABFH02000001.1_1456 # 1616513 # 1617394 # -1 # ID=5_1456;partial=00;start_type=ATG;rbs_motif=GGA/GAG/AGG;rbs_spacer=5-10bp;gc_cont=0.561
NZ_ABFH02000002.1:1214000-1214926|- -            309 63025at91347         -            277   0.00018   18.9   0.0   1   1   9.2e-07    0.0003   18.1   0.0   141   219   104   192    83   198 0.83 NZ_ABFH02000002.1_1215 # 1214000 # 1214926 # -1 # ID=4_1215;partial=00;start_type=ATG;rbs_motif=AGGAG;rbs_spacer=5-10bp;gc_cont=0.547
NZ_ABFH02000002.1:160285-161094|+   -            270 63025at91347         -            277    0.0015   15.8   0.0   1   1   6.8e-06    0.0022   15.3   0.0   142   185    87   130    76   138 0.89 NZ_ABFH02000002.1_169 # 160285 # 161094 # 1 # ID=4_169;partial=00;start_type=ATG;rbs_motif=GGAG/GAGG;rbs_spacer=5-10bp;gc_cont=0.559
NZ_ABFH02000001.1:2749515-2750243|- -            243 63025at91347         -            277    0.0021   15.4   0.0   1   1   8.3e-06    0.0027   15.0   0.0   140   165    56    81    54   125 0.82 NZ_ABFH02000001.1_2511 # 2749515 # 2750243 # -1 # ID=5_2511;partial=00;start_type=ATG;rbs_motif=3Base/5BMM;rbs_spacer=13-15bp;gc_cont=0.539
NZ_ABFH02000001.1:386690-388315|+   -            542 63025at91347         -            277    0.0052   14.1   0.0   1   2   4.9e-05     0.016   12.5   0.0   143   246    68   169    65   177 0.84 NZ_ABFH02000001.1_343 # 386690 # 388315 # 1 # ID=5_343;partial=00;start_type=ATG;rbs_motif=AGGAG;rbs_spacer=5-10bp;gc_cont=0.552
NZ_ABFH02000001.1:386690-388315|+   -            542 63025at91347         -            277    0.0052   14.1   0.0   2   2       1.3   4.2e+02   -2.0   0.0   143   154   332   343   329   351 0.81 NZ_ABFH02000001.1_343 # 386690 # 388315 # 1 # ID=5_343;partial=00;start_type=ATG;rbs_motif=AGGAG;rbs_spacer=5-10bp;gc_cont=0.552
NZ_ABFH02000002.1:595072-596220|+   -            383 63025at91347         -            277    0.0057   13.9   0.0   1   1   2.8e-05    0.0093   13.2   0.0   143   215   170   238   162   258 0.81 NZ_ABFH02000002.1_580 # 595072 # 596220 # 1 # ID=4_580;partial=00;start_type=ATG;rbs_motif=GGAG/GAGG;rbs_spacer=5-10bp;gc_cont=0.487
NZ_ABFH02000001.1:954472-955227|-   -            252 63025at91347         -            277     0.011   12.9   0.0   1   1   5.4e-05     0.018   12.3   0.0   143   193    66   117    61   167 0.91 NZ_ABFH02000001.1_851 # 954472 # 955227 # -1 # ID=5_851;partial=00;start_type=ATG;rbs_motif=AGxAGG/AGGxGG;rbs_spacer=5-10bp;gc_cont=0.484
NZ_ABFH02000001.1:795430-796530|+   -            367 63025at91347         -            277     0.022   12.0   0.0   1   1   0.00013     0.043   11.0   0.0   141   191   211   259   205   267 0.88 NZ_ABFH02000001.1_704 # 795430 # 796530 # 1 # ID=5_704;partial=00;start_type=ATG;rbs_motif=AGGA;rbs_spacer=5-10bp;gc_cont=0.517
NZ_ABFH02000002.1:1828250-1829020|- -            257 63025at91347         -            277     0.044   11.0   0.0   1   1   0.00022     0.071   10.3   0.0   141   166    45    70    31   130 0.79 NZ_ABFH02000002.1_1809 # 1828250 # 1829020 # -1 # ID=4_1809;partial=00;start_type=ATG;rbs_motif=AGxAGG/AGGxGG;rbs_spacer=5-10bp;gc_cont=0.520
#
# Program:         hmmsearch
# Version:         3.4 (Aug 2023)
# Pipeline mode:   SEARCH
# Query file:      /Users/dizzler/Projects/School/BIOL4600-Capstone/busco_downloads/lineages/enterobacterales_odb10/hmms/63025at91347.hmm
# Target file:     reports/busco-results/data/00-reads/GCF_000171535.2_ASM17153v2_genomic.fna/prodigal_output/predicted_genes/predicted.faa
# Option settings: hmmsearch --domtblout reports/busco-results/data/00-reads/GCF_000171535.2_ASM17153v2_genomic.fna/run_enterobacterales_odb10/hmmer_output/63025at91347.out --cpu 1 /Users/dizzler/Projects/School/BIOL4600-Capstone/busco_downloads/lineages/enterobacterales_odb10/hmms/63025at91347.hmm reports/busco-results/data/00-reads/GCF_000171535.2_ASM17153v2_genomic.fna/prodigal_output/predicted_genes/predicted.faa 
# Current dir:     /Users/dizzler/Projects/School/BIOL4600-Capstone
# Date:            Sat Feb 21 22:06:45 2026
# [ok]
