#                                                                                           --- full sequence --- -------------- this domain -------------   hmm coord   ali coord   env coord
# target name                       accession   tlen query name           accession   qlen   E-value  score  bias   #  of  c-Evalue  i-Evalue  score  bias  from    to  from    to  from    to  acc description of target
#               ------------------- ---------- ----- -------------------- ---------- ----- --------- ------ ----- --- --- --------- --------- ------ ----- ----- ----- ----- ----- ----- ----- ---- ---------------------
NZ_ABFH02000001.1:1712635-1715313|+ -            893 6639at91347          -            664         0 1161.2  34.2   1   3   7.5e-32   2.9e-29   99.8   4.1     1   111     3   124     3   159 0.89 NZ_ABFH02000001.1_1550 # 1712635 # 1715313 # 1 # ID=5_1550;partial=00;start_type=ATG;rbs_motif=AGGA;rbs_spacer=5-10bp;gc_cont=0.554
NZ_ABFH02000001.1:1712635-1715313|+ -            893 6639at91347          -            664         0 1161.2  34.2   2   3    0.0015      0.58    6.2   0.2    75   101   226   252   211   267 0.86 NZ_ABFH02000001.1_1550 # 1712635 # 1715313 # 1 # ID=5_1550;partial=00;start_type=ATG;rbs_motif=AGGA;rbs_spacer=5-10bp;gc_cont=0.554
NZ_ABFH02000001.1:1712635-1715313|+ -            893 6639at91347          -            664         0 1161.2  34.2   3   3         0         0 1066.3  14.8    96   664   285   887   263   887 0.94 NZ_ABFH02000001.1_1550 # 1712635 # 1715313 # 1 # ID=5_1550;partial=00;start_type=ATG;rbs_motif=AGGA;rbs_spacer=5-10bp;gc_cont=0.554
NZ_ABFH02000001.1:1302812-1304662|+ -            617 6639at91347          -            664   7.5e-21   72.0   0.1   1   1   2.5e-23   9.5e-21   71.6   0.1   196   397     2   212     1   228 0.76 NZ_ABFH02000001.1_1171 # 1302812 # 1304662 # 1 # ID=5_1171;partial=00;start_type=ATG;rbs_motif=AGGA/GGAG/GAGG;rbs_spacer=11-12bp;gc_cont=0.573
NZ_ABFH02000001.1:2409777-2411576|+ -            600 6639at91347          -            664   1.1e-17   61.5   0.8   1   1     4e-19   1.5e-16   57.7   0.8   198   393     8   223     5   232 0.77 NZ_ABFH02000001.1_2211 # 2409777 # 2411576 # 1 # ID=5_2211;partial=00;start_type=ATG;rbs_motif=None;rbs_spacer=None;gc_cont=0.528
NZ_ABFH02000001.1:1571446-1572630|+ -            395 6639at91347          -            664   3.2e-14   50.1   7.5   1   2   1.2e-16   4.6e-14   49.5   3.1   197   310    15   147     5   181 0.71 NZ_ABFH02000001.1_1399 # 1571446 # 1572630 # 1 # ID=5_1399;partial=00;start_type=GTG;rbs_motif=AGGA;rbs_spacer=5-10bp;gc_cont=0.538
NZ_ABFH02000001.1:1571446-1572630|+ -            395 6639at91347          -            664   3.2e-14   50.1   7.5   2   2     0.077        29    0.6   0.1   577   643   213   278   201   292 0.78 NZ_ABFH02000001.1_1399 # 1571446 # 1572630 # 1 # ID=5_1399;partial=00;start_type=GTG;rbs_motif=AGGA;rbs_spacer=5-10bp;gc_cont=0.538
NZ_ABFH02000001.1:781566-782750|-   -            395 6639at91347          -            664   3.2e-14   50.1   7.5   1   2   1.2e-16   4.6e-14   49.5   3.1   197   310    15   147     5   181 0.71 NZ_ABFH02000001.1_697 # 781566 # 782750 # -1 # ID=5_697;partial=00;start_type=ATG;rbs_motif=GGAG/GAGG;rbs_spacer=5-10bp;gc_cont=0.539
NZ_ABFH02000001.1:781566-782750|-   -            395 6639at91347          -            664   3.2e-14   50.1   7.5   2   2     0.077        29    0.6   0.1   577   643   213   278   201   292 0.78 NZ_ABFH02000001.1_697 # 781566 # 782750 # -1 # ID=5_697;partial=00;start_type=ATG;rbs_motif=GGAG/GAGG;rbs_spacer=5-10bp;gc_cont=0.539
NZ_ABFH02000001.1:913403-915226|-   -            608 6639at91347          -            664   2.2e-12   44.0   1.6   1   1   1.9e-14   7.2e-12   42.3   1.6   197   304     8   133     5   175 0.74 NZ_ABFH02000001.1_818 # 913403 # 915226 # -1 # ID=5_818;partial=00;start_type=GTG;rbs_motif=GGAG/GAGG;rbs_spacer=5-10bp;gc_cont=0.538
NZ_ABFH02000001.1:2112544-2113983|+ -            480 6639at91347          -            664   2.1e-09   34.1   0.0   1   2      0.84   3.2e+02   -2.8   0.0   608   625    46    63    36    65 0.86 NZ_ABFH02000001.1_1911 # 2112544 # 2113983 # 1 # ID=5_1911;partial=00;start_type=ATG;rbs_motif=AGGAG;rbs_spacer=5-10bp;gc_cont=0.549
NZ_ABFH02000001.1:2112544-2113983|+ -            480 6639at91347          -            664   2.1e-09   34.1   0.0   2   2   1.4e-11   5.4e-09   32.8   0.0   224   340    90   213    77   218 0.79 NZ_ABFH02000001.1_1911 # 2112544 # 2113983 # 1 # ID=5_1911;partial=00;start_type=ATG;rbs_motif=AGGAG;rbs_spacer=5-10bp;gc_cont=0.549
NZ_ABFH02000001.1:1569260-1571374|+ -            705 6639at91347          -            664     5e-08   29.6   0.0   1   1   2.9e-10   1.1e-07   28.5   0.0   237   307    80   150    71   179 0.91 NZ_ABFH02000001.1_1398 # 1569260 # 1571374 # 1 # ID=5_1398;partial=00;start_type=ATG;rbs_motif=GGAG/GAGG;rbs_spacer=5-10bp;gc_cont=0.518
NZ_ABFH02000001.1:335302-336891|-   -            530 6639at91347          -            664   1.3e-07   28.3   0.0   1   1   5.9e-10   2.2e-07   27.4   0.0   226   307    69   150    55   166 0.88 NZ_ABFH02000001.1_296 # 335302 # 336891 # -1 # ID=5_296;partial=00;start_type=ATG;rbs_motif=AGxAG;rbs_spacer=5-10bp;gc_cont=0.543
NZ_ABFH02000001.1:2485354-2486826|+ -            491 6639at91347          -            664   1.6e-06   24.6   0.0   1   2   1.2e-05    0.0047   13.2   0.0   195   349     3   160     1   162 0.77 NZ_ABFH02000001.1_2276 # 2485354 # 2486826 # 1 # ID=5_2276;partial=00;start_type=ATG;rbs_motif=GGAG/GAGG;rbs_spacer=5-10bp;gc_cont=0.547
NZ_ABFH02000001.1:2485354-2486826|+ -            491 6639at91347          -            664   1.6e-06   24.6   0.0   2   2   0.00017     0.066    9.4   0.0   260   347   282   368   270   382 0.81 NZ_ABFH02000001.1_2276 # 2485354 # 2486826 # 1 # ID=5_2276;partial=00;start_type=ATG;rbs_motif=GGAG/GAGG;rbs_spacer=5-10bp;gc_cont=0.547
NZ_ABFH02000001.1:2413518-2414423|+ -            302 6639at91347          -            664   0.00014   18.2   0.6   1   2   8.7e-07   0.00033   17.0   0.2   194   342     8   164     1   170 0.65 NZ_ABFH02000001.1_2214 # 2413518 # 2414423 # 1 # ID=5_2214;partial=00;start_type=ATG;rbs_motif=GGAG/GAGG;rbs_spacer=5-10bp;gc_cont=0.519
NZ_ABFH02000001.1:2413518-2414423|+ -            302 6639at91347          -            664   0.00014   18.2   0.6   2   2      0.28   1.1e+02   -1.2   0.0    49    78   237   266   229   279 0.76 NZ_ABFH02000001.1_2214 # 2413518 # 2414423 # 1 # ID=5_2214;partial=00;start_type=ATG;rbs_motif=GGAG/GAGG;rbs_spacer=5-10bp;gc_cont=0.519
NC_011214.1:3100-3984|-             -            295 6639at91347          -            664   0.00069   15.9   0.1   1   1   1.2e-05    0.0044   13.3   0.1   186   277    29   130     8   233 0.61 NC_011214.1_5 # 3100 # 3984 # -1 # ID=2_5;partial=00;start_type=ATG;rbs_motif=AGGA/GGAG/GAGG;rbs_spacer=11-12bp;gc_cont=0.363
#
# Program:         hmmsearch
# Version:         3.4 (Aug 2023)
# Pipeline mode:   SEARCH
# Query file:      /Users/dizzler/Projects/School/BIOL4600-Capstone/busco_downloads/lineages/enterobacterales_odb10/hmms/6639at91347.hmm
# Target file:     reports/busco-results/data/00-reads/GCF_000171535.2_ASM17153v2_genomic.fna/prodigal_output/predicted_genes/predicted.faa
# Option settings: hmmsearch --domtblout reports/busco-results/data/00-reads/GCF_000171535.2_ASM17153v2_genomic.fna/run_enterobacterales_odb10/hmmer_output/6639at91347.out --cpu 1 /Users/dizzler/Projects/School/BIOL4600-Capstone/busco_downloads/lineages/enterobacterales_odb10/hmms/6639at91347.hmm reports/busco-results/data/00-reads/GCF_000171535.2_ASM17153v2_genomic.fna/prodigal_output/predicted_genes/predicted.faa 
# Current dir:     /Users/dizzler/Projects/School/BIOL4600-Capstone
# Date:            Sat Feb 21 22:06:45 2026
# [ok]
