#                                                                                           --- full sequence --- -------------- this domain -------------   hmm coord   ali coord   env coord
# target name                       accession   tlen query name           accession   qlen   E-value  score  bias   #  of  c-Evalue  i-Evalue  score  bias  from    to  from    to  from    to  acc description of target
#               ------------------- ---------- ----- -------------------- ---------- ----- --------- ------ ----- --- --- --------- --------- ------ ----- ----- ----- ----- ----- ----- ----- ---- ---------------------
NZ_ABFH02000001.1:1596845-1597666|+ -            274 72088at91347         -            221   4.3e-98  325.0   0.1   1   2   9.3e-67   8.6e-64  212.8   0.2     1   143     4   161     4   172 0.92 NZ_ABFH02000001.1_1443 # 1596845 # 1597666 # 1 # ID=5_1443;partial=00;start_type=ATG;rbs_motif=GGA/GAG/AGG;rbs_spacer=5-10bp;gc_cont=0.504
NZ_ABFH02000001.1:1596845-1597666|+ -            274 72088at91347         -            221   4.3e-98  325.0   0.1   2   2   4.5e-35   4.1e-32  109.3   0.0   142   221   180   268   169   268 0.91 NZ_ABFH02000001.1_1443 # 1596845 # 1597666 # 1 # ID=5_1443;partial=00;start_type=ATG;rbs_motif=GGA/GAG/AGG;rbs_spacer=5-10bp;gc_cont=0.504
NZ_ABFH02000002.1:659642-660508|+   -            289 72088at91347         -            221   3.1e-24   83.5   0.5   1   2   3.6e-19   3.3e-16   57.3   0.2     4   135    12   158     9   175 0.76 NZ_ABFH02000002.1_646 # 659642 # 660508 # 1 # ID=4_646;partial=00;start_type=ATG;rbs_motif=AGGAG;rbs_spacer=5-10bp;gc_cont=0.482
NZ_ABFH02000002.1:659642-660508|+   -            289 72088at91347         -            221   3.1e-24   83.5   0.5   2   2   5.6e-09   5.2e-06   23.9   0.0   125   210   176   274   171   285 0.73 NZ_ABFH02000002.1_646 # 659642 # 660508 # 1 # ID=4_646;partial=00;start_type=ATG;rbs_motif=AGGAG;rbs_spacer=5-10bp;gc_cont=0.482
NZ_ABFH02000001.1:1064559-1065377|+ -            273 72088at91347         -            221   4.7e-10   37.1   0.0   1   2   2.2e-11   2.1e-08   31.8   0.0    40   122    59   141    27   162 0.91 NZ_ABFH02000001.1_946 # 1064559 # 1065377 # 1 # ID=5_946;partial=00;start_type=ATG;rbs_motif=GGAG/GAGG;rbs_spacer=5-10bp;gc_cont=0.524
NZ_ABFH02000001.1:1064559-1065377|+ -            273 72088at91347         -            221   4.7e-10   37.1   0.0   2   2     0.011        10    3.3   0.0   144   212   179   259   173   264 0.64 NZ_ABFH02000001.1_946 # 1064559 # 1065377 # 1 # ID=5_946;partial=00;start_type=ATG;rbs_motif=GGAG/GAGG;rbs_spacer=5-10bp;gc_cont=0.524
NZ_ABFH02000001.1:1589785-1591161|- -            459 72088at91347         -            221   0.00032   18.1   0.1   1   2      0.46   4.3e+02   -2.0   0.1   105   146     2    45     1    49 0.69 NZ_ABFH02000001.1_1435 # 1589785 # 1591161 # -1 # ID=5_1435;partial=00;start_type=ATG;rbs_motif=None;rbs_spacer=None;gc_cont=0.509
NZ_ABFH02000001.1:1589785-1591161|- -            459 72088at91347         -            221   0.00032   18.1   0.1   2   2   1.1e-06    0.0011   16.4   0.0    92   143   221   272   206   285 0.95 NZ_ABFH02000001.1_1435 # 1589785 # 1591161 # -1 # ID=5_1435;partial=00;start_type=ATG;rbs_motif=None;rbs_spacer=None;gc_cont=0.509
NZ_ABFH02000002.1:218035-219291|+   -            419 72088at91347         -            221    0.0039   14.5   0.3   1   2   1.3e-05     0.012   13.0   0.1   103   143   182   224   171   231 0.85 NZ_ABFH02000002.1_226 # 218035 # 219291 # 1 # ID=4_226;partial=00;start_type=ATG;rbs_motif=None;rbs_spacer=None;gc_cont=0.566
NZ_ABFH02000002.1:218035-219291|+   -            419 72088at91347         -            221    0.0039   14.5   0.3   2   2      0.62   5.7e+02   -2.4   0.0   195   207   324   336   295   365 0.67 NZ_ABFH02000002.1_226 # 218035 # 219291 # 1 # ID=4_226;partial=00;start_type=ATG;rbs_motif=None;rbs_spacer=None;gc_cont=0.566
#
# Program:         hmmsearch
# Version:         3.4 (Aug 2023)
# Pipeline mode:   SEARCH
# Query file:      /Users/dizzler/Projects/School/BIOL4600-Capstone/busco_downloads/lineages/enterobacterales_odb10/hmms/72088at91347.hmm
# Target file:     reports/busco-results/data/00-reads/GCF_000171535.2_ASM17153v2_genomic.fna/prodigal_output/predicted_genes/predicted.faa
# Option settings: hmmsearch --domtblout reports/busco-results/data/00-reads/GCF_000171535.2_ASM17153v2_genomic.fna/run_enterobacterales_odb10/hmmer_output/72088at91347.out --cpu 1 /Users/dizzler/Projects/School/BIOL4600-Capstone/busco_downloads/lineages/enterobacterales_odb10/hmms/72088at91347.hmm reports/busco-results/data/00-reads/GCF_000171535.2_ASM17153v2_genomic.fna/prodigal_output/predicted_genes/predicted.faa 
# Current dir:     /Users/dizzler/Projects/School/BIOL4600-Capstone
# Date:            Sat Feb 21 22:06:44 2026
# [ok]
