#                                                                                         --- full sequence --- -------------- this domain -------------   hmm coord   ali coord   env coord
# target name                     accession   tlen query name           accession   qlen   E-value  score  bias   #  of  c-Evalue  i-Evalue  score  bias  from    to  from    to  from    to  acc description of target
#             ------------------- ---------- ----- -------------------- ---------- ----- --------- ------ ----- --- --- --------- --------- ------ ----- ----- ----- ----- ----- ----- ----- ---- ---------------------
NZ_ABEL01000026.1:19254-21053|+   -            600 11342at91347         -            517  6.5e-278  920.5   0.0   1   1  1.4e-280  7.5e-278  920.3   0.0     1   517     1   594     1   594 0.93 NZ_ABEL01000026.1_20 # 19254 # 21053 # 1 # ID=23_20;partial=00;start_type=ATG;rbs_motif=None;rbs_spacer=None;gc_cont=0.529
NZ_ABEL01000012.1:120131-121954|- -            608 11342at91347         -            517   4.2e-40  135.9   0.1   1   2   2.1e-41   1.2e-38  131.1   0.1     2   204     3   233     2   259 0.84 NZ_ABEL01000012.1_116 # 120131 # 121954 # -1 # ID=37_116;partial=00;start_type=GTG;rbs_motif=GGAG/GAGG;rbs_spacer=5-10bp;gc_cont=0.538
NZ_ABEL01000012.1:120131-121954|- -            608 11342at91347         -            517   4.2e-40  135.9   0.1   2   2      0.02        11    2.5   0.0   260   372   327   431   314   472 0.68 NZ_ABEL01000012.1_116 # 120131 # 121954 # -1 # ID=37_116;partial=00;start_type=GTG;rbs_motif=GGAG/GAGG;rbs_spacer=5-10bp;gc_cont=0.538
NZ_ABEL01000014.1:88095-89684|-   -            530 11342at91347         -            517   2.9e-24   83.6   0.0   1   2   3.2e-24   1.8e-21   74.4   0.0     4   144    13   164    10   184 0.85 NZ_ABEL01000014.1_84 # 88095 # 89684 # -1 # ID=35_84;partial=00;start_type=ATG;rbs_motif=AGxAG;rbs_spacer=5-10bp;gc_cont=0.543
NZ_ABEL01000014.1:88095-89684|-   -            530 11342at91347         -            517   2.9e-24   83.6   0.0   2   2   0.00082      0.45    7.1   0.0   292   325   436   469   365   491 0.70 NZ_ABEL01000014.1_84 # 88095 # 89684 # -1 # ID=35_84;partial=00;start_type=ATG;rbs_motif=AGxAG;rbs_spacer=5-10bp;gc_cont=0.543
NZ_ABEL01000006.1:173579-176257|- -            893 11342at91347         -            517   1.9e-18   64.4   0.1   1   1   2.5e-20   1.4e-17   61.6   0.1    51   208   425   599   394   611 0.79 NZ_ABEL01000006.1_164 # 173579 # 176257 # -1 # ID=43_164;partial=00;start_type=ATG;rbs_motif=AGGA;rbs_spacer=5-10bp;gc_cont=0.554
NZ_ABEL01000005.1:92124-93563|-   -            480 11342at91347         -            517   3.4e-11   40.5   0.1   1   1   1.2e-13   6.7e-11   39.5   0.1    38   138    79   183    25   189 0.77 NZ_ABEL01000005.1_100 # 92124 # 93563 # -1 # ID=44_100;partial=00;start_type=ATG;rbs_motif=AGGAG;rbs_spacer=5-10bp;gc_cont=0.549
NZ_ABEL01000003.1:267290-269140|- -            617 11342at91347         -            517   1.7e-07   28.3   0.0   1   1   6.7e-10   3.7e-07   27.2   0.0    11   164     7   158     2   172 0.71 NZ_ABEL01000003.1_232 # 267290 # 269140 # -1 # ID=46_232;partial=00;start_type=ATG;rbs_motif=AGGA/GGAG/GAGG;rbs_spacer=11-12bp;gc_cont=0.573
NZ_ABEL01000043.1:2-1645|+        -            548 11342at91347         -            517   2.2e-05   21.3   0.0   1   3      0.22   1.2e+02   -0.9   0.0   145   174   115   145    99   156 0.74 NZ_ABEL01000043.1_1 # 2 # 1645 # 1 # ID=6_1;partial=11;start_type=Edge;rbs_motif=None;rbs_spacer=None;gc_cont=0.519
NZ_ABEL01000043.1:2-1645|+        -            548 11342at91347         -            517   2.2e-05   21.3   0.0   2   3   3.7e-06     0.002   14.9   0.0   267   327   290   347   218   358 0.83 NZ_ABEL01000043.1_1 # 2 # 1645 # 1 # ID=6_1;partial=11;start_type=Edge;rbs_motif=None;rbs_spacer=None;gc_cont=0.519
NZ_ABEL01000043.1:2-1645|+        -            548 11342at91347         -            517   2.2e-05   21.3   0.0   3   3     0.016       9.1    2.8   0.0   351   409   482   540   459   546 0.81 NZ_ABEL01000043.1_1 # 2 # 1645 # 1 # ID=6_1;partial=11;start_type=Edge;rbs_motif=None;rbs_spacer=None;gc_cont=0.519
NZ_ABEL01000007.1:117974-119446|- -            491 11342at91347         -            517   0.00022   18.0   0.0   1   1   7.1e-07   0.00039   17.2   0.0    79   167   273   368   204   377 0.80 NZ_ABEL01000007.1_96 # 117974 # 119446 # -1 # ID=42_96;partial=00;start_type=ATG;rbs_motif=GGAG/GAGG;rbs_spacer=5-10bp;gc_cont=0.547
#
# Program:         hmmsearch
# Version:         3.4 (Aug 2023)
# Pipeline mode:   SEARCH
# Query file:      /Users/dizzler/Projects/School/BIOL4600-Capstone/databases/lineages/enterobacterales_odb10/hmms/11342at91347.hmm
# Target file:     /Users/dizzler/Projects/School/BIOL4600-Capstone/reports/busco-results/GCF_000171315.1_ASM17131v1_genomic.fna/prodigal_output/predicted_genes/predicted.faa
# Option settings: hmmsearch --domtblout /Users/dizzler/Projects/School/BIOL4600-Capstone/reports/busco-results/GCF_000171315.1_ASM17131v1_genomic.fna/run_enterobacterales_odb10/hmmer_output/11342at91347.out --cpu 1 /Users/dizzler/Projects/School/BIOL4600-Capstone/databases/lineages/enterobacterales_odb10/hmms/11342at91347.hmm /Users/dizzler/Projects/School/BIOL4600-Capstone/reports/busco-results/GCF_000171315.1_ASM17131v1_genomic.fna/prodigal_output/predicted_genes/predicted.faa 
# Current dir:     /Users/dizzler/Projects/School/BIOL4600-Capstone
# Date:            Wed Feb 25 22:54:15 2026
# [ok]
