#                                                                                         --- full sequence --- -------------- this domain -------------   hmm coord   ali coord   env coord
# target name                     accession   tlen query name           accession   qlen   E-value  score  bias   #  of  c-Evalue  i-Evalue  score  bias  from    to  from    to  from    to  acc description of target
#             ------------------- ---------- ----- -------------------- ---------- ----- --------- ------ ----- --- --- --------- --------- ------ ----- ----- ----- ----- ----- ----- ----- ---- ---------------------
NZ_ABEL01000006.1:166154-168043|- -            630 12072at91347         -            455    1e-252  836.6   0.6   1   2  1.6e-229  5.8e-227  751.7   0.2     1   392    17   441    17   446 0.96 NZ_ABEL01000006.1_158 # 166154 # 168043 # -1 # ID=43_158;partial=00;start_type=ATG;rbs_motif=AGGA/GGAG/GAGG;rbs_spacer=11-12bp;gc_cont=0.579
NZ_ABEL01000006.1:166154-168043|- -            630 12072at91347         -            455    1e-252  836.6   0.6   2   2   9.7e-27   3.6e-24   83.2   0.0   386   455   479   559   476   559 0.89 NZ_ABEL01000006.1_158 # 166154 # 168043 # -1 # ID=43_158;partial=00;start_type=ATG;rbs_motif=AGGA/GGAG/GAGG;rbs_spacer=11-12bp;gc_cont=0.579
NZ_ABEL01000001.1:630261-631622|+ -            454 12072at91347         -            455   3.6e-97  323.8   0.3   1   1   1.3e-99   4.7e-97  323.5   0.3     1   340    12   374    12   379 0.92 NZ_ABEL01000001.1_610 # 630261 # 631622 # 1 # ID=48_610;partial=00;start_type=ATG;rbs_motif=GGAG/GAGG;rbs_spacer=5-10bp;gc_cont=0.586
NZ_ABEL01000026.1:12079-13413|-   -            445 12072at91347         -            455   1.7e-92  308.4   0.0   1   1   5.6e-95   2.1e-92  308.1   0.0     1   330    15   366    15   386 0.92 NZ_ABEL01000026.1_13 # 12079 # 13413 # -1 # ID=23_13;partial=00;start_type=ATG;rbs_motif=GGAG/GAGG;rbs_spacer=5-10bp;gc_cont=0.544
NZ_ABEL01000002.1:335266-336639|- -            458 12072at91347         -            455   2.4e-92  307.9   0.0   1   2   1.1e-94   4.2e-92  307.1   0.0     2   331    15   363    14   376 0.89 NZ_ABEL01000002.1_321 # 335266 # 336639 # -1 # ID=47_321;partial=00;start_type=GTG;rbs_motif=GGA/GAG/AGG;rbs_spacer=5-10bp;gc_cont=0.553
NZ_ABEL01000002.1:335266-336639|- -            458 12072at91347         -            455   2.4e-92  307.9   0.0   2   2       1.5   5.5e+02   -3.1   0.0   388   431   377   420   369   424 0.83 NZ_ABEL01000002.1_321 # 335266 # 336639 # -1 # ID=47_321;partial=00;start_type=GTG;rbs_motif=GGA/GAG/AGG;rbs_spacer=5-10bp;gc_cont=0.553
NZ_ABEL01000022.1:18085-19350|-   -            422 12072at91347         -            455   2.7e-77  258.3   0.0   1   1   9.5e-80   3.5e-77  257.9   0.0     1   314    20   358    20   380 0.87 NZ_ABEL01000022.1_16 # 18085 # 19350 # -1 # ID=27_16;partial=00;start_type=ATG;rbs_motif=None;rbs_spacer=None;gc_cont=0.548
NZ_ABEL01000016.1:19584-21431|+   -            616 12072at91347         -            455   1.8e-23   80.9   0.0   1   1     1e-25   3.8e-23   79.8   0.0     7   326    26   356    21   377 0.79 NZ_ABEL01000016.1_22 # 19584 # 21431 # 1 # ID=33_22;partial=00;start_type=ATG;rbs_motif=None;rbs_spacer=None;gc_cont=0.547
NZ_ABEL01000001.1:609138-611159|+ -            674 12072at91347         -            455   2.9e-09   34.0   1.4   1   2    0.0046       1.7    5.1   0.0    30    70    37    74    10    85 0.77 NZ_ABEL01000001.1_589 # 609138 # 611159 # 1 # ID=48_589;partial=00;start_type=ATG;rbs_motif=GGA/GAG/AGG;rbs_spacer=5-10bp;gc_cont=0.552
NZ_ABEL01000001.1:609138-611159|+ -            674 12072at91347         -            455   2.9e-09   34.0   1.4   2   2   1.4e-09   5.2e-07   26.6   0.9   215   320   449   558   439   576 0.84 NZ_ABEL01000001.1_589 # 609138 # 611159 # 1 # ID=48_589;partial=00;start_type=ATG;rbs_motif=GGA/GAG/AGG;rbs_spacer=5-10bp;gc_cont=0.552
NZ_ABEL01000003.1:333281-335362|+ -            694 12072at91347         -            455   7.3e-07   26.1   0.2   1   2   0.00038      0.14    8.7   0.1    35   108   297   381   268   403 0.71 NZ_ABEL01000003.1_294 # 333281 # 335362 # 1 # ID=46_294;partial=00;start_type=ATG;rbs_motif=GGA/GAG/AGG;rbs_spacer=5-10bp;gc_cont=0.585
NZ_ABEL01000003.1:333281-335362|+ -            694 12072at91347         -            455   7.3e-07   26.1   0.2   2   2   4.2e-06    0.0015   15.2   0.0   242   315   523   597   512   612 0.84 NZ_ABEL01000003.1_294 # 333281 # 335362 # 1 # ID=46_294;partial=00;start_type=ATG;rbs_motif=GGA/GAG/AGG;rbs_spacer=5-10bp;gc_cont=0.585
NZ_ABEL01000011.1:62605-68946|-   -           2114 12072at91347         -            455     1e-05   22.4   0.0   1   2   0.00063      0.23    8.0   0.0    34    77   104   153    98   162 0.81 NZ_ABEL01000011.1_60 # 62605 # 68946 # -1 # ID=38_60;partial=00;start_type=ATG;rbs_motif=AGGAG;rbs_spacer=5-10bp;gc_cont=0.512
NZ_ABEL01000011.1:62605-68946|-   -           2114 12072at91347         -            455     1e-05   22.4   0.0   2   2   4.3e-05     0.016   11.8   0.0   262   306  1022  1066   994  1080 0.84 NZ_ABEL01000011.1_60 # 62605 # 68946 # -1 # ID=38_60;partial=00;start_type=ATG;rbs_motif=AGGAG;rbs_spacer=5-10bp;gc_cont=0.512
NZ_ABEL01000012.1:37722-39920|+   -            733 12072at91347         -            455   4.6e-05   20.2   0.0   1   2   0.00064      0.24    8.0   0.0    35   111   225   309   215   322 0.74 NZ_ABEL01000012.1_31 # 37722 # 39920 # 1 # ID=37_31;partial=00;start_type=ATG;rbs_motif=AGGA;rbs_spacer=5-10bp;gc_cont=0.592
NZ_ABEL01000012.1:37722-39920|+   -            733 12072at91347         -            455   4.6e-05   20.2   0.0   2   2   0.00017     0.064    9.8   0.0   252   327   522   609   513   648 0.82 NZ_ABEL01000012.1_31 # 37722 # 39920 # 1 # ID=37_31;partial=00;start_type=ATG;rbs_motif=AGGA;rbs_spacer=5-10bp;gc_cont=0.592
NZ_ABEL01000008.1:127182-130088|+ -            969 12072at91347         -            455     0.002   14.8   0.0   1   1   8.9e-06    0.0033   14.1   0.0   201   317   492   611   434   638 0.85 NZ_ABEL01000008.1_111 # 127182 # 130088 # 1 # ID=41_111;partial=00;start_type=ATG;rbs_motif=GGA/GAG/AGG;rbs_spacer=5-10bp;gc_cont=0.570
NZ_ABEL01000008.1:7024-9498|-     -            825 12072at91347         -            455     0.046   10.3   0.4   1   2   0.00098      0.36    7.4   0.0    26    78    34    88    16   230 0.81 NZ_ABEL01000008.1_5 # 7024 # 9498 # -1 # ID=41_5;partial=00;start_type=ATG;rbs_motif=GGA/GAG/AGG;rbs_spacer=5-10bp;gc_cont=0.594
NZ_ABEL01000008.1:7024-9498|-     -            825 12072at91347         -            455     0.046   10.3   0.4   2   2     0.081        30    1.0   0.0   261   287   279   305   237   354 0.71 NZ_ABEL01000008.1_5 # 7024 # 9498 # -1 # ID=41_5;partial=00;start_type=ATG;rbs_motif=GGA/GAG/AGG;rbs_spacer=5-10bp;gc_cont=0.594
#
# Program:         hmmsearch
# Version:         3.4 (Aug 2023)
# Pipeline mode:   SEARCH
# Query file:      /Users/dizzler/Projects/School/BIOL4600-Capstone/busco_downloads/lineages/enterobacterales_odb10/hmms/12072at91347.hmm
# Target file:     reports/busco-results/GCF_000171315.1_ASM17131v1_genomic.fna/prodigal_output/predicted_genes/predicted.faa
# Option settings: hmmsearch --domtblout reports/busco-results/GCF_000171315.1_ASM17131v1_genomic.fna/run_enterobacterales_odb10/hmmer_output/12072at91347.out --cpu 1 /Users/dizzler/Projects/School/BIOL4600-Capstone/busco_downloads/lineages/enterobacterales_odb10/hmms/12072at91347.hmm reports/busco-results/GCF_000171315.1_ASM17131v1_genomic.fna/prodigal_output/predicted_genes/predicted.faa 
# Current dir:     /Users/dizzler/Projects/School/BIOL4600-Capstone
# Date:            Sat Feb 21 23:26:22 2026
# [ok]
