#                                                                                         --- full sequence --- -------------- this domain -------------   hmm coord   ali coord   env coord
# target name                     accession   tlen query name           accession   qlen   E-value  score  bias   #  of  c-Evalue  i-Evalue  score  bias  from    to  from    to  from    to  acc description of target
#             ------------------- ---------- ----- -------------------- ---------- ----- --------- ------ ----- --- --- --------- --------- ------ ----- ----- ----- ----- ----- ----- ----- ---- ---------------------
NZ_ABEL01000001.1:285793-287721|+ -            643 12745at91347         -            500  2.2e-243  806.7  10.6   1   3  1.2e-194  1.1e-191  636.2   0.1     1   332     1   362     1   375 0.94 NZ_ABEL01000001.1_287 # 285793 # 287721 # 1 # ID=48_287;partial=00;start_type=ATG;rbs_motif=GGA/GAG/AGG;rbs_spacer=5-10bp;gc_cont=0.590
NZ_ABEL01000001.1:285793-287721|+ -            643 12745at91347         -            500  2.2e-243  806.7  10.6   2   3      0.13   1.1e+02   -0.5   0.2   332   354   408   430   404   481 0.59 NZ_ABEL01000001.1_287 # 285793 # 287721 # 1 # ID=48_287;partial=00;start_type=ATG;rbs_motif=GGA/GAG/AGG;rbs_spacer=5-10bp;gc_cont=0.590
NZ_ABEL01000001.1:285793-287721|+ -            643 12745at91347         -            500  2.2e-243  806.7  10.6   3   3   6.1e-54   5.4e-51  172.0   5.1   340   500   463   642   426   642 0.82 NZ_ABEL01000001.1_287 # 285793 # 287721 # 1 # ID=48_287;partial=00;start_type=ATG;rbs_motif=GGA/GAG/AGG;rbs_spacer=5-10bp;gc_cont=0.590
NZ_ABEL01000013.1:4068-5072|+     -            335 12745at91347         -            500   2.9e-21   74.0   0.0   1   1   3.9e-24   3.5e-21   73.7   0.0    27   213    13   204    10   254 0.87 NZ_ABEL01000013.1_6 # 4068 # 5072 # 1 # ID=36_6;partial=00;start_type=ATG;rbs_motif=AGGAG;rbs_spacer=5-10bp;gc_cont=0.590
NZ_ABEL01000001.1:741818-743161|+ -            448 12745at91347         -            500   1.3e-14   52.0   0.0   1   2   1.9e-09   1.7e-06   25.3   0.0     3    61    13    73    11    82 0.89 NZ_ABEL01000001.1_714 # 741818 # 743161 # 1 # ID=48_714;partial=00;start_type=GTG;rbs_motif=GGAG/GAGG;rbs_spacer=5-10bp;gc_cont=0.572
NZ_ABEL01000001.1:741818-743161|+ -            448 12745at91347         -            500   1.3e-14   52.0   0.0   2   2   2.4e-09   2.2e-06   24.9   0.0    96   194    83   181    74   185 0.90 NZ_ABEL01000001.1_714 # 741818 # 743161 # 1 # ID=48_714;partial=00;start_type=GTG;rbs_motif=GGAG/GAGG;rbs_spacer=5-10bp;gc_cont=0.572
NZ_ABEL01000002.1:575632-576642|- -            337 12745at91347         -            500    0.0006   16.8   0.0   1   2   1.4e-06    0.0012   15.8   0.0     5    70    18    87    14    93 0.81 NZ_ABEL01000002.1_560 # 575632 # 576642 # -1 # ID=47_560;partial=00;start_type=ATG;rbs_motif=GGAG/GAGG;rbs_spacer=5-10bp;gc_cont=0.579
NZ_ABEL01000002.1:575632-576642|- -            337 12745at91347         -            500    0.0006   16.8   0.0   2   2      0.68     6e+02   -3.0   0.1   122   133   109   120   107   131 0.82 NZ_ABEL01000002.1_560 # 575632 # 576642 # -1 # ID=47_560;partial=00;start_type=ATG;rbs_motif=GGAG/GAGG;rbs_spacer=5-10bp;gc_cont=0.579
NZ_ABEL01000001.1:722488-724764|+ -            759 12745at91347         -            500    0.0013   15.7   0.0   1   2    0.0095       8.4    3.2   0.0    38    59   207   228   185   235 0.76 NZ_ABEL01000001.1_699 # 722488 # 724764 # 1 # ID=48_699;partial=00;start_type=ATG;rbs_motif=GGAGG;rbs_spacer=5-10bp;gc_cont=0.542
NZ_ABEL01000001.1:722488-724764|+ -            759 12745at91347         -            500    0.0013   15.7   0.0   2   2   9.8e-05     0.087    9.7   0.0    18    63   460   513   456   517 0.81 NZ_ABEL01000001.1_699 # 722488 # 724764 # 1 # ID=48_699;partial=00;start_type=ATG;rbs_motif=GGAGG;rbs_spacer=5-10bp;gc_cont=0.542
#
# Program:         hmmsearch
# Version:         3.4 (Aug 2023)
# Pipeline mode:   SEARCH
# Query file:      /Users/dizzler/Projects/School/BIOL4600-Capstone/databases/lineages/enterobacterales_odb10/hmms/12745at91347.hmm
# Target file:     /Users/dizzler/Projects/School/BIOL4600-Capstone/reports/busco-results/GCF_000171315.1_ASM17131v1_genomic.fna/prodigal_output/predicted_genes/predicted.faa
# Option settings: hmmsearch --domtblout /Users/dizzler/Projects/School/BIOL4600-Capstone/reports/busco-results/GCF_000171315.1_ASM17131v1_genomic.fna/run_enterobacterales_odb10/hmmer_output/12745at91347.out --cpu 1 /Users/dizzler/Projects/School/BIOL4600-Capstone/databases/lineages/enterobacterales_odb10/hmms/12745at91347.hmm /Users/dizzler/Projects/School/BIOL4600-Capstone/reports/busco-results/GCF_000171315.1_ASM17131v1_genomic.fna/prodigal_output/predicted_genes/predicted.faa 
# Current dir:     /Users/dizzler/Projects/School/BIOL4600-Capstone
# Date:            Wed Feb 25 22:54:16 2026
# [ok]
