#                                                                                         --- full sequence --- -------------- this domain -------------   hmm coord   ali coord   env coord
# target name                     accession   tlen query name           accession   qlen   E-value  score  bias   #  of  c-Evalue  i-Evalue  score  bias  from    to  from    to  from    to  acc description of target
#             ------------------- ---------- ----- -------------------- ---------- ----- --------- ------ ----- --- --- --------- --------- ------ ----- ----- ----- ----- ----- ----- ----- ---- ---------------------
NZ_ABEL01000002.1:405404-406966|+ -            521 13521at91347         -            420  2.5e-224  742.9   1.4   1   3   7.7e-30   8.5e-27   92.2   0.0     1    76    17    94    17   105 0.92 NZ_ABEL01000002.1_390 # 405404 # 406966 # 1 # ID=47_390;partial=00;start_type=ATG;rbs_motif=GGA/GAG/AGG;rbs_spacer=5-10bp;gc_cont=0.584
NZ_ABEL01000002.1:405404-406966|+ -            521 13521at91347         -            420  2.5e-224  742.9   1.4   2   3   3.8e-28   4.2e-25   86.6   0.1    73   142   113   201   108   220 0.79 NZ_ABEL01000002.1_390 # 405404 # 406966 # 1 # ID=47_390;partial=00;start_type=ATG;rbs_motif=GGA/GAG/AGG;rbs_spacer=5-10bp;gc_cont=0.584
NZ_ABEL01000002.1:405404-406966|+ -            521 13521at91347         -            420  2.5e-224  742.9   1.4   3   3    2e-172  2.2e-169  561.9   0.1   149   420   239   514   233   514 0.98 NZ_ABEL01000002.1_390 # 405404 # 406966 # 1 # ID=47_390;partial=00;start_type=ATG;rbs_motif=GGA/GAG/AGG;rbs_spacer=5-10bp;gc_cont=0.584
NZ_ABEL01000002.1:507730-509094|+ -            455 13521at91347         -            420   6.7e-48  161.7   0.0   1   2    0.0015       1.7    5.6   0.0    99   137   109   153   103   166 0.81 NZ_ABEL01000002.1_488 # 507730 # 509094 # 1 # ID=47_488;partial=00;start_type=ATG;rbs_motif=GGA/GAG/AGG;rbs_spacer=5-10bp;gc_cont=0.558
NZ_ABEL01000002.1:507730-509094|+ -            455 13521at91347         -            420   6.7e-48  161.7   0.0   2   2   1.2e-48   1.3e-45  154.1   0.0   156   414   196   450   178   454 0.91 NZ_ABEL01000002.1_488 # 507730 # 509094 # 1 # ID=47_488;partial=00;start_type=ATG;rbs_motif=GGA/GAG/AGG;rbs_spacer=5-10bp;gc_cont=0.558
NZ_ABEL01000004.1:323030-324325|- -            432 13521at91347         -            420   7.5e-13   46.2   0.0   1   1   1.5e-15   1.7e-12   45.1   0.0   152   411   169   422   155   429 0.76 NZ_ABEL01000004.1_296 # 323030 # 324325 # -1 # ID=45_296;partial=00;start_type=GTG;rbs_motif=GGAGG;rbs_spacer=5-10bp;gc_cont=0.567
NZ_ABEL01000001.1:401123-402298|+ -            392 13521at91347         -            420   3.2e-11   40.9   0.0   1   2   1.4e-05     0.015   12.3   0.0   156   261   131   236   104   264 0.73 NZ_ABEL01000001.1_397 # 401123 # 402298 # 1 # ID=48_397;partial=00;start_type=ATG;rbs_motif=GGAGG;rbs_spacer=5-10bp;gc_cont=0.585
NZ_ABEL01000001.1:401123-402298|+ -            392 13521at91347         -            420   3.2e-11   40.9   0.0   2   2     6e-10   6.6e-07   26.7   0.0   334   414   303   386   282   389 0.91 NZ_ABEL01000001.1_397 # 401123 # 402298 # 1 # ID=48_397;partial=00;start_type=ATG;rbs_motif=GGAGG;rbs_spacer=5-10bp;gc_cont=0.585
#
# Program:         hmmsearch
# Version:         3.4 (Aug 2023)
# Pipeline mode:   SEARCH
# Query file:      /Users/dizzler/Projects/School/BIOL4600-Capstone/databases/lineages/enterobacterales_odb10/hmms/13521at91347.hmm
# Target file:     /Users/dizzler/Projects/School/BIOL4600-Capstone/reports/busco-results/GCF_000171315.1_ASM17131v1_genomic.fna/prodigal_output/predicted_genes/predicted.faa
# Option settings: hmmsearch --domtblout /Users/dizzler/Projects/School/BIOL4600-Capstone/reports/busco-results/GCF_000171315.1_ASM17131v1_genomic.fna/run_enterobacterales_odb10/hmmer_output/13521at91347.out --cpu 1 /Users/dizzler/Projects/School/BIOL4600-Capstone/databases/lineages/enterobacterales_odb10/hmms/13521at91347.hmm /Users/dizzler/Projects/School/BIOL4600-Capstone/reports/busco-results/GCF_000171315.1_ASM17131v1_genomic.fna/prodigal_output/predicted_genes/predicted.faa 
# Current dir:     /Users/dizzler/Projects/School/BIOL4600-Capstone
# Date:            Wed Feb 25 22:54:15 2026
# [ok]
