#                                                                                       --- full sequence --- -------------- this domain -------------   hmm coord   ali coord   env coord
# target name                   accession   tlen query name           accession   qlen   E-value  score  bias   #  of  c-Evalue  i-Evalue  score  bias  from    to  from    to  from    to  acc description of target
#           ------------------- ---------- ----- -------------------- ---------- ----- --------- ------ ----- --- --- --------- --------- ------ ----- ----- ----- ----- ----- ----- ----- ---- ---------------------
NZ_ABEL01000041.1:1-1071|-      -            357 16772at91347         -            446  9.3e-198  655.6   8.0   1   1  1.4e-199  8.8e-197  652.4   8.0     1   325     1   357     1   357 0.95 NZ_ABEL01000041.1_1 # 1 # 1071 # -1 # ID=8_1;partial=10;start_type=ATG;rbs_motif=GGA/GAG/AGG;rbs_spacer=5-10bp;gc_cont=0.556
NZ_ABEL01000002.1:81012-82313|+ -            434 16772at91347         -            446     2e-39  133.8   0.0   1   1   3.9e-42   2.5e-39  133.5   0.0    62   403    65   414    22   420 0.87 NZ_ABEL01000002.1_80 # 81012 # 82313 # 1 # ID=47_80;partial=00;start_type=ATG;rbs_motif=AGGAG;rbs_spacer=5-10bp;gc_cont=0.511
NZ_ABEL01000005.1:55767-57062|- -            432 16772at91347         -            446   3.2e-35  119.9   0.0   1   1   6.7e-38   4.3e-35  119.5   0.0    55   376    52   381    38   405 0.92 NZ_ABEL01000005.1_61 # 55767 # 57062 # -1 # ID=44_61;partial=00;start_type=ATG;rbs_motif=None;rbs_spacer=None;gc_cont=0.544
NZ_ABEL01000019.1:23416-24786|+ -            457 16772at91347         -            446   9.5e-31  105.2   0.0   1   1   2.3e-33   1.5e-30  104.6   0.0    87   385   109   418   102   441 0.82 NZ_ABEL01000019.1_25 # 23416 # 24786 # 1 # ID=30_25;partial=00;start_type=ATG;rbs_motif=GGAG/GAGG;rbs_spacer=5-10bp;gc_cont=0.598
NZ_ABEL01000044.1:1-279|-       -             93 16772at91347         -            446    0.0014   15.7   0.2   1   1   3.8e-06    0.0024   14.9   0.2    61   102    49    92     7    93 0.82 NZ_ABEL01000044.1_1 # 1 # 279 # -1 # ID=5_1;partial=10;start_type=ATG;rbs_motif=GGAG/GAGG;rbs_spacer=5-10bp;gc_cont=0.573
NZ_ABEL01000033.1:1-504|+       -            168 16772at91347         -            446    0.0058   13.6   0.0   1   2    0.0013       0.8    6.5   0.0   305   401    11   110     3   118 0.76 NZ_ABEL01000033.1_1 # 1 # 504 # 1 # ID=16_1;partial=10;start_type=Edge;rbs_motif=None;rbs_spacer=None;gc_cont=0.550
NZ_ABEL01000033.1:1-504|+       -            168 16772at91347         -            446    0.0058   13.6   0.0   2   2    0.0022       1.4    5.8   0.0    23    57   121   155   101   164 0.84 NZ_ABEL01000033.1_1 # 1 # 504 # 1 # ID=16_1;partial=10;start_type=Edge;rbs_motif=None;rbs_spacer=None;gc_cont=0.550
NZ_ABEL01000022.1:20242-21501|+ -            420 16772at91347         -            446     0.007   13.3   0.1   1   1   1.7e-05     0.011   12.7   0.0   135   255   161   276   153   326 0.77 NZ_ABEL01000022.1_18 # 20242 # 21501 # 1 # ID=27_18;partial=00;start_type=ATG;rbs_motif=None;rbs_spacer=None;gc_cont=0.529
#
# Program:         hmmsearch
# Version:         3.4 (Aug 2023)
# Pipeline mode:   SEARCH
# Query file:      /Users/dizzler/Projects/School/BIOL4600-Capstone/databases/lineages/enterobacterales_odb10/hmms/16772at91347.hmm
# Target file:     /Users/dizzler/Projects/School/BIOL4600-Capstone/reports/busco-results/GCF_000171315.1_ASM17131v1_genomic.fna/prodigal_output/predicted_genes/predicted.faa
# Option settings: hmmsearch --domtblout /Users/dizzler/Projects/School/BIOL4600-Capstone/reports/busco-results/GCF_000171315.1_ASM17131v1_genomic.fna/run_enterobacterales_odb10/hmmer_output/16772at91347.out --cpu 1 /Users/dizzler/Projects/School/BIOL4600-Capstone/databases/lineages/enterobacterales_odb10/hmms/16772at91347.hmm /Users/dizzler/Projects/School/BIOL4600-Capstone/reports/busco-results/GCF_000171315.1_ASM17131v1_genomic.fna/prodigal_output/predicted_genes/predicted.faa 
# Current dir:     /Users/dizzler/Projects/School/BIOL4600-Capstone
# Date:            Wed Feb 25 22:54:15 2026
# [ok]
