#                                                                                         --- full sequence --- -------------- this domain -------------   hmm coord   ali coord   env coord
# target name                     accession   tlen query name           accession   qlen   E-value  score  bias   #  of  c-Evalue  i-Evalue  score  bias  from    to  from    to  from    to  acc description of target
#             ------------------- ---------- ----- -------------------- ---------- ----- --------- ------ ----- --- --- --------- --------- ------ ----- ----- ----- ----- ----- ----- ----- ---- ---------------------
NZ_ABEL01000001.1:248852-250021|+ -            390 17277at91347         -            348    1e-166  552.2   1.9   1   1  7.3e-169  2.7e-166  550.8   1.9     1   293    12   345    12   353 0.92 NZ_ABEL01000001.1_253 # 248852 # 250021 # 1 # ID=48_253;partial=00;start_type=ATG;rbs_motif=GGAG/GAGG;rbs_spacer=5-10bp;gc_cont=0.528
NZ_ABEL01000012.1:42803-44134|+   -            444 17277at91347         -            348   7.7e-48  161.2   1.1   1   3   7.8e-26   2.9e-23   80.4   0.0    40   134     4   105     1   118 0.89 NZ_ABEL01000012.1_35 # 42803 # 44134 # 1 # ID=37_35;partial=00;start_type=ATG;rbs_motif=AGGA;rbs_spacer=5-10bp;gc_cont=0.531
NZ_ABEL01000012.1:42803-44134|+   -            444 17277at91347         -            348   7.7e-48  161.2   1.1   2   3   2.5e-12   9.1e-10   36.0   0.1   143   219   248   311   226   316 0.83 NZ_ABEL01000012.1_35 # 42803 # 44134 # 1 # ID=37_35;partial=00;start_type=ATG;rbs_motif=AGGA;rbs_spacer=5-10bp;gc_cont=0.531
NZ_ABEL01000012.1:42803-44134|+   -            444 17277at91347         -            348   7.7e-48  161.2   1.1   3   3   3.4e-14   1.2e-11   42.1   0.0   249   343   318   425   312   429 0.81 NZ_ABEL01000012.1_35 # 42803 # 44134 # 1 # ID=37_35;partial=00;start_type=ATG;rbs_motif=AGGA;rbs_spacer=5-10bp;gc_cont=0.531
NZ_ABEL01000001.1:722488-724764|+ -            759 17277at91347         -            348   7.7e-09   32.9   0.0   1   3   1.8e-07   6.8e-05   20.0   0.0    75   156   203   290   196   296 0.73 NZ_ABEL01000001.1_699 # 722488 # 724764 # 1 # ID=48_699;partial=00;start_type=ATG;rbs_motif=GGAGG;rbs_spacer=5-10bp;gc_cont=0.542
NZ_ABEL01000001.1:722488-724764|+ -            759 17277at91347         -            348   7.7e-09   32.9   0.0   2   3    0.0022      0.81    6.6   0.0    40   108   447   517   422   551 0.82 NZ_ABEL01000001.1_699 # 722488 # 724764 # 1 # ID=48_699;partial=00;start_type=ATG;rbs_motif=GGAGG;rbs_spacer=5-10bp;gc_cont=0.542
NZ_ABEL01000001.1:722488-724764|+ -            759 17277at91347         -            348   7.7e-09   32.9   0.0   3   3     0.045        17    2.2   0.0   244   321   631   710   612   718 0.73 NZ_ABEL01000001.1_699 # 722488 # 724764 # 1 # ID=48_699;partial=00;start_type=ATG;rbs_motif=GGAGG;rbs_spacer=5-10bp;gc_cont=0.542
NZ_ABEL01000006.1:184659-186602|- -            648 17277at91347         -            348     7e-07   26.5   0.0   1   1     3e-09   1.1e-06   25.8   0.0    80   159   189   262   141   283 0.79 NZ_ABEL01000006.1_172 # 184659 # 186602 # -1 # ID=43_172;partial=00;start_type=TTG;rbs_motif=GGAG/GAGG;rbs_spacer=5-10bp;gc_cont=0.559
NZ_ABEL01000017.1:191-2764|-      -            858 17277at91347         -            348   9.3e-06   22.8   0.0   1   3    0.0079       2.9    4.7   0.0    77   102   197   222   185   281 0.87 NZ_ABEL01000017.1_1 # 191 # 2764 # -1 # ID=32_1;partial=00;start_type=ATG;rbs_motif=GGAGG;rbs_spacer=3-4bp;gc_cont=0.533
NZ_ABEL01000017.1:191-2764|-      -            858 17277at91347         -            348   9.3e-06   22.8   0.0   2   3   9.6e-06    0.0035   14.3   0.0    38   103   555   622   546   633 0.86 NZ_ABEL01000017.1_1 # 191 # 2764 # -1 # ID=32_1;partial=00;start_type=ATG;rbs_motif=GGAGG;rbs_spacer=3-4bp;gc_cont=0.533
NZ_ABEL01000017.1:191-2764|-      -            858 17277at91347         -            348   9.3e-06   22.8   0.0   3   3      0.68   2.5e+02   -1.6   0.0   249   275   749   775   743   822 0.81 NZ_ABEL01000017.1_1 # 191 # 2764 # -1 # ID=32_1;partial=00;start_type=ATG;rbs_motif=GGAGG;rbs_spacer=3-4bp;gc_cont=0.533
NZ_ABEL01000003.1:39176-39697|-   -            174 17277at91347         -            348   0.00063   16.8   0.0   1   1   2.2e-06   0.00081   16.4   0.0    78   113     3    38     1    75 0.86 NZ_ABEL01000003.1_39 # 39176 # 39697 # -1 # ID=46_39;partial=00;start_type=ATG;rbs_motif=AGxAG;rbs_spacer=5-10bp;gc_cont=0.504
NZ_ABEL01000022.1:1503-3023|-     -            507 17277at91347         -            348    0.0052   13.8   0.0   1   2   3.4e-05     0.013   12.5   0.0    77   103   208   234   179   249 0.84 NZ_ABEL01000022.1_3 # 1503 # 3023 # -1 # ID=27_3;partial=00;start_type=ATG;rbs_motif=AGGAGG;rbs_spacer=3-4bp;gc_cont=0.527
NZ_ABEL01000022.1:1503-3023|-     -            507 17277at91347         -            348    0.0052   13.8   0.0   2   2       2.7   9.8e+02   -3.6   0.0   140   158   290   308   289   310 0.81 NZ_ABEL01000022.1_3 # 1503 # 3023 # -1 # ID=27_3;partial=00;start_type=ATG;rbs_motif=AGGAGG;rbs_spacer=3-4bp;gc_cont=0.527
NZ_ABEL01000001.1:741818-743161|+ -            448 17277at91347         -            348    0.0058   13.6   0.0   1   1   2.7e-05      0.01   12.8   0.0    81   161    52   123    39   130 0.74 NZ_ABEL01000001.1_714 # 741818 # 743161 # 1 # ID=48_714;partial=00;start_type=GTG;rbs_motif=GGAG/GAGG;rbs_spacer=5-10bp;gc_cont=0.572
NZ_ABEL01000005.1:22792-24870|+   -            693 17277at91347         -            348     0.014   12.4   0.0   1   1   6.7e-05     0.025   11.5   0.0    65   100   386   423   368   427 0.85 NZ_ABEL01000005.1_25 # 22792 # 24870 # 1 # ID=44_25;partial=00;start_type=ATG;rbs_motif=GGA/GAG/AGG;rbs_spacer=5-10bp;gc_cont=0.550
NZ_ABEL01000020.1:5091-6041|-     -            317 17277at91347         -            348     0.018   12.0   0.0   1   1   8.6e-05     0.032   11.2   0.0    81   113    12    44     6    56 0.86 NZ_ABEL01000020.1_7 # 5091 # 6041 # -1 # ID=29_7;partial=00;start_type=ATG;rbs_motif=None;rbs_spacer=None;gc_cont=0.545
NZ_ABEL01000012.1:19476-20579|+   -            368 17277at91347         -            348     0.036   11.0   0.0   1   1   0.00014     0.053   10.5   0.0    79   118    82   122    70   129 0.82 NZ_ABEL01000012.1_17 # 19476 # 20579 # 1 # ID=37_17;partial=00;start_type=ATG;rbs_motif=AGGAG;rbs_spacer=5-10bp;gc_cont=0.582
NZ_ABEL01000002.1:575632-576642|- -            337 17277at91347         -            348     0.054   10.4   0.0   1   1   0.00024     0.087    9.7   0.0    73   121    49    97    10   106 0.74 NZ_ABEL01000002.1_560 # 575632 # 576642 # -1 # ID=47_560;partial=00;start_type=ATG;rbs_motif=GGAG/GAGG;rbs_spacer=5-10bp;gc_cont=0.579
#
# Program:         hmmsearch
# Version:         3.4 (Aug 2023)
# Pipeline mode:   SEARCH
# Query file:      /Users/dizzler/Projects/School/BIOL4600-Capstone/busco_downloads/lineages/enterobacterales_odb10/hmms/17277at91347.hmm
# Target file:     reports/busco-results/GCF_000171315.1_ASM17131v1_genomic.fna/prodigal_output/predicted_genes/predicted.faa
# Option settings: hmmsearch --domtblout reports/busco-results/GCF_000171315.1_ASM17131v1_genomic.fna/run_enterobacterales_odb10/hmmer_output/17277at91347.out --cpu 1 /Users/dizzler/Projects/School/BIOL4600-Capstone/busco_downloads/lineages/enterobacterales_odb10/hmms/17277at91347.hmm reports/busco-results/GCF_000171315.1_ASM17131v1_genomic.fna/prodigal_output/predicted_genes/predicted.faa 
# Current dir:     /Users/dizzler/Projects/School/BIOL4600-Capstone
# Date:            Sat Feb 21 23:26:22 2026
# [ok]
