#                                                                                         --- full sequence --- -------------- this domain -------------   hmm coord   ali coord   env coord
# target name                     accession   tlen query name           accession   qlen   E-value  score  bias   #  of  c-Evalue  i-Evalue  score  bias  from    to  from    to  from    to  acc description of target
#             ------------------- ---------- ----- -------------------- ---------- ----- --------- ------ ----- --- --- --------- --------- ------ ----- ----- ----- ----- ----- ----- ----- ---- ---------------------
NZ_ABEL01000002.1:419713-421173|+ -            487 18497at91347         -            436  6.2e-235  777.6   0.2   1   1  1.2e-237  1.3e-234  776.5   0.2     1   436     1   486     1   486 0.94 NZ_ABEL01000002.1_407 # 419713 # 421173 # 1 # ID=47_407;partial=00;start_type=ATG;rbs_motif=AGGA/GGAG/GAGG;rbs_spacer=11-12bp;gc_cont=0.538
NZ_ABEL01000001.1:621787-623028|- -            414 18497at91347         -            436   6.8e-42  141.5   0.0   1   1   7.5e-44   8.3e-41  137.9   0.0   103   407     7   334     3   361 0.80 NZ_ABEL01000001.1_602 # 621787 # 623028 # -1 # ID=48_602;partial=00;start_type=ATG;rbs_motif=GGAG/GAGG;rbs_spacer=5-10bp;gc_cont=0.545
NZ_ABEL01000018.1:8262-9746|+     -            495 18497at91347         -            436   3.8e-17   59.9   0.0   1   2   5.1e-09   5.6e-06   23.1   0.0   123   255    62   207    21   237 0.77 NZ_ABEL01000018.1_14 # 8262 # 9746 # 1 # ID=31_14;partial=00;start_type=ATG;rbs_motif=None;rbs_spacer=None;gc_cont=0.535
NZ_ABEL01000018.1:8262-9746|+     -            495 18497at91347         -            436   3.8e-17   59.9   0.0   2   2   1.1e-11   1.3e-08   31.9   0.0   273   412   280   436   276   452 0.79 NZ_ABEL01000018.1_14 # 8262 # 9746 # 1 # ID=31_14;partial=00;start_type=ATG;rbs_motif=None;rbs_spacer=None;gc_cont=0.535
NZ_ABEL01000026.1:2306-3661|-     -            452 18497at91347         -            436   3.3e-05   20.6   0.6   1   4      0.43   4.7e+02   -3.0   0.0   282   307    37    62    29    88 0.65 NZ_ABEL01000026.1_4 # 2306 # 3661 # -1 # ID=23_4;partial=00;start_type=ATG;rbs_motif=AGxAG;rbs_spacer=11-12bp;gc_cont=0.499
NZ_ABEL01000026.1:2306-3661|-     -            452 18497at91347         -            436   3.3e-05   20.6   0.6   2   4         1   1.1e+03   -4.2   0.0   199   213   138   152   135   162 0.64 NZ_ABEL01000026.1_4 # 2306 # 3661 # -1 # ID=23_4;partial=00;start_type=ATG;rbs_motif=AGxAG;rbs_spacer=11-12bp;gc_cont=0.499
NZ_ABEL01000026.1:2306-3661|-     -            452 18497at91347         -            436   3.3e-05   20.6   0.6   3   4   3.9e-05     0.043   10.3   0.0   279   330   250   301   239   308 0.89 NZ_ABEL01000026.1_4 # 2306 # 3661 # -1 # ID=23_4;partial=00;start_type=ATG;rbs_motif=AGxAG;rbs_spacer=11-12bp;gc_cont=0.499
NZ_ABEL01000026.1:2306-3661|-     -            452 18497at91347         -            436   3.3e-05   20.6   0.6   4   4   0.00026      0.29    7.6   0.0   343   400   337   394   315   412 0.84 NZ_ABEL01000026.1_4 # 2306 # 3661 # -1 # ID=23_4;partial=00;start_type=ATG;rbs_motif=AGxAG;rbs_spacer=11-12bp;gc_cont=0.499
#
# Program:         hmmsearch
# Version:         3.4 (Aug 2023)
# Pipeline mode:   SEARCH
# Query file:      /Users/dizzler/Projects/School/BIOL4600-Capstone/databases/lineages/enterobacterales_odb10/hmms/18497at91347.hmm
# Target file:     /Users/dizzler/Projects/School/BIOL4600-Capstone/reports/busco-results/GCF_000171315.1_ASM17131v1_genomic.fna/prodigal_output/predicted_genes/predicted.faa
# Option settings: hmmsearch --domtblout /Users/dizzler/Projects/School/BIOL4600-Capstone/reports/busco-results/GCF_000171315.1_ASM17131v1_genomic.fna/run_enterobacterales_odb10/hmmer_output/18497at91347.out --cpu 1 /Users/dizzler/Projects/School/BIOL4600-Capstone/databases/lineages/enterobacterales_odb10/hmms/18497at91347.hmm /Users/dizzler/Projects/School/BIOL4600-Capstone/reports/busco-results/GCF_000171315.1_ASM17131v1_genomic.fna/prodigal_output/predicted_genes/predicted.faa 
# Current dir:     /Users/dizzler/Projects/School/BIOL4600-Capstone
# Date:            Wed Feb 25 22:54:15 2026
# [ok]
