#                                                                                         --- full sequence --- -------------- this domain -------------   hmm coord   ali coord   env coord
# target name                     accession   tlen query name           accession   qlen   E-value  score  bias   #  of  c-Evalue  i-Evalue  score  bias  from    to  from    to  from    to  acc description of target
#             ------------------- ---------- ----- -------------------- ---------- ----- --------- ------ ----- --- --- --------- --------- ------ ----- ----- ----- ----- ----- ----- ----- ---- ---------------------
NZ_ABEL01000001.1:603499-604788|- -            430 23619at91347         -            365  7.1e-200  661.5   0.5   1   2  1.6e-100   1.1e-97  325.2   0.1     1   173     1   179     1   183 0.95 NZ_ABEL01000001.1_584 # 603499 # 604788 # -1 # ID=48_584;partial=00;start_type=ATG;rbs_motif=None;rbs_spacer=None;gc_cont=0.583
NZ_ABEL01000001.1:603499-604788|- -            430 23619at91347         -            365  7.1e-200  661.5   0.5   2   2  2.4e-103  1.8e-100  334.4   0.0   167   365   197   421   193   421 0.94 NZ_ABEL01000001.1_584 # 603499 # 604788 # -1 # ID=48_584;partial=00;start_type=ATG;rbs_motif=None;rbs_spacer=None;gc_cont=0.583
NZ_ABEL01000006.1:111723-113102|+ -            460 23619at91347         -            365   5.9e-45  151.7   0.0   1   1   4.2e-47   3.1e-44  149.4   0.0    38   299    79   356    67   367 0.78 NZ_ABEL01000006.1_104 # 111723 # 113102 # 1 # ID=43_104;partial=00;start_type=TTG;rbs_motif=GGAG/GAGG;rbs_spacer=5-10bp;gc_cont=0.545
NZ_ABEL01000013.1:102702-103928|+ -            409 23619at91347         -            365   4.6e-36  122.5   0.0   1   1   9.9e-39   7.3e-36  121.8   0.0    32   298    30   304    12   324 0.81 NZ_ABEL01000013.1_105 # 102702 # 103928 # 1 # ID=36_105;partial=00;start_type=ATG;rbs_motif=GGAG/GAGG;rbs_spacer=5-10bp;gc_cont=0.557
NZ_ABEL01000003.1:16140-17357|-   -            406 23619at91347         -            365     7e-36  121.9   0.0   1   1   1.4e-38     1e-35  121.3   0.0    38   303    39   313    17   329 0.78 NZ_ABEL01000003.1_21 # 16140 # 17357 # -1 # ID=46_21;partial=00;start_type=ATG;rbs_motif=GGxGG;rbs_spacer=5-10bp;gc_cont=0.559
NZ_ABEL01000015.1:34643-35926|+   -            428 23619at91347         -            365   9.3e-33  111.6   0.5   1   2   2.3e-10   1.7e-07   28.5   0.0    56   149    56   149    22   171 0.85 NZ_ABEL01000015.1_28 # 34643 # 35926 # 1 # ID=34_28;partial=00;start_type=ATG;rbs_motif=AGGAG;rbs_spacer=5-10bp;gc_cont=0.578
NZ_ABEL01000015.1:34643-35926|+   -            428 23619at91347         -            365   9.3e-33  111.6   0.5   2   2   1.8e-26   1.3e-23   81.5   0.2   170   306   195   328   175   341 0.89 NZ_ABEL01000015.1_28 # 34643 # 35926 # 1 # ID=34_28;partial=00;start_type=ATG;rbs_motif=AGGAG;rbs_spacer=5-10bp;gc_cont=0.578
NZ_ABEL01000025.1:16145-17425|+   -            427 23619at91347         -            365   2.7e-21   73.9   0.0   1   1   8.7e-24   6.4e-21   72.7   0.0    32   296    39   318    32   332 0.77 NZ_ABEL01000025.1_15 # 16145 # 17425 # 1 # ID=24_15;partial=00;start_type=ATG;rbs_motif=AGGA;rbs_spacer=5-10bp;gc_cont=0.591
#
# Program:         hmmsearch
# Version:         3.4 (Aug 2023)
# Pipeline mode:   SEARCH
# Query file:      /Users/dizzler/Projects/School/BIOL4600-Capstone/databases/lineages/enterobacterales_odb10/hmms/23619at91347.hmm
# Target file:     /Users/dizzler/Projects/School/BIOL4600-Capstone/reports/busco-results/GCF_000171315.1_ASM17131v1_genomic.fna/prodigal_output/predicted_genes/predicted.faa
# Option settings: hmmsearch --domtblout /Users/dizzler/Projects/School/BIOL4600-Capstone/reports/busco-results/GCF_000171315.1_ASM17131v1_genomic.fna/run_enterobacterales_odb10/hmmer_output/23619at91347.out --cpu 1 /Users/dizzler/Projects/School/BIOL4600-Capstone/databases/lineages/enterobacterales_odb10/hmms/23619at91347.hmm /Users/dizzler/Projects/School/BIOL4600-Capstone/reports/busco-results/GCF_000171315.1_ASM17131v1_genomic.fna/prodigal_output/predicted_genes/predicted.faa 
# Current dir:     /Users/dizzler/Projects/School/BIOL4600-Capstone
# Date:            Wed Feb 25 22:54:15 2026
# [ok]
