#                                                                                         --- full sequence --- -------------- this domain -------------   hmm coord   ali coord   env coord
# target name                     accession   tlen query name           accession   qlen   E-value  score  bias   #  of  c-Evalue  i-Evalue  score  bias  from    to  from    to  from    to  acc description of target
#             ------------------- ---------- ----- -------------------- ---------- ----- --------- ------ ----- --- --- --------- --------- ------ ----- ----- ----- ----- ----- ----- ----- ---- ---------------------
NZ_ABEL01000023.1:10596-11621|+   -            342 34836at91347         -            291  2.6e-155  513.9  27.6   1   1  3.8e-155  1.7e-152  504.6  27.6     1   291     1   336     1   336 0.92 NZ_ABEL01000023.1_11 # 10596 # 11621 # 1 # ID=26_11;partial=00;start_type=ATG;rbs_motif=GGA/GAG/AGG;rbs_spacer=11-12bp;gc_cont=0.521
NZ_ABEL01000023.1:12186-12974|+   -            263 34836at91347         -            291   4.5e-13   47.0  11.5   1   1   1.5e-15   6.9e-13   46.4  11.5    81   254     9   181     4   192 0.90 NZ_ABEL01000023.1_13 # 12186 # 12974 # 1 # ID=26_13;partial=00;start_type=GTG;rbs_motif=GGAGG;rbs_spacer=5-10bp;gc_cont=0.535
NZ_ABEL01000009.1:19373-19849|-   -            159 34836at91347         -            291   1.3e-07   29.0   3.5   1   1   3.2e-10   1.4e-07   29.0   3.5   185   272    63   157    24   158 0.84 NZ_ABEL01000009.1_16 # 19373 # 19849 # -1 # ID=40_16;partial=00;start_type=ATG;rbs_motif=None;rbs_spacer=None;gc_cont=0.342
NZ_ABEL01000033.1:2192-3562|+     -            457 34836at91347         -            291   4.7e-07   27.2  10.8   1   1   5.6e-09   2.5e-06   24.9  10.8    77   214   271   427   264   434 0.70 NZ_ABEL01000033.1_4 # 2192 # 3562 # 1 # ID=16_4;partial=00;start_type=ATG;rbs_motif=AGGA;rbs_spacer=5-10bp;gc_cont=0.528
NZ_ABEL01000002.1:287026-288006|+ -            327 34836at91347         -            291   5.5e-07   27.0   6.7   1   2   2.4e-05     0.011   13.0   0.2    74   132    68   127    61   166 0.83 NZ_ABEL01000002.1_276 # 287026 # 288006 # 1 # ID=47_276;partial=00;start_type=ATG;rbs_motif=GGA/GAG/AGG;rbs_spacer=5-10bp;gc_cont=0.515
NZ_ABEL01000002.1:287026-288006|+ -            327 34836at91347         -            291   5.5e-07   27.0   6.7   2   2   2.6e-06    0.0011   16.1   2.3   181   250   231   295   154   311 0.63 NZ_ABEL01000002.1_276 # 287026 # 288006 # 1 # ID=47_276;partial=00;start_type=ATG;rbs_motif=GGA/GAG/AGG;rbs_spacer=5-10bp;gc_cont=0.515
NZ_ABEL01000004.1:103148-103636|- -            163 34836at91347         -            291    0.0001   19.6   4.4   1   2   1.8e-06   0.00081   16.6   4.3    58   137    48   141    22   142 0.71 NZ_ABEL01000004.1_101 # 103148 # 103636 # -1 # ID=45_101;partial=00;start_type=ATG;rbs_motif=GGxGG;rbs_spacer=5-10bp;gc_cont=0.562
NZ_ABEL01000004.1:103148-103636|- -            163 34836at91347         -            291    0.0001   19.6   4.4   2   2   6.3e-06    0.0028   14.9   1.9   180   240    88   147    86   159 0.79 NZ_ABEL01000004.1_101 # 103148 # 103636 # -1 # ID=45_101;partial=00;start_type=ATG;rbs_motif=GGxGG;rbs_spacer=5-10bp;gc_cont=0.562
NZ_ABEL01000001.1:272162-272713|- -            184 34836at91347         -            291    0.0011   16.1   3.5   1   2      0.23     1e+02   -0.1   0.0   216   229    92   105    62   119 0.58 NZ_ABEL01000001.1_274 # 272162 # 272713 # -1 # ID=48_274;partial=00;start_type=ATG;rbs_motif=GGAG/GAGG;rbs_spacer=5-10bp;gc_cont=0.491
NZ_ABEL01000001.1:272162-272713|- -            184 34836at91347         -            291    0.0011   16.1   3.5   2   2   4.7e-06    0.0021   15.3   2.7   216   258   128   169    93   182 0.73 NZ_ABEL01000001.1_274 # 272162 # 272713 # -1 # ID=48_274;partial=00;start_type=ATG;rbs_motif=GGAG/GAGG;rbs_spacer=5-10bp;gc_cont=0.491
NZ_ABEL01000032.1:466-1020|+      -            185 34836at91347         -            291    0.0032   14.7   7.1   1   1   9.6e-05     0.042   11.0   7.1   124   235    14   133     8   136 0.74 NZ_ABEL01000032.1_1 # 466 # 1020 # 1 # ID=17_1;partial=00;start_type=ATG;rbs_motif=GGAG/GAGG;rbs_spacer=5-10bp;gc_cont=0.510
NZ_ABEL01000003.1:290519-291340|- -            274 34836at91347         -            291     0.018   12.2   2.1   1   1   6.6e-05     0.029   11.5   2.1   159   265   135   240   121   245 0.59 NZ_ABEL01000003.1_249 # 290519 # 291340 # -1 # ID=46_249;partial=00;start_type=ATG;rbs_motif=GGAG/GAGG;rbs_spacer=5-10bp;gc_cont=0.557
NZ_ABEL01000008.1:158595-159191|+ -            199 34836at91347         -            291       0.2    8.8   9.9   1   1     0.001      0.45    7.6  10.1   157   251    26   122    16   130 0.82 NZ_ABEL01000008.1_137 # 158595 # 159191 # 1 # ID=41_137;partial=00;start_type=ATG;rbs_motif=GGAG/GAGG;rbs_spacer=5-10bp;gc_cont=0.559
#
# Program:         hmmsearch
# Version:         3.4 (Aug 2023)
# Pipeline mode:   SEARCH
# Query file:      /Users/dizzler/Projects/School/BIOL4600-Capstone/busco_downloads/lineages/enterobacterales_odb10/hmms/34836at91347.hmm
# Target file:     reports/busco-results/GCF_000171315.1_ASM17131v1_genomic.fna/prodigal_output/predicted_genes/predicted.faa
# Option settings: hmmsearch --domtblout reports/busco-results/GCF_000171315.1_ASM17131v1_genomic.fna/run_enterobacterales_odb10/hmmer_output/34836at91347.out --cpu 1 /Users/dizzler/Projects/School/BIOL4600-Capstone/busco_downloads/lineages/enterobacterales_odb10/hmms/34836at91347.hmm reports/busco-results/GCF_000171315.1_ASM17131v1_genomic.fna/prodigal_output/predicted_genes/predicted.faa 
# Current dir:     /Users/dizzler/Projects/School/BIOL4600-Capstone
# Date:            Sat Feb 21 23:26:22 2026
# [ok]
