#                                                                                         --- full sequence --- -------------- this domain -------------   hmm coord   ali coord   env coord
# target name                     accession   tlen query name           accession   qlen   E-value  score  bias   #  of  c-Evalue  i-Evalue  score  bias  from    to  from    to  from    to  acc description of target
#             ------------------- ---------- ----- -------------------- ---------- ----- --------- ------ ----- --- --- --------- --------- ------ ----- ----- ----- ----- ----- ----- ----- ---- ---------------------
NZ_ABEL01000008.1:78896-81601|-   -            902 3734at91347          -            766         0 1441.5  14.7   1   3         0         0 1260.1   2.5     1   641     1   685     1   692 0.95 NZ_ABEL01000008.1_72 # 78896 # 81601 # -1 # ID=41_72;partial=00;start_type=ATG;rbs_motif=GGA/GAG/AGG;rbs_spacer=5-10bp;gc_cont=0.538
NZ_ABEL01000008.1:78896-81601|-   -            902 3734at91347          -            766         0 1441.5  14.7   2   3   1.2e-49   8.8e-47  157.7   2.8   621   740   692   833   671   844 0.82 NZ_ABEL01000008.1_72 # 78896 # 81601 # -1 # ID=41_72;partial=00;start_type=ATG;rbs_motif=GGA/GAG/AGG;rbs_spacer=5-10bp;gc_cont=0.538
NZ_ABEL01000008.1:78896-81601|-   -            902 3734at91347          -            766         0 1441.5  14.7   3   3   5.5e-11   4.1e-08   29.9   0.1   732   766   866   900   838   900 0.78 NZ_ABEL01000008.1_72 # 78896 # 81601 # -1 # ID=41_72;partial=00;start_type=ATG;rbs_motif=GGA/GAG/AGG;rbs_spacer=5-10bp;gc_cont=0.538
NZ_ABEL01000002.1:617590-618255|- -            222 3734at91347          -            766   1.8e-05   21.2   0.2   1   1   3.1e-08   2.3e-05   20.8   0.2   741   763   197   219   189   221 0.88 NZ_ABEL01000002.1_603 # 617590 # 618255 # -1 # ID=47_603;partial=00;start_type=ATG;rbs_motif=GGAG/GAGG;rbs_spacer=5-10bp;gc_cont=0.533
NZ_ABEL01000002.1:437905-438363|+ -            153 3734at91347          -            766   2.3e-05   20.8   4.4   1   2    0.0082       6.1    2.8   0.4   749   766     3    20     1    20 0.91 NZ_ABEL01000002.1_422 # 437905 # 438363 # 1 # ID=47_422;partial=00;start_type=GTG;rbs_motif=GGAG/GAGG;rbs_spacer=5-10bp;gc_cont=0.488
NZ_ABEL01000002.1:437905-438363|+ -            153 3734at91347          -            766   2.3e-05   20.8   4.4   2   2   6.4e-08   4.7e-05   19.8   0.4   743   765   130   152   121   152 0.89 NZ_ABEL01000002.1_422 # 437905 # 438363 # 1 # ID=47_422;partial=00;start_type=GTG;rbs_motif=GGAG/GAGG;rbs_spacer=5-10bp;gc_cont=0.488
NZ_ABEL01000016.1:29444-30739|+   -            432 3734at91347          -            766   7.3e-05   19.1   0.2   1   1   1.3e-07   9.6e-05   18.7   0.2   741   765   406   430   386   431 0.83 NZ_ABEL01000016.1_30 # 29444 # 30739 # 1 # ID=33_30;partial=00;start_type=ATG;rbs_motif=GGAG/GAGG;rbs_spacer=5-10bp;gc_cont=0.541
NZ_ABEL01000003.1:333281-335362|+ -            694 3734at91347          -            766   0.00022   17.5   0.0   1   1   4.7e-07   0.00035   16.9   0.0    94   158   298   362   288   372 0.88 NZ_ABEL01000003.1_294 # 333281 # 335362 # 1 # ID=46_294;partial=00;start_type=ATG;rbs_motif=GGA/GAG/AGG;rbs_spacer=5-10bp;gc_cont=0.585
NZ_ABEL01000017.1:44882-46021|+   -            380 3734at91347          -            766    0.0057   12.9   0.7   1   1   9.9e-06    0.0073   12.5   0.7   742   763     5    26     1    29 0.89 NZ_ABEL01000017.1_33 # 44882 # 46021 # 1 # ID=32_33;partial=00;start_type=GTG;rbs_motif=GGAG/GAGG;rbs_spacer=5-10bp;gc_cont=0.420
#
# Program:         hmmsearch
# Version:         3.4 (Aug 2023)
# Pipeline mode:   SEARCH
# Query file:      /Users/dizzler/Projects/School/BIOL4600-Capstone/databases/lineages/enterobacterales_odb10/hmms/3734at91347.hmm
# Target file:     /Users/dizzler/Projects/School/BIOL4600-Capstone/reports/busco-results/GCF_000171315.1_ASM17131v1_genomic.fna/prodigal_output/predicted_genes/predicted.faa
# Option settings: hmmsearch --domtblout /Users/dizzler/Projects/School/BIOL4600-Capstone/reports/busco-results/GCF_000171315.1_ASM17131v1_genomic.fna/run_enterobacterales_odb10/hmmer_output/3734at91347.out --cpu 1 /Users/dizzler/Projects/School/BIOL4600-Capstone/databases/lineages/enterobacterales_odb10/hmms/3734at91347.hmm /Users/dizzler/Projects/School/BIOL4600-Capstone/reports/busco-results/GCF_000171315.1_ASM17131v1_genomic.fna/prodigal_output/predicted_genes/predicted.faa 
# Current dir:     /Users/dizzler/Projects/School/BIOL4600-Capstone
# Date:            Wed Feb 25 22:54:16 2026
# [ok]
