#                                                                                         --- full sequence --- -------------- this domain -------------   hmm coord   ali coord   env coord
# target name                     accession   tlen query name           accession   qlen   E-value  score  bias   #  of  c-Evalue  i-Evalue  score  bias  from    to  from    to  from    to  acc description of target
#             ------------------- ---------- ----- -------------------- ---------- ----- --------- ------ ----- --- --- --------- --------- ------ ----- ----- ----- ----- ----- ----- ----- ---- ---------------------
NZ_ABEL01000001.1:250301-252655|+ -            785 4210at91347          -            683         0 1323.4  17.3   1   2   8.8e-55   7.8e-52  174.3   0.2     1    96     1   101     1   105 0.96 NZ_ABEL01000001.1_254 # 250301 # 252655 # 1 # ID=48_254;partial=00;start_type=ATG;rbs_motif=GGA/GAG/AGG;rbs_spacer=5-10bp;gc_cont=0.540
NZ_ABEL01000001.1:250301-252655|+ -            785 4210at91347          -            683         0 1323.4  17.3   2   2         0         0 1151.2  12.0    96   683   126   771   121   771 0.95 NZ_ABEL01000001.1_254 # 250301 # 252655 # 1 # ID=48_254;partial=00;start_type=ATG;rbs_motif=GGA/GAG/AGG;rbs_spacer=5-10bp;gc_cont=0.540
NZ_ABEL01000010.1:90605-92365|-   -            587 4210at91347          -            683   0.00016   18.0   0.0   1   1   2.5e-07   0.00022   17.5   0.0   594   659   434   510   424   541 0.74 NZ_ABEL01000010.1_93 # 90605 # 92365 # -1 # ID=39_93;partial=00;start_type=TTG;rbs_motif=None;rbs_spacer=None;gc_cont=0.534
NZ_ABEL01000014.1:67914-69296|-   -            461 4210at91347          -            683    0.0013   15.0   0.0   1   1   2.5e-06    0.0022   14.2   0.0   580   680   355   455   347   457 0.83 NZ_ABEL01000014.1_65 # 67914 # 69296 # -1 # ID=35_65;partial=00;start_type=GTG;rbs_motif=GGAG/GAGG;rbs_spacer=5-10bp;gc_cont=0.597
NZ_ABEL01000001.1:185625-186170|+ -            182 4210at91347          -            683    0.0067   12.6   0.0   1   1     1e-05    0.0092   12.2   0.0   300   325     5    30     2    35 0.91 NZ_ABEL01000001.1_192 # 185625 # 186170 # 1 # ID=48_192;partial=00;start_type=ATG;rbs_motif=GGA/GAG/AGG;rbs_spacer=5-10bp;gc_cont=0.582
NZ_ABEL01000006.1:184659-186602|- -            648 4210at91347          -            683     0.019   11.1   0.3   1   2     4e-05     0.036   10.2   0.0   272   319   156   210   138   232 0.77 NZ_ABEL01000006.1_172 # 184659 # 186602 # -1 # ID=43_172;partial=00;start_type=TTG;rbs_motif=GGAG/GAGG;rbs_spacer=5-10bp;gc_cont=0.559
NZ_ABEL01000006.1:184659-186602|- -            648 4210at91347          -            683     0.019   11.1   0.3   2   2      0.51   4.5e+02   -3.3   0.1   254   289   552   587   548   589 0.86 NZ_ABEL01000006.1_172 # 184659 # 186602 # -1 # ID=43_172;partial=00;start_type=TTG;rbs_motif=GGAG/GAGG;rbs_spacer=5-10bp;gc_cont=0.559
#
# Program:         hmmsearch
# Version:         3.4 (Aug 2023)
# Pipeline mode:   SEARCH
# Query file:      /Users/dizzler/Projects/School/BIOL4600-Capstone/busco_downloads/lineages/enterobacterales_odb10/hmms/4210at91347.hmm
# Target file:     reports/busco-results/GCF_000171315.1_ASM17131v1_genomic.fna/prodigal_output/predicted_genes/predicted.faa
# Option settings: hmmsearch --domtblout reports/busco-results/GCF_000171315.1_ASM17131v1_genomic.fna/run_enterobacterales_odb10/hmmer_output/4210at91347.out --cpu 1 /Users/dizzler/Projects/School/BIOL4600-Capstone/busco_downloads/lineages/enterobacterales_odb10/hmms/4210at91347.hmm reports/busco-results/GCF_000171315.1_ASM17131v1_genomic.fna/prodigal_output/predicted_genes/predicted.faa 
# Current dir:     /Users/dizzler/Projects/School/BIOL4600-Capstone
# Date:            Sat Feb 21 23:26:23 2026
# [ok]
