#                                                                                         --- full sequence --- -------------- this domain -------------   hmm coord   ali coord   env coord
# target name                     accession   tlen query name           accession   qlen   E-value  score  bias   #  of  c-Evalue  i-Evalue  score  bias  from    to  from    to  from    to  acc description of target
#             ------------------- ---------- ----- -------------------- ---------- ----- --------- ------ ----- --- --- --------- --------- ------ ----- ----- ----- ----- ----- ----- ----- ---- ---------------------
NZ_ABEL01000018.1:46818-47861|+   -            348 49349at91347         -            278  3.5e-145  480.3   0.3   1   1  3.4e-147  2.1e-144  477.7   0.3     1   278    44   344    44   344 0.92 NZ_ABEL01000018.1_52 # 46818 # 47861 # 1 # ID=31_52;partial=00;start_type=ATG;rbs_motif=None;rbs_spacer=None;gc_cont=0.546
NZ_ABEL01000017.1:3622-4602|-     -            327 49349at91347         -            278   3.4e-43  145.7   0.0   1   1   6.4e-46   4.1e-43  145.5   0.0     2   277    15   312    14   313 0.82 NZ_ABEL01000017.1_3 # 3622 # 4602 # -1 # ID=32_3;partial=00;start_type=ATG;rbs_motif=AGxAG;rbs_spacer=5-10bp;gc_cont=0.532
NZ_ABEL01000008.1:130100-130759|+ -            220 49349at91347         -            278   2.9e-38  129.5   0.0   1   1   5.8e-41   3.6e-38  129.2   0.0    61   267    14   218     6   219 0.86 NZ_ABEL01000008.1_112 # 130100 # 130759 # 1 # ID=41_112;partial=00;start_type=ATG;rbs_motif=GGAG/GAGG;rbs_spacer=5-10bp;gc_cont=0.571
NZ_ABEL01000005.1:142759-143541|- -            261 49349at91347         -            278   5.6e-36  122.1   0.1   1   1   3.7e-38   2.3e-35  120.0   0.1    63   276     4   233     1   235 0.80 NZ_ABEL01000005.1_141 # 142759 # 143541 # -1 # ID=44_141;partial=00;start_type=ATG;rbs_motif=None;rbs_spacer=None;gc_cont=0.584
NZ_ABEL01000009.1:15627-16496|+   -            290 49349at91347         -            278   0.00068   16.8   0.2   1   1   3.4e-06    0.0022   15.2   0.2    21   149    25   142     8   206 0.81 NZ_ABEL01000009.1_12 # 15627 # 16496 # 1 # ID=40_12;partial=00;start_type=ATG;rbs_motif=GGA/GAG/AGG;rbs_spacer=5-10bp;gc_cont=0.501
NZ_ABEL01000002.1:583668-584486|+ -            273 49349at91347         -            278     0.011   12.8   0.0   1   1   2.7e-05     0.017   12.2   0.0   214   258   130   174   126   180 0.93 NZ_ABEL01000002.1_569 # 583668 # 584486 # 1 # ID=47_569;partial=00;start_type=ATG;rbs_motif=4Base/6BMM;rbs_spacer=13-15bp;gc_cont=0.568
NZ_ABEL01000013.1:43353-44090|-   -            246 49349at91347         -            278     0.023   11.8   0.0   1   2     0.048        31    1.6   0.0   110   126   101   117    94   148 0.75 NZ_ABEL01000013.1_43 # 43353 # 44090 # -1 # ID=36_43;partial=00;start_type=ATG;rbs_motif=3Base/5BMM;rbs_spacer=13-15bp;gc_cont=0.512
NZ_ABEL01000013.1:43353-44090|-   -            246 49349at91347         -            278     0.023   11.8   0.0   2   2   0.00065      0.41    7.7   0.0   195   226   191   222   182   236 0.85 NZ_ABEL01000013.1_43 # 43353 # 44090 # -1 # ID=36_43;partial=00;start_type=ATG;rbs_motif=3Base/5BMM;rbs_spacer=13-15bp;gc_cont=0.512
#
# Program:         hmmsearch
# Version:         3.4 (Aug 2023)
# Pipeline mode:   SEARCH
# Query file:      /Users/dizzler/Projects/School/BIOL4600-Capstone/databases/lineages/enterobacterales_odb10/hmms/49349at91347.hmm
# Target file:     /Users/dizzler/Projects/School/BIOL4600-Capstone/reports/busco-results/GCF_000171315.1_ASM17131v1_genomic.fna/prodigal_output/predicted_genes/predicted.faa
# Option settings: hmmsearch --domtblout /Users/dizzler/Projects/School/BIOL4600-Capstone/reports/busco-results/GCF_000171315.1_ASM17131v1_genomic.fna/run_enterobacterales_odb10/hmmer_output/49349at91347.out --cpu 1 /Users/dizzler/Projects/School/BIOL4600-Capstone/databases/lineages/enterobacterales_odb10/hmms/49349at91347.hmm /Users/dizzler/Projects/School/BIOL4600-Capstone/reports/busco-results/GCF_000171315.1_ASM17131v1_genomic.fna/prodigal_output/predicted_genes/predicted.faa 
# Current dir:     /Users/dizzler/Projects/School/BIOL4600-Capstone
# Date:            Wed Feb 25 22:54:16 2026
# [ok]
