#                                                                                         --- full sequence --- -------------- this domain -------------   hmm coord   ali coord   env coord
# target name                     accession   tlen query name           accession   qlen   E-value  score  bias   #  of  c-Evalue  i-Evalue  score  bias  from    to  from    to  from    to  acc description of target
#             ------------------- ---------- ----- -------------------- ---------- ----- --------- ------ ----- --- --- --------- --------- ------ ----- ----- ----- ----- ----- ----- ----- ---- ---------------------
NZ_ABEL01000008.1:183344-186178|- -            945 5062at91347          -            785         0 1254.0   0.0   1   3  1.5e-113  1.3e-110  368.5   0.0     1   203     1   213     1   219 0.97 NZ_ABEL01000008.1_159 # 183344 # 186178 # -1 # ID=41_159;partial=00;start_type=ATG;rbs_motif=GGA/GAG/AGG;rbs_spacer=5-10bp;gc_cont=0.548
NZ_ABEL01000008.1:183344-186178|- -            945 5062at91347          -            785         0 1254.0   0.0   2   3  1.1e-261  9.6e-259  858.4   0.0   203   750   235   857   231   876 0.89 NZ_ABEL01000008.1_159 # 183344 # 186178 # -1 # ID=41_159;partial=00;start_type=ATG;rbs_motif=GGA/GAG/AGG;rbs_spacer=5-10bp;gc_cont=0.548
NZ_ABEL01000008.1:183344-186178|- -            945 5062at91347          -            785         0 1254.0   0.0   3   3   4.9e-09   4.4e-06   22.8   0.2   753   785   903   943   886   943 0.80 NZ_ABEL01000008.1_159 # 183344 # 186178 # -1 # ID=41_159;partial=00;start_type=ATG;rbs_motif=GGA/GAG/AGG;rbs_spacer=5-10bp;gc_cont=0.548
NZ_ABEL01000011.1:90342-93197|+   -            952 5062at91347          -            785   2.2e-49  166.0   1.8   1   2   2.7e-43   2.4e-40  136.2   2.1    41   537    29   570     8   574 0.71 NZ_ABEL01000011.1_76 # 90342 # 93197 # 1 # ID=38_76;partial=00;start_type=ATG;rbs_motif=GGA/GAG/AGG;rbs_spacer=3-4bp;gc_cont=0.568
NZ_ABEL01000011.1:90342-93197|+   -            952 5062at91347          -            785   2.2e-49  166.0   1.8   2   2   6.7e-09     6e-06   22.4   0.0   536   679   606   766   582   779 0.76 NZ_ABEL01000011.1_76 # 90342 # 93197 # 1 # ID=38_76;partial=00;start_type=ATG;rbs_motif=GGA/GAG/AGG;rbs_spacer=3-4bp;gc_cont=0.568
NZ_ABEL01000001.1:453979-456561|- -            861 5062at91347          -            785   3.1e-34  115.9   4.6   1   6   1.1e-18     1e-15   54.7   0.0    42   190    30   171    10   174 0.87 NZ_ABEL01000001.1_450 # 453979 # 456561 # -1 # ID=48_450;partial=00;start_type=ATG;rbs_motif=AGGA/GGAG/GAGG;rbs_spacer=11-12bp;gc_cont=0.557
NZ_ABEL01000001.1:453979-456561|- -            861 5062at91347          -            785   3.1e-34  115.9   4.6   2   6   0.00027      0.24    7.2   1.0   345   367   175   197   172   226 0.80 NZ_ABEL01000001.1_450 # 453979 # 456561 # -1 # ID=48_450;partial=00;start_type=ATG;rbs_motif=AGGA/GGAG/GAGG;rbs_spacer=11-12bp;gc_cont=0.557
NZ_ABEL01000001.1:453979-456561|- -            861 5062at91347          -            785   3.1e-34  115.9   4.6   3   6   1.5e-07   0.00013   18.0   0.0   255   301   310   359   267   373 0.87 NZ_ABEL01000001.1_450 # 453979 # 456561 # -1 # ID=48_450;partial=00;start_type=ATG;rbs_motif=AGGA/GGAG/GAGG;rbs_spacer=11-12bp;gc_cont=0.557
NZ_ABEL01000001.1:453979-456561|- -            861 5062at91347          -            785   3.1e-34  115.9   4.6   4   6   4.1e-06    0.0036   13.2   0.0   397   417   417   437   406   505 0.79 NZ_ABEL01000001.1_450 # 453979 # 456561 # -1 # ID=48_450;partial=00;start_type=ATG;rbs_motif=AGGA/GGAG/GAGG;rbs_spacer=11-12bp;gc_cont=0.557
NZ_ABEL01000001.1:453979-456561|- -            861 5062at91347          -            785   3.1e-34  115.9   4.6   5   6   6.7e-08   5.9e-05   19.1   0.0   519   550   617   648   574   676 0.85 NZ_ABEL01000001.1_450 # 453979 # 456561 # -1 # ID=48_450;partial=00;start_type=ATG;rbs_motif=AGGA/GGAG/GAGG;rbs_spacer=11-12bp;gc_cont=0.557
NZ_ABEL01000001.1:453979-456561|- -            861 5062at91347          -            785   3.1e-34  115.9   4.6   6   6      0.56   4.9e+02   -3.8   0.0   654   680   752   778   741   782 0.84 NZ_ABEL01000001.1_450 # 453979 # 456561 # -1 # ID=48_450;partial=00;start_type=ATG;rbs_motif=AGGA/GGAG/GAGG;rbs_spacer=11-12bp;gc_cont=0.557
NZ_ABEL01000004.1:155406-157439|+ -            678 5062at91347          -            785   2.1e-15   53.7   0.1   1   2   2.6e-14   2.3e-11   40.3   0.0    51   108    12    69     2    85 0.88 NZ_ABEL01000004.1_142 # 155406 # 157439 # 1 # ID=45_142;partial=00;start_type=ATG;rbs_motif=AGxAG;rbs_spacer=11-12bp;gc_cont=0.549
NZ_ABEL01000004.1:155406-157439|+ -            678 5062at91347          -            785   2.1e-15   53.7   0.1   2   2   1.6e-05     0.014   11.2   0.0   507   551   320   363   300   404 0.73 NZ_ABEL01000004.1_142 # 155406 # 157439 # 1 # ID=45_142;partial=00;start_type=ATG;rbs_motif=AGxAG;rbs_spacer=11-12bp;gc_cont=0.549
NZ_ABEL01000001.1:344005-345390|+ -            462 5062at91347          -            785   2.4e-09   33.6   0.1   1   2     0.013        12    1.6   0.1    60   146    36   115    22   144 0.66 NZ_ABEL01000001.1_342 # 344005 # 345390 # 1 # ID=48_342;partial=00;start_type=ATG;rbs_motif=GGA/GAG/AGG;rbs_spacer=5-10bp;gc_cont=0.551
NZ_ABEL01000001.1:344005-345390|+ -            462 5062at91347          -            785   2.4e-09   33.6   0.1   2   2   3.6e-11   3.2e-08   29.9   0.0   505   578   250   323   219   326 0.84 NZ_ABEL01000001.1_342 # 344005 # 345390 # 1 # ID=48_342;partial=00;start_type=ATG;rbs_motif=GGA/GAG/AGG;rbs_spacer=5-10bp;gc_cont=0.551
#
# Program:         hmmsearch
# Version:         3.4 (Aug 2023)
# Pipeline mode:   SEARCH
# Query file:      /Users/dizzler/Projects/School/BIOL4600-Capstone/busco_downloads/lineages/enterobacterales_odb10/hmms/5062at91347.hmm
# Target file:     reports/busco-results/GCF_000171315.1_ASM17131v1_genomic.fna/prodigal_output/predicted_genes/predicted.faa
# Option settings: hmmsearch --domtblout reports/busco-results/GCF_000171315.1_ASM17131v1_genomic.fna/run_enterobacterales_odb10/hmmer_output/5062at91347.out --cpu 1 /Users/dizzler/Projects/School/BIOL4600-Capstone/busco_downloads/lineages/enterobacterales_odb10/hmms/5062at91347.hmm reports/busco-results/GCF_000171315.1_ASM17131v1_genomic.fna/prodigal_output/predicted_genes/predicted.faa 
# Current dir:     /Users/dizzler/Projects/School/BIOL4600-Capstone
# Date:            Sat Feb 21 23:26:23 2026
# [ok]
