#                                                                                         --- full sequence --- -------------- this domain -------------   hmm coord   ali coord   env coord
# target name                     accession   tlen query name           accession   qlen   E-value  score  bias   #  of  c-Evalue  i-Evalue  score  bias  from    to  from    to  from    to  acc description of target
#             ------------------- ---------- ----- -------------------- ---------- ----- --------- ------ ----- --- --- --------- --------- ------ ----- ----- ----- ----- ----- ----- ----- ---- ---------------------
NZ_ABEL01000003.1:290519-291340|- -            274 64323at91347         -            236    7e-124  410.0   0.0   1   1  1.6e-126  7.9e-124  409.8   0.0     6   236    23   273    15   273 0.94 NZ_ABEL01000003.1_249 # 290519 # 291340 # -1 # ID=46_249;partial=00;start_type=ATG;rbs_motif=GGAG/GAGG;rbs_spacer=5-10bp;gc_cont=0.557
NZ_ABEL01000004.1:103148-103636|- -            163 64323at91347         -            236   2.9e-22   77.4   6.4   1   1     1e-24   5.1e-22   76.5   6.4    94   216    35   158    14   162 0.86 NZ_ABEL01000004.1_101 # 103148 # 103636 # -1 # ID=45_101;partial=00;start_type=ATG;rbs_motif=GGxGG;rbs_spacer=5-10bp;gc_cont=0.562
NZ_ABEL01000009.1:19373-19849|-   -            159 64323at91347         -            236   5.2e-17   60.2   1.6   1   1   1.2e-19   5.9e-17   60.0   1.6   101   211    30   142    16   156 0.91 NZ_ABEL01000009.1_16 # 19373 # 19849 # -1 # ID=40_16;partial=00;start_type=ATG;rbs_motif=None;rbs_spacer=None;gc_cont=0.342
NZ_ABEL01000001.1:272162-272713|- -            184 64323at91347         -            236   5.6e-09   33.9   1.0   1   1   1.4e-11   6.8e-09   33.6   1.0   129   219    87   182    78   183 0.74 NZ_ABEL01000001.1_274 # 272162 # 272713 # -1 # ID=48_274;partial=00;start_type=ATG;rbs_motif=GGAG/GAGG;rbs_spacer=5-10bp;gc_cont=0.491
NZ_ABEL01000033.1:2192-3562|+     -            457 64323at91347         -            236   2.2e-07   28.7   4.1   1   3   8.7e-05     0.043   11.3   0.0   171   203   270   302   244   319 0.85 NZ_ABEL01000033.1_4 # 2192 # 3562 # 1 # ID=16_4;partial=00;start_type=ATG;rbs_motif=AGGA;rbs_spacer=5-10bp;gc_cont=0.528
NZ_ABEL01000033.1:2192-3562|+     -            457 64323at91347         -            236   2.2e-07   28.7   4.1   2   3     0.047        23    2.4   0.1   181   199   366   384   349   392 0.86 NZ_ABEL01000033.1_4 # 2192 # 3562 # 1 # ID=16_4;partial=00;start_type=ATG;rbs_motif=AGGA;rbs_spacer=5-10bp;gc_cont=0.528
NZ_ABEL01000033.1:2192-3562|+     -            457 64323at91347         -            236   2.2e-07   28.7   4.1   3   3   7.7e-06    0.0038   14.8   1.9   145   212   372   440   367   451 0.82 NZ_ABEL01000033.1_4 # 2192 # 3562 # 1 # ID=16_4;partial=00;start_type=ATG;rbs_motif=AGGA;rbs_spacer=5-10bp;gc_cont=0.528
NZ_ABEL01000023.1:10596-11621|+   -            342 64323at91347         -            236   5.7e-05   20.7  16.2   1   2   1.1e-05    0.0055   14.3   1.1   120   199    95   178    80   181 0.77 NZ_ABEL01000023.1_11 # 10596 # 11621 # 1 # ID=26_11;partial=00;start_type=ATG;rbs_motif=GGA/GAG/AGG;rbs_spacer=11-12bp;gc_cont=0.521
NZ_ABEL01000023.1:10596-11621|+   -            342 64323at91347         -            236   5.7e-05   20.7  16.2   2   2   0.00012     0.058   10.9   8.0   118   206   208   298   199   325 0.71 NZ_ABEL01000023.1_11 # 10596 # 11621 # 1 # ID=26_11;partial=00;start_type=ATG;rbs_motif=GGA/GAG/AGG;rbs_spacer=11-12bp;gc_cont=0.521
NZ_ABEL01000004.1:99416-99970|-   -            185 64323at91347         -            236    0.0017   15.9   1.9   1   2       0.2        99    0.3   0.1   180   191    87    98    45   104 0.52 NZ_ABEL01000004.1_97 # 99416 # 99970 # -1 # ID=45_97;partial=00;start_type=ATG;rbs_motif=GGAG/GAGG;rbs_spacer=5-10bp;gc_cont=0.510
NZ_ABEL01000004.1:99416-99970|-   -            185 64323at91347         -            236    0.0017   15.9   1.9   2   2     1e-05    0.0051   14.4   1.3   164   220   121   178    63   183 0.70 NZ_ABEL01000004.1_97 # 99416 # 99970 # -1 # ID=45_97;partial=00;start_type=ATG;rbs_motif=GGAG/GAGG;rbs_spacer=5-10bp;gc_cont=0.510
NZ_ABEL01000032.1:466-1020|+      -            185 64323at91347         -            236    0.0098   13.4   5.1   1   3    0.0055       2.7    5.5   0.1   164   190    10    36     6    58 0.77 NZ_ABEL01000032.1_1 # 466 # 1020 # 1 # ID=17_1;partial=00;start_type=ATG;rbs_motif=GGAG/GAGG;rbs_spacer=5-10bp;gc_cont=0.510
NZ_ABEL01000032.1:466-1020|+      -            185 64323at91347         -            236    0.0098   13.4   5.1   2   3      0.73   3.6e+02   -1.5   0.0   185   199    52    66    37    78 0.77 NZ_ABEL01000032.1_1 # 466 # 1020 # 1 # ID=17_1;partial=00;start_type=ATG;rbs_motif=GGAG/GAGG;rbs_spacer=5-10bp;gc_cont=0.510
NZ_ABEL01000032.1:466-1020|+      -            185 64323at91347         -            236    0.0098   13.4   5.1   3   3   0.00085      0.42    8.1   1.6   144   201    82   132    76   139 0.77 NZ_ABEL01000032.1_1 # 466 # 1020 # 1 # ID=17_1;partial=00;start_type=ATG;rbs_motif=GGAG/GAGG;rbs_spacer=5-10bp;gc_cont=0.510
NZ_ABEL01000023.1:12186-12974|+   -            263 64323at91347         -            236     0.034   11.7   9.1   1   2    0.0069       3.4    5.1   1.0   169   203    14    48     6    74 0.79 NZ_ABEL01000023.1_13 # 12186 # 12974 # 1 # ID=26_13;partial=00;start_type=GTG;rbs_motif=GGAGG;rbs_spacer=5-10bp;gc_cont=0.535
NZ_ABEL01000023.1:12186-12974|+   -            263 64323at91347         -            236     0.034   11.7   9.1   2   2    0.0002       0.1   10.1   1.7   145   214   123   192    95   198 0.88 NZ_ABEL01000023.1_13 # 12186 # 12974 # 1 # ID=26_13;partial=00;start_type=GTG;rbs_motif=GGAGG;rbs_spacer=5-10bp;gc_cont=0.535
#
# Program:         hmmsearch
# Version:         3.4 (Aug 2023)
# Pipeline mode:   SEARCH
# Query file:      /Users/dizzler/Projects/School/BIOL4600-Capstone/busco_downloads/lineages/enterobacterales_odb10/hmms/64323at91347.hmm
# Target file:     reports/busco-results/GCF_000171315.1_ASM17131v1_genomic.fna/prodigal_output/predicted_genes/predicted.faa
# Option settings: hmmsearch --domtblout reports/busco-results/GCF_000171315.1_ASM17131v1_genomic.fna/run_enterobacterales_odb10/hmmer_output/64323at91347.out --cpu 1 /Users/dizzler/Projects/School/BIOL4600-Capstone/busco_downloads/lineages/enterobacterales_odb10/hmms/64323at91347.hmm reports/busco-results/GCF_000171315.1_ASM17131v1_genomic.fna/prodigal_output/predicted_genes/predicted.faa 
# Current dir:     /Users/dizzler/Projects/School/BIOL4600-Capstone
# Date:            Sat Feb 21 23:26:24 2026
# [ok]
