#                                                                                         --- full sequence --- -------------- this domain -------------   hmm coord   ali coord   env coord
# target name                     accession   tlen query name           accession   qlen   E-value  score  bias   #  of  c-Evalue  i-Evalue  score  bias  from    to  from    to  from    to  acc description of target
#             ------------------- ---------- ----- -------------------- ---------- ----- --------- ------ ----- --- --- --------- --------- ------ ----- ----- ----- ----- ----- ----- ----- ---- ---------------------
NZ_ABEL01000012.1:129454-130086|+ -            211 78786at91347         -            172   6.3e-81  268.0   0.0   1   1   2.1e-83   7.6e-81  267.7   0.0     1   172     9   197     9   197 0.93 NZ_ABEL01000012.1_124 # 129454 # 130086 # 1 # ID=37_124;partial=00;start_type=TTG;rbs_motif=GGAG/GAGG;rbs_spacer=5-10bp;gc_cont=0.520
NZ_ABEL01000007.1:117974-119446|- -            491 78786at91347         -            172   5.8e-09   33.7   0.1   1   2   1.2e-05    0.0046   14.5   0.0    21    55     5    38     3   131 0.75 NZ_ABEL01000007.1_96 # 117974 # 119446 # -1 # ID=42_96;partial=00;start_type=ATG;rbs_motif=GGAG/GAGG;rbs_spacer=5-10bp;gc_cont=0.547
NZ_ABEL01000007.1:117974-119446|- -            491 78786at91347         -            172   5.8e-09   33.7   0.1   2   2   5.2e-06    0.0019   15.8   0.1    16   143   200   337   191   372 0.66 NZ_ABEL01000007.1_96 # 117974 # 119446 # -1 # ID=42_96;partial=00;start_type=ATG;rbs_motif=GGAG/GAGG;rbs_spacer=5-10bp;gc_cont=0.547
NZ_ABEL01000026.1:22995-23273|+   -             93 78786at91347         -            172     2e-05   22.3   0.0   1   1   5.5e-08     2e-05   22.2   0.0    21    55    11    44     2    85 0.80 NZ_ABEL01000026.1_23 # 22995 # 23273 # 1 # ID=23_23;partial=01;start_type=ATG;rbs_motif=GGAG/GAGG;rbs_spacer=5-10bp;gc_cont=0.513
NZ_ABEL01000003.1:444573-445976|+ -            468 78786at91347         -            172   4.8e-05   21.0   0.0   1   1   2.8e-07    0.0001   19.9   0.0    16    55   227   265   218   292 0.85 NZ_ABEL01000003.1_394 # 444573 # 445976 # 1 # ID=46_394;partial=00;start_type=ATG;rbs_motif=AGxAGG/AGGxGG;rbs_spacer=3-4bp;gc_cont=0.591
NZ_ABEL01000020.1:3348-4628|-     -            427 78786at91347         -            172   0.00048   17.7   0.1   1   2       1.2   4.4e+02   -1.7   0.0   110   142   162   194   160   201 0.81 NZ_ABEL01000020.1_5 # 3348 # 4628 # -1 # ID=29_5;partial=00;start_type=TTG;rbs_motif=GGAG/GAGG;rbs_spacer=5-10bp;gc_cont=0.543
NZ_ABEL01000020.1:3348-4628|-     -            427 78786at91347         -            172   0.00048   17.7   0.1   2   2   7.6e-06    0.0028   15.2   0.0    20   168   199   357   188   361 0.64 NZ_ABEL01000020.1_5 # 3348 # 4628 # -1 # ID=29_5;partial=00;start_type=TTG;rbs_motif=GGAG/GAGG;rbs_spacer=5-10bp;gc_cont=0.543
NZ_ABEL01000020.1:14432-15484|+   -            351 78786at91347         -            172   0.00092   16.8   1.1   1   2    0.0051       1.9    6.0   0.0    97   168   126   205   120   209 0.71 NZ_ABEL01000020.1_15 # 14432 # 15484 # 1 # ID=29_15;partial=00;start_type=TTG;rbs_motif=AGGAG;rbs_spacer=5-10bp;gc_cont=0.536
NZ_ABEL01000020.1:14432-15484|+   -            351 78786at91347         -            172   0.00092   16.8   1.1   2   2   0.00037      0.14    9.8   0.2    23    40   212   229   206   270 0.75 NZ_ABEL01000020.1_15 # 14432 # 15484 # 1 # ID=29_15;partial=00;start_type=TTG;rbs_motif=AGGAG;rbs_spacer=5-10bp;gc_cont=0.536
NZ_ABEL01000015.1:10615-14271|+   -           1219 78786at91347         -            172    0.0032   15.1   0.0   1   2     0.013       4.8    4.7   0.0    14    39   363   388   355   391 0.84 NZ_ABEL01000015.1_10 # 10615 # 14271 # 1 # ID=34_10;partial=00;start_type=ATG;rbs_motif=AGGAGG;rbs_spacer=3-4bp;gc_cont=0.591
NZ_ABEL01000015.1:10615-14271|+   -           1219 78786at91347         -            172    0.0032   15.1   0.0   2   2    0.0017      0.64    7.6   0.0    16    39   992  1015   982  1018 0.84 NZ_ABEL01000015.1_10 # 10615 # 14271 # 1 # ID=34_10;partial=00;start_type=ATG;rbs_motif=AGGAGG;rbs_spacer=3-4bp;gc_cont=0.591
NZ_ABEL01000007.1:45094-45573|-   -            160 78786at91347         -            172     0.023   12.2   0.0   1   1   0.00012     0.044   11.3   0.0    21    49     4    32     1    36 0.91 NZ_ABEL01000007.1_50 # 45094 # 45573 # -1 # ID=42_50;partial=00;start_type=ATG;rbs_motif=GGxGG;rbs_spacer=5-10bp;gc_cont=0.515
NZ_ABEL01000008.1:116174-116881|+ -            236 78786at91347         -            172     0.027   12.0   0.0   1   1   0.00012     0.046   11.3   0.0    13    39    20    46    11    53 0.88 NZ_ABEL01000008.1_102 # 116174 # 116881 # 1 # ID=41_102;partial=00;start_type=ATG;rbs_motif=None;rbs_spacer=None;gc_cont=0.581
NZ_ABEL01000001.1:719516-721462|+ -            649 78786at91347         -            172     0.032   11.8   0.0   1   1   0.00016      0.06   10.9   0.0    13    39    29    55    21    72 0.80 NZ_ABEL01000001.1_696 # 719516 # 721462 # 1 # ID=48_696;partial=00;start_type=ATG;rbs_motif=AGGAG;rbs_spacer=5-10bp;gc_cont=0.545
NZ_ABEL01000003.1:7516-9423|+     -            636 78786at91347         -            172     0.034   11.7   0.1   1   2     0.011         4    5.0   0.0    13    43    22    52    13    69 0.80 NZ_ABEL01000003.1_12 # 7516 # 9423 # 1 # ID=46_12;partial=00;start_type=ATG;rbs_motif=None;rbs_spacer=None;gc_cont=0.577
NZ_ABEL01000003.1:7516-9423|+     -            636 78786at91347         -            172     0.034   11.7   0.1   2   2     0.019       7.2    4.1   0.0    15    39   335   359   327   363 0.84 NZ_ABEL01000003.1_12 # 7516 # 9423 # 1 # ID=46_12;partial=00;start_type=ATG;rbs_motif=None;rbs_spacer=None;gc_cont=0.577
NZ_ABEL01000001.1:311324-312010|+ -            229 78786at91347         -            172     0.042   11.4   0.0   1   1   0.00024     0.088   10.4   0.0    12    39    30    57    22    61 0.85 NZ_ABEL01000001.1_311 # 311324 # 312010 # 1 # ID=48_311;partial=00;start_type=ATG;rbs_motif=AGGA;rbs_spacer=5-10bp;gc_cont=0.588
#
# Program:         hmmsearch
# Version:         3.4 (Aug 2023)
# Pipeline mode:   SEARCH
# Query file:      /Users/dizzler/Projects/School/BIOL4600-Capstone/databases/lineages/enterobacterales_odb10/hmms/78786at91347.hmm
# Target file:     /Users/dizzler/Projects/School/BIOL4600-Capstone/reports/busco-results/GCF_000171315.1_ASM17131v1_genomic.fna/prodigal_output/predicted_genes/predicted.faa
# Option settings: hmmsearch --domtblout /Users/dizzler/Projects/School/BIOL4600-Capstone/reports/busco-results/GCF_000171315.1_ASM17131v1_genomic.fna/run_enterobacterales_odb10/hmmer_output/78786at91347.out --cpu 1 /Users/dizzler/Projects/School/BIOL4600-Capstone/databases/lineages/enterobacterales_odb10/hmms/78786at91347.hmm /Users/dizzler/Projects/School/BIOL4600-Capstone/reports/busco-results/GCF_000171315.1_ASM17131v1_genomic.fna/prodigal_output/predicted_genes/predicted.faa 
# Current dir:     /Users/dizzler/Projects/School/BIOL4600-Capstone
# Date:            Wed Feb 25 22:54:17 2026
# [ok]
