#                                                                                     --- full sequence --- -------------- this domain -------------   hmm coord   ali coord   env coord
# target name                 accession   tlen query name           accession   qlen   E-value  score  bias   #  of  c-Evalue  i-Evalue  score  bias  from    to  from    to  from    to  acc description of target
#         ------------------- ---------- ----- -------------------- ---------- ----- --------- ------ ----- --- --- --------- --------- ------ ----- ----- ----- ----- ----- ----- ----- ---- ---------------------
NC_011094.1:1078942-1080690|+ -            583 10523at91347         -            514  1.3e-295  978.6  23.6   1   2  1.2e-183  7.4e-182  603.4  13.7     1   309     4   326     4   334 0.97 NC_011094.1_1018 # 1078942 # 1080690 # 1 # ID=1_1018;partial=00;start_type=ATG;rbs_motif=None;rbs_spacer=None;gc_cont=0.515
NC_011094.1:1078942-1080690|+ -            583 10523at91347         -            514  1.3e-295  978.6  23.6   2   2  3.1e-116  1.9e-114  381.0   2.3   315   514   368   580   342   580 0.95 NC_011094.1_1018 # 1078942 # 1080690 # 1 # ID=1_1018;partial=00;start_type=ATG;rbs_motif=None;rbs_spacer=None;gc_cont=0.515
NC_011094.1:2824692-2828348|+ -           1219 10523at91347         -            514  1.3e-107  358.4  23.5   1   4   3.9e-06   0.00024   17.7   5.6    18   308    28   324    15   342 0.71 NC_011094.1_2671 # 2824692 # 2828348 # 1 # ID=1_2671;partial=00;start_type=ATG;rbs_motif=AGGAGG;rbs_spacer=3-4bp;gc_cont=0.593
NC_011094.1:2824692-2828348|+ -           1219 10523at91347         -            514  1.3e-107  358.4  23.5   2   4   9.6e-51   5.9e-49  164.9   0.4   309   503   359   564   355   569 0.90 NC_011094.1_2671 # 2824692 # 2828348 # 1 # ID=1_2671;partial=00;start_type=ATG;rbs_motif=AGGAGG;rbs_spacer=3-4bp;gc_cont=0.593
NC_011094.1:2824692-2828348|+ -           1219 10523at91347         -            514  1.3e-107  358.4  23.5   3   4   4.9e-15     3e-13   47.1   1.4    66   309   708   950   645   959 0.83 NC_011094.1_2671 # 2824692 # 2828348 # 1 # ID=1_2671;partial=00;start_type=ATG;rbs_motif=AGGAGG;rbs_spacer=3-4bp;gc_cont=0.593
NC_011094.1:2824692-2828348|+ -           1219 10523at91347         -            514  1.3e-107  358.4  23.5   4   4   5.1e-43   3.1e-41  139.4   0.0   315   505   993  1190   981  1204 0.87 NC_011094.1_2671 # 2824692 # 2828348 # 1 # ID=1_2671;partial=00;start_type=ATG;rbs_motif=AGGAGG;rbs_spacer=3-4bp;gc_cont=0.593
NC_011094.1:524891-526663|+   -            591 10523at91347         -            514   1.5e-73  246.1   2.4   1   2   1.7e-19   1.1e-17   61.8   2.7    48   306    54   316    10   323 0.88 NC_011094.1_462 # 524891 # 526663 # 1 # ID=1_462;partial=00;start_type=GTG;rbs_motif=AGGA;rbs_spacer=5-10bp;gc_cont=0.561
NC_011094.1:524891-526663|+   -            591 10523at91347         -            514   1.5e-73  246.1   2.4   2   2   6.6e-56   4.1e-54  181.9   0.0   307   508   352   559   343   569 0.94 NC_011094.1_462 # 524891 # 526663 # 1 # ID=1_462;partial=00;start_type=GTG;rbs_motif=AGGA;rbs_spacer=5-10bp;gc_cont=0.561
NC_011094.1:526656-528437|+   -            594 10523at91347         -            514     2e-67  225.8  10.4   1   2   2.7e-22   1.6e-20   71.1   2.3    76   307    93   324     8   333 0.91 NC_011094.1_463 # 526656 # 528437 # 1 # ID=1_463;partial=00;start_type=ATG;rbs_motif=AGGAG;rbs_spacer=5-10bp;gc_cont=0.578
NC_011094.1:526656-528437|+   -            594 10523at91347         -            514     2e-67  225.8  10.4   2   2   3.5e-49   2.2e-47  159.7   1.2   309   513   359   575   352   576 0.90 NC_011094.1_463 # 526656 # 528437 # 1 # ID=1_463;partial=00;start_type=ATG;rbs_motif=AGGAG;rbs_spacer=5-10bp;gc_cont=0.578
NC_011094.1:1040113-1041834|- -            574 10523at91347         -            514   1.4e-50  170.3   0.2   1   2     8e-07   4.9e-05   20.0   0.4    58   291    66   301     6   330 0.65 NC_011094.1_991 # 1040113 # 1041834 # -1 # ID=1_991;partial=00;start_type=ATG;rbs_motif=AGGAG;rbs_spacer=5-10bp;gc_cont=0.572
NC_011094.1:1040113-1041834|- -            574 10523at91347         -            514   1.4e-50  170.3   0.2   2   2   1.2e-45   7.1e-44  148.1   0.0   315   504   365   557   357   569 0.95 NC_011094.1_991 # 1040113 # 1041834 # -1 # ID=1_991;partial=00;start_type=ATG;rbs_motif=AGGAG;rbs_spacer=5-10bp;gc_cont=0.572
NC_011094.1:1041835-1043601|- -            589 10523at91347         -            514   3.5e-49  165.6   0.0   1   2   2.5e-11   1.5e-09   34.9   0.4    22   252    32   267    11   328 0.84 NC_011094.1_992 # 1041835 # 1043601 # -1 # ID=1_992;partial=00;start_type=ATG;rbs_motif=None;rbs_spacer=None;gc_cont=0.565
NC_011094.1:1041835-1043601|- -            589 10523at91347         -            514   3.5e-49  165.6   0.0   2   2   1.2e-39   7.1e-38  128.3   0.0   315   504   375   568   368   574 0.94 NC_011094.1_992 # 1041835 # 1043601 # -1 # ID=1_992;partial=00;start_type=ATG;rbs_motif=None;rbs_spacer=None;gc_cont=0.565
NC_011094.1:2340621-2342210|+ -            530 10523at91347         -            514   3.7e-41  139.2   2.5   1   2   1.7e-18     1e-16   58.5   0.3   314   500    33   238    14   244 0.75 NC_011094.1_2257 # 2340621 # 2342210 # 1 # ID=1_2257;partial=00;start_type=ATG;rbs_motif=AGxAGG/AGGxGG;rbs_spacer=5-10bp;gc_cont=0.571
NC_011094.1:2340621-2342210|+ -            530 10523at91347         -            514   3.7e-41  139.2   2.5   2   2   2.2e-24   1.3e-22   78.0   0.1   307   502   302   509   289   516 0.78 NC_011094.1_2257 # 2340621 # 2342210 # 1 # ID=1_2257;partial=00;start_type=ATG;rbs_motif=AGxAGG/AGGxGG;rbs_spacer=5-10bp;gc_cont=0.571
NC_011094.1:971236-973107|+   -            624 10523at91347         -            514   3.9e-33  112.7   5.8   1   2   5.2e-15   3.2e-13   47.0   2.1   314   502    40   252    28   259 0.70 NC_011094.1_924 # 971236 # 973107 # 1 # ID=1_924;partial=00;start_type=GTG;rbs_motif=AGGAG;rbs_spacer=5-10bp;gc_cont=0.573
NC_011094.1:971236-973107|+   -            624 10523at91347         -            514   3.9e-33  112.7   5.8   2   2     8e-20   4.9e-18   62.9   0.1   307   502   340   547   332   554 0.83 NC_011094.1_924 # 971236 # 973107 # 1 # ID=1_924;partial=00;start_type=GTG;rbs_motif=AGGAG;rbs_spacer=5-10bp;gc_cont=0.573
NC_011094.1:2793125-2795305|+ -            727 10523at91347         -            514   4.8e-32  109.1   8.9   1   2      0.11       6.9    3.0   7.7    57   306   215   462   170   469 0.70 NC_011094.1_2645 # 2793125 # 2795305 # 1 # ID=1_2645;partial=00;start_type=ATG;rbs_motif=GGAG/GAGG;rbs_spacer=5-10bp;gc_cont=0.566
NC_011094.1:2793125-2795305|+ -            727 10523at91347         -            514   4.8e-32  109.1   8.9   2   2   1.2e-32   7.6e-31  105.1   0.0   315   501   510   701   504   714 0.91 NC_011094.1_2645 # 2793125 # 2795305 # 1 # ID=1_2645;partial=00;start_type=ATG;rbs_motif=GGAG/GAGG;rbs_spacer=5-10bp;gc_cont=0.566
NC_011094.1:3968117-3969622|+ -            502 10523at91347         -            514   4.5e-29   99.3   0.2   1   2   1.8e-18   1.1e-16   58.4   0.0   313   499    27   221    21   230 0.80 NC_011094.1_3745 # 3968117 # 3969622 # 1 # ID=1_3745;partial=00;start_type=ATG;rbs_motif=GGAG/GAGG;rbs_spacer=5-10bp;gc_cont=0.530
NC_011094.1:3968117-3969622|+ -            502 10523at91347         -            514   4.5e-29   99.3   0.2   2   2   1.6e-12     1e-10   38.8   0.0   316   497   278   473   267   484 0.63 NC_011094.1_3745 # 3968117 # 3969622 # 1 # ID=1_3745;partial=00;start_type=ATG;rbs_motif=GGAG/GAGG;rbs_spacer=5-10bp;gc_cont=0.530
NC_011094.1:4389753-4391819|+ -            689 10523at91347         -            514     1e-26   91.5   8.4   1   2      0.05         3    4.2  10.6   136   274   276   416   264   449 0.82 NC_011094.1_4120 # 4389753 # 4391819 # 1 # ID=1_4120;partial=00;start_type=ATG;rbs_motif=GGAG/GAGG;rbs_spacer=5-10bp;gc_cont=0.356
NC_011094.1:4389753-4391819|+ -            689 10523at91347         -            514     1e-26   91.5   8.4   2   2   8.9e-26   5.5e-24   82.5   0.0   315   499   492   679   481   683 0.92 NC_011094.1_4120 # 4389753 # 4391819 # 1 # ID=1_4120;partial=00;start_type=ATG;rbs_motif=GGAG/GAGG;rbs_spacer=5-10bp;gc_cont=0.356
NC_011094.1:2863278-2864480|+ -            401 10523at91347         -            514     5e-25   85.9   0.4   1   1   1.1e-26     7e-25   85.5   0.4   315   502    53   248    37   252 0.88 NC_011094.1_2708 # 2863278 # 2864480 # 1 # ID=1_2708;partial=00;start_type=ATG;rbs_motif=4Base/6BMM;rbs_spacer=13-15bp;gc_cont=0.501
NC_011094.1:791490-792215|-   -            242 10523at91347         -            514   1.1e-24   84.8   0.0   1   1   2.3e-26   1.4e-24   84.5   0.0   313   500    24   217    13   225 0.87 NC_011094.1_761 # 791490 # 792215 # -1 # ID=1_761;partial=00;start_type=ATG;rbs_motif=AGGA;rbs_spacer=5-10bp;gc_cont=0.529
NC_011094.1:2305430-2306950|- -            507 10523at91347         -            514     3e-24   83.4   0.4   1   2   1.7e-15   1.1e-13   48.6   0.0   308   498    30   228    17   235 0.78 NC_011094.1_2227 # 2305430 # 2306950 # -1 # ID=1_2227;partial=00;start_type=ATG;rbs_motif=GGA/GAG/AGG;rbs_spacer=5-10bp;gc_cont=0.465
NC_011094.1:2305430-2306950|- -            507 10523at91347         -            514     3e-24   83.4   0.4   2   2     1e-10   6.2e-09   32.9   0.1   310   497   282   484   276   495 0.70 NC_011094.1_2227 # 2305430 # 2306950 # -1 # ID=1_2227;partial=00;start_type=ATG;rbs_motif=GGA/GAG/AGG;rbs_spacer=5-10bp;gc_cont=0.465
NC_011094.1:1030127-1032073|+ -            649 10523at91347         -            514   5.7e-24   82.5   0.3   1   2   7.7e-25   4.7e-23   79.4   0.0   313   499    31   223    10   228 0.89 NC_011094.1_982 # 1030127 # 1032073 # 1 # ID=1_982;partial=00;start_type=ATG;rbs_motif=AGGAG;rbs_spacer=5-10bp;gc_cont=0.543
NC_011094.1:1030127-1032073|+ -            649 10523at91347         -            514   5.7e-24   82.5   0.3   2   2      0.65        40    0.5   0.2   201   249   533   581   506   595 0.84 NC_011094.1_982 # 1030127 # 1032073 # 1 # ID=1_982;partial=00;start_type=ATG;rbs_motif=AGGAG;rbs_spacer=5-10bp;gc_cont=0.543
NC_011094.1:580217-581233|+   -            339 10523at91347         -            514   8.5e-24   81.9   0.2   1   1   1.9e-25   1.2e-23   81.4   0.2   314   502    30   225    21   235 0.84 NC_011094.1_514 # 580217 # 581233 # 1 # ID=1_514;partial=00;start_type=ATG;rbs_motif=GGAG/GAGG;rbs_spacer=5-10bp;gc_cont=0.561
NC_011094.1:3636926-3639667|- -            914 10523at91347         -            514   1.3e-23   81.3   0.0   1   2   5.4e-12   3.3e-10   37.0   0.0   308   502    29   231    19   241 0.81 NC_011094.1_3451 # 3636926 # 3639667 # -1 # ID=1_3451;partial=00;start_type=ATG;rbs_motif=GGAG/GAGG;rbs_spacer=5-10bp;gc_cont=0.578
NC_011094.1:3636926-3639667|- -            914 10523at91347         -            514   1.3e-23   81.3   0.0   2   2   2.3e-13   1.4e-11   41.6   0.0   307   502   292   490   284   497 0.84 NC_011094.1_3451 # 3636926 # 3639667 # -1 # ID=1_3451;partial=00;start_type=ATG;rbs_motif=GGAG/GAGG;rbs_spacer=5-10bp;gc_cont=0.578
NC_011094.1:3694302-3695315|- -            338 10523at91347         -            514   1.5e-23   81.1   0.0   1   1   3.8e-25   2.3e-23   80.5   0.0   292   503    25   246     6   252 0.80 NC_011094.1_3492 # 3694302 # 3695315 # -1 # ID=1_3492;partial=00;start_type=ATG;rbs_motif=GGAGG;rbs_spacer=5-10bp;gc_cont=0.573
NC_011094.1:4160549-4162084|+ -            512 10523at91347         -            514   2.8e-23   80.2   0.0   1   2   1.7e-14     1e-12   45.3   0.0   310   501    30   222    18   229 0.77 NC_011094.1_3918 # 4160549 # 4162084 # 1 # ID=1_3918;partial=00;start_type=ATG;rbs_motif=GGAGG;rbs_spacer=3-4bp;gc_cont=0.514
NC_011094.1:4160549-4162084|+ -            512 10523at91347         -            514   2.8e-23   80.2   0.0   2   2   1.6e-10     1e-08   32.2   0.1   315   497   288   481   279   488 0.78 NC_011094.1_3918 # 4160549 # 4162084 # 1 # ID=1_3918;partial=00;start_type=ATG;rbs_motif=GGAGG;rbs_spacer=3-4bp;gc_cont=0.514
NC_011094.1:950053-950775|-   -            241 10523at91347         -            514   3.2e-23   80.0   0.0   1   1   6.9e-25   4.2e-23   79.6   0.0   315   502    26   219    15   224 0.84 NC_011094.1_905 # 950053 # 950775 # -1 # ID=1_905;partial=00;start_type=GTG;rbs_motif=AGGA;rbs_spacer=5-10bp;gc_cont=0.526
NC_011094.1:1276675-1277811|- -            379 10523at91347         -            514   4.1e-23   79.7   0.0   1   1   8.9e-25   5.5e-23   79.2   0.0   315   502    42   231    31   242 0.86 NC_011094.1_1207 # 1276675 # 1277811 # -1 # ID=1_1207;partial=00;start_type=ATG;rbs_motif=None;rbs_spacer=None;gc_cont=0.499
NC_011094.1:1014169-1014897|- -            243 10523at91347         -            514   4.3e-23   79.6   0.0   1   1   8.7e-25   5.3e-23   79.3   0.0   315   508    27   230    14   236 0.84 NC_011094.1_968 # 1014169 # 1014897 # -1 # ID=1_968;partial=00;start_type=ATG;rbs_motif=GGA/GAG/AGG;rbs_spacer=5-10bp;gc_cont=0.535
NC_011094.1:289442-290473|-   -            344 10523at91347         -            514   4.5e-23   79.5   0.1   1   1   9.4e-25   5.8e-23   79.1   0.1   284   502     4   224     1   231 0.82 NC_011094.1_245 # 289442 # 290473 # -1 # ID=1_245;partial=00;start_type=ATG;rbs_motif=None;rbs_spacer=None;gc_cont=0.524
NC_011094.1:937272-939008|-   -            579 10523at91347         -            514     9e-23   78.5   0.0   1   2   1.6e-09   9.9e-08   28.9   0.0   314   505    31   223    15   229 0.84 NC_011094.1_895 # 937272 # 939008 # -1 # ID=1_895;partial=00;start_type=ATG;rbs_motif=GGAG/GAGG;rbs_spacer=5-10bp;gc_cont=0.560
NC_011094.1:937272-939008|-   -            579 10523at91347         -            514     9e-23   78.5   0.0   2   2   3.9e-15   2.4e-13   47.4   0.0   307   502   345   542   295   550 0.89 NC_011094.1_895 # 937272 # 939008 # -1 # ID=1_895;partial=00;start_type=ATG;rbs_motif=GGAG/GAGG;rbs_spacer=5-10bp;gc_cont=0.560
NC_011094.1:2018462-2019214|- -            251 10523at91347         -            514   2.5e-22   77.0   0.0   1   1   5.3e-24   3.2e-22   76.7   0.0   315   502    28   227    15   234 0.81 NC_011094.1_1935 # 2018462 # 2019214 # -1 # ID=1_1935;partial=00;start_type=ATG;rbs_motif=AGGAG/GGAGG;rbs_spacer=11-12bp;gc_cont=0.550
NC_011094.1:2554881-2555975|- -            365 10523at91347         -            514     1e-21   75.0   0.0   1   1   2.3e-23   1.4e-21   74.6   0.0   315   497    27   215    18   221 0.86 NC_011094.1_2457 # 2554881 # 2555975 # -1 # ID=1_2457;partial=00;start_type=ATG;rbs_motif=AGGAG;rbs_spacer=5-10bp;gc_cont=0.585
NC_011094.1:123352-124059|-   -            236 10523at91347         -            514   1.4e-21   74.6   0.0   1   1   2.9e-23   1.8e-21   74.2   0.0   315   502    24   213     8   218 0.85 NC_011094.1_103 # 123352 # 124059 # -1 # ID=1_103;partial=00;start_type=ATG;rbs_motif=None;rbs_spacer=None;gc_cont=0.578
NC_011094.1:2278428-2279375|- -            316 10523at91347         -            514   2.1e-21   74.0   0.0   1   1   5.4e-23   3.3e-21   73.4   0.0   315   502    26   218    14   221 0.86 NC_011094.1_2202 # 2278428 # 2279375 # -1 # ID=1_2202;partial=00;start_type=ATG;rbs_motif=GGAG/GAGG;rbs_spacer=5-10bp;gc_cont=0.580
NC_011094.1:3936750-3937523|- -            258 10523at91347         -            514   3.8e-21   73.2   0.0   1   1   7.9e-23   4.8e-21   72.8   0.0   315   499    35   232    22   240 0.78 NC_011094.1_3717 # 3936750 # 3937523 # -1 # ID=1_3717;partial=00;start_type=ATG;rbs_motif=AGGA;rbs_spacer=5-10bp;gc_cont=0.521
NC_011094.1:1002714-1003847|+ -            378 10523at91347         -            514   4.8e-21   72.8   0.0   1   1   1.1e-22   6.7e-21   72.3   0.0   313   502    42   233    31   240 0.85 NC_011094.1_956 # 1002714 # 1003847 # 1 # ID=1_956;partial=00;start_type=GTG;rbs_motif=GGAG/GAGG;rbs_spacer=5-10bp;gc_cont=0.543
NC_011094.1:570724-571401|+   -            226 10523at91347         -            514   7.4e-21   72.2   0.0   1   1   1.5e-22   9.3e-21   71.9   0.0   308   492    24   210    17   220 0.84 NC_011094.1_504 # 570724 # 571401 # 1 # ID=1_504;partial=00;start_type=ATG;rbs_motif=GGA/GAG/AGG;rbs_spacer=5-10bp;gc_cont=0.475
NC_011094.1:1535985-1537133|- -            383 10523at91347         -            514   1.1e-20   71.6   0.0   1   1   2.5e-22   1.5e-20   71.2   0.0   309   499    24   221    13   226 0.89 NC_011094.1_1469 # 1535985 # 1537133 # -1 # ID=1_1469;partial=00;start_type=ATG;rbs_motif=GGA/GAG/AGG;rbs_spacer=5-10bp;gc_cont=0.529
NC_011094.1:492562-493671|-   -            370 10523at91347         -            514   1.8e-20   71.0   0.0   1   1   3.9e-22   2.4e-20   70.5   0.0   316   504    44   235    34   241 0.85 NC_011094.1_432 # 492562 # 493671 # -1 # ID=1_432;partial=00;start_type=ATG;rbs_motif=GGA/GAG/AGG;rbs_spacer=5-10bp;gc_cont=0.584
NC_011094.1:2465230-2466003|- -            258 10523at91347         -            514   1.8e-19   67.6   0.0   1   1   5.7e-21   3.5e-19   66.7   0.0   315   502    30   235    21   241 0.82 NC_011094.1_2373 # 2465230 # 2466003 # -1 # ID=1_2373;partial=00;start_type=ATG;rbs_motif=GGA/GAG/AGG;rbs_spacer=5-10bp;gc_cont=0.528
NC_011094.1:1110893-1112800|+ -            636 10523at91347         -            514   2.9e-19   66.9   0.0   1   2   6.9e-11   4.2e-09   33.4   0.0   315   500    28   234    16   244 0.75 NC_011094.1_1041 # 1110893 # 1112800 # 1 # ID=1_1041;partial=00;start_type=ATG;rbs_motif=AGGA;rbs_spacer=5-10bp;gc_cont=0.527
NC_011094.1:1110893-1112800|+ -            636 10523at91347         -            514   2.9e-19   66.9   0.0   2   2   8.3e-09   5.1e-07   26.5   0.0   315   495   344   513   334   532 0.74 NC_011094.1_1041 # 1110893 # 1112800 # 1 # ID=1_1041;partial=00;start_type=ATG;rbs_motif=AGGA;rbs_spacer=5-10bp;gc_cont=0.527
NC_011094.1:1268516-1269217|+ -            234 10523at91347         -            514   1.6e-18   64.5   0.0   1   1   3.2e-20     2e-18   64.2   0.0   308   497    26   223     5   228 0.85 NC_011094.1_1199 # 1268516 # 1269217 # 1 # ID=1_1199;partial=00;start_type=ATG;rbs_motif=GGAG/GAGG;rbs_spacer=5-10bp;gc_cont=0.548
NC_011094.1:891626-892402|+   -            259 10523at91347         -            514   3.3e-18   63.4   0.0   1   1   8.5e-20   5.2e-18   62.8   0.0   309   502    23   220     6   230 0.80 NC_011094.1_851 # 891626 # 892402 # 1 # ID=1_851;partial=00;start_type=ATG;rbs_motif=GGAG/GAGG;rbs_spacer=5-10bp;gc_cont=0.568
NC_011094.1:1813010-1814014|- -            335 10523at91347         -            514   5.8e-18   62.6   0.0   1   1   2.1e-19   1.3e-17   61.5   0.0   310   504    43   250    35   258 0.77 NC_011094.1_1733 # 1813010 # 1814014 # -1 # ID=1_1733;partial=00;start_type=ATG;rbs_motif=GGAGG;rbs_spacer=5-10bp;gc_cont=0.543
NC_011094.1:4301389-4302498|+ -            370 10523at91347         -            514   9.5e-18   61.9   0.0   1   1   2.2e-19   1.4e-17   61.4   0.0   314   502    27   217    14   223 0.86 NC_011094.1_4030 # 4301389 # 4302498 # 1 # ID=1_4030;partial=00;start_type=ATG;rbs_motif=GGAG/GAGG;rbs_spacer=5-10bp;gc_cont=0.574
NC_011094.1:724110-724904|-   -            265 10523at91347         -            514   1.2e-17   61.6   0.0   1   1   2.6e-19   1.6e-17   61.2   0.0   315   502    32   227    20   237 0.82 NC_011094.1_695 # 724110 # 724904 # -1 # ID=1_695;partial=00;start_type=ATG;rbs_motif=AGGAG/GGAGG;rbs_spacer=11-12bp;gc_cont=0.564
NC_011094.1:3622031-3622699|- -            223 10523at91347         -            514   1.5e-17   61.2   0.0   1   1   3.4e-19   2.1e-17   60.8   0.0   309   497    20   215    16   218 0.79 NC_011094.1_3435 # 3622031 # 3622699 # -1 # ID=1_3435;partial=00;start_type=ATG;rbs_motif=GGAG/GAGG;rbs_spacer=5-10bp;gc_cont=0.567
NC_011094.1:3607445-3608515|- -            357 10523at91347         -            514   1.8e-17   61.0   0.0   1   1   3.9e-19   2.4e-17   60.6   0.0   315   499    29   215    21   225 0.86 NC_011094.1_3421 # 3607445 # 3608515 # -1 # ID=1_3421;partial=00;start_type=ATG;rbs_motif=GGA/GAG/AGG;rbs_spacer=5-10bp;gc_cont=0.585
NC_011094.1:201077-202003|+   -            309 10523at91347         -            514   2.6e-17   60.5   0.0   1   1   5.9e-19   3.6e-17   60.0   0.0   315   501    30   218    24   229 0.86 NC_011094.1_168 # 201077 # 202003 # 1 # ID=1_168;partial=00;start_type=ATG;rbs_motif=GGA/GAG/AGG;rbs_spacer=5-10bp;gc_cont=0.501
NC_011094.1:1765547-1766353|+ -            269 10523at91347         -            514   3.9e-17   59.9   0.1   1   1   3.1e-18   1.9e-16   57.6   0.1   311   503    34   235    22   246 0.79 NC_011094.1_1685 # 1765547 # 1766353 # 1 # ID=1_1685;partial=00;start_type=ATG;rbs_motif=GGAG/GAGG;rbs_spacer=5-10bp;gc_cont=0.539
NC_011094.1:1696071-1696802|+ -            244 10523at91347         -            514   8.6e-17   58.8   0.0   1   1   1.8e-18   1.1e-16   58.4   0.0   315   502    28   221    16   227 0.81 NC_011094.1_1619 # 1696071 # 1696802 # 1 # ID=1_1619;partial=00;start_type=ATG;rbs_motif=GGAG/GAGG;rbs_spacer=5-10bp;gc_cont=0.437
NC_011094.1:1814011-1815018|- -            336 10523at91347         -            514   1.9e-15   54.4   0.1   1   1   1.3e-16   7.9e-15   52.3   0.1   308   502    38   250    33   260 0.69 NC_011094.1_1734 # 1814011 # 1815018 # -1 # ID=1_1734;partial=00;start_type=ATG;rbs_motif=AGGAG;rbs_spacer=5-10bp;gc_cont=0.527
NC_011094.1:2914479-2915300|+ -            274 10523at91347         -            514   3.7e-15   53.4   0.1   1   1   3.1e-16   1.9e-14   51.0   0.1   309   501    24   222    19   232 0.74 NC_011094.1_2757 # 2914479 # 2915300 # 1 # ID=1_2757;partial=00;start_type=ATG;rbs_motif=AGGAG;rbs_spacer=5-10bp;gc_cont=0.544
NC_011094.1:3695312-3696295|- -            328 10523at91347         -            514   3.8e-15   53.4   0.5   1   1   1.1e-16   6.5e-15   52.6   0.5   314   502    31   237    18   243 0.70 NC_011094.1_3493 # 3695312 # 3696295 # -1 # ID=1_3493;partial=00;start_type=ATG;rbs_motif=GGAG/GAGG;rbs_spacer=5-10bp;gc_cont=0.567
NC_011094.1:2080728-2081543|- -            272 10523at91347         -            514   8.4e-15   52.2   0.0   1   1   1.8e-16   1.1e-14   51.8   0.0   318   504    29   221    16   231 0.79 NC_011094.1_1999 # 2080728 # 2081543 # -1 # ID=1_1999;partial=00;start_type=ATG;rbs_motif=AGGA;rbs_spacer=5-10bp;gc_cont=0.528
NC_011094.1:232609-233406|+   -            266 10523at91347         -            514   8.6e-15   52.2   0.0   1   1   1.3e-15   7.8e-14   49.0   0.0   315   502    36   231    25   239 0.76 NC_011094.1_195 # 232609 # 233406 # 1 # ID=1_195;partial=00;start_type=ATG;rbs_motif=None;rbs_spacer=None;gc_cont=0.594
NC_011094.1:3507746-3509653|+ -            636 10523at91347         -            514   2.8e-14   50.5   0.0   1   4    0.0016     0.097    9.1   0.0   305   337    17    48     9    61 0.81 NC_011094.1_3337 # 3507746 # 3509653 # 1 # ID=1_3337;partial=00;start_type=ATG;rbs_motif=None;rbs_spacer=None;gc_cont=0.575
NC_011094.1:3507746-3509653|+ -            636 10523at91347         -            514   2.8e-14   50.5   0.0   2   4   2.2e-05    0.0014   15.2   0.0   422   500   150   227   146   238 0.84 NC_011094.1_3337 # 3507746 # 3509653 # 1 # ID=1_3337;partial=00;start_type=ATG;rbs_motif=None;rbs_spacer=None;gc_cont=0.575
NC_011094.1:3507746-3509653|+ -            636 10523at91347         -            514   2.8e-14   50.5   0.0   3   4    0.0028      0.17    8.3   0.0   315   346   337   369   326   386 0.77 NC_011094.1_3337 # 3507746 # 3509653 # 1 # ID=1_3337;partial=00;start_type=ATG;rbs_motif=None;rbs_spacer=None;gc_cont=0.575
NC_011094.1:3507746-3509653|+ -            636 10523at91347         -            514   2.8e-14   50.5   0.0   4   4   0.00018     0.011   12.3   0.0   417   495   426   503   418   517 0.82 NC_011094.1_3337 # 3507746 # 3509653 # 1 # ID=1_3337;partial=00;start_type=ATG;rbs_motif=None;rbs_spacer=None;gc_cont=0.575
NC_011094.1:4688801-4690468|- -            556 10523at91347         -            514     6e-14   49.4   0.0   1   4      0.19        12    2.2   0.0   313   344    29    61    20    64 0.76 NC_011094.1_4405 # 4688801 # 4690468 # -1 # ID=1_4405;partial=00;start_type=GTG;rbs_motif=AGGA/GGAG/GAGG;rbs_spacer=11-12bp;gc_cont=0.576
NC_011094.1:4688801-4690468|- -            556 10523at91347         -            514     6e-14   49.4   0.0   2   4   1.8e-07   1.1e-05   22.2   0.0   422   477   163   216   158   244 0.84 NC_011094.1_4405 # 4688801 # 4690468 # -1 # ID=1_4405;partial=00;start_type=GTG;rbs_motif=AGGA/GGAG/GAGG;rbs_spacer=11-12bp;gc_cont=0.576
NC_011094.1:4688801-4690468|- -            556 10523at91347         -            514     6e-14   49.4   0.0   3   4      0.16       9.8    2.5   0.0   315   337   348   370   337   399 0.79 NC_011094.1_4405 # 4688801 # 4690468 # -1 # ID=1_4405;partial=00;start_type=GTG;rbs_motif=AGGA/GGAG/GAGG;rbs_spacer=11-12bp;gc_cont=0.576
NC_011094.1:4688801-4690468|- -            556 10523at91347         -            514     6e-14   49.4   0.0   4   4   6.5e-06    0.0004   17.0   0.0   422   479   445   500   432   535 0.82 NC_011094.1_4405 # 4688801 # 4690468 # -1 # ID=1_4405;partial=00;start_type=GTG;rbs_motif=AGGA/GGAG/GAGG;rbs_spacer=11-12bp;gc_cont=0.576
NC_011094.1:3613324-3614091|- -            256 10523at91347         -            514   1.1e-13   48.5   0.0   1   1   1.1e-14   6.8e-13   45.9   0.0   305   501    19   236    13   240 0.72 NC_011094.1_3427 # 3613324 # 3614091 # -1 # ID=1_3427;partial=00;start_type=ATG;rbs_motif=AGGAG;rbs_spacer=5-10bp;gc_cont=0.577
NC_011094.1:2366540-2368183|- -            548 10523at91347         -            514   1.1e-13   48.5   3.3   1   2     0.038       2.3    4.6   4.7    14   202    13   201     5   247 0.71 NC_011094.1_2286 # 2366540 # 2368183 # -1 # ID=1_2286;partial=00;start_type=ATG;rbs_motif=None;rbs_spacer=None;gc_cont=0.546
NC_011094.1:2366540-2368183|- -            548 10523at91347         -            514   1.1e-13   48.5   3.3   2   2   1.9e-12   1.2e-10   38.6   0.0   314   499   347   529   337   534 0.79 NC_011094.1_2286 # 2366540 # 2368183 # -1 # ID=1_2286;partial=00;start_type=ATG;rbs_motif=None;rbs_spacer=None;gc_cont=0.546
NC_011094.1:574677-575363|+   -            229 10523at91347         -            514   1.7e-13   47.9   0.0   1   1   4.7e-15   2.9e-13   47.2   0.0   314   499    34   226    23   228 0.79 NC_011094.1_509 # 574677 # 575363 # 1 # ID=1_509;partial=00;start_type=ATG;rbs_motif=AGGA;rbs_spacer=5-10bp;gc_cont=0.588
NC_011094.1:903270-904328|+   -            353 10523at91347         -            514   2.2e-13   47.5   0.0   1   1   5.4e-15   3.3e-13   46.9   0.0   318   498    26   208     8   214 0.82 NC_011094.1_863 # 903270 # 904328 # 1 # ID=1_863;partial=00;start_type=ATG;rbs_motif=3Base/5BMM;rbs_spacer=13-15bp;gc_cont=0.559
NC_011094.1:960350-961945|+   -            532 10523at91347         -            514   3.7e-13   46.8   0.0   1   4     0.075       4.6    3.6   0.0   315   337    26    48    16    77 0.74 NC_011094.1_916 # 960350 # 961945 # 1 # ID=1_916;partial=00;start_type=GTG;rbs_motif=AGGA;rbs_spacer=5-10bp;gc_cont=0.528
NC_011094.1:960350-961945|+   -            532 10523at91347         -            514   3.7e-13   46.8   0.0   2   4   5.7e-06   0.00035   17.2   0.0   424   478   158   210   149   219 0.91 NC_011094.1_916 # 960350 # 961945 # 1 # ID=1_916;partial=00;start_type=GTG;rbs_motif=AGGA;rbs_spacer=5-10bp;gc_cont=0.528
NC_011094.1:960350-961945|+   -            532 10523at91347         -            514   3.7e-13   46.8   0.0   3   4      0.37        23    1.3   0.0   315   337   344   366   334   381 0.79 NC_011094.1_916 # 960350 # 961945 # 1 # ID=1_916;partial=00;start_type=GTG;rbs_motif=AGGA;rbs_spacer=5-10bp;gc_cont=0.528
NC_011094.1:960350-961945|+   -            532 10523at91347         -            514   3.7e-13   46.8   0.0   4   4   1.6e-06   9.6e-05   19.0   0.0   420   478   437   493   430   525 0.81 NC_011094.1_916 # 960350 # 961945 # 1 # ID=1_916;partial=00;start_type=GTG;rbs_motif=AGGA;rbs_spacer=5-10bp;gc_cont=0.528
NC_011094.1:3612609-3613322|- -            238 10523at91347         -            514   6.4e-13   46.0   0.0   1   1   1.4e-14   8.5e-13   45.6   0.0   313   498    28   216    13   224 0.79 NC_011094.1_3426 # 3612609 # 3613322 # -1 # ID=1_3426;partial=00;start_type=ATG;rbs_motif=GGAG/GAGG;rbs_spacer=5-10bp;gc_cont=0.592
NC_011094.1:3382769-3383494|+ -            242 10523at91347         -            514   1.5e-12   44.8   0.0   1   1   3.1e-14   1.9e-12   44.4   0.0   309   502    21   220    17   230 0.83 NC_011094.1_3201 # 3382769 # 3383494 # 1 # ID=1_3201;partial=00;start_type=ATG;rbs_motif=3Base/5BMM;rbs_spacer=13-15bp;gc_cont=0.548
NC_011094.1:3378078-3378890|- -            271 10523at91347         -            514   4.5e-12   43.2   0.0   1   1   9.4e-14   5.7e-12   42.9   0.0   314   503    32   229    17   235 0.86 NC_011094.1_3195 # 3378078 # 3378890 # -1 # ID=1_3195;partial=00;start_type=ATG;rbs_motif=AGGA;rbs_spacer=5-10bp;gc_cont=0.579
NC_011094.1:3137457-3138134|+ -            226 10523at91347         -            514     1e-11   42.0   0.0   1   1   3.1e-13   1.9e-11   41.2   0.0   312   477    23   198    19   220 0.82 NC_011094.1_2965 # 3137457 # 3138134 # 1 # ID=1_2965;partial=00;start_type=ATG;rbs_motif=GGAG/GAGG;rbs_spacer=5-10bp;gc_cont=0.562
NC_011094.1:1966001-1966756|+ -            252 10523at91347         -            514   2.5e-11   40.8   0.1   1   2     0.056       3.5    4.0   0.0   315   336    29    50    19    68 0.86 NC_011094.1_1881 # 1966001 # 1966756 # 1 # ID=1_1881;partial=00;start_type=ATG;rbs_motif=None;rbs_spacer=None;gc_cont=0.537
NC_011094.1:1966001-1966756|+ -            252 10523at91347         -            514   2.5e-11   40.8   0.1   2   2   2.5e-11   1.5e-09   34.9   0.0   422   494   121   196   108   207 0.88 NC_011094.1_1881 # 1966001 # 1966756 # 1 # ID=1_1881;partial=00;start_type=ATG;rbs_motif=None;rbs_spacer=None;gc_cont=0.537
NC_011094.1:4363768-4366593|- -            942 10523at91347         -            514   3.5e-11   40.3   2.7   1   4         4   2.5e+02   -2.1   0.0   316   333    24    41    13    44 0.80 NC_011094.1_4112 # 4363768 # 4366593 # -1 # ID=1_4112;partial=00;start_type=ATG;rbs_motif=GGA/GAG/AGG;rbs_spacer=5-10bp;gc_cont=0.571
NC_011094.1:4363768-4366593|- -            942 10523at91347         -            514   3.5e-11   40.3   2.7   2   4    0.0028      0.17    8.3   0.1   418   501   483   569   453   577 0.80 NC_011094.1_4112 # 4363768 # 4366593 # -1 # ID=1_4112;partial=00;start_type=ATG;rbs_motif=GGA/GAG/AGG;rbs_spacer=5-10bp;gc_cont=0.571
NC_011094.1:4363768-4366593|- -            942 10523at91347         -            514   3.5e-11   40.3   2.7   3   4      0.79        49    0.2   0.0   316   334   633   651   622   658 0.75 NC_011094.1_4112 # 4363768 # 4366593 # -1 # ID=1_4112;partial=00;start_type=ATG;rbs_motif=GGA/GAG/AGG;rbs_spacer=5-10bp;gc_cont=0.571
NC_011094.1:4363768-4366593|- -            942 10523at91347         -            514   3.5e-11   40.3   2.7   4   4   1.5e-09   9.1e-08   29.0   0.0   399   490   806   902   790   910 0.84 NC_011094.1_4112 # 4363768 # 4366593 # -1 # ID=1_4112;partial=00;start_type=ATG;rbs_motif=GGA/GAG/AGG;rbs_spacer=5-10bp;gc_cont=0.571
NC_011094.1:1309192-1309989|+ -            266 10523at91347         -            514   8.5e-11   39.0   0.0   1   1   1.9e-12   1.2e-10   38.5   0.0   308   499    27   226    25   231 0.79 NC_011094.1_1240 # 1309192 # 1309989 # 1 # ID=1_1240;partial=00;start_type=ATG;rbs_motif=AGGAG;rbs_spacer=5-10bp;gc_cont=0.545
NC_011094.1:899029-900504|-   -            492 10523at91347         -            514     1e-10   38.8   0.0   1   3      0.12       7.3    2.9   0.0   314   336    27    49     4    57 0.81 NC_011094.1_858 # 899029 # 900504 # -1 # ID=1_858;partial=00;start_type=ATG;rbs_motif=GGA/GAG/AGG;rbs_spacer=5-10bp;gc_cont=0.546
NC_011094.1:899029-900504|-   -            492 10523at91347         -            514     1e-10   38.8   0.0   2   3   0.00065      0.04   10.4   0.0   410   483   124   198   108   224 0.80 NC_011094.1_858 # 899029 # 900504 # -1 # ID=1_858;partial=00;start_type=ATG;rbs_motif=GGA/GAG/AGG;rbs_spacer=5-10bp;gc_cont=0.546
NC_011094.1:899029-900504|-   -            492 10523at91347         -            514     1e-10   38.8   0.0   3   3   2.8e-07   1.7e-05   21.5   0.0   317   478   287   460   280   465 0.75 NC_011094.1_858 # 899029 # 900504 # -1 # ID=1_858;partial=00;start_type=ATG;rbs_motif=GGA/GAG/AGG;rbs_spacer=5-10bp;gc_cont=0.546
NC_011094.1:1764553-1765545|+ -            331 10523at91347         -            514   3.7e-10   36.9   0.0   1   2     0.001     0.063    9.7   0.0   314   372    31    92    18    98 0.68 NC_011094.1_1684 # 1764553 # 1765545 # 1 # ID=1_1684;partial=00;start_type=ATG;rbs_motif=GGxGG;rbs_spacer=5-10bp;gc_cont=0.528
NC_011094.1:1764553-1765545|+ -            331 10523at91347         -            514   3.7e-10   36.9   0.0   2   2   2.3e-08   1.4e-06   25.1   0.0   422   500   159   240   156   245 0.91 NC_011094.1_1684 # 1764553 # 1765545 # 1 # ID=1_1684;partial=00;start_type=ATG;rbs_motif=GGxGG;rbs_spacer=5-10bp;gc_cont=0.528
NC_011094.1:1418165-1418911|+ -            249 10523at91347         -            514   3.8e-10   36.9   0.0   1   1   1.7e-11   1.1e-09   35.4   0.0   316   510    27   237    20   241 0.75 NC_011094.1_1350 # 1418165 # 1418911 # 1 # ID=1_1350;partial=00;start_type=ATG;rbs_motif=AGGA;rbs_spacer=5-10bp;gc_cont=0.529
NC_011094.1:1309983-1310573|+ -            197 10523at91347         -            514   1.7e-08   31.4   0.0   1   2    0.0057      0.35    7.3   0.0   308   353    18    65     3    77 0.86 NC_011094.1_1241 # 1309983 # 1310573 # 1 # ID=1_1241;partial=00;start_type=ATG;rbs_motif=GGAG/GAGG;rbs_spacer=5-10bp;gc_cont=0.569
NC_011094.1:1309983-1310573|+ -            197 10523at91347         -            514   1.7e-08   31.4   0.0   2   2   1.7e-07   1.1e-05   22.2   0.1   421   483   121   185   115   191 0.89 NC_011094.1_1241 # 1309983 # 1310573 # 1 # ID=1_1241;partial=00;start_type=ATG;rbs_motif=GGAG/GAGG;rbs_spacer=5-10bp;gc_cont=0.569
NC_011094.1:1385162-1385911|+ -            250 10523at91347         -            514     1e-06   25.6   0.0   1   1   5.9e-08   3.7e-06   23.7   0.0   315   502    25   216    21   220 0.79 NC_011094.1_1322 # 1385162 # 1385911 # 1 # ID=1_1322;partial=00;start_type=ATG;rbs_motif=None;rbs_spacer=None;gc_cont=0.563
NC_011094.1:3138128-3138817|+ -            230 10523at91347         -            514   2.1e-06   24.5   0.0   1   1   4.2e-08   2.6e-06   24.2   0.0   315   498    28   215    18   220 0.79 NC_011094.1_2966 # 3138128 # 3138817 # 1 # ID=1_2966;partial=00;start_type=ATG;rbs_motif=4Base/6BMM;rbs_spacer=13-15bp;gc_cont=0.586
NC_011094.1:3899763-3900389|- -            209 10523at91347         -            514   1.6e-05   21.6   0.0   1   2     0.021       1.3    5.4   0.0   314   354    28    69    16    82 0.77 NC_011094.1_3687 # 3899763 # 3900389 # -1 # ID=1_3687;partial=00;start_type=ATG;rbs_motif=None;rbs_spacer=None;gc_cont=0.718
NC_011094.1:3899763-3900389|- -            209 10523at91347         -            514   1.6e-05   21.6   0.0   2   2   4.1e-05    0.0025   14.3   0.0   422   460   129   167   117   187 0.86 NC_011094.1_3687 # 3899763 # 3900389 # -1 # ID=1_3687;partial=00;start_type=ATG;rbs_motif=None;rbs_spacer=None;gc_cont=0.718
NC_011094.1:2358823-2359440|- -            206 10523at91347         -            514   1.8e-05   21.4   0.0   1   2     0.024       1.5    5.2   0.0   315   355    26    67    15    80 0.78 NC_011094.1_2276 # 2358823 # 2359440 # -1 # ID=1_2276;partial=00;start_type=ATG;rbs_motif=GGA/GAG/AGG;rbs_spacer=5-10bp;gc_cont=0.722
NC_011094.1:2358823-2359440|- -            206 10523at91347         -            514   1.8e-05   21.4   0.0   2   2     4e-05    0.0025   14.4   0.0   422   460   126   164   114   184 0.86 NC_011094.1_2276 # 2358823 # 2359440 # -1 # ID=1_2276;partial=00;start_type=ATG;rbs_motif=GGA/GAG/AGG;rbs_spacer=5-10bp;gc_cont=0.722
NC_011094.1:853910-854620|+   -            237 10523at91347         -            514   0.00022   17.8   0.0   1   2   0.00058     0.036   10.5   0.1   307   340    48    82    29    89 0.83 NC_011094.1_817 # 853910 # 854620 # 1 # ID=1_817;partial=00;start_type=ATG;rbs_motif=None;rbs_spacer=None;gc_cont=0.395
NC_011094.1:853910-854620|+   -            237 10523at91347         -            514   0.00022   17.8   0.0   2   2     0.022       1.3    5.4   0.0   436   501   167   234   151   236 0.82 NC_011094.1_817 # 853910 # 854620 # 1 # ID=1_817;partial=00;start_type=ATG;rbs_motif=None;rbs_spacer=None;gc_cont=0.395
NC_011094.1:406676-409843|-   -           1056 10523at91347         -            514      0.37    7.2   6.9   1   2   0.00073     0.045   10.2   0.8   109   162   325   378   315   393 0.87 NC_011094.1_357 # 406676 # 409843 # -1 # ID=1_357;partial=00;start_type=ATG;rbs_motif=AGxAGG/AGGxGG;rbs_spacer=5-10bp;gc_cont=0.567
NC_011094.1:406676-409843|-   -           1056 10523at91347         -            514      0.37    7.2   6.9   2   2         2   1.3e+02   -1.2   0.7   137   162   893   918   872   929 0.71 NC_011094.1_357 # 406676 # 409843 # -1 # ID=1_357;partial=00;start_type=ATG;rbs_motif=AGxAGG/AGGxGG;rbs_spacer=5-10bp;gc_cont=0.567
#
# Program:         hmmsearch
# Version:         3.4 (Aug 2023)
# Pipeline mode:   SEARCH
# Query file:      /Users/dizzler/Projects/School/BIOL4600-Capstone/databases/lineages/enterobacterales_odb10/hmms/10523at91347.hmm
# Target file:     /Users/dizzler/Projects/School/BIOL4600-Capstone/reports/busco-results/GCF_000020745.1_ASM2074v1_genomic.fna/prodigal_output/predicted_genes/predicted.faa
# Option settings: hmmsearch --domtblout /Users/dizzler/Projects/School/BIOL4600-Capstone/reports/busco-results/GCF_000020745.1_ASM2074v1_genomic.fna/run_enterobacterales_odb10/hmmer_output/10523at91347.out --cpu 1 /Users/dizzler/Projects/School/BIOL4600-Capstone/databases/lineages/enterobacterales_odb10/hmms/10523at91347.hmm /Users/dizzler/Projects/School/BIOL4600-Capstone/reports/busco-results/GCF_000020745.1_ASM2074v1_genomic.fna/prodigal_output/predicted_genes/predicted.faa 
# Current dir:     /Users/dizzler/Projects/School/BIOL4600-Capstone
# Date:            Wed Feb 25 22:53:25 2026
# [ok]
