#                                                                                     --- full sequence --- -------------- this domain -------------   hmm coord   ali coord   env coord
# target name                 accession   tlen query name           accession   qlen   E-value  score  bias   #  of  c-Evalue  i-Evalue  score  bias  from    to  from    to  from    to  acc description of target
#         ------------------- ---------- ----- -------------------- ---------- ----- --------- ------ ----- --- --- --------- --------- ------ ----- ----- ----- ----- ----- ----- ----- ---- ---------------------
NC_011094.1:3346670-3348559|- -            630 12072at91347         -            455    1e-252  836.6   0.6   1   2  1.4e-229  5.9e-227  751.7   0.2     1   392    17   441    17   446 0.96 NC_011094.1_3164 # 3346670 # 3348559 # -1 # ID=1_3164;partial=00;start_type=ATG;rbs_motif=AGGA/GGAG/GAGG;rbs_spacer=11-12bp;gc_cont=0.583
NC_011094.1:3346670-3348559|- -            630 12072at91347         -            455    1e-252  836.6   0.6   2   2   8.9e-27   3.7e-24   83.2   0.0   386   455   479   559   476   559 0.89 NC_011094.1_3164 # 3346670 # 3348559 # -1 # ID=1_3164;partial=00;start_type=ATG;rbs_motif=AGGA/GGAG/GAGG;rbs_spacer=11-12bp;gc_cont=0.583
NC_011094.1:940900-942261|+   -            454 12072at91347         -            455   3.5e-97  323.9   0.2   1   1   1.1e-99   4.4e-97  323.6   0.2     1   340    12   374    12   380 0.92 NC_011094.1_898 # 940900 # 942261 # 1 # ID=1_898;partial=00;start_type=ATG;rbs_motif=GGAG/GAGG;rbs_spacer=5-10bp;gc_cont=0.584
NC_011094.1:2735517-2736851|+ -            445 12072at91347         -            455   1.7e-92  308.4   0.0   1   1   5.1e-95   2.1e-92  308.1   0.0     1   330    15   366    15   386 0.92 NC_011094.1_2602 # 2735517 # 2736851 # 1 # ID=1_2602;partial=00;start_type=ATG;rbs_motif=GGAG/GAGG;rbs_spacer=5-10bp;gc_cont=0.545
NC_011094.1:1721468-1722841|- -            458 12072at91347         -            455   2.1e-91  304.8   0.0   1   1   9.1e-94   3.8e-91  304.0   0.0     2   331    15   363    14   382 0.89 NC_011094.1_1640 # 1721468 # 1722841 # -1 # ID=1_1640;partial=00;start_type=GTG;rbs_motif=GGA/GAG/AGG;rbs_spacer=5-10bp;gc_cont=0.550
NC_011094.1:4002087-4003352|- -            422 12072at91347         -            455   2.8e-77  258.3   0.0   1   1   8.7e-80   3.6e-77  257.9   0.0     1   314    20   358    20   380 0.87 NC_011094.1_3772 # 4002087 # 4003352 # -1 # ID=1_3772;partial=00;start_type=ATG;rbs_motif=None;rbs_spacer=None;gc_cont=0.547
NC_011094.1:4040948-4042795|+ -            616 12072at91347         -            455   6.6e-24   82.4   0.0   1   1     3e-26   1.2e-23   81.5   0.0     7   327    26   357    21   381 0.79 NC_011094.1_3806 # 4040948 # 4042795 # 1 # ID=1_3806;partial=00;start_type=ATG;rbs_motif=None;rbs_spacer=None;gc_cont=0.550
NC_011094.1:920564-922585|+   -            674 12072at91347         -            455     3e-09   34.0   1.4   1   2    0.0042       1.7    5.1   0.0    30    70    37    74    10    85 0.77 NC_011094.1_878 # 920564 # 922585 # 1 # ID=1_878;partial=00;start_type=ATG;rbs_motif=GGA/GAG/AGG;rbs_spacer=5-10bp;gc_cont=0.550
NC_011094.1:920564-922585|+   -            674 12072at91347         -            455     3e-09   34.0   1.4   2   2   1.3e-09   5.4e-07   26.6   0.9   215   320   449   558   439   576 0.84 NC_011094.1_878 # 920564 # 922585 # 1 # ID=1_878;partial=00;start_type=ATG;rbs_motif=GGA/GAG/AGG;rbs_spacer=5-10bp;gc_cont=0.550
NC_011094.1:3822043-3824124|+ -            694 12072at91347         -            455   7.4e-07   26.1   0.2   1   2   0.00035      0.14    8.7   0.1    35   108   297   381   268   403 0.71 NC_011094.1_3612 # 3822043 # 3824124 # 1 # ID=1_3612;partial=00;start_type=ATG;rbs_motif=GGA/GAG/AGG;rbs_spacer=5-10bp;gc_cont=0.587
NC_011094.1:3822043-3824124|+ -            694 12072at91347         -            455   7.4e-07   26.1   0.2   2   2   3.8e-06    0.0016   15.2   0.0   242   315   523   597   512   612 0.84 NC_011094.1_3612 # 3822043 # 3824124 # 1 # ID=1_3612;partial=00;start_type=ATG;rbs_motif=GGA/GAG/AGG;rbs_spacer=5-10bp;gc_cont=0.587
NC_011094.1:4180442-4182640|- -            733 12072at91347         -            455   4.7e-05   20.2   0.0   1   2   0.00058      0.24    8.0   0.0    35   111   225   309   215   322 0.74 NC_011094.1_3939 # 4180442 # 4182640 # -1 # ID=1_3939;partial=00;start_type=ATG;rbs_motif=AGGA;rbs_spacer=5-10bp;gc_cont=0.596
NC_011094.1:4180442-4182640|- -            733 12072at91347         -            455   4.7e-05   20.2   0.0   2   2   0.00016     0.065    9.8   0.0   252   327   522   609   513   648 0.82 NC_011094.1_3939 # 4180442 # 4182640 # -1 # ID=1_3939;partial=00;start_type=ATG;rbs_motif=AGGA;rbs_spacer=5-10bp;gc_cont=0.596
NC_011094.1:110145-113051|-   -            969 12072at91347         -            455    0.0021   14.8   0.0   1   1   8.2e-06    0.0034   14.1   0.0   201   317   492   611   434   638 0.85 NC_011094.1_94 # 110145 # 113051 # -1 # ID=1_94;partial=00;start_type=ATG;rbs_motif=GGA/GAG/AGG;rbs_spacer=5-10bp;gc_cont=0.570
NC_011094.1:224941-227415|+   -            825 12072at91347         -            455     0.057   10.0   0.6   1   2   0.00093      0.38    7.3   0.1    26    78    34    88    16   223 0.80 NC_011094.1_192 # 224941 # 227415 # 1 # ID=1_192;partial=00;start_type=ATG;rbs_motif=GGA/GAG/AGG;rbs_spacer=5-10bp;gc_cont=0.595
NC_011094.1:224941-227415|+   -            825 12072at91347         -            455     0.057   10.0   0.6   2   2     0.082        34    0.9   0.1   261   287   279   305   240   344 0.68 NC_011094.1_192 # 224941 # 227415 # 1 # ID=1_192;partial=00;start_type=ATG;rbs_motif=GGA/GAG/AGG;rbs_spacer=5-10bp;gc_cont=0.595
#
# Program:         hmmsearch
# Version:         3.4 (Aug 2023)
# Pipeline mode:   SEARCH
# Query file:      /Users/dizzler/Projects/School/BIOL4600-Capstone/databases/lineages/enterobacterales_odb10/hmms/12072at91347.hmm
# Target file:     /Users/dizzler/Projects/School/BIOL4600-Capstone/reports/busco-results/GCF_000020745.1_ASM2074v1_genomic.fna/prodigal_output/predicted_genes/predicted.faa
# Option settings: hmmsearch --domtblout /Users/dizzler/Projects/School/BIOL4600-Capstone/reports/busco-results/GCF_000020745.1_ASM2074v1_genomic.fna/run_enterobacterales_odb10/hmmer_output/12072at91347.out --cpu 1 /Users/dizzler/Projects/School/BIOL4600-Capstone/databases/lineages/enterobacterales_odb10/hmms/12072at91347.hmm /Users/dizzler/Projects/School/BIOL4600-Capstone/reports/busco-results/GCF_000020745.1_ASM2074v1_genomic.fna/prodigal_output/predicted_genes/predicted.faa 
# Current dir:     /Users/dizzler/Projects/School/BIOL4600-Capstone
# Date:            Wed Feb 25 22:53:25 2026
# [ok]
