#                                                                                     --- full sequence --- -------------- this domain -------------   hmm coord   ali coord   env coord
# target name                 accession   tlen query name           accession   qlen   E-value  score  bias   #  of  c-Evalue  i-Evalue  score  bias  from    to  from    to  from    to  acc description of target
#         ------------------- ---------- ----- -------------------- ---------- ----- --------- ------ ----- --- --- --------- --------- ------ ----- ----- ----- ----- ----- ----- ----- ---- ---------------------
NC_011094.1:1795929-1797491|+ -            521 13521at91347         -            420  1.8e-224  743.4   1.3   1   3   7.7e-30   8.8e-27   92.2   0.0     1    76    17    94    17   105 0.92 NC_011094.1_1713 # 1795929 # 1797491 # 1 # ID=1_1713;partial=00;start_type=ATG;rbs_motif=GGA/GAG/AGG;rbs_spacer=5-10bp;gc_cont=0.579
NC_011094.1:1795929-1797491|+ -            521 13521at91347         -            420  1.8e-224  743.4   1.3   2   3   3.8e-28   4.3e-25   86.6   0.1    73   142   113   201   108   220 0.79 NC_011094.1_1713 # 1795929 # 1797491 # 1 # ID=1_1713;partial=00;start_type=ATG;rbs_motif=GGA/GAG/AGG;rbs_spacer=5-10bp;gc_cont=0.579
NC_011094.1:1795929-1797491|+ -            521 13521at91347         -            420  1.8e-224  743.4   1.3   3   3  1.5e-172  1.7e-169  562.3   0.1   149   420   239   514   233   514 0.98 NC_011094.1_1713 # 1795929 # 1797491 # 1 # ID=1_1713;partial=00;start_type=ATG;rbs_motif=GGA/GAG/AGG;rbs_spacer=5-10bp;gc_cont=0.579
NC_011094.1:1899178-1900542|+ -            455 13521at91347         -            420   1.7e-47  160.4   0.0   1   2    0.0015       1.7    5.6   0.0    99   137   109   153   103   166 0.81 NC_011094.1_1812 # 1899178 # 1900542 # 1 # ID=1_1812;partial=00;start_type=ATG;rbs_motif=GGA/GAG/AGG;rbs_spacer=5-10bp;gc_cont=0.552
NC_011094.1:1899178-1900542|+ -            455 13521at91347         -            420   1.7e-47  160.4   0.0   2   2   2.8e-48   3.1e-45  152.9   0.0   153   414   192   450   167   454 0.90 NC_011094.1_1812 # 1899178 # 1900542 # 1 # ID=1_1812;partial=00;start_type=ATG;rbs_motif=GGA/GAG/AGG;rbs_spacer=5-10bp;gc_cont=0.552
NC_011094.1:2423284-2424579|- -            432 13521at91347         -            420   7.8e-13   46.2   0.0   1   1   1.5e-15   1.7e-12   45.1   0.0   152   411   169   422   155   429 0.76 NC_011094.1_2334 # 2423284 # 2424579 # -1 # ID=1_2334;partial=00;start_type=GTG;rbs_motif=GGAGG;rbs_spacer=5-10bp;gc_cont=0.569
NC_011094.1:729580-730755|+   -            392 13521at91347         -            420   2.3e-11   41.4   0.0   1   2   1.4e-05     0.016   12.3   0.0   156   261   131   236   104   264 0.73 NC_011094.1_700 # 729580 # 730755 # 1 # ID=1_700;partial=00;start_type=ATG;rbs_motif=GGAGG;rbs_spacer=5-10bp;gc_cont=0.584
NC_011094.1:729580-730755|+   -            392 13521at91347         -            420   2.3e-11   41.4   0.0   2   2   4.2e-10   4.8e-07   27.2   0.0   334   414   303   386   282   389 0.91 NC_011094.1_700 # 729580 # 730755 # 1 # ID=1_700;partial=00;start_type=ATG;rbs_motif=GGAGG;rbs_spacer=5-10bp;gc_cont=0.584
#
# Program:         hmmsearch
# Version:         3.4 (Aug 2023)
# Pipeline mode:   SEARCH
# Query file:      /Users/dizzler/Projects/School/BIOL4600-Capstone/databases/lineages/enterobacterales_odb10/hmms/13521at91347.hmm
# Target file:     /Users/dizzler/Projects/School/BIOL4600-Capstone/reports/busco-results/GCF_000020745.1_ASM2074v1_genomic.fna/prodigal_output/predicted_genes/predicted.faa
# Option settings: hmmsearch --domtblout /Users/dizzler/Projects/School/BIOL4600-Capstone/reports/busco-results/GCF_000020745.1_ASM2074v1_genomic.fna/run_enterobacterales_odb10/hmmer_output/13521at91347.out --cpu 1 /Users/dizzler/Projects/School/BIOL4600-Capstone/databases/lineages/enterobacterales_odb10/hmms/13521at91347.hmm /Users/dizzler/Projects/School/BIOL4600-Capstone/reports/busco-results/GCF_000020745.1_ASM2074v1_genomic.fna/prodigal_output/predicted_genes/predicted.faa 
# Current dir:     /Users/dizzler/Projects/School/BIOL4600-Capstone
# Date:            Wed Feb 25 22:53:25 2026
# [ok]
