#                                                                                     --- full sequence --- -------------- this domain -------------   hmm coord   ali coord   env coord
# target name                 accession   tlen query name           accession   qlen   E-value  score  bias   #  of  c-Evalue  i-Evalue  score  bias  from    to  from    to  from    to  acc description of target
#         ------------------- ---------- ----- -------------------- ---------- ----- --------- ------ ----- --- --- --------- --------- ------ ----- ----- ----- ----- ----- ----- ----- ---- ---------------------
NC_011094.1:782438-785020|-   -            861 1674at91347          -            714         0 1214.8   4.0   1   2         0         0 1201.1   1.3     1   695     1   813     1   820 0.90 NC_011094.1_754 # 782438 # 785020 # -1 # ID=1_754;partial=00;start_type=ATG;rbs_motif=AGGA/GGAG/GAGG;rbs_spacer=11-12bp;gc_cont=0.559
NC_011094.1:782438-785020|-   -            861 1674at91347          -            714         0 1214.8   4.0   2   2   0.00054      0.49    6.3   0.1   697   714   842   859   829   859 0.85 NC_011094.1_754 # 782438 # 785020 # -1 # ID=1_754;partial=00;start_type=ATG;rbs_motif=AGGA/GGAG/GAGG;rbs_spacer=11-12bp;gc_cont=0.559
NC_011094.1:4593043-4595898|- -            952 1674at91347          -            714   1.2e-40  137.3  10.5   1   5   2.8e-29   2.5e-26   89.9   0.6     1   172     1   190     1   202 0.80 NC_011094.1_4318 # 4593043 # 4595898 # -1 # ID=1_4318;partial=00;start_type=ATG;rbs_motif=GGA/GAG/AGG;rbs_spacer=3-4bp;gc_cont=0.569
NC_011094.1:4593043-4595898|- -            952 1674at91347          -            714   1.2e-40  137.3  10.5   2   5   1.1e-05    0.0096   12.0   0.0   232   335   216   312   209   333 0.81 NC_011094.1_4318 # 4593043 # 4595898 # -1 # ID=1_4318;partial=00;start_type=ATG;rbs_motif=GGA/GAG/AGG;rbs_spacer=3-4bp;gc_cont=0.569
NC_011094.1:4593043-4595898|- -            952 1674at91347          -            714   1.2e-40  137.3  10.5   3   5   1.3e-08   1.2e-05   21.6   0.9   354   423   420   485   408   526 0.82 NC_011094.1_4318 # 4593043 # 4595898 # -1 # ID=1_4318;partial=00;start_type=ATG;rbs_motif=GGA/GAG/AGG;rbs_spacer=3-4bp;gc_cont=0.569
NC_011094.1:4593043-4595898|- -            952 1674at91347          -            714   1.2e-40  137.3  10.5   4   5     0.002       1.8    4.4   0.1   532   549   553   570   517   573 0.87 NC_011094.1_4318 # 4593043 # 4595898 # -1 # ID=1_4318;partial=00;start_type=ATG;rbs_motif=GGA/GAG/AGG;rbs_spacer=3-4bp;gc_cont=0.569
NC_011094.1:4593043-4595898|- -            952 1674at91347          -            714   1.2e-40  137.3  10.5   5   5   3.3e-05      0.03   10.4   0.0   548   590   606   648   582   659 0.89 NC_011094.1_4318 # 4593043 # 4595898 # -1 # ID=1_4318;partial=00;start_type=ATG;rbs_motif=GGA/GAG/AGG;rbs_spacer=3-4bp;gc_cont=0.569
NC_011094.1:53859-56693|+     -            945 1674at91347          -            714   2.4e-23   80.1   0.4   1   5   5.4e-10   4.9e-07   26.2   0.0    15   170    30   200    23   225 0.77 NC_011094.1_45 # 53859 # 56693 # 1 # ID=1_45;partial=00;start_type=ATG;rbs_motif=GGA/GAG/AGG;rbs_spacer=5-10bp;gc_cont=0.549
NC_011094.1:53859-56693|+     -            945 1674at91347          -            714   2.4e-23   80.1   0.4   2   5    0.0056       5.1    3.0   0.0   275   321   307   354   295   386 0.85 NC_011094.1_45 # 53859 # 56693 # 1 # ID=1_45;partial=00;start_type=ATG;rbs_motif=GGA/GAG/AGG;rbs_spacer=5-10bp;gc_cont=0.549
NC_011094.1:53859-56693|+     -            945 1674at91347          -            714   2.4e-23   80.1   0.4   3   5   2.1e-05     0.019   11.0   0.2   169   210   400   443   371   451 0.75 NC_011094.1_45 # 53859 # 56693 # 1 # ID=1_45;partial=00;start_type=ATG;rbs_motif=GGA/GAG/AGG;rbs_spacer=5-10bp;gc_cont=0.549
NC_011094.1:53859-56693|+     -            945 1674at91347          -            714   2.4e-23   80.1   0.4   4   5   1.1e-07   9.6e-05   18.6   0.4   335   410   437   514   425   528 0.75 NC_011094.1_45 # 53859 # 56693 # 1 # ID=1_45;partial=00;start_type=ATG;rbs_motif=GGA/GAG/AGG;rbs_spacer=5-10bp;gc_cont=0.549
NC_011094.1:53859-56693|+     -            945 1674at91347          -            714   2.4e-23   80.1   0.4   5   5   1.1e-06     0.001   15.2   0.0   532   561   603   632   560   648 0.78 NC_011094.1_45 # 53859 # 56693 # 1 # ID=1_45;partial=00;start_type=ATG;rbs_motif=GGA/GAG/AGG;rbs_spacer=5-10bp;gc_cont=0.549
NC_011094.1:2270204-2272237|+ -            678 1674at91347          -            714   2.3e-12   43.8   0.1   1   3   3.2e-13   2.9e-10   36.9   0.0    32   180     6   151     2   157 0.85 NC_011094.1_2193 # 2270204 # 2272237 # 1 # ID=1_2193;partial=00;start_type=ATG;rbs_motif=AGxAG;rbs_spacer=11-12bp;gc_cont=0.552
NC_011094.1:2270204-2272237|+ -            678 1674at91347          -            714   2.3e-12   43.8   0.1   2   3      0.48   4.4e+02   -3.4   0.0   341   370   214   244   210   246 0.76 NC_011094.1_2193 # 2270204 # 2272237 # 1 # ID=1_2193;partial=00;start_type=ATG;rbs_motif=AGxAG;rbs_spacer=11-12bp;gc_cont=0.552
NC_011094.1:2270204-2272237|+ -            678 1674at91347          -            714   2.3e-12   43.8   0.1   3   3    0.0022         2    4.3   0.0   532   560   332   360   319   453 0.86 NC_011094.1_2193 # 2270204 # 2272237 # 1 # ID=1_2193;partial=00;start_type=ATG;rbs_motif=AGxAG;rbs_spacer=11-12bp;gc_cont=0.552
NC_011094.1:586188-587573|+   -            462 1674at91347          -            714   2.1e-07   27.4   0.9   1   2   0.00044       0.4    6.6   0.2    47    70    36    59    19    65 0.91 NC_011094.1_521 # 586188 # 587573 # 1 # ID=1_521;partial=00;start_type=ATG;rbs_motif=GGA/GAG/AGG;rbs_spacer=5-10bp;gc_cont=0.548
NC_011094.1:586188-587573|+   -            462 1674at91347          -            714   2.1e-07   27.4   0.9   2   2   6.6e-08     6e-05   19.3   0.0   514   589   247   321   235   331 0.87 NC_011094.1_521 # 586188 # 587573 # 1 # ID=1_521;partial=00;start_type=ATG;rbs_motif=GGA/GAG/AGG;rbs_spacer=5-10bp;gc_cont=0.548
#
# Program:         hmmsearch
# Version:         3.4 (Aug 2023)
# Pipeline mode:   SEARCH
# Query file:      /Users/dizzler/Projects/School/BIOL4600-Capstone/databases/lineages/enterobacterales_odb10/hmms/1674at91347.hmm
# Target file:     /Users/dizzler/Projects/School/BIOL4600-Capstone/reports/busco-results/GCF_000020745.1_ASM2074v1_genomic.fna/prodigal_output/predicted_genes/predicted.faa
# Option settings: hmmsearch --domtblout /Users/dizzler/Projects/School/BIOL4600-Capstone/reports/busco-results/GCF_000020745.1_ASM2074v1_genomic.fna/run_enterobacterales_odb10/hmmer_output/1674at91347.out --cpu 1 /Users/dizzler/Projects/School/BIOL4600-Capstone/databases/lineages/enterobacterales_odb10/hmms/1674at91347.hmm /Users/dizzler/Projects/School/BIOL4600-Capstone/reports/busco-results/GCF_000020745.1_ASM2074v1_genomic.fna/prodigal_output/predicted_genes/predicted.faa 
# Current dir:     /Users/dizzler/Projects/School/BIOL4600-Capstone
# Date:            Wed Feb 25 22:53:25 2026
# [ok]
