#                                                                                     --- full sequence --- -------------- this domain -------------   hmm coord   ali coord   env coord
# target name                 accession   tlen query name           accession   qlen   E-value  score  bias   #  of  c-Evalue  i-Evalue  score  bias  from    to  from    to  from    to  acc description of target
#         ------------------- ---------- ----- -------------------- ---------- ----- --------- ------ ----- --- --- --------- --------- ------ ----- ----- ----- ----- ----- ----- ----- ---- ---------------------
NC_011094.1:512209-513480|+   -            424 17277at91347         -            348    8e-190  628.2   1.8   1   1  5.6e-192  1.8e-189  627.0   1.8     1   344    12   404    12   413 0.91 NC_011094.1_451 # 512209 # 513480 # 1 # ID=1_451;partial=00;start_type=ATG;rbs_motif=GGAG/GAGG;rbs_spacer=5-10bp;gc_cont=0.529
NC_011094.1:4176201-4177532|- -            444 17277at91347         -            348   7.9e-48  161.2   1.1   1   3   9.1e-26     3e-23   80.4   0.0    40   134     4   105     1   118 0.89 NC_011094.1_3935 # 4176201 # 4177532 # -1 # ID=1_3935;partial=00;start_type=ATG;rbs_motif=AGGA;rbs_spacer=5-10bp;gc_cont=0.530
NC_011094.1:4176201-4177532|- -            444 17277at91347         -            348   7.9e-48  161.2   1.1   2   3   2.9e-12   9.4e-10   36.0   0.1   143   219   248   311   226   316 0.83 NC_011094.1_3935 # 4176201 # 4177532 # -1 # ID=1_3935;partial=00;start_type=ATG;rbs_motif=AGGA;rbs_spacer=5-10bp;gc_cont=0.530
NC_011094.1:4176201-4177532|- -            444 17277at91347         -            348   7.9e-48  161.2   1.1   3   3   3.9e-14   1.3e-11   42.1   0.0   249   343   318   425   312   429 0.81 NC_011094.1_3935 # 4176201 # 4177532 # -1 # ID=1_3935;partial=00;start_type=ATG;rbs_motif=AGGA;rbs_spacer=5-10bp;gc_cont=0.530
NC_011094.1:1033099-1035375|+ -            759 17277at91347         -            348   8.1e-09   32.9   0.0   1   3   2.1e-07   6.9e-05   20.0   0.0    75   156   203   290   196   296 0.73 NC_011094.1_985 # 1033099 # 1035375 # 1 # ID=1_985;partial=00;start_type=ATG;rbs_motif=GGAGG;rbs_spacer=5-10bp;gc_cont=0.544
NC_011094.1:1033099-1035375|+ -            759 17277at91347         -            348   8.1e-09   32.9   0.0   2   3    0.0025      0.83    6.6   0.0    40   108   447   517   422   551 0.82 NC_011094.1_985 # 1033099 # 1035375 # 1 # ID=1_985;partial=00;start_type=ATG;rbs_motif=GGAGG;rbs_spacer=5-10bp;gc_cont=0.544
NC_011094.1:1033099-1035375|+ -            759 17277at91347         -            348   8.1e-09   32.9   0.0   3   3     0.053        17    2.2   0.0   244   321   631   710   612   718 0.73 NC_011094.1_985 # 1033099 # 1035375 # 1 # ID=1_985;partial=00;start_type=ATG;rbs_motif=GGAGG;rbs_spacer=5-10bp;gc_cont=0.544
NC_011094.1:3363822-3365765|- -            648 17277at91347         -            348   7.2e-07   26.5   0.0   1   1   3.5e-09   1.1e-06   25.8   0.0    80   159   189   262   141   283 0.79 NC_011094.1_3177 # 3363822 # 3365765 # -1 # ID=1_3177;partial=00;start_type=TTG;rbs_motif=GGAG/GAGG;rbs_spacer=5-10bp;gc_cont=0.560
NC_011094.1:2754780-2757353|- -            858 17277at91347         -            348   9.7e-06   22.8   0.0   1   3    0.0092         3    4.7   0.0    77   102   197   222   185   281 0.87 NC_011094.1_2617 # 2754780 # 2757353 # -1 # ID=1_2617;partial=00;start_type=ATG;rbs_motif=GGAGG;rbs_spacer=3-4bp;gc_cont=0.534
NC_011094.1:2754780-2757353|- -            858 17277at91347         -            348   9.7e-06   22.8   0.0   2   3   1.1e-05    0.0037   14.3   0.0    38   103   555   622   546   633 0.86 NC_011094.1_2617 # 2754780 # 2757353 # -1 # ID=1_2617;partial=00;start_type=ATG;rbs_motif=GGAGG;rbs_spacer=3-4bp;gc_cont=0.534
NC_011094.1:2754780-2757353|- -            858 17277at91347         -            348   9.7e-06   22.8   0.0   3   3       0.8   2.6e+02   -1.6   0.0   249   275   749   775   743   822 0.81 NC_011094.1_2617 # 2754780 # 2757353 # -1 # ID=1_2617;partial=00;start_type=ATG;rbs_motif=GGAGG;rbs_spacer=3-4bp;gc_cont=0.534
NC_011094.1:4320670-4320861|- -             64 17277at91347         -            348   5.2e-05   20.4   0.9   1   1   1.6e-07   5.3e-05   20.3   0.9     3    39     6    47     4    59 0.78 NC_011094.1_4054 # 4320670 # 4320861 # -1 # ID=1_4054;partial=00;start_type=ATG;rbs_motif=AGGAG;rbs_spacer=5-10bp;gc_cont=0.490
NC_011094.1:387675-388658|+   -            328 17277at91347         -            348   5.8e-05   20.2   0.0   1   2   6.3e-06     0.002   15.1   0.0    49   160    90   198    71   219 0.66 NC_011094.1_340 # 387675 # 388658 # 1 # ID=1_340;partial=00;start_type=ATG;rbs_motif=AGGA;rbs_spacer=5-10bp;gc_cont=0.339
NC_011094.1:387675-388658|+   -            328 17277at91347         -            348   5.8e-05   20.2   0.0   2   2     0.041        13    2.6   0.0    46    78   220   252   206   265 0.83 NC_011094.1_340 # 387675 # 388658 # 1 # ID=1_340;partial=00;start_type=ATG;rbs_motif=AGGA;rbs_spacer=5-10bp;gc_cont=0.339
NC_011094.1:3539233-3539754|- -            174 17277at91347         -            348   0.00065   16.8   0.0   1   1   2.5e-06   0.00083   16.4   0.0    78   113     3    38     1    75 0.86 NC_011094.1_3364 # 3539233 # 3539754 # -1 # ID=1_3364;partial=00;start_type=ATG;rbs_motif=AGxAG;rbs_spacer=5-10bp;gc_cont=0.504
NC_011094.1:3982900-3984420|- -            507 17277at91347         -            348    0.0054   13.8   0.0   1   2     4e-05     0.013   12.5   0.0    77   103   208   234   179   249 0.84 NC_011094.1_3755 # 3982900 # 3984420 # -1 # ID=1_3755;partial=00;start_type=ATG;rbs_motif=AGGAGG;rbs_spacer=3-4bp;gc_cont=0.524
NC_011094.1:3982900-3984420|- -            507 17277at91347         -            348    0.0054   13.8   0.0   2   2       3.1     1e+03   -3.6   0.0   140   158   290   308   289   310 0.81 NC_011094.1_3755 # 3982900 # 3984420 # -1 # ID=1_3755;partial=00;start_type=ATG;rbs_motif=AGGAGG;rbs_spacer=3-4bp;gc_cont=0.524
NC_011094.1:1050700-1052043|+ -            448 17277at91347         -            348     0.006   13.6   0.0   1   1   3.2e-05      0.01   12.8   0.0    81   161    52   123    39   130 0.74 NC_011094.1_997 # 1050700 # 1052043 # 1 # ID=1_997;partial=00;start_type=GTG;rbs_motif=GGAG/GAGG;rbs_spacer=5-10bp;gc_cont=0.569
NC_011094.1:2910899-2912977|+ -            693 17277at91347         -            348     0.014   12.4   0.0   1   1   7.8e-05     0.025   11.5   0.0    65   100   386   423   368   427 0.85 NC_011094.1_2754 # 2910899 # 2912977 # 1 # ID=1_2754;partial=00;start_type=ATG;rbs_motif=GGA/GAG/AGG;rbs_spacer=5-10bp;gc_cont=0.550
NC_011094.1:4502825-4503775|+ -            317 17277at91347         -            348     0.018   12.0   0.1   1   1    0.0001     0.033   11.1   0.1    81   113    12    44     6    55 0.86 NC_011094.1_4224 # 4502825 # 4503775 # 1 # ID=1_4224;partial=00;start_type=ATG;rbs_motif=None;rbs_spacer=None;gc_cont=0.543
NC_011094.1:4197470-4198573|- -            368 17277at91347         -            348     0.036   11.0   0.0   1   1   0.00016     0.052   10.5   0.0    78   118    81   122    69   129 0.82 NC_011094.1_3951 # 4197470 # 4198573 # -1 # ID=1_3951;partial=00;start_type=ATG;rbs_motif=GGAG/GAGG;rbs_spacer=5-10bp;gc_cont=0.582
NC_011094.1:1967617-1968627|- -            337 17277at91347         -            348     0.044   10.7   0.0   1   1   0.00022     0.072   10.0   0.0    54   121    32    97     9   106 0.75 NC_011094.1_1883 # 1967617 # 1968627 # -1 # ID=1_1883;partial=00;start_type=ATG;rbs_motif=GGAG/GAGG;rbs_spacer=5-10bp;gc_cont=0.575
#
# Program:         hmmsearch
# Version:         3.4 (Aug 2023)
# Pipeline mode:   SEARCH
# Query file:      /Users/dizzler/Projects/School/BIOL4600-Capstone/databases/lineages/enterobacterales_odb10/hmms/17277at91347.hmm
# Target file:     /Users/dizzler/Projects/School/BIOL4600-Capstone/reports/busco-results/GCF_000020745.1_ASM2074v1_genomic.fna/prodigal_output/predicted_genes/predicted.faa
# Option settings: hmmsearch --domtblout /Users/dizzler/Projects/School/BIOL4600-Capstone/reports/busco-results/GCF_000020745.1_ASM2074v1_genomic.fna/run_enterobacterales_odb10/hmmer_output/17277at91347.out --cpu 1 /Users/dizzler/Projects/School/BIOL4600-Capstone/databases/lineages/enterobacterales_odb10/hmms/17277at91347.hmm /Users/dizzler/Projects/School/BIOL4600-Capstone/reports/busco-results/GCF_000020745.1_ASM2074v1_genomic.fna/prodigal_output/predicted_genes/predicted.faa 
# Current dir:     /Users/dizzler/Projects/School/BIOL4600-Capstone
# Date:            Wed Feb 25 22:53:25 2026
# [ok]
