#                                                                                     --- full sequence --- -------------- this domain -------------   hmm coord   ali coord   env coord
# target name                 accession   tlen query name           accession   qlen   E-value  score  bias   #  of  c-Evalue  i-Evalue  score  bias  from    to  from    to  from    to  acc description of target
#         ------------------- ---------- ----- -------------------- ---------- ----- --------- ------ ----- --- --- --------- --------- ------ ----- ----- ----- ----- ----- ----- ----- ---- ---------------------
NC_011094.1:3950122-3951504|- -            461 17649at91347         -            402  2.1e-244  808.7   5.7   1   2     5e-39   3.3e-36  123.1   0.8     1    84     3   102     3   109 0.94 NC_011094.1_3728 # 3950122 # 3951504 # -1 # ID=1_3728;partial=00;start_type=ATG;rbs_motif=GGAG/GAGG;rbs_spacer=5-10bp;gc_cont=0.553
NC_011094.1:3950122-3951504|- -            461 17649at91347         -            402  2.1e-244  808.7   5.7   2   2  1.2e-210  7.6e-208  688.3   0.3    83   399   124   452   119   458 0.97 NC_011094.1_3728 # 3950122 # 3951504 # -1 # ID=1_3728;partial=00;start_type=ATG;rbs_motif=GGAG/GAGG;rbs_spacer=5-10bp;gc_cont=0.553
NC_011094.1:2037070-2038440|+ -            457 17649at91347         -            402   5.8e-36  122.3   0.6   1   1   1.8e-37   1.2e-34  117.9   0.6    84   332   157   409    79   439 0.87 NC_011094.1_1954 # 2037070 # 2038440 # 1 # ID=1_1954;partial=00;start_type=ATG;rbs_motif=GGAG/GAGG;rbs_spacer=5-10bp;gc_cont=0.597
NC_011094.1:1459595-1460896|+ -            434 17649at91347         -            402   1.9e-35  120.6   0.2   1   1   3.8e-36   2.4e-33  113.6   0.2    58   330    89   385    55   412 0.79 NC_011094.1_1394 # 1459595 # 1460896 # 1 # ID=1_1394;partial=00;start_type=ATG;rbs_motif=AGGAG;rbs_spacer=5-10bp;gc_cont=0.512
NC_011094.1:2943873-2945168|- -            432 17649at91347         -            402   1.1e-34  118.1   0.1   1   2      0.19   1.3e+02   -0.7   0.0    44    85    63   103    44   132 0.73 NC_011094.1_2789 # 2943873 # 2945168 # -1 # ID=1_2789;partial=00;start_type=ATG;rbs_motif=None;rbs_spacer=None;gc_cont=0.542
NC_011094.1:2943873-2945168|- -            432 17649at91347         -            402   1.1e-34  118.1   0.1   2   2     6e-37   3.9e-34  116.3   0.0    86   330   136   382   117   420 0.86 NC_011094.1_2789 # 2943873 # 2945168 # -1 # ID=1_2789;partial=00;start_type=ATG;rbs_motif=None;rbs_spacer=None;gc_cont=0.542
NC_011094.1:3952445-3953986|- -            514 17649at91347         -            402   1.1e-18   65.3   3.4   1   2   4.3e-08   2.8e-05   21.2   0.3    42    84    73   121    61   140 0.68 NC_011094.1_3730 # 3952445 # 3953986 # -1 # ID=1_3730;partial=00;start_type=ATG;rbs_motif=GGA/GAG/AGG;rbs_spacer=5-10bp;gc_cont=0.553
NC_011094.1:3952445-3953986|- -            514 17649at91347         -            402   1.1e-18   65.3   3.4   2   2     5e-15   3.3e-12   44.1   0.2    86   326   146   405   135   437 0.80 NC_011094.1_3730 # 3952445 # 3953986 # -1 # ID=1_3730;partial=00;start_type=ATG;rbs_motif=GGA/GAG/AGG;rbs_spacer=5-10bp;gc_cont=0.553
NC_011094.1:4004244-4005503|+ -            420 17649at91347         -            402   1.8e-08   31.8   0.0   1   1     4e-11   2.6e-08   31.2   0.0    90   312   159   378   152   405 0.87 NC_011094.1_3774 # 4004244 # 4005503 # 1 # ID=1_3774;partial=00;start_type=ATG;rbs_motif=None;rbs_spacer=None;gc_cont=0.528
NC_011094.1:1037832-1038743|+ -            304 17649at91347         -            402     0.003   14.5   0.0   1   1   7.5e-06    0.0049   13.8   0.0   277   333    34    90    21    95 0.92 NC_011094.1_988 # 1037832 # 1038743 # 1 # ID=1_988;partial=00;start_type=ATG;rbs_motif=AGGA;rbs_spacer=5-10bp;gc_cont=0.576
#
# Program:         hmmsearch
# Version:         3.4 (Aug 2023)
# Pipeline mode:   SEARCH
# Query file:      /Users/dizzler/Projects/School/BIOL4600-Capstone/databases/lineages/enterobacterales_odb10/hmms/17649at91347.hmm
# Target file:     /Users/dizzler/Projects/School/BIOL4600-Capstone/reports/busco-results/GCF_000020745.1_ASM2074v1_genomic.fna/prodigal_output/predicted_genes/predicted.faa
# Option settings: hmmsearch --domtblout /Users/dizzler/Projects/School/BIOL4600-Capstone/reports/busco-results/GCF_000020745.1_ASM2074v1_genomic.fna/run_enterobacterales_odb10/hmmer_output/17649at91347.out --cpu 1 /Users/dizzler/Projects/School/BIOL4600-Capstone/databases/lineages/enterobacterales_odb10/hmms/17649at91347.hmm /Users/dizzler/Projects/School/BIOL4600-Capstone/reports/busco-results/GCF_000020745.1_ASM2074v1_genomic.fna/prodigal_output/predicted_genes/predicted.faa 
# Current dir:     /Users/dizzler/Projects/School/BIOL4600-Capstone
# Date:            Wed Feb 25 22:53:25 2026
# [ok]
