#                                                                                     --- full sequence --- -------------- this domain -------------   hmm coord   ali coord   env coord
# target name                 accession   tlen query name           accession   qlen   E-value  score  bias   #  of  c-Evalue  i-Evalue  score  bias  from    to  from    to  from    to  acc description of target
#         ------------------- ---------- ----- -------------------- ---------- ----- --------- ------ ----- --- --- --------- --------- ------ ----- ----- ----- ----- ----- ----- ----- ---- ---------------------
NC_011094.1:1810255-1811715|+ -            487 18497at91347         -            436  6.4e-235  777.6   0.2   1   1  1.8e-237  1.4e-234  776.5   0.2     1   436     1   486     1   486 0.94 NC_011094.1_1730 # 1810255 # 1811715 # 1 # ID=1_1730;partial=00;start_type=ATG;rbs_motif=AGGA/GGAG/GAGG;rbs_spacer=11-12bp;gc_cont=0.537
NC_011094.1:932442-933683|-   -            414 18497at91347         -            436     7e-42  141.5   0.0   1   1   1.1e-43   8.5e-41  137.9   0.0   103   407     7   334     3   361 0.80 NC_011094.1_890 # 932442 # 933683 # -1 # ID=1_890;partial=00;start_type=ATG;rbs_motif=GGAG/GAGG;rbs_spacer=5-10bp;gc_cont=0.545
NC_011094.1:1191797-1193281|+ -            495 18497at91347         -            436     4e-17   59.9   0.0   1   2   7.9e-09     6e-06   23.1   0.0   123   255    62   207    22   237 0.77 NC_011094.1_1123 # 1191797 # 1193281 # 1 # ID=1_1123;partial=00;start_type=ATG;rbs_motif=None;rbs_spacer=None;gc_cont=0.537
NC_011094.1:1191797-1193281|+ -            495 18497at91347         -            436     4e-17   59.9   0.0   2   2   1.7e-11   1.3e-08   31.9   0.0   273   412   280   436   276   452 0.79 NC_011094.1_1123 # 1191797 # 1193281 # 1 # ID=1_1123;partial=00;start_type=ATG;rbs_motif=None;rbs_spacer=None;gc_cont=0.537
NC_011092.1:106050-106577|+   -            176 18497at91347         -            436   1.8e-05   21.5   0.0   1   1   2.9e-08   2.2e-05   21.2   0.0   284   399    40   150    26   164 0.87 NC_011092.1_119 # 106050 # 106577 # 1 # ID=2_119;partial=00;start_type=ATG;rbs_motif=GGAG/GAGG;rbs_spacer=5-10bp;gc_cont=0.633
NC_011094.1:2745269-2746624|+ -            452 18497at91347         -            436   3.4e-05   20.6   0.6   1   4      0.64   4.9e+02   -3.0   0.0   282   307    37    62    29    88 0.65 NC_011094.1_2612 # 2745269 # 2746624 # 1 # ID=1_2612;partial=00;start_type=ATG;rbs_motif=AGxAG;rbs_spacer=11-12bp;gc_cont=0.499
NC_011094.1:2745269-2746624|+ -            452 18497at91347         -            436   3.4e-05   20.6   0.6   2   4       1.5   1.1e+03   -4.2   0.0   199   213   138   152   135   162 0.64 NC_011094.1_2612 # 2745269 # 2746624 # 1 # ID=1_2612;partial=00;start_type=ATG;rbs_motif=AGxAG;rbs_spacer=11-12bp;gc_cont=0.499
NC_011094.1:2745269-2746624|+ -            452 18497at91347         -            436   3.4e-05   20.6   0.6   3   4   5.9e-05     0.045   10.3   0.0   279   330   250   301   239   308 0.89 NC_011094.1_2612 # 2745269 # 2746624 # 1 # ID=1_2612;partial=00;start_type=ATG;rbs_motif=AGxAG;rbs_spacer=11-12bp;gc_cont=0.499
NC_011094.1:2745269-2746624|+ -            452 18497at91347         -            436   3.4e-05   20.6   0.6   4   4    0.0004       0.3    7.6   0.0   343   400   337   394   315   412 0.84 NC_011094.1_2612 # 2745269 # 2746624 # 1 # ID=1_2612;partial=00;start_type=ATG;rbs_motif=AGxAG;rbs_spacer=11-12bp;gc_cont=0.499
NC_011094.1:4609593-4613108|+ -           1172 18497at91347         -            436    0.0021   14.7   0.0   1   1   4.8e-06    0.0036   13.9   0.0   121   218  1031  1133   985  1163 0.79 NC_011094.1_4332 # 4609593 # 4613108 # 1 # ID=1_4332;partial=00;start_type=ATG;rbs_motif=AGGA;rbs_spacer=5-10bp;gc_cont=0.472
#
# Program:         hmmsearch
# Version:         3.4 (Aug 2023)
# Pipeline mode:   SEARCH
# Query file:      /Users/dizzler/Projects/School/BIOL4600-Capstone/databases/lineages/enterobacterales_odb10/hmms/18497at91347.hmm
# Target file:     /Users/dizzler/Projects/School/BIOL4600-Capstone/reports/busco-results/GCF_000020745.1_ASM2074v1_genomic.fna/prodigal_output/predicted_genes/predicted.faa
# Option settings: hmmsearch --domtblout /Users/dizzler/Projects/School/BIOL4600-Capstone/reports/busco-results/GCF_000020745.1_ASM2074v1_genomic.fna/run_enterobacterales_odb10/hmmer_output/18497at91347.out --cpu 1 /Users/dizzler/Projects/School/BIOL4600-Capstone/databases/lineages/enterobacterales_odb10/hmms/18497at91347.hmm /Users/dizzler/Projects/School/BIOL4600-Capstone/reports/busco-results/GCF_000020745.1_ASM2074v1_genomic.fna/prodigal_output/predicted_genes/predicted.faa 
# Current dir:     /Users/dizzler/Projects/School/BIOL4600-Capstone
# Date:            Wed Feb 25 22:53:25 2026
# [ok]
