#                                                                                     --- full sequence --- -------------- this domain -------------   hmm coord   ali coord   env coord
# target name                 accession   tlen query name           accession   qlen   E-value  score  bias   #  of  c-Evalue  i-Evalue  score  bias  from    to  from    to  from    to  acc description of target
#         ------------------- ---------- ----- -------------------- ---------- ----- --------- ------ ----- --- --- --------- --------- ------ ----- ----- ----- ----- ----- ----- ----- ---- ---------------------
NC_011094.1:586188-587573|+   -            462 19461at91347         -            392  4.5e-196  649.4   0.0   1   1  7.2e-199  8.2e-196  648.6   0.0     1   392     1   461     1   461 0.88 NC_011094.1_521 # 586188 # 587573 # 1 # ID=1_521;partial=00;start_type=ATG;rbs_motif=GGA/GAG/AGG;rbs_spacer=5-10bp;gc_cont=0.548
NC_011094.1:2270204-2272237|+ -            678 19461at91347         -            392     1e-09   35.9   0.4   1   2   7.7e-06    0.0088   13.0   0.1    35   113    21   105     6   124 0.77 NC_011094.1_2193 # 2270204 # 2272237 # 1 # ID=1_2193;partial=00;start_type=ATG;rbs_motif=AGxAG;rbs_spacer=11-12bp;gc_cont=0.552
NC_011094.1:2270204-2272237|+ -            678 19461at91347         -            392     1e-09   35.9   0.4   2   2     3e-08   3.4e-05   21.0   0.0   222   268   318   363   291   464 0.70 NC_011094.1_2193 # 2270204 # 2272237 # 1 # ID=1_2193;partial=00;start_type=ATG;rbs_motif=AGxAG;rbs_spacer=11-12bp;gc_cont=0.552
NC_011094.1:782438-785020|-   -            861 19461at91347         -            392   3.1e-09   34.3   0.1   1   2   0.00014      0.16    8.9   0.0    35    60    48    73    21    75 0.89 NC_011094.1_754 # 782438 # 785020 # -1 # ID=1_754;partial=00;start_type=ATG;rbs_motif=AGGA/GGAG/GAGG;rbs_spacer=11-12bp;gc_cont=0.559
NC_011094.1:782438-785020|-   -            861 19461at91347         -            392   3.1e-09   34.3   0.1   2   2   6.7e-09   7.6e-06   23.1   0.0   231   332   612   715   604   757 0.76 NC_011094.1_754 # 782438 # 785020 # -1 # ID=1_754;partial=00;start_type=ATG;rbs_motif=AGGA/GGAG/GAGG;rbs_spacer=11-12bp;gc_cont=0.559
NC_011094.1:53859-56693|+     -            945 19461at91347         -            392   1.4e-07   28.8   0.3   1   3      0.25   2.9e+02   -1.8   0.0    36    63    65    92    63    94 0.91 NC_011094.1_45 # 53859 # 56693 # 1 # ID=1_45;partial=00;start_type=ATG;rbs_motif=GGA/GAG/AGG;rbs_spacer=5-10bp;gc_cont=0.549
NC_011094.1:53859-56693|+     -            945 19461at91347         -            392   1.4e-07   28.8   0.3   2   3   4.5e-10   5.1e-07   27.0   0.0   222   296   588   662   553   745 0.82 NC_011094.1_45 # 53859 # 56693 # 1 # ID=1_45;partial=00;start_type=ATG;rbs_motif=GGA/GAG/AGG;rbs_spacer=5-10bp;gc_cont=0.549
NC_011094.1:53859-56693|+     -            945 19461at91347         -            392   1.4e-07   28.8   0.3   3   3       1.1   1.2e+03   -3.9   0.1   304   348   819   863   813   871 0.81 NC_011094.1_45 # 53859 # 56693 # 1 # ID=1_45;partial=00;start_type=ATG;rbs_motif=GGA/GAG/AGG;rbs_spacer=5-10bp;gc_cont=0.549
#
# Program:         hmmsearch
# Version:         3.4 (Aug 2023)
# Pipeline mode:   SEARCH
# Query file:      /Users/dizzler/Projects/School/BIOL4600-Capstone/databases/lineages/enterobacterales_odb10/hmms/19461at91347.hmm
# Target file:     /Users/dizzler/Projects/School/BIOL4600-Capstone/reports/busco-results/GCF_000020745.1_ASM2074v1_genomic.fna/prodigal_output/predicted_genes/predicted.faa
# Option settings: hmmsearch --domtblout /Users/dizzler/Projects/School/BIOL4600-Capstone/reports/busco-results/GCF_000020745.1_ASM2074v1_genomic.fna/run_enterobacterales_odb10/hmmer_output/19461at91347.out --cpu 1 /Users/dizzler/Projects/School/BIOL4600-Capstone/databases/lineages/enterobacterales_odb10/hmms/19461at91347.hmm /Users/dizzler/Projects/School/BIOL4600-Capstone/reports/busco-results/GCF_000020745.1_ASM2074v1_genomic.fna/prodigal_output/predicted_genes/predicted.faa 
# Current dir:     /Users/dizzler/Projects/School/BIOL4600-Capstone
# Date:            Wed Feb 25 22:53:25 2026
# [ok]
