#                                                                                     --- full sequence --- -------------- this domain -------------   hmm coord   ali coord   env coord
# target name                 accession   tlen query name           accession   qlen   E-value  score  bias   #  of  c-Evalue  i-Evalue  score  bias  from    to  from    to  from    to  acc description of target
#         ------------------- ---------- ----- -------------------- ---------- ----- --------- ------ ----- --- --- --------- --------- ------ ----- ----- ----- ----- ----- ----- ----- ---- ---------------------
NC_011094.1:1972991-1974763|- -            591 19976at91347         -            505  4.6e-251  831.6   0.0   1   1  1.7e-252  1.9e-249  826.2   0.0     1   505     1   586     1   586 0.89 NC_011094.1_1890 # 1972991 # 1974763 # -1 # ID=1_1890;partial=00;start_type=ATG;rbs_motif=GGA/GAG/AGG;rbs_spacer=5-10bp;gc_cont=0.565
NC_011094.1:3101756-3103273|- -            506 19976at91347         -            505   1.1e-38  130.9   0.1   1   2   3.4e-28   3.9e-25   86.3   0.0    13   239    63   306    56   359 0.72 NC_011094.1_2929 # 3101756 # 3103273 # -1 # ID=1_2929;partial=00;start_type=ATG;rbs_motif=GGAG/GAGG;rbs_spacer=5-10bp;gc_cont=0.543
NC_011094.1:3101756-3103273|- -            506 19976at91347         -            505   1.1e-38  130.9   0.1   2   2   8.1e-15   9.2e-12   42.1   0.0   395   478   410   500   403   503 0.72 NC_011094.1_2929 # 3101756 # 3103273 # -1 # ID=1_2929;partial=00;start_type=ATG;rbs_motif=GGAG/GAGG;rbs_spacer=5-10bp;gc_cont=0.543
NC_011094.1:4485981-4486958|+ -            326 19976at91347         -            505   1.2e-22   78.0   0.1   1   2     5e-16   5.7e-13   46.1   0.0   114   276    13   183     9   202 0.81 NC_011094.1_4212 # 4485981 # 4486958 # 1 # ID=1_4212;partial=00;start_type=ATG;rbs_motif=GGAG/GAGG;rbs_spacer=5-10bp;gc_cont=0.538
NC_011094.1:4485981-4486958|+ -            326 19976at91347         -            505   1.2e-22   78.0   0.1   2   2   3.5e-11     4e-08   30.1   0.0   437   477   281   321   209   325 0.86 NC_011094.1_4212 # 4485981 # 4486958 # 1 # ID=1_4212;partial=00;start_type=ATG;rbs_motif=GGAG/GAGG;rbs_spacer=5-10bp;gc_cont=0.538
NC_011094.1:1099991-1101391|- -            467 19976at91347         -            505   4.8e-20   69.4   0.0   1   2   5.6e-11   6.4e-08   29.5   0.0    13   247    15   286    10   296 0.66 NC_011094.1_1034 # 1099991 # 1101391 # -1 # ID=1_1034;partial=00;start_type=ATG;rbs_motif=GGA/GAG/AGG;rbs_spacer=5-10bp;gc_cont=0.550
NC_011094.1:1099991-1101391|- -            467 19976at91347         -            505   4.8e-20   69.4   0.0   2   2   9.8e-13   1.1e-09   35.3   0.0   398   481   379   462   354   466 0.83 NC_011094.1_1034 # 1099991 # 1101391 # -1 # ID=1_1034;partial=00;start_type=ATG;rbs_motif=GGA/GAG/AGG;rbs_spacer=5-10bp;gc_cont=0.550
#
# Program:         hmmsearch
# Version:         3.4 (Aug 2023)
# Pipeline mode:   SEARCH
# Query file:      /Users/dizzler/Projects/School/BIOL4600-Capstone/databases/lineages/enterobacterales_odb10/hmms/19976at91347.hmm
# Target file:     /Users/dizzler/Projects/School/BIOL4600-Capstone/reports/busco-results/GCF_000020745.1_ASM2074v1_genomic.fna/prodigal_output/predicted_genes/predicted.faa
# Option settings: hmmsearch --domtblout /Users/dizzler/Projects/School/BIOL4600-Capstone/reports/busco-results/GCF_000020745.1_ASM2074v1_genomic.fna/run_enterobacterales_odb10/hmmer_output/19976at91347.out --cpu 1 /Users/dizzler/Projects/School/BIOL4600-Capstone/databases/lineages/enterobacterales_odb10/hmms/19976at91347.hmm /Users/dizzler/Projects/School/BIOL4600-Capstone/reports/busco-results/GCF_000020745.1_ASM2074v1_genomic.fna/prodigal_output/predicted_genes/predicted.faa 
# Current dir:     /Users/dizzler/Projects/School/BIOL4600-Capstone
# Date:            Wed Feb 25 22:53:25 2026
# [ok]
