#                                                                                     --- full sequence --- -------------- this domain -------------   hmm coord   ali coord   env coord
# target name                 accession   tlen query name           accession   qlen   E-value  score  bias   #  of  c-Evalue  i-Evalue  score  bias  from    to  from    to  from    to  acc description of target
#         ------------------- ---------- ----- -------------------- ---------- ----- --------- ------ ----- --- --- --------- --------- ------ ----- ----- ----- ----- ----- ----- ----- ---- ---------------------
NC_011094.1:1099991-1101391|- -            467 21912at91347         -            383    3e-206  683.2   0.0   1   2  1.6e-115  2.5e-112  374.0   0.1     4   227    14   276    11   283 0.91 NC_011094.1_1034 # 1099991 # 1101391 # -1 # ID=1_1034;partial=00;start_type=ATG;rbs_motif=GGA/GAG/AGG;rbs_spacer=5-10bp;gc_cont=0.550
NC_011094.1:1099991-1101391|- -            467 21912at91347         -            383    3e-206  683.2   0.0   2   2   2.1e-94   3.2e-91  304.6   0.0   208   383   280   466   276   466 0.95 NC_011094.1_1034 # 1099991 # 1101391 # -1 # ID=1_1034;partial=00;start_type=ATG;rbs_motif=GGA/GAG/AGG;rbs_spacer=5-10bp;gc_cont=0.550
NC_011094.1:1972991-1974763|- -            591 21912at91347         -            383   1.3e-18   65.5   0.0   1   3      0.02        30    1.8   0.0     6    34    14    41     9    49 0.78 NC_011094.1_1890 # 1972991 # 1974763 # -1 # ID=1_1890;partial=00;start_type=ATG;rbs_motif=GGA/GAG/AGG;rbs_spacer=5-10bp;gc_cont=0.565
NC_011094.1:1972991-1974763|- -            591 21912at91347         -            383   1.3e-18   65.5   0.0   2   3   1.5e-06    0.0023   15.4   0.0    61   214    92   240    67   274 0.78 NC_011094.1_1890 # 1972991 # 1974763 # -1 # ID=1_1890;partial=00;start_type=ATG;rbs_motif=GGA/GAG/AGG;rbs_spacer=5-10bp;gc_cont=0.565
NC_011094.1:1972991-1974763|- -            591 21912at91347         -            383   1.3e-18   65.5   0.0   3   3     2e-15   3.1e-12   44.5   0.0   277   380   454   560   451   563 0.86 NC_011094.1_1890 # 1972991 # 1974763 # -1 # ID=1_1890;partial=00;start_type=ATG;rbs_motif=GGA/GAG/AGG;rbs_spacer=5-10bp;gc_cont=0.565
NC_011094.1:3101756-3103273|- -            506 21912at91347         -            383   1.5e-06   25.8   0.0   1   2   0.00048      0.72    7.1   0.0   107   215   185   287   133   317 0.79 NC_011094.1_2929 # 3101756 # 3103273 # -1 # ID=1_2929;partial=00;start_type=ATG;rbs_motif=GGAG/GAGG;rbs_spacer=5-10bp;gc_cont=0.543
NC_011094.1:3101756-3103273|- -            506 21912at91347         -            383   1.5e-06   25.8   0.0   2   2   6.1e-07   0.00093   16.6   0.0   314   376   434   500   344   504 0.64 NC_011094.1_2929 # 3101756 # 3103273 # -1 # ID=1_2929;partial=00;start_type=ATG;rbs_motif=GGAG/GAGG;rbs_spacer=5-10bp;gc_cont=0.543
#
# Program:         hmmsearch
# Version:         3.4 (Aug 2023)
# Pipeline mode:   SEARCH
# Query file:      /Users/dizzler/Projects/School/BIOL4600-Capstone/databases/lineages/enterobacterales_odb10/hmms/21912at91347.hmm
# Target file:     /Users/dizzler/Projects/School/BIOL4600-Capstone/reports/busco-results/GCF_000020745.1_ASM2074v1_genomic.fna/prodigal_output/predicted_genes/predicted.faa
# Option settings: hmmsearch --domtblout /Users/dizzler/Projects/School/BIOL4600-Capstone/reports/busco-results/GCF_000020745.1_ASM2074v1_genomic.fna/run_enterobacterales_odb10/hmmer_output/21912at91347.out --cpu 1 /Users/dizzler/Projects/School/BIOL4600-Capstone/databases/lineages/enterobacterales_odb10/hmms/21912at91347.hmm /Users/dizzler/Projects/School/BIOL4600-Capstone/reports/busco-results/GCF_000020745.1_ASM2074v1_genomic.fna/prodigal_output/predicted_genes/predicted.faa 
# Current dir:     /Users/dizzler/Projects/School/BIOL4600-Capstone
# Date:            Wed Feb 25 22:53:25 2026
# [ok]
