#                                                                                     --- full sequence --- -------------- this domain -------------   hmm coord   ali coord   env coord
# target name                 accession   tlen query name           accession   qlen   E-value  score  bias   #  of  c-Evalue  i-Evalue  score  bias  from    to  from    to  from    to  acc description of target
#         ------------------- ---------- ----- -------------------- ---------- ----- --------- ------ ----- --- --- --------- --------- ------ ----- ----- ----- ----- ----- ----- ----- ---- ---------------------
NC_011094.1:2769805-2771166|- -            454 22268at91347         -            406    4e-204  676.0  15.8   1   1  1.7e-206    7e-204  675.2  15.8     1   406     1   446     1   446 0.95 NC_011094.1_2632 # 2769805 # 2771166 # -1 # ID=1_2632;partial=00;start_type=ATG;rbs_motif=GGA/GAG/AGG;rbs_spacer=5-10bp;gc_cont=0.548
NC_011094.1:3622702-3624177|- -            492 22268at91347         -            406   9.4e-48  161.0   1.8   1   1   3.2e-50   1.3e-47  160.5   1.8    21   267   211   477   189   490 0.79 NC_011094.1_3436 # 3622702 # 3624177 # -1 # ID=1_3436;partial=00;start_type=ATG;rbs_motif=4Base/6BMM;rbs_spacer=13-15bp;gc_cont=0.549
NC_011094.1:492562-493671|-   -            370 22268at91347         -            406     0.003   14.5   0.0   1   2   3.9e-05     0.016   12.0   0.0    85   135    33    84    26   112 0.87 NC_011094.1_432 # 492562 # 493671 # -1 # ID=1_432;partial=00;start_type=ATG;rbs_motif=GGA/GAG/AGG;rbs_spacer=5-10bp;gc_cont=0.584
NC_011094.1:492562-493671|-   -            370 22268at91347         -            406     0.003   14.5   0.0   2   2      0.24     1e+02   -0.5   0.0   240   283   214   259   169   264 0.67 NC_011094.1_432 # 492562 # 493671 # -1 # ID=1_432;partial=00;start_type=ATG;rbs_motif=GGA/GAG/AGG;rbs_spacer=5-10bp;gc_cont=0.584
NC_011094.1:3612609-3613322|- -            238 22268at91347         -            406    0.0044   13.9   0.0   1   1   1.6e-05    0.0067   13.3   0.0    83   116    18    51     9    68 0.93 NC_011094.1_3426 # 3612609 # 3613322 # -1 # ID=1_3426;partial=00;start_type=ATG;rbs_motif=GGAG/GAGG;rbs_spacer=5-10bp;gc_cont=0.592
NC_011094.1:2824692-2828348|+ -           1219 22268at91347         -            406    0.0075   13.1   0.1   1   2     0.007       2.9    4.6   0.0    85   119   356   390   351   394 0.92 NC_011094.1_2671 # 2824692 # 2828348 # 1 # ID=1_2671;partial=00;start_type=ATG;rbs_motif=AGGAGG;rbs_spacer=3-4bp;gc_cont=0.593
NC_011094.1:2824692-2828348|+ -           1219 22268at91347         -            406    0.0075   13.1   0.1   2   2    0.0025         1    6.1   0.1    85   117   983  1015   978  1019 0.89 NC_011094.1_2671 # 2824692 # 2828348 # 1 # ID=1_2671;partial=00;start_type=ATG;rbs_motif=AGGAGG;rbs_spacer=3-4bp;gc_cont=0.593
NC_011094.1:937272-939008|-   -            579 22268at91347         -            406      0.01   12.7   0.2   1   2    0.0048         2    5.2   0.0    90   122    27    59    21    63 0.83 NC_011094.1_895 # 937272 # 939008 # -1 # ID=1_895;partial=00;start_type=ATG;rbs_motif=GGAG/GAGG;rbs_spacer=5-10bp;gc_cont=0.560
NC_011094.1:937272-939008|-   -            579 22268at91347         -            406      0.01   12.7   0.2   2   2    0.0039       1.6    5.4   0.1    85   134   344   394   323   413 0.78 NC_011094.1_895 # 937272 # 939008 # -1 # ID=1_895;partial=00;start_type=ATG;rbs_motif=GGAG/GAGG;rbs_spacer=5-10bp;gc_cont=0.560
NC_011094.1:2863278-2864480|+ -            401 22268at91347         -            406     0.012   12.5   0.1   1   1   4.8e-05      0.02   11.7   0.1    86   136    44    95    23   114 0.83 NC_011094.1_2708 # 2863278 # 2864480 # 1 # ID=1_2708;partial=00;start_type=ATG;rbs_motif=4Base/6BMM;rbs_spacer=13-15bp;gc_cont=0.501
NC_011094.1:1890826-1891638|+ -            271 22268at91347         -            406     0.016   12.1   0.6   1   2   5.3e-05     0.022   11.6   0.2    97   133     4    41     1    85 0.87 NC_011094.1_1803 # 1890826 # 1891638 # 1 # ID=1_1803;partial=00;start_type=ATG;rbs_motif=AGGA;rbs_spacer=5-10bp;gc_cont=0.515
NC_011094.1:1890826-1891638|+ -            271 22268at91347         -            406     0.016   12.1   0.6   2   2       2.2   9.2e+02   -3.6   0.0   263   283   182   203   170   206 0.72 NC_011094.1_1803 # 1890826 # 1891638 # 1 # ID=1_1803;partial=00;start_type=ATG;rbs_motif=AGGA;rbs_spacer=5-10bp;gc_cont=0.515
NC_011094.1:2080728-2081543|- -            272 22268at91347         -            406     0.034   11.0   0.0   1   2    0.0018      0.76    6.5   0.0    86   125    17    56    14    64 0.88 NC_011094.1_1999 # 2080728 # 2081543 # -1 # ID=1_1999;partial=00;start_type=ATG;rbs_motif=AGGA;rbs_spacer=5-10bp;gc_cont=0.528
NC_011094.1:2080728-2081543|- -            272 22268at91347         -            406     0.034   11.0   0.0   2   2     0.037        15    2.2   0.0   101   133   164   196   113   206 0.82 NC_011094.1_1999 # 2080728 # 2081543 # -1 # ID=1_1999;partial=00;start_type=ATG;rbs_motif=AGGA;rbs_spacer=5-10bp;gc_cont=0.528
NC_011094.1:3613324-3614091|- -            256 22268at91347         -            406     0.045   10.6   0.0   1   1   0.00016     0.067   10.0   0.0    85   121    20    56    13    62 0.89 NC_011094.1_3427 # 3613324 # 3614091 # -1 # ID=1_3427;partial=00;start_type=ATG;rbs_motif=AGGAG;rbs_spacer=5-10bp;gc_cont=0.577
NC_011094.1:2278428-2279375|- -            316 22268at91347         -            406     0.055   10.3   0.0   1   1   0.00021     0.086    9.7   0.0    84   122    15    53    12    65 0.91 NC_011094.1_2202 # 2278428 # 2279375 # -1 # ID=1_2202;partial=00;start_type=ATG;rbs_motif=GGAG/GAGG;rbs_spacer=5-10bp;gc_cont=0.580
#
# Program:         hmmsearch
# Version:         3.4 (Aug 2023)
# Pipeline mode:   SEARCH
# Query file:      /Users/dizzler/Projects/School/BIOL4600-Capstone/databases/lineages/enterobacterales_odb10/hmms/22268at91347.hmm
# Target file:     /Users/dizzler/Projects/School/BIOL4600-Capstone/reports/busco-results/GCF_000020745.1_ASM2074v1_genomic.fna/prodigal_output/predicted_genes/predicted.faa
# Option settings: hmmsearch --domtblout /Users/dizzler/Projects/School/BIOL4600-Capstone/reports/busco-results/GCF_000020745.1_ASM2074v1_genomic.fna/run_enterobacterales_odb10/hmmer_output/22268at91347.out --cpu 1 /Users/dizzler/Projects/School/BIOL4600-Capstone/databases/lineages/enterobacterales_odb10/hmms/22268at91347.hmm /Users/dizzler/Projects/School/BIOL4600-Capstone/reports/busco-results/GCF_000020745.1_ASM2074v1_genomic.fna/prodigal_output/predicted_genes/predicted.faa 
# Current dir:     /Users/dizzler/Projects/School/BIOL4600-Capstone
# Date:            Wed Feb 25 22:53:25 2026
# [ok]
