#                                                                                     --- full sequence --- -------------- this domain -------------   hmm coord   ali coord   env coord
# target name                 accession   tlen query name           accession   qlen   E-value  score  bias   #  of  c-Evalue  i-Evalue  score  bias  from    to  from    to  from    to  acc description of target
#         ------------------- ---------- ----- -------------------- ---------- ----- --------- ------ ----- --- --- --------- --------- ------ ----- ----- ----- ----- ----- ----- ----- ---- ---------------------
NC_011094.1:914925-916214|-   -            430 23619at91347         -            365  3.4e-200  662.6   1.0   1   2  2.4e-101   1.8e-98  327.8   0.1     1   173     1   179     1   183 0.95 NC_011094.1_873 # 914925 # 916214 # -1 # ID=1_873;partial=00;start_type=ATG;rbs_motif=None;rbs_spacer=None;gc_cont=0.584
NC_011094.1:914925-916214|-   -            430 23619at91347         -            365  3.4e-200  662.6   1.0   2   2  5.4e-103  4.1e-100  333.3   0.1   167   365   197   421   193   421 0.94 NC_011094.1_873 # 914925 # 916214 # -1 # ID=1_873;partial=00;start_type=ATG;rbs_motif=None;rbs_spacer=None;gc_cont=0.584
NC_011094.1:3292232-3293611|+ -            460 23619at91347         -            365   5.7e-45  151.8   0.0   1   1   4.2e-47   3.2e-44  149.4   0.0    38   299    79   356    67   367 0.78 NC_011094.1_3110 # 3292232 # 3293611 # 1 # ID=1_3110;partial=00;start_type=TTG;rbs_motif=GGAG/GAGG;rbs_spacer=5-10bp;gc_cont=0.543
NC_011094.1:3516223-3517440|- -            406 23619at91347         -            365   4.7e-36  122.5   0.0   1   1   9.2e-39     7e-36  121.9   0.0    38   303    39   313    17   329 0.78 NC_011094.1_3346 # 3516223 # 3517440 # -1 # ID=1_3346;partial=00;start_type=ATG;rbs_motif=GGxGG;rbs_spacer=5-10bp;gc_cont=0.561
NC_011094.1:1348866-1350092|+ -            409 23619at91347         -            365   1.2e-35  121.1   0.0   1   1   2.5e-38   1.9e-35  120.5   0.0    40   298    38   304    14   324 0.79 NC_011094.1_1284 # 1348866 # 1350092 # 1 # ID=1_1284;partial=00;start_type=ATG;rbs_motif=GGAG/GAGG;rbs_spacer=5-10bp;gc_cont=0.561
NC_011094.1:2848722-2850005|+ -            428 23619at91347         -            365   9.5e-33  111.6   0.5   1   2   2.3e-10   1.8e-07   28.5   0.0    56   149    56   149    23   171 0.85 NC_011094.1_2690 # 2848722 # 2850005 # 1 # ID=1_2690;partial=00;start_type=ATG;rbs_motif=AGGAG;rbs_spacer=5-10bp;gc_cont=0.579
NC_011094.1:2848722-2850005|+ -            428 23619at91347         -            365   9.5e-33  111.6   0.5   2   2   1.8e-26   1.4e-23   81.5   0.2   170   306   195   328   175   341 0.89 NC_011094.1_2690 # 2848722 # 2850005 # 1 # ID=1_2690;partial=00;start_type=ATG;rbs_motif=AGGAG;rbs_spacer=5-10bp;gc_cont=0.579
NC_011094.1:236441-237721|-   -            427 23619at91347         -            365   2.6e-21   74.0   0.0   1   1   7.9e-24     6e-21   72.8   0.0    32   297    39   319    31   343 0.77 NC_011094.1_198 # 236441 # 237721 # -1 # ID=1_198;partial=00;start_type=ATG;rbs_motif=AGGA;rbs_spacer=5-10bp;gc_cont=0.591
#
# Program:         hmmsearch
# Version:         3.4 (Aug 2023)
# Pipeline mode:   SEARCH
# Query file:      /Users/dizzler/Projects/School/BIOL4600-Capstone/databases/lineages/enterobacterales_odb10/hmms/23619at91347.hmm
# Target file:     /Users/dizzler/Projects/School/BIOL4600-Capstone/reports/busco-results/GCF_000020745.1_ASM2074v1_genomic.fna/prodigal_output/predicted_genes/predicted.faa
# Option settings: hmmsearch --domtblout /Users/dizzler/Projects/School/BIOL4600-Capstone/reports/busco-results/GCF_000020745.1_ASM2074v1_genomic.fna/run_enterobacterales_odb10/hmmer_output/23619at91347.out --cpu 1 /Users/dizzler/Projects/School/BIOL4600-Capstone/databases/lineages/enterobacterales_odb10/hmms/23619at91347.hmm /Users/dizzler/Projects/School/BIOL4600-Capstone/reports/busco-results/GCF_000020745.1_ASM2074v1_genomic.fna/prodigal_output/predicted_genes/predicted.faa 
# Current dir:     /Users/dizzler/Projects/School/BIOL4600-Capstone
# Date:            Wed Feb 25 22:53:25 2026
# [ok]
