#                                                                                     --- full sequence --- -------------- this domain -------------   hmm coord   ali coord   env coord
# target name                 accession   tlen query name           accession   qlen   E-value  score  bias   #  of  c-Evalue  i-Evalue  score  bias  from    to  from    to  from    to  acc description of target
#         ------------------- ---------- ----- -------------------- ---------- ----- --------- ------ ----- --- --- --------- --------- ------ ----- ----- ----- ----- ----- ----- ----- ---- ---------------------
NC_011094.1:499894-501258|-   -            455 26452at91347         -            382  8.6e-174  575.7  30.4   1   1  1.5e-172  2.1e-170  564.6  30.4     1   382     1   449     1   449 0.89 NC_011094.1_440 # 499894 # 501258 # -1 # ID=1_440;partial=00;start_type=ATG;rbs_motif=GGAG/GAGG;rbs_spacer=5-10bp;gc_cont=0.554
NC_011092.1:30249-31448|-     -            400 26452at91347         -            382   8.2e-18   62.3  13.6   1   2   8.8e-20   1.3e-17   61.7   1.3     6   197     1   193     1   223 0.86 NC_011092.1_29 # 30249 # 31448 # -1 # ID=2_29;partial=00;start_type=GTG;rbs_motif=GGAGG;rbs_spacer=5-10bp;gc_cont=0.636
NC_011092.1:30249-31448|-     -            400 26452at91347         -            382   8.2e-18   62.3  13.6   2   2     0.033       4.7    3.9   7.0    46   160   245   357   212   387 0.77 NC_011092.1_29 # 30249 # 31448 # -1 # ID=2_29;partial=00;start_type=GTG;rbs_motif=GGAGG;rbs_spacer=5-10bp;gc_cont=0.636
NC_011094.1:2342949-2344139|- -            397 26452at91347         -            382   3.7e-16   56.9  16.2   1   1   2.6e-18   3.7e-16   56.9  16.2    10   190     9   190     1   224 0.83 NC_011094.1_2259 # 2342949 # 2344139 # -1 # ID=1_2259;partial=00;start_type=GTG;rbs_motif=AGGAG;rbs_spacer=5-10bp;gc_cont=0.538
NC_011094.1:1469587-1470792|- -            402 26452at91347         -            382   1.1e-15   55.3   3.5   1   2   7.6e-18   1.1e-15   55.3   3.5    22   192    17   188     1   221 0.87 NC_011094.1_1405 # 1469587 # 1470792 # -1 # ID=1_1405;partial=00;start_type=ATG;rbs_motif=GGA/GAG/AGG;rbs_spacer=5-10bp;gc_cont=0.552
NC_011094.1:1469587-1470792|- -            402 26452at91347         -            382   1.1e-15   55.3   3.5   2   2       1.2   1.8e+02   -1.3   0.4   203   224   339   360   291   380 0.57 NC_011094.1_1405 # 1469587 # 1470792 # -1 # ID=1_1405;partial=00;start_type=ATG;rbs_motif=GGA/GAG/AGG;rbs_spacer=5-10bp;gc_cont=0.552
NC_011094.1:3881480-3882664|+ -            395 26452at91347         -            382   9.9e-15   52.2   5.3   1   2     7e-17   9.9e-15   52.2   5.3    14   173    11   171     1   189 0.76 NC_011094.1_3667 # 3881480 # 3882664 # 1 # ID=1_3667;partial=00;start_type=ATG;rbs_motif=None;rbs_spacer=None;gc_cont=0.581
NC_011094.1:3881480-3882664|+ -            395 26452at91347         -            382   9.9e-15   52.2   5.3   2   2       7.9   1.1e+03   -4.0   0.3   316   336   231   246   221   255 0.46 NC_011094.1_3667 # 3881480 # 3882664 # 1 # ID=1_3667;partial=00;start_type=ATG;rbs_motif=None;rbs_spacer=None;gc_cont=0.581
NC_011094.1:3930088-3931275|+ -            396 26452at91347         -            382   1.7e-13   48.1  11.1   1   2   1.2e-15   1.7e-13   48.1  11.1    26   219    18   224     3   304 0.78 NC_011094.1_3710 # 3930088 # 3931275 # 1 # ID=1_3710;partial=00;start_type=ATG;rbs_motif=GGAG/GAGG;rbs_spacer=5-10bp;gc_cont=0.557
NC_011094.1:3930088-3931275|+ -            396 26452at91347         -            382   1.7e-13   48.1  11.1   2   2      0.29        42    0.8   0.4   159   190   349   383   327   391 0.64 NC_011094.1_3710 # 3930088 # 3931275 # 1 # ID=1_3710;partial=00;start_type=ATG;rbs_motif=GGAG/GAGG;rbs_spacer=5-10bp;gc_cont=0.557
NC_011094.1:1530163-1531416|- -            418 26452at91347         -            382   9.5e-12   42.4  18.2   1   2     1e-10   1.4e-08   31.9   8.3    30   205    58   231    34   262 0.80 NC_011094.1_1464 # 1530163 # 1531416 # -1 # ID=1_1464;partial=00;start_type=GTG;rbs_motif=AGGA;rbs_spacer=5-10bp;gc_cont=0.550
NC_011094.1:1530163-1531416|- -            418 26452at91347         -            382   9.5e-12   42.4  18.2   2   2   7.7e-06    0.0011   15.8   2.3   256   328   314   385   293   399 0.85 NC_011094.1_1464 # 1530163 # 1531416 # -1 # ID=1_1464;partial=00;start_type=GTG;rbs_motif=AGGA;rbs_spacer=5-10bp;gc_cont=0.550
NC_011094.1:4635142-4636383|- -            414 26452at91347         -            382   9.7e-12   42.3  11.6   1   1   1.3e-13   1.8e-11   41.5  11.6    52   191    56   197    46   276 0.92 NC_011094.1_4354 # 4635142 # 4636383 # -1 # ID=1_4354;partial=00;start_type=ATG;rbs_motif=GGAG/GAGG;rbs_spacer=5-10bp;gc_cont=0.575
NC_011094.1:991625-992857|+   -            411 26452at91347         -            382   3.2e-10   37.4   3.9   1   2   2.2e-12   3.2e-10   37.4   3.9    60   200    65   207    48   255 0.83 NC_011094.1_944 # 991625 # 992857 # 1 # ID=1_944;partial=00;start_type=ATG;rbs_motif=GGA/GAG/AGG;rbs_spacer=5-10bp;gc_cont=0.547
NC_011094.1:991625-992857|+   -            411 26452at91347         -            382   3.2e-10   37.4   3.9   2   2       1.1   1.6e+02   -1.1   0.6    87    98   295   306   257   397 0.68 NC_011094.1_944 # 991625 # 992857 # 1 # ID=1_944;partial=00;start_type=ATG;rbs_motif=GGA/GAG/AGG;rbs_spacer=5-10bp;gc_cont=0.547
NC_011094.1:1209367-1210575|- -            403 26452at91347         -            382   4.8e-10   36.7  17.8   1   1   3.6e-11   5.1e-09   33.4  17.7    22   330    21   359    11   368 0.72 NC_011094.1_1141 # 1209367 # 1210575 # -1 # ID=1_1141;partial=00;start_type=ATG;rbs_motif=GGAGG;rbs_spacer=3-4bp;gc_cont=0.559
NC_011094.1:1588857-1590098|- -            414 26452at91347         -            382   7.7e-10   36.1  12.1   1   2   5.4e-12   7.7e-10   36.1  12.1    16   151    25   160    12   249 0.71 NC_011094.1_1523 # 1588857 # 1590098 # -1 # ID=1_1523;partial=00;start_type=ATG;rbs_motif=GGA/GAG/AGG;rbs_spacer=5-10bp;gc_cont=0.494
NC_011094.1:1588857-1590098|- -            414 26452at91347         -            382   7.7e-10   36.1  12.1   2   2       4.5   6.4e+02   -3.2  12.6   232   361   273   409   270   413 0.57 NC_011094.1_1523 # 1588857 # 1590098 # -1 # ID=1_1523;partial=00;start_type=ATG;rbs_motif=GGA/GAG/AGG;rbs_spacer=5-10bp;gc_cont=0.494
NC_011094.1:2243269-2244681|+ -            471 26452at91347         -            382   8.1e-10   36.0  10.3   1   1   5.7e-12   8.1e-10   36.0  10.3    49   211    47   211     7   216 0.83 NC_011094.1_2169 # 2243269 # 2244681 # 1 # ID=1_2169;partial=00;start_type=ATG;rbs_motif=AGxAG;rbs_spacer=3-4bp;gc_cont=0.544
NC_011092.1:56689-57948|-     -            420 26452at91347         -            382   9.8e-10   35.7   4.6   1   3   6.9e-12   9.8e-10   35.7   4.6    21   188    24   193     8   223 0.79 NC_011092.1_58 # 56689 # 57948 # -1 # ID=2_58;partial=00;start_type=GTG;rbs_motif=AGGAG;rbs_spacer=5-10bp;gc_cont=0.553
NC_011092.1:56689-57948|-     -            420 26452at91347         -            382   9.8e-10   35.7   4.6   2   3         2   2.8e+02   -2.0   3.6   142   187   228   275   218   298 0.84 NC_011092.1_58 # 56689 # 57948 # -1 # ID=2_58;partial=00;start_type=GTG;rbs_motif=AGGAG;rbs_spacer=5-10bp;gc_cont=0.553
NC_011092.1:56689-57948|-     -            420 26452at91347         -            382   9.8e-10   35.7   4.6   3   3       1.5   2.1e+02   -1.6   1.3    68   118   270   325   259   333 0.65 NC_011092.1_58 # 56689 # 57948 # -1 # ID=2_58;partial=00;start_type=GTG;rbs_motif=AGGAG;rbs_spacer=5-10bp;gc_cont=0.553
NC_011094.1:1180316-1181596|+ -            427 26452at91347         -            382   1.7e-09   34.9   1.2   1   3   1.2e-11   1.7e-09   34.9   1.2    67   194    73   201    69   251 0.79 NC_011094.1_1107 # 1180316 # 1181596 # 1 # ID=1_1107;partial=00;start_type=GTG;rbs_motif=GGA/GAG/AGG;rbs_spacer=5-10bp;gc_cont=0.453
NC_011094.1:1180316-1181596|+ -            427 26452at91347         -            382   1.7e-09   34.9   1.2   2   3     0.026       3.7    4.2   0.3    64    89   283   308   272   342 0.82 NC_011094.1_1107 # 1180316 # 1181596 # 1 # ID=1_1107;partial=00;start_type=GTG;rbs_motif=GGA/GAG/AGG;rbs_spacer=5-10bp;gc_cont=0.453
NC_011094.1:1180316-1181596|+ -            427 26452at91347         -            382   1.7e-09   34.9   1.2   3   3       2.2   3.2e+02   -2.1   0.1   145   183   390   407   367   419 0.52 NC_011094.1_1107 # 1180316 # 1181596 # 1 # ID=1_1107;partial=00;start_type=GTG;rbs_motif=GGA/GAG/AGG;rbs_spacer=5-10bp;gc_cont=0.453
NC_011094.1:3153337-3154731|+ -            465 26452at91347         -            382   2.8e-09   34.2  24.1   1   2   6.8e-08   9.7e-06   22.6   6.3    65   160    70   167    58   197 0.73 NC_011094.1_2979 # 3153337 # 3154731 # 1 # ID=1_2979;partial=00;start_type=ATG;rbs_motif=GGAGG;rbs_spacer=5-10bp;gc_cont=0.550
NC_011094.1:3153337-3154731|+ -            465 26452at91347         -            382   2.8e-09   34.2  24.1   2   2   1.4e-05     0.002   15.0   9.8    55   202   295   453   249   456 0.71 NC_011094.1_2979 # 3153337 # 3154731 # 1 # ID=1_2979;partial=00;start_type=ATG;rbs_motif=GGAGG;rbs_spacer=5-10bp;gc_cont=0.550
NC_011094.1:3080078-3081496|- -            473 26452at91347         -            382   1.6e-08   31.8  21.2   1   2   8.4e-09   1.2e-06   25.6   6.3    61   184    73   198    35   220 0.87 NC_011094.1_2907 # 3080078 # 3081496 # -1 # ID=1_2907;partial=00;start_type=ATG;rbs_motif=GGA/GAG/AGG;rbs_spacer=5-10bp;gc_cont=0.526
NC_011094.1:3080078-3081496|- -            473 26452at91347         -            382   1.6e-08   31.8  21.2   2   2   0.00021      0.03   11.1   5.4    69   201   316   462   290   467 0.69 NC_011094.1_2907 # 3080078 # 3081496 # -1 # ID=1_2907;partial=00;start_type=ATG;rbs_motif=GGA/GAG/AGG;rbs_spacer=5-10bp;gc_cont=0.526
NC_011094.1:448444-449655|+   -            404 26452at91347         -            382   4.9e-08   30.2  11.1   1   2   3.4e-10   4.9e-08   30.2  11.1    27   187    22   187     5   206 0.84 NC_011094.1_388 # 448444 # 449655 # 1 # ID=1_388;partial=00;start_type=ATG;rbs_motif=GGA/GAG/AGG;rbs_spacer=3-4bp;gc_cont=0.523
NC_011094.1:448444-449655|+   -            404 26452at91347         -            382   4.9e-08   30.2  11.1   2   2     0.031       4.4    4.0  10.6    31   178   232   384   212   399 0.73 NC_011094.1_388 # 448444 # 449655 # 1 # ID=1_388;partial=00;start_type=ATG;rbs_motif=GGA/GAG/AGG;rbs_spacer=3-4bp;gc_cont=0.523
NC_011094.1:1199553-1200767|- -            405 26452at91347         -            382   5.7e-08   29.9  25.9   1   2   1.6e-07   2.2e-05   21.4   9.8    29   190    30   196    10   226 0.79 NC_011094.1_1129 # 1199553 # 1200767 # -1 # ID=1_1129;partial=00;start_type=ATG;rbs_motif=GGA/GAG/AGG;rbs_spacer=5-10bp;gc_cont=0.547
NC_011094.1:1199553-1200767|- -            405 26452at91347         -            382   5.7e-08   29.9  25.9   2   2   3.8e-05    0.0053   13.6   9.4    12   174   218   385   209   393 0.74 NC_011094.1_1129 # 1199553 # 1200767 # -1 # ID=1_1129;partial=00;start_type=ATG;rbs_motif=GGA/GAG/AGG;rbs_spacer=5-10bp;gc_cont=0.547
NC_011094.1:3973538-3974965|- -            476 26452at91347         -            382   6.8e-08   29.7  10.8   1   2   4.8e-10   6.8e-08   29.7  10.8    52   249    51   246     5   268 0.75 NC_011094.1_3750 # 3973538 # 3974965 # -1 # ID=1_3750;partial=00;start_type=ATG;rbs_motif=AGGA;rbs_spacer=5-10bp;gc_cont=0.520
NC_011094.1:3973538-3974965|- -            476 26452at91347         -            382   6.8e-08   29.7  10.8   2   2       4.9     7e+02   -3.3   4.5    84   152   334   414   309   462 0.47 NC_011094.1_3750 # 3973538 # 3974965 # -1 # ID=1_3750;partial=00;start_type=ATG;rbs_motif=AGGA;rbs_spacer=5-10bp;gc_cont=0.520
NC_011094.1:2487691-2488869|- -            393 26452at91347         -            382   1.4e-07   28.6  21.4   1   3   4.8e-05    0.0069   13.2   4.4    22   177    26   191     6   207 0.76 NC_011094.1_2394 # 2487691 # 2488869 # -1 # ID=1_2394;partial=00;start_type=ATG;rbs_motif=GGAG/GAGG;rbs_spacer=5-10bp;gc_cont=0.605
NC_011094.1:2487691-2488869|- -            393 26452at91347         -            382   1.4e-07   28.6  21.4   2   3       5.2   7.4e+02   -3.4   0.0   100   113   218   231   213   241 0.71 NC_011094.1_2394 # 2487691 # 2488869 # -1 # ID=1_2394;partial=00;start_type=ATG;rbs_motif=GGAG/GAGG;rbs_spacer=5-10bp;gc_cont=0.605
NC_011094.1:2487691-2488869|- -            393 26452at91347         -            382   1.4e-07   28.6  21.4   3   3   3.2e-07   4.6e-05   20.4   7.4    47   183   249   387   232   389 0.79 NC_011094.1_2394 # 2487691 # 2488869 # -1 # ID=1_2394;partial=00;start_type=ATG;rbs_motif=GGAG/GAGG;rbs_spacer=5-10bp;gc_cont=0.605
NC_011094.1:1627557-1629044|- -            496 26452at91347         -            382   7.3e-07   26.3  18.8   1   2   5.1e-09   7.3e-07   26.3  18.8    38   285    33   281    21   329 0.65 NC_011094.1_1560 # 1627557 # 1629044 # -1 # ID=1_1560;partial=00;start_type=ATG;rbs_motif=GGA/GAG/AGG;rbs_spacer=5-10bp;gc_cont=0.579
NC_011094.1:1627557-1629044|- -            496 26452at91347         -            382   7.3e-07   26.3  18.8   2   2       2.1   2.9e+02   -2.0   0.0   279   329   360   412   349   419 0.72 NC_011094.1_1560 # 1627557 # 1629044 # -1 # ID=1_1560;partial=00;start_type=ATG;rbs_motif=GGA/GAG/AGG;rbs_spacer=5-10bp;gc_cont=0.579
NC_011094.1:2866767-2867951|+ -            395 26452at91347         -            382   1.2e-06   25.6   9.0   1   3   8.3e-09   1.2e-06   25.6   9.0    58   214    60   213    11   219 0.78 NC_011094.1_2711 # 2866767 # 2867951 # 1 # ID=1_2711;partial=00;start_type=ATG;rbs_motif=None;rbs_spacer=None;gc_cont=0.593
NC_011094.1:2866767-2867951|+ -            395 26452at91347         -            382   1.2e-06   25.6   9.0   2   3       1.1   1.5e+02   -1.1   0.4    49   106   250   307   243   330 0.68 NC_011094.1_2711 # 2866767 # 2867951 # 1 # ID=1_2711;partial=00;start_type=ATG;rbs_motif=None;rbs_spacer=None;gc_cont=0.593
NC_011094.1:2866767-2867951|+ -            395 26452at91347         -            382   1.2e-06   25.6   9.0   3   3      0.98   1.4e+02   -1.0   0.8   300   324   332   356   272   371 0.62 NC_011094.1_2711 # 2866767 # 2867951 # 1 # ID=1_2711;partial=00;start_type=ATG;rbs_motif=None;rbs_spacer=None;gc_cont=0.593
NC_011094.1:2295864-2297222|- -            453 26452at91347         -            382   5.3e-06   23.4   0.7   1   1   3.7e-08   5.3e-06   23.4   0.7    67   188    77   200    65   213 0.89 NC_011094.1_2217 # 2295864 # 2297222 # -1 # ID=1_2217;partial=00;start_type=ATG;rbs_motif=GGAG/GAGG;rbs_spacer=5-10bp;gc_cont=0.588
NC_011094.1:1916651-1918024|+ -            458 26452at91347         -            382   6.6e-06   23.1  12.1   1   2   4.6e-08   6.6e-06   23.1  12.1    53   194    57   200    15   223 0.76 NC_011094.1_1829 # 1916651 # 1918024 # 1 # ID=1_1829;partial=00;start_type=ATG;rbs_motif=None;rbs_spacer=None;gc_cont=0.552
NC_011094.1:1916651-1918024|+ -            458 26452at91347         -            382   6.6e-06   23.1  12.1   2   2       2.5   3.5e+02   -2.3   0.1   291   328   383   420   361   423 0.81 NC_011094.1_1829 # 1916651 # 1918024 # 1 # ID=1_1829;partial=00;start_type=ATG;rbs_motif=None;rbs_spacer=None;gc_cont=0.552
NC_011094.1:414671-415924|+   -            418 26452at91347         -            382   6.9e-06   23.1  17.5   1   2   3.6e-06   0.00052   16.9   8.9    12   219    14   226     6   241 0.78 NC_011094.1_362 # 414671 # 415924 # 1 # ID=1_362;partial=00;start_type=ATG;rbs_motif=AGGA;rbs_spacer=5-10bp;gc_cont=0.540
NC_011094.1:414671-415924|+   -            418 26452at91347         -            382   6.9e-06   23.1  17.5   2   2   0.00021      0.03   11.1   1.4    47    86   250   289   237   320 0.82 NC_011094.1_362 # 414671 # 415924 # 1 # ID=1_362;partial=00;start_type=ATG;rbs_motif=AGGA;rbs_spacer=5-10bp;gc_cont=0.540
NC_011094.1:298919-300094|+   -            392 26452at91347         -            382   8.6e-06   22.8  13.5   1   1   6.1e-08   8.6e-06   22.8  13.5    28   189    20   182     9   206 0.85 NC_011094.1_250 # 298919 # 300094 # 1 # ID=1_250;partial=00;start_type=ATG;rbs_motif=GGAG/GAGG;rbs_spacer=5-10bp;gc_cont=0.563
NC_011094.1:1566363-1567553|- -            397 26452at91347         -            382   0.00031   17.6  29.0   1   1   2.7e-05    0.0038   14.1  29.0    45   229    46   230    14   368 0.87 NC_011094.1_1501 # 1566363 # 1567553 # -1 # ID=1_1501;partial=00;start_type=ATG;rbs_motif=None;rbs_spacer=None;gc_cont=0.531
NC_011094.1:2870294-2871832|+ -            513 26452at91347         -            382   0.00036   17.4   3.7   1   2   2.5e-06   0.00036   17.4   3.7    53   214    55   220    43   223 0.71 NC_011094.1_2714 # 2870294 # 2871832 # 1 # ID=1_2714;partial=00;start_type=ATG;rbs_motif=GGAG/GAGG;rbs_spacer=5-10bp;gc_cont=0.567
NC_011094.1:2870294-2871832|+ -            513 26452at91347         -            382   0.00036   17.4   3.7   2   2       1.2   1.7e+02   -1.3   5.4   170   253   234   324   228   355 0.66 NC_011094.1_2714 # 2870294 # 2871832 # 1 # ID=1_2714;partial=00;start_type=ATG;rbs_motif=GGAG/GAGG;rbs_spacer=5-10bp;gc_cont=0.567
NC_011094.1:2391265-2392179|- -            305 26452at91347         -            382    0.0012   15.7  18.3   1   1   2.2e-05    0.0031   14.3  18.4    11   191    17   200     7   274 0.80 NC_011094.1_2304 # 2391265 # 2392179 # -1 # ID=1_2304;partial=00;start_type=GTG;rbs_motif=GGA/GAG/AGG;rbs_spacer=5-10bp;gc_cont=0.492
NC_011094.1:3405645-3407135|- -            497 26452at91347         -            382    0.0067   13.2  16.5   1   2   9.9e-06    0.0014   15.5  10.8    66   338    74   349    66   369 0.74 NC_011094.1_3221 # 3405645 # 3407135 # -1 # ID=1_3221;partial=00;start_type=ATG;rbs_motif=GGAG/GAGG;rbs_spacer=5-10bp;gc_cont=0.553
NC_011094.1:3405645-3407135|- -            497 26452at91347         -            382    0.0067   13.2  16.5   2   2      0.76   1.1e+02   -0.6   0.1   148   190   416   459   395   463 0.72 NC_011094.1_3221 # 3405645 # 3407135 # -1 # ID=1_3221;partial=00;start_type=ATG;rbs_motif=GGAG/GAGG;rbs_spacer=5-10bp;gc_cont=0.553
NC_011094.1:1561875-1563062|- -            396 26452at91347         -            382     0.054   10.3  23.5   1   1   0.00099      0.14    8.9  22.7    13   188     9   185     1   372 0.84 NC_011094.1_1495 # 1561875 # 1563062 # -1 # ID=1_1495;partial=00;start_type=ATG;rbs_motif=GGA/GAG/AGG;rbs_spacer=5-10bp;gc_cont=0.515
NC_011094.1:2958616-2959824|- -            403 26452at91347         -            382      0.18    8.6  25.0   1   2   2.1e-05     0.003   14.4  11.7    10   213     5   206     1   219 0.77 NC_011094.1_2802 # 2958616 # 2959824 # -1 # ID=1_2802;partial=00;start_type=ATG;rbs_motif=GGAGG;rbs_spacer=5-10bp;gc_cont=0.542
NC_011094.1:2958616-2959824|- -            403 26452at91347         -            382      0.18    8.6  25.0   2   2       2.2   3.1e+02   -2.1   8.7    15   113   205   307   198   396 0.65 NC_011094.1_2802 # 2958616 # 2959824 # -1 # ID=1_2802;partial=00;start_type=ATG;rbs_motif=GGAGG;rbs_spacer=5-10bp;gc_cont=0.542
#
# Program:         hmmsearch
# Version:         3.4 (Aug 2023)
# Pipeline mode:   SEARCH
# Query file:      /Users/dizzler/Projects/School/BIOL4600-Capstone/databases/lineages/enterobacterales_odb10/hmms/26452at91347.hmm
# Target file:     /Users/dizzler/Projects/School/BIOL4600-Capstone/reports/busco-results/GCF_000020745.1_ASM2074v1_genomic.fna/prodigal_output/predicted_genes/predicted.faa
# Option settings: hmmsearch --domtblout /Users/dizzler/Projects/School/BIOL4600-Capstone/reports/busco-results/GCF_000020745.1_ASM2074v1_genomic.fna/run_enterobacterales_odb10/hmmer_output/26452at91347.out --cpu 1 /Users/dizzler/Projects/School/BIOL4600-Capstone/databases/lineages/enterobacterales_odb10/hmms/26452at91347.hmm /Users/dizzler/Projects/School/BIOL4600-Capstone/reports/busco-results/GCF_000020745.1_ASM2074v1_genomic.fna/prodigal_output/predicted_genes/predicted.faa 
# Current dir:     /Users/dizzler/Projects/School/BIOL4600-Capstone
# Date:            Wed Feb 25 22:53:25 2026
# [ok]
