#                                                                                     --- full sequence --- -------------- this domain -------------   hmm coord   ali coord   env coord
# target name                 accession   tlen query name           accession   qlen   E-value  score  bias   #  of  c-Evalue  i-Evalue  score  bias  from    to  from    to  from    to  acc description of target
#         ------------------- ---------- ----- -------------------- ---------- ----- --------- ------ ----- --- --- --------- --------- ------ ----- ----- ----- ----- ----- ----- ----- ---- ---------------------
NC_011094.1:2745269-2746624|+ -            452 27820at91347         -            386  6.7e-197  652.3   9.3   1   2   3.9e-80   3.5e-77  258.2   0.1     1   161     5   182     5   195 0.90 NC_011094.1_2612 # 2745269 # 2746624 # 1 # ID=1_2612;partial=00;start_type=ATG;rbs_motif=AGxAG;rbs_spacer=11-12bp;gc_cont=0.499
NC_011094.1:2745269-2746624|+ -            452 27820at91347         -            386  6.7e-197  652.3   9.3   2   2  4.7e-122  4.3e-119  396.2   5.1   155   386   199   451   191   451 0.91 NC_011094.1_2612 # 2745269 # 2746624 # 1 # ID=1_2612;partial=00;start_type=ATG;rbs_motif=AGxAG;rbs_spacer=11-12bp;gc_cont=0.499
NC_011094.1:932442-933683|-   -            414 27820at91347         -            386   1.4e-09   35.7   0.6   1   3   0.00015      0.14    9.4   0.2    24    75    19    69     9   136 0.75 NC_011094.1_890 # 932442 # 933683 # -1 # ID=1_890;partial=00;start_type=ATG;rbs_motif=GGAG/GAGG;rbs_spacer=5-10bp;gc_cont=0.545
NC_011094.1:932442-933683|-   -            414 27820at91347         -            386   1.4e-09   35.7   0.6   2   3    0.0056       5.1    4.2   0.0   196   242   208   254   203   259 0.89 NC_011094.1_890 # 932442 # 933683 # -1 # ID=1_890;partial=00;start_type=ATG;rbs_motif=GGAG/GAGG;rbs_spacer=5-10bp;gc_cont=0.545
NC_011094.1:932442-933683|-   -            414 27820at91347         -            386   1.4e-09   35.7   0.6   3   3   2.5e-07   0.00023   18.5   0.1   281   337   274   330   267   351 0.84 NC_011094.1_890 # 932442 # 933683 # -1 # ID=1_890;partial=00;start_type=ATG;rbs_motif=GGAG/GAGG;rbs_spacer=5-10bp;gc_cont=0.545
NC_011094.1:1810255-1811715|+ -            487 27820at91347         -            386   1.5e-06   25.7   0.1   1   3     0.068        61    0.7   0.0    24   132   129   239   114   251 0.62 NC_011094.1_1730 # 1810255 # 1811715 # 1 # ID=1_1730;partial=00;start_type=ATG;rbs_motif=AGGA/GGAG/GAGG;rbs_spacer=11-12bp;gc_cont=0.537
NC_011094.1:1810255-1811715|+ -            487 27820at91347         -            386   1.5e-06   25.7   0.1   2   3   7.5e-05     0.068   10.4   0.0   196   245   322   371   316   376 0.87 NC_011094.1_1730 # 1810255 # 1811715 # 1 # ID=1_1730;partial=00;start_type=ATG;rbs_motif=AGGA/GGAG/GAGG;rbs_spacer=11-12bp;gc_cont=0.537
NC_011094.1:1810255-1811715|+ -            487 27820at91347         -            386   1.5e-06   25.7   0.1   3   3   6.6e-05      0.06   10.6   0.0   286   333   393   440   382   452 0.89 NC_011094.1_1730 # 1810255 # 1811715 # 1 # ID=1_1730;partial=00;start_type=ATG;rbs_motif=AGGA/GGAG/GAGG;rbs_spacer=11-12bp;gc_cont=0.537
NC_011094.1:1191797-1193281|+ -            495 27820at91347         -            386   0.00026   18.3   0.0   1   2         1   9.2e+02   -3.2   0.0    37    67    64    94    47   102 0.68 NC_011094.1_1123 # 1191797 # 1193281 # 1 # ID=1_1123;partial=00;start_type=ATG;rbs_motif=None;rbs_spacer=None;gc_cont=0.537
NC_011094.1:1191797-1193281|+ -            495 27820at91347         -            386   0.00026   18.3   0.0   2   2   7.7e-07    0.0007   16.9   0.0   192   331   284   424   267   435 0.86 NC_011094.1_1123 # 1191797 # 1193281 # 1 # ID=1_1123;partial=00;start_type=ATG;rbs_motif=None;rbs_spacer=None;gc_cont=0.537
NC_011092.1:106050-106577|+   -            176 27820at91347         -            386     0.018   12.3   0.1   1   1   3.6e-05     0.033   11.4   0.1    85   131    81   128    71   135 0.86 NC_011092.1_119 # 106050 # 106577 # 1 # ID=2_119;partial=00;start_type=ATG;rbs_motif=GGAG/GAGG;rbs_spacer=5-10bp;gc_cont=0.633
#
# Program:         hmmsearch
# Version:         3.4 (Aug 2023)
# Pipeline mode:   SEARCH
# Query file:      /Users/dizzler/Projects/School/BIOL4600-Capstone/databases/lineages/enterobacterales_odb10/hmms/27820at91347.hmm
# Target file:     /Users/dizzler/Projects/School/BIOL4600-Capstone/reports/busco-results/GCF_000020745.1_ASM2074v1_genomic.fna/prodigal_output/predicted_genes/predicted.faa
# Option settings: hmmsearch --domtblout /Users/dizzler/Projects/School/BIOL4600-Capstone/reports/busco-results/GCF_000020745.1_ASM2074v1_genomic.fna/run_enterobacterales_odb10/hmmer_output/27820at91347.out --cpu 1 /Users/dizzler/Projects/School/BIOL4600-Capstone/databases/lineages/enterobacterales_odb10/hmms/27820at91347.hmm /Users/dizzler/Projects/School/BIOL4600-Capstone/reports/busco-results/GCF_000020745.1_ASM2074v1_genomic.fna/prodigal_output/predicted_genes/predicted.faa 
# Current dir:     /Users/dizzler/Projects/School/BIOL4600-Capstone
# Date:            Wed Feb 25 22:53:25 2026
# [ok]
