#                                                                                     --- full sequence --- -------------- this domain -------------   hmm coord   ali coord   env coord
# target name                 accession   tlen query name           accession   qlen   E-value  score  bias   #  of  c-Evalue  i-Evalue  score  bias  from    to  from    to  from    to  acc description of target
#         ------------------- ---------- ----- -------------------- ---------- ----- --------- ------ ----- --- --- --------- --------- ------ ----- ----- ----- ----- ----- ----- ----- ---- ---------------------
NC_011094.1:3441721-3442764|- -            348 29906at91347         -            311  2.6e-197  652.1   5.9   1   1  3.4e-200  3.1e-197  651.9   5.9     1   311     1   337     1   337 0.97 NC_011094.1_3257 # 3441721 # 3442764 # -1 # ID=1_3257;partial=00;start_type=ATG;rbs_motif=AGGA/GGAG/GAGG;rbs_spacer=11-12bp;gc_cont=0.560
NC_011094.1:2679302-2681152|- -            617 29906at91347         -            311   1.2e-12   45.6   1.7   1   2   7.9e-13   7.2e-10   36.5   0.2   105   217   151   266    20   276 0.87 NC_011094.1_2552 # 2679302 # 2681152 # -1 # ID=1_2552;partial=00;start_type=ATG;rbs_motif=GGA/GAG/AGG;rbs_spacer=5-10bp;gc_cont=0.589
NC_011094.1:2679302-2681152|- -            617 29906at91347         -            311   1.2e-12   45.6   1.7   2   2    0.0015       1.4    6.0   0.1   202   270   502   570   491   577 0.83 NC_011094.1_2552 # 2679302 # 2681152 # -1 # ID=1_2552;partial=00;start_type=ATG;rbs_motif=GGA/GAG/AGG;rbs_spacer=5-10bp;gc_cont=0.589
NC_011094.1:11594-13510|+     -            639 29906at91347         -            311   1.1e-07   29.3   0.0   1   2      0.14   1.2e+02   -0.4   0.0   160   199     5    44     2    75 0.66 NC_011094.1_11 # 11594 # 13510 # 1 # ID=1_11;partial=00;start_type=ATG;rbs_motif=GGAG/GAGG;rbs_spacer=5-10bp;gc_cont=0.526
NC_011094.1:11594-13510|+     -            639 29906at91347         -            311   1.1e-07   29.3   0.0   2   2   8.1e-10   7.4e-07   26.6   0.0   102   201   134   243   102   252 0.79 NC_011094.1_11 # 11594 # 13510 # 1 # ID=1_11;partial=00;start_type=ATG;rbs_motif=GGAG/GAGG;rbs_spacer=5-10bp;gc_cont=0.526
NC_011094.1:2234035-2235387|+ -            451 29906at91347         -            311   2.3e-05   21.7   0.1   1   2     7e-08   6.4e-05   20.2   0.0   122   172   176   226   119   261 0.82 NC_011094.1_2164 # 2234035 # 2235387 # 1 # ID=1_2164;partial=00;start_type=GTG;rbs_motif=GGA/GAG/AGG;rbs_spacer=5-10bp;gc_cont=0.595
NC_011094.1:2234035-2235387|+ -            451 29906at91347         -            311   2.3e-05   21.7   0.1   2   2       0.4   3.6e+02   -2.0   0.0   242   261   377   396   364   440 0.66 NC_011094.1_2164 # 2234035 # 2235387 # 1 # ID=1_2164;partial=00;start_type=GTG;rbs_motif=GGA/GAG/AGG;rbs_spacer=5-10bp;gc_cont=0.595
NC_011094.1:2572939-2573778|- -            280 29906at91347         -            311   0.00028   18.1   0.0   1   1   4.8e-07   0.00044   17.5   0.0   127   190   115   173    60   185 0.73 NC_011094.1_2476 # 2572939 # 2573778 # -1 # ID=1_2476;partial=00;start_type=ATG;rbs_motif=GGA/GAG/AGG;rbs_spacer=5-10bp;gc_cont=0.615
#
# Program:         hmmsearch
# Version:         3.4 (Aug 2023)
# Pipeline mode:   SEARCH
# Query file:      /Users/dizzler/Projects/School/BIOL4600-Capstone/databases/lineages/enterobacterales_odb10/hmms/29906at91347.hmm
# Target file:     /Users/dizzler/Projects/School/BIOL4600-Capstone/reports/busco-results/GCF_000020745.1_ASM2074v1_genomic.fna/prodigal_output/predicted_genes/predicted.faa
# Option settings: hmmsearch --domtblout /Users/dizzler/Projects/School/BIOL4600-Capstone/reports/busco-results/GCF_000020745.1_ASM2074v1_genomic.fna/run_enterobacterales_odb10/hmmer_output/29906at91347.out --cpu 1 /Users/dizzler/Projects/School/BIOL4600-Capstone/databases/lineages/enterobacterales_odb10/hmms/29906at91347.hmm /Users/dizzler/Projects/School/BIOL4600-Capstone/reports/busco-results/GCF_000020745.1_ASM2074v1_genomic.fna/prodigal_output/predicted_genes/predicted.faa 
# Current dir:     /Users/dizzler/Projects/School/BIOL4600-Capstone
# Date:            Wed Feb 25 22:53:25 2026
# [ok]
