#                                                                                     --- full sequence --- -------------- this domain -------------   hmm coord   ali coord   env coord
# target name                 accession   tlen query name           accession   qlen   E-value  score  bias   #  of  c-Evalue  i-Evalue  score  bias  from    to  from    to  from    to  acc description of target
#         ------------------- ---------- ----- -------------------- ---------- ----- --------- ------ ----- --- --- --------- --------- ------ ----- ----- ----- ----- ----- ----- ----- ---- ---------------------
NC_011094.1:143371-144858|+   -            496 30417at91347         -            419  4.4e-193  639.8   0.0   1   1  1.6e-195  1.2e-192  638.4   0.0     1   418     3   492     3   493 0.90 NC_011094.1_120 # 143371 # 144858 # 1 # ID=1_120;partial=00;start_type=GTG;rbs_motif=GGAG/GAGG;rbs_spacer=5-10bp;gc_cont=0.590
NC_011094.1:147292-148608|+   -            439 30417at91347         -            419   1.9e-11   41.4   4.3   1   1   5.2e-13   3.9e-10   37.1   4.3    81   284   106   306    97   353 0.75 NC_011094.1_123 # 147292 # 148608 # 1 # ID=1_123;partial=00;start_type=ATG;rbs_motif=GGA/GAG/AGG;rbs_spacer=5-10bp;gc_cont=0.587
NC_011094.1:144855-146213|+   -            453 30417at91347         -            419   2.6e-11   41.0   0.0   1   1   1.3e-13   9.6e-11   39.1   0.0    12   298    24   336    21   350 0.74 NC_011094.1_121 # 144855 # 146213 # 1 # ID=1_121;partial=00;start_type=ATG;rbs_motif=GGxGG;rbs_spacer=5-10bp;gc_cont=0.564
NC_011094.1:151035-152510|+   -            492 30417at91347         -            419   1.2e-05   22.3   0.0   1   3   0.00055      0.42    7.4   0.0    82   100   121   139    81   150 0.69 NC_011094.1_126 # 151035 # 152510 # 1 # ID=1_126;partial=00;start_type=ATG;rbs_motif=4Base/6BMM;rbs_spacer=13-15bp;gc_cont=0.565
NC_011094.1:151035-152510|+   -            492 30417at91347         -            419   1.2e-05   22.3   0.0   2   3   3.8e-05     0.029   11.2   0.0   159   210   185   241   179   250 0.79 NC_011094.1_126 # 151035 # 152510 # 1 # ID=1_126;partial=00;start_type=ATG;rbs_motif=4Base/6BMM;rbs_spacer=13-15bp;gc_cont=0.565
NC_011094.1:151035-152510|+   -            492 30417at91347         -            419   1.2e-05   22.3   0.0   3   3      0.17   1.3e+02   -0.8   0.0   284   314   343   373   336   418 0.69 NC_011094.1_126 # 151035 # 152510 # 1 # ID=1_126;partial=00;start_type=ATG;rbs_motif=4Base/6BMM;rbs_spacer=13-15bp;gc_cont=0.565
NC_011094.1:2480452-2481720|- -            423 30417at91347         -            419   0.00043   17.2   0.0   1   2     0.019        14    2.3   0.0    82   100    51    69    32    83 0.75 NC_011094.1_2387 # 2480452 # 2481720 # -1 # ID=1_2387;partial=00;start_type=ATG;rbs_motif=AGxAG;rbs_spacer=5-10bp;gc_cont=0.585
NC_011094.1:2480452-2481720|- -            423 30417at91347         -            419   0.00043   17.2   0.0   2   2   3.4e-05     0.026   11.3   0.0   274   395   285   406   117   415 0.67 NC_011094.1_2387 # 2480452 # 2481720 # -1 # ID=1_2387;partial=00;start_type=ATG;rbs_motif=AGxAG;rbs_spacer=5-10bp;gc_cont=0.585
NC_011094.1:4555617-4556990|+ -            458 30417at91347         -            419    0.0023   14.8   0.1   1   2    0.0072       5.5    3.7   0.0    82   104   105   127   100   153 0.78 NC_011094.1_4280 # 4555617 # 4556990 # 1 # ID=1_4280;partial=00;start_type=ATG;rbs_motif=AGGA;rbs_spacer=5-10bp;gc_cont=0.583
NC_011094.1:4555617-4556990|+ -            458 30417at91347         -            419    0.0023   14.8   0.1   2   2   0.00019      0.15    8.9   0.0   230   311   267   348   180   359 0.81 NC_011094.1_4280 # 4555617 # 4556990 # 1 # ID=1_4280;partial=00;start_type=ATG;rbs_motif=AGGA;rbs_spacer=5-10bp;gc_cont=0.583
#
# Program:         hmmsearch
# Version:         3.4 (Aug 2023)
# Pipeline mode:   SEARCH
# Query file:      /Users/dizzler/Projects/School/BIOL4600-Capstone/databases/lineages/enterobacterales_odb10/hmms/30417at91347.hmm
# Target file:     /Users/dizzler/Projects/School/BIOL4600-Capstone/reports/busco-results/GCF_000020745.1_ASM2074v1_genomic.fna/prodigal_output/predicted_genes/predicted.faa
# Option settings: hmmsearch --domtblout /Users/dizzler/Projects/School/BIOL4600-Capstone/reports/busco-results/GCF_000020745.1_ASM2074v1_genomic.fna/run_enterobacterales_odb10/hmmer_output/30417at91347.out --cpu 1 /Users/dizzler/Projects/School/BIOL4600-Capstone/databases/lineages/enterobacterales_odb10/hmms/30417at91347.hmm /Users/dizzler/Projects/School/BIOL4600-Capstone/reports/busco-results/GCF_000020745.1_ASM2074v1_genomic.fna/prodigal_output/predicted_genes/predicted.faa 
# Current dir:     /Users/dizzler/Projects/School/BIOL4600-Capstone
# Date:            Wed Feb 25 22:53:25 2026
# [ok]
