#                                                                                     --- full sequence --- -------------- this domain -------------   hmm coord   ali coord   env coord
# target name                 accession   tlen query name           accession   qlen   E-value  score  bias   #  of  c-Evalue  i-Evalue  score  bias  from    to  from    to  from    to  acc description of target
#         ------------------- ---------- ----- -------------------- ---------- ----- --------- ------ ----- --- --- --------- --------- ------ ----- ----- ----- ----- ----- ----- ----- ---- ---------------------
NC_011094.1:3369350-3370522|- -            391 31545at91347         -            292  2.3e-148  491.2   0.2   1   2  7.5e-148  4.2e-145  480.5   0.1     1   273     1   289     1   303 0.95 NC_011094.1_3183 # 3369350 # 3370522 # -1 # ID=1_3183;partial=00;start_type=ATG;rbs_motif=GGAG/GAGG;rbs_spacer=5-10bp;gc_cont=0.552
NC_011094.1:3369350-3370522|- -            391 31545at91347         -            292  2.3e-148  491.2   0.2   2   2   0.00031      0.18    9.1   0.0   273   292   309   332   307   332 0.88 NC_011094.1_3183 # 3369350 # 3370522 # -1 # ID=1_3183;partial=00;start_type=ATG;rbs_motif=GGAG/GAGG;rbs_spacer=5-10bp;gc_cont=0.552
NC_011094.1:4504238-4505518|+ -            427 31545at91347         -            292   2.5e-14   51.2   0.0   1   1   7.6e-17   4.3e-14   50.5   0.0   141   273   193   323   167   327 0.78 NC_011094.1_4226 # 4504238 # 4505518 # 1 # ID=1_4226;partial=00;start_type=TTG;rbs_motif=GGAG/GAGG;rbs_spacer=5-10bp;gc_cont=0.541
NC_011094.1:1857843-1858934|+ -            364 31545at91347         -            292   2.9e-14   51.0   0.3   1   2   1.7e-15   9.4e-13   46.1   0.2   151   239     5   110     3   142 0.76 NC_011094.1_1771 # 1857843 # 1858934 # 1 # ID=1_1771;partial=00;start_type=ATG;rbs_motif=GGA/GAG/AGG;rbs_spacer=5-10bp;gc_cont=0.532
NC_011094.1:1857843-1858934|+ -            364 31545at91347         -            292   2.9e-14   51.0   0.3   2   2      0.55   3.1e+02   -1.6   0.0   156   197   172   213   129   215 0.67 NC_011094.1_1771 # 1857843 # 1858934 # 1 # ID=1_1771;partial=00;start_type=ATG;rbs_motif=GGA/GAG/AGG;rbs_spacer=5-10bp;gc_cont=0.532
NC_011094.1:2653672-2655144|- -            491 31545at91347         -            292   1.2e-13   49.0   0.0   1   2   6.9e-11   3.9e-08   30.9   0.0   151   271     5   122     1   132 0.85 NC_011094.1_2532 # 2653672 # 2655144 # -1 # ID=1_2532;partial=00;start_type=ATG;rbs_motif=GGAG/GAGG;rbs_spacer=5-10bp;gc_cont=0.547
NC_011094.1:2653672-2655144|- -            491 31545at91347         -            292   1.2e-13   49.0   0.0   2   2   2.4e-06    0.0014   16.0   0.0   151   238   205   297   198   327 0.80 NC_011094.1_2532 # 2653672 # 2655144 # -1 # ID=1_2532;partial=00;start_type=ATG;rbs_motif=GGAG/GAGG;rbs_spacer=5-10bp;gc_cont=0.547
NC_011094.1:3561147-3563465|+ -            773 31545at91347         -            292   0.00015   19.1   0.0   1   1   4.1e-07   0.00023   18.5   0.0   151   206     6    61     3   139 0.85 NC_011094.1_3383 # 3561147 # 3563465 # 1 # ID=1_3383;partial=00;start_type=ATG;rbs_motif=GGA/GAG/AGG;rbs_spacer=5-10bp;gc_cont=0.564
NC_011094.1:3928541-3929905|+ -            455 31545at91347         -            292   0.00076   16.8   0.0   1   1     2e-06    0.0011   16.3   0.0   151   272   219   340   212   350 0.88 NC_011094.1_3709 # 3928541 # 3929905 # 1 # ID=1_3709;partial=00;start_type=ATG;rbs_motif=GGA/GAG/AGG;rbs_spacer=5-10bp;gc_cont=0.598
NC_011094.1:4688801-4690468|- -            556 31545at91347         -            292   0.00095   16.5   0.1   1   2   0.00017     0.099    9.9   0.0   140   169    24    53    10    60 0.88 NC_011094.1_4405 # 4688801 # 4690468 # -1 # ID=1_4405;partial=00;start_type=GTG;rbs_motif=AGGA/GGAG/GAGG;rbs_spacer=11-12bp;gc_cont=0.576
NC_011094.1:4688801-4690468|- -            556 31545at91347         -            292   0.00095   16.5   0.1   2   2    0.0091       5.2    4.2   0.0   149   170   350   371   327   377 0.85 NC_011094.1_4405 # 4688801 # 4690468 # -1 # ID=1_4405;partial=00;start_type=GTG;rbs_motif=AGGA/GGAG/GAGG;rbs_spacer=11-12bp;gc_cont=0.576
NC_011094.1:2725031-2725936|- -            302 31545at91347         -            292     0.011   13.1   0.1   1   2   3.9e-05     0.022   12.0   0.0   151   212    11    73     6   131 0.83 NC_011094.1_2592 # 2725031 # 2725936 # -1 # ID=1_2592;partial=00;start_type=ATG;rbs_motif=GGAG/GAGG;rbs_spacer=5-10bp;gc_cont=0.518
NC_011094.1:2725031-2725936|- -            302 31545at91347         -            292     0.011   13.1   0.1   2   2       1.8     1e+03   -3.3   0.0    72   136   241   268   230   282 0.50 NC_011094.1_2592 # 2725031 # 2725936 # -1 # ID=1_2592;partial=00;start_type=ATG;rbs_motif=GGAG/GAGG;rbs_spacer=5-10bp;gc_cont=0.518
#
# Program:         hmmsearch
# Version:         3.4 (Aug 2023)
# Pipeline mode:   SEARCH
# Query file:      /Users/dizzler/Projects/School/BIOL4600-Capstone/databases/lineages/enterobacterales_odb10/hmms/31545at91347.hmm
# Target file:     /Users/dizzler/Projects/School/BIOL4600-Capstone/reports/busco-results/GCF_000020745.1_ASM2074v1_genomic.fna/prodigal_output/predicted_genes/predicted.faa
# Option settings: hmmsearch --domtblout /Users/dizzler/Projects/School/BIOL4600-Capstone/reports/busco-results/GCF_000020745.1_ASM2074v1_genomic.fna/run_enterobacterales_odb10/hmmer_output/31545at91347.out --cpu 1 /Users/dizzler/Projects/School/BIOL4600-Capstone/databases/lineages/enterobacterales_odb10/hmms/31545at91347.hmm /Users/dizzler/Projects/School/BIOL4600-Capstone/reports/busco-results/GCF_000020745.1_ASM2074v1_genomic.fna/prodigal_output/predicted_genes/predicted.faa 
# Current dir:     /Users/dizzler/Projects/School/BIOL4600-Capstone
# Date:            Wed Feb 25 22:53:25 2026
# [ok]
