#                                                                                     --- full sequence --- -------------- this domain -------------   hmm coord   ali coord   env coord
# target name                 accession   tlen query name           accession   qlen   E-value  score  bias   #  of  c-Evalue  i-Evalue  score  bias  from    to  from    to  from    to  acc description of target
#         ------------------- ---------- ----- -------------------- ---------- ----- --------- ------ ----- --- --- --------- --------- ------ ----- ----- ----- ----- ----- ----- ----- ---- ---------------------
NC_011094.1:1800458-1801651|+ -            398 33224at91347         -            349  4.8e-207  684.7   0.1   1   1  7.1e-210  6.5e-207  684.3   0.1     1   349     3   387     3   387 0.95 NC_011094.1_1716 # 1800458 # 1801651 # 1 # ID=1_1716;partial=00;start_type=ATG;rbs_motif=AGGA;rbs_spacer=5-10bp;gc_cont=0.564
NC_011094.1:2553849-2554760|- -            304 33224at91347         -            349   2.4e-06   24.7   0.1   1   2   5.2e-07   0.00048   17.1   0.0    43   149    10   116     2   139 0.83 NC_011094.1_2456 # 2553849 # 2554760 # -1 # ID=1_2456;partial=00;start_type=GTG;rbs_motif=GGA/GAG/AGG;rbs_spacer=5-10bp;gc_cont=0.572
NC_011094.1:2553849-2554760|- -            304 33224at91347         -            349   2.4e-06   24.7   0.1   2   2    0.0016       1.5    5.6   0.0   306   348   245   289   226   290 0.81 NC_011094.1_2456 # 2553849 # 2554760 # -1 # ID=1_2456;partial=00;start_type=GTG;rbs_motif=GGA/GAG/AGG;rbs_spacer=5-10bp;gc_cont=0.572
NC_011094.1:3318921-3319910|- -            330 33224at91347         -            349   1.8e-05   21.8   1.6   1   2   2.4e-07   0.00021   18.3   0.0    44   122    28   106    12   118 0.87 NC_011094.1_3136 # 3318921 # 3319910 # -1 # ID=1_3136;partial=00;start_type=ATG;rbs_motif=GGAG/GAGG;rbs_spacer=5-10bp;gc_cont=0.468
NC_011094.1:3318921-3319910|- -            330 33224at91347         -            349   1.8e-05   21.8   1.6   2   2     0.013        12    2.7   0.3   189   233   162   211   140   237 0.72 NC_011094.1_3136 # 3318921 # 3319910 # -1 # ID=1_3136;partial=00;start_type=ATG;rbs_motif=GGAG/GAGG;rbs_spacer=5-10bp;gc_cont=0.468
NC_011094.1:2546067-2547038|+ -            324 33224at91347         -            349    0.0059   13.5   0.0   1   2     0.036        32    1.2   0.0    95   173    66   141    58   192 0.71 NC_011094.1_2447 # 2546067 # 2547038 # 1 # ID=1_2447;partial=00;start_type=ATG;rbs_motif=AGGA;rbs_spacer=5-10bp;gc_cont=0.537
NC_011094.1:2546067-2547038|+ -            324 33224at91347         -            349    0.0059   13.5   0.0   2   2   6.6e-05      0.06   10.2   0.0   294   343   246   304   236   310 0.73 NC_011094.1_2447 # 2546067 # 2547038 # 1 # ID=1_2447;partial=00;start_type=ATG;rbs_motif=AGGA;rbs_spacer=5-10bp;gc_cont=0.537
NC_011094.1:3989876-3991420|+ -            515 33224at91347         -            349     0.025   11.5   0.1   1   1   4.8e-05     0.043   10.7   0.1    40   126    28   114    14   224 0.78 NC_011094.1_3760 # 3989876 # 3991420 # 1 # ID=1_3760;partial=00;start_type=ATG;rbs_motif=GGAGG;rbs_spacer=5-10bp;gc_cont=0.571
#
# Program:         hmmsearch
# Version:         3.4 (Aug 2023)
# Pipeline mode:   SEARCH
# Query file:      /Users/dizzler/Projects/School/BIOL4600-Capstone/databases/lineages/enterobacterales_odb10/hmms/33224at91347.hmm
# Target file:     /Users/dizzler/Projects/School/BIOL4600-Capstone/reports/busco-results/GCF_000020745.1_ASM2074v1_genomic.fna/prodigal_output/predicted_genes/predicted.faa
# Option settings: hmmsearch --domtblout /Users/dizzler/Projects/School/BIOL4600-Capstone/reports/busco-results/GCF_000020745.1_ASM2074v1_genomic.fna/run_enterobacterales_odb10/hmmer_output/33224at91347.out --cpu 1 /Users/dizzler/Projects/School/BIOL4600-Capstone/databases/lineages/enterobacterales_odb10/hmms/33224at91347.hmm /Users/dizzler/Projects/School/BIOL4600-Capstone/reports/busco-results/GCF_000020745.1_ASM2074v1_genomic.fna/prodigal_output/predicted_genes/predicted.faa 
# Current dir:     /Users/dizzler/Projects/School/BIOL4600-Capstone
# Date:            Wed Feb 25 22:53:25 2026
# [ok]
