#                                                                                     --- full sequence --- -------------- this domain -------------   hmm coord   ali coord   env coord
# target name                 accession   tlen query name           accession   qlen   E-value  score  bias   #  of  c-Evalue  i-Evalue  score  bias  from    to  from    to  from    to  acc description of target
#         ------------------- ---------- ----- -------------------- ---------- ----- --------- ------ ----- --- --- --------- --------- ------ ----- ----- ----- ----- ----- ----- ----- ---- ---------------------
NC_011094.1:2725031-2725936|- -            302 35495at91347         -            238  4.3e-100  331.9   0.1   1   1  4.3e-102   2.4e-99  329.4   0.1     1   238     7   300     7   300 0.88 NC_011094.1_2592 # 2725031 # 2725936 # -1 # ID=1_2592;partial=00;start_type=ATG;rbs_motif=GGAG/GAGG;rbs_spacer=5-10bp;gc_cont=0.518
NC_011094.1:2653672-2655144|- -            491 35495at91347         -            238   2.6e-22   77.3   0.0   1   2   4.2e-11   2.4e-08   31.6   0.0     4   105     4   122     1   125 0.76 NC_011094.1_2532 # 2653672 # 2655144 # -1 # ID=1_2532;partial=00;start_type=ATG;rbs_motif=GGAG/GAGG;rbs_spacer=5-10bp;gc_cont=0.547
NC_011094.1:2653672-2655144|- -            491 35495at91347         -            238   2.6e-22   77.3   0.0   2   2   2.7e-14   1.6e-11   42.0   0.2     5   105   205   325   203   328 0.76 NC_011094.1_2532 # 2653672 # 2655144 # -1 # ID=1_2532;partial=00;start_type=ATG;rbs_motif=GGAG/GAGG;rbs_spacer=5-10bp;gc_cont=0.547
NC_011094.1:3928541-3929905|+ -            455 35495at91347         -            238   9.9e-08   29.5   0.0   1   1   3.3e-10   1.8e-07   28.7   0.0     5    80   219   306   216   314 0.71 NC_011094.1_3709 # 3928541 # 3929905 # 1 # ID=1_3709;partial=00;start_type=ATG;rbs_motif=GGA/GAG/AGG;rbs_spacer=5-10bp;gc_cont=0.598
NC_011094.1:4504238-4505518|+ -            427 35495at91347         -            238     6e-06   23.7   0.0   1   1   1.8e-08     1e-05   23.0   0.0     4   106   199   322   197   328 0.74 NC_011094.1_4226 # 4504238 # 4505518 # 1 # ID=1_4226;partial=00;start_type=TTG;rbs_motif=GGAG/GAGG;rbs_spacer=5-10bp;gc_cont=0.541
NC_011094.1:4087589-4088221|- -            211 35495at91347         -            238   0.00022   18.6   0.0   1   1   6.7e-07   0.00038   17.8   0.0     2    57    25    82    24    94 0.87 NC_011094.1_3843 # 4087589 # 4088221 # -1 # ID=1_3843;partial=00;start_type=TTG;rbs_motif=GGAG/GAGG;rbs_spacer=5-10bp;gc_cont=0.523
NC_011094.1:3354026-3356704|- -            893 35495at91347         -            238   0.00051   17.4   0.0   1   1   1.9e-06    0.0011   16.3   0.0     4   105   395   504   393   507 0.72 NC_011094.1_3170 # 3354026 # 3356704 # -1 # ID=1_3170;partial=00;start_type=ATG;rbs_motif=AGGA;rbs_spacer=5-10bp;gc_cont=0.554
NC_011094.1:1857843-1858934|+ -            364 35495at91347         -            238    0.0011   16.3   0.0   1   1   3.2e-06    0.0018   15.6   0.0     6    27     6    27     2    33 0.87 NC_011094.1_1771 # 1857843 # 1858934 # 1 # ID=1_1771;partial=00;start_type=ATG;rbs_motif=GGA/GAG/AGG;rbs_spacer=5-10bp;gc_cont=0.532
NC_011094.1:3561147-3563465|+ -            773 35495at91347         -            238     0.035   11.4   0.0   1   1   9.8e-05     0.056   10.7   0.0     5    29     6    30     4   122 0.81 NC_011094.1_3383 # 3561147 # 3563465 # 1 # ID=1_3383;partial=00;start_type=ATG;rbs_motif=GGA/GAG/AGG;rbs_spacer=5-10bp;gc_cont=0.564
#
# Program:         hmmsearch
# Version:         3.4 (Aug 2023)
# Pipeline mode:   SEARCH
# Query file:      /Users/dizzler/Projects/School/BIOL4600-Capstone/databases/lineages/enterobacterales_odb10/hmms/35495at91347.hmm
# Target file:     /Users/dizzler/Projects/School/BIOL4600-Capstone/reports/busco-results/GCF_000020745.1_ASM2074v1_genomic.fna/prodigal_output/predicted_genes/predicted.faa
# Option settings: hmmsearch --domtblout /Users/dizzler/Projects/School/BIOL4600-Capstone/reports/busco-results/GCF_000020745.1_ASM2074v1_genomic.fna/run_enterobacterales_odb10/hmmer_output/35495at91347.out --cpu 1 /Users/dizzler/Projects/School/BIOL4600-Capstone/databases/lineages/enterobacterales_odb10/hmms/35495at91347.hmm /Users/dizzler/Projects/School/BIOL4600-Capstone/reports/busco-results/GCF_000020745.1_ASM2074v1_genomic.fna/prodigal_output/predicted_genes/predicted.faa 
# Current dir:     /Users/dizzler/Projects/School/BIOL4600-Capstone
# Date:            Wed Feb 25 22:53:25 2026
# [ok]
