#                                                                                     --- full sequence --- -------------- this domain -------------   hmm coord   ali coord   env coord
# target name                 accession   tlen query name           accession   qlen   E-value  score  bias   #  of  c-Evalue  i-Evalue  score  bias  from    to  from    to  from    to  acc description of target
#         ------------------- ---------- ----- -------------------- ---------- ----- --------- ------ ----- --- --- --------- --------- ------ ----- ----- ----- ----- ----- ----- ----- ---- ---------------------
NC_011094.1:158583-161288|+   -            902 3734at91347          -            766         0 1441.2  14.6   1   3         0         0 1260.1   2.5     1   641     1   685     1   692 0.95 NC_011094.1_133 # 158583 # 161288 # 1 # ID=1_133;partial=00;start_type=ATG;rbs_motif=GGA/GAG/AGG;rbs_spacer=5-10bp;gc_cont=0.540
NC_011094.1:158583-161288|+   -            902 3734at91347          -            766         0 1441.2  14.6   2   3   1.3e-49   1.2e-46  157.3   2.8   621   740   692   833   671   846 0.82 NC_011094.1_133 # 158583 # 161288 # 1 # ID=1_133;partial=00;start_type=ATG;rbs_motif=GGA/GAG/AGG;rbs_spacer=5-10bp;gc_cont=0.540
NC_011094.1:158583-161288|+   -            902 3734at91347          -            766         0 1441.2  14.6   3   3   4.4e-11     4e-08   29.9   0.1   732   766   866   900   839   900 0.78 NC_011094.1_133 # 158583 # 161288 # 1 # ID=1_133;partial=00;start_type=ATG;rbs_motif=GGA/GAG/AGG;rbs_spacer=5-10bp;gc_cont=0.540
NC_011094.1:2009534-2010199|- -            222 3734at91347          -            766   1.8e-05   21.2   0.2   1   1   2.6e-08   2.3e-05   20.8   0.2   741   763   197   219   189   221 0.88 NC_011094.1_1926 # 2009534 # 2010199 # -1 # ID=1_1926;partial=00;start_type=ATG;rbs_motif=GGAG/GAGG;rbs_spacer=5-10bp;gc_cont=0.530
NC_011094.1:1828445-1828903|+ -            153 3734at91347          -            766   2.4e-05   20.8   4.4   1   2    0.0069       6.3    2.8   0.4   749   766     3    20     1    20 0.91 NC_011094.1_1745 # 1828445 # 1828903 # 1 # ID=1_1745;partial=00;start_type=GTG;rbs_motif=GGAG/GAGG;rbs_spacer=5-10bp;gc_cont=0.497
NC_011094.1:1828445-1828903|+ -            153 3734at91347          -            766   2.4e-05   20.8   4.4   2   2   5.3e-08   4.8e-05   19.8   0.4   743   765   130   152   121   152 0.89 NC_011094.1_1745 # 1828445 # 1828903 # 1 # ID=1_1745;partial=00;start_type=GTG;rbs_motif=GGAG/GAGG;rbs_spacer=5-10bp;gc_cont=0.497
NC_011094.1:4050799-4052094|+ -            432 3734at91347          -            766   0.00021   17.7   0.2   1   1     3e-07   0.00028   17.3   0.2   741   765   406   430   386   431 0.83 NC_011094.1_3814 # 4050799 # 4052094 # 1 # ID=1_3814;partial=00;start_type=ATG;rbs_motif=GGAG/GAGG;rbs_spacer=5-10bp;gc_cont=0.542
NC_011094.1:3822043-3824124|+ -            694 3734at91347          -            766   0.00023   17.5   0.0   1   1   3.9e-07   0.00036   16.9   0.0    94   158   298   362   288   372 0.88 NC_011094.1_3612 # 3822043 # 3824124 # 1 # ID=1_3612;partial=00;start_type=ATG;rbs_motif=GGA/GAG/AGG;rbs_spacer=5-10bp;gc_cont=0.587
#
# Program:         hmmsearch
# Version:         3.4 (Aug 2023)
# Pipeline mode:   SEARCH
# Query file:      /Users/dizzler/Projects/School/BIOL4600-Capstone/databases/lineages/enterobacterales_odb10/hmms/3734at91347.hmm
# Target file:     /Users/dizzler/Projects/School/BIOL4600-Capstone/reports/busco-results/GCF_000020745.1_ASM2074v1_genomic.fna/prodigal_output/predicted_genes/predicted.faa
# Option settings: hmmsearch --domtblout /Users/dizzler/Projects/School/BIOL4600-Capstone/reports/busco-results/GCF_000020745.1_ASM2074v1_genomic.fna/run_enterobacterales_odb10/hmmer_output/3734at91347.out --cpu 1 /Users/dizzler/Projects/School/BIOL4600-Capstone/databases/lineages/enterobacterales_odb10/hmms/3734at91347.hmm /Users/dizzler/Projects/School/BIOL4600-Capstone/reports/busco-results/GCF_000020745.1_ASM2074v1_genomic.fna/prodigal_output/predicted_genes/predicted.faa 
# Current dir:     /Users/dizzler/Projects/School/BIOL4600-Capstone
# Date:            Wed Feb 25 22:53:26 2026
# [ok]
