#                                                                                     --- full sequence --- -------------- this domain -------------   hmm coord   ali coord   env coord
# target name                 accession   tlen query name           accession   qlen   E-value  score  bias   #  of  c-Evalue  i-Evalue  score  bias  from    to  from    to  from    to  acc description of target
#         ------------------- ---------- ----- -------------------- ---------- ----- --------- ------ ----- --- --- --------- --------- ------ ----- ----- ----- ----- ----- ----- ----- ---- ---------------------
NC_011094.1:4512888-4513619|+ -            244 50332at91347         -            220  1.2e-112  372.7   0.0   1   1  1.7e-115  1.3e-112  372.5   0.0     1   220     1   242     1   242 0.95 NC_011094.1_4233 # 4512888 # 4513619 # 1 # ID=1_4233;partial=00;start_type=ATG;rbs_motif=GGA/GAG/AGG;rbs_spacer=5-10bp;gc_cont=0.579
NC_011094.1:2740027-2741064|- -            346 50332at91347         -            220   1.5e-21   74.8   0.0   1   1   2.3e-24   1.8e-21   74.6   0.0    77   219   198   342   110   343 0.89 NC_011094.1_2607 # 2740027 # 2741064 # -1 # ID=1_2607;partial=00;start_type=ATG;rbs_motif=GGAG/GAGG;rbs_spacer=5-10bp;gc_cont=0.571
NC_011094.1:3821348-3822037|+ -            230 50332at91347         -            220   2.1e-19   67.7   0.1   1   1   3.6e-22   2.8e-19   67.4   0.1    78   220    21   165    11   165 0.86 NC_011094.1_3611 # 3821348 # 3822037 # 1 # ID=1_3611;partial=00;start_type=ATG;rbs_motif=None;rbs_spacer=None;gc_cont=0.545
NC_011094.1:2684691-2685422|- -            244 50332at91347         -            220   4.2e-05   21.0   0.2   1   3      0.34   2.6e+02   -1.2   0.1    86   105    14    33     2    79 0.62 NC_011094.1_2558 # 2684691 # 2685422 # -1 # ID=1_2558;partial=00;start_type=ATG;rbs_motif=None;rbs_spacer=None;gc_cont=0.570
NC_011094.1:2684691-2685422|- -            244 50332at91347         -            220   4.2e-05   21.0   0.2   2   3     3e-07   0.00023   18.6   0.0   166   216   106   156    99   159 0.94 NC_011094.1_2558 # 2684691 # 2685422 # -1 # ID=1_2558;partial=00;start_type=ATG;rbs_motif=None;rbs_spacer=None;gc_cont=0.570
NC_011094.1:2684691-2685422|- -            244 50332at91347         -            220   4.2e-05   21.0   0.2   3   3       0.6   4.5e+02   -2.0   0.0    52    69   223   240   212   242 0.85 NC_011094.1_2558 # 2684691 # 2685422 # -1 # ID=1_2558;partial=00;start_type=ATG;rbs_motif=None;rbs_spacer=None;gc_cont=0.570
NC_011094.1:4708365-4709051|+ -            229 50332at91347         -            220   4.6e-05   20.9   0.0   1   1   1.6e-06    0.0012   16.2   0.0    87   214    13   153     2   157 0.67 NC_011094.1_4424 # 4708365 # 4709051 # 1 # ID=1_4424;partial=00;start_type=ATG;rbs_motif=GGA/GAG/AGG;rbs_spacer=5-10bp;gc_cont=0.528
NC_011094.1:3769018-3769491|+ -            158 50332at91347         -            220    0.0018   15.7   0.0   1   1   3.2e-06    0.0024   15.2   0.0   171   219    97   147    86   148 0.84 NC_011094.1_3556 # 3769018 # 3769491 # 1 # ID=1_3556;partial=00;start_type=ATG;rbs_motif=AGxAGG/AGGxGG;rbs_spacer=3-4bp;gc_cont=0.565
#
# Program:         hmmsearch
# Version:         3.4 (Aug 2023)
# Pipeline mode:   SEARCH
# Query file:      /Users/dizzler/Projects/School/BIOL4600-Capstone/databases/lineages/enterobacterales_odb10/hmms/50332at91347.hmm
# Target file:     /Users/dizzler/Projects/School/BIOL4600-Capstone/reports/busco-results/GCF_000020745.1_ASM2074v1_genomic.fna/prodigal_output/predicted_genes/predicted.faa
# Option settings: hmmsearch --domtblout /Users/dizzler/Projects/School/BIOL4600-Capstone/reports/busco-results/GCF_000020745.1_ASM2074v1_genomic.fna/run_enterobacterales_odb10/hmmer_output/50332at91347.out --cpu 1 /Users/dizzler/Projects/School/BIOL4600-Capstone/databases/lineages/enterobacterales_odb10/hmms/50332at91347.hmm /Users/dizzler/Projects/School/BIOL4600-Capstone/reports/busco-results/GCF_000020745.1_ASM2074v1_genomic.fna/prodigal_output/predicted_genes/predicted.faa 
# Current dir:     /Users/dizzler/Projects/School/BIOL4600-Capstone
# Date:            Wed Feb 25 22:53:26 2026
# [ok]
