#                                                                                     --- full sequence --- -------------- this domain -------------   hmm coord   ali coord   env coord
# target name                 accession   tlen query name           accession   qlen   E-value  score  bias   #  of  c-Evalue  i-Evalue  score  bias  from    to  from    to  from    to  acc description of target
#         ------------------- ---------- ----- -------------------- ---------- ----- --------- ------ ----- --- --- --------- --------- ------ ----- ----- ----- ----- ----- ----- ----- ---- ---------------------
NC_011094.1:3564899-3565669|- -            257 50585at91347         -            204   3.3e-85  282.9   0.0   1   1   4.8e-88   4.3e-85  282.6   0.0     6   203    14   242     4   243 0.87 NC_011094.1_3386 # 3564899 # 3565669 # -1 # ID=1_3386;partial=00;start_type=ATG;rbs_motif=GGA/GAG/AGG;rbs_spacer=11-12bp;gc_cont=0.563
NC_011092.1:59763-60689|-     -            309 50585at91347         -            204   7.3e-05   20.6   0.0   1   2   5.7e-07   0.00052   17.8   0.0    52    86   122   156   119   177 0.92 NC_011092.1_61 # 59763 # 60689 # -1 # ID=2_61;partial=00;start_type=ATG;rbs_motif=None;rbs_spacer=None;gc_cont=0.483
NC_011092.1:59763-60689|-     -            309 50585at91347         -            204   7.3e-05   20.6   0.0   2   2      0.16   1.5e+02   -0.0   0.0   146   180   232   266   207   276 0.83 NC_011092.1_61 # 59763 # 60689 # -1 # ID=2_61;partial=00;start_type=ATG;rbs_motif=None;rbs_spacer=None;gc_cont=0.483
NC_011094.1:2420773-2421531|- -            253 50585at91347         -            204    0.0008   17.2   0.3   1   1   4.3e-06    0.0039   14.9   0.3     7    73    16    99    13   113 0.64 NC_011094.1_2332 # 2420773 # 2421531 # -1 # ID=1_2332;partial=00;start_type=ATG;rbs_motif=GGA/GAG/AGG;rbs_spacer=5-10bp;gc_cont=0.592
NC_011094.1:824002-824772|-   -            257 50585at91347         -            204    0.0021   15.8   0.0   1   1   4.1e-06    0.0038   15.0   0.0    32    88    62   117    60   133 0.84 NC_011094.1_791 # 824002 # 824772 # -1 # ID=1_791;partial=00;start_type=ATG;rbs_motif=None;rbs_spacer=None;gc_cont=0.562
NC_011094.1:1427073-1427966|- -            298 50585at91347         -            204     0.043   11.5   0.0   1   2   9.8e-05     0.089   10.5   0.0    55   115   104   164    90   194 0.82 NC_011094.1_1359 # 1427073 # 1427966 # -1 # ID=1_1359;partial=00;start_type=ATG;rbs_motif=GGA/GAG/AGG;rbs_spacer=11-12bp;gc_cont=0.512
NC_011094.1:1427073-1427966|- -            298 50585at91347         -            204     0.043   11.5   0.0   2   2         2   1.8e+03   -3.5   0.0   165   194   238   267   235   277 0.65 NC_011094.1_1359 # 1427073 # 1427966 # -1 # ID=1_1359;partial=00;start_type=ATG;rbs_motif=GGA/GAG/AGG;rbs_spacer=11-12bp;gc_cont=0.512
#
# Program:         hmmsearch
# Version:         3.4 (Aug 2023)
# Pipeline mode:   SEARCH
# Query file:      /Users/dizzler/Projects/School/BIOL4600-Capstone/databases/lineages/enterobacterales_odb10/hmms/50585at91347.hmm
# Target file:     /Users/dizzler/Projects/School/BIOL4600-Capstone/reports/busco-results/GCF_000020745.1_ASM2074v1_genomic.fna/prodigal_output/predicted_genes/predicted.faa
# Option settings: hmmsearch --domtblout /Users/dizzler/Projects/School/BIOL4600-Capstone/reports/busco-results/GCF_000020745.1_ASM2074v1_genomic.fna/run_enterobacterales_odb10/hmmer_output/50585at91347.out --cpu 1 /Users/dizzler/Projects/School/BIOL4600-Capstone/databases/lineages/enterobacterales_odb10/hmms/50585at91347.hmm /Users/dizzler/Projects/School/BIOL4600-Capstone/reports/busco-results/GCF_000020745.1_ASM2074v1_genomic.fna/prodigal_output/predicted_genes/predicted.faa 
# Current dir:     /Users/dizzler/Projects/School/BIOL4600-Capstone
# Date:            Wed Feb 25 22:53:26 2026
# [ok]
