#                                                                                     --- full sequence --- -------------- this domain -------------   hmm coord   ali coord   env coord
# target name                 accession   tlen query name           accession   qlen   E-value  score  bias   #  of  c-Evalue  i-Evalue  score  bias  from    to  from    to  from    to  acc description of target
#         ------------------- ---------- ----- -------------------- ---------- ----- --------- ------ ----- --- --- --------- --------- ------ ----- ----- ----- ----- ----- ----- ----- ---- ---------------------
NC_011094.1:3928541-3929905|+ -            455 52476at91347         -            371  3.7e-171  567.0   0.0   1   1  9.4e-171  4.7e-168  556.8   0.0     1   371     5   454     5   454 0.88 NC_011094.1_3709 # 3928541 # 3929905 # 1 # ID=1_3709;partial=00;start_type=ATG;rbs_motif=GGA/GAG/AGG;rbs_spacer=5-10bp;gc_cont=0.598
NC_011094.1:2653672-2655144|- -            491 52476at91347         -            371   3.1e-36  123.0   0.2   1   2   3.2e-18   1.6e-15   54.9   0.0   187   273     5    92     2    98 0.94 NC_011094.1_2532 # 2653672 # 2655144 # -1 # ID=1_2532;partial=00;start_type=ATG;rbs_motif=GGAG/GAGG;rbs_spacer=5-10bp;gc_cont=0.547
NC_011094.1:2653672-2655144|- -            491 52476at91347         -            371   3.1e-36  123.0   0.2   2   2   1.5e-21   7.7e-19   65.8   0.2   185   273   203   295   199   300 0.94 NC_011094.1_2532 # 2653672 # 2655144 # -1 # ID=1_2532;partial=00;start_type=ATG;rbs_motif=GGAG/GAGG;rbs_spacer=5-10bp;gc_cont=0.547
NC_011094.1:2725031-2725936|- -            302 52476at91347         -            371   2.3e-12   44.5   0.1   1   1   6.8e-15   3.4e-12   43.9   0.1   187   308    11   139     8   174 0.81 NC_011094.1_2592 # 2725031 # 2725936 # -1 # ID=1_2592;partial=00;start_type=ATG;rbs_motif=GGAG/GAGG;rbs_spacer=5-10bp;gc_cont=0.518
NC_011094.1:4504238-4505518|+ -            427 52476at91347         -            371   8.5e-06   22.9   0.3   1   2   6.8e-08   3.4e-05   20.9   0.1   176   281   189   295   172   305 0.79 NC_011094.1_4226 # 4504238 # 4505518 # 1 # ID=1_4226;partial=00;start_type=TTG;rbs_motif=GGAG/GAGG;rbs_spacer=5-10bp;gc_cont=0.541
NC_011094.1:4504238-4505518|+ -            427 52476at91347         -            371   8.5e-06   22.9   0.3   2   2     0.043        22    1.8   0.1   256   289   291   326   289   358 0.78 NC_011094.1_4226 # 4504238 # 4505518 # 1 # ID=1_4226;partial=00;start_type=TTG;rbs_motif=GGAG/GAGG;rbs_spacer=5-10bp;gc_cont=0.541
NC_011094.1:4087589-4088221|- -            211 52476at91347         -            371   0.00014   18.9   0.0   1   2     7e-07   0.00036   17.5   0.0   184   219    26    62     3    77 0.77 NC_011094.1_3843 # 4087589 # 4088221 # -1 # ID=1_3843;partial=00;start_type=TTG;rbs_motif=GGAG/GAGG;rbs_spacer=5-10bp;gc_cont=0.523
NC_011094.1:4087589-4088221|- -            211 52476at91347         -            371   0.00014   18.9   0.0   2   2      0.53   2.7e+02   -1.8   0.0   284   306   173   194   145   199 0.75 NC_011094.1_3843 # 4087589 # 4088221 # -1 # ID=1_3843;partial=00;start_type=TTG;rbs_motif=GGAG/GAGG;rbs_spacer=5-10bp;gc_cont=0.523
NC_011094.1:4493153-4494205|- -            351 52476at91347         -            371    0.0064   13.4   0.1   1   1   2.8e-05     0.014   12.3   0.1   188   214   211   237   168   247 0.88 NC_011094.1_4216 # 4493153 # 4494205 # -1 # ID=1_4216;partial=00;start_type=TTG;rbs_motif=AGGAG;rbs_spacer=5-10bp;gc_cont=0.533
NC_011094.1:1857843-1858934|+ -            364 52476at91347         -            371    0.0065   13.4   0.2   1   1   2.7e-05     0.014   12.3   0.2   184   207     2    25     1   139 0.82 NC_011094.1_1771 # 1857843 # 1858934 # 1 # ID=1_1771;partial=00;start_type=ATG;rbs_motif=GGA/GAG/AGG;rbs_spacer=5-10bp;gc_cont=0.532
NC_011094.1:1041835-1043601|- -            589 52476at91347         -            371     0.028   11.3   0.0   1   1   0.00011     0.057   10.3   0.0   180   206   372   398   357   402 0.90 NC_011094.1_992 # 1041835 # 1043601 # -1 # ID=1_992;partial=00;start_type=ATG;rbs_motif=None;rbs_spacer=None;gc_cont=0.565
NC_011094.1:1830802-1831356|+ -            185 52476at91347         -            371     0.068   10.0   0.0   1   1   0.00017     0.085    9.7   0.0   185   268     3    80     1    84 0.73 NC_011094.1_1747 # 1830802 # 1831356 # 1 # ID=1_1747;partial=00;start_type=ATG;rbs_motif=GGA/GAG/AGG;rbs_spacer=5-10bp;gc_cont=0.495
#
# Program:         hmmsearch
# Version:         3.4 (Aug 2023)
# Pipeline mode:   SEARCH
# Query file:      /Users/dizzler/Projects/School/BIOL4600-Capstone/databases/lineages/enterobacterales_odb10/hmms/52476at91347.hmm
# Target file:     /Users/dizzler/Projects/School/BIOL4600-Capstone/reports/busco-results/GCF_000020745.1_ASM2074v1_genomic.fna/prodigal_output/predicted_genes/predicted.faa
# Option settings: hmmsearch --domtblout /Users/dizzler/Projects/School/BIOL4600-Capstone/reports/busco-results/GCF_000020745.1_ASM2074v1_genomic.fna/run_enterobacterales_odb10/hmmer_output/52476at91347.out --cpu 1 /Users/dizzler/Projects/School/BIOL4600-Capstone/databases/lineages/enterobacterales_odb10/hmms/52476at91347.hmm /Users/dizzler/Projects/School/BIOL4600-Capstone/reports/busco-results/GCF_000020745.1_ASM2074v1_genomic.fna/prodigal_output/predicted_genes/predicted.faa 
# Current dir:     /Users/dizzler/Projects/School/BIOL4600-Capstone
# Date:            Wed Feb 25 22:53:26 2026
# [ok]
