#                                                                                     --- full sequence --- -------------- this domain -------------   hmm coord   ali coord   env coord
# target name                 accession   tlen query name           accession   qlen   E-value  score  bias   #  of  c-Evalue  i-Evalue  score  bias  from    to  from    to  from    to  acc description of target
#         ------------------- ---------- ----- -------------------- ---------- ----- --------- ------ ----- --- --- --------- --------- ------ ----- ----- ----- ----- ----- ----- ----- ---- ---------------------
NC_011094.1:269433-270221|+   -            263 53337at91347         -            235  2.6e-135  447.1   5.5   1   1  4.2e-138  3.2e-135  446.9   5.5     1   225     6   240     6   255 0.97 NC_011094.1_225 # 269433 # 270221 # 1 # ID=1_225;partial=00;start_type=GTG;rbs_motif=GGAGG;rbs_spacer=5-10bp;gc_cont=0.534
NC_011094.1:267843-268868|+   -            342 53337at91347         -            235   1.6e-14   51.8  17.5   1   2     0.033        25    2.1   0.1    14    38   104   128    96   134 0.65 NC_011094.1_223 # 267843 # 268868 # 1 # ID=1_223;partial=00;start_type=ATG;rbs_motif=GGA/GAG/AGG;rbs_spacer=11-12bp;gc_cont=0.519
NC_011094.1:267843-268868|+   -            342 53337at91347         -            235   1.6e-14   51.8  17.5   2   2   7.8e-17   5.9e-14   49.9  16.6    12   171   132   295   116   313 0.84 NC_011094.1_223 # 267843 # 268868 # 1 # ID=1_223;partial=00;start_type=ATG;rbs_motif=GGA/GAG/AGG;rbs_spacer=11-12bp;gc_cont=0.519
NC_011094.1:535530-536081|-   -            184 53337at91347         -            235   4.3e-05   20.9   2.0   1   1     1e-07   7.7e-05   20.1   1.9   130   183   125   178    92   181 0.80 NC_011094.1_473 # 535530 # 536081 # -1 # ID=1_473;partial=00;start_type=ATG;rbs_motif=GGAG/GAGG;rbs_spacer=5-10bp;gc_cont=0.496
NC_011094.1:251707-252531|-   -            275 53337at91347         -            235    0.0044   14.4   2.4   1   2   0.00025      0.19    9.0   2.3     2    95   110   203   104   206 0.74 NC_011094.1_210 # 251707 # 252531 # -1 # ID=1_210;partial=00;start_type=ATG;rbs_motif=GGA/GAG/AGG;rbs_spacer=5-10bp;gc_cont=0.538
NC_011094.1:251707-252531|-   -            275 53337at91347         -            235    0.0044   14.4   2.4   2   2   0.00036      0.27    8.5   0.2    12    55   174   217   166   227 0.88 NC_011094.1_210 # 251707 # 252531 # -1 # ID=1_210;partial=00;start_type=ATG;rbs_motif=GGA/GAG/AGG;rbs_spacer=5-10bp;gc_cont=0.538
NC_011094.1:3470396-3470950|+ -            185 53337at91347         -            235    0.0091   13.3   3.6   1   1   3.2e-05     0.024   11.9   3.6    27   153    14   134    13   149 0.67 NC_011094.1_3277 # 3470396 # 3470950 # 1 # ID=1_3277;partial=00;start_type=ATG;rbs_motif=GGAG/GAGG;rbs_spacer=5-10bp;gc_cont=0.508
NC_011094.1:3769674-3770495|- -            274 53337at91347         -            235      0.07   10.4   2.5   1   1   0.00022      0.17    9.2   2.5   112   186   169   245   127   248 0.71 NC_011094.1_3557 # 3769674 # 3770495 # -1 # ID=1_3557;partial=00;start_type=ATG;rbs_motif=GGAG/GAGG;rbs_spacer=5-10bp;gc_cont=0.562
#
# Program:         hmmsearch
# Version:         3.4 (Aug 2023)
# Pipeline mode:   SEARCH
# Query file:      /Users/dizzler/Projects/School/BIOL4600-Capstone/databases/lineages/enterobacterales_odb10/hmms/53337at91347.hmm
# Target file:     /Users/dizzler/Projects/School/BIOL4600-Capstone/reports/busco-results/GCF_000020745.1_ASM2074v1_genomic.fna/prodigal_output/predicted_genes/predicted.faa
# Option settings: hmmsearch --domtblout /Users/dizzler/Projects/School/BIOL4600-Capstone/reports/busco-results/GCF_000020745.1_ASM2074v1_genomic.fna/run_enterobacterales_odb10/hmmer_output/53337at91347.out --cpu 1 /Users/dizzler/Projects/School/BIOL4600-Capstone/databases/lineages/enterobacterales_odb10/hmms/53337at91347.hmm /Users/dizzler/Projects/School/BIOL4600-Capstone/reports/busco-results/GCF_000020745.1_ASM2074v1_genomic.fna/prodigal_output/predicted_genes/predicted.faa 
# Current dir:     /Users/dizzler/Projects/School/BIOL4600-Capstone
# Date:            Wed Feb 25 22:53:26 2026
# [ok]
