#                                                                                   --- full sequence --- -------------- this domain -------------   hmm coord   ali coord   env coord
# target name               accession   tlen query name           accession   qlen   E-value  score  bias   #  of  c-Evalue  i-Evalue  score  bias  from    to  from    to  from    to  acc description of target
#       ------------------- ---------- ----- -------------------- ---------- ----- --------- ------ ----- --- --- --------- --------- ------ ----- ----- ----- ----- ----- ----- ----- ---- ---------------------
NC_011094.1:870310-871518|+ -            403 57147at91347         -            335  1.3e-178  591.1   2.1   1   3   3.1e-36   7.1e-33  112.0   0.7     1   125     1   129     1   135 0.78 NC_011094.1_830 # 870310 # 871518 # 1 # ID=1_830;partial=00;start_type=ATG;rbs_motif=AGGA;rbs_spacer=5-10bp;gc_cont=0.562
NC_011094.1:870310-871518|+ -            403 57147at91347         -            335  1.3e-178  591.1   2.1   2   3     0.018        40    1.1   0.0    74   105   106   148    87   151 0.60 NC_011094.1_830 # 870310 # 871518 # 1 # ID=1_830;partial=00;start_type=ATG;rbs_motif=AGGA;rbs_spacer=5-10bp;gc_cont=0.562
NC_011094.1:870310-871518|+ -            403 57147at91347         -            335  1.3e-178  591.1   2.1   3   3  1.6e-147  3.6e-144  477.9   0.0   104   335   171   402   163   402 0.99 NC_011094.1_830 # 870310 # 871518 # 1 # ID=1_830;partial=00;start_type=ATG;rbs_motif=AGGA;rbs_spacer=5-10bp;gc_cont=0.562
NC_011094.1:178805-180691|+ -            629 57147at91347         -            335   4.6e-57  191.5  15.1   1   4   5.4e-07    0.0012   15.9   1.4     4    73     3    73     1    94 0.82 NC_011094.1_150 # 178805 # 180691 # 1 # ID=1_150;partial=00;start_type=ATG;rbs_motif=GGAG/GAGG;rbs_spacer=5-10bp;gc_cont=0.560
NC_011094.1:178805-180691|+ -            629 57147at91347         -            335   4.6e-57  191.5  15.1   2   4     4e-08     9e-05   19.6   0.4     4    74   106   177   103   192 0.82 NC_011094.1_150 # 178805 # 180691 # 1 # ID=1_150;partial=00;start_type=ATG;rbs_motif=GGAG/GAGG;rbs_spacer=5-10bp;gc_cont=0.560
NC_011094.1:178805-180691|+ -            629 57147at91347         -            335   4.6e-57  191.5  15.1   3   4     1e-07   0.00024   18.2   0.3     5    74   207   277   204   297 0.81 NC_011094.1_150 # 178805 # 180691 # 1 # ID=1_150;partial=00;start_type=ATG;rbs_motif=GGAG/GAGG;rbs_spacer=5-10bp;gc_cont=0.560
NC_011094.1:178805-180691|+ -            629 57147at91347         -            335   4.6e-57  191.5  15.1   4   4   2.3e-46   5.2e-43  145.3   0.0   106   333   398   628   387   628 0.92 NC_011094.1_150 # 178805 # 180691 # 1 # ID=1_150;partial=00;start_type=ATG;rbs_motif=GGAG/GAGG;rbs_spacer=5-10bp;gc_cont=0.560
#
# Program:         hmmsearch
# Version:         3.4 (Aug 2023)
# Pipeline mode:   SEARCH
# Query file:      /Users/dizzler/Projects/School/BIOL4600-Capstone/databases/lineages/enterobacterales_odb10/hmms/57147at91347.hmm
# Target file:     /Users/dizzler/Projects/School/BIOL4600-Capstone/reports/busco-results/GCF_000020745.1_ASM2074v1_genomic.fna/prodigal_output/predicted_genes/predicted.faa
# Option settings: hmmsearch --domtblout /Users/dizzler/Projects/School/BIOL4600-Capstone/reports/busco-results/GCF_000020745.1_ASM2074v1_genomic.fna/run_enterobacterales_odb10/hmmer_output/57147at91347.out --cpu 1 /Users/dizzler/Projects/School/BIOL4600-Capstone/databases/lineages/enterobacterales_odb10/hmms/57147at91347.hmm /Users/dizzler/Projects/School/BIOL4600-Capstone/reports/busco-results/GCF_000020745.1_ASM2074v1_genomic.fna/prodigal_output/predicted_genes/predicted.faa 
# Current dir:     /Users/dizzler/Projects/School/BIOL4600-Capstone
# Date:            Wed Feb 25 22:53:26 2026
# [ok]
