#                                                                                     --- full sequence --- -------------- this domain -------------   hmm coord   ali coord   env coord
# target name                 accession   tlen query name           accession   qlen   E-value  score  bias   #  of  c-Evalue  i-Evalue  score  bias  from    to  from    to  from    to  acc description of target
#         ------------------- ---------- ----- -------------------- ---------- ----- --------- ------ ----- --- --- --------- --------- ------ ----- ----- ----- ----- ----- ----- ----- ---- ---------------------
NC_011094.1:2433462-2434004|- -            181 64963at91347         -            149   1.3e-85  282.3   0.5   1   1   1.9e-86   3.4e-84  277.7   0.5     7   144    12   158     1   180 0.92 NC_011094.1_2344 # 2433462 # 2434004 # -1 # ID=1_2344;partial=00;start_type=ATG;rbs_motif=GGA/GAG/AGG;rbs_spacer=5-10bp;gc_cont=0.540
NC_011094.1:2900536-2901078|- -            181 64963at91347         -            149   1.2e-16   58.5   5.2   1   2   6.6e-19   1.2e-16   58.5   5.2    21   119    15   109     4   136 0.82 NC_011094.1_2743 # 2900536 # 2901078 # -1 # ID=1_2743;partial=00;start_type=ATG;rbs_motif=AGGA;rbs_spacer=5-10bp;gc_cont=0.560
NC_011094.1:2900536-2901078|- -            181 64963at91347         -            149   1.2e-16   58.5   5.2   2   2       5.5     1e+03   -2.9   0.0    44    63   153   172   139   177 0.54 NC_011094.1_2743 # 2900536 # 2901078 # -1 # ID=1_2743;partial=00;start_type=ATG;rbs_motif=AGGA;rbs_spacer=5-10bp;gc_cont=0.560
NC_011094.1:2662836-2663699|- -            288 64963at91347         -            149   1.5e-05   22.5  21.3   1   3    0.0056         1    6.8   8.5    45   101    22    68    12    73 0.76 NC_011094.1_2540 # 2662836 # 2663699 # -1 # ID=1_2540;partial=00;start_type=ATG;rbs_motif=None;rbs_spacer=None;gc_cont=0.603
NC_011094.1:2662836-2663699|- -            288 64963at91347         -            149   1.5e-05   22.5  21.3   2   3    0.0052      0.95    6.9   0.8    82   103   190   211   173   216 0.85 NC_011094.1_2540 # 2662836 # 2663699 # -1 # ID=1_2540;partial=00;start_type=ATG;rbs_motif=None;rbs_spacer=None;gc_cont=0.603
NC_011094.1:2662836-2663699|- -            288 64963at91347         -            149   1.5e-05   22.5  21.3   3   3   5.4e-05    0.0098   13.3   0.1    78   110   215   247   211   257 0.84 NC_011094.1_2540 # 2662836 # 2663699 # -1 # ID=1_2540;partial=00;start_type=ATG;rbs_motif=None;rbs_spacer=None;gc_cont=0.603
NC_011094.1:1495486-1497684|- -            733 64963at91347         -            149   5.7e-05   20.6   2.7   1   1   5.5e-07   9.9e-05   19.8   2.7    40   103   371   433   365   451 0.88 NC_011094.1_1435 # 1495486 # 1497684 # -1 # ID=1_1435;partial=00;start_type=ATG;rbs_motif=GGA/GAG/AGG;rbs_spacer=5-10bp;gc_cont=0.599
NC_011094.1:1497677-1498255|- -            193 64963at91347         -            149   6.2e-05   20.5  10.1   1   2    0.0032      0.58    7.6   2.7    43    61   114   132   106   141 0.79 NC_011094.1_1436 # 1497677 # 1498255 # -1 # ID=1_1436;partial=00;start_type=ATG;rbs_motif=None;rbs_spacer=None;gc_cont=0.558
NC_011094.1:1497677-1498255|- -            193 64963at91347         -            149   6.2e-05   20.5  10.1   2   2   2.9e-06   0.00052   17.5   0.8    43    74   144   175   135   185 0.84 NC_011094.1_1436 # 1497677 # 1498255 # -1 # ID=1_1436;partial=00;start_type=ATG;rbs_motif=None;rbs_spacer=None;gc_cont=0.558
NC_011094.1:2303094-2304329|+ -            412 64963at91347         -            149   7.6e-05   20.2   9.7   1   2     0.011       2.1    5.8   0.6    72    96   331   355   322   370 0.71 NC_011094.1_2225 # 2303094 # 2304329 # 1 # ID=1_2225;partial=00;start_type=ATG;rbs_motif=AGGAG;rbs_spacer=5-10bp;gc_cont=0.515
NC_011094.1:2303094-2304329|+ -            412 64963at91347         -            149   7.6e-05   20.2   9.7   2   2   1.7e-06   0.00031   18.2   2.9    42    71   374   403   367   408 0.83 NC_011094.1_2225 # 2303094 # 2304329 # 1 # ID=1_2225;partial=00;start_type=ATG;rbs_motif=AGGAG;rbs_spacer=5-10bp;gc_cont=0.515
NC_011094.1:2905567-2906175|- -            203 64963at91347         -            149   0.00012   19.5  18.5   1   3     0.041       7.4    4.0   1.4    82    99     9    26     1    34 0.76 NC_011094.1_2747 # 2905567 # 2906175 # -1 # ID=1_2747;partial=00;start_type=GTG;rbs_motif=GGAG/GAGG;rbs_spacer=5-10bp;gc_cont=0.573
NC_011094.1:2905567-2906175|- -            203 64963at91347         -            149   0.00012   19.5  18.5   2   3    0.0007      0.13    9.7   7.1    33   101    38    98    27    99 0.73 NC_011094.1_2747 # 2905567 # 2906175 # -1 # ID=1_2747;partial=00;start_type=GTG;rbs_motif=GGAG/GAGG;rbs_spacer=5-10bp;gc_cont=0.573
NC_011094.1:2905567-2906175|- -            203 64963at91347         -            149   0.00012   19.5  18.5   3   3    0.0063       1.1    6.6   0.0    90   118   154   184   131   196 0.71 NC_011094.1_2747 # 2905567 # 2906175 # -1 # ID=1_2747;partial=00;start_type=GTG;rbs_motif=GGAG/GAGG;rbs_spacer=5-10bp;gc_cont=0.573
NC_011094.1:2687549-2688592|+ -            348 64963at91347         -            149   0.00032   18.2   3.0   1   2   5.2e-05    0.0095   13.4   0.6    43   104   227   249   191   276 0.62 NC_011094.1_2561 # 2687549 # 2688592 # 1 # ID=1_2561;partial=00;start_type=ATG;rbs_motif=GGAG/GAGG;rbs_spacer=5-10bp;gc_cont=0.525
NC_011094.1:2687549-2688592|+ -            348 64963at91347         -            149   0.00032   18.2   3.0   2   2     0.031       5.7    4.4   0.1    84    97   311   324   288   344 0.73 NC_011094.1_2561 # 2687549 # 2688592 # 1 # ID=1_2561;partial=00;start_type=ATG;rbs_motif=GGAG/GAGG;rbs_spacer=5-10bp;gc_cont=0.525
NC_011094.1:2689425-2690438|+ -            338 64963at91347         -            149   0.00039   17.9   9.5   1   2   0.00082      0.15    9.5   2.9    54   100   151   195   146   203 0.71 NC_011094.1_2563 # 2689425 # 2690438 # 1 # ID=1_2563;partial=00;start_type=ATG;rbs_motif=AGGAG;rbs_spacer=5-10bp;gc_cont=0.560
NC_011094.1:2689425-2690438|+ -            338 64963at91347         -            149   0.00039   17.9   9.5   2   2     2e-05    0.0037   14.7   7.5    42   105   176   232   167   236 0.82 NC_011094.1_2563 # 2689425 # 2690438 # 1 # ID=1_2563;partial=00;start_type=ATG;rbs_motif=AGGAG;rbs_spacer=5-10bp;gc_cont=0.560
NC_011094.1:4483141-4483875|- -            245 64963at91347         -            149   0.00076   16.9   4.9   1   3       4.8   8.8e+02   -2.7   0.2    83   100    61    78    55    88 0.70 NC_011094.1_4210 # 4483141 # 4483875 # -1 # ID=1_4210;partial=00;start_type=ATG;rbs_motif=AGGAG;rbs_spacer=5-10bp;gc_cont=0.536
NC_011094.1:4483141-4483875|- -            245 64963at91347         -            149   0.00076   16.9   4.9   2   3   7.8e-05     0.014   12.8   0.4    81    98   145   162   137   169 0.87 NC_011094.1_4210 # 4483141 # 4483875 # -1 # ID=1_4210;partial=00;start_type=ATG;rbs_motif=AGGAG;rbs_spacer=5-10bp;gc_cont=0.536
NC_011094.1:4483141-4483875|- -            245 64963at91347         -            149   0.00076   16.9   4.9   3   3     0.011         2    5.9   0.0    84    97   204   217   173   236 0.78 NC_011094.1_4210 # 4483141 # 4483875 # -1 # ID=1_4210;partial=00;start_type=ATG;rbs_motif=AGGAG;rbs_spacer=5-10bp;gc_cont=0.536
NC_011094.1:2589296-2591257|- -            654 64963at91347         -            149   0.00076   16.9   3.8   1   3     0.032       5.9    4.3   1.5    15    62    23    74    19    85 0.67 NC_011094.1_2492 # 2589296 # 2591257 # -1 # ID=1_2492;partial=00;start_type=ATG;rbs_motif=AGxAGG/AGGxGG;rbs_spacer=5-10bp;gc_cont=0.587
NC_011094.1:2589296-2591257|- -            654 64963at91347         -            149   0.00076   16.9   3.8   2   3   4.2e-06   0.00076   16.9   3.8    43   111    84   153    76   165 0.85 NC_011094.1_2492 # 2589296 # 2591257 # -1 # ID=1_2492;partial=00;start_type=ATG;rbs_motif=AGxAGG/AGGxGG;rbs_spacer=5-10bp;gc_cont=0.587
NC_011094.1:2589296-2591257|- -            654 64963at91347         -            149   0.00076   16.9   3.8   3   3      0.11        20    2.6   0.1    82    98   224   243   215   263 0.82 NC_011094.1_2492 # 2589296 # 2591257 # -1 # ID=1_2492;partial=00;start_type=ATG;rbs_motif=AGxAGG/AGGxGG;rbs_spacer=5-10bp;gc_cont=0.587
NC_011094.1:1620290-1621174|- -            295 64963at91347         -            149    0.0013   16.1   2.5   1   2     0.041       7.5    4.0   0.2    44    56    37    49     8    55 0.74 NC_011094.1_1554 # 1620290 # 1621174 # -1 # ID=1_1554;partial=00;start_type=ATG;rbs_motif=GGAGG;rbs_spacer=5-10bp;gc_cont=0.533
NC_011094.1:1620290-1621174|- -            295 64963at91347         -            149    0.0013   16.1   2.5   2   2   7.4e-06    0.0013   16.1   2.5    43   114   130   198   115   207 0.83 NC_011094.1_1554 # 1620290 # 1621174 # -1 # ID=1_1554;partial=00;start_type=ATG;rbs_motif=GGAGG;rbs_spacer=5-10bp;gc_cont=0.533
NC_011094.1:1541252-1541869|- -            206 64963at91347         -            149    0.0018   15.7  13.2   1   3    0.0016      0.28    8.6   0.2    78   107     7    35     3    43 0.82 NC_011094.1_1475 # 1541252 # 1541869 # -1 # ID=1_1475;partial=00;start_type=ATG;rbs_motif=AGGAG;rbs_spacer=5-10bp;gc_cont=0.568
NC_011094.1:1541252-1541869|- -            206 64963at91347         -            149    0.0018   15.7  13.2   2   3     0.042       7.6    4.0   0.2    68   101    49    85    45    93 0.73 NC_011094.1_1475 # 1541252 # 1541869 # -1 # ID=1_1475;partial=00;start_type=ATG;rbs_motif=AGGAG;rbs_spacer=5-10bp;gc_cont=0.568
NC_011094.1:1541252-1541869|- -            206 64963at91347         -            149    0.0018   15.7  13.2   3   3   0.00099      0.18    9.2   2.9    42   104    95   154    87   163 0.80 NC_011094.1_1475 # 1541252 # 1541869 # -1 # ID=1_1475;partial=00;start_type=ATG;rbs_motif=AGGAG;rbs_spacer=5-10bp;gc_cont=0.568
NC_011094.1:1056287-1056904|+ -            206 64963at91347         -            149    0.0025   15.3  13.4   1   3    0.0016      0.28    8.6   0.2    78   107     7    35     3    43 0.82 NC_011094.1_1000 # 1056287 # 1056904 # 1 # ID=1_1000;partial=00;start_type=ATG;rbs_motif=AGGAG;rbs_spacer=5-10bp;gc_cont=0.565
NC_011094.1:1056287-1056904|+ -            206 64963at91347         -            149    0.0025   15.3  13.4   2   3     0.042       7.7    3.9   0.2    68   101    49    85    45    93 0.73 NC_011094.1_1000 # 1056287 # 1056904 # 1 # ID=1_1000;partial=00;start_type=ATG;rbs_motif=AGGAG;rbs_spacer=5-10bp;gc_cont=0.565
NC_011094.1:1056287-1056904|+ -            206 64963at91347         -            149    0.0025   15.3  13.4   3   3    0.0016      0.29    8.5   3.1    43   104    96   154    92   164 0.81 NC_011094.1_1000 # 1056287 # 1056904 # 1 # ID=1_1000;partial=00;start_type=ATG;rbs_motif=AGGAG;rbs_spacer=5-10bp;gc_cont=0.565
NC_011094.1:2897317-2897862|- -            182 64963at91347         -            149    0.0068   13.9  23.7   1   2     0.005      0.91    6.9   8.0    43    99     9    74     2    81 0.74 NC_011094.1_2738 # 2897317 # 2897862 # -1 # ID=1_2738;partial=00;start_type=ATG;rbs_motif=GGAG/GAGG;rbs_spacer=5-10bp;gc_cont=0.560
NC_011094.1:2897317-2897862|- -            182 64963at91347         -            149    0.0068   13.9  23.7   2   2   0.00018     0.033   11.6   7.4    43   107    86   159    77   174 0.69 NC_011094.1_2738 # 2897317 # 2897862 # -1 # ID=1_2738;partial=00;start_type=ATG;rbs_motif=GGAG/GAGG;rbs_spacer=5-10bp;gc_cont=0.560
NC_011094.1:3732213-3732686|- -            158 64963at91347         -            149    0.0097   13.3  23.8   1   3     0.024       4.3    4.8   8.3    44    95    10    70     3    78 0.71 NC_011094.1_3526 # 3732213 # 3732686 # -1 # ID=1_3526;partial=00;start_type=ATG;rbs_motif=AGxAGG/AGGxGG;rbs_spacer=5-10bp;gc_cont=0.612
NC_011094.1:3732213-3732686|- -            158 64963at91347         -            149    0.0097   13.3  23.8   2   3     0.011       2.1    5.8   8.7    44   119    56   123    41   127 0.62 NC_011094.1_3526 # 3732213 # 3732686 # -1 # ID=1_3526;partial=00;start_type=ATG;rbs_motif=AGxAGG/AGGxGG;rbs_spacer=5-10bp;gc_cont=0.612
NC_011094.1:3732213-3732686|- -            158 64963at91347         -            149    0.0097   13.3  23.8   3   3   0.00022     0.041   11.3   7.4    44   106    87   145    76   154 0.71 NC_011094.1_3526 # 3732213 # 3732686 # -1 # ID=1_3526;partial=00;start_type=ATG;rbs_motif=AGxAGG/AGGxGG;rbs_spacer=5-10bp;gc_cont=0.612
NC_011094.1:2722796-2723056|+ -             87 64963at91347         -            149     0.013   12.9   5.5   1   2   7.9e-05     0.014   12.8   2.8    83   105     7    29     3    47 0.78 NC_011094.1_2588 # 2722796 # 2723056 # 1 # ID=1_2588;partial=00;start_type=ATG;rbs_motif=GGA/GAG/AGG;rbs_spacer=5-10bp;gc_cont=0.471
NC_011094.1:2722796-2723056|+ -             87 64963at91347         -            149     0.013   12.9   5.5   2   2      0.18        33    1.9   0.2    50    66    48    64    27    83 0.54 NC_011094.1_2588 # 2722796 # 2723056 # 1 # ID=1_2588;partial=00;start_type=ATG;rbs_motif=GGA/GAG/AGG;rbs_spacer=5-10bp;gc_cont=0.471
NC_011094.1:2664501-2665130|- -            210 64963at91347         -            149     0.016   12.7  14.2   1   4     0.025       4.6    4.7   0.3    43    56    21    34    14    52 0.68 NC_011094.1_2542 # 2664501 # 2665130 # -1 # ID=1_2542;partial=00;start_type=ATG;rbs_motif=GGAGG;rbs_spacer=5-10bp;gc_cont=0.552
NC_011094.1:2664501-2665130|- -            210 64963at91347         -            149     0.016   12.7  14.2   2   4     0.064        12    3.4   0.4    84   101    77    96    60   100 0.71 NC_011094.1_2542 # 2664501 # 2665130 # -1 # ID=1_2542;partial=00;start_type=ATG;rbs_motif=GGAGG;rbs_spacer=5-10bp;gc_cont=0.552
NC_011094.1:2664501-2665130|- -            210 64963at91347         -            149     0.016   12.7  14.2   3   4   0.00018     0.033   11.6   4.7    47   105    76   131    74   150 0.77 NC_011094.1_2542 # 2664501 # 2665130 # -1 # ID=1_2542;partial=00;start_type=ATG;rbs_motif=GGAGG;rbs_spacer=5-10bp;gc_cont=0.552
NC_011094.1:2664501-2665130|- -            210 64963at91347         -            149     0.016   12.7  14.2   4   4   0.00091      0.17    9.4   2.5    44   104   109   130   105   174 0.64 NC_011094.1_2542 # 2664501 # 2665130 # -1 # ID=1_2542;partial=00;start_type=ATG;rbs_motif=GGAGG;rbs_spacer=5-10bp;gc_cont=0.552
NC_011094.1:2117807-2118385|- -            193 64963at91347         -            149     0.018   12.4  18.7   1   3      0.07        13    3.2   8.5    42    59    13    30     7    84 0.52 NC_011094.1_2043 # 2117807 # 2118385 # -1 # ID=1_2043;partial=00;start_type=ATG;rbs_motif=GGAGG;rbs_spacer=5-10bp;gc_cont=0.544
NC_011094.1:2117807-2118385|- -            193 64963at91347         -            149     0.018   12.4  18.7   2   3    0.0024      0.43    8.0   6.1    74   106    85   117    54   125 0.66 NC_011094.1_2043 # 2117807 # 2118385 # -1 # ID=1_2043;partial=00;start_type=ATG;rbs_motif=GGAGG;rbs_spacer=5-10bp;gc_cont=0.544
NC_011094.1:2117807-2118385|- -            193 64963at91347         -            149     0.018   12.4  18.7   3   3    0.0002     0.036   11.5   2.6    43   121    93   171    90   185 0.67 NC_011094.1_2043 # 2117807 # 2118385 # -1 # ID=1_2043;partial=00;start_type=ATG;rbs_motif=GGAGG;rbs_spacer=5-10bp;gc_cont=0.544
NC_011094.1:2398887-2400077|+ -            397 64963at91347         -            149     0.071   10.5   9.1   1   2    0.0029      0.53    7.7   9.1    44    97     7    68     2    77 0.68 NC_011094.1_2310 # 2398887 # 2400077 # 1 # ID=1_2310;partial=00;start_type=ATG;rbs_motif=AGGAG;rbs_spacer=5-10bp;gc_cont=0.540
NC_011094.1:2398887-2400077|+ -            397 64963at91347         -            149     0.071   10.5   9.1   2   2    0.0072       1.3    6.4   0.8    44    59    54    69    37    89 0.70 NC_011094.1_2310 # 2398887 # 2400077 # 1 # ID=1_2310;partial=00;start_type=ATG;rbs_motif=AGGAG;rbs_spacer=5-10bp;gc_cont=0.540
NC_011094.1:2361494-2362189|- -            232 64963at91347         -            149     0.099   10.1  16.2   1   2      0.01       1.9    5.9   5.8    45    93    60   104    52   129 0.60 NC_011094.1_2280 # 2361494 # 2362189 # -1 # ID=1_2280;partial=00;start_type=ATG;rbs_motif=GGA/GAG/AGG;rbs_spacer=11-12bp;gc_cont=0.601
NC_011094.1:2361494-2362189|- -            232 64963at91347         -            149     0.099   10.1  16.2   2   2    0.0015      0.28    8.6   2.5    34    97   132   198   121   217 0.73 NC_011094.1_2280 # 2361494 # 2362189 # -1 # ID=1_2280;partial=00;start_type=ATG;rbs_motif=GGA/GAG/AGG;rbs_spacer=11-12bp;gc_cont=0.601
NC_011094.1:4444921-4445547|+ -            209 64963at91347         -            149      0.37    8.2  11.2   1   4     0.056        10    3.5   0.1    43    57    10    24     4    37 0.73 NC_011094.1_4166 # 4444921 # 4445547 # 1 # ID=1_4166;partial=00;start_type=ATG;rbs_motif=AGGAG;rbs_spacer=5-10bp;gc_cont=0.537
NC_011094.1:4444921-4445547|+ -            209 64963at91347         -            149      0.37    8.2  11.2   2   4     0.062        11    3.4   0.2    71   101    51    84    44    91 0.69 NC_011094.1_4166 # 4444921 # 4445547 # 1 # ID=1_4166;partial=00;start_type=ATG;rbs_motif=AGGAG;rbs_spacer=5-10bp;gc_cont=0.537
NC_011094.1:4444921-4445547|+ -            209 64963at91347         -            149      0.37    8.2  11.2   3   4    0.0074       1.3    6.4   4.5    47   104    64   118    56   126 0.73 NC_011094.1_4166 # 4444921 # 4445547 # 1 # ID=1_4166;partial=00;start_type=ATG;rbs_motif=AGGAG;rbs_spacer=5-10bp;gc_cont=0.537
NC_011094.1:4444921-4445547|+ -            209 64963at91347         -            149      0.37    8.2  11.2   4   4     0.015       2.8    5.4   1.7    83   102    97   116    90   166 0.70 NC_011094.1_4166 # 4444921 # 4445547 # 1 # ID=1_4166;partial=00;start_type=ATG;rbs_motif=AGGAG;rbs_spacer=5-10bp;gc_cont=0.537
NC_011094.1:1712866-1716390|+ -           1175 64963at91347         -            149         1    6.8   9.9   1   1      0.49        89    0.5   9.9    42    99   685   759   668   781 0.61 NC_011094.1_1635 # 1712866 # 1716390 # 1 # ID=1_1635;partial=00;start_type=ATG;rbs_motif=GGA/GAG/AGG;rbs_spacer=5-10bp;gc_cont=0.551
NC_011094.1:4122180-4123082|- -            301 64963at91347         -            149         1    6.8  13.2   1   2      0.11        19    2.7   0.2    83    95    37    49    22    57 0.69 NC_011094.1_3879 # 4122180 # 4123082 # -1 # ID=1_3879;partial=00;start_type=ATG;rbs_motif=GGAG/GAGG;rbs_spacer=5-10bp;gc_cont=0.583
NC_011094.1:4122180-4123082|- -            301 64963at91347         -            149         1    6.8  13.2   2   2   0.00049      0.09   10.2   3.6    43   108   130   192   119   204 0.81 NC_011094.1_3879 # 4122180 # 4123082 # -1 # ID=1_3879;partial=00;start_type=ATG;rbs_motif=GGAG/GAGG;rbs_spacer=5-10bp;gc_cont=0.583
NC_011094.1:1434401-1435135|- -            245 64963at91347         -            149       4.8    4.6  16.6   1   3      0.15        28    2.1   5.3    44    61    51    68    39   116 0.84 NC_011094.1_1364 # 1434401 # 1435135 # -1 # ID=1_1364;partial=00;start_type=ATG;rbs_motif=GGAG/GAGG;rbs_spacer=5-10bp;gc_cont=0.565
NC_011094.1:1434401-1435135|- -            245 64963at91347         -            149       4.8    4.6  16.6   2   3    0.0094       1.7    6.1   4.7    43    60   129   146    97   157 0.81 NC_011094.1_1364 # 1434401 # 1435135 # -1 # ID=1_1364;partial=00;start_type=ATG;rbs_motif=GGAG/GAGG;rbs_spacer=5-10bp;gc_cont=0.565
NC_011094.1:1434401-1435135|- -            245 64963at91347         -            149       4.8    4.6  16.6   3   3    0.0028      0.51    7.8   3.6    43    66   129   152   123   188 0.79 NC_011094.1_1364 # 1434401 # 1435135 # -1 # ID=1_1364;partial=00;start_type=ATG;rbs_motif=GGAG/GAGG;rbs_spacer=5-10bp;gc_cont=0.565
#
# Program:         hmmsearch
# Version:         3.4 (Aug 2023)
# Pipeline mode:   SEARCH
# Query file:      /Users/dizzler/Projects/School/BIOL4600-Capstone/databases/lineages/enterobacterales_odb10/hmms/64963at91347.hmm
# Target file:     /Users/dizzler/Projects/School/BIOL4600-Capstone/reports/busco-results/GCF_000020745.1_ASM2074v1_genomic.fna/prodigal_output/predicted_genes/predicted.faa
# Option settings: hmmsearch --domtblout /Users/dizzler/Projects/School/BIOL4600-Capstone/reports/busco-results/GCF_000020745.1_ASM2074v1_genomic.fna/run_enterobacterales_odb10/hmmer_output/64963at91347.out --cpu 1 /Users/dizzler/Projects/School/BIOL4600-Capstone/databases/lineages/enterobacterales_odb10/hmms/64963at91347.hmm /Users/dizzler/Projects/School/BIOL4600-Capstone/reports/busco-results/GCF_000020745.1_ASM2074v1_genomic.fna/prodigal_output/predicted_genes/predicted.faa 
# Current dir:     /Users/dizzler/Projects/School/BIOL4600-Capstone
# Date:            Wed Feb 25 22:53:27 2026
# [ok]
