#                                                                                     --- full sequence --- -------------- this domain -------------   hmm coord   ali coord   env coord
# target name                 accession   tlen query name           accession   qlen   E-value  score  bias   #  of  c-Evalue  i-Evalue  score  bias  from    to  from    to  from    to  acc description of target
#         ------------------- ---------- ----- -------------------- ---------- ----- --------- ------ ----- --- --- --------- --------- ------ ----- ----- ----- ----- ----- ----- ----- ---- ---------------------
NC_011094.1:3354026-3356704|- -            893 6639at91347          -            664         0 1161.0  34.3   1   3   2.7e-31   1.1e-28   97.8   6.4     1   112     3   125     3   203 0.87 NC_011094.1_3170 # 3354026 # 3356704 # -1 # ID=1_3170;partial=00;start_type=ATG;rbs_motif=AGGA;rbs_spacer=5-10bp;gc_cont=0.554
NC_011094.1:3354026-3356704|- -            893 6639at91347          -            664         0 1161.0  34.3   2   3    0.0014      0.57    6.3   0.2    74   101   225   252   202   266 0.86 NC_011094.1_3170 # 3354026 # 3356704 # -1 # ID=1_3170;partial=00;start_type=ATG;rbs_motif=AGGA;rbs_spacer=5-10bp;gc_cont=0.554
NC_011094.1:3354026-3356704|- -            893 6639at91347          -            664         0 1161.0  34.3   3   3         0         0 1066.2  14.8    97   664   286   887   265   887 0.94 NC_011094.1_3170 # 3354026 # 3356704 # -1 # ID=1_3170;partial=00;start_type=ATG;rbs_motif=AGGA;rbs_spacer=5-10bp;gc_cont=0.554
NC_011094.1:3750320-3752170|- -            617 6639at91347          -            664     4e-21   72.9   0.2   1   1   1.3e-23   5.2e-21   72.5   0.2   196   398     2   213     1   228 0.76 NC_011094.1_3543 # 3750320 # 3752170 # -1 # ID=1_3543;partial=00;start_type=ATG;rbs_motif=AGGA/GGAG/GAGG;rbs_spacer=11-12bp;gc_cont=0.571
NC_011094.1:2727878-2729677|- -            600 6639at91347          -            664   1.1e-17   61.5   0.8   1   1   3.6e-19   1.5e-16   57.7   0.8   198   393     8   223     5   232 0.77 NC_011094.1_2595 # 2727878 # 2729677 # -1 # ID=1_2595;partial=00;start_type=ATG;rbs_motif=None;rbs_spacer=None;gc_cont=0.531
NC_011094.1:3496215-3497399|- -            395 6639at91347          -            664   3.1e-14   50.1   7.5   1   2   1.1e-16   4.6e-14   49.5   3.1   197   310    15   147     5   181 0.71 NC_011094.1_3323 # 3496215 # 3497399 # -1 # ID=1_3323;partial=00;start_type=GTG;rbs_motif=AGGA;rbs_spacer=5-10bp;gc_cont=0.539
NC_011094.1:3496215-3497399|- -            395 6639at91347          -            664   3.1e-14   50.1   7.5   2   2      0.07        29    0.6   0.1   577   643   213   278   201   292 0.78 NC_011094.1_3323 # 3496215 # 3497399 # -1 # ID=1_3323;partial=00;start_type=GTG;rbs_motif=AGGA;rbs_spacer=5-10bp;gc_cont=0.539
NC_011094.1:4227931-4229115|+ -            395 6639at91347          -            664   3.1e-14   50.1   7.5   1   2   1.1e-16   4.6e-14   49.5   3.1   197   310    15   147     5   181 0.71 NC_011094.1_3972 # 4227931 # 4229115 # 1 # ID=1_3972;partial=00;start_type=ATG;rbs_motif=GGAG/GAGG;rbs_spacer=5-10bp;gc_cont=0.538
NC_011094.1:4227931-4229115|+ -            395 6639at91347          -            664   3.1e-14   50.1   7.5   2   2      0.07        29    0.6   0.1   577   643   213   278   201   292 0.78 NC_011094.1_3972 # 4227931 # 4229115 # 1 # ID=1_3972;partial=00;start_type=ATG;rbs_motif=GGAG/GAGG;rbs_spacer=5-10bp;gc_cont=0.538
NC_011094.1:4095721-4097544|+ -            608 6639at91347          -            664   2.2e-12   44.0   1.6   1   1   1.7e-14   7.1e-12   42.3   1.6   197   304     8   133     5   175 0.74 NC_011094.1_3851 # 4095721 # 4097544 # 1 # ID=1_3851;partial=00;start_type=GTG;rbs_motif=GGAG/GAGG;rbs_spacer=5-10bp;gc_cont=0.537
NC_011094.1:2978280-2979719|- -            480 6639at91347          -            664     2e-09   34.2   0.0   1   2      0.63   2.6e+02   -2.5   0.0   608   625    46    63    29    65 0.82 NC_011094.1_2825 # 2978280 # 2979719 # -1 # ID=1_2825;partial=00;start_type=ATG;rbs_motif=AGGAG;rbs_spacer=5-10bp;gc_cont=0.552
NC_011094.1:2978280-2979719|- -            480 6639at91347          -            664     2e-09   34.2   0.0   2   2   1.3e-11   5.4e-09   32.8   0.0   224   340    90   213    77   218 0.79 NC_011094.1_2825 # 2978280 # 2979719 # -1 # ID=1_2825;partial=00;start_type=ATG;rbs_motif=AGGAG;rbs_spacer=5-10bp;gc_cont=0.552
NC_011094.1:3497471-3499585|- -            705 6639at91347          -            664   4.9e-08   29.6   0.0   1   1   2.7e-10   1.1e-07   28.5   0.0   237   307    80   150    71   179 0.91 NC_011094.1_3324 # 3497471 # 3499585 # -1 # ID=1_3324;partial=00;start_type=ATG;rbs_motif=GGAG/GAGG;rbs_spacer=5-10bp;gc_cont=0.518
NC_011094.1:4670300-4671889|+ -            530 6639at91347          -            664   1.3e-07   28.3   0.0   1   1   5.4e-10   2.2e-07   27.4   0.0   226   307    69   150    55   166 0.88 NC_011094.1_4388 # 4670300 # 4671889 # 1 # ID=1_4388;partial=00;start_type=ATG;rbs_motif=AGxAG;rbs_spacer=5-10bp;gc_cont=0.544
NC_011094.1:2653672-2655144|- -            491 6639at91347          -            664   1.6e-06   24.6   0.0   1   2   1.1e-05    0.0046   13.2   0.0   195   349     3   160     1   162 0.77 NC_011094.1_2532 # 2653672 # 2655144 # -1 # ID=1_2532;partial=00;start_type=ATG;rbs_motif=GGAG/GAGG;rbs_spacer=5-10bp;gc_cont=0.547
NC_011094.1:2653672-2655144|- -            491 6639at91347          -            664   1.6e-06   24.6   0.0   2   2   0.00016     0.066    9.4   0.0   260   347   282   368   270   382 0.81 NC_011094.1_2532 # 2653672 # 2655144 # -1 # ID=1_2532;partial=00;start_type=ATG;rbs_motif=GGAG/GAGG;rbs_spacer=5-10bp;gc_cont=0.547
NC_011094.1:2725031-2725936|- -            302 6639at91347          -            664   0.00014   18.2   0.6   1   2   7.9e-07   0.00033   17.0   0.2   194   342     8   164     1   170 0.65 NC_011094.1_2592 # 2725031 # 2725936 # -1 # ID=1_2592;partial=00;start_type=ATG;rbs_motif=GGAG/GAGG;rbs_spacer=5-10bp;gc_cont=0.518
NC_011094.1:2725031-2725936|- -            302 6639at91347          -            664   0.00014   18.2   0.6   2   2      0.26   1.1e+02   -1.2   0.0    49    78   237   266   229   279 0.76 NC_011094.1_2592 # 2725031 # 2725936 # -1 # ID=1_2592;partial=00;start_type=ATG;rbs_motif=GGAG/GAGG;rbs_spacer=5-10bp;gc_cont=0.518
#
# Program:         hmmsearch
# Version:         3.4 (Aug 2023)
# Pipeline mode:   SEARCH
# Query file:      /Users/dizzler/Projects/School/BIOL4600-Capstone/databases/lineages/enterobacterales_odb10/hmms/6639at91347.hmm
# Target file:     /Users/dizzler/Projects/School/BIOL4600-Capstone/reports/busco-results/GCF_000020745.1_ASM2074v1_genomic.fna/prodigal_output/predicted_genes/predicted.faa
# Option settings: hmmsearch --domtblout /Users/dizzler/Projects/School/BIOL4600-Capstone/reports/busco-results/GCF_000020745.1_ASM2074v1_genomic.fna/run_enterobacterales_odb10/hmmer_output/6639at91347.out --cpu 1 /Users/dizzler/Projects/School/BIOL4600-Capstone/databases/lineages/enterobacterales_odb10/hmms/6639at91347.hmm /Users/dizzler/Projects/School/BIOL4600-Capstone/reports/busco-results/GCF_000020745.1_ASM2074v1_genomic.fna/prodigal_output/predicted_genes/predicted.faa 
# Current dir:     /Users/dizzler/Projects/School/BIOL4600-Capstone
# Date:            Wed Feb 25 22:53:27 2026
# [ok]
