#                                                                                     --- full sequence --- -------------- this domain -------------   hmm coord   ali coord   env coord
# target name                 accession   tlen query name           accession   qlen   E-value  score  bias   #  of  c-Evalue  i-Evalue  score  bias  from    to  from    to  from    to  acc description of target
#         ------------------- ---------- ----- -------------------- ---------- ----- --------- ------ ----- --- --- --------- --------- ------ ----- ----- ----- ----- ----- ----- ----- ---- ---------------------
NC_011094.1:1237525-1238259|+ -            245 67620at91347         -            204  4.7e-100  331.4   9.3   1   1  7.9e-100   2.4e-97  322.6   9.3     1   204     6   243     6   243 0.90 NC_011094.1_1170 # 1237525 # 1238259 # 1 # ID=1_1170;partial=00;start_type=ATG;rbs_motif=GGAG/GAGG;rbs_spacer=5-10bp;gc_cont=0.499
NC_011094.1:2558847-2559638|- -            264 67620at91347         -            204   3.9e-47  158.6   0.4   1   2   0.00042      0.13   10.0   0.0     1    21     7    27     7    49 0.89 NC_011094.1_2461 # 2558847 # 2559638 # -1 # ID=1_2461;partial=00;start_type=ATG;rbs_motif=AGGAG;rbs_spacer=5-10bp;gc_cont=0.538
NC_011094.1:2558847-2559638|- -            264 67620at91347         -            204   3.9e-47  158.6   0.4   2   2   5.1e-44   1.5e-41  140.3   0.1    42   202    75   253    56   255 0.86 NC_011094.1_2461 # 2558847 # 2559638 # -1 # ID=1_2461;partial=00;start_type=ATG;rbs_motif=AGGAG;rbs_spacer=5-10bp;gc_cont=0.538
NC_011094.1:4603226-4603990|- -            255 67620at91347         -            204   1.5e-43  147.0   1.2   1   2     0.012       3.7    5.2   0.3     2    23    11    32    10    61 0.68 NC_011094.1_4325 # 4603226 # 4603990 # -1 # ID=1_4325;partial=00;start_type=ATG;rbs_motif=GGA/GAG/AGG;rbs_spacer=5-10bp;gc_cont=0.535
NC_011094.1:4603226-4603990|- -            255 67620at91347         -            204   1.5e-43  147.0   1.2   2   2   4.6e-44   1.4e-41  140.5   0.1    21   203    57   251    46   252 0.88 NC_011094.1_4325 # 4603226 # 4603990 # -1 # ID=1_4325;partial=00;start_type=ATG;rbs_motif=GGA/GAG/AGG;rbs_spacer=5-10bp;gc_cont=0.535
NC_011094.1:3081848-3082609|- -            254 67620at91347         -            204   2.5e-40  136.4   2.4   1   2       0.1        31    2.2   0.1     1    20    11    30    11    47 0.83 NC_011094.1_2908 # 3081848 # 3082609 # -1 # ID=1_2908;partial=00;start_type=ATG;rbs_motif=AGGA;rbs_spacer=5-10bp;gc_cont=0.518
NC_011094.1:3081848-3082609|- -            254 67620at91347         -            204   2.5e-40  136.4   2.4   2   2   6.9e-42   2.1e-39  133.4   0.3    40   202    76   250    48   252 0.87 NC_011094.1_2908 # 3081848 # 3082609 # -1 # ID=1_2908;partial=00;start_type=ATG;rbs_motif=AGGA;rbs_spacer=5-10bp;gc_cont=0.518
NC_011094.1:2288468-2289229|- -            254 67620at91347         -            204   6.4e-39  131.8   0.1   1   2     0.016       4.9    4.8   0.1     1    22     3    24     3    49 0.81 NC_011094.1_2210 # 2288468 # 2289229 # -1 # ID=1_2210;partial=00;start_type=ATG;rbs_motif=GGAG/GAGG;rbs_spacer=5-10bp;gc_cont=0.546
NC_011094.1:2288468-2289229|- -            254 67620at91347         -            204   6.4e-39  131.8   0.1   2   2   2.1e-39   6.3e-37  125.3   0.0    39   203    70   244    38   245 0.88 NC_011094.1_2210 # 2288468 # 2289229 # -1 # ID=1_2210;partial=00;start_type=ATG;rbs_motif=GGAG/GAGG;rbs_spacer=5-10bp;gc_cont=0.546
NC_011094.1:1741172-1741885|+ -            238 67620at91347         -            204   9.5e-32  108.4   0.0   1   1   3.7e-32   1.1e-29  101.6   0.0    14   200    41   233     7   236 0.79 NC_011094.1_1660 # 1741172 # 1741885 # 1 # ID=1_1660;partial=00;start_type=ATG;rbs_motif=AGGA;rbs_spacer=5-10bp;gc_cont=0.576
NC_011094.1:733246-734001|+   -            252 67620at91347         -            204   8.2e-30  102.1   0.2   1   2   3.2e-23   9.6e-21   72.4   0.1     2   162    10   188     9   192 0.81 NC_011094.1_703 # 733246 # 734001 # 1 # ID=1_703;partial=00;start_type=ATG;rbs_motif=None;rbs_spacer=None;gc_cont=0.579
NC_011094.1:733246-734001|+   -            252 67620at91347         -            204   8.2e-30  102.1   0.2   2   2   5.3e-09   1.6e-06   26.0   0.0   164   202   209   247   199   249 0.92 NC_011094.1_703 # 733246 # 734001 # 1 # ID=1_703;partial=00;start_type=ATG;rbs_motif=None;rbs_spacer=None;gc_cont=0.579
NC_011094.1:2887418-2888197|+ -            260 67620at91347         -            204   1.6e-28   97.8   0.0   1   2   3.3e-22     1e-19   69.1   0.0    39   171    71   205    39   215 0.83 NC_011094.1_2730 # 2887418 # 2888197 # 1 # ID=1_2730;partial=00;start_type=ATG;rbs_motif=AGGAG;rbs_spacer=5-10bp;gc_cont=0.550
NC_011094.1:2887418-2888197|+ -            260 67620at91347         -            204   1.6e-28   97.8   0.0   2   2   2.6e-09     8e-07   27.0   0.0   161   204   215   258   205   258 0.92 NC_011094.1_2730 # 2887418 # 2888197 # 1 # ID=1_2730;partial=00;start_type=ATG;rbs_motif=AGGAG;rbs_spacer=5-10bp;gc_cont=0.550
NC_011094.1:3223960-3224844|+ -            295 67620at91347         -            204   3.3e-25   87.0   0.0   1   2     0.024       7.4    4.2   0.1     3    19    52    68    50   106 0.77 NC_011094.1_3048 # 3223960 # 3224844 # 1 # ID=1_3048;partial=00;start_type=ATG;rbs_motif=GGAG/GAGG;rbs_spacer=5-10bp;gc_cont=0.565
NC_011094.1:3223960-3224844|+ -            295 67620at91347         -            204   3.3e-25   87.0   0.0   2   2   1.1e-25   3.5e-23   80.4   0.0    45   203   124   292    93   293 0.84 NC_011094.1_3048 # 3223960 # 3224844 # 1 # ID=1_3048;partial=00;start_type=ATG;rbs_motif=GGAG/GAGG;rbs_spacer=5-10bp;gc_cont=0.565
NC_011094.1:1791748-1792509|+ -            254 67620at91347         -            204   2.6e-23   80.8   0.0   1   2   0.00025     0.074   10.7   0.1     1    38    13    53    13    72 0.76 NC_011094.1_1708 # 1791748 # 1792509 # 1 # ID=1_1708;partial=00;start_type=ATG;rbs_motif=AGGAG;rbs_spacer=5-10bp;gc_cont=0.566
NC_011094.1:1791748-1792509|+ -            254 67620at91347         -            204   2.6e-23   80.8   0.0   2   2   5.5e-22   1.7e-19   68.4   0.0    41   199    84   244    70   248 0.87 NC_011094.1_1708 # 1791748 # 1792509 # 1 # ID=1_1708;partial=00;start_type=ATG;rbs_motif=AGGAG;rbs_spacer=5-10bp;gc_cont=0.566
NC_011092.1:51717-52580|+     -            288 67620at91347         -            204   7.5e-23   79.3   0.0   1   2     0.029       8.8    4.0   0.0     2    36    10    47     9    56 0.74 NC_011092.1_51 # 51717 # 52580 # 1 # ID=2_51;partial=00;start_type=ATG;rbs_motif=AGGAG;rbs_spacer=5-10bp;gc_cont=0.440
NC_011092.1:51717-52580|+     -            288 67620at91347         -            204   7.5e-23   79.3   0.0   2   2   1.6e-23   4.9e-21   73.4   0.0    36   174    69   208    59   216 0.91 NC_011092.1_51 # 51717 # 52580 # 1 # ID=2_51;partial=00;start_type=ATG;rbs_motif=AGGAG;rbs_spacer=5-10bp;gc_cont=0.440
NC_011094.1:1556264-1557010|- -            249 67620at91347         -            204   7.8e-23   79.3   0.1   1   2    0.0002      0.06   11.1   0.0     2    37     2    40     1    44 0.87 NC_011094.1_1489 # 1556264 # 1557010 # -1 # ID=1_1489;partial=00;start_type=ATG;rbs_motif=GGAG/GAGG;rbs_spacer=5-10bp;gc_cont=0.533
NC_011094.1:1556264-1557010|- -            249 67620at91347         -            204   7.8e-23   79.3   0.1   2   2   1.3e-21     4e-19   67.1   0.0    16   155    40   181    38   221 0.87 NC_011094.1_1489 # 1556264 # 1557010 # -1 # ID=1_1489;partial=00;start_type=ATG;rbs_motif=GGAG/GAGG;rbs_spacer=5-10bp;gc_cont=0.533
NC_011094.1:573167-573937|-   -            257 67620at91347         -            204   9.9e-18   62.6   0.0   1   1   8.3e-19   2.5e-16   58.0   0.0    53   165    78   190     3   205 0.87 NC_011094.1_507 # 573167 # 573937 # -1 # ID=1_507;partial=00;start_type=ATG;rbs_motif=GGA/GAG/AGG;rbs_spacer=5-10bp;gc_cont=0.542
NC_011094.1:1769522-1770310|+ -            263 67620at91347         -            204   6.6e-08   30.5   0.1   1   1   3.5e-10   1.1e-07   29.8   0.1   123   202   161   251   118   253 0.84 NC_011094.1_1688 # 1769522 # 1770310 # 1 # ID=1_1688;partial=00;start_type=ATG;rbs_motif=AGGA;rbs_spacer=5-10bp;gc_cont=0.539
NC_011094.1:589755-590621|-   -            289 67620at91347         -            204     0.021   12.5   0.0   1   1   0.00017      0.05   11.3   0.0   130   192   191   257   182   263 0.87 NC_011094.1_526 # 589755 # 590621 # -1 # ID=1_526;partial=00;start_type=ATG;rbs_motif=GGA/GAG/AGG;rbs_spacer=11-12bp;gc_cont=0.547
#
# Program:         hmmsearch
# Version:         3.4 (Aug 2023)
# Pipeline mode:   SEARCH
# Query file:      /Users/dizzler/Projects/School/BIOL4600-Capstone/databases/lineages/enterobacterales_odb10/hmms/67620at91347.hmm
# Target file:     /Users/dizzler/Projects/School/BIOL4600-Capstone/reports/busco-results/GCF_000020745.1_ASM2074v1_genomic.fna/prodigal_output/predicted_genes/predicted.faa
# Option settings: hmmsearch --domtblout /Users/dizzler/Projects/School/BIOL4600-Capstone/reports/busco-results/GCF_000020745.1_ASM2074v1_genomic.fna/run_enterobacterales_odb10/hmmer_output/67620at91347.out --cpu 1 /Users/dizzler/Projects/School/BIOL4600-Capstone/databases/lineages/enterobacterales_odb10/hmms/67620at91347.hmm /Users/dizzler/Projects/School/BIOL4600-Capstone/reports/busco-results/GCF_000020745.1_ASM2074v1_genomic.fna/prodigal_output/predicted_genes/predicted.faa 
# Current dir:     /Users/dizzler/Projects/School/BIOL4600-Capstone
# Date:            Wed Feb 25 22:53:26 2026
# [ok]
