#                                                                                     --- full sequence --- -------------- this domain -------------   hmm coord   ali coord   env coord
# target name                 accession   tlen query name           accession   qlen   E-value  score  bias   #  of  c-Evalue  i-Evalue  score  bias  from    to  from    to  from    to  acc description of target
#         ------------------- ---------- ----- -------------------- ---------- ----- --------- ------ ----- --- --- --------- --------- ------ ----- ----- ----- ----- ----- ----- ----- ---- ---------------------
NC_011094.1:3363822-3365765|- -            648 6839at91347          -            506  1.2e-294  975.5   6.8   1   1  1.2e-294  6.9e-292  966.3   6.8     1   506     6   598     6   598 0.93 NC_011094.1_3177 # 3363822 # 3365765 # -1 # ID=1_3177;partial=00;start_type=TTG;rbs_motif=GGAG/GAGG;rbs_spacer=5-10bp;gc_cont=0.560
NC_011094.1:387675-388658|+   -            328 6839at91347          -            506   1.2e-22   78.1   0.0   1   1   2.8e-25   1.6e-22   77.8   0.0    92   313    85   304    66   324 0.81 NC_011094.1_340 # 387675 # 388658 # 1 # ID=1_340;partial=00;start_type=ATG;rbs_motif=AGGA;rbs_spacer=5-10bp;gc_cont=0.339
NC_011094.1:4176201-4177532|- -            444 6839at91347          -            506     1e-08   32.2   0.1   1   2   2.5e-10   1.4e-07   28.4   0.0    99   189    16   110     2   117 0.78 NC_011094.1_3935 # 4176201 # 4177532 # -1 # ID=1_3935;partial=00;start_type=ATG;rbs_motif=AGGA;rbs_spacer=5-10bp;gc_cont=0.530
NC_011094.1:4176201-4177532|- -            444 6839at91347          -            506     1e-08   32.2   0.1   2   2     0.032        18    1.7   0.0   192   218   251   275   180   312 0.80 NC_011094.1_3935 # 4176201 # 4177532 # -1 # ID=1_3935;partial=00;start_type=ATG;rbs_motif=AGGA;rbs_spacer=5-10bp;gc_cont=0.530
NC_011094.1:512209-513480|+   -            424 6839at91347          -            506   2.8e-08   30.8   0.0   1   1   7.4e-11   4.2e-08   30.2   0.0    89   206    66   193    53   214 0.73 NC_011094.1_451 # 512209 # 513480 # 1 # ID=1_451;partial=00;start_type=ATG;rbs_motif=GGAG/GAGG;rbs_spacer=5-10bp;gc_cont=0.529
NC_011094.1:1050700-1052043|+ -            448 6839at91347          -            506    0.0011   15.6   0.0   1   1   2.6e-06    0.0015   15.1   0.0   134   203    53   119    44   197 0.83 NC_011094.1_997 # 1050700 # 1052043 # 1 # ID=1_997;partial=00;start_type=GTG;rbs_motif=GGAG/GAGG;rbs_spacer=5-10bp;gc_cont=0.569
NC_011094.1:1967617-1968627|- -            337 6839at91347          -            506    0.0021   14.6   0.0   1   1   6.2e-06    0.0035   13.9   0.0   130   164    54    88    29   104 0.89 NC_011094.1_1883 # 1967617 # 1968627 # -1 # ID=1_1883;partial=00;start_type=ATG;rbs_motif=GGAG/GAGG;rbs_spacer=5-10bp;gc_cont=0.575
NC_011094.1:513666-516020|+   -            785 6839at91347          -            506      0.01   12.4   0.0   1   1   2.9e-05     0.017   11.7   0.0   112   153   333   371   305   384 0.83 NC_011094.1_452 # 513666 # 516020 # 1 # ID=1_452;partial=00;start_type=ATG;rbs_motif=GGA/GAG/AGG;rbs_spacer=5-10bp;gc_cont=0.540
NC_011094.1:3982900-3984420|- -            507 6839at91347          -            506     0.015   11.9   0.2   1   1     4e-05     0.023   11.3   0.2   133   153   212   232   196   235 0.88 NC_011094.1_3755 # 3982900 # 3984420 # -1 # ID=1_3755;partial=00;start_type=ATG;rbs_motif=AGGAGG;rbs_spacer=3-4bp;gc_cont=0.524
#
# Program:         hmmsearch
# Version:         3.4 (Aug 2023)
# Pipeline mode:   SEARCH
# Query file:      /Users/dizzler/Projects/School/BIOL4600-Capstone/databases/lineages/enterobacterales_odb10/hmms/6839at91347.hmm
# Target file:     /Users/dizzler/Projects/School/BIOL4600-Capstone/reports/busco-results/GCF_000020745.1_ASM2074v1_genomic.fna/prodigal_output/predicted_genes/predicted.faa
# Option settings: hmmsearch --domtblout /Users/dizzler/Projects/School/BIOL4600-Capstone/reports/busco-results/GCF_000020745.1_ASM2074v1_genomic.fna/run_enterobacterales_odb10/hmmer_output/6839at91347.out --cpu 1 /Users/dizzler/Projects/School/BIOL4600-Capstone/databases/lineages/enterobacterales_odb10/hmms/6839at91347.hmm /Users/dizzler/Projects/School/BIOL4600-Capstone/reports/busco-results/GCF_000020745.1_ASM2074v1_genomic.fna/prodigal_output/predicted_genes/predicted.faa 
# Current dir:     /Users/dizzler/Projects/School/BIOL4600-Capstone
# Date:            Wed Feb 25 22:53:26 2026
# [ok]
