#                                                                                     --- full sequence --- -------------- this domain -------------   hmm coord   ali coord   env coord
# target name                 accession   tlen query name           accession   qlen   E-value  score  bias   #  of  c-Evalue  i-Evalue  score  bias  from    to  from    to  from    to  acc description of target
#         ------------------- ---------- ----- -------------------- ---------- ----- --------- ------ ----- --- --- --------- --------- ------ ----- ----- ----- ----- ----- ----- ----- ---- ---------------------
NC_011094.1:1848523-1849356|- -            278 70738at91347         -            220   1.6e-88  293.7   0.0   1   1   5.5e-91   3.6e-88  292.6   0.0     6   220    18   274    13   274 0.91 NC_011094.1_1762 # 1848523 # 1849356 # -1 # ID=1_1762;partial=00;start_type=ATG;rbs_motif=AGxAGG/AGGxGG;rbs_spacer=3-4bp;gc_cont=0.584
NC_011094.1:2498369-2499301|- -            311 70738at91347         -            220   2.9e-22   77.1   0.0   1   1   7.3e-25   4.7e-22   76.4   0.0    36   184    75   244    58   248 0.82 NC_011094.1_2406 # 2498369 # 2499301 # -1 # ID=1_2406;partial=00;start_type=GTG;rbs_motif=GGAGG;rbs_spacer=5-10bp;gc_cont=0.536
NC_011094.1:4667550-4668578|- -            343 70738at91347         -            220     1e-07   29.5   0.0   1   1   2.7e-10   1.7e-07   28.8   0.0    87   153   200   273   195   287 0.77 NC_011094.1_4384 # 4667550 # 4668578 # -1 # ID=1_4384;partial=00;start_type=ATG;rbs_motif=AGGAG;rbs_spacer=5-10bp;gc_cont=0.574
NC_011094.1:2734650-2735387|- -            246 70738at91347         -            220   1.1e-07   29.4   0.0   1   1   3.2e-10   2.1e-07   28.5   0.0    86   154    47   128    42   154 0.71 NC_011094.1_2601 # 2734650 # 2735387 # -1 # ID=1_2601;partial=00;start_type=ATG;rbs_motif=GGA/GAG/AGG;rbs_spacer=5-10bp;gc_cont=0.533
NC_011094.1:3295881-3297017|- -            379 70738at91347         -            220   3.9e-05   21.1   0.0   1   1   1.3e-07   8.3e-05   20.0   0.0    87   165   232   320   228   326 0.73 NC_011094.1_3112 # 3295881 # 3297017 # -1 # ID=1_3112;partial=00;start_type=ATG;rbs_motif=AGGAGG;rbs_spacer=3-4bp;gc_cont=0.535
NC_011094.1:2088046-2088624|- -            193 70738at91347         -            220     0.022   12.1   0.0   1   1   4.6e-05      0.03   11.7   0.0    86   115    34    63    27    88 0.81 NC_011094.1_2009 # 2088046 # 2088624 # -1 # ID=1_2009;partial=00;start_type=ATG;rbs_motif=None;rbs_spacer=None;gc_cont=0.566
NC_011094.1:1129652-1130863|- -            404 70738at91347         -            220     0.024   12.0   0.0   1   1   7.5e-05     0.049   11.0   0.0    77   183   221   330   218   337 0.70 NC_011094.1_1058 # 1129652 # 1130863 # -1 # ID=1_1058;partial=00;start_type=ATG;rbs_motif=GGAG/GAGG;rbs_spacer=5-10bp;gc_cont=0.540
#
# Program:         hmmsearch
# Version:         3.4 (Aug 2023)
# Pipeline mode:   SEARCH
# Query file:      /Users/dizzler/Projects/School/BIOL4600-Capstone/databases/lineages/enterobacterales_odb10/hmms/70738at91347.hmm
# Target file:     /Users/dizzler/Projects/School/BIOL4600-Capstone/reports/busco-results/GCF_000020745.1_ASM2074v1_genomic.fna/prodigal_output/predicted_genes/predicted.faa
# Option settings: hmmsearch --domtblout /Users/dizzler/Projects/School/BIOL4600-Capstone/reports/busco-results/GCF_000020745.1_ASM2074v1_genomic.fna/run_enterobacterales_odb10/hmmer_output/70738at91347.out --cpu 1 /Users/dizzler/Projects/School/BIOL4600-Capstone/databases/lineages/enterobacterales_odb10/hmms/70738at91347.hmm /Users/dizzler/Projects/School/BIOL4600-Capstone/reports/busco-results/GCF_000020745.1_ASM2074v1_genomic.fna/prodigal_output/predicted_genes/predicted.faa 
# Current dir:     /Users/dizzler/Projects/School/BIOL4600-Capstone
# Date:            Wed Feb 25 22:53:26 2026
# [ok]
