#                                                                                     --- full sequence --- -------------- this domain -------------   hmm coord   ali coord   env coord
# target name                 accession   tlen query name           accession   qlen   E-value  score  bias   #  of  c-Evalue  i-Evalue  score  bias  from    to  from    to  from    to  acc description of target
#         ------------------- ---------- ----- -------------------- ---------- ----- --------- ------ ----- --- --- --------- --------- ------ ----- ----- ----- ----- ----- ----- ----- ---- ---------------------
NC_011094.1:4087589-4088221|- -            211 78786at91347         -            172   6.4e-81  268.0   0.0   1   1   2.1e-83   7.8e-81  267.7   0.0     1   172     9   197     9   197 0.93 NC_011094.1_3843 # 4087589 # 4088221 # -1 # ID=1_3843;partial=00;start_type=TTG;rbs_motif=GGAG/GAGG;rbs_spacer=5-10bp;gc_cont=0.523
NC_011094.1:2653672-2655144|- -            491 78786at91347         -            172     7e-09   33.5   0.1   1   2   1.5e-05    0.0057   14.3   0.0    21    55     5    38     3   130 0.83 NC_011094.1_2532 # 2653672 # 2655144 # -1 # ID=1_2532;partial=00;start_type=ATG;rbs_motif=GGAG/GAGG;rbs_spacer=5-10bp;gc_cont=0.547
NC_011094.1:2653672-2655144|- -            491 78786at91347         -            172     7e-09   33.5   0.1   2   2   5.2e-06     0.002   15.8   0.1    16   143   200   337   191   372 0.66 NC_011094.1_2532 # 2653672 # 2655144 # -1 # ID=1_2532;partial=00;start_type=ATG;rbs_motif=GGAG/GAGG;rbs_spacer=5-10bp;gc_cont=0.547
NC_011094.1:3928541-3929905|+ -            455 78786at91347         -            172   4.7e-05   21.1   0.0   1   1   2.7e-07    0.0001   20.0   0.0    16    55   214   252   205   279 0.85 NC_011094.1_3709 # 3928541 # 3929905 # 1 # ID=1_3709;partial=00;start_type=ATG;rbs_motif=GGA/GAG/AGG;rbs_spacer=5-10bp;gc_cont=0.598
NC_011094.1:2725031-2725936|- -            302 78786at91347         -            172   5.9e-05   20.7   0.3   1   1     3e-07   0.00011   19.8   0.3    21    61    11    52     2   172 0.63 NC_011094.1_2592 # 2725031 # 2725936 # -1 # ID=1_2592;partial=00;start_type=ATG;rbs_motif=GGAG/GAGG;rbs_spacer=5-10bp;gc_cont=0.518
NC_011094.1:4504238-4505518|+ -            427 78786at91347         -            172   0.00049   17.7   0.1   1   2       1.2   4.5e+02   -1.7   0.0   110   142   162   194   160   201 0.81 NC_011094.1_4226 # 4504238 # 4505518 # 1 # ID=1_4226;partial=00;start_type=TTG;rbs_motif=GGAG/GAGG;rbs_spacer=5-10bp;gc_cont=0.541
NC_011094.1:4504238-4505518|+ -            427 78786at91347         -            172   0.00049   17.7   0.1   2   2   7.6e-06    0.0029   15.2   0.0    20   168   199   357   188   361 0.64 NC_011094.1_4226 # 4504238 # 4505518 # 1 # ID=1_4226;partial=00;start_type=TTG;rbs_motif=GGAG/GAGG;rbs_spacer=5-10bp;gc_cont=0.541
NC_011094.1:4493153-4494205|- -            351 78786at91347         -            172   0.00094   16.8   1.1   1   2    0.0051       1.9    6.0   0.0    97   168   126   205   120   209 0.71 NC_011094.1_4216 # 4493153 # 4494205 # -1 # ID=1_4216;partial=00;start_type=TTG;rbs_motif=AGGAG;rbs_spacer=5-10bp;gc_cont=0.533
NC_011094.1:4493153-4494205|- -            351 78786at91347         -            172   0.00094   16.8   1.1   2   2   0.00037      0.14    9.8   0.2    23    40   212   229   206   270 0.75 NC_011094.1_4216 # 4493153 # 4494205 # -1 # ID=1_4216;partial=00;start_type=TTG;rbs_motif=AGGAG;rbs_spacer=5-10bp;gc_cont=0.533
NC_011094.1:2824692-2828348|+ -           1219 78786at91347         -            172    0.0034   15.0   0.0   1   2     0.013       4.9    4.7   0.0    14    39   363   388   355   391 0.84 NC_011094.1_2671 # 2824692 # 2828348 # 1 # ID=1_2671;partial=00;start_type=ATG;rbs_motif=AGGAGG;rbs_spacer=3-4bp;gc_cont=0.593
NC_011094.1:2824692-2828348|+ -           1219 78786at91347         -            172    0.0034   15.0   0.0   2   2    0.0017      0.66    7.6   0.0    16    39   992  1015   982  1018 0.84 NC_011094.1_2671 # 2824692 # 2828348 # 1 # ID=1_2671;partial=00;start_type=ATG;rbs_motif=AGGAGG;rbs_spacer=3-4bp;gc_cont=0.593
NC_011094.1:2578415-2578894|- -            160 78786at91347         -            172     0.024   12.2   0.0   1   1   0.00012     0.045   11.3   0.0    21    49     4    32     1    36 0.91 NC_011094.1_2483 # 2578415 # 2578894 # -1 # ID=1_2483;partial=00;start_type=ATG;rbs_motif=GGxGG;rbs_spacer=5-10bp;gc_cont=0.510
NC_011094.1:123352-124059|-   -            236 78786at91347         -            172     0.028   12.0   0.0   1   1   0.00012     0.047   11.3   0.0    13    39    20    46    11    53 0.88 NC_011094.1_103 # 123352 # 124059 # -1 # ID=1_103;partial=00;start_type=ATG;rbs_motif=None;rbs_spacer=None;gc_cont=0.578
NC_011094.1:1030127-1032073|+ -            649 78786at91347         -            172     0.033   11.8   0.0   1   1   0.00016     0.062   10.9   0.0    13    39    29    55    21    72 0.80 NC_011094.1_982 # 1030127 # 1032073 # 1 # ID=1_982;partial=00;start_type=ATG;rbs_motif=AGGAG;rbs_spacer=5-10bp;gc_cont=0.543
NC_011094.1:3507746-3509653|+ -            636 78786at91347         -            172     0.034   11.7   0.1   1   2     0.011       4.1    5.0   0.0    13    43    22    52    13    69 0.80 NC_011094.1_3337 # 3507746 # 3509653 # 1 # ID=1_3337;partial=00;start_type=ATG;rbs_motif=None;rbs_spacer=None;gc_cont=0.575
NC_011094.1:3507746-3509653|+ -            636 78786at91347         -            172     0.034   11.7   0.1   2   2     0.019       7.4    4.1   0.0    15    39   335   359   327   363 0.84 NC_011094.1_3337 # 3507746 # 3509653 # 1 # ID=1_3337;partial=00;start_type=ATG;rbs_motif=None;rbs_spacer=None;gc_cont=0.575
NC_011094.1:574677-575363|+   -            229 78786at91347         -            172     0.043   11.4   0.0   1   1   0.00024      0.09   10.4   0.0    12    39    30    57    22    61 0.85 NC_011094.1_509 # 574677 # 575363 # 1 # ID=1_509;partial=00;start_type=ATG;rbs_motif=AGGA;rbs_spacer=5-10bp;gc_cont=0.588
#
# Program:         hmmsearch
# Version:         3.4 (Aug 2023)
# Pipeline mode:   SEARCH
# Query file:      /Users/dizzler/Projects/School/BIOL4600-Capstone/databases/lineages/enterobacterales_odb10/hmms/78786at91347.hmm
# Target file:     /Users/dizzler/Projects/School/BIOL4600-Capstone/reports/busco-results/GCF_000020745.1_ASM2074v1_genomic.fna/prodigal_output/predicted_genes/predicted.faa
# Option settings: hmmsearch --domtblout /Users/dizzler/Projects/School/BIOL4600-Capstone/reports/busco-results/GCF_000020745.1_ASM2074v1_genomic.fna/run_enterobacterales_odb10/hmmer_output/78786at91347.out --cpu 1 /Users/dizzler/Projects/School/BIOL4600-Capstone/databases/lineages/enterobacterales_odb10/hmms/78786at91347.hmm /Users/dizzler/Projects/School/BIOL4600-Capstone/reports/busco-results/GCF_000020745.1_ASM2074v1_genomic.fna/prodigal_output/predicted_genes/predicted.faa 
# Current dir:     /Users/dizzler/Projects/School/BIOL4600-Capstone
# Date:            Wed Feb 25 22:53:27 2026
# [ok]
