#                                                                                     --- full sequence --- -------------- this domain -------------   hmm coord   ali coord   env coord
# target name                 accession   tlen query name           accession   qlen   E-value  score  bias   #  of  c-Evalue  i-Evalue  score  bias  from    to  from    to  from    to  acc description of target
#         ------------------- ---------- ----- -------------------- ---------- ----- --------- ------ ----- --- --- --------- --------- ------ ----- ----- ----- ----- ----- ----- ----- ---- ---------------------
NC_011094.1:3448300-3448770|+ -            157 86613at91347         -            110   3.1e-58  192.5   1.0   1   2   8.1e-18   9.2e-15   52.6   0.0     1    56     1    57     1    63 0.87 NC_011094.1_3262 # 3448300 # 3448770 # 1 # ID=1_3262;partial=00;start_type=ATG;rbs_motif=GGA/GAG/AGG;rbs_spacer=5-10bp;gc_cont=0.524
NC_011094.1:3448300-3448770|+ -            157 86613at91347         -            110   3.1e-58  192.5   1.0   2   2   1.1e-44   1.3e-41  139.0   0.2    34   110    79   156    71   156 0.97 NC_011094.1_3262 # 3448300 # 3448770 # 1 # ID=1_3262;partial=00;start_type=ATG;rbs_motif=GGA/GAG/AGG;rbs_spacer=5-10bp;gc_cont=0.524
NC_011094.1:64866-66635|-     -            590 86613at91347         -            110   2.5e-09   35.1   0.3   1   2       0.4   4.5e+02   -1.1   0.0    28    92   168   229   155   235 0.61 NC_011094.1_54 # 64866 # 66635 # -1 # ID=1_54;partial=00;start_type=ATG;rbs_motif=GGAGG;rbs_spacer=5-10bp;gc_cont=0.634
NC_011094.1:64866-66635|-     -            590 86613at91347         -            110   2.5e-09   35.1   0.3   2   2   9.7e-12   1.1e-08   33.0   0.1    61   109   539   588   521   589 0.88 NC_011094.1_54 # 64866 # 66635 # -1 # ID=1_54;partial=00;start_type=ATG;rbs_motif=GGAGG;rbs_spacer=5-10bp;gc_cont=0.634
NC_011094.1:3418264-3420033|- -            590 86613at91347         -            110   4.2e-09   34.4   0.4   1   2       1.1   1.3e+03   -2.6   0.0    72    92   209   229   161   234 0.69 NC_011094.1_3235 # 3418264 # 3420033 # -1 # ID=1_3235;partial=00;start_type=ATG;rbs_motif=GGAGG;rbs_spacer=5-10bp;gc_cont=0.638
NC_011094.1:3418264-3420033|- -            590 86613at91347         -            110   4.2e-09   34.4   0.4   2   2   9.7e-12   1.1e-08   33.0   0.1    61   109   539   588   521   589 0.88 NC_011094.1_3235 # 3418264 # 3420033 # -1 # ID=1_3235;partial=00;start_type=ATG;rbs_motif=GGAGG;rbs_spacer=5-10bp;gc_cont=0.638
NC_011094.1:178805-180691|+   -            629 86613at91347         -            110   1.2e-08   32.9  13.6   1   3   1.5e-05     0.017   13.1   0.7    56   108    20    73    11    75 0.87 NC_011094.1_150 # 178805 # 180691 # 1 # ID=1_150;partial=00;start_type=ATG;rbs_motif=GGAG/GAGG;rbs_spacer=5-10bp;gc_cont=0.560
NC_011094.1:178805-180691|+   -            629 86613at91347         -            110   1.2e-08   32.9  13.6   2   3   1.5e-05     0.017   13.1   0.5    55   109   122   177   115   178 0.88 NC_011094.1_150 # 178805 # 180691 # 1 # ID=1_150;partial=00;start_type=ATG;rbs_motif=GGAG/GAGG;rbs_spacer=5-10bp;gc_cont=0.560
NC_011094.1:178805-180691|+   -            629 86613at91347         -            110   1.2e-08   32.9  13.6   3   3     8e-06    0.0091   14.0   0.7    55   109   222   277   217   278 0.88 NC_011094.1_150 # 178805 # 180691 # 1 # ID=1_150;partial=00;start_type=ATG;rbs_motif=GGAG/GAGG;rbs_spacer=5-10bp;gc_cont=0.560
#
# Program:         hmmsearch
# Version:         3.4 (Aug 2023)
# Pipeline mode:   SEARCH
# Query file:      /Users/dizzler/Projects/School/BIOL4600-Capstone/databases/lineages/enterobacterales_odb10/hmms/86613at91347.hmm
# Target file:     /Users/dizzler/Projects/School/BIOL4600-Capstone/reports/busco-results/GCF_000020745.1_ASM2074v1_genomic.fna/prodigal_output/predicted_genes/predicted.faa
# Option settings: hmmsearch --domtblout /Users/dizzler/Projects/School/BIOL4600-Capstone/reports/busco-results/GCF_000020745.1_ASM2074v1_genomic.fna/run_enterobacterales_odb10/hmmer_output/86613at91347.out --cpu 1 /Users/dizzler/Projects/School/BIOL4600-Capstone/databases/lineages/enterobacterales_odb10/hmms/86613at91347.hmm /Users/dizzler/Projects/School/BIOL4600-Capstone/reports/busco-results/GCF_000020745.1_ASM2074v1_genomic.fna/prodigal_output/predicted_genes/predicted.faa 
# Current dir:     /Users/dizzler/Projects/School/BIOL4600-Capstone
# Date:            Wed Feb 25 22:53:28 2026
# [ok]
