#                                                                                     --- full sequence --- -------------- this domain -------------   hmm coord   ali coord   env coord
# target name                 accession   tlen query name           accession   qlen   E-value  score  bias   #  of  c-Evalue  i-Evalue  score  bias  from    to  from    to  from    to  acc description of target
#         ------------------- ---------- ----- -------------------- ---------- ----- --------- ------ ----- --- --- --------- --------- ------ ----- ----- ----- ----- ----- ----- ----- ---- ---------------------
NC_011094.1:2547422-2547679|+ -             86 92978at91347         -             67   3.4e-38  127.4   3.9   1   1   5.1e-39   5.8e-36  120.3   3.9     1    67     1    84     1    84 0.93 NC_011094.1_2448 # 2547422 # 2547679 # 1 # ID=1_2448;partial=00;start_type=ATG;rbs_motif=GGA/GAG/AGG;rbs_spacer=5-10bp;gc_cont=0.512
NC_011094.1:3861262-3861531|- -             90 92978at91347         -             67     4e-07   27.9   0.2   1   2   4.8e-09   5.5e-06   24.2   0.0     1    33     1    33     1    38 0.94 NC_011094.1_3646 # 3861262 # 3861531 # -1 # ID=1_3646;partial=00;start_type=ATG;rbs_motif=AGGA;rbs_spacer=5-10bp;gc_cont=0.396
NC_011094.1:3861262-3861531|- -             90 92978at91347         -             67     4e-07   27.9   0.2   2   2     0.042        47    2.0   0.0    40    60    57    77    47    83 0.81 NC_011094.1_3646 # 3861262 # 3861531 # -1 # ID=1_3646;partial=00;start_type=ATG;rbs_motif=AGGA;rbs_spacer=5-10bp;gc_cont=0.396
NC_011094.1:2326690-2327820|- -            377 92978at91347         -             67   7.4e-05   20.6   0.2   1   3       1.8   2.1e+03   -3.3   0.0    30    39   161   170   159   173 0.80 NC_011094.1_2244 # 2326690 # 2327820 # -1 # ID=1_2244;partial=00;start_type=ATG;rbs_motif=AGGAG;rbs_spacer=5-10bp;gc_cont=0.564
NC_011094.1:2326690-2327820|- -            377 92978at91347         -             67   7.4e-05   20.6   0.2   2   3     2e-05     0.023   12.6   0.0     5    30   289   314   285   323 0.90 NC_011094.1_2244 # 2326690 # 2327820 # -1 # ID=1_2244;partial=00;start_type=ATG;rbs_motif=AGGAG;rbs_spacer=5-10bp;gc_cont=0.564
NC_011094.1:2326690-2327820|- -            377 92978at91347         -             67   7.4e-05   20.6   0.2   3   3    0.0045       5.1    5.1   0.0    31    60   332   364   327   370 0.81 NC_011094.1_2244 # 2326690 # 2327820 # -1 # ID=1_2244;partial=00;start_type=ATG;rbs_motif=AGGAG;rbs_spacer=5-10bp;gc_cont=0.564
NC_011094.1:3386791-3387063|+ -             91 92978at91347         -             67   0.00044   18.1   0.2   1   2   6.8e-06    0.0078   14.1   0.0     3    29     4    30     2    38 0.84 NC_011094.1_3206 # 3386791 # 3387063 # 1 # ID=1_3206;partial=00;start_type=ATG;rbs_motif=GGA/GAG/AGG;rbs_spacer=11-12bp;gc_cont=0.531
NC_011094.1:3386791-3387063|+ -             91 92978at91347         -             67   0.00044   18.1   0.2   2   2     0.035        40    2.2   0.1    43    64    62    83    43    85 0.80 NC_011094.1_3206 # 3386791 # 3387063 # 1 # ID=1_3206;partial=00;start_type=ATG;rbs_motif=GGA/GAG/AGG;rbs_spacer=11-12bp;gc_cont=0.531
#
# Program:         hmmsearch
# Version:         3.4 (Aug 2023)
# Pipeline mode:   SEARCH
# Query file:      /Users/dizzler/Projects/School/BIOL4600-Capstone/databases/lineages/enterobacterales_odb10/hmms/92978at91347.hmm
# Target file:     /Users/dizzler/Projects/School/BIOL4600-Capstone/reports/busco-results/GCF_000020745.1_ASM2074v1_genomic.fna/prodigal_output/predicted_genes/predicted.faa
# Option settings: hmmsearch --domtblout /Users/dizzler/Projects/School/BIOL4600-Capstone/reports/busco-results/GCF_000020745.1_ASM2074v1_genomic.fna/run_enterobacterales_odb10/hmmer_output/92978at91347.out --cpu 1 /Users/dizzler/Projects/School/BIOL4600-Capstone/databases/lineages/enterobacterales_odb10/hmms/92978at91347.hmm /Users/dizzler/Projects/School/BIOL4600-Capstone/reports/busco-results/GCF_000020745.1_ASM2074v1_genomic.fna/prodigal_output/predicted_genes/predicted.faa 
# Current dir:     /Users/dizzler/Projects/School/BIOL4600-Capstone
# Date:            Wed Feb 25 22:53:27 2026
# [ok]
